I1211 02:28:51.180950 12615 containerizer.cpp:682] Checkpointing executor's forked pid 12861 to '/var/lib/mesos/slave/meta/slaves/20151211-022803-50331658-5050-13228-S1/frameworks/20151211-003753-50331658-5050-7178-0000/executors/thermos-1449800086875-www-data-devel-job400-0-9bcd516b-409d-49c5-ac92-1f2c1c1219f0/runs/aaeaa086-a758-4dbc-808c-fc783f02cec7/pids/forked.pid'
I1211 02:28:51.190680 12617 slave.cpp:1378] Queuing task '1449800086875-www-data-devel-job400-0-9bcd516b-409d-49c5-ac92-1f2c1c1219f0' for executor thermos-1449800086875-www-data-devel-job400-0-9bcd516b-409d-49c5-ac92-1f2c1c1219f0 of framework '20151211-003753-50331658-5050-7178-0000
I1211 02:28:51.199589 12615 fetcher.cpp:238] Fetching URIs using command '/usr/libexec/mesos/mesos-fetcher'
I1211 02:28:51.350426 12615 slave.cpp:3135] Monitoring executor 'thermos-1449800086875-www-data-devel-job400-0-9bcd516b-409d-49c5-ac92-1f2c1c1219f0' of framework '20151211-003753-50331658-5050-7178-0000' in container 'aaeaa086-a758-4dbc-808c-fc783f02cec7'
I1211 02:28:51.452919 12615 containerizer.cpp:1111] Executor for container 'aaeaa086-a758-4dbc-808c-fc783f02cec7' has exited
I1211 02:28:51.452975 12615 containerizer.cpp:906] Destroying container 'aaeaa086-a758-4dbc-808c-fc783f02cec7'
I1211 02:28:51.453708 12615 slave.cpp:3193] Executor 'thermos-1449800086875-www-data-devel-job400-0-9bcd516b-409d-49c5-ac92-1f2c1c1219f0' of framework 20151211-003753-50331658-5050-7178-0000 exited with status 0
I1211 02:28:51.454243 12615 slave.cpp:2508] Handling status update TASK_LOST (UUID: 9088aa41-3847-4a8b-a5bb-e77dad8b6b27) for task 1449800086875-www-data-devel-job400-0-9bcd516b-409d-49c5-ac92-1f2c1c1219f0 of framework 20151211-003753-50331658-5050-7178-0000 from @0.0.0.0:0
W1211 02:28:51.454360 12615 containerizer.cpp:802] Ignoring update for unknown container: aaeaa086-a758-4dbc-808c-fc783f02cec7
I1211 02:28:51.454423 12615 status_update_manager.cpp:317] Received status update TASK_LOST (UUID: 9088aa41-3847-4a8b-a5bb-e77dad8b6b27) for task 1449800086875-www-data-devel-job400-0-9bcd516b-409d-49c5-ac92-1f2c1c1219f0 of framework 20151211-003753-50331658-5050-7178-0000
I1211 02:28:51.454766 12615 status_update_manager.hpp:346] Checkpointing UPDATE for status update TASK_LOST (UUID: 9088aa41-3847-4a8b-a5bb-e77dad8b6b27) for task 1449800086875-www-data-devel-job400-0-9bcd516b-409d-49c5-ac92-1f2c1c1219f0 of framework 20151211-003753-50331658-5050-7178-0000
I1211 02:28:51.457077 12614 slave.cpp:2753] Forwarding the update TASK_LOST (UUID: 9088aa41-3847-4a8b-a5bb-e77dad8b6b27) for task 1449800086875-www-data-devel-job400-0-9bcd516b-409d-49c5-ac92-1f2c1c1219f0 of framework 20151211-003753-50331658-5050-7178-0000 to master@10.0.0.3:5050
I1211 02:28:51.491544 12616 slave.cpp:1558] Asked to kill task 1449800086875-www-data-devel-job400-0-9bcd516b-409d-49c5-ac92-1f2c1c1219f0 of framework 20151211-003753-50331658-5050-7178-0000
W1211 02:28:51.491578 12616 slave.cpp:1683] Ignoring kill task 1449800086875-www-data-devel-job400-0-9bcd516b-409d-49c5-ac92-1f2c1c1219f0 of framework 20151211-003753-50331658-5050-7178-0000 because the executor 'thermos-1449800086875-www-data-devel-job400-0-9bcd516b-409d-49c5-ac92-1f2c1c1219f0' is terminating/terminated
I1211 02:28:51.504916 12616 status_update_manager.cpp:389] Received status update acknowledgement (UUID: 9088aa41-3847-4a8b-a5bb-e77dad8b6b27) for task 1449800086875-www-data-devel-job400-0-9bcd516b-409d-49c5-ac92-1f2c1c1219f0 of framework 20151211-003753-50331658-5050-7178-0000
I1211 02:28:51.504986 12616 status_update_manager.hpp:346] Checkpointing ACK for status update TASK_LOST (UUID: 9088aa41-3847-4a8b-a5bb-e77dad8b6b27) for task 1449800086875-www-data-devel-job400-0-9bcd516b-409d-49c5-ac92-1f2c1c1219f0 of framework 20151211-003753-50331658-5050-7178-0000
I1211 02:28:51.507197 12616 slave.cpp:3302] Cleaning up executor 'thermos-1449800086875-www-data-devel-job400-0-9bcd516b-409d-49c5-ac92-1f2c1c1219f0' of framework 20151211-003753-50331658-5050-7178-0000
I1211 02:28:51.507426 12616 slave.cpp:3381] Cleaning up framework 20151211-003753-50331658-5050-7178-0000
I1211 02:28:51.507524 12616 status_update_manager.cpp:279] Closing status update streams for framework 20151211-003753-50331658-5050-7178-0000
I1211 02:28:51.507457 12613 gc.cpp:56] Scheduling '/var/lib/mesos/slave/slaves/20151211-022803-50331658-5050-13228-S1/frameworks/20151211-003753-50331658-5050-7178-0000/executors/thermos-1449800086875-www-data-devel-job400-0-9bcd516b-409d-49c5-ac92-1f2c1c1219f0/runs/aaeaa086-a758-4dbc-808c-fc783f02cec7' for gc 6.99999412777778days in the future
I1211 02:28:51.507555 12613 gc.cpp:56] Scheduling '/var/lib/mesos/slave/slaves/20151211-022803-50331658-5050-13228-S1/frameworks/20151211-003753-50331658-5050-7178-0000/executors/thermos-1449800086875-www-data-devel-job400-0-9bcd516b-409d-49c5-ac92-1f2c1c1219f0' for gc 6.99999412746667days in the future
I1211 02:28:51.507570 12613 gc.cpp:56] Scheduling '/var/lib/mesos/slave/meta/slaves/20151211-022803-50331658-5050-13228-S1/frameworks/20151211-003753-50331658-5050-7178-0000/executors/thermos-1449800086875-www-data-devel-job400-0-9bcd516b-409d-49c5-ac92-1f2c1c1219f0/runs/aaeaa086-a758-4dbc-808c-fc783f02cec7' for gc 6.99999412726815days in the future
I1211 02:28:51.507580 12613 gc.cpp:56] Scheduling '/var/lib/mesos/slave/meta/slaves/20151211-022803-50331658-5050-13228-S1/frameworks/20151211-003753-50331658-5050-7178-0000/executors/thermos-1449800086875-www-data-devel-job400-0-9bcd516b-409d-49c5-ac92-1f2c1c1219f0' for gc 6.99999412711704days in the future
I1211 02:28:51.507591 12613 gc.cpp:56] Scheduling '/var/lib/mesos/slave/slaves/20151211-022803-50331658-5050-13228-S1/frameworks/20151211-003753-50331658-5050-7178-0000' for gc 6.99999412612148days in the future
I1211 02:28:51.507601 12613 gc.cpp:56] Scheduling '/var/lib/mesos/slave/meta/slaves/20151211-022803-50331658-5050-13228-S1/frameworks/20151211-003753-50331658-5050-7178-0000' for gc 6.99999412595852days in the future
I1211 02:29:00.543054 12611 slave.cpp:1121] Got assigned task 1449800940495-www-data-devel-job13-0-3f8babe2-9b9d-4ee1-8a22-7003b20639b4 for framework 20151211-003753-50331658-5050-7178-0000
I1211 02:29:00.543658 12611 gc.cpp:84] Unscheduling '/var/lib/mesos/slave/slaves/20151211-022803-50331658-5050-13228-S1/frameworks/20151211-003753-50331658-5050-7178-0000' from gc
I1211 02:29:00.543766 12611 gc.cpp:84] Unscheduling '/var/lib/mesos/slave/meta/slaves/20151211-022803-50331658-5050-13228-S1/frameworks/20151211-003753-50331658-5050-7178-0000' from gc
I1211 02:29:00.543802 12611 slave.cpp:1231] Launching task 1449800940495-www-data-devel-job13-0-3f8babe2-9b9d-4ee1-8a22-7003b20639b4 for framework 20151211-003753-50331658-5050-7178-0000
I1211 02:29:00.544831 12611 slave.cpp:4160] Launching executor thermos-1449800940495-www-data-devel-job13-0-3f8babe2-9b9d-4ee1-8a22-7003b20639b4 of framework 20151211-003753-50331658-5050-7178-0000 in work directory '/var/lib/mesos/slave/slaves/20151211-022803-50331658-5050-13228-S1/frameworks/20151211-003753-50331658-5050-7178-0000/executors/thermos-1449800940495-www-data-devel-job13-0-3f8babe2-9b9d-4ee1-8a22-7003b20639b4/runs/effa86d8-6f7b-4ab2-93fe-034c5d5d5750'
I1211 02:29:00.545099 12617 containerizer.cpp:472] Starting container 'effa86d8-6f7b-4ab2-93fe-034c5d5d5750' for executor 'thermos-1449800940495-www-data-devel-job13-0-3f8babe2-9b9d-4ee1-8a22-7003b20639b4' of framework '20151211-003753-50331658-5050-7178-0000'
I1211 02:29:00.545825 12617 launcher.cpp:130] Forked child with pid '12871' for container 'effa86d8-6f7b-4ab2-93fe-034c5d5d5750'
I1211 02:29:00.545982 12617 containerizer.cpp:682] Checkpointing executor's forked pid 12871 to '/var/lib/mesos/slave/meta/slaves/20151211-022803-50331658-5050-13228-S1/frameworks/20151211-003753-50331658-5050-7178-0000/executors/thermos-1449800940495-www-data-devel-job13-0-3f8babe2-9b9d-4ee1-8a22-7003b20639b4/runs/effa86d8-6f7b-4ab2-93fe-034c5d5d5750/pids/forked.pid'
I1211 02:29:00.562988 12611 slave.cpp:1378] Queuing task '1449800940495-www-data-devel-job13-0-3f8babe2-9b9d-4ee1-8a22-7003b20639b4' for executor thermos-1449800940495-www-data-devel-job13-0-3f8babe2-9b9d-4ee1-8a22-7003b20639b4 of framework '20151211-003753-50331658-5050-7178-0000
I1211 02:29:00.570376 12612 fetcher.cpp:238] Fetching URIs using command '/usr/libexec/mesos/mesos-fetcher'
I1211 02:29:00.747684 12612 slave.cpp:3135] Monitoring executor 'thermos-1449800940495-www-data-devel-job13-0-3f8babe2-9b9d-4ee1-8a22-7003b20639b4' of framework '20151211-003753-50331658-5050-7178-0000' in container 'effa86d8-6f7b-4ab2-93fe-034c5d5d5750'
I1211 02:29:00.851503 12612 containerizer.cpp:1111] Executor for container 'effa86d8-6f7b-4ab2-93fe-034c5d5d5750' has exited
I1211 02:29:00.851622 12612 containerizer.cpp:906] Destroying container 'effa86d8-6f7b-4ab2-93fe-034c5d5d5750'
I1211 02:29:00.852545 12612 slave.cpp:3193] Executor 'thermos-1449800940495-www-data-devel-job13-0-3f8babe2-9b9d-4ee1-8a22-7003b20639b4' of framework 20151211-003753-50331658-5050-7178-0000 exited with status 0
I1211 02:29:00.853221 12612 slave.cpp:2508] Handling status update TASK_LOST (UUID: 09123492-452b-414f-872c-2e628764ff13) for task 1449800940495-www-data-devel-job13-0-3f8babe2-9b9d-4ee1-8a22-7003b20639b4 of framework 20151211-003753-50331658-5050-7178-0000 from @0.0.0.0:0
W1211 02:29:00.853395 12615 containerizer.cpp:802] Ignoring update for unknown container: effa86d8-6f7b-4ab2-93fe-034c5d5d5750
I1211 02:29:00.853948 12616 status_update_manager.cpp:317] Received status update TASK_LOST (UUID: 09123492-452b-414f-872c-2e628764ff13) for task 1449800940495-www-data-devel-job13-0-3f8babe2-9b9d-4ee1-8a22-7003b20639b4 of framework 20151211-003753-50331658-5050-7178-0000
I1211 02:29:00.854148 12616 status_update_manager.hpp:346] Checkpointing UPDATE for status update TASK_LOST (UUID: 09123492-452b-414f-872c-2e628764ff13) for task 1449800940495-www-data-devel-job13-0-3f8babe2-9b9d-4ee1-8a22-7003b20639b4 of framework 20151211-003753-50331658-5050-7178-0000
I1211 02:29:00.858283 12616 slave.cpp:2753] Forwarding the update TASK_LOST (UUID: 09123492-452b-414f-872c-2e628764ff13) for task 1449800940495-www-data-devel-job13-0-3f8babe2-9b9d-4ee1-8a22-7003b20639b4 of framework 20151211-003753-50331658-5050-7178-0000 to master@10.0.0.3:5050
I1211 02:29:00.880282 12610 slave.cpp:1558] Asked to kill task 1449800940495-www-data-devel-job13-0-3f8babe2-9b9d-4ee1-8a22-7003b20639b4 of framework 20151211-003753-50331658-5050-7178-0000
W1211 02:29:00.880317 12610 slave.cpp:1683] Ignoring kill task 1449800940495-www-data-devel-job13-0-3f8babe2-9b9d-4ee1-8a22-7003b20639b4 of framework 20151211-003753-50331658-5050-7178-0000 because the executor 'thermos-1449800940495-www-data-devel-job13-0-3f8babe2-9b9d-4ee1-8a22-7003b20639b4' is terminating/terminated
I1211 02:29:00.896198 12610 status_update_manager.cpp:389] Received status update acknowledgement (UUID: 09123492-452b-414f-872c-2e628764ff13) for task 1449800940495-www-data-devel-job13-0-3f8babe2-9b9d-4ee1-8a22-7003b20639b4 of framework 20151211-003753-50331658-5050-7178-0000
I1211 02:29:00.896239 12610 status_update_manager.hpp:346] Checkpointing ACK for status update TASK_LOST (UUID: 09123492-452b-414f-872c-2e628764ff13) for task 1449800940495-www-data-devel-job13-0-3f8babe2-9b9d-4ee1-8a22-7003b20639b4 of framework 20151211-003753-50331658-5050-7178-0000
I1211 02:29:00.898283 12610 slave.cpp:3302] Cleaning up executor 'thermos-1449800940495-www-data-devel-job13-0-3f8babe2-9b9d-4ee1-8a22-7003b20639b4' of framework 20151211-003753-50331658-5050-7178-0000
I1211 02:29:00.898511 12610 slave.cpp:3381] Cleaning up framework 20151211-003753-50331658-5050-7178-0000
I1211 02:29:00.898594 12610 status_update_manager.cpp:279] Closing status update streams for framework 20151211-003753-50331658-5050-7178-0000
I1211 02:29:00.898537 12613 gc.cpp:56] Scheduling '/var/lib/mesos/slave/slaves/20151211-022803-50331658-5050-13228-S1/frameworks/20151211-003753-50331658-5050-7178-0000/executors/thermos-1449800940495-www-data-devel-job13-0-3f8babe2-9b9d-4ee1-8a22-7003b20639b4/runs/effa86d8-6f7b-4ab2-93fe-034c5d5d5750' for gc 6.99998960135407days in the future
I1211 02:29:00.898622 12613 gc.cpp:56] Scheduling '/var/lib/mesos/slave/slaves/20151211-022803-50331658-5050-13228-S1/frameworks/20151211-003753-50331658-5050-7178-0000/executors/thermos-1449800940495-www-data-devel-job13-0-3f8babe2-9b9d-4ee1-8a22-7003b20639b4' for gc 6.99998960099556days in the future
I1211 02:29:00.898634 12613 gc.cpp:56] Scheduling '/var/lib/mesos/slave/meta/slaves/20151211-022803-50331658-5050-13228-S1/frameworks/20151211-003753-50331658-5050-7178-0000/executors/thermos-1449800940495-www-data-devel-job13-0-3f8babe2-9b9d-4ee1-8a22-7003b20639b4/runs/effa86d8-6f7b-4ab2-93fe-034c5d5d5750' for gc 6.99998960078519days in the future
I1211 02:29:00.898645 12613 gc.cpp:56] Scheduling '/var/lib/mesos/slave/meta/slaves/20151211-022803-50331658-5050-13228-S1/frameworks/20151211-003753-50331658-5050-7178-0000/executors/thermos-1449800940495-www-data-devel-job13-0-3f8babe2-9b9d-4ee1-8a22-7003b20639b4' for gc 6.99998960062519days in the future
I1211 02:29:00.898658 12613 gc.cpp:56] Scheduling '/var/lib/mesos/slave/slaves/20151211-022803-50331658-5050-13228-S1/frameworks/20151211-003753-50331658-5050-7178-0000' for gc 6.99998959985185days in the future
I1211 02:29:00.898672 12613 gc.cpp:56] Scheduling '/var/lib/mesos/slave/meta/slaves/20151211-022803-50331658-5050-13228-S1/frameworks/20151211-003753-50331658-5050-7178-0000' for gc 6.99998959970963days in the future
I1211 02:29:01.745278 12616 slave.cpp:1121] Got assigned task 1449800941709-www-data-devel-job8-0-f1c2f77d-dde4-45fc-82e0-6f3d6187e0fd for framework 20151211-003753-50331658-5050-7178-0000
I1211 02:29:01.745949 12616 gc.cpp:84] Unscheduling '/var/lib/mesos/slave/slaves/20151211-022803-50331658-5050-13228-S1/frameworks/20151211-003753-50331658-5050-7178-0000' from gc
I1211 02:29:01.746172 12616 gc.cpp:84] Unscheduling '/var/lib/mesos/slave/meta/slaves/20151211-022803-50331658-5050-13228-S1/frameworks/20151211-003753-50331658-5050-7178-0000' from gc
I1211 02:29:01.746239 12615 slave.cpp:1231] Launching task 1449800941709-www-data-devel-job8-0-f1c2f77d-dde4-45fc-82e0-6f3d6187e0fd for framework 20151211-003753-50331658-5050-7178-0000
I1211 02:29:01.747213 12615 slave.cpp:4160] Launching executor thermos-1449800941709-www-data-devel-job8-0-f1c2f77d-dde4-45fc-82e0-6f3d6187e0fd of framework 20151211-003753-50331658-5050-7178-0000 in work directory '/var/lib/mesos/slave/slaves/20151211-022803-50331658-5050-13228-S1/frameworks/20151211-003753-50331658-5050-7178-0000/executors/thermos-1449800941709-www-data-devel-job8-0-f1c2f77d-dde4-45fc-82e0-6f3d6187e0fd/runs/d516004f-48c8-4b08-aaa4-db3638b6aa77'
I1211 02:29:01.747571 12615 slave.cpp:1378] Queuing task '1449800941709-www-data-devel-job8-0-f1c2f77d-dde4-45fc-82e0-6f3d6187e0fd' for executor thermos-1449800941709-www-data-devel-job8-0-f1c2f77d-dde4-45fc-82e0-6f3d6187e0fd of framework '20151211-003753-50331658-5050-7178-0000
I1211 02:29:01.747653 12615 containerizer.cpp:472] Starting container 'd516004f-48c8-4b08-aaa4-db3638b6aa77' for executor 'thermos-1449800941709-www-data-devel-job8-0-f1c2f77d-dde4-45fc-82e0-6f3d6187e0fd' of framework '20151211-003753-50331658-5050-7178-0000'
I1211 02:29:01.748447 12615 launcher.cpp:130] Forked child with pid '12881' for container 'd516004f-48c8-4b08-aaa4-db3638b6aa77'
I1211 02:29:01.751204 12615 containerizer.cpp:682] Checkpointing executor's forked pid 12881 to '/var/lib/mesos/slave/meta/slaves/20151211-022803-50331658-5050-13228-S1/frameworks/20151211-003753-50331658-5050-7178-0000/executors/thermos-1449800941709-www-data-devel-job8-0-f1c2f77d-dde4-45fc-82e0-6f3d6187e0fd/runs/d516004f-48c8-4b08-aaa4-db3638b6aa77/pids/forked.pid'
I1211 02:29:01.778458 12615 fetcher.cpp:238] Fetching URIs using command '/usr/libexec/mesos/mesos-fetcher'
I1211 02:29:01.874886 12615 slave.cpp:3135] Monitoring executor 'thermos-1449800941709-www-data-devel-job8-0-f1c2f77d-dde4-45fc-82e0-6f3d6187e0fd' of framework '20151211-003753-50331658-5050-7178-0000' in container 'd516004f-48c8-4b08-aaa4-db3638b6aa77'
I1211 02:29:01.976691 12615 containerizer.cpp:1111] Executor for container 'd516004f-48c8-4b08-aaa4-db3638b6aa77' has exited
I1211 02:29:01.976743 12615 containerizer.cpp:906] Destroying container 'd516004f-48c8-4b08-aaa4-db3638b6aa77'
I1211 02:29:01.977435 12615 slave.cpp:3193] Executor 'thermos-1449800941709-www-data-devel-job8-0-f1c2f77d-dde4-45fc-82e0-6f3d6187e0fd' of framework 20151211-003753-50331658-5050-7178-0000 exited with status 0
I1211 02:29:01.977967 12615 slave.cpp:2508] Handling status update TASK_LOST (UUID: f7cdd046-71a7-488a-8d4d-6888071f9286) for task 1449800941709-www-data-devel-job8-0-f1c2f77d-dde4-45fc-82e0-6f3d6187e0fd of framework 20151211-003753-50331658-5050-7178-0000 from @0.0.0.0:0
W1211 02:29:01.978075 12615 containerizer.cpp:802] Ignoring update for unknown container: d516004f-48c8-4b08-aaa4-db3638b6aa77
I1211 02:29:01.978133 12615 status_update_manager.cpp:317] Received status update TASK_LOST (UUID: f7cdd046-71a7-488a-8d4d-6888071f9286) for task 1449800941709-www-data-devel-job8-0-f1c2f77d-dde4-45fc-82e0-6f3d6187e0fd of framework 20151211-003753-50331658-5050-7178-0000
I1211 02:29:01.978314 12615 status_update_manager.hpp:346] Checkpointing UPDATE for status update TASK_LOST (UUID: f7cdd046-71a7-488a-8d4d-6888071f9286) for task 1449800941709-www-data-devel-job8-0-f1c2f77d-dde4-45fc-82e0-6f3d6187e0fd of framework 20151211-003753-50331658-5050-7178-0000
I1211 02:29:01.981417 12610 slave.cpp:2753] Forwarding the update TASK_LOST (UUID: f7cdd046-71a7-488a-8d4d-6888071f9286) for task 1449800941709-www-data-devel-job8-0-f1c2f77d-dde4-45fc-82e0-6f3d6187e0fd of framework 20151211-003753-50331658-5050-7178-0000 to master@10.0.0.3:5050
I1211 02:29:01.997454 12611 slave.cpp:1558] Asked to kill task 1449800941709-www-data-devel-job8-0-f1c2f77d-dde4-45fc-82e0-6f3d6187e0fd of framework 20151211-003753-50331658-5050-7178-0000
W1211 02:29:01.997498 12611 slave.cpp:1683] Ignoring kill task 1449800941709-www-data-devel-job8-0-f1c2f77d-dde4-45fc-82e0-6f3d6187e0fd of framework 20151211-003753-50331658-5050-7178-0000 because the executor 'thermos-1449800941709-www-data-devel-job8-0-f1c2f77d-dde4-45fc-82e0-6f3d6187e0fd' is terminating/terminated
I1211 02:29:02.018522 12613 status_update_manager.cpp:389] Received status update acknowledgement (UUID: f7cdd046-71a7-488a-8d4d-6888071f9286) for task 1449800941709-www-data-devel-job8-0-f1c2f77d-dde4-45fc-82e0-6f3d6187e0fd of framework 20151211-003753-50331658-5050-7178-0000
I1211 02:29:02.018563 12613 status_update_manager.hpp:346] Checkpointing ACK for status update TASK_LOST (UUID: f7cdd046-71a7-488a-8d4d-6888071f9286) for task 1449800941709-www-data-devel-job8-0-f1c2f77d-dde4-45fc-82e0-6f3d6187e0fd of framework 20151211-003753-50331658-5050-7178-0000
I1211 02:29:02.020932 12613 slave.cpp:3302] Cleaning up executor 'thermos-1449800941709-www-data-devel-job8-0-f1c2f77d-dde4-45fc-82e0-6f3d6187e0fd' of framework 20151211-003753-50331658-5050-7178-0000
I1211 02:29:02.021164 12613 slave.cpp:3381] Cleaning up framework 20151211-003753-50331658-5050-7178-0000
I1211 02:29:02.021215 12613 gc.cpp:56] Scheduling '/var/lib/mesos/slave/slaves/20151211-022803-50331658-5050-13228-S1/frameworks/20151211-003753-50331658-5050-7178-0000/executors/thermos-1449800941709-www-data-devel-job8-0-f1c2f77d-dde4-45fc-82e0-6f3d6187e0fd/runs/d516004f-48c8-4b08-aaa4-db3638b6aa77' for gc 6.99999975586963days in the future
I1211 02:29:02.021240 12613 gc.cpp:56] Scheduling '/var/lib/mesos/slave/slaves/20151211-022803-50331658-5050-13228-S1/frameworks/20151211-003753-50331658-5050-7178-0000/executors/thermos-1449800941709-www-data-devel-job8-0-f1c2f77d-dde4-45fc-82e0-6f3d6187e0fd' for gc 6.99999975548444days in the future
I1211 02:29:02.021287 12613 gc.cpp:56] Scheduling '/var/lib/mesos/slave/meta/slaves/20151211-022803-50331658-5050-13228-S1/frameworks/20151211-003753-50331658-5050-7178-0000/executors/thermos-1449800941709-www-data-devel-job8-0-f1c2f77d-dde4-45fc-82e0-6f3d6187e0fd/runs/d516004f-48c8-4b08-aaa4-db3638b6aa77' for gc 6.99999975528days in the future
I1211 02:29:02.021306 12613 gc.cpp:56] Scheduling '/var/lib/mesos/slave/meta/slaves/20151211-022803-50331658-5050-13228-S1/frameworks/20151211-003753-50331658-5050-7178-0000/executors/thermos-1449800941709-www-data-devel-job8-0-f1c2f77d-dde4-45fc-82e0-6f3d6187e0fd' for gc 6.99999975511704days in the future
I1211 02:29:02.021318 12613 gc.cpp:56] Scheduling '/var/lib/mesos/slave/slaves/20151211-022803-50331658-5050-13228-S1/frameworks/20151211-003753-50331658-5050-7178-0000' for gc 6.99999975471111days in the future
I1211 02:29:02.021328 12613 gc.cpp:56] Scheduling '/var/lib/mesos/slave/meta/slaves/20151211-022803-50331658-5050-13228-S1/frameworks/20151211-003753-50331658-5050-7178-0000' for gc 6.99999975456days in the future
I1211 02:29:02.021263 12612 status_update_manager.cpp:279] Closing status update streams for framework 20151211-003753-50331658-5050-7178-0000
I1211 02:29:17.395325 12612 slave.cpp:1121] Got assigned task 1449799773025-www-data-devel-job11-0-75f1ea14-63fc-425c-a9ef-0d1d4d9f7fba for framework 20151211-003753-50331658-5050-7178-0000
I1211 02:29:17.396201 12612 gc.cpp:84] Unscheduling '/var/lib/mesos/slave/slaves/20151211-022803-50331658-5050-13228-S1/frameworks/20151211-003753-50331658-5050-7178-0000' from gc
I1211 02:29:17.396405 12612 gc.cpp:84] Unscheduling '/var/lib/mesos/slave/meta/slaves/20151211-022803-50331658-5050-13228-S1/frameworks/20151211-003753-50331658-5050-7178-0000' from gc
I1211 02:29:17.396447 12612 slave.cpp:1231] Launching task 1449799773025-www-data-devel-job11-0-75f1ea14-63fc-425c-a9ef-0d1d4d9f7fba for framework 20151211-003753-50331658-5050-7178-0000
I1211 02:29:17.397486 12612 slave.cpp:4160] Launching executor thermos-1449799773025-www-data-devel-job11-0-75f1ea14-63fc-425c-a9ef-0d1d4d9f7fba of framework 20151211-003753-50331658-5050-7178-0000 in work directory '/var/lib/mesos/slave/slaves/20151211-022803-50331658-5050-13228-S1/frameworks/20151211-003753-50331658-5050-7178-0000/executors/thermos-1449799773025-www-data-devel-job11-0-75f1ea14-63fc-425c-a9ef-0d1d4d9f7fba/runs/1f4c9e1c-40a5-4c82-a184-38823afcedf0'
I1211 02:29:17.397647 12610 containerizer.cpp:472] Starting container '1f4c9e1c-40a5-4c82-a184-38823afcedf0' for executor 'thermos-1449799773025-www-data-devel-job11-0-75f1ea14-63fc-425c-a9ef-0d1d4d9f7fba' of framework '20151211-003753-50331658-5050-7178-0000'
I1211 02:29:17.398510 12610 launcher.cpp:130] Forked child with pid '12891' for container '1f4c9e1c-40a5-4c82-a184-38823afcedf0'
I1211 02:29:17.400568 12610 containerizer.cpp:682] Checkpointing executor's forked pid 12891 to '/var/lib/mesos/slave/meta/slaves/20151211-022803-50331658-5050-13228-S1/frameworks/20151211-003753-50331658-5050-7178-0000/executors/thermos-1449799773025-www-data-devel-job11-0-75f1ea14-63fc-425c-a9ef-0d1d4d9f7fba/runs/1f4c9e1c-40a5-4c82-a184-38823afcedf0/pids/forked.pid'
I1211 02:29:17.402489 12612 slave.cpp:1378] Queuing task '1449799773025-www-data-devel-job11-0-75f1ea14-63fc-425c-a9ef-0d1d4d9f7fba' for executor thermos-1449799773025-www-data-devel-job11-0-75f1ea14-63fc-425c-a9ef-0d1d4d9f7fba of framework '20151211-003753-50331658-5050-7178-0000
I1211 02:29:17.431434 12611 fetcher.cpp:238] Fetching URIs using command '/usr/libexec/mesos/mesos-fetcher'
I1211 02:29:17.548396 12611 slave.cpp:3135] Monitoring executor 'thermos-1449799773025-www-data-devel-job11-0-75f1ea14-63fc-425c-a9ef-0d1d4d9f7fba' of framework '20151211-003753-50331658-5050-7178-0000' in container '1f4c9e1c-40a5-4c82-a184-38823afcedf0'
I1211 02:29:17.651738 12611 containerizer.cpp:1111] Executor for container '1f4c9e1c-40a5-4c82-a184-38823afcedf0' has exited
I1211 02:29:17.651840 12611 containerizer.cpp:906] Destroying container '1f4c9e1c-40a5-4c82-a184-38823afcedf0'
I1211 02:29:17.652554 12611 slave.cpp:3193] Executor 'thermos-1449799773025-www-data-devel-job11-0-75f1ea14-63fc-425c-a9ef-0d1d4d9f7fba' of framework 20151211-003753-50331658-5050-7178-0000 exited with status 0
I1211 02:29:17.653260 12611 slave.cpp:2508] Handling status update TASK_LOST (UUID: 469e3821-ad65-4fa7-9835-57e40ea891fc) for task 1449799773025-www-data-devel-job11-0-75f1ea14-63fc-425c-a9ef-0d1d4d9f7fba of framework 20151211-003753-50331658-5050-7178-0000 from @0.0.0.0:0
W1211 02:29:17.653360 12615 containerizer.cpp:802] Ignoring update for unknown container: 1f4c9e1c-40a5-4c82-a184-38823afcedf0
I1211 02:29:17.653620 12610 status_update_manager.cpp:317] Received status update TASK_LOST (UUID: 469e3821-ad65-4fa7-9835-57e40ea891fc) for task 1449799773025-www-data-devel-job11-0-75f1ea14-63fc-425c-a9ef-0d1d4d9f7fba of framework 20151211-003753-50331658-5050-7178-0000
I1211 02:29:17.653782 12610 status_update_manager.hpp:346] Checkpointing UPDATE for status update TASK_LOST (UUID: 469e3821-ad65-4fa7-9835-57e40ea891fc) for task 1449799773025-www-data-devel-job11-0-75f1ea14-63fc-425c-a9ef-0d1d4d9f7fba of framework 20151211-003753-50331658-5050-7178-0000
I1211 02:29:17.656020 12610 slave.cpp:2753] Forwarding the update TASK_LOST (UUID: 469e3821-ad65-4fa7-9835-57e40ea891fc) for task 1449799773025-www-data-devel-job11-0-75f1ea14-63fc-425c-a9ef-0d1d4d9f7fba of framework 20151211-003753-50331658-5050-7178-0000 to master@10.0.0.3:5050
I1211 02:29:17.675130 12612 slave.cpp:1558] Asked to kill task 1449799773025-www-data-devel-job11-0-75f1ea14-63fc-425c-a9ef-0d1d4d9f7fba of framework 20151211-003753-50331658-5050-7178-0000
W1211 02:29:17.675184 12612 slave.cpp:1683] Ignoring kill task 1449799773025-www-data-devel-job11-0-75f1ea14-63fc-425c-a9ef-0d1d4d9f7fba of framework 20151211-003753-50331658-5050-7178-0000 because the executor 'thermos-1449799773025-www-data-devel-job11-0-75f1ea14-63fc-425c-a9ef-0d1d4d9f7fba' is terminating/terminated
I1211 02:29:17.713337 12614 status_update_manager.cpp:389] Received status update acknowledgement (UUID: 469e3821-ad65-4fa7-9835-57e40ea891fc) for task 1449799773025-www-data-devel-job11-0-75f1ea14-63fc-425c-a9ef-0d1d4d9f7fba of framework 20151211-003753-50331658-5050-7178-0000
I1211 02:29:17.713377 12614 status_update_manager.hpp:346] Checkpointing ACK for status update TASK_LOST (UUID: 469e3821-ad65-4fa7-9835-57e40ea891fc) for task 1449799773025-www-data-devel-job11-0-75f1ea14-63fc-425c-a9ef-0d1d4d9f7fba of framework 20151211-003753-50331658-5050-7178-0000
I1211 02:29:17.715569 12614 slave.cpp:3302] Cleaning up executor 'thermos-1449799773025-www-data-devel-job11-0-75f1ea14-63fc-425c-a9ef-0d1d4d9f7fba' of framework 20151211-003753-50331658-5050-7178-0000
I1211 02:29:17.715787 12614 slave.cpp:3381] Cleaning up framework 20151211-003753-50331658-5050-7178-0000
I1211 02:29:17.715891 12614 status_update_manager.cpp:279] Closing status update streams for framework 20151211-003753-50331658-5050-7178-0000
I1211 02:29:17.715823 12616 gc.cpp:56] Scheduling '/var/lib/mesos/slave/slaves/20151211-022803-50331658-5050-13228-S1/frameworks/20151211-003753-50331658-5050-7178-0000/executors/thermos-1449799773025-www-data-devel-job11-0-75f1ea14-63fc-425c-a9ef-0d1d4d9f7fba/runs/1f4c9e1c-40a5-4c82-a184-38823afcedf0' for gc 6.99999171619259days in the future
I1211 02:29:17.715921 12616 gc.cpp:56] Scheduling '/var/lib/mesos/slave/slaves/20151211-022803-50331658-5050-13228-S1/frameworks/20151211-003753-50331658-5050-7178-0000/executors/thermos-1449799773025-www-data-devel-job11-0-75f1ea14-63fc-425c-a9ef-0d1d4d9f7fba' for gc 6.99999171584593days in the future
I1211 02:29:17.715935 12616 gc.cpp:56] Scheduling '/var/lib/mesos/slave/meta/slaves/20151211-022803-50331658-5050-13228-S1/frameworks/20151211-003753-50331658-5050-7178-0000/executors/thermos-1449799773025-www-data-devel-job11-0-75f1ea14-63fc-425c-a9ef-0d1d4d9f7fba/runs/1f4c9e1c-40a5-4c82-a184-38823afcedf0' for gc 6.99999171564741days in the future
I1211 02:29:17.715956 12616 gc.cpp:56] Scheduling '/var/lib/mesos/slave/meta/slaves/20151211-022803-50331658-5050-13228-S1/frameworks/20151211-003753-50331658-5050-7178-0000/executors/thermos-1449799773025-www-data-devel-job11-0-75f1ea14-63fc-425c-a9ef-0d1d4d9f7fba' for gc 6.99999171548741days in the future
I1211 02:29:17.715971 12616 gc.cpp:56] Scheduling '/var/lib/mesos/slave/slaves/20151211-022803-50331658-5050-13228-S1/frameworks/20151211-003753-50331658-5050-7178-0000' for gc 6.9999917144563days in the future
I1211 02:29:17.715981 12616 gc.cpp:56] Scheduling '/var/lib/mesos/slave/meta/slaves/20151211-022803-50331658-5050-13228-S1/frameworks/20151211-003753-50331658-5050-7178-0000' for gc 6.99999171430519days in the future
I1211 02:29:18.147691 12614 slave.cpp:3618] Current disk usage 25.69%. Max allowed age: 4.501592619447986days
I1211 02:29:18.777894 12614 slave.cpp:1121] Got assigned task 1449800957665-www-data-devel-job11-0-62684701-a12d-4573-9dd1-0f3b1d7f4c95 for framework 20151211-003753-50331658-5050-7178-0000
I1211 02:29:18.778573 12614 gc.cpp:84] Unscheduling '/var/lib/mesos/slave/slaves/20151211-022803-50331658-5050-13228-S1/frameworks/20151211-003753-50331658-5050-7178-0000' from gc
I1211 02:29:18.778640 12614 gc.cpp:84] Unscheduling '/var/lib/mesos/slave/meta/slaves/20151211-022803-50331658-5050-13228-S1/frameworks/20151211-003753-50331658-5050-7178-0000' from gc
I1211 02:29:18.778676 12614 slave.cpp:1231] Launching task 1449800957665-www-data-devel-job11-0-62684701-a12d-4573-9dd1-0f3b1d7f4c95 for framework 20151211-003753-50331658-5050-7178-0000
I1211 02:29:18.779901 12614 slave.cpp:4160] Launching executor thermos-1449800957665-www-data-devel-job11-0-62684701-a12d-4573-9dd1-0f3b1d7f4c95 of framework 20151211-003753-50331658-5050-7178-0000 in work directory '/var/lib/mesos/slave/slaves/20151211-022803-50331658-5050-13228-S1/frameworks/20151211-003753-50331658-5050-7178-0000/executors/thermos-1449800957665-www-data-devel-job11-0-62684701-a12d-4573-9dd1-0f3b1d7f4c95/runs/09add997-afc1-48e6-b762-956c4a7cf436'
I1211 02:29:18.780148 12613 containerizer.cpp:472] Starting container '09add997-afc1-48e6-b762-956c4a7cf436' for executor 'thermos-1449800957665-www-data-devel-job11-0-62684701-a12d-4573-9dd1-0f3b1d7f4c95' of framework '20151211-003753-50331658-5050-7178-0000'
I1211 02:29:18.780869 12613 launcher.cpp:130] Forked child with pid '12901' for container '09add997-afc1-48e6-b762-956c4a7cf436'
I1211 02:29:18.781152 12613 containerizer.cpp:682] Checkpointing executor's forked pid 12901 to '/var/lib/mesos/slave/meta/slaves/20151211-022803-50331658-5050-13228-S1/frameworks/20151211-003753-50331658-5050-7178-0000/executors/thermos-1449800957665-www-data-devel-job11-0-62684701-a12d-4573-9dd1-0f3b1d7f4c95/runs/09add997-afc1-48e6-b762-956c4a7cf436/pids/forked.pid'
I1211 02:29:18.790058 12614 slave.cpp:1378] Queuing task '1449800957665-www-data-devel-job11-0-62684701-a12d-4573-9dd1-0f3b1d7f4c95' for executor thermos-1449800957665-www-data-devel-job11-0-62684701-a12d-4573-9dd1-0f3b1d7f4c95 of framework '20151211-003753-50331658-5050-7178-0000
I1211 02:29:18.795271 12615 fetcher.cpp:238] Fetching URIs using command '/usr/libexec/mesos/mesos-fetcher'
I1211 02:29:18.868753 12615 slave.cpp:3135] Monitoring executor 'thermos-1449800957665-www-data-devel-job11-0-62684701-a12d-4573-9dd1-0f3b1d7f4c95' of framework '20151211-003753-50331658-5050-7178-0000' in container '09add997-afc1-48e6-b762-956c4a7cf436'
I1211 02:29:18.972139 12615 containerizer.cpp:1111] Executor for container '09add997-afc1-48e6-b762-956c4a7cf436' has exited
I1211 02:29:18.972283 12615 containerizer.cpp:906] Destroying container '09add997-afc1-48e6-b762-956c4a7cf436'
I1211 02:29:18.973247 12615 slave.cpp:3193] Executor 'thermos-1449800957665-www-data-devel-job11-0-62684701-a12d-4573-9dd1-0f3b1d7f4c95' of framework 20151211-003753-50331658-5050-7178-0000 exited with status 0
I1211 02:29:18.973973 12615 slave.cpp:2508] Handling status update TASK_LOST (UUID: e2e93f14-cc51-40f0-bb8f-4aba21bcd3e0) for task 1449800957665-www-data-devel-job11-0-62684701-a12d-4573-9dd1-0f3b1d7f4c95 of framework 20151211-003753-50331658-5050-7178-0000 from @0.0.0.0:0
W1211 02:29:18.974164 12616 containerizer.cpp:802] Ignoring update for unknown container: 09add997-afc1-48e6-b762-956c4a7cf436
I1211 02:29:18.974851 12611 status_update_manager.cpp:317] Received status update TASK_LOST (UUID: e2e93f14-cc51-40f0-bb8f-4aba21bcd3e0) for task 1449800957665-www-data-devel-job11-0-62684701-a12d-4573-9dd1-0f3b1d7f4c95 of framework 20151211-003753-50331658-5050-7178-0000
I1211 02:29:18.975113 12611 status_update_manager.hpp:346] Checkpointing UPDATE for status update TASK_LOST (UUID: e2e93f14-cc51-40f0-bb8f-4aba21bcd3e0) for task 1449800957665-www-data-devel-job11-0-62684701-a12d-4573-9dd1-0f3b1d7f4c95 of framework 20151211-003753-50331658-5050-7178-0000
I1211 02:29:18.979346 12611 slave.cpp:2753] Forwarding the update TASK_LOST (UUID: e2e93f14-cc51-40f0-bb8f-4aba21bcd3e0) for task 1449800957665-www-data-devel-job11-0-62684701-a12d-4573-9dd1-0f3b1d7f4c95 of framework 20151211-003753-50331658-5050-7178-0000 to master@10.0.0.3:5050
I1211 02:29:18.990114 12617 slave.cpp:1558] Asked to kill task 1449800957665-www-data-devel-job11-0-62684701-a12d-4573-9dd1-0f3b1d7f4c95 of framework 20151211-003753-50331658-5050-7178-0000
W1211 02:29:18.990154 12617 slave.cpp:1683] Ignoring kill task 1449800957665-www-data-devel-job11-0-62684701-a12d-4573-9dd1-0f3b1d7f4c95 of framework 20151211-003753-50331658-5050-7178-0000 because the executor 'thermos-1449800957665-www-data-devel-job11-0-62684701-a12d-4573-9dd1-0f3b1d7f4c95' is terminating/terminated
I1211 02:29:19.016330 12613 status_update_manager.cpp:389] Received status update acknowledgement (UUID: e2e93f14-cc51-40f0-bb8f-4aba21bcd3e0) for task 1449800957665-www-data-devel-job11-0-62684701-a12d-4573-9dd1-0f3b1d7f4c95 of framework 20151211-003753-50331658-5050-7178-0000
I1211 02:29:19.016379 12613 status_update_manager.hpp:346] Checkpointing ACK for status update TASK_LOST (UUID: e2e93f14-cc51-40f0-bb8f-4aba21bcd3e0) for task 1449800957665-www-data-devel-job11-0-62684701-a12d-4573-9dd1-0f3b1d7f4c95 of framework 20151211-003753-50331658-5050-7178-0000
I1211 02:29:19.018749 12613 slave.cpp:3302] Cleaning up executor 'thermos-1449800957665-www-data-devel-job11-0-62684701-a12d-4573-9dd1-0f3b1d7f4c95' of framework 20151211-003753-50331658-5050-7178-0000
I1211 02:29:19.019017 12613 slave.cpp:3381] Cleaning up framework 20151211-003753-50331658-5050-7178-0000
I1211 02:29:19.019078 12613 gc.cpp:56] Scheduling '/var/lib/mesos/slave/slaves/20151211-022803-50331658-5050-13228-S1/frameworks/20151211-003753-50331658-5050-7178-0000/executors/thermos-1449800957665-www-data-devel-job11-0-62684701-a12d-4573-9dd1-0f3b1d7f4c95/runs/09add997-afc1-48e6-b762-956c4a7cf436' for gc 6.99999978084444days in the future
I1211 02:29:19.019121 12613 gc.cpp:56] Scheduling '/var/lib/mesos/slave/slaves/20151211-022803-50331658-5050-13228-S1/frameworks/20151211-003753-50331658-5050-7178-0000/executors/thermos-1449800957665-www-data-devel-job11-0-62684701-a12d-4573-9dd1-0f3b1d7f4c95' for gc 6.99999978043852days in the future
I1211 02:29:19.019506 12613 gc.cpp:56] Scheduling '/var/lib/mesos/slave/meta/slaves/20151211-022803-50331658-5050-13228-S1/frameworks/20151211-003753-50331658-5050-7178-0000/executors/thermos-1449800957665-www-data-devel-job11-0-62684701-a12d-4573-9dd1-0f3b1d7f4c95/runs/09add997-afc1-48e6-b762-956c4a7cf436' for gc 6.99999978017481days in the future
I1211 02:29:19.019536 12613 gc.cpp:56] Scheduling '/var/lib/mesos/slave/meta/slaves/20151211-022803-50331658-5050-13228-S1/frameworks/20151211-003753-50331658-5050-7178-0000/executors/thermos-1449800957665-www-data-devel-job11-0-62684701-a12d-4573-9dd1-0f3b1d7f4c95' for gc 6.99999977996444days in the future
I1211 02:29:19.019552 12613 gc.cpp:56] Scheduling '/var/lib/mesos/slave/slaves/20151211-022803-50331658-5050-13228-S1/frameworks/20151211-003753-50331658-5050-7178-0000' for gc 6.99999977949037days in the future
I1211 02:29:19.019565 12613 gc.cpp:56] Scheduling '/var/lib/mesos/slave/meta/slaves/20151211-022803-50331658-5050-13228-S1/frameworks/20151211-003753-50331658-5050-7178-0000' for gc 6.99999977930667days in the future
I1211 02:29:19.019474 12614 status_update_manager.cpp:279] Closing status update streams for framework 20151211-003753-50331658-5050-7178-0000
I1211 02:29:27.849843 12613 slave.cpp:1121] Got assigned task 1449796403870-www-data-devel-job700-0-b9d0ed37-700b-4730-b6a0-e06883d85d28 for framework 20151211-003753-50331658-5050-7178-0000
I1211 02:29:27.850636 12613 gc.cpp:84] Unscheduling '/var/lib/mesos/slave/slaves/20151211-022803-50331658-5050-13228-S1/frameworks/20151211-003753-50331658-5050-7178-0000' from gc
I1211 02:29:27.850677 12613 gc.cpp:84] Unscheduling '/var/lib/mesos/slave/meta/slaves/20151211-022803-50331658-5050-13228-S1/frameworks/20151211-003753-50331658-5050-7178-0000' from gc
I1211 02:29:27.850711 12613 slave.cpp:1231] Launching task 1449796403870-www-data-devel-job700-0-b9d0ed37-700b-4730-b6a0-e06883d85d28 for framework 20151211-003753-50331658-5050-7178-0000
I1211 02:29:27.851754 12613 slave.cpp:4160] Launching executor thermos-1449796403870-www-data-devel-job700-0-b9d0ed37-700b-4730-b6a0-e06883d85d28 of framework 20151211-003753-50331658-5050-7178-0000 in work directory '/var/lib/mesos/slave/slaves/20151211-022803-50331658-5050-13228-S1/frameworks/20151211-003753-50331658-5050-7178-0000/executors/thermos-1449796403870-www-data-devel-job700-0-b9d0ed37-700b-4730-b6a0-e06883d85d28/runs/abf88600-2b3d-4c18-ad0f-f49431a16305'
I1211 02:29:27.851908 12612 containerizer.cpp:472] Starting container 'abf88600-2b3d-4c18-ad0f-f49431a16305' for executor 'thermos-1449796403870-www-data-devel-job700-0-b9d0ed37-700b-4730-b6a0-e06883d85d28' of framework '20151211-003753-50331658-5050-7178-0000'
I1211 02:29:27.852632 12612 launcher.cpp:130] Forked child with pid '12911' for container 'abf88600-2b3d-4c18-ad0f-f49431a16305'
I1211 02:29:27.852798 12612 containerizer.cpp:682] Checkpointing executor's forked pid 12911 to '/var/lib/mesos/slave/meta/slaves/20151211-022803-50331658-5050-13228-S1/frameworks/20151211-003753-50331658-5050-7178-0000/executors/thermos-1449796403870-www-data-devel-job700-0-b9d0ed37-700b-4730-b6a0-e06883d85d28/runs/abf88600-2b3d-4c18-ad0f-f49431a16305/pids/forked.pid'
I1211 02:29:27.861448 12613 slave.cpp:1378] Queuing task '1449796403870-www-data-devel-job700-0-b9d0ed37-700b-4730-b6a0-e06883d85d28' for executor thermos-1449796403870-www-data-devel-job700-0-b9d0ed37-700b-4730-b6a0-e06883d85d28 of framework '20151211-003753-50331658-5050-7178-0000
I1211 02:29:27.873860 12617 fetcher.cpp:238] Fetching URIs using command '/usr/libexec/mesos/mesos-fetcher'
I1211 02:29:28.073905 12617 slave.cpp:3135] Monitoring executor 'thermos-1449796403870-www-data-devel-job700-0-b9d0ed37-700b-4730-b6a0-e06883d85d28' of framework '20151211-003753-50331658-5050-7178-0000' in container 'abf88600-2b3d-4c18-ad0f-f49431a16305'
I1211 02:29:28.176223 12617 containerizer.cpp:1111] Executor for container 'abf88600-2b3d-4c18-ad0f-f49431a16305' has exited
I1211 02:29:28.176348 12617 containerizer.cpp:906] Destroying container 'abf88600-2b3d-4c18-ad0f-f49431a16305'
I1211 02:29:28.177585 12615 slave.cpp:3193] Executor 'thermos-1449796403870-www-data-devel-job700-0-b9d0ed37-700b-4730-b6a0-e06883d85d28' of framework 20151211-003753-50331658-5050-7178-0000 exited with status 0
I1211 02:29:28.178318 12615 slave.cpp:2508] Handling status update TASK_LOST (UUID: 152392fa-1b54-4c9c-abfe-c1c57d1909a2) for task 1449796403870-www-data-devel-job700-0-b9d0ed37-700b-4730-b6a0-e06883d85d28 of framework 20151211-003753-50331658-5050-7178-0000 from @0.0.0.0:0
W1211 02:29:28.178616 12617 containerizer.cpp:802] Ignoring update for unknown container: abf88600-2b3d-4c18-ad0f-f49431a16305
I1211 02:29:28.178709 12617 status_update_manager.cpp:317] Received status update TASK_LOST (UUID: 152392fa-1b54-4c9c-abfe-c1c57d1909a2) for task 1449796403870-www-data-devel-job700-0-b9d0ed37-700b-4730-b6a0-e06883d85d28 of framework 20151211-003753-50331658-5050-7178-0000
I1211 02:29:28.178969 12617 status_update_manager.hpp:346] Checkpointing UPDATE for status update TASK_LOST (UUID: 152392fa-1b54-4c9c-abfe-c1c57d1909a2) for task 1449796403870-www-data-devel-job700-0-b9d0ed37-700b-4730-b6a0-e06883d85d28 of framework 20151211-003753-50331658-5050-7178-0000
I1211 02:29:28.182689 12617 slave.cpp:2753] Forwarding the update TASK_LOST (UUID: 152392fa-1b54-4c9c-abfe-c1c57d1909a2) for task 1449796403870-www-data-devel-job700-0-b9d0ed37-700b-4730-b6a0-e06883d85d28 of framework 20151211-003753-50331658-5050-7178-0000 to master@10.0.0.3:5050
I1211 02:29:28.195974 12615 slave.cpp:1558] Asked to kill task 1449796403870-www-data-devel-job700-0-b9d0ed37-700b-4730-b6a0-e06883d85d28 of framework 20151211-003753-50331658-5050-7178-0000
W1211 02:29:28.195997 12615 slave.cpp:1683] Ignoring kill task 1449796403870-www-data-devel-job700-0-b9d0ed37-700b-4730-b6a0-e06883d85d28 of framework 20151211-003753-50331658-5050-7178-0000 because the executor 'thermos-1449796403870-www-data-devel-job700-0-b9d0ed37-700b-4730-b6a0-e06883d85d28' is terminating/terminated
I1211 02:29:28.209866 12615 status_update_manager.cpp:389] Received status update acknowledgement (UUID: 152392fa-1b54-4c9c-abfe-c1c57d1909a2) for task 1449796403870-www-data-devel-job700-0-b9d0ed37-700b-4730-b6a0-e06883d85d28 of framework 20151211-003753-50331658-5050-7178-0000
I1211 02:29:28.209944 12615 status_update_manager.hpp:346] Checkpointing ACK for status update TASK_LOST (UUID: 152392fa-1b54-4c9c-abfe-c1c57d1909a2) for task 1449796403870-www-data-devel-job700-0-b9d0ed37-700b-4730-b6a0-e06883d85d28 of framework 20151211-003753-50331658-5050-7178-0000
I1211 02:29:28.211966 12616 slave.cpp:3302] Cleaning up executor 'thermos-1449796403870-www-data-devel-job700-0-b9d0ed37-700b-4730-b6a0-e06883d85d28' of framework 20151211-003753-50331658-5050-7178-0000
I1211 02:29:28.212185 12616 slave.cpp:3381] Cleaning up framework 20151211-003753-50331658-5050-7178-0000
I1211 02:29:28.212231 12616 gc.cpp:56] Scheduling '/var/lib/mesos/slave/slaves/20151211-022803-50331658-5050-13228-S1/frameworks/20151211-003753-50331658-5050-7178-0000/executors/thermos-1449796403870-www-data-devel-job700-0-b9d0ed37-700b-4730-b6a0-e06883d85d28/runs/abf88600-2b3d-4c18-ad0f-f49431a16305' for gc 6.99999754491852days in the future
I1211 02:29:28.212260 12616 gc.cpp:56] Scheduling '/var/lib/mesos/slave/slaves/20151211-022803-50331658-5050-13228-S1/frameworks/20151211-003753-50331658-5050-7178-0000/executors/thermos-1449796403870-www-data-devel-job700-0-b9d0ed37-700b-4730-b6a0-e06883d85d28' for gc 6.9999975445837days in the future
I1211 02:29:28.212280 12616 gc.cpp:56] Scheduling '/var/lib/mesos/slave/meta/slaves/20151211-022803-50331658-5050-13228-S1/frameworks/20151211-003753-50331658-5050-7178-0000/executors/thermos-1449796403870-www-data-devel-job700-0-b9d0ed37-700b-4730-b6a0-e06883d85d28/runs/abf88600-2b3d-4c18-ad0f-f49431a16305' for gc 6.99999754437333days in the future
I1211 02:29:28.212311 12616 gc.cpp:56] Scheduling '/var/lib/mesos/slave/meta/slaves/20151211-022803-50331658-5050-13228-S1/frameworks/20151211-003753-50331658-5050-7178-0000/executors/thermos-1449796403870-www-data-devel-job700-0-b9d0ed37-700b-4730-b6a0-e06883d85d28' for gc 6.99999754421333days in the future
I1211 02:29:28.212327 12616 gc.cpp:56] Scheduling '/var/lib/mesos/slave/slaves/20151211-022803-50331658-5050-13228-S1/frameworks/20151211-003753-50331658-5050-7178-0000' for gc 6.99999754384296days in the future
I1211 02:29:28.212373 12616 gc.cpp:56] Scheduling '/var/lib/mesos/slave/meta/slaves/20151211-022803-50331658-5050-13228-S1/frameworks/20151211-003753-50331658-5050-7178-0000' for gc 6.9999975437037days in the future
I1211 02:29:28.212410 12615 status_update_manager.cpp:279] Closing status update streams for framework 20151211-003753-50331658-5050-7178-0000
I1211 02:29:28.741799 12614 slave.cpp:1121] Got assigned task 1449800968191-www-data-devel-job700-0-0290aaa7-1250-4676-8f1c-99b21f85bd17 for framework 20151211-003753-50331658-5050-7178-0000
I1211 02:29:28.742377 12614 gc.cpp:84] Unscheduling '/var/lib/mesos/slave/slaves/20151211-022803-50331658-5050-13228-S1/frameworks/20151211-003753-50331658-5050-7178-0000' from gc
I1211 02:29:28.742436 12614 gc.cpp:84] Unscheduling '/var/lib/mesos/slave/meta/slaves/20151211-022803-50331658-5050-13228-S1/frameworks/20151211-003753-50331658-5050-7178-0000' from gc
I1211 02:29:28.742485 12614 slave.cpp:1231] Launching task 1449800968191-www-data-devel-job700-0-0290aaa7-1250-4676-8f1c-99b21f85bd17 for framework 20151211-003753-50331658-5050-7178-0000
I1211 02:29:28.743630 12614 slave.cpp:4160] Launching executor thermos-1449800968191-www-data-devel-job700-0-0290aaa7-1250-4676-8f1c-99b21f85bd17 of framework 20151211-003753-50331658-5050-7178-0000 in work directory '/var/lib/mesos/slave/slaves/20151211-022803-50331658-5050-13228-S1/frameworks/20151211-003753-50331658-5050-7178-0000/executors/thermos-1449800968191-www-data-devel-job700-0-0290aaa7-1250-4676-8f1c-99b21f85bd17/runs/f08c8bcc-11a0-414b-8175-4aff7113d235'
I1211 02:29:28.743870 12611 containerizer.cpp:472] Starting container 'f08c8bcc-11a0-414b-8175-4aff7113d235' for executor 'thermos-1449800968191-www-data-devel-job700-0-0290aaa7-1250-4676-8f1c-99b21f85bd17' of framework '20151211-003753-50331658-5050-7178-0000'
I1211 02:29:28.744616 12611 launcher.cpp:130] Forked child with pid '12921' for container 'f08c8bcc-11a0-414b-8175-4aff7113d235'
I1211 02:29:28.749240 12611 containerizer.cpp:682] Checkpointing executor's forked pid 12921 to '/var/lib/mesos/slave/meta/slaves/20151211-022803-50331658-5050-13228-S1/frameworks/20151211-003753-50331658-5050-7178-0000/executors/thermos-1449800968191-www-data-devel-job700-0-0290aaa7-1250-4676-8f1c-99b21f85bd17/runs/f08c8bcc-11a0-414b-8175-4aff7113d235/pids/forked.pid'
I1211 02:29:28.751734 12614 slave.cpp:1378] Queuing task '1449800968191-www-data-devel-job700-0-0290aaa7-1250-4676-8f1c-99b21f85bd17' for executor thermos-1449800968191-www-data-devel-job700-0-0290aaa7-1250-4676-8f1c-99b21f85bd17 of framework '20151211-003753-50331658-5050-7178-0000
I1211 02:29:28.766574 12611 fetcher.cpp:238] Fetching URIs using command '/usr/libexec/mesos/mesos-fetcher'
I1211 02:29:28.886169 12611 slave.cpp:3135] Monitoring executor 'thermos-1449800968191-www-data-devel-job700-0-0290aaa7-1250-4676-8f1c-99b21f85bd17' of framework '20151211-003753-50331658-5050-7178-0000' in container 'f08c8bcc-11a0-414b-8175-4aff7113d235'
I1211 02:29:28.987092 12611 containerizer.cpp:1111] Executor for container 'f08c8bcc-11a0-414b-8175-4aff7113d235' has exited
I1211 02:29:28.987216 12611 containerizer.cpp:906] Destroying container 'f08c8bcc-11a0-414b-8175-4aff7113d235'
I1211 02:29:28.988698 12614 slave.cpp:3193] Executor 'thermos-1449800968191-www-data-devel-job700-0-0290aaa7-1250-4676-8f1c-99b21f85bd17' of framework 20151211-003753-50331658-5050-7178-0000 exited with status 0
I1211 02:29:28.989708 12614 slave.cpp:2508] Handling status update TASK_LOST (UUID: b972964b-3fe0-4e5e-ada3-27494eb8788e) for task 1449800968191-www-data-devel-job700-0-0290aaa7-1250-4676-8f1c-99b21f85bd17 of framework 20151211-003753-50331658-5050-7178-0000 from @0.0.0.0:0
W1211 02:29:28.990434 12611 containerizer.cpp:802] Ignoring update for unknown container: f08c8bcc-11a0-414b-8175-4aff7113d235
I1211 02:29:28.990702 12613 status_update_manager.cpp:317] Received status update TASK_LOST (UUID: b972964b-3fe0-4e5e-ada3-27494eb8788e) for task 1449800968191-www-data-devel-job700-0-0290aaa7-1250-4676-8f1c-99b21f85bd17 of framework 20151211-003753-50331658-5050-7178-0000
I1211 02:29:28.990906 12613 status_update_manager.hpp:346] Checkpointing UPDATE for status update TASK_LOST (UUID: b972964b-3fe0-4e5e-ada3-27494eb8788e) for task 1449800968191-www-data-devel-job700-0-0290aaa7-1250-4676-8f1c-99b21f85bd17 of framework 20151211-003753-50331658-5050-7178-0000
I1211 02:29:28.994587 12613 slave.cpp:2753] Forwarding the update TASK_LOST (UUID: b972964b-3fe0-4e5e-ada3-27494eb8788e) for task 1449800968191-www-data-devel-job700-0-0290aaa7-1250-4676-8f1c-99b21f85bd17 of framework 20151211-003753-50331658-5050-7178-0000 to master@10.0.0.3:5050
I1211 02:29:29.003818 12612 slave.cpp:1558] Asked to kill task 1449800968191-www-data-devel-job700-0-0290aaa7-1250-4676-8f1c-99b21f85bd17 of framework 20151211-003753-50331658-5050-7178-0000
W1211 02:29:29.003871 12612 slave.cpp:1683] Ignoring kill task 1449800968191-www-data-devel-job700-0-0290aaa7-1250-4676-8f1c-99b21f85bd17 of framework 20151211-003753-50331658-5050-7178-0000 because the executor 'thermos-1449800968191-www-data-devel-job700-0-0290aaa7-1250-4676-8f1c-99b21f85bd17' is terminating/terminated
I1211 02:29:29.016530 12616 status_update_manager.cpp:389] Received status update acknowledgement (UUID: b972964b-3fe0-4e5e-ada3-27494eb8788e) for task 1449800968191-www-data-devel-job700-0-0290aaa7-1250-4676-8f1c-99b21f85bd17 of framework 20151211-003753-50331658-5050-7178-0000
I1211 02:29:29.016568 12616 status_update_manager.hpp:346] Checkpointing ACK for status update TASK_LOST (UUID: b972964b-3fe0-4e5e-ada3-27494eb8788e) for task 1449800968191-www-data-devel-job700-0-0290aaa7-1250-4676-8f1c-99b21f85bd17 of framework 20151211-003753-50331658-5050-7178-0000
I1211 02:29:29.019042 12616 slave.cpp:3302] Cleaning up executor 'thermos-1449800968191-www-data-devel-job700-0-0290aaa7-1250-4676-8f1c-99b21f85bd17' of framework 20151211-003753-50331658-5050-7178-0000
I1211 02:29:29.019280 12616 slave.cpp:3381] Cleaning up framework 20151211-003753-50331658-5050-7178-0000
