I1211 02:31:39.301018 12615 slave.cpp:4160] Launching executor thermos-1449800979249-www-data-devel-job14-0-5b987aba-6c7a-4655-9a97-45c9eb24f74b of framework 20151211-003753-50331658-5050-7178-0000 in work directory '/var/lib/mesos/slave/slaves/20151211-022803-50331658-5050-13228-S1/frameworks/20151211-003753-50331658-5050-7178-0000/executors/thermos-1449800979249-www-data-devel-job14-0-5b987aba-6c7a-4655-9a97-45c9eb24f74b/runs/744c2297-155a-41bf-8a31-a13dd9b1d421'
I1211 02:31:39.301236 12610 containerizer.cpp:472] Starting container '744c2297-155a-41bf-8a31-a13dd9b1d421' for executor 'thermos-1449800979249-www-data-devel-job14-0-5b987aba-6c7a-4655-9a97-45c9eb24f74b' of framework '20151211-003753-50331658-5050-7178-0000'
I1211 02:31:39.302125 12610 launcher.cpp:130] Forked child with pid '13065' for container '744c2297-155a-41bf-8a31-a13dd9b1d421'
I1211 02:31:39.303442 12610 containerizer.cpp:682] Checkpointing executor's forked pid 13065 to '/var/lib/mesos/slave/meta/slaves/20151211-022803-50331658-5050-13228-S1/frameworks/20151211-003753-50331658-5050-7178-0000/executors/thermos-1449800979249-www-data-devel-job14-0-5b987aba-6c7a-4655-9a97-45c9eb24f74b/runs/744c2297-155a-41bf-8a31-a13dd9b1d421/pids/forked.pid'
I1211 02:31:39.309314 12615 slave.cpp:1378] Queuing task '1449800979249-www-data-devel-job14-0-5b987aba-6c7a-4655-9a97-45c9eb24f74b' for executor thermos-1449800979249-www-data-devel-job14-0-5b987aba-6c7a-4655-9a97-45c9eb24f74b of framework '20151211-003753-50331658-5050-7178-0000
I1211 02:31:39.322188 12617 fetcher.cpp:238] Fetching URIs using command '/usr/libexec/mesos/mesos-fetcher'
I1211 02:31:39.398977 12617 slave.cpp:3135] Monitoring executor 'thermos-1449800979249-www-data-devel-job14-0-5b987aba-6c7a-4655-9a97-45c9eb24f74b' of framework '20151211-003753-50331658-5050-7178-0000' in container '744c2297-155a-41bf-8a31-a13dd9b1d421'
I1211 02:31:39.502230 12617 containerizer.cpp:1111] Executor for container '744c2297-155a-41bf-8a31-a13dd9b1d421' has exited
I1211 02:31:39.503003 12617 containerizer.cpp:906] Destroying container '744c2297-155a-41bf-8a31-a13dd9b1d421'
I1211 02:31:39.504253 12615 slave.cpp:3193] Executor 'thermos-1449800979249-www-data-devel-job14-0-5b987aba-6c7a-4655-9a97-45c9eb24f74b' of framework 20151211-003753-50331658-5050-7178-0000 exited with status 0
I1211 02:31:39.505086 12615 slave.cpp:2508] Handling status update TASK_LOST (UUID: d8eda588-55ff-49f6-a956-966330fdb113) for task 1449800979249-www-data-devel-job14-0-5b987aba-6c7a-4655-9a97-45c9eb24f74b of framework 20151211-003753-50331658-5050-7178-0000 from @0.0.0.0:0
W1211 02:31:39.506021 12617 containerizer.cpp:802] Ignoring update for unknown container: 744c2297-155a-41bf-8a31-a13dd9b1d421
I1211 02:31:39.506101 12617 status_update_manager.cpp:317] Received status update TASK_LOST (UUID: d8eda588-55ff-49f6-a956-966330fdb113) for task 1449800979249-www-data-devel-job14-0-5b987aba-6c7a-4655-9a97-45c9eb24f74b of framework 20151211-003753-50331658-5050-7178-0000
I1211 02:31:39.506300 12617 status_update_manager.hpp:346] Checkpointing UPDATE for status update TASK_LOST (UUID: d8eda588-55ff-49f6-a956-966330fdb113) for task 1449800979249-www-data-devel-job14-0-5b987aba-6c7a-4655-9a97-45c9eb24f74b of framework 20151211-003753-50331658-5050-7178-0000
I1211 02:31:39.509927 12613 slave.cpp:2753] Forwarding the update TASK_LOST (UUID: d8eda588-55ff-49f6-a956-966330fdb113) for task 1449800979249-www-data-devel-job14-0-5b987aba-6c7a-4655-9a97-45c9eb24f74b of framework 20151211-003753-50331658-5050-7178-0000 to master@10.0.0.4:5050
I1211 02:31:39.523133 12611 slave.cpp:1558] Asked to kill task 1449800979249-www-data-devel-job14-0-5b987aba-6c7a-4655-9a97-45c9eb24f74b of framework 20151211-003753-50331658-5050-7178-0000
W1211 02:31:39.523159 12611 slave.cpp:1683] Ignoring kill task 1449800979249-www-data-devel-job14-0-5b987aba-6c7a-4655-9a97-45c9eb24f74b of framework 20151211-003753-50331658-5050-7178-0000 because the executor 'thermos-1449800979249-www-data-devel-job14-0-5b987aba-6c7a-4655-9a97-45c9eb24f74b' is terminating/terminated
I1211 02:31:39.542353 12611 status_update_manager.cpp:389] Received status update acknowledgement (UUID: d8eda588-55ff-49f6-a956-966330fdb113) for task 1449800979249-www-data-devel-job14-0-5b987aba-6c7a-4655-9a97-45c9eb24f74b of framework 20151211-003753-50331658-5050-7178-0000
I1211 02:31:39.542385 12611 status_update_manager.hpp:346] Checkpointing ACK for status update TASK_LOST (UUID: d8eda588-55ff-49f6-a956-966330fdb113) for task 1449800979249-www-data-devel-job14-0-5b987aba-6c7a-4655-9a97-45c9eb24f74b of framework 20151211-003753-50331658-5050-7178-0000
I1211 02:31:39.544476 12611 slave.cpp:3302] Cleaning up executor 'thermos-1449800979249-www-data-devel-job14-0-5b987aba-6c7a-4655-9a97-45c9eb24f74b' of framework 20151211-003753-50331658-5050-7178-0000
I1211 02:31:39.544673 12611 slave.cpp:3381] Cleaning up framework 20151211-003753-50331658-5050-7178-0000
I1211 02:31:39.544723 12611 gc.cpp:56] Scheduling '/var/lib/mesos/slave/slaves/20151211-022803-50331658-5050-13228-S1/frameworks/20151211-003753-50331658-5050-7178-0000/executors/thermos-1449800979249-www-data-devel-job14-0-5b987aba-6c7a-4655-9a97-45c9eb24f74b/runs/744c2297-155a-41bf-8a31-a13dd9b1d421' for gc 6.99999369667852days in the future
I1211 02:31:39.544749 12611 gc.cpp:56] Scheduling '/var/lib/mesos/slave/slaves/20151211-022803-50331658-5050-13228-S1/frameworks/20151211-003753-50331658-5050-7178-0000/executors/thermos-1449800979249-www-data-devel-job14-0-5b987aba-6c7a-4655-9a97-45c9eb24f74b' for gc 6.99999369636444days in the future
I1211 02:31:39.544797 12611 gc.cpp:56] Scheduling '/var/lib/mesos/slave/meta/slaves/20151211-022803-50331658-5050-13228-S1/frameworks/20151211-003753-50331658-5050-7178-0000/executors/thermos-1449800979249-www-data-devel-job14-0-5b987aba-6c7a-4655-9a97-45c9eb24f74b/runs/744c2297-155a-41bf-8a31-a13dd9b1d421' for gc 6.99999369615704days in the future
I1211 02:31:39.544819 12611 gc.cpp:56] Scheduling '/var/lib/mesos/slave/meta/slaves/20151211-022803-50331658-5050-13228-S1/frameworks/20151211-003753-50331658-5050-7178-0000/executors/thermos-1449800979249-www-data-devel-job14-0-5b987aba-6c7a-4655-9a97-45c9eb24f74b' for gc 6.99999369600593days in the future
I1211 02:31:39.544832 12611 gc.cpp:56] Scheduling '/var/lib/mesos/slave/slaves/20151211-022803-50331658-5050-13228-S1/frameworks/20151211-003753-50331658-5050-7178-0000' for gc 6.99999369557926days in the future
I1211 02:31:39.544842 12611 gc.cpp:56] Scheduling '/var/lib/mesos/slave/meta/slaves/20151211-022803-50331658-5050-13228-S1/frameworks/20151211-003753-50331658-5050-7178-0000' for gc 6.99999369544days in the future
I1211 02:31:39.544776 12616 status_update_manager.cpp:279] Closing status update streams for framework 20151211-003753-50331658-5050-7178-0000
I1211 02:31:42.312949 12616 slave.cpp:1121] Got assigned task 1449800982273-www-data-devel-job9-0-4e2911e0-c213-4f04-a0ef-e637dcdc2bd1 for framework 20151211-003753-50331658-5050-7178-0000
I1211 02:31:42.313710 12616 gc.cpp:84] Unscheduling '/var/lib/mesos/slave/slaves/20151211-022803-50331658-5050-13228-S1/frameworks/20151211-003753-50331658-5050-7178-0000' from gc
I1211 02:31:42.313771 12616 gc.cpp:84] Unscheduling '/var/lib/mesos/slave/meta/slaves/20151211-022803-50331658-5050-13228-S1/frameworks/20151211-003753-50331658-5050-7178-0000' from gc
I1211 02:31:42.313871 12616 slave.cpp:1231] Launching task 1449800982273-www-data-devel-job9-0-4e2911e0-c213-4f04-a0ef-e637dcdc2bd1 for framework 20151211-003753-50331658-5050-7178-0000
I1211 02:31:42.315338 12616 slave.cpp:4160] Launching executor thermos-1449800982273-www-data-devel-job9-0-4e2911e0-c213-4f04-a0ef-e637dcdc2bd1 of framework 20151211-003753-50331658-5050-7178-0000 in work directory '/var/lib/mesos/slave/slaves/20151211-022803-50331658-5050-13228-S1/frameworks/20151211-003753-50331658-5050-7178-0000/executors/thermos-1449800982273-www-data-devel-job9-0-4e2911e0-c213-4f04-a0ef-e637dcdc2bd1/runs/fa491722-dfe7-430c-89c6-50c2269413bd'
I1211 02:31:42.315492 12613 containerizer.cpp:472] Starting container 'fa491722-dfe7-430c-89c6-50c2269413bd' for executor 'thermos-1449800982273-www-data-devel-job9-0-4e2911e0-c213-4f04-a0ef-e637dcdc2bd1' of framework '20151211-003753-50331658-5050-7178-0000'
I1211 02:31:42.316279 12613 launcher.cpp:130] Forked child with pid '13075' for container 'fa491722-dfe7-430c-89c6-50c2269413bd'
I1211 02:31:42.316836 12613 containerizer.cpp:682] Checkpointing executor's forked pid 13075 to '/var/lib/mesos/slave/meta/slaves/20151211-022803-50331658-5050-13228-S1/frameworks/20151211-003753-50331658-5050-7178-0000/executors/thermos-1449800982273-www-data-devel-job9-0-4e2911e0-c213-4f04-a0ef-e637dcdc2bd1/runs/fa491722-dfe7-430c-89c6-50c2269413bd/pids/forked.pid'
I1211 02:31:42.318291 12616 slave.cpp:1378] Queuing task '1449800982273-www-data-devel-job9-0-4e2911e0-c213-4f04-a0ef-e637dcdc2bd1' for executor thermos-1449800982273-www-data-devel-job9-0-4e2911e0-c213-4f04-a0ef-e637dcdc2bd1 of framework '20151211-003753-50331658-5050-7178-0000
I1211 02:31:42.336556 12613 fetcher.cpp:238] Fetching URIs using command '/usr/libexec/mesos/mesos-fetcher'
I1211 02:31:42.426530 12613 slave.cpp:3135] Monitoring executor 'thermos-1449800982273-www-data-devel-job9-0-4e2911e0-c213-4f04-a0ef-e637dcdc2bd1' of framework '20151211-003753-50331658-5050-7178-0000' in container 'fa491722-dfe7-430c-89c6-50c2269413bd'
I1211 02:31:42.528266 12613 containerizer.cpp:1111] Executor for container 'fa491722-dfe7-430c-89c6-50c2269413bd' has exited
I1211 02:31:42.528420 12613 containerizer.cpp:906] Destroying container 'fa491722-dfe7-430c-89c6-50c2269413bd'
I1211 02:31:42.531585 12614 slave.cpp:3193] Executor 'thermos-1449800982273-www-data-devel-job9-0-4e2911e0-c213-4f04-a0ef-e637dcdc2bd1' of framework 20151211-003753-50331658-5050-7178-0000 exited with status 0
I1211 02:31:42.532332 12614 slave.cpp:2508] Handling status update TASK_LOST (UUID: 198ebaf9-a007-425f-b174-90fffeba6f17) for task 1449800982273-www-data-devel-job9-0-4e2911e0-c213-4f04-a0ef-e637dcdc2bd1 of framework 20151211-003753-50331658-5050-7178-0000 from @0.0.0.0:0
W1211 02:31:42.533116 12613 containerizer.cpp:802] Ignoring update for unknown container: fa491722-dfe7-430c-89c6-50c2269413bd
I1211 02:31:42.533215 12613 status_update_manager.cpp:317] Received status update TASK_LOST (UUID: 198ebaf9-a007-425f-b174-90fffeba6f17) for task 1449800982273-www-data-devel-job9-0-4e2911e0-c213-4f04-a0ef-e637dcdc2bd1 of framework 20151211-003753-50331658-5050-7178-0000
I1211 02:31:42.533424 12613 status_update_manager.hpp:346] Checkpointing UPDATE for status update TASK_LOST (UUID: 198ebaf9-a007-425f-b174-90fffeba6f17) for task 1449800982273-www-data-devel-job9-0-4e2911e0-c213-4f04-a0ef-e637dcdc2bd1 of framework 20151211-003753-50331658-5050-7178-0000
I1211 02:31:42.537122 12610 slave.cpp:2753] Forwarding the update TASK_LOST (UUID: 198ebaf9-a007-425f-b174-90fffeba6f17) for task 1449800982273-www-data-devel-job9-0-4e2911e0-c213-4f04-a0ef-e637dcdc2bd1 of framework 20151211-003753-50331658-5050-7178-0000 to master@10.0.0.4:5050
I1211 02:31:42.564754 12617 slave.cpp:1558] Asked to kill task 1449800982273-www-data-devel-job9-0-4e2911e0-c213-4f04-a0ef-e637dcdc2bd1 of framework 20151211-003753-50331658-5050-7178-0000
W1211 02:31:42.564796 12617 slave.cpp:1683] Ignoring kill task 1449800982273-www-data-devel-job9-0-4e2911e0-c213-4f04-a0ef-e637dcdc2bd1 of framework 20151211-003753-50331658-5050-7178-0000 because the executor 'thermos-1449800982273-www-data-devel-job9-0-4e2911e0-c213-4f04-a0ef-e637dcdc2bd1' is terminating/terminated
I1211 02:31:42.574605 12615 status_update_manager.cpp:389] Received status update acknowledgement (UUID: 198ebaf9-a007-425f-b174-90fffeba6f17) for task 1449800982273-www-data-devel-job9-0-4e2911e0-c213-4f04-a0ef-e637dcdc2bd1 of framework 20151211-003753-50331658-5050-7178-0000
I1211 02:31:42.574643 12615 status_update_manager.hpp:346] Checkpointing ACK for status update TASK_LOST (UUID: 198ebaf9-a007-425f-b174-90fffeba6f17) for task 1449800982273-www-data-devel-job9-0-4e2911e0-c213-4f04-a0ef-e637dcdc2bd1 of framework 20151211-003753-50331658-5050-7178-0000
I1211 02:31:42.576683 12615 slave.cpp:3302] Cleaning up executor 'thermos-1449800982273-www-data-devel-job9-0-4e2911e0-c213-4f04-a0ef-e637dcdc2bd1' of framework 20151211-003753-50331658-5050-7178-0000
I1211 02:31:42.576887 12615 slave.cpp:3381] Cleaning up framework 20151211-003753-50331658-5050-7178-0000
I1211 02:31:42.576979 12615 status_update_manager.cpp:279] Closing status update streams for framework 20151211-003753-50331658-5050-7178-0000
I1211 02:31:42.576916 12616 gc.cpp:56] Scheduling '/var/lib/mesos/slave/slaves/20151211-022803-50331658-5050-13228-S1/frameworks/20151211-003753-50331658-5050-7178-0000/executors/thermos-1449800982273-www-data-devel-job9-0-4e2911e0-c213-4f04-a0ef-e637dcdc2bd1/runs/fa491722-dfe7-430c-89c6-50c2269413bd' for gc 6.99999332377185days in the future
I1211 02:31:42.577009 12616 gc.cpp:56] Scheduling '/var/lib/mesos/slave/slaves/20151211-022803-50331658-5050-13228-S1/frameworks/20151211-003753-50331658-5050-7178-0000/executors/thermos-1449800982273-www-data-devel-job9-0-4e2911e0-c213-4f04-a0ef-e637dcdc2bd1' for gc 6.99999332347259days in the future
I1211 02:31:42.577023 12616 gc.cpp:56] Scheduling '/var/lib/mesos/slave/meta/slaves/20151211-022803-50331658-5050-13228-S1/frameworks/20151211-003753-50331658-5050-7178-0000/executors/thermos-1449800982273-www-data-devel-job9-0-4e2911e0-c213-4f04-a0ef-e637dcdc2bd1/runs/fa491722-dfe7-430c-89c6-50c2269413bd' for gc 6.99999332327407days in the future
I1211 02:31:42.577050 12616 gc.cpp:56] Scheduling '/var/lib/mesos/slave/meta/slaves/20151211-022803-50331658-5050-13228-S1/frameworks/20151211-003753-50331658-5050-7178-0000/executors/thermos-1449800982273-www-data-devel-job9-0-4e2911e0-c213-4f04-a0ef-e637dcdc2bd1' for gc 6.99999332312593days in the future
I1211 02:31:42.577069 12616 gc.cpp:56] Scheduling '/var/lib/mesos/slave/slaves/20151211-022803-50331658-5050-13228-S1/frameworks/20151211-003753-50331658-5050-7178-0000' for gc 6.99999332223407days in the future
I1211 02:31:42.577110 12616 gc.cpp:56] Scheduling '/var/lib/mesos/slave/meta/slaves/20151211-022803-50331658-5050-13228-S1/frameworks/20151211-003753-50331658-5050-7178-0000' for gc 6.99999332208296days in the future
I1211 02:31:43.213563 12615 slave.cpp:1121] Got assigned task 1449800983181-www-data-devel-job16-0-c637f215-0d85-4529-917c-8085fbaf45e2 for framework 20151211-003753-50331658-5050-7178-0000
I1211 02:31:43.214490 12610 gc.cpp:84] Unscheduling '/var/lib/mesos/slave/slaves/20151211-022803-50331658-5050-13228-S1/frameworks/20151211-003753-50331658-5050-7178-0000' from gc
I1211 02:31:43.216292 12616 gc.cpp:84] Unscheduling '/var/lib/mesos/slave/meta/slaves/20151211-022803-50331658-5050-13228-S1/frameworks/20151211-003753-50331658-5050-7178-0000' from gc
I1211 02:31:43.216364 12615 slave.cpp:1231] Launching task 1449800983181-www-data-devel-job16-0-c637f215-0d85-4529-917c-8085fbaf45e2 for framework 20151211-003753-50331658-5050-7178-0000
I1211 02:31:43.217393 12615 slave.cpp:4160] Launching executor thermos-1449800983181-www-data-devel-job16-0-c637f215-0d85-4529-917c-8085fbaf45e2 of framework 20151211-003753-50331658-5050-7178-0000 in work directory '/var/lib/mesos/slave/slaves/20151211-022803-50331658-5050-13228-S1/frameworks/20151211-003753-50331658-5050-7178-0000/executors/thermos-1449800983181-www-data-devel-job16-0-c637f215-0d85-4529-917c-8085fbaf45e2/runs/2ca6b935-aec9-4a37-9f13-cb6962f99ae7'
I1211 02:31:43.217664 12610 containerizer.cpp:472] Starting container '2ca6b935-aec9-4a37-9f13-cb6962f99ae7' for executor 'thermos-1449800983181-www-data-devel-job16-0-c637f215-0d85-4529-917c-8085fbaf45e2' of framework '20151211-003753-50331658-5050-7178-0000'
I1211 02:31:43.218469 12610 launcher.cpp:130] Forked child with pid '13085' for container '2ca6b935-aec9-4a37-9f13-cb6962f99ae7'
I1211 02:31:43.220582 12610 containerizer.cpp:682] Checkpointing executor's forked pid 13085 to '/var/lib/mesos/slave/meta/slaves/20151211-022803-50331658-5050-13228-S1/frameworks/20151211-003753-50331658-5050-7178-0000/executors/thermos-1449800983181-www-data-devel-job16-0-c637f215-0d85-4529-917c-8085fbaf45e2/runs/2ca6b935-aec9-4a37-9f13-cb6962f99ae7/pids/forked.pid'
I1211 02:31:43.222523 12615 slave.cpp:1378] Queuing task '1449800983181-www-data-devel-job16-0-c637f215-0d85-4529-917c-8085fbaf45e2' for executor thermos-1449800983181-www-data-devel-job16-0-c637f215-0d85-4529-917c-8085fbaf45e2 of framework '20151211-003753-50331658-5050-7178-0000
I1211 02:31:43.231081 12610 fetcher.cpp:238] Fetching URIs using command '/usr/libexec/mesos/mesos-fetcher'
I1211 02:31:43.337803 12616 slave.cpp:3135] Monitoring executor 'thermos-1449800983181-www-data-devel-job16-0-c637f215-0d85-4529-917c-8085fbaf45e2' of framework '20151211-003753-50331658-5050-7178-0000' in container '2ca6b935-aec9-4a37-9f13-cb6962f99ae7'
I1211 02:31:43.438678 12616 containerizer.cpp:1111] Executor for container '2ca6b935-aec9-4a37-9f13-cb6962f99ae7' has exited
I1211 02:31:43.438767 12616 containerizer.cpp:906] Destroying container '2ca6b935-aec9-4a37-9f13-cb6962f99ae7'
I1211 02:31:43.439630 12616 slave.cpp:3193] Executor 'thermos-1449800983181-www-data-devel-job16-0-c637f215-0d85-4529-917c-8085fbaf45e2' of framework 20151211-003753-50331658-5050-7178-0000 exited with status 0
I1211 02:31:43.440279 12616 slave.cpp:2508] Handling status update TASK_LOST (UUID: dedfcec5-fbdf-48f6-9642-08fde20810a0) for task 1449800983181-www-data-devel-job16-0-c637f215-0d85-4529-917c-8085fbaf45e2 of framework 20151211-003753-50331658-5050-7178-0000 from @0.0.0.0:0
W1211 02:31:43.440476 12612 containerizer.cpp:802] Ignoring update for unknown container: 2ca6b935-aec9-4a37-9f13-cb6962f99ae7
I1211 02:31:43.441118 12617 status_update_manager.cpp:317] Received status update TASK_LOST (UUID: dedfcec5-fbdf-48f6-9642-08fde20810a0) for task 1449800983181-www-data-devel-job16-0-c637f215-0d85-4529-917c-8085fbaf45e2 of framework 20151211-003753-50331658-5050-7178-0000
I1211 02:31:43.441364 12617 status_update_manager.hpp:346] Checkpointing UPDATE for status update TASK_LOST (UUID: dedfcec5-fbdf-48f6-9642-08fde20810a0) for task 1449800983181-www-data-devel-job16-0-c637f215-0d85-4529-917c-8085fbaf45e2 of framework 20151211-003753-50331658-5050-7178-0000
I1211 02:31:43.444963 12617 slave.cpp:2753] Forwarding the update TASK_LOST (UUID: dedfcec5-fbdf-48f6-9642-08fde20810a0) for task 1449800983181-www-data-devel-job16-0-c637f215-0d85-4529-917c-8085fbaf45e2 of framework 20151211-003753-50331658-5050-7178-0000 to master@10.0.0.4:5050
I1211 02:31:43.458971 12610 slave.cpp:1558] Asked to kill task 1449800983181-www-data-devel-job16-0-c637f215-0d85-4529-917c-8085fbaf45e2 of framework 20151211-003753-50331658-5050-7178-0000
W1211 02:31:43.458998 12610 slave.cpp:1683] Ignoring kill task 1449800983181-www-data-devel-job16-0-c637f215-0d85-4529-917c-8085fbaf45e2 of framework 20151211-003753-50331658-5050-7178-0000 because the executor 'thermos-1449800983181-www-data-devel-job16-0-c637f215-0d85-4529-917c-8085fbaf45e2' is terminating/terminated
I1211 02:31:43.472259 12610 status_update_manager.cpp:389] Received status update acknowledgement (UUID: dedfcec5-fbdf-48f6-9642-08fde20810a0) for task 1449800983181-www-data-devel-job16-0-c637f215-0d85-4529-917c-8085fbaf45e2 of framework 20151211-003753-50331658-5050-7178-0000
I1211 02:31:43.472295 12610 status_update_manager.hpp:346] Checkpointing ACK for status update TASK_LOST (UUID: dedfcec5-fbdf-48f6-9642-08fde20810a0) for task 1449800983181-www-data-devel-job16-0-c637f215-0d85-4529-917c-8085fbaf45e2 of framework 20151211-003753-50331658-5050-7178-0000
I1211 02:31:43.475515 12610 slave.cpp:3302] Cleaning up executor 'thermos-1449800983181-www-data-devel-job16-0-c637f215-0d85-4529-917c-8085fbaf45e2' of framework 20151211-003753-50331658-5050-7178-0000
I1211 02:31:43.476876 12610 slave.cpp:3381] Cleaning up framework 20151211-003753-50331658-5050-7178-0000
I1211 02:31:43.476974 12610 status_update_manager.cpp:279] Closing status update streams for framework 20151211-003753-50331658-5050-7178-0000
I1211 02:31:43.476912 12614 gc.cpp:56] Scheduling '/var/lib/mesos/slave/slaves/20151211-022803-50331658-5050-13228-S1/frameworks/20151211-003753-50331658-5050-7178-0000/executors/thermos-1449800983181-www-data-devel-job16-0-c637f215-0d85-4529-917c-8085fbaf45e2/runs/2ca6b935-aec9-4a37-9f13-cb6962f99ae7' for gc 6.99999448144593days in the future
I1211 02:31:43.477016 12614 gc.cpp:56] Scheduling '/var/lib/mesos/slave/slaves/20151211-022803-50331658-5050-13228-S1/frameworks/20151211-003753-50331658-5050-7178-0000/executors/thermos-1449800983181-www-data-devel-job16-0-c637f215-0d85-4529-917c-8085fbaf45e2' for gc 6.99999448111111days in the future
I1211 02:31:43.477035 12614 gc.cpp:56] Scheduling '/var/lib/mesos/slave/meta/slaves/20151211-022803-50331658-5050-13228-S1/frameworks/20151211-003753-50331658-5050-7178-0000/executors/thermos-1449800983181-www-data-devel-job16-0-c637f215-0d85-4529-917c-8085fbaf45e2/runs/2ca6b935-aec9-4a37-9f13-cb6962f99ae7' for gc 6.9999944809037days in the future
I1211 02:31:43.477048 12614 gc.cpp:56] Scheduling '/var/lib/mesos/slave/meta/slaves/20151211-022803-50331658-5050-13228-S1/frameworks/20151211-003753-50331658-5050-7178-0000/executors/thermos-1449800983181-www-data-devel-job16-0-c637f215-0d85-4529-917c-8085fbaf45e2' for gc 6.99999448074074days in the future
I1211 02:31:43.477061 12614 gc.cpp:56] Scheduling '/var/lib/mesos/slave/slaves/20151211-022803-50331658-5050-13228-S1/frameworks/20151211-003753-50331658-5050-7178-0000' for gc 6.9999944797363days in the future
I1211 02:31:43.477072 12614 gc.cpp:56] Scheduling '/var/lib/mesos/slave/meta/slaves/20151211-022803-50331658-5050-13228-S1/frameworks/20151211-003753-50331658-5050-7178-0000' for gc 6.99999447959407days in the future
I1211 02:31:43.782084 12610 slave.cpp:3534] Framework 20151211-003753-50331658-5050-7178-0000 seems to have exited. Ignoring registration timeout for executor 'thermos-1449798284692-www-data-devel-job300-0-bd6e4a76-ca75-454e-936a-4b3cf51e20a2'
I1211 02:31:44.246309 12617 slave.cpp:3534] Framework 20151211-003753-50331658-5050-7178-0000 seems to have exited. Ignoring registration timeout for executor 'thermos-1449801043944-www-data-devel-job300-0-b96c5a67-779a-44d1-a121-79a4affef45e'
I1211 02:31:44.318758 12611 slave.cpp:1121] Got assigned task 1449800983242-www-data-devel-job16-0-99e34278-6bc0-4283-b13a-60a7e1c6a2c0 for framework 20151211-003753-50331658-5050-7178-0000
I1211 02:31:44.319344 12611 gc.cpp:84] Unscheduling '/var/lib/mesos/slave/slaves/20151211-022803-50331658-5050-13228-S1/frameworks/20151211-003753-50331658-5050-7178-0000' from gc
I1211 02:31:44.319381 12611 gc.cpp:84] Unscheduling '/var/lib/mesos/slave/meta/slaves/20151211-022803-50331658-5050-13228-S1/frameworks/20151211-003753-50331658-5050-7178-0000' from gc
I1211 02:31:44.319416 12611 slave.cpp:1231] Launching task 1449800983242-www-data-devel-job16-0-99e34278-6bc0-4283-b13a-60a7e1c6a2c0 for framework 20151211-003753-50331658-5050-7178-0000
I1211 02:31:44.320487 12611 slave.cpp:4160] Launching executor thermos-1449800983242-www-data-devel-job16-0-99e34278-6bc0-4283-b13a-60a7e1c6a2c0 of framework 20151211-003753-50331658-5050-7178-0000 in work directory '/var/lib/mesos/slave/slaves/20151211-022803-50331658-5050-13228-S1/frameworks/20151211-003753-50331658-5050-7178-0000/executors/thermos-1449800983242-www-data-devel-job16-0-99e34278-6bc0-4283-b13a-60a7e1c6a2c0/runs/21d1f5a2-04db-437b-af6d-052727669e21'
I1211 02:31:44.321001 12611 slave.cpp:1378] Queuing task '1449800983242-www-data-devel-job16-0-99e34278-6bc0-4283-b13a-60a7e1c6a2c0' for executor thermos-1449800983242-www-data-devel-job16-0-99e34278-6bc0-4283-b13a-60a7e1c6a2c0 of framework '20151211-003753-50331658-5050-7178-0000
I1211 02:31:44.321046 12611 containerizer.cpp:472] Starting container '21d1f5a2-04db-437b-af6d-052727669e21' for executor 'thermos-1449800983242-www-data-devel-job16-0-99e34278-6bc0-4283-b13a-60a7e1c6a2c0' of framework '20151211-003753-50331658-5050-7178-0000'
I1211 02:31:44.322096 12611 launcher.cpp:130] Forked child with pid '13095' for container '21d1f5a2-04db-437b-af6d-052727669e21'
I1211 02:31:44.323281 12611 containerizer.cpp:682] Checkpointing executor's forked pid 13095 to '/var/lib/mesos/slave/meta/slaves/20151211-022803-50331658-5050-13228-S1/frameworks/20151211-003753-50331658-5050-7178-0000/executors/thermos-1449800983242-www-data-devel-job16-0-99e34278-6bc0-4283-b13a-60a7e1c6a2c0/runs/21d1f5a2-04db-437b-af6d-052727669e21/pids/forked.pid'
I1211 02:31:44.341743 12614 fetcher.cpp:238] Fetching URIs using command '/usr/libexec/mesos/mesos-fetcher'
I1211 02:31:44.464671 12614 slave.cpp:3135] Monitoring executor 'thermos-1449800983242-www-data-devel-job16-0-99e34278-6bc0-4283-b13a-60a7e1c6a2c0' of framework '20151211-003753-50331658-5050-7178-0000' in container '21d1f5a2-04db-437b-af6d-052727669e21'
I1211 02:31:44.566642 12614 containerizer.cpp:1111] Executor for container '21d1f5a2-04db-437b-af6d-052727669e21' has exited
I1211 02:31:44.566767 12614 containerizer.cpp:906] Destroying container '21d1f5a2-04db-437b-af6d-052727669e21'
I1211 02:31:44.567414 12614 slave.cpp:3193] Executor 'thermos-1449800983242-www-data-devel-job16-0-99e34278-6bc0-4283-b13a-60a7e1c6a2c0' of framework 20151211-003753-50331658-5050-7178-0000 exited with status 0
I1211 02:31:44.567912 12614 slave.cpp:2508] Handling status update TASK_LOST (UUID: af8f78f3-3d62-4eb7-9b6e-64038cf365ec) for task 1449800983242-www-data-devel-job16-0-99e34278-6bc0-4283-b13a-60a7e1c6a2c0 of framework 20151211-003753-50331658-5050-7178-0000 from @0.0.0.0:0
W1211 02:31:44.568043 12612 containerizer.cpp:802] Ignoring update for unknown container: 21d1f5a2-04db-437b-af6d-052727669e21
I1211 02:31:44.568528 12613 status_update_manager.cpp:317] Received status update TASK_LOST (UUID: af8f78f3-3d62-4eb7-9b6e-64038cf365ec) for task 1449800983242-www-data-devel-job16-0-99e34278-6bc0-4283-b13a-60a7e1c6a2c0 of framework 20151211-003753-50331658-5050-7178-0000
I1211 02:31:44.568693 12613 status_update_manager.hpp:346] Checkpointing UPDATE for status update TASK_LOST (UUID: af8f78f3-3d62-4eb7-9b6e-64038cf365ec) for task 1449800983242-www-data-devel-job16-0-99e34278-6bc0-4283-b13a-60a7e1c6a2c0 of framework 20151211-003753-50331658-5050-7178-0000
I1211 02:31:44.573276 12613 slave.cpp:2753] Forwarding the update TASK_LOST (UUID: af8f78f3-3d62-4eb7-9b6e-64038cf365ec) for task 1449800983242-www-data-devel-job16-0-99e34278-6bc0-4283-b13a-60a7e1c6a2c0 of framework 20151211-003753-50331658-5050-7178-0000 to master@10.0.0.4:5050
I1211 02:31:44.603719 12616 slave.cpp:1558] Asked to kill task 1449800983242-www-data-devel-job16-0-99e34278-6bc0-4283-b13a-60a7e1c6a2c0 of framework 20151211-003753-50331658-5050-7178-0000
W1211 02:31:44.603754 12616 slave.cpp:1683] Ignoring kill task 1449800983242-www-data-devel-job16-0-99e34278-6bc0-4283-b13a-60a7e1c6a2c0 of framework 20151211-003753-50331658-5050-7178-0000 because the executor 'thermos-1449800983242-www-data-devel-job16-0-99e34278-6bc0-4283-b13a-60a7e1c6a2c0' is terminating/terminated
I1211 02:31:44.630489 12616 status_update_manager.cpp:389] Received status update acknowledgement (UUID: af8f78f3-3d62-4eb7-9b6e-64038cf365ec) for task 1449800983242-www-data-devel-job16-0-99e34278-6bc0-4283-b13a-60a7e1c6a2c0 of framework 20151211-003753-50331658-5050-7178-0000
I1211 02:31:44.630621 12616 status_update_manager.hpp:346] Checkpointing ACK for status update TASK_LOST (UUID: af8f78f3-3d62-4eb7-9b6e-64038cf365ec) for task 1449800983242-www-data-devel-job16-0-99e34278-6bc0-4283-b13a-60a7e1c6a2c0 of framework 20151211-003753-50331658-5050-7178-0000
I1211 02:31:44.632642 12616 slave.cpp:3302] Cleaning up executor 'thermos-1449800983242-www-data-devel-job16-0-99e34278-6bc0-4283-b13a-60a7e1c6a2c0' of framework 20151211-003753-50331658-5050-7178-0000
I1211 02:31:44.632855 12616 slave.cpp:3381] Cleaning up framework 20151211-003753-50331658-5050-7178-0000
I1211 02:31:44.632905 12616 gc.cpp:56] Scheduling '/var/lib/mesos/slave/slaves/20151211-022803-50331658-5050-13228-S1/frameworks/20151211-003753-50331658-5050-7178-0000/executors/thermos-1449800983242-www-data-devel-job16-0-99e34278-6bc0-4283-b13a-60a7e1c6a2c0/runs/21d1f5a2-04db-437b-af6d-052727669e21' for gc 6.99999267605333days in the future
I1211 02:31:44.632956 12616 gc.cpp:56] Scheduling '/var/lib/mesos/slave/slaves/20151211-022803-50331658-5050-13228-S1/frameworks/20151211-003753-50331658-5050-7178-0000/executors/thermos-1449800983242-www-data-devel-job16-0-99e34278-6bc0-4283-b13a-60a7e1c6a2c0' for gc 6.99999267572741days in the future
I1211 02:31:44.638113 12616 gc.cpp:56] Scheduling '/var/lib/mesos/slave/meta/slaves/20151211-022803-50331658-5050-13228-S1/frameworks/20151211-003753-50331658-5050-7178-0000/executors/thermos-1449800983242-www-data-devel-job16-0-99e34278-6bc0-4283-b13a-60a7e1c6a2c0/runs/21d1f5a2-04db-437b-af6d-052727669e21' for gc 6.99999267550815days in the future
I1211 02:31:44.638142 12616 gc.cpp:56] Scheduling '/var/lib/mesos/slave/meta/slaves/20151211-022803-50331658-5050-13228-S1/frameworks/20151211-003753-50331658-5050-7178-0000/executors/thermos-1449800983242-www-data-devel-job16-0-99e34278-6bc0-4283-b13a-60a7e1c6a2c0' for gc 6.99999267534815days in the future
I1211 02:31:44.638157 12616 gc.cpp:56] Scheduling '/var/lib/mesos/slave/slaves/20151211-022803-50331658-5050-13228-S1/frameworks/20151211-003753-50331658-5050-7178-0000' for gc 6.99999267495407days in the future
I1211 02:31:44.638169 12616 gc.cpp:56] Scheduling '/var/lib/mesos/slave/meta/slaves/20151211-022803-50331658-5050-13228-S1/frameworks/20151211-003753-50331658-5050-7178-0000' for gc 6.99999267481481days in the future
I1211 02:31:44.638061 12617 status_update_manager.cpp:279] Closing status update streams for framework 20151211-003753-50331658-5050-7178-0000
I1211 02:31:45.290634 12610 slave.cpp:1121] Got assigned task 1449800984657-www-data-devel-job31-0-b4c97fb0-bf36-43f0-8ec8-f1e12b2befae for framework 20151211-003753-50331658-5050-7178-0000
I1211 02:31:45.291237 12610 gc.cpp:84] Unscheduling '/var/lib/mesos/slave/slaves/20151211-022803-50331658-5050-13228-S1/frameworks/20151211-003753-50331658-5050-7178-0000' from gc
I1211 02:31:45.291275 12610 gc.cpp:84] Unscheduling '/var/lib/mesos/slave/meta/slaves/20151211-022803-50331658-5050-13228-S1/frameworks/20151211-003753-50331658-5050-7178-0000' from gc
I1211 02:31:45.291307 12610 slave.cpp:1231] Launching task 1449800984657-www-data-devel-job31-0-b4c97fb0-bf36-43f0-8ec8-f1e12b2befae for framework 20151211-003753-50331658-5050-7178-0000
I1211 02:31:45.292665 12610 slave.cpp:4160] Launching executor thermos-1449800984657-www-data-devel-job31-0-b4c97fb0-bf36-43f0-8ec8-f1e12b2befae of framework 20151211-003753-50331658-5050-7178-0000 in work directory '/var/lib/mesos/slave/slaves/20151211-022803-50331658-5050-13228-S1/frameworks/20151211-003753-50331658-5050-7178-0000/executors/thermos-1449800984657-www-data-devel-job31-0-b4c97fb0-bf36-43f0-8ec8-f1e12b2befae/runs/80d36a52-45c8-489b-b515-bd7bf4bd4f6b'
I1211 02:31:45.292806 12616 containerizer.cpp:472] Starting container '80d36a52-45c8-489b-b515-bd7bf4bd4f6b' for executor 'thermos-1449800984657-www-data-devel-job31-0-b4c97fb0-bf36-43f0-8ec8-f1e12b2befae' of framework '20151211-003753-50331658-5050-7178-0000'
I1211 02:31:45.293762 12616 launcher.cpp:130] Forked child with pid '13105' for container '80d36a52-45c8-489b-b515-bd7bf4bd4f6b'
I1211 02:31:45.295250 12616 containerizer.cpp:682] Checkpointing executor's forked pid 13105 to '/var/lib/mesos/slave/meta/slaves/20151211-022803-50331658-5050-13228-S1/frameworks/20151211-003753-50331658-5050-7178-0000/executors/thermos-1449800984657-www-data-devel-job31-0-b4c97fb0-bf36-43f0-8ec8-f1e12b2befae/runs/80d36a52-45c8-489b-b515-bd7bf4bd4f6b/pids/forked.pid'
I1211 02:31:45.296857 12610 slave.cpp:1378] Queuing task '1449800984657-www-data-devel-job31-0-b4c97fb0-bf36-43f0-8ec8-f1e12b2befae' for executor thermos-1449800984657-www-data-devel-job31-0-b4c97fb0-bf36-43f0-8ec8-f1e12b2befae of framework '20151211-003753-50331658-5050-7178-0000
I1211 02:31:45.306643 12616 fetcher.cpp:238] Fetching URIs using command '/usr/libexec/mesos/mesos-fetcher'
I1211 02:31:45.383458 12616 slave.cpp:3135] Monitoring executor 'thermos-1449800984657-www-data-devel-job31-0-b4c97fb0-bf36-43f0-8ec8-f1e12b2befae' of framework '20151211-003753-50331658-5050-7178-0000' in container '80d36a52-45c8-489b-b515-bd7bf4bd4f6b'
I1211 02:31:45.483817 12616 containerizer.cpp:1111] Executor for container '80d36a52-45c8-489b-b515-bd7bf4bd4f6b' has exited
I1211 02:31:45.483939 12616 containerizer.cpp:906] Destroying container '80d36a52-45c8-489b-b515-bd7bf4bd4f6b'
I1211 02:31:45.485448 12610 slave.cpp:3193] Executor 'thermos-1449800984657-www-data-devel-job31-0-b4c97fb0-bf36-43f0-8ec8-f1e12b2befae' of framework 20151211-003753-50331658-5050-7178-0000 exited with status 0
I1211 02:31:45.486418 12610 slave.cpp:2508] Handling status update TASK_LOST (UUID: e65390e5-23c5-4707-afca-8dd1a1b168f3) for task 1449800984657-www-data-devel-job31-0-b4c97fb0-bf36-43f0-8ec8-f1e12b2befae of framework 20151211-003753-50331658-5050-7178-0000 from @0.0.0.0:0
W1211 02:31:45.487195 12616 containerizer.cpp:802] Ignoring update for unknown container: 80d36a52-45c8-489b-b515-bd7bf4bd4f6b
I1211 02:31:45.487279 12616 status_update_manager.cpp:317] Received status update TASK_LOST (UUID: e65390e5-23c5-4707-afca-8dd1a1b168f3) for task 1449800984657-www-data-devel-job31-0-b4c97fb0-bf36-43f0-8ec8-f1e12b2befae of framework 20151211-003753-50331658-5050-7178-0000
I1211 02:31:45.487570 12616 status_update_manager.hpp:346] Checkpointing UPDATE for status update TASK_LOST (UUID: e65390e5-23c5-4707-afca-8dd1a1b168f3) for task 1449800984657-www-data-devel-job31-0-b4c97fb0-bf36-43f0-8ec8-f1e12b2befae of framework 20151211-003753-50331658-5050-7178-0000
I1211 02:31:45.491852 12613 slave.cpp:2753] Forwarding the update TASK_LOST (UUID: e65390e5-23c5-4707-afca-8dd1a1b168f3) for task 1449800984657-www-data-devel-job31-0-b4c97fb0-bf36-43f0-8ec8-f1e12b2befae of framework 20151211-003753-50331658-5050-7178-0000 to master@10.0.0.4:5050
I1211 02:31:45.512313 12615 slave.cpp:1558] Asked to kill task 1449800984657-www-data-devel-job31-0-b4c97fb0-bf36-43f0-8ec8-f1e12b2befae of framework 20151211-003753-50331658-5050-7178-0000
W1211 02:31:45.512362 12615 slave.cpp:1683] Ignoring kill task 1449800984657-www-data-devel-job31-0-b4c97fb0-bf36-43f0-8ec8-f1e12b2befae of framework 20151211-003753-50331658-5050-7178-0000 because the executor 'thermos-1449800984657-www-data-devel-job31-0-b4c97fb0-bf36-43f0-8ec8-f1e12b2befae' is terminating/terminated
I1211 02:31:45.520334 12611 status_update_manager.cpp:389] Received status update acknowledgement (UUID: e65390e5-23c5-4707-afca-8dd1a1b168f3) for task 1449800984657-www-data-devel-job31-0-b4c97fb0-bf36-43f0-8ec8-f1e12b2befae of framework 20151211-003753-50331658-5050-7178-0000
I1211 02:31:45.520370 12611 status_update_manager.hpp:346] Checkpointing ACK for status update TASK_LOST (UUID: e65390e5-23c5-4707-afca-8dd1a1b168f3) for task 1449800984657-www-data-devel-job31-0-b4c97fb0-bf36-43f0-8ec8-f1e12b2befae of framework 20151211-003753-50331658-5050-7178-0000
I1211 02:31:45.522322 12611 slave.cpp:3302] Cleaning up executor 'thermos-1449800984657-www-data-devel-job31-0-b4c97fb0-bf36-43f0-8ec8-f1e12b2befae' of framework 20151211-003753-50331658-5050-7178-0000
I1211 02:31:45.522532 12611 slave.cpp:3381] Cleaning up framework 20151211-003753-50331658-5050-7178-0000
I1211 02:31:45.522580 12611 gc.cpp:56] Scheduling '/var/lib/mesos/slave/slaves/20151211-022803-50331658-5050-13228-S1/frameworks/20151211-003753-50331658-5050-7178-0000/executors/thermos-1449800984657-www-data-devel-job31-0-b4c97fb0-bf36-43f0-8ec8-f1e12b2befae/runs/80d36a52-45c8-489b-b515-bd7bf4bd4f6b' for gc 6.99999395291556days in the future
I1211 02:31:45.522608 12611 gc.cpp:56] Scheduling '/var/lib/mesos/slave/slaves/20151211-022803-50331658-5050-13228-S1/frameworks/20151211-003753-50331658-5050-7178-0000/executors/thermos-1449800984657-www-data-devel-job31-0-b4c97fb0-bf36-43f0-8ec8-f1e12b2befae' for gc 6.99999395260444days in the future
I1211 02:31:45.522622 12611 gc.cpp:56] Scheduling '/var/lib/mesos/slave/meta/slaves/20151211-022803-50331658-5050-13228-S1/frameworks/20151211-003753-50331658-5050-7178-0000/executors/thermos-1449800984657-www-data-devel-job31-0-b4c97fb0-bf36-43f0-8ec8-f1e12b2befae/runs/80d36a52-45c8-489b-b515-bd7bf4bd4f6b' for gc 6.99999395240889days in the future
I1211 02:31:45.522641 12611 gc.cpp:56] Scheduling '/var/lib/mesos/slave/meta/slaves/20151211-022803-50331658-5050-13228-S1/frameworks/20151211-003753-50331658-5050-7178-0000/executors/thermos-1449800984657-www-data-devel-job31-0-b4c97fb0-bf36-43f0-8ec8-f1e12b2befae' for gc 6.99999395225481days in the future
I1211 02:31:45.522680 12611 gc.cpp:56] Scheduling '/var/lib/mesos/slave/slaves/20151211-022803-50331658-5050-13228-S1/frameworks/20151211-003753-50331658-5050-7178-0000' for gc 6.99999395184days in the future
I1211 02:31:45.522697 12611 gc.cpp:56] Scheduling '/var/lib/mesos/slave/meta/slaves/20151211-022803-50331658-5050-13228-S1/frameworks/20151211-003753-50331658-5050-7178-0000' for gc 6.99999395171259days in the future
I1211 02:31:45.522657 12614 status_update_manager.cpp:279] Closing status update streams for framework 20151211-003753-50331658-5050-7178-0000
I1211 02:31:46.520571 12610 slave.cpp:1121] Got assigned task 1449800986477-www-data-devel-job12-0-a9ef7fc7-415d-4d8b-88cc-1a400f2bd113 for framework 20151211-003753-50331658-5050-7178-0000
I1211 02:31:46.521282 12610 gc.cpp:84] Unscheduling '/var/lib/mesos/slave/slaves/20151211-022803-50331658-5050-13228-S1/frameworks/20151211-003753-50331658-5050-7178-0000' from gc
I1211 02:31:46.521381 12610 gc.cpp:84] Unscheduling '/var/lib/mesos/slave/meta/slaves/20151211-022803-50331658-5050-13228-S1/frameworks/20151211-003753-50331658-5050-7178-0000' from gc
I1211 02:31:46.521419 12610 slave.cpp:1231] Launching task 1449800986477-www-data-devel-job12-0-a9ef7fc7-415d-4d8b-88cc-1a400f2bd113 for framework 20151211-003753-50331658-5050-7178-0000
I1211 02:31:46.522574 12610 slave.cpp:4160] Launching executor thermos-1449800986477-www-data-devel-job12-0-a9ef7fc7-415d-4d8b-88cc-1a400f2bd113 of framework 20151211-003753-50331658-5050-7178-0000 in work directory '/var/lib/mesos/slave/slaves/20151211-022803-50331658-5050-13228-S1/frameworks/20151211-003753-50331658-5050-7178-0000/executors/thermos-1449800986477-www-data-devel-job12-0-a9ef7fc7-415d-4d8b-88cc-1a400f2bd113/runs/ae679288-ae26-46ee-b009-b2899783d12f'
I1211 02:31:46.522721 12614 containerizer.cpp:472] Starting container 'ae679288-ae26-46ee-b009-b2899783d12f' for executor 'thermos-1449800986477-www-data-devel-job12-0-a9ef7fc7-415d-4d8b-88cc-1a400f2bd113' of framework '20151211-003753-50331658-5050-7178-0000'
I1211 02:31:46.523432 12614 launcher.cpp:130] Forked child with pid '13115' for container 'ae679288-ae26-46ee-b009-b2899783d12f'
I1211 02:31:46.523600 12614 containerizer.cpp:682] Checkpointing executor's forked pid 13115 to '/var/lib/mesos/slave/meta/slaves/20151211-022803-50331658-5050-13228-S1/frameworks/20151211-003753-50331658-5050-7178-0000/executors/thermos-1449800986477-www-data-devel-job12-0-a9ef7fc7-415d-4d8b-88cc-1a400f2bd113/runs/ae679288-ae26-46ee-b009-b2899783d12f/pids/forked.pid'
I1211 02:31:46.533272 12610 slave.cpp:1378] Queuing task '1449800986477-www-data-devel-job12-0-a9ef7fc7-415d-4d8b-88cc-1a400f2bd113' for executor thermos-1449800986477-www-data-devel-job12-0-a9ef7fc7-415d-4d8b-88cc-1a400f2bd113 of framework '20151211-003753-50331658-5050-7178-0000
I1211 02:31:46.542706 12614 fetcher.cpp:238] Fetching URIs using command '/usr/libexec/mesos/mesos-fetcher'
I1211 02:31:46.592941 12614 slave.cpp:3135] Monitoring executor 'thermos-1449800986477-www-data-devel-job12-0-a9ef7fc7-415d-4d8b-88cc-1a400f2bd113' of framework '20151211-003753-50331658-5050-7178-0000' in container 'ae679288-ae26-46ee-b009-b2899783d12f'
I1211 02:31:46.696574 12614 containerizer.cpp:1111] Executor for container 'ae679288-ae26-46ee-b009-b2899783d12f' has exited
I1211 02:31:46.696696 12614 containerizer.cpp:906] Destroying container 'ae679288-ae26-46ee-b009-b2899783d12f'
I1211 02:31:46.697613 12614 slave.cpp:3193] Executor 'thermos-1449800986477-www-data-devel-job12-0-a9ef7fc7-415d-4d8b-88cc-1a400f2bd113' of framework 20151211-003753-50331658-5050-7178-0000 exited with status 0
I1211 02:31:46.698343 12614 slave.cpp:2508] Handling status update TASK_LOST (UUID: 0d62256e-9361-400d-b4a7-5a1f13ec17a0) for task 1449800986477-www-data-devel-job12-0-a9ef7fc7-415d-4d8b-88cc-1a400f2bd113 of framework 20151211-003753-50331658-5050-7178-0000 from @0.0.0.0:0
W1211 02:31:46.698547 12613 containerizer.cpp:802] Ignoring update for unknown container: ae679288-ae26-46ee-b009-b2899783d12f
I1211 02:31:46.699249 12611 status_update_manager.cpp:317] Received status update TASK_LOST (UUID: 0d62256e-9361-400d-b4a7-5a1f13ec17a0) for task 1449800986477-www-data-devel-job12-0-a9ef7fc7-415d-4d8b-88cc-1a400f2bd113 of framework 20151211-003753-50331658-5050-7178-0000
I1211 02:31:46.699503 12611 status_update_manager.hpp:346] Checkpointing UPDATE for status update TASK_LOST (UUID: 0d62256e-9361-400d-b4a7-5a1f13ec17a0) for task 1449800986477-www-data-devel-job12-0-a9ef7fc7-415d-4d8b-88cc-1a400f2bd113 of framework 20151211-003753-50331658-5050-7178-0000
I1211 02:31:46.703891 12611 slave.cpp:2753] Forwarding the update TASK_LOST (UUID: 0d62256e-9361-400d-b4a7-5a1f13ec17a0) for task 1449800986477-www-data-devel-job12-0-a9ef7fc7-415d-4d8b-88cc-1a400f2bd113 of framework 20151211-003753-50331658-5050-7178-0000 to master@10.0.0.4:5050
I1211 02:31:46.720173 12612 slave.cpp:1558] Asked to kill task 1449800986477-www-data-devel-job12-0-a9ef7fc7-415d-4d8b-88cc-1a400f2bd113 of framework 20151211-003753-50331658-5050-7178-0000
W1211 02:31:46.720209 12612 slave.cpp:1683] Ignoring kill task 1449800986477-www-data-devel-job12-0-a9ef7fc7-415d-4d8b-88cc-1a400f2bd113 of framework 20151211-003753-50331658-5050-7178-0000 because the executor 'thermos-1449800986477-www-data-devel-job12-0-a9ef7fc7-415d-4d8b-88cc-1a400f2bd113' is terminating/terminated
I1211 02:31:46.732430 12615 status_update_manager.cpp:389] Received status update acknowledgement (UUID: 0d62256e-9361-400d-b4a7-5a1f13ec17a0) for task 1449800986477-www-data-devel-job12-0-a9ef7fc7-415d-4d8b-88cc-1a400f2bd113 of framework 20151211-003753-50331658-5050-7178-0000
I1211 02:31:46.732482 12615 status_update_manager.hpp:346] Checkpointing ACK for status update TASK_LOST (UUID: 0d62256e-9361-400d-b4a7-5a1f13ec17a0) for task 1449800986477-www-data-devel-job12-0-a9ef7fc7-415d-4d8b-88cc-1a400f2bd113 of framework 20151211-003753-50331658-5050-7178-0000
I1211 02:31:46.734555 12615 slave.cpp:3302] Cleaning up executor 'thermos-1449800986477-www-data-devel-job12-0-a9ef7fc7-415d-4d8b-88cc-1a400f2bd113' of framework 20151211-003753-50331658-5050-7178-0000
I1211 02:31:46.734766 12615 slave.cpp:3381] Cleaning up framework 20151211-003753-50331658-5050-7178-0000
I1211 02:31:46.734815 12615 gc.cpp:56] Scheduling '/var/lib/mesos/slave/slaves/20151211-022803-50331658-5050-13228-S1/frameworks/20151211-003753-50331658-5050-7178-0000/executors/thermos-1449800986477-www-data-devel-job12-0-a9ef7fc7-415d-4d8b-88cc-1a400f2bd113/runs/ae679288-ae26-46ee-b009-b2899783d12f' for gc 6.99999149651852days in the future
I1211 02:31:46.734843 12615 gc.cpp:56] Scheduling '/var/lib/mesos/slave/slaves/20151211-022803-50331658-5050-13228-S1/frameworks/20151211-003753-50331658-5050-7178-0000/executors/thermos-1449800986477-www-data-devel-job12-0-a9ef7fc7-415d-4d8b-88cc-1a400f2bd113' for gc 6.99999149618074days in the future
I1211 02:31:46.734855 12615 gc.cpp:56] Scheduling '/var/lib/mesos/slave/meta/slaves/20151211-022803-50331658-5050-13228-S1/frameworks/20151211-003753-50331658-5050-7178-0000/executors/thermos-1449800986477-www-data-devel-job12-0-a9ef7fc7-415d-4d8b-88cc-1a400f2bd113/runs/ae679288-ae26-46ee-b009-b2899783d12f' for gc 6.99999149597333days in the future
I1211 02:31:46.734869 12615 gc.cpp:56] Scheduling '/var/lib/mesos/slave/meta/slaves/20151211-022803-50331658-5050-13228-S1/frameworks/20151211-003753-50331658-5050-7178-0000/executors/thermos-1449800986477-www-data-devel-job12-0-a9ef7fc7-415d-4d8b-88cc-1a400f2bd113' for gc 6.99999149581037days in the future
I1211 02:31:46.734880 12615 gc.cpp:56] Scheduling '/var/lib/mesos/slave/slaves/20151211-022803-50331658-5050-13228-S1/frameworks/20151211-003753-50331658-5050-7178-0000' for gc 6.99999149544days in the future
I1211 02:31:46.734897 12615 gc.cpp:56] Scheduling '/var/lib/mesos/slave/meta/slaves/20151211-022803-50331658-5050-13228-S1/frameworks/20151211-003753-50331658-5050-7178-0000' for gc 6.99999149531259days in the future
I1211 02:31:46.734933 12616 status_update_manager.cpp:279] Closing status update streams for framework 20151211-003753-50331658-5050-7178-0000
I1211 02:31:48.624166 12613 slave.cpp:1121] Got assigned task 1449801044454-www-data-devel-job300-0-2975e58e-7b69-4bc2-a970-81ee6cb8d4d5 for framework 20151211-003753-50331658-5050-7178-0000
I1211 02:31:48.624784 12613 gc.cpp:84] Unscheduling '/var/lib/mesos/slave/slaves/20151211-022803-50331658-5050-13228-S1/frameworks/20151211-003753-50331658-5050-7178-0000' from gc
I1211 02:31:48.624821 12613 gc.cpp:84] Unscheduling '/var/lib/mesos/slave/meta/slaves/20151211-022803-50331658-5050-13228-S1/frameworks/20151211-003753-50331658-5050-7178-0000' from gc
I1211 02:31:48.624855 12613 slave.cpp:1231] Launching task 1449801044454-www-data-devel-job300-0-2975e58e-7b69-4bc2-a970-81ee6cb8d4d5 for framework 20151211-003753-50331658-5050-7178-0000
I1211 02:31:48.626072 12613 slave.cpp:4160] Launching executor thermos-1449801044454-www-data-devel-job300-0-2975e58e-7b69-4bc2-a970-81ee6cb8d4d5 of framework 20151211-003753-50331658-5050-7178-0000 in work directory '/var/lib/mesos/slave/slaves/20151211-022803-50331658-5050-13228-S1/frameworks/20151211-003753-50331658-5050-7178-0000/executors/thermos-1449801044454-www-data-devel-job300-0-2975e58e-7b69-4bc2-a970-81ee6cb8d4d5/runs/e54d0b2f-ac60-426a-a773-951b32fda8b5'
I1211 02:31:48.626343 12611 containerizer.cpp:472] Starting container 'e54d0b2f-ac60-426a-a773-951b32fda8b5' for executor 'thermos-1449801044454-www-data-devel-job300-0-2975e58e-7b69-4bc2-a970-81ee6cb8d4d5' of framework '20151211-003753-50331658-5050-7178-0000'
I1211 02:31:48.627295 12611 launcher.cpp:130] Forked child with pid '13125' for container 'e54d0b2f-ac60-426a-a773-951b32fda8b5'
I1211 02:31:48.627928 12611 containerizer.cpp:682] Checkpointing executor's forked pid 13125 to '/var/lib/mesos/slave/meta/slaves/20151211-022803-50331658-5050-13228-S1/frameworks/20151211-003753-50331658-5050-7178-0000/executors/thermos-1449801044454-www-data-devel-job300-0-2975e58e-7b69-4bc2-a970-81ee6cb8d4d5/runs/e54d0b2f-ac60-426a-a773-951b32fda8b5/pids/forked.pid'
I1211 02:31:48.629427 12613 slave.cpp:1378] Queuing task '1449801044454-www-data-devel-job300-0-2975e58e-7b69-4bc2-a970-81ee6cb8d4d5' for executor thermos-1449801044454-www-data-devel-job300-0-2975e58e-7b69-4bc2-a970-81ee6cb8d4d5 of framework '20151211-003753-50331658-5050-7178-0000
I1211 02:31:48.645736 12611 fetcher.cpp:238] Fetching URIs using command '/usr/libexec/mesos/mesos-fetcher'
I1211 02:31:48.711745 12611 slave.cpp:3135] Monitoring executor 'thermos-1449801044454-www-data-devel-job300-0-2975e58e-7b69-4bc2-a970-81ee6cb8d4d5' of framework '20151211-003753-50331658-5050-7178-0000' in container 'e54d0b2f-ac60-426a-a773-951b32fda8b5'
I1211 02:31:48.815289 12611 containerizer.cpp:1111] Executor for container 'e54d0b2f-ac60-426a-a773-951b32fda8b5' has exited
I1211 02:31:48.815438 12611 containerizer.cpp:906] Destroying container 'e54d0b2f-ac60-426a-a773-951b32fda8b5'
I1211 02:31:48.817781 12613 slave.cpp:3193] Executor 'thermos-1449801044454-www-data-devel-job300-0-2975e58e-7b69-4bc2-a970-81ee6cb8d4d5' of framework 20151211-003753-50331658-5050-7178-0000 exited with status 0
I1211 02:31:48.818505 12613 slave.cpp:2508] Handling status update TASK_LOST (UUID: 9d8fe4a1-d801-4b1b-9669-e905a13d909b) for task 1449801044454-www-data-devel-job300-0-2975e58e-7b69-4bc2-a970-81ee6cb8d4d5 of framework 20151211-003753-50331658-5050-7178-0000 from @0.0.0.0:0
W1211 02:31:48.819197 12611 containerizer.cpp:802] Ignoring update for unknown container: e54d0b2f-ac60-426a-a773-951b32fda8b5
I1211 02:31:48.819278 12611 status_update_manager.cpp:317] Received status update TASK_LOST (UUID: 9d8fe4a1-d801-4b1b-9669-e905a13d909b) for task 1449801044454-www-data-devel-job300-0-2975e58e-7b69-4bc2-a970-81ee6cb8d4d5 of framework 20151211-003753-50331658-5050-7178-0000
I1211 02:31:48.819478 12611 status_update_manager.hpp:346] Checkpointing UPDATE for status update TASK_LOST (UUID: 9d8fe4a1-d801-4b1b-9669-e905a13d909b) for task 1449801044454-www-data-devel-job300-0-2975e58e-7b69-4bc2-a970-81ee6cb8d4d5 of framework 20151211-003753-50331658-5050-7178-0000
I1211 02:31:48.823353 12615 slave.cpp:2753] Forwarding the update TASK_LOST (UUID: 9d8fe4a1-d801-4b1b-9669-e905a13d909b) for task 1449801044454-www-data-devel-job300-0-2975e58e-7b69-4bc2-a970-81ee6cb8d4d5 of framework 20151211-003753-50331658-5050-7178-0000 to master@10.0.0.4:5050
I1211 02:31:48.837841 12617 slave.cpp:1558] Asked to kill task 1449801044454-www-data-devel-job300-0-2975e58e-7b69-4bc2-a970-81ee6cb8d4d5 of framework 20151211-003753-50331658-5050-7178-0000
W1211 02:31:48.837875 12617 slave.cpp:1683] Ignoring kill task 1449801044454-www-data-devel-job300-0-2975e58e-7b69-4bc2-a970-81ee6cb8d4d5 of framework 20151211-003753-50331658-5050-7178-0000 because the executor 'thermos-1449801044454-www-data-devel-job300-0-2975e58e-7b69-4bc2-a970-81ee6cb8d4d5' is terminating/terminated
