I1211 02:30:26.388921 12616 gc.cpp:56] Scheduling '/var/lib/mesos/slave/meta/slaves/20151211-022803-50331658-5050-13228-S1/frameworks/20151211-003753-50331658-5050-7178-0000/executors/thermos-1449800957870-www-data-devel-job10-0-b4b715f4-18a5-4710-81e3-c8f659658cfc/runs/c3fda690-2d2e-4a17-aac1-a8980ecfb8cd' for gc 6.99999549981333days in the future
I1211 02:30:26.388933 12616 gc.cpp:56] Scheduling '/var/lib/mesos/slave/meta/slaves/20151211-022803-50331658-5050-13228-S1/frameworks/20151211-003753-50331658-5050-7178-0000/executors/thermos-1449800957870-www-data-devel-job10-0-b4b715f4-18a5-4710-81e3-c8f659658cfc' for gc 6.99999549966518days in the future
I1211 02:30:26.388949 12616 gc.cpp:56] Scheduling '/var/lib/mesos/slave/slaves/20151211-022803-50331658-5050-13228-S1/frameworks/20151211-003753-50331658-5050-7178-0000' for gc 6.99999549929481days in the future
I1211 02:30:26.388988 12616 gc.cpp:56] Scheduling '/var/lib/mesos/slave/meta/slaves/20151211-022803-50331658-5050-13228-S1/frameworks/20151211-003753-50331658-5050-7178-0000' for gc 6.99999549915259days in the future
I1211 02:30:26.388973 12617 status_update_manager.cpp:279] Closing status update streams for framework 20151211-003753-50331658-5050-7178-0000
I1211 02:30:27.277181 12617 slave.cpp:1121] Got assigned task 1449800958985-www-data-devel-job11-0-053682e0-cc0a-4d0b-ae2e-b9b3baa03dd5 for framework 20151211-003753-50331658-5050-7178-0000
I1211 02:30:27.277767 12617 gc.cpp:84] Unscheduling '/var/lib/mesos/slave/slaves/20151211-022803-50331658-5050-13228-S1/frameworks/20151211-003753-50331658-5050-7178-0000' from gc
I1211 02:30:27.277806 12617 gc.cpp:84] Unscheduling '/var/lib/mesos/slave/meta/slaves/20151211-022803-50331658-5050-13228-S1/frameworks/20151211-003753-50331658-5050-7178-0000' from gc
I1211 02:30:27.277843 12617 slave.cpp:1231] Launching task 1449800958985-www-data-devel-job11-0-053682e0-cc0a-4d0b-ae2e-b9b3baa03dd5 for framework 20151211-003753-50331658-5050-7178-0000
I1211 02:30:27.279052 12617 slave.cpp:4160] Launching executor thermos-1449800958985-www-data-devel-job11-0-053682e0-cc0a-4d0b-ae2e-b9b3baa03dd5 of framework 20151211-003753-50331658-5050-7178-0000 in work directory '/var/lib/mesos/slave/slaves/20151211-022803-50331658-5050-13228-S1/frameworks/20151211-003753-50331658-5050-7178-0000/executors/thermos-1449800958985-www-data-devel-job11-0-053682e0-cc0a-4d0b-ae2e-b9b3baa03dd5/runs/f27541c4-651b-48a3-8da1-ccf414268136'
I1211 02:30:27.279417 12617 slave.cpp:1378] Queuing task '1449800958985-www-data-devel-job11-0-053682e0-cc0a-4d0b-ae2e-b9b3baa03dd5' for executor thermos-1449800958985-www-data-devel-job11-0-053682e0-cc0a-4d0b-ae2e-b9b3baa03dd5 of framework '20151211-003753-50331658-5050-7178-0000
I1211 02:30:27.279500 12617 containerizer.cpp:472] Starting container 'f27541c4-651b-48a3-8da1-ccf414268136' for executor 'thermos-1449800958985-www-data-devel-job11-0-053682e0-cc0a-4d0b-ae2e-b9b3baa03dd5' of framework '20151211-003753-50331658-5050-7178-0000'
I1211 02:30:27.280323 12617 launcher.cpp:130] Forked child with pid '13005' for container 'f27541c4-651b-48a3-8da1-ccf414268136'
I1211 02:30:27.282215 12617 containerizer.cpp:682] Checkpointing executor's forked pid 13005 to '/var/lib/mesos/slave/meta/slaves/20151211-022803-50331658-5050-13228-S1/frameworks/20151211-003753-50331658-5050-7178-0000/executors/thermos-1449800958985-www-data-devel-job11-0-053682e0-cc0a-4d0b-ae2e-b9b3baa03dd5/runs/f27541c4-651b-48a3-8da1-ccf414268136/pids/forked.pid'
I1211 02:30:27.310945 12612 fetcher.cpp:238] Fetching URIs using command '/usr/libexec/mesos/mesos-fetcher'
I1211 02:30:27.361069 12612 slave.cpp:3135] Monitoring executor 'thermos-1449800958985-www-data-devel-job11-0-053682e0-cc0a-4d0b-ae2e-b9b3baa03dd5' of framework '20151211-003753-50331658-5050-7178-0000' in container 'f27541c4-651b-48a3-8da1-ccf414268136'
I1211 02:30:27.464179 12612 containerizer.cpp:1111] Executor for container 'f27541c4-651b-48a3-8da1-ccf414268136' has exited
I1211 02:30:27.464300 12612 containerizer.cpp:906] Destroying container 'f27541c4-651b-48a3-8da1-ccf414268136'
I1211 02:30:27.465237 12612 slave.cpp:3193] Executor 'thermos-1449800958985-www-data-devel-job11-0-053682e0-cc0a-4d0b-ae2e-b9b3baa03dd5' of framework 20151211-003753-50331658-5050-7178-0000 exited with status 0
I1211 02:30:27.465960 12612 slave.cpp:2508] Handling status update TASK_LOST (UUID: 22d7e84c-1528-4768-9cb1-5344967c3c1d) for task 1449800958985-www-data-devel-job11-0-053682e0-cc0a-4d0b-ae2e-b9b3baa03dd5 of framework 20151211-003753-50331658-5050-7178-0000 from @0.0.0.0:0
W1211 02:30:27.466138 12613 containerizer.cpp:802] Ignoring update for unknown container: f27541c4-651b-48a3-8da1-ccf414268136
I1211 02:30:27.466815 12616 status_update_manager.cpp:317] Received status update TASK_LOST (UUID: 22d7e84c-1528-4768-9cb1-5344967c3c1d) for task 1449800958985-www-data-devel-job11-0-053682e0-cc0a-4d0b-ae2e-b9b3baa03dd5 of framework 20151211-003753-50331658-5050-7178-0000
I1211 02:30:27.467016 12616 status_update_manager.hpp:346] Checkpointing UPDATE for status update TASK_LOST (UUID: 22d7e84c-1528-4768-9cb1-5344967c3c1d) for task 1449800958985-www-data-devel-job11-0-053682e0-cc0a-4d0b-ae2e-b9b3baa03dd5 of framework 20151211-003753-50331658-5050-7178-0000
I1211 02:30:27.470800 12616 slave.cpp:2753] Forwarding the update TASK_LOST (UUID: 22d7e84c-1528-4768-9cb1-5344967c3c1d) for task 1449800958985-www-data-devel-job11-0-053682e0-cc0a-4d0b-ae2e-b9b3baa03dd5 of framework 20151211-003753-50331658-5050-7178-0000 to master@10.0.0.4:5050
I1211 02:30:27.493522 12615 slave.cpp:1558] Asked to kill task 1449800958985-www-data-devel-job11-0-053682e0-cc0a-4d0b-ae2e-b9b3baa03dd5 of framework 20151211-003753-50331658-5050-7178-0000
W1211 02:30:27.493557 12615 slave.cpp:1683] Ignoring kill task 1449800958985-www-data-devel-job11-0-053682e0-cc0a-4d0b-ae2e-b9b3baa03dd5 of framework 20151211-003753-50331658-5050-7178-0000 because the executor 'thermos-1449800958985-www-data-devel-job11-0-053682e0-cc0a-4d0b-ae2e-b9b3baa03dd5' is terminating/terminated
I1211 02:30:27.504420 12611 status_update_manager.cpp:389] Received status update acknowledgement (UUID: 22d7e84c-1528-4768-9cb1-5344967c3c1d) for task 1449800958985-www-data-devel-job11-0-053682e0-cc0a-4d0b-ae2e-b9b3baa03dd5 of framework 20151211-003753-50331658-5050-7178-0000
I1211 02:30:27.504479 12611 status_update_manager.hpp:346] Checkpointing ACK for status update TASK_LOST (UUID: 22d7e84c-1528-4768-9cb1-5344967c3c1d) for task 1449800958985-www-data-devel-job11-0-053682e0-cc0a-4d0b-ae2e-b9b3baa03dd5 of framework 20151211-003753-50331658-5050-7178-0000
I1211 02:30:27.506495 12611 slave.cpp:3302] Cleaning up executor 'thermos-1449800958985-www-data-devel-job11-0-053682e0-cc0a-4d0b-ae2e-b9b3baa03dd5' of framework 20151211-003753-50331658-5050-7178-0000
I1211 02:30:27.506721 12611 slave.cpp:3381] Cleaning up framework 20151211-003753-50331658-5050-7178-0000
I1211 02:30:27.506800 12611 status_update_manager.cpp:279] Closing status update streams for framework 20151211-003753-50331658-5050-7178-0000
I1211 02:30:27.506742 12614 gc.cpp:56] Scheduling '/var/lib/mesos/slave/slaves/20151211-022803-50331658-5050-13228-S1/frameworks/20151211-003753-50331658-5050-7178-0000/executors/thermos-1449800958985-www-data-devel-job11-0-053682e0-cc0a-4d0b-ae2e-b9b3baa03dd5/runs/f27541c4-651b-48a3-8da1-ccf414268136' for gc 6.99999413597037days in the future
I1211 02:30:27.506834 12614 gc.cpp:56] Scheduling '/var/lib/mesos/slave/slaves/20151211-022803-50331658-5050-13228-S1/frameworks/20151211-003753-50331658-5050-7178-0000/executors/thermos-1449800958985-www-data-devel-job11-0-053682e0-cc0a-4d0b-ae2e-b9b3baa03dd5' for gc 6.99999413563556days in the future
I1211 02:30:27.506850 12614 gc.cpp:56] Scheduling '/var/lib/mesos/slave/meta/slaves/20151211-022803-50331658-5050-13228-S1/frameworks/20151211-003753-50331658-5050-7178-0000/executors/thermos-1449800958985-www-data-devel-job11-0-053682e0-cc0a-4d0b-ae2e-b9b3baa03dd5/runs/f27541c4-651b-48a3-8da1-ccf414268136' for gc 6.99999413544days in the future
I1211 02:30:27.506863 12614 gc.cpp:56] Scheduling '/var/lib/mesos/slave/meta/slaves/20151211-022803-50331658-5050-13228-S1/frameworks/20151211-003753-50331658-5050-7178-0000/executors/thermos-1449800958985-www-data-devel-job11-0-053682e0-cc0a-4d0b-ae2e-b9b3baa03dd5' for gc 6.99999413527704days in the future
I1211 02:30:27.506875 12614 gc.cpp:56] Scheduling '/var/lib/mesos/slave/slaves/20151211-022803-50331658-5050-13228-S1/frameworks/20151211-003753-50331658-5050-7178-0000' for gc 6.99999413447704days in the future
I1211 02:30:27.506883 12614 gc.cpp:56] Scheduling '/var/lib/mesos/slave/meta/slaves/20151211-022803-50331658-5050-13228-S1/frameworks/20151211-003753-50331658-5050-7178-0000' for gc 6.99999413434963days in the future
I1211 02:30:27.860620 12611 slave.cpp:3534] Framework 20151211-003753-50331658-5050-7178-0000 seems to have exited. Ignoring registration timeout for executor 'thermos-1449796403870-www-data-devel-job700-0-b9d0ed37-700b-4730-b6a0-e06883d85d28'
I1211 02:30:28.751734 12610 slave.cpp:3534] Framework 20151211-003753-50331658-5050-7178-0000 seems to have exited. Ignoring registration timeout for executor 'thermos-1449800968191-www-data-devel-job700-0-0290aaa7-1250-4676-8f1c-99b21f85bd17'
I1211 02:30:29.035928 12615 slave.cpp:1121] Got assigned task 1449800968999-www-data-devel-job700-0-66058411-6066-4cdb-950a-913fe65eedff for framework 20151211-003753-50331658-5050-7178-0000
I1211 02:30:29.036640 12615 gc.cpp:84] Unscheduling '/var/lib/mesos/slave/slaves/20151211-022803-50331658-5050-13228-S1/frameworks/20151211-003753-50331658-5050-7178-0000' from gc
I1211 02:30:29.036690 12615 gc.cpp:84] Unscheduling '/var/lib/mesos/slave/meta/slaves/20151211-022803-50331658-5050-13228-S1/frameworks/20151211-003753-50331658-5050-7178-0000' from gc
I1211 02:30:29.036798 12615 slave.cpp:1231] Launching task 1449800968999-www-data-devel-job700-0-66058411-6066-4cdb-950a-913fe65eedff for framework 20151211-003753-50331658-5050-7178-0000
I1211 02:30:29.037747 12615 slave.cpp:4160] Launching executor thermos-1449800968999-www-data-devel-job700-0-66058411-6066-4cdb-950a-913fe65eedff of framework 20151211-003753-50331658-5050-7178-0000 in work directory '/var/lib/mesos/slave/slaves/20151211-022803-50331658-5050-13228-S1/frameworks/20151211-003753-50331658-5050-7178-0000/executors/thermos-1449800968999-www-data-devel-job700-0-66058411-6066-4cdb-950a-913fe65eedff/runs/f36e76c5-7fda-4a11-8df5-3b49b1751864'
I1211 02:30:29.038153 12615 slave.cpp:1378] Queuing task '1449800968999-www-data-devel-job700-0-66058411-6066-4cdb-950a-913fe65eedff' for executor thermos-1449800968999-www-data-devel-job700-0-66058411-6066-4cdb-950a-913fe65eedff of framework '20151211-003753-50331658-5050-7178-0000
I1211 02:30:29.038238 12611 containerizer.cpp:472] Starting container 'f36e76c5-7fda-4a11-8df5-3b49b1751864' for executor 'thermos-1449800968999-www-data-devel-job700-0-66058411-6066-4cdb-950a-913fe65eedff' of framework '20151211-003753-50331658-5050-7178-0000'
I1211 02:30:29.039108 12611 launcher.cpp:130] Forked child with pid '13015' for container 'f36e76c5-7fda-4a11-8df5-3b49b1751864'
I1211 02:30:29.040904 12611 containerizer.cpp:682] Checkpointing executor's forked pid 13015 to '/var/lib/mesos/slave/meta/slaves/20151211-022803-50331658-5050-13228-S1/frameworks/20151211-003753-50331658-5050-7178-0000/executors/thermos-1449800968999-www-data-devel-job700-0-66058411-6066-4cdb-950a-913fe65eedff/runs/f36e76c5-7fda-4a11-8df5-3b49b1751864/pids/forked.pid'
I1211 02:30:29.057173 12615 fetcher.cpp:238] Fetching URIs using command '/usr/libexec/mesos/mesos-fetcher'
I1211 02:30:29.185006 12615 slave.cpp:3135] Monitoring executor 'thermos-1449800968999-www-data-devel-job700-0-66058411-6066-4cdb-950a-913fe65eedff' of framework '20151211-003753-50331658-5050-7178-0000' in container 'f36e76c5-7fda-4a11-8df5-3b49b1751864'
I1211 02:30:29.288488 12615 containerizer.cpp:1111] Executor for container 'f36e76c5-7fda-4a11-8df5-3b49b1751864' has exited
I1211 02:30:29.288548 12615 containerizer.cpp:906] Destroying container 'f36e76c5-7fda-4a11-8df5-3b49b1751864'
I1211 02:30:29.289511 12615 slave.cpp:3193] Executor 'thermos-1449800968999-www-data-devel-job700-0-66058411-6066-4cdb-950a-913fe65eedff' of framework 20151211-003753-50331658-5050-7178-0000 exited with status 0
I1211 02:30:29.290199 12615 slave.cpp:2508] Handling status update TASK_LOST (UUID: 068b8fd1-5f62-4893-9e67-86fdda72fe29) for task 1449800968999-www-data-devel-job700-0-66058411-6066-4cdb-950a-913fe65eedff of framework 20151211-003753-50331658-5050-7178-0000 from @0.0.0.0:0
W1211 02:30:29.290329 12615 containerizer.cpp:802] Ignoring update for unknown container: f36e76c5-7fda-4a11-8df5-3b49b1751864
I1211 02:30:29.291074 12614 status_update_manager.cpp:317] Received status update TASK_LOST (UUID: 068b8fd1-5f62-4893-9e67-86fdda72fe29) for task 1449800968999-www-data-devel-job700-0-66058411-6066-4cdb-950a-913fe65eedff of framework 20151211-003753-50331658-5050-7178-0000
I1211 02:30:29.291290 12614 status_update_manager.hpp:346] Checkpointing UPDATE for status update TASK_LOST (UUID: 068b8fd1-5f62-4893-9e67-86fdda72fe29) for task 1449800968999-www-data-devel-job700-0-66058411-6066-4cdb-950a-913fe65eedff of framework 20151211-003753-50331658-5050-7178-0000
I1211 02:30:29.294576 12614 slave.cpp:2753] Forwarding the update TASK_LOST (UUID: 068b8fd1-5f62-4893-9e67-86fdda72fe29) for task 1449800968999-www-data-devel-job700-0-66058411-6066-4cdb-950a-913fe65eedff of framework 20151211-003753-50331658-5050-7178-0000 to master@10.0.0.4:5050
I1211 02:30:29.311803 12616 slave.cpp:1558] Asked to kill task 1449800968999-www-data-devel-job700-0-66058411-6066-4cdb-950a-913fe65eedff of framework 20151211-003753-50331658-5050-7178-0000
W1211 02:30:29.311841 12616 slave.cpp:1683] Ignoring kill task 1449800968999-www-data-devel-job700-0-66058411-6066-4cdb-950a-913fe65eedff of framework 20151211-003753-50331658-5050-7178-0000 because the executor 'thermos-1449800968999-www-data-devel-job700-0-66058411-6066-4cdb-950a-913fe65eedff' is terminating/terminated
I1211 02:30:29.330968 12616 status_update_manager.cpp:389] Received status update acknowledgement (UUID: 068b8fd1-5f62-4893-9e67-86fdda72fe29) for task 1449800968999-www-data-devel-job700-0-66058411-6066-4cdb-950a-913fe65eedff of framework 20151211-003753-50331658-5050-7178-0000
I1211 02:30:29.331037 12616 status_update_manager.hpp:346] Checkpointing ACK for status update TASK_LOST (UUID: 068b8fd1-5f62-4893-9e67-86fdda72fe29) for task 1449800968999-www-data-devel-job700-0-66058411-6066-4cdb-950a-913fe65eedff of framework 20151211-003753-50331658-5050-7178-0000
I1211 02:30:29.333056 12616 slave.cpp:3302] Cleaning up executor 'thermos-1449800968999-www-data-devel-job700-0-66058411-6066-4cdb-950a-913fe65eedff' of framework 20151211-003753-50331658-5050-7178-0000
I1211 02:30:29.333268 12616 slave.cpp:3381] Cleaning up framework 20151211-003753-50331658-5050-7178-0000
I1211 02:30:29.333318 12616 gc.cpp:56] Scheduling '/var/lib/mesos/slave/slaves/20151211-022803-50331658-5050-13228-S1/frameworks/20151211-003753-50331658-5050-7178-0000/executors/thermos-1449800968999-www-data-devel-job700-0-66058411-6066-4cdb-950a-913fe65eedff/runs/f36e76c5-7fda-4a11-8df5-3b49b1751864' for gc 6.99999614346074days in the future
I1211 02:30:29.333345 12616 gc.cpp:56] Scheduling '/var/lib/mesos/slave/slaves/20151211-022803-50331658-5050-13228-S1/frameworks/20151211-003753-50331658-5050-7178-0000/executors/thermos-1449800968999-www-data-devel-job700-0-66058411-6066-4cdb-950a-913fe65eedff' for gc 6.99999614314963days in the future
I1211 02:30:29.333359 12616 gc.cpp:56] Scheduling '/var/lib/mesos/slave/meta/slaves/20151211-022803-50331658-5050-13228-S1/frameworks/20151211-003753-50331658-5050-7178-0000/executors/thermos-1449800968999-www-data-devel-job700-0-66058411-6066-4cdb-950a-913fe65eedff/runs/f36e76c5-7fda-4a11-8df5-3b49b1751864' for gc 6.99999614295111days in the future
I1211 02:30:29.333374 12616 gc.cpp:56] Scheduling '/var/lib/mesos/slave/meta/slaves/20151211-022803-50331658-5050-13228-S1/frameworks/20151211-003753-50331658-5050-7178-0000/executors/thermos-1449800968999-www-data-devel-job700-0-66058411-6066-4cdb-950a-913fe65eedff' for gc 6.99999614279111days in the future
I1211 02:30:29.333385 12616 gc.cpp:56] Scheduling '/var/lib/mesos/slave/slaves/20151211-022803-50331658-5050-13228-S1/frameworks/20151211-003753-50331658-5050-7178-0000' for gc 6.99999614240593days in the future
I1211 02:30:29.333395 12616 gc.cpp:56] Scheduling '/var/lib/mesos/slave/meta/slaves/20151211-022803-50331658-5050-13228-S1/frameworks/20151211-003753-50331658-5050-7178-0000' for gc 6.99999614227852days in the future
I1211 02:30:29.333405 12616 status_update_manager.cpp:279] Closing status update streams for framework 20151211-003753-50331658-5050-7178-0000
I1211 02:30:43.021230 12611 slave.cpp:3534] Framework 20151211-003753-50331658-5050-7178-0000 seems to have exited. Ignoring registration timeout for executor 'thermos-1449800922944-www-data-devel-job16-0-2c3ae530-500f-4f93-a0fd-e6a815a4f8a9'
I1211 02:30:43.768831 12615 slave.cpp:1121] Got assigned task 1449798284692-www-data-devel-job300-0-bd6e4a76-ca75-454e-936a-4b3cf51e20a2 for framework 20151211-003753-50331658-5050-7178-0000
I1211 02:30:43.769454 12615 gc.cpp:84] Unscheduling '/var/lib/mesos/slave/slaves/20151211-022803-50331658-5050-13228-S1/frameworks/20151211-003753-50331658-5050-7178-0000' from gc
I1211 02:30:43.769490 12615 gc.cpp:84] Unscheduling '/var/lib/mesos/slave/meta/slaves/20151211-022803-50331658-5050-13228-S1/frameworks/20151211-003753-50331658-5050-7178-0000' from gc
I1211 02:30:43.769526 12615 slave.cpp:1231] Launching task 1449798284692-www-data-devel-job300-0-bd6e4a76-ca75-454e-936a-4b3cf51e20a2 for framework 20151211-003753-50331658-5050-7178-0000
I1211 02:30:43.770792 12615 slave.cpp:4160] Launching executor thermos-1449798284692-www-data-devel-job300-0-bd6e4a76-ca75-454e-936a-4b3cf51e20a2 of framework 20151211-003753-50331658-5050-7178-0000 in work directory '/var/lib/mesos/slave/slaves/20151211-022803-50331658-5050-13228-S1/frameworks/20151211-003753-50331658-5050-7178-0000/executors/thermos-1449798284692-www-data-devel-job300-0-bd6e4a76-ca75-454e-936a-4b3cf51e20a2/runs/c7f4598e-3ade-4d40-9e06-5f5aafbf047e'
I1211 02:30:43.771075 12617 containerizer.cpp:472] Starting container 'c7f4598e-3ade-4d40-9e06-5f5aafbf047e' for executor 'thermos-1449798284692-www-data-devel-job300-0-bd6e4a76-ca75-454e-936a-4b3cf51e20a2' of framework '20151211-003753-50331658-5050-7178-0000'
I1211 02:30:43.771791 12617 launcher.cpp:130] Forked child with pid '13025' for container 'c7f4598e-3ade-4d40-9e06-5f5aafbf047e'
I1211 02:30:43.773485 12617 containerizer.cpp:682] Checkpointing executor's forked pid 13025 to '/var/lib/mesos/slave/meta/slaves/20151211-022803-50331658-5050-13228-S1/frameworks/20151211-003753-50331658-5050-7178-0000/executors/thermos-1449798284692-www-data-devel-job300-0-bd6e4a76-ca75-454e-936a-4b3cf51e20a2/runs/c7f4598e-3ade-4d40-9e06-5f5aafbf047e/pids/forked.pid'
I1211 02:30:43.781231 12615 slave.cpp:1378] Queuing task '1449798284692-www-data-devel-job300-0-bd6e4a76-ca75-454e-936a-4b3cf51e20a2' for executor thermos-1449798284692-www-data-devel-job300-0-bd6e4a76-ca75-454e-936a-4b3cf51e20a2 of framework '20151211-003753-50331658-5050-7178-0000
I1211 02:30:43.788668 12610 fetcher.cpp:238] Fetching URIs using command '/usr/libexec/mesos/mesos-fetcher'
I1211 02:30:43.826525 12610 slave.cpp:3135] Monitoring executor 'thermos-1449798284692-www-data-devel-job300-0-bd6e4a76-ca75-454e-936a-4b3cf51e20a2' of framework '20151211-003753-50331658-5050-7178-0000' in container 'c7f4598e-3ade-4d40-9e06-5f5aafbf047e'
I1211 02:30:43.929792 12610 containerizer.cpp:1111] Executor for container 'c7f4598e-3ade-4d40-9e06-5f5aafbf047e' has exited
I1211 02:30:43.929863 12610 containerizer.cpp:906] Destroying container 'c7f4598e-3ade-4d40-9e06-5f5aafbf047e'
I1211 02:30:43.931526 12615 slave.cpp:3193] Executor 'thermos-1449798284692-www-data-devel-job300-0-bd6e4a76-ca75-454e-936a-4b3cf51e20a2' of framework 20151211-003753-50331658-5050-7178-0000 exited with status 0
I1211 02:30:43.932742 12615 slave.cpp:2508] Handling status update TASK_LOST (UUID: bbe3b0e3-7a84-4a0b-a3ec-9412a85d912c) for task 1449798284692-www-data-devel-job300-0-bd6e4a76-ca75-454e-936a-4b3cf51e20a2 of framework 20151211-003753-50331658-5050-7178-0000 from @0.0.0.0:0
W1211 02:30:43.933478 12610 containerizer.cpp:802] Ignoring update for unknown container: c7f4598e-3ade-4d40-9e06-5f5aafbf047e
I1211 02:30:43.933610 12614 status_update_manager.cpp:317] Received status update TASK_LOST (UUID: bbe3b0e3-7a84-4a0b-a3ec-9412a85d912c) for task 1449798284692-www-data-devel-job300-0-bd6e4a76-ca75-454e-936a-4b3cf51e20a2 of framework 20151211-003753-50331658-5050-7178-0000
I1211 02:30:43.933830 12614 status_update_manager.hpp:346] Checkpointing UPDATE for status update TASK_LOST (UUID: bbe3b0e3-7a84-4a0b-a3ec-9412a85d912c) for task 1449798284692-www-data-devel-job300-0-bd6e4a76-ca75-454e-936a-4b3cf51e20a2 of framework 20151211-003753-50331658-5050-7178-0000
I1211 02:30:43.937665 12614 slave.cpp:2753] Forwarding the update TASK_LOST (UUID: bbe3b0e3-7a84-4a0b-a3ec-9412a85d912c) for task 1449798284692-www-data-devel-job300-0-bd6e4a76-ca75-454e-936a-4b3cf51e20a2 of framework 20151211-003753-50331658-5050-7178-0000 to master@10.0.0.4:5050
I1211 02:30:43.954856 12612 slave.cpp:1558] Asked to kill task 1449798284692-www-data-devel-job300-0-bd6e4a76-ca75-454e-936a-4b3cf51e20a2 of framework 20151211-003753-50331658-5050-7178-0000
W1211 02:30:43.954890 12612 slave.cpp:1683] Ignoring kill task 1449798284692-www-data-devel-job300-0-bd6e4a76-ca75-454e-936a-4b3cf51e20a2 of framework 20151211-003753-50331658-5050-7178-0000 because the executor 'thermos-1449798284692-www-data-devel-job300-0-bd6e4a76-ca75-454e-936a-4b3cf51e20a2' is terminating/terminated
I1211 02:30:43.967236 12612 status_update_manager.cpp:389] Received status update acknowledgement (UUID: bbe3b0e3-7a84-4a0b-a3ec-9412a85d912c) for task 1449798284692-www-data-devel-job300-0-bd6e4a76-ca75-454e-936a-4b3cf51e20a2 of framework 20151211-003753-50331658-5050-7178-0000
I1211 02:30:43.967274 12612 status_update_manager.hpp:346] Checkpointing ACK for status update TASK_LOST (UUID: bbe3b0e3-7a84-4a0b-a3ec-9412a85d912c) for task 1449798284692-www-data-devel-job300-0-bd6e4a76-ca75-454e-936a-4b3cf51e20a2 of framework 20151211-003753-50331658-5050-7178-0000
I1211 02:30:43.969424 12612 slave.cpp:3302] Cleaning up executor 'thermos-1449798284692-www-data-devel-job300-0-bd6e4a76-ca75-454e-936a-4b3cf51e20a2' of framework 20151211-003753-50331658-5050-7178-0000
I1211 02:30:43.969650 12612 slave.cpp:3381] Cleaning up framework 20151211-003753-50331658-5050-7178-0000
I1211 02:30:43.969701 12612 gc.cpp:56] Scheduling '/var/lib/mesos/slave/slaves/20151211-022803-50331658-5050-13228-S1/frameworks/20151211-003753-50331658-5050-7178-0000/executors/thermos-1449798284692-www-data-devel-job300-0-bd6e4a76-ca75-454e-936a-4b3cf51e20a2/runs/c7f4598e-3ade-4d40-9e06-5f5aafbf047e' for gc 6.99998877796444days in the future
I1211 02:30:43.969728 12612 gc.cpp:56] Scheduling '/var/lib/mesos/slave/slaves/20151211-022803-50331658-5050-13228-S1/frameworks/20151211-003753-50331658-5050-7178-0000/executors/thermos-1449798284692-www-data-devel-job300-0-bd6e4a76-ca75-454e-936a-4b3cf51e20a2' for gc 6.99998877764148days in the future
I1211 02:30:43.969741 12612 gc.cpp:56] Scheduling '/var/lib/mesos/slave/meta/slaves/20151211-022803-50331658-5050-13228-S1/frameworks/20151211-003753-50331658-5050-7178-0000/executors/thermos-1449798284692-www-data-devel-job300-0-bd6e4a76-ca75-454e-936a-4b3cf51e20a2/runs/c7f4598e-3ade-4d40-9e06-5f5aafbf047e' for gc 6.99998877743111days in the future
I1211 02:30:43.969755 12612 gc.cpp:56] Scheduling '/var/lib/mesos/slave/meta/slaves/20151211-022803-50331658-5050-13228-S1/frameworks/20151211-003753-50331658-5050-7178-0000/executors/thermos-1449798284692-www-data-devel-job300-0-bd6e4a76-ca75-454e-936a-4b3cf51e20a2' for gc 6.99998877726815days in the future
I1211 02:30:43.969765 12612 gc.cpp:56] Scheduling '/var/lib/mesos/slave/slaves/20151211-022803-50331658-5050-13228-S1/frameworks/20151211-003753-50331658-5050-7178-0000' for gc 6.99998877687704days in the future
I1211 02:30:43.969775 12612 gc.cpp:56] Scheduling '/var/lib/mesos/slave/meta/slaves/20151211-022803-50331658-5050-13228-S1/frameworks/20151211-003753-50331658-5050-7178-0000' for gc 6.99998877673482days in the future
I1211 02:30:43.969785 12612 status_update_manager.cpp:279] Closing status update streams for framework 20151211-003753-50331658-5050-7178-0000
I1211 02:30:44.239367 12612 slave.cpp:1121] Got assigned task 1449801043944-www-data-devel-job300-0-b96c5a67-779a-44d1-a121-79a4affef45e for framework 20151211-003753-50331658-5050-7178-0000
I1211 02:30:44.239956 12612 gc.cpp:84] Unscheduling '/var/lib/mesos/slave/slaves/20151211-022803-50331658-5050-13228-S1/frameworks/20151211-003753-50331658-5050-7178-0000' from gc
I1211 02:30:44.239998 12612 gc.cpp:84] Unscheduling '/var/lib/mesos/slave/meta/slaves/20151211-022803-50331658-5050-13228-S1/frameworks/20151211-003753-50331658-5050-7178-0000' from gc
I1211 02:30:44.240056 12612 slave.cpp:1231] Launching task 1449801043944-www-data-devel-job300-0-b96c5a67-779a-44d1-a121-79a4affef45e for framework 20151211-003753-50331658-5050-7178-0000
I1211 02:30:44.241346 12612 slave.cpp:4160] Launching executor thermos-1449801043944-www-data-devel-job300-0-b96c5a67-779a-44d1-a121-79a4affef45e of framework 20151211-003753-50331658-5050-7178-0000 in work directory '/var/lib/mesos/slave/slaves/20151211-022803-50331658-5050-13228-S1/frameworks/20151211-003753-50331658-5050-7178-0000/executors/thermos-1449801043944-www-data-devel-job300-0-b96c5a67-779a-44d1-a121-79a4affef45e/runs/1e1567a3-b78b-4994-9b37-9293188d3125'
I1211 02:30:44.241639 12617 containerizer.cpp:472] Starting container '1e1567a3-b78b-4994-9b37-9293188d3125' for executor 'thermos-1449801043944-www-data-devel-job300-0-b96c5a67-779a-44d1-a121-79a4affef45e' of framework '20151211-003753-50331658-5050-7178-0000'
I1211 02:30:44.242372 12617 launcher.cpp:130] Forked child with pid '13035' for container '1e1567a3-b78b-4994-9b37-9293188d3125'
I1211 02:30:44.244082 12617 containerizer.cpp:682] Checkpointing executor's forked pid 13035 to '/var/lib/mesos/slave/meta/slaves/20151211-022803-50331658-5050-13228-S1/frameworks/20151211-003753-50331658-5050-7178-0000/executors/thermos-1449801043944-www-data-devel-job300-0-b96c5a67-779a-44d1-a121-79a4affef45e/runs/1e1567a3-b78b-4994-9b37-9293188d3125/pids/forked.pid'
I1211 02:30:44.245827 12612 slave.cpp:1378] Queuing task '1449801043944-www-data-devel-job300-0-b96c5a67-779a-44d1-a121-79a4affef45e' for executor thermos-1449801043944-www-data-devel-job300-0-b96c5a67-779a-44d1-a121-79a4affef45e of framework '20151211-003753-50331658-5050-7178-0000
I1211 02:30:44.259991 12617 fetcher.cpp:238] Fetching URIs using command '/usr/libexec/mesos/mesos-fetcher'
I1211 02:30:44.334437 12617 slave.cpp:3135] Monitoring executor 'thermos-1449801043944-www-data-devel-job300-0-b96c5a67-779a-44d1-a121-79a4affef45e' of framework '20151211-003753-50331658-5050-7178-0000' in container '1e1567a3-b78b-4994-9b37-9293188d3125'
I1211 02:30:44.437664 12617 containerizer.cpp:1111] Executor for container '1e1567a3-b78b-4994-9b37-9293188d3125' has exited
I1211 02:30:44.437784 12617 containerizer.cpp:906] Destroying container '1e1567a3-b78b-4994-9b37-9293188d3125'
I1211 02:30:44.439281 12612 slave.cpp:3193] Executor 'thermos-1449801043944-www-data-devel-job300-0-b96c5a67-779a-44d1-a121-79a4affef45e' of framework 20151211-003753-50331658-5050-7178-0000 exited with status 0
I1211 02:30:44.440245 12612 slave.cpp:2508] Handling status update TASK_LOST (UUID: ba512d5b-3f62-4b76-b0b7-7d5c5af6fe38) for task 1449801043944-www-data-devel-job300-0-b96c5a67-779a-44d1-a121-79a4affef45e of framework 20151211-003753-50331658-5050-7178-0000 from @0.0.0.0:0
W1211 02:30:44.441272 12617 containerizer.cpp:802] Ignoring update for unknown container: 1e1567a3-b78b-4994-9b37-9293188d3125
I1211 02:30:44.441412 12614 status_update_manager.cpp:317] Received status update TASK_LOST (UUID: ba512d5b-3f62-4b76-b0b7-7d5c5af6fe38) for task 1449801043944-www-data-devel-job300-0-b96c5a67-779a-44d1-a121-79a4affef45e of framework 20151211-003753-50331658-5050-7178-0000
I1211 02:30:44.441627 12614 status_update_manager.hpp:346] Checkpointing UPDATE for status update TASK_LOST (UUID: ba512d5b-3f62-4b76-b0b7-7d5c5af6fe38) for task 1449801043944-www-data-devel-job300-0-b96c5a67-779a-44d1-a121-79a4affef45e of framework 20151211-003753-50331658-5050-7178-0000
I1211 02:30:44.445873 12614 slave.cpp:2753] Forwarding the update TASK_LOST (UUID: ba512d5b-3f62-4b76-b0b7-7d5c5af6fe38) for task 1449801043944-www-data-devel-job300-0-b96c5a67-779a-44d1-a121-79a4affef45e of framework 20151211-003753-50331658-5050-7178-0000 to master@10.0.0.4:5050
I1211 02:30:44.462910 12611 slave.cpp:1558] Asked to kill task 1449801043944-www-data-devel-job300-0-b96c5a67-779a-44d1-a121-79a4affef45e of framework 20151211-003753-50331658-5050-7178-0000
W1211 02:30:44.462950 12611 slave.cpp:1683] Ignoring kill task 1449801043944-www-data-devel-job300-0-b96c5a67-779a-44d1-a121-79a4affef45e of framework 20151211-003753-50331658-5050-7178-0000 because the executor 'thermos-1449801043944-www-data-devel-job300-0-b96c5a67-779a-44d1-a121-79a4affef45e' is terminating/terminated
I1211 02:30:44.476871 12613 status_update_manager.cpp:389] Received status update acknowledgement (UUID: ba512d5b-3f62-4b76-b0b7-7d5c5af6fe38) for task 1449801043944-www-data-devel-job300-0-b96c5a67-779a-44d1-a121-79a4affef45e of framework 20151211-003753-50331658-5050-7178-0000
I1211 02:30:44.476909 12613 status_update_manager.hpp:346] Checkpointing ACK for status update TASK_LOST (UUID: ba512d5b-3f62-4b76-b0b7-7d5c5af6fe38) for task 1449801043944-www-data-devel-job300-0-b96c5a67-779a-44d1-a121-79a4affef45e of framework 20151211-003753-50331658-5050-7178-0000
I1211 02:30:44.479069 12613 slave.cpp:3302] Cleaning up executor 'thermos-1449801043944-www-data-devel-job300-0-b96c5a67-779a-44d1-a121-79a4affef45e' of framework 20151211-003753-50331658-5050-7178-0000
I1211 02:30:44.479275 12613 slave.cpp:3381] Cleaning up framework 20151211-003753-50331658-5050-7178-0000
I1211 02:30:44.479323 12613 gc.cpp:56] Scheduling '/var/lib/mesos/slave/slaves/20151211-022803-50331658-5050-13228-S1/frameworks/20151211-003753-50331658-5050-7178-0000/executors/thermos-1449801043944-www-data-devel-job300-0-b96c5a67-779a-44d1-a121-79a4affef45e/runs/1e1567a3-b78b-4994-9b37-9293188d3125' for gc 6.99999445355259days in the future
I1211 02:30:44.479380 12613 gc.cpp:56] Scheduling '/var/lib/mesos/slave/slaves/20151211-022803-50331658-5050-13228-S1/frameworks/20151211-003753-50331658-5050-7178-0000/executors/thermos-1449801043944-www-data-devel-job300-0-b96c5a67-779a-44d1-a121-79a4affef45e' for gc 6.99999445324148days in the future
I1211 02:30:44.479403 12613 gc.cpp:56] Scheduling '/var/lib/mesos/slave/meta/slaves/20151211-022803-50331658-5050-13228-S1/frameworks/20151211-003753-50331658-5050-7178-0000/executors/thermos-1449801043944-www-data-devel-job300-0-b96c5a67-779a-44d1-a121-79a4affef45e/runs/1e1567a3-b78b-4994-9b37-9293188d3125' for gc 6.99999445304296days in the future
I1211 02:30:44.479416 12613 gc.cpp:56] Scheduling '/var/lib/mesos/slave/meta/slaves/20151211-022803-50331658-5050-13228-S1/frameworks/20151211-003753-50331658-5050-7178-0000/executors/thermos-1449801043944-www-data-devel-job300-0-b96c5a67-779a-44d1-a121-79a4affef45e' for gc 6.99999445288296days in the future
I1211 02:30:44.479426 12613 gc.cpp:56] Scheduling '/var/lib/mesos/slave/slaves/20151211-022803-50331658-5050-13228-S1/frameworks/20151211-003753-50331658-5050-7178-0000' for gc 6.99999445252444days in the future
I1211 02:30:44.479436 12613 gc.cpp:56] Scheduling '/var/lib/mesos/slave/meta/slaves/20151211-022803-50331658-5050-13228-S1/frameworks/20151211-003753-50331658-5050-7178-0000' for gc 6.99999445238222days in the future
I1211 02:30:44.479357 12616 status_update_manager.cpp:279] Closing status update streams for framework 20151211-003753-50331658-5050-7178-0000
I1211 02:30:46.239056 12610 slave.cpp:3534] Framework 20151211-003753-50331658-5050-7178-0000 seems to have exited. Ignoring registration timeout for executor 'thermos-1449800926205-www-data-devel-job12-0-965dd45e-8435-45dd-9779-d5a95ee297fb'
I1211 02:30:50.291776 12611 slave.cpp:1121] Got assigned task 1449800990248-www-data-devel-job15-0-43575cf4-3a39-4f6f-ae0a-b5f19c95cab0 for framework 20151211-003753-50331658-5050-7178-0000
I1211 02:30:50.292472 12611 gc.cpp:84] Unscheduling '/var/lib/mesos/slave/slaves/20151211-022803-50331658-5050-13228-S1/frameworks/20151211-003753-50331658-5050-7178-0000' from gc
I1211 02:30:50.292511 12611 gc.cpp:84] Unscheduling '/var/lib/mesos/slave/meta/slaves/20151211-022803-50331658-5050-13228-S1/frameworks/20151211-003753-50331658-5050-7178-0000' from gc
I1211 02:30:50.292558 12611 slave.cpp:1231] Launching task 1449800990248-www-data-devel-job15-0-43575cf4-3a39-4f6f-ae0a-b5f19c95cab0 for framework 20151211-003753-50331658-5050-7178-0000
I1211 02:30:50.293560 12611 slave.cpp:4160] Launching executor thermos-1449800990248-www-data-devel-job15-0-43575cf4-3a39-4f6f-ae0a-b5f19c95cab0 of framework 20151211-003753-50331658-5050-7178-0000 in work directory '/var/lib/mesos/slave/slaves/20151211-022803-50331658-5050-13228-S1/frameworks/20151211-003753-50331658-5050-7178-0000/executors/thermos-1449800990248-www-data-devel-job15-0-43575cf4-3a39-4f6f-ae0a-b5f19c95cab0/runs/b7f5a74c-33b6-4bce-ba14-e7677bacc49b'
I1211 02:30:50.293944 12616 containerizer.cpp:472] Starting container 'b7f5a74c-33b6-4bce-ba14-e7677bacc49b' for executor 'thermos-1449800990248-www-data-devel-job15-0-43575cf4-3a39-4f6f-ae0a-b5f19c95cab0' of framework '20151211-003753-50331658-5050-7178-0000'
I1211 02:30:50.294658 12616 launcher.cpp:130] Forked child with pid '13045' for container 'b7f5a74c-33b6-4bce-ba14-e7677bacc49b'
I1211 02:30:50.294821 12616 containerizer.cpp:682] Checkpointing executor's forked pid 13045 to '/var/lib/mesos/slave/meta/slaves/20151211-022803-50331658-5050-13228-S1/frameworks/20151211-003753-50331658-5050-7178-0000/executors/thermos-1449800990248-www-data-devel-job15-0-43575cf4-3a39-4f6f-ae0a-b5f19c95cab0/runs/b7f5a74c-33b6-4bce-ba14-e7677bacc49b/pids/forked.pid'
I1211 02:30:50.298091 12611 slave.cpp:1378] Queuing task '1449800990248-www-data-devel-job15-0-43575cf4-3a39-4f6f-ae0a-b5f19c95cab0' for executor thermos-1449800990248-www-data-devel-job15-0-43575cf4-3a39-4f6f-ae0a-b5f19c95cab0 of framework '20151211-003753-50331658-5050-7178-0000
I1211 02:30:50.308784 12616 fetcher.cpp:238] Fetching URIs using command '/usr/libexec/mesos/mesos-fetcher'
I1211 02:30:50.396029 12616 slave.cpp:3135] Monitoring executor 'thermos-1449800990248-www-data-devel-job15-0-43575cf4-3a39-4f6f-ae0a-b5f19c95cab0' of framework '20151211-003753-50331658-5050-7178-0000' in container 'b7f5a74c-33b6-4bce-ba14-e7677bacc49b'
I1211 02:30:50.499014 12616 containerizer.cpp:1111] Executor for container 'b7f5a74c-33b6-4bce-ba14-e7677bacc49b' has exited
I1211 02:30:50.499135 12616 containerizer.cpp:906] Destroying container 'b7f5a74c-33b6-4bce-ba14-e7677bacc49b'
I1211 02:30:50.500077 12616 slave.cpp:3193] Executor 'thermos-1449800990248-www-data-devel-job15-0-43575cf4-3a39-4f6f-ae0a-b5f19c95cab0' of framework 20151211-003753-50331658-5050-7178-0000 exited with status 0
I1211 02:30:50.500896 12616 slave.cpp:2508] Handling status update TASK_LOST (UUID: 1319c809-874b-4001-913e-7be8865e72a1) for task 1449800990248-www-data-devel-job15-0-43575cf4-3a39-4f6f-ae0a-b5f19c95cab0 of framework 20151211-003753-50331658-5050-7178-0000 from @0.0.0.0:0
W1211 02:30:50.501025 12610 containerizer.cpp:802] Ignoring update for unknown container: b7f5a74c-33b6-4bce-ba14-e7677bacc49b
I1211 02:30:50.501695 12612 status_update_manager.cpp:317] Received status update TASK_LOST (UUID: 1319c809-874b-4001-913e-7be8865e72a1) for task 1449800990248-www-data-devel-job15-0-43575cf4-3a39-4f6f-ae0a-b5f19c95cab0 of framework 20151211-003753-50331658-5050-7178-0000
I1211 02:30:50.501902 12612 status_update_manager.hpp:346] Checkpointing UPDATE for status update TASK_LOST (UUID: 1319c809-874b-4001-913e-7be8865e72a1) for task 1449800990248-www-data-devel-job15-0-43575cf4-3a39-4f6f-ae0a-b5f19c95cab0 of framework 20151211-003753-50331658-5050-7178-0000
I1211 02:30:50.505506 12612 slave.cpp:2753] Forwarding the update TASK_LOST (UUID: 1319c809-874b-4001-913e-7be8865e72a1) for task 1449800990248-www-data-devel-job15-0-43575cf4-3a39-4f6f-ae0a-b5f19c95cab0 of framework 20151211-003753-50331658-5050-7178-0000 to master@10.0.0.4:5050
I1211 02:30:50.515292 12617 slave.cpp:1558] Asked to kill task 1449800990248-www-data-devel-job15-0-43575cf4-3a39-4f6f-ae0a-b5f19c95cab0 of framework 20151211-003753-50331658-5050-7178-0000
W1211 02:30:50.515328 12617 slave.cpp:1683] Ignoring kill task 1449800990248-www-data-devel-job15-0-43575cf4-3a39-4f6f-ae0a-b5f19c95cab0 of framework 20151211-003753-50331658-5050-7178-0000 because the executor 'thermos-1449800990248-www-data-devel-job15-0-43575cf4-3a39-4f6f-ae0a-b5f19c95cab0' is terminating/terminated
I1211 02:30:50.531561 12613 status_update_manager.cpp:389] Received status update acknowledgement (UUID: 1319c809-874b-4001-913e-7be8865e72a1) for task 1449800990248-www-data-devel-job15-0-43575cf4-3a39-4f6f-ae0a-b5f19c95cab0 of framework 20151211-003753-50331658-5050-7178-0000
I1211 02:30:50.531610 12613 status_update_manager.hpp:346] Checkpointing ACK for status update TASK_LOST (UUID: 1319c809-874b-4001-913e-7be8865e72a1) for task 1449800990248-www-data-devel-job15-0-43575cf4-3a39-4f6f-ae0a-b5f19c95cab0 of framework 20151211-003753-50331658-5050-7178-0000
I1211 02:30:50.533948 12613 slave.cpp:3302] Cleaning up executor 'thermos-1449800990248-www-data-devel-job15-0-43575cf4-3a39-4f6f-ae0a-b5f19c95cab0' of framework 20151211-003753-50331658-5050-7178-0000
I1211 02:30:50.534163 12613 slave.cpp:3381] Cleaning up framework 20151211-003753-50331658-5050-7178-0000
I1211 02:30:50.534211 12613 gc.cpp:56] Scheduling '/var/lib/mesos/slave/slaves/20151211-022803-50331658-5050-13228-S1/frameworks/20151211-003753-50331658-5050-7178-0000/executors/thermos-1449800990248-www-data-devel-job15-0-43575cf4-3a39-4f6f-ae0a-b5f19c95cab0/runs/b7f5a74c-33b6-4bce-ba14-e7677bacc49b' for gc 6.99999381832296days in the future
I1211 02:30:50.534237 12613 gc.cpp:56] Scheduling '/var/lib/mesos/slave/slaves/20151211-022803-50331658-5050-13228-S1/frameworks/20151211-003753-50331658-5050-7178-0000/executors/thermos-1449800990248-www-data-devel-job15-0-43575cf4-3a39-4f6f-ae0a-b5f19c95cab0' for gc 6.99999381796444days in the future
I1211 02:30:50.534296 12613 gc.cpp:56] Scheduling '/var/lib/mesos/slave/meta/slaves/20151211-022803-50331658-5050-13228-S1/frameworks/20151211-003753-50331658-5050-7178-0000/executors/thermos-1449800990248-www-data-devel-job15-0-43575cf4-3a39-4f6f-ae0a-b5f19c95cab0/runs/b7f5a74c-33b6-4bce-ba14-e7677bacc49b' for gc 6.99999381776593days in the future
I1211 02:30:50.534317 12613 gc.cpp:56] Scheduling '/var/lib/mesos/slave/meta/slaves/20151211-022803-50331658-5050-13228-S1/frameworks/20151211-003753-50331658-5050-7178-0000/executors/thermos-1449800990248-www-data-devel-job15-0-43575cf4-3a39-4f6f-ae0a-b5f19c95cab0' for gc 6.99999381761481days in the future
I1211 02:30:50.534329 12613 gc.cpp:56] Scheduling '/var/lib/mesos/slave/slaves/20151211-022803-50331658-5050-13228-S1/frameworks/20151211-003753-50331658-5050-7178-0000' for gc 6.99999381723556days in the future
I1211 02:30:50.534340 12613 gc.cpp:56] Scheduling '/var/lib/mesos/slave/meta/slaves/20151211-022803-50331658-5050-13228-S1/frameworks/20151211-003753-50331658-5050-7178-0000' for gc 6.99999381710519days in the future
I1211 02:30:50.534271 12611 status_update_manager.cpp:279] Closing status update streams for framework 20151211-003753-50331658-5050-7178-0000
I1211 02:30:52.000071 12613 slave.cpp:3534] Framework 20151211-003753-50331658-5050-7178-0000 seems to have exited. Ignoring registration timeout for executor 'thermos-1449800931931-www-data-devel-job400-0-87a25efe-e360-4c4d-bca0-339882398e44'
I1211 02:31:18.149071 12617 slave.cpp:3618] Current disk usage 25.70%. Max allowed age: 4.500824270997269days
I1211 02:31:25.173161 12616 slave.cpp:3534] Framework 20151211-003753-50331658-5050-7178-0000 seems to have exited. Ignoring registration timeout for executor 'thermos-1449800968056-www-data-devel-job700-0-64ab7475-b695-4819-8c85-1d8dca0f5786'
I1211 02:31:25.499264 12614 slave.cpp:1121] Got assigned task 1449801025463-www-data-devel-job700-0-db29fe7c-147f-45df-8908-9616edd7e7f6 for framework 20151211-003753-50331658-5050-7178-0000
I1211 02:31:25.499982 12614 gc.cpp:84] Unscheduling '/var/lib/mesos/slave/slaves/20151211-022803-50331658-5050-13228-S1/frameworks/20151211-003753-50331658-5050-7178-0000' from gc
I1211 02:31:25.500031 12614 gc.cpp:84] Unscheduling '/var/lib/mesos/slave/meta/slaves/20151211-022803-50331658-5050-13228-S1/frameworks/20151211-003753-50331658-5050-7178-0000' from gc
I1211 02:31:25.500181 12614 slave.cpp:1231] Launching task 1449801025463-www-data-devel-job700-0-db29fe7c-147f-45df-8908-9616edd7e7f6 for framework 20151211-003753-50331658-5050-7178-0000
I1211 02:31:25.501155 12614 slave.cpp:4160] Launching executor thermos-1449801025463-www-data-devel-job700-0-db29fe7c-147f-45df-8908-9616edd7e7f6 of framework 20151211-003753-50331658-5050-7178-0000 in work directory '/var/lib/mesos/slave/slaves/20151211-022803-50331658-5050-13228-S1/frameworks/20151211-003753-50331658-5050-7178-0000/executors/thermos-1449801025463-www-data-devel-job700-0-db29fe7c-147f-45df-8908-9616edd7e7f6/runs/22f1319c-b831-44aa-83c8-53d419af3310'
I1211 02:31:25.501401 12613 containerizer.cpp:472] Starting container '22f1319c-b831-44aa-83c8-53d419af3310' for executor 'thermos-1449801025463-www-data-devel-job700-0-db29fe7c-147f-45df-8908-9616edd7e7f6' of framework '20151211-003753-50331658-5050-7178-0000'
I1211 02:31:25.502163 12613 launcher.cpp:130] Forked child with pid '13055' for container '22f1319c-b831-44aa-83c8-53d419af3310'
I1211 02:31:25.503453 12613 containerizer.cpp:682] Checkpointing executor's forked pid 13055 to '/var/lib/mesos/slave/meta/slaves/20151211-022803-50331658-5050-13228-S1/frameworks/20151211-003753-50331658-5050-7178-0000/executors/thermos-1449801025463-www-data-devel-job700-0-db29fe7c-147f-45df-8908-9616edd7e7f6/runs/22f1319c-b831-44aa-83c8-53d419af3310/pids/forked.pid'
I1211 02:31:25.509454 12614 slave.cpp:1378] Queuing task '1449801025463-www-data-devel-job700-0-db29fe7c-147f-45df-8908-9616edd7e7f6' for executor thermos-1449801025463-www-data-devel-job700-0-db29fe7c-147f-45df-8908-9616edd7e7f6 of framework '20151211-003753-50331658-5050-7178-0000
I1211 02:31:25.527061 12613 fetcher.cpp:238] Fetching URIs using command '/usr/libexec/mesos/mesos-fetcher'
I1211 02:31:25.594810 12613 slave.cpp:3135] Monitoring executor 'thermos-1449801025463-www-data-devel-job700-0-db29fe7c-147f-45df-8908-9616edd7e7f6' of framework '20151211-003753-50331658-5050-7178-0000' in container '22f1319c-b831-44aa-83c8-53d419af3310'
I1211 02:31:25.698246 12613 containerizer.cpp:1111] Executor for container '22f1319c-b831-44aa-83c8-53d419af3310' has exited
I1211 02:31:25.698317 12613 containerizer.cpp:906] Destroying container '22f1319c-b831-44aa-83c8-53d419af3310'
I1211 02:31:25.699585 12613 slave.cpp:3193] Executor 'thermos-1449801025463-www-data-devel-job700-0-db29fe7c-147f-45df-8908-9616edd7e7f6' of framework 20151211-003753-50331658-5050-7178-0000 exited with status 0
I1211 02:31:25.700723 12613 slave.cpp:2508] Handling status update TASK_LOST (UUID: 45083e90-bc79-4a35-8765-9773f1a28013) for task 1449801025463-www-data-devel-job700-0-db29fe7c-147f-45df-8908-9616edd7e7f6 of framework 20151211-003753-50331658-5050-7178-0000 from @0.0.0.0:0
W1211 02:31:25.700906 12610 containerizer.cpp:802] Ignoring update for unknown container: 22f1319c-b831-44aa-83c8-53d419af3310
I1211 02:31:25.701751 12611 status_update_manager.cpp:317] Received status update TASK_LOST (UUID: 45083e90-bc79-4a35-8765-9773f1a28013) for task 1449801025463-www-data-devel-job700-0-db29fe7c-147f-45df-8908-9616edd7e7f6 of framework 20151211-003753-50331658-5050-7178-0000
I1211 02:31:25.701969 12611 status_update_manager.hpp:346] Checkpointing UPDATE for status update TASK_LOST (UUID: 45083e90-bc79-4a35-8765-9773f1a28013) for task 1449801025463-www-data-devel-job700-0-db29fe7c-147f-45df-8908-9616edd7e7f6 of framework 20151211-003753-50331658-5050-7178-0000
I1211 02:31:25.705912 12611 slave.cpp:2753] Forwarding the update TASK_LOST (UUID: 45083e90-bc79-4a35-8765-9773f1a28013) for task 1449801025463-www-data-devel-job700-0-db29fe7c-147f-45df-8908-9616edd7e7f6 of framework 20151211-003753-50331658-5050-7178-0000 to master@10.0.0.4:5050
I1211 02:31:25.727635 12616 slave.cpp:1558] Asked to kill task 1449801025463-www-data-devel-job700-0-db29fe7c-147f-45df-8908-9616edd7e7f6 of framework 20151211-003753-50331658-5050-7178-0000
W1211 02:31:25.727670 12616 slave.cpp:1683] Ignoring kill task 1449801025463-www-data-devel-job700-0-db29fe7c-147f-45df-8908-9616edd7e7f6 of framework 20151211-003753-50331658-5050-7178-0000 because the executor 'thermos-1449801025463-www-data-devel-job700-0-db29fe7c-147f-45df-8908-9616edd7e7f6' is terminating/terminated
I1211 02:31:25.740808 12616 status_update_manager.cpp:389] Received status update acknowledgement (UUID: 45083e90-bc79-4a35-8765-9773f1a28013) for task 1449801025463-www-data-devel-job700-0-db29fe7c-147f-45df-8908-9616edd7e7f6 of framework 20151211-003753-50331658-5050-7178-0000
I1211 02:31:25.740865 12616 status_update_manager.hpp:346] Checkpointing ACK for status update TASK_LOST (UUID: 45083e90-bc79-4a35-8765-9773f1a28013) for task 1449801025463-www-data-devel-job700-0-db29fe7c-147f-45df-8908-9616edd7e7f6 of framework 20151211-003753-50331658-5050-7178-0000
I1211 02:31:25.742933 12616 slave.cpp:3302] Cleaning up executor 'thermos-1449801025463-www-data-devel-job700-0-db29fe7c-147f-45df-8908-9616edd7e7f6' of framework 20151211-003753-50331658-5050-7178-0000
I1211 02:31:25.743139 12616 slave.cpp:3381] Cleaning up framework 20151211-003753-50331658-5050-7178-0000
I1211 02:31:25.743188 12616 gc.cpp:56] Scheduling '/var/lib/mesos/slave/slaves/20151211-022803-50331658-5050-13228-S1/frameworks/20151211-003753-50331658-5050-7178-0000/executors/thermos-1449801025463-www-data-devel-job700-0-db29fe7c-147f-45df-8908-9616edd7e7f6/runs/22f1319c-b831-44aa-83c8-53d419af3310' for gc 6.99999139957037days in the future
I1211 02:31:25.743216 12616 gc.cpp:56] Scheduling '/var/lib/mesos/slave/slaves/20151211-022803-50331658-5050-13228-S1/frameworks/20151211-003753-50331658-5050-7178-0000/executors/thermos-1449801025463-www-data-devel-job700-0-db29fe7c-147f-45df-8908-9616edd7e7f6' for gc 6.99999139925926days in the future
I1211 02:31:25.743262 12616 gc.cpp:56] Scheduling '/var/lib/mesos/slave/meta/slaves/20151211-022803-50331658-5050-13228-S1/frameworks/20151211-003753-50331658-5050-7178-0000/executors/thermos-1449801025463-www-data-devel-job700-0-db29fe7c-147f-45df-8908-9616edd7e7f6/runs/22f1319c-b831-44aa-83c8-53d419af3310' for gc 6.9999913990637days in the future
I1211 02:31:25.743285 12616 gc.cpp:56] Scheduling '/var/lib/mesos/slave/meta/slaves/20151211-022803-50331658-5050-13228-S1/frameworks/20151211-003753-50331658-5050-7178-0000/executors/thermos-1449801025463-www-data-devel-job700-0-db29fe7c-147f-45df-8908-9616edd7e7f6' for gc 6.99999139890074days in the future
I1211 02:31:25.743299 12616 gc.cpp:56] Scheduling '/var/lib/mesos/slave/slaves/20151211-022803-50331658-5050-13228-S1/frameworks/20151211-003753-50331658-5050-7178-0000' for gc 6.99999139853037days in the future
I1211 02:31:25.743309 12616 gc.cpp:56] Scheduling '/var/lib/mesos/slave/meta/slaves/20151211-022803-50331658-5050-13228-S1/frameworks/20151211-003753-50331658-5050-7178-0000' for gc 6.99999139840296days in the future
I1211 02:31:25.743244 12612 status_update_manager.cpp:279] Closing status update streams for framework 20151211-003753-50331658-5050-7178-0000
I1211 02:31:26.197607 12616 slave.cpp:3534] Framework 20151211-003753-50331658-5050-7178-0000 seems to have exited. Ignoring registration timeout for executor 'thermos-1449800957870-www-data-devel-job10-0-b4b715f4-18a5-4710-81e3-c8f659658cfc'
I1211 02:31:27.280226 12610 slave.cpp:3534] Framework 20151211-003753-50331658-5050-7178-0000 seems to have exited. Ignoring registration timeout for executor 'thermos-1449800958985-www-data-devel-job11-0-053682e0-cc0a-4d0b-ae2e-b9b3baa03dd5'
I1211 02:31:29.039329 12616 slave.cpp:3534] Framework 20151211-003753-50331658-5050-7178-0000 seems to have exited. Ignoring registration timeout for executor 'thermos-1449800968999-www-data-devel-job700-0-66058411-6066-4cdb-950a-913fe65eedff'
I1211 02:31:39.299039 12615 slave.cpp:1121] Got assigned task 1449800979249-www-data-devel-job14-0-5b987aba-6c7a-4655-9a97-45c9eb24f74b for framework 20151211-003753-50331658-5050-7178-0000
I1211 02:31:39.299727 12615 gc.cpp:84] Unscheduling '/var/lib/mesos/slave/slaves/20151211-022803-50331658-5050-13228-S1/frameworks/20151211-003753-50331658-5050-7178-0000' from gc
I1211 02:31:39.299787 12615 gc.cpp:84] Unscheduling '/var/lib/mesos/slave/meta/slaves/20151211-022803-50331658-5050-13228-S1/frameworks/20151211-003753-50331658-5050-7178-0000' from gc
I1211 02:31:39.299839 12615 slave.cpp:1231] Launching task 1449800979249-www-data-devel-job14-0-5b987aba-6c7a-4655-9a97-45c9eb24f74b for framework 20151211-003753-50331658-5050-7178-0000
