I1211 02:32:45.297644 12611 slave.cpp:3534] Framework 20151211-003753-50331658-5050-7178-0000 seems to have exited. Ignoring registration timeout for executor 'thermos-1449800984657-www-data-devel-job31-0-b4c97fb0-bf36-43f0-8ec8-f1e12b2befae'
I1211 02:32:46.533082 12614 slave.cpp:3534] Framework 20151211-003753-50331658-5050-7178-0000 seems to have exited. Ignoring registration timeout for executor 'thermos-1449800986477-www-data-devel-job12-0-a9ef7fc7-415d-4d8b-88cc-1a400f2bd113'
I1211 02:32:48.630594 12617 slave.cpp:3534] Framework 20151211-003753-50331658-5050-7178-0000 seems to have exited. Ignoring registration timeout for executor 'thermos-1449801044454-www-data-devel-job300-0-2975e58e-7b69-4bc2-a970-81ee6cb8d4d5'
I1211 02:32:50.552242 12613 slave.cpp:1121] Got assigned task 1449801050511-www-data-devel-job15-0-7e3d70ad-43e2-4ef0-9bca-e9a66d9c52bc for framework 20151211-003753-50331658-5050-7178-0000
I1211 02:32:50.552976 12613 gc.cpp:84] Unscheduling '/var/lib/mesos/slave/slaves/20151211-022803-50331658-5050-13228-S1/frameworks/20151211-003753-50331658-5050-7178-0000' from gc
I1211 02:32:50.553019 12613 gc.cpp:84] Unscheduling '/var/lib/mesos/slave/meta/slaves/20151211-022803-50331658-5050-13228-S1/frameworks/20151211-003753-50331658-5050-7178-0000' from gc
I1211 02:32:50.553112 12613 slave.cpp:1231] Launching task 1449801050511-www-data-devel-job15-0-7e3d70ad-43e2-4ef0-9bca-e9a66d9c52bc for framework 20151211-003753-50331658-5050-7178-0000
I1211 02:32:50.554123 12613 slave.cpp:4160] Launching executor thermos-1449801050511-www-data-devel-job15-0-7e3d70ad-43e2-4ef0-9bca-e9a66d9c52bc of framework 20151211-003753-50331658-5050-7178-0000 in work directory '/var/lib/mesos/slave/slaves/20151211-022803-50331658-5050-13228-S1/frameworks/20151211-003753-50331658-5050-7178-0000/executors/thermos-1449801050511-www-data-devel-job15-0-7e3d70ad-43e2-4ef0-9bca-e9a66d9c52bc/runs/ead158cd-17ab-4f4b-962a-a2aae99c1e87'
I1211 02:32:50.554353 12616 containerizer.cpp:472] Starting container 'ead158cd-17ab-4f4b-962a-a2aae99c1e87' for executor 'thermos-1449801050511-www-data-devel-job15-0-7e3d70ad-43e2-4ef0-9bca-e9a66d9c52bc' of framework '20151211-003753-50331658-5050-7178-0000'
I1211 02:32:50.555129 12616 launcher.cpp:130] Forked child with pid '13344' for container 'ead158cd-17ab-4f4b-962a-a2aae99c1e87'
I1211 02:32:50.557461 12616 containerizer.cpp:682] Checkpointing executor's forked pid 13344 to '/var/lib/mesos/slave/meta/slaves/20151211-022803-50331658-5050-13228-S1/frameworks/20151211-003753-50331658-5050-7178-0000/executors/thermos-1449801050511-www-data-devel-job15-0-7e3d70ad-43e2-4ef0-9bca-e9a66d9c52bc/runs/ead158cd-17ab-4f4b-962a-a2aae99c1e87/pids/forked.pid'
I1211 02:32:50.566733 12613 slave.cpp:1378] Queuing task '1449801050511-www-data-devel-job15-0-7e3d70ad-43e2-4ef0-9bca-e9a66d9c52bc' for executor thermos-1449801050511-www-data-devel-job15-0-7e3d70ad-43e2-4ef0-9bca-e9a66d9c52bc of framework '20151211-003753-50331658-5050-7178-0000
I1211 02:32:50.587992 12616 fetcher.cpp:238] Fetching URIs using command '/usr/libexec/mesos/mesos-fetcher'
I1211 02:32:50.658443 12616 slave.cpp:3135] Monitoring executor 'thermos-1449801050511-www-data-devel-job15-0-7e3d70ad-43e2-4ef0-9bca-e9a66d9c52bc' of framework '20151211-003753-50331658-5050-7178-0000' in container 'ead158cd-17ab-4f4b-962a-a2aae99c1e87'
I1211 02:32:50.761646 12616 containerizer.cpp:1111] Executor for container 'ead158cd-17ab-4f4b-962a-a2aae99c1e87' has exited
I1211 02:32:50.761793 12616 containerizer.cpp:906] Destroying container 'ead158cd-17ab-4f4b-962a-a2aae99c1e87'
I1211 02:32:50.763279 12613 slave.cpp:3193] Executor 'thermos-1449801050511-www-data-devel-job15-0-7e3d70ad-43e2-4ef0-9bca-e9a66d9c52bc' of framework 20151211-003753-50331658-5050-7178-0000 exited with status 0
I1211 02:32:50.764241 12613 slave.cpp:2508] Handling status update TASK_LOST (UUID: 1abb7bd7-9c77-4071-9cd5-630d026e7045) for task 1449801050511-www-data-devel-job15-0-7e3d70ad-43e2-4ef0-9bca-e9a66d9c52bc of framework 20151211-003753-50331658-5050-7178-0000 from @0.0.0.0:0
W1211 02:32:50.765111 12616 containerizer.cpp:802] Ignoring update for unknown container: ead158cd-17ab-4f4b-962a-a2aae99c1e87
I1211 02:32:50.765240 12614 status_update_manager.cpp:317] Received status update TASK_LOST (UUID: 1abb7bd7-9c77-4071-9cd5-630d026e7045) for task 1449801050511-www-data-devel-job15-0-7e3d70ad-43e2-4ef0-9bca-e9a66d9c52bc of framework 20151211-003753-50331658-5050-7178-0000
I1211 02:32:50.765436 12614 status_update_manager.hpp:346] Checkpointing UPDATE for status update TASK_LOST (UUID: 1abb7bd7-9c77-4071-9cd5-630d026e7045) for task 1449801050511-www-data-devel-job15-0-7e3d70ad-43e2-4ef0-9bca-e9a66d9c52bc of framework 20151211-003753-50331658-5050-7178-0000
I1211 02:32:50.769204 12614 slave.cpp:2753] Forwarding the update TASK_LOST (UUID: 1abb7bd7-9c77-4071-9cd5-630d026e7045) for task 1449801050511-www-data-devel-job15-0-7e3d70ad-43e2-4ef0-9bca-e9a66d9c52bc of framework 20151211-003753-50331658-5050-7178-0000 to master@10.0.0.4:5050
I1211 02:32:50.779628 12617 slave.cpp:1558] Asked to kill task 1449801050511-www-data-devel-job15-0-7e3d70ad-43e2-4ef0-9bca-e9a66d9c52bc of framework 20151211-003753-50331658-5050-7178-0000
W1211 02:32:50.779678 12617 slave.cpp:1683] Ignoring kill task 1449801050511-www-data-devel-job15-0-7e3d70ad-43e2-4ef0-9bca-e9a66d9c52bc of framework 20151211-003753-50331658-5050-7178-0000 because the executor 'thermos-1449801050511-www-data-devel-job15-0-7e3d70ad-43e2-4ef0-9bca-e9a66d9c52bc' is terminating/terminated
I1211 02:32:50.793514 12615 status_update_manager.cpp:389] Received status update acknowledgement (UUID: 1abb7bd7-9c77-4071-9cd5-630d026e7045) for task 1449801050511-www-data-devel-job15-0-7e3d70ad-43e2-4ef0-9bca-e9a66d9c52bc of framework 20151211-003753-50331658-5050-7178-0000
I1211 02:32:50.793565 12615 status_update_manager.hpp:346] Checkpointing ACK for status update TASK_LOST (UUID: 1abb7bd7-9c77-4071-9cd5-630d026e7045) for task 1449801050511-www-data-devel-job15-0-7e3d70ad-43e2-4ef0-9bca-e9a66d9c52bc of framework 20151211-003753-50331658-5050-7178-0000
I1211 02:32:50.796311 12615 slave.cpp:3302] Cleaning up executor 'thermos-1449801050511-www-data-devel-job15-0-7e3d70ad-43e2-4ef0-9bca-e9a66d9c52bc' of framework 20151211-003753-50331658-5050-7178-0000
I1211 02:32:50.796576 12615 slave.cpp:3381] Cleaning up framework 20151211-003753-50331658-5050-7178-0000
I1211 02:32:50.796682 12615 status_update_manager.cpp:279] Closing status update streams for framework 20151211-003753-50331658-5050-7178-0000
I1211 02:32:50.796623 12610 gc.cpp:56] Scheduling '/var/lib/mesos/slave/slaves/20151211-022803-50331658-5050-13228-S1/frameworks/20151211-003753-50331658-5050-7178-0000/executors/thermos-1449801050511-www-data-devel-job15-0-7e3d70ad-43e2-4ef0-9bca-e9a66d9c52bc/runs/ead158cd-17ab-4f4b-962a-a2aae99c1e87' for gc 6.99999078122667days in the future
I1211 02:32:50.796718 12610 gc.cpp:56] Scheduling '/var/lib/mesos/slave/slaves/20151211-022803-50331658-5050-13228-S1/frameworks/20151211-003753-50331658-5050-7178-0000/executors/thermos-1449801050511-www-data-devel-job15-0-7e3d70ad-43e2-4ef0-9bca-e9a66d9c52bc' for gc 6.99999078080889days in the future
I1211 02:32:50.796731 12610 gc.cpp:56] Scheduling '/var/lib/mesos/slave/meta/slaves/20151211-022803-50331658-5050-13228-S1/frameworks/20151211-003753-50331658-5050-7178-0000/executors/thermos-1449801050511-www-data-devel-job15-0-7e3d70ad-43e2-4ef0-9bca-e9a66d9c52bc/runs/ead158cd-17ab-4f4b-962a-a2aae99c1e87' for gc 6.99999078061333days in the future
I1211 02:32:50.796743 12610 gc.cpp:56] Scheduling '/var/lib/mesos/slave/meta/slaves/20151211-022803-50331658-5050-13228-S1/frameworks/20151211-003753-50331658-5050-7178-0000/executors/thermos-1449801050511-www-data-devel-job15-0-7e3d70ad-43e2-4ef0-9bca-e9a66d9c52bc' for gc 6.99999078045037days in the future
I1211 02:32:50.796756 12610 gc.cpp:56] Scheduling '/var/lib/mesos/slave/slaves/20151211-022803-50331658-5050-13228-S1/frameworks/20151211-003753-50331658-5050-7178-0000' for gc 6.99999077937481days in the future
I1211 02:32:50.796775 12610 gc.cpp:56] Scheduling '/var/lib/mesos/slave/meta/slaves/20151211-022803-50331658-5050-13228-S1/frameworks/20151211-003753-50331658-5050-7178-0000' for gc 6.9999907792237days in the future
I1211 02:32:52.067208 12612 slave.cpp:3534] Framework 20151211-003753-50331658-5050-7178-0000 seems to have exited. Ignoring registration timeout for executor 'thermos-1449800991666-www-data-devel-job15-0-fb2df547-91c4-4e05-a328-5db02b548fc0'
I1211 02:32:53.535717 12612 slave.cpp:3534] Framework 20151211-003753-50331658-5050-7178-0000 seems to have exited. Ignoring registration timeout for executor 'thermos-1449800992240-www-data-devel-job400-0-62f10199-7237-4f70-8283-683753f65279'
I1211 02:33:02.581230 12612 slave.cpp:3534] Framework 20151211-003753-50331658-5050-7178-0000 seems to have exited. Ignoring registration timeout for executor 'thermos-1449801002389-www-data-devel-job8-0-3f9549ec-4e5f-4129-a0c5-ab2039819172'
I1211 02:33:18.151176 12612 slave.cpp:3618] Current disk usage 25.71%. Max allowed age: 4.500347980647246days
I1211 02:33:25.744779 12613 slave.cpp:1121] Got assigned task 1449801085721-www-data-devel-job700-0-61ab4944-e252-4a56-bec4-4c83c579ce61 for framework 20151211-003753-50331658-5050-7178-0000
I1211 02:33:25.745553 12613 gc.cpp:84] Unscheduling '/var/lib/mesos/slave/slaves/20151211-022803-50331658-5050-13228-S1/frameworks/20151211-003753-50331658-5050-7178-0000' from gc
I1211 02:33:25.745615 12613 gc.cpp:84] Unscheduling '/var/lib/mesos/slave/meta/slaves/20151211-022803-50331658-5050-13228-S1/frameworks/20151211-003753-50331658-5050-7178-0000' from gc
I1211 02:33:25.745708 12613 slave.cpp:1231] Launching task 1449801085721-www-data-devel-job700-0-61ab4944-e252-4a56-bec4-4c83c579ce61 for framework 20151211-003753-50331658-5050-7178-0000
I1211 02:33:25.746649 12613 slave.cpp:4160] Launching executor thermos-1449801085721-www-data-devel-job700-0-61ab4944-e252-4a56-bec4-4c83c579ce61 of framework 20151211-003753-50331658-5050-7178-0000 in work directory '/var/lib/mesos/slave/slaves/20151211-022803-50331658-5050-13228-S1/frameworks/20151211-003753-50331658-5050-7178-0000/executors/thermos-1449801085721-www-data-devel-job700-0-61ab4944-e252-4a56-bec4-4c83c579ce61/runs/8de48258-d400-447b-83e7-207796c702bd'
I1211 02:33:25.746930 12614 containerizer.cpp:472] Starting container '8de48258-d400-447b-83e7-207796c702bd' for executor 'thermos-1449801085721-www-data-devel-job700-0-61ab4944-e252-4a56-bec4-4c83c579ce61' of framework '20151211-003753-50331658-5050-7178-0000'
I1211 02:33:25.747704 12614 launcher.cpp:130] Forked child with pid '13354' for container '8de48258-d400-447b-83e7-207796c702bd'
I1211 02:33:25.750516 12614 containerizer.cpp:682] Checkpointing executor's forked pid 13354 to '/var/lib/mesos/slave/meta/slaves/20151211-022803-50331658-5050-13228-S1/frameworks/20151211-003753-50331658-5050-7178-0000/executors/thermos-1449801085721-www-data-devel-job700-0-61ab4944-e252-4a56-bec4-4c83c579ce61/runs/8de48258-d400-447b-83e7-207796c702bd/pids/forked.pid'
I1211 02:33:25.759137 12613 slave.cpp:1378] Queuing task '1449801085721-www-data-devel-job700-0-61ab4944-e252-4a56-bec4-4c83c579ce61' for executor thermos-1449801085721-www-data-devel-job700-0-61ab4944-e252-4a56-bec4-4c83c579ce61 of framework '20151211-003753-50331658-5050-7178-0000
I1211 02:33:25.769400 12614 fetcher.cpp:238] Fetching URIs using command '/usr/libexec/mesos/mesos-fetcher'
I1211 02:33:25.874775 12614 slave.cpp:3135] Monitoring executor 'thermos-1449801085721-www-data-devel-job700-0-61ab4944-e252-4a56-bec4-4c83c579ce61' of framework '20151211-003753-50331658-5050-7178-0000' in container '8de48258-d400-447b-83e7-207796c702bd'
I1211 02:33:25.977975 12614 containerizer.cpp:1111] Executor for container '8de48258-d400-447b-83e7-207796c702bd' has exited
I1211 02:33:25.978037 12614 containerizer.cpp:906] Destroying container '8de48258-d400-447b-83e7-207796c702bd'
I1211 02:33:25.978976 12614 slave.cpp:3193] Executor 'thermos-1449801085721-www-data-devel-job700-0-61ab4944-e252-4a56-bec4-4c83c579ce61' of framework 20151211-003753-50331658-5050-7178-0000 exited with status 0
I1211 02:33:25.979831 12614 slave.cpp:2508] Handling status update TASK_LOST (UUID: bd4837c7-e02e-4dbb-ac2f-6272fd28cf2d) for task 1449801085721-www-data-devel-job700-0-61ab4944-e252-4a56-bec4-4c83c579ce61 of framework 20151211-003753-50331658-5050-7178-0000 from @0.0.0.0:0
W1211 02:33:25.979975 12616 containerizer.cpp:802] Ignoring update for unknown container: 8de48258-d400-447b-83e7-207796c702bd
I1211 02:33:25.980651 12610 status_update_manager.cpp:317] Received status update TASK_LOST (UUID: bd4837c7-e02e-4dbb-ac2f-6272fd28cf2d) for task 1449801085721-www-data-devel-job700-0-61ab4944-e252-4a56-bec4-4c83c579ce61 of framework 20151211-003753-50331658-5050-7178-0000
I1211 02:33:25.980955 12610 status_update_manager.hpp:346] Checkpointing UPDATE for status update TASK_LOST (UUID: bd4837c7-e02e-4dbb-ac2f-6272fd28cf2d) for task 1449801085721-www-data-devel-job700-0-61ab4944-e252-4a56-bec4-4c83c579ce61 of framework 20151211-003753-50331658-5050-7178-0000
I1211 02:33:25.985064 12610 slave.cpp:2753] Forwarding the update TASK_LOST (UUID: bd4837c7-e02e-4dbb-ac2f-6272fd28cf2d) for task 1449801085721-www-data-devel-job700-0-61ab4944-e252-4a56-bec4-4c83c579ce61 of framework 20151211-003753-50331658-5050-7178-0000 to master@10.0.0.4:5050
I1211 02:33:25.998944 12613 slave.cpp:1558] Asked to kill task 1449801085721-www-data-devel-job700-0-61ab4944-e252-4a56-bec4-4c83c579ce61 of framework 20151211-003753-50331658-5050-7178-0000
W1211 02:33:25.998977 12613 slave.cpp:1683] Ignoring kill task 1449801085721-www-data-devel-job700-0-61ab4944-e252-4a56-bec4-4c83c579ce61 of framework 20151211-003753-50331658-5050-7178-0000 because the executor 'thermos-1449801085721-www-data-devel-job700-0-61ab4944-e252-4a56-bec4-4c83c579ce61' is terminating/terminated
I1211 02:33:26.016300 12613 status_update_manager.cpp:389] Received status update acknowledgement (UUID: bd4837c7-e02e-4dbb-ac2f-6272fd28cf2d) for task 1449801085721-www-data-devel-job700-0-61ab4944-e252-4a56-bec4-4c83c579ce61 of framework 20151211-003753-50331658-5050-7178-0000
I1211 02:33:26.016358 12613 status_update_manager.hpp:346] Checkpointing ACK for status update TASK_LOST (UUID: bd4837c7-e02e-4dbb-ac2f-6272fd28cf2d) for task 1449801085721-www-data-devel-job700-0-61ab4944-e252-4a56-bec4-4c83c579ce61 of framework 20151211-003753-50331658-5050-7178-0000
I1211 02:33:26.018437 12613 slave.cpp:3302] Cleaning up executor 'thermos-1449801085721-www-data-devel-job700-0-61ab4944-e252-4a56-bec4-4c83c579ce61' of framework 20151211-003753-50331658-5050-7178-0000
I1211 02:33:26.018648 12613 slave.cpp:3381] Cleaning up framework 20151211-003753-50331658-5050-7178-0000
I1211 02:33:26.018738 12613 status_update_manager.cpp:279] Closing status update streams for framework 20151211-003753-50331658-5050-7178-0000
I1211 02:33:26.018679 12611 gc.cpp:56] Scheduling '/var/lib/mesos/slave/slaves/20151211-022803-50331658-5050-13228-S1/frameworks/20151211-003753-50331658-5050-7178-0000/executors/thermos-1449801085721-www-data-devel-job700-0-61ab4944-e252-4a56-bec4-4c83c579ce61/runs/8de48258-d400-447b-83e7-207796c702bd' for gc 6.99999978489481days in the future
I1211 02:33:26.018769 12611 gc.cpp:56] Scheduling '/var/lib/mesos/slave/slaves/20151211-022803-50331658-5050-13228-S1/frameworks/20151211-003753-50331658-5050-7178-0000/executors/thermos-1449801085721-www-data-devel-job700-0-61ab4944-e252-4a56-bec4-4c83c579ce61' for gc 6.9999997845837days in the future
I1211 02:33:26.018782 12611 gc.cpp:56] Scheduling '/var/lib/mesos/slave/meta/slaves/20151211-022803-50331658-5050-13228-S1/frameworks/20151211-003753-50331658-5050-7178-0000/executors/thermos-1449801085721-www-data-devel-job700-0-61ab4944-e252-4a56-bec4-4c83c579ce61/runs/8de48258-d400-447b-83e7-207796c702bd' for gc 6.9999997844days in the future
I1211 02:33:26.018793 12611 gc.cpp:56] Scheduling '/var/lib/mesos/slave/meta/slaves/20151211-022803-50331658-5050-13228-S1/frameworks/20151211-003753-50331658-5050-7178-0000/executors/thermos-1449801085721-www-data-devel-job700-0-61ab4944-e252-4a56-bec4-4c83c579ce61' for gc 6.99999978422519days in the future
I1211 02:33:26.018815 12611 gc.cpp:56] Scheduling '/var/lib/mesos/slave/slaves/20151211-022803-50331658-5050-13228-S1/frameworks/20151211-003753-50331658-5050-7178-0000' for gc 6.99999978335704days in the future
I1211 02:33:26.018828 12611 gc.cpp:56] Scheduling '/var/lib/mesos/slave/meta/slaves/20151211-022803-50331658-5050-13228-S1/frameworks/20151211-003753-50331658-5050-7178-0000' for gc 6.99999978322963days in the future
I1211 02:33:26.398819 12613 slave.cpp:3534] Framework 20151211-003753-50331658-5050-7178-0000 seems to have exited. Ignoring registration timeout for executor 'thermos-1449801026366-www-data-devel-job10-0-b909f273-8634-422d-86d5-7fb51de34aba'
I1211 02:33:27.547019 12613 slave.cpp:3534] Framework 20151211-003753-50331658-5050-7178-0000 seems to have exited. Ignoring registration timeout for executor 'thermos-1449801027484-www-data-devel-job11-0-6df5ccdc-36f1-4db2-aa72-158696cbef05'
I1211 02:33:29.347929 12615 slave.cpp:3534] Framework 20151211-003753-50331658-5050-7178-0000 seems to have exited. Ignoring registration timeout for executor 'thermos-1449801029304-www-data-devel-job700-0-592d95ce-e0e1-4309-94fa-0cb062c8774e'
I1211 02:33:37.975826 12617 group.cpp:418] Lost connection to ZooKeeper, attempting to reconnect ...
W1211 02:33:47.977262 12610 group.cpp:456] Timed out waiting to reconnect to ZooKeeper. Forcing ZooKeeper session (sessionId=3518eddefc40000) expiration
I1211 02:33:47.977430 12610 group.cpp:472] ZooKeeper session expired
I1211 02:33:47.977774 12614 detector.cpp:138] Detected a new leader: None
I1211 02:33:47.977977 12614 slave.cpp:617] Lost leading master
I1211 02:33:47.978047 12614 slave.cpp:660] Detecting new master
I1211 02:33:47.978023 12613 status_update_manager.cpp:171] Pausing sending status updates
I1211 02:33:50.558990 12611 slave.cpp:3534] Framework 20151211-003753-50331658-5050-7178-0000 seems to have exited. Ignoring registration timeout for executor 'thermos-1449801050511-www-data-devel-job15-0-7e3d70ad-43e2-4ef0-9bca-e9a66d9c52bc'
I1211 02:34:18.151628 12615 slave.cpp:3618] Current disk usage 25.71%. Max allowed age: 4.500266575699861days
I1211 02:34:25.750277 12614 slave.cpp:3534] Framework 20151211-003753-50331658-5050-7178-0000 seems to have exited. Ignoring registration timeout for executor 'thermos-1449801085721-www-data-devel-job700-0-61ab4944-e252-4a56-bec4-4c83c579ce61'
I1211 02:34:35.321080 12615 slave.cpp:2908] No pings from master received within 75secs
I1211 02:35:18.152896 12612 slave.cpp:3618] Current disk usage 25.71%. Max allowed age: 4.500198738243715days
I1211 02:35:21.367703 12614 group.cpp:313] Group process (group(1)@10.0.0.6:5051) connected to ZooKeeper
I1211 02:35:21.367744 12614 group.cpp:790] Syncing group operations: queue size (joins, cancels, datas) = (0, 0, 0)
I1211 02:35:21.368180 12614 group.cpp:385] Trying to create path '/mesos' in ZooKeeper
I1211 02:35:21.369102 12614 detector.cpp:138] Detected a new leader: (id='8')
I1211 02:35:21.369182 12614 group.cpp:659] Trying to get '/mesos/info_0000000008' in ZooKeeper
I1211 02:35:21.369609 12614 detector.cpp:452] A new leading master (UPID=master@10.0.0.4:5050) is detected
I1211 02:35:21.369657 12614 slave.cpp:624] New master detected at master@10.0.0.4:5050
I1211 02:35:21.369673 12614 slave.cpp:649] No credentials provided. Attempting to register without authentication
I1211 02:35:21.369684 12614 slave.cpp:660] Detecting new master
I1211 02:35:21.369701 12614 status_update_manager.cpp:171] Pausing sending status updates
I1211 02:35:23.080802 12611 slave.cpp:1121] Got assigned task 1449801108831-www-data-devel-job300-0-6cdf762f-18e4-4d27-bc65-d91932da00da for framework 20151211-003753-50331658-5050-7178-0000
I1211 02:35:23.081590 12611 gc.cpp:84] Unscheduling '/var/lib/mesos/slave/slaves/20151211-022803-50331658-5050-13228-S1/frameworks/20151211-003753-50331658-5050-7178-0000' from gc
I1211 02:35:23.081637 12611 gc.cpp:84] Unscheduling '/var/lib/mesos/slave/meta/slaves/20151211-022803-50331658-5050-13228-S1/frameworks/20151211-003753-50331658-5050-7178-0000' from gc
I1211 02:35:23.081722 12611 slave.cpp:1231] Launching task 1449801108831-www-data-devel-job300-0-6cdf762f-18e4-4d27-bc65-d91932da00da for framework 20151211-003753-50331658-5050-7178-0000
I1211 02:35:23.083070 12611 slave.cpp:4160] Launching executor thermos-1449801108831-www-data-devel-job300-0-6cdf762f-18e4-4d27-bc65-d91932da00da of framework 20151211-003753-50331658-5050-7178-0000 in work directory '/var/lib/mesos/slave/slaves/20151211-022803-50331658-5050-13228-S1/frameworks/20151211-003753-50331658-5050-7178-0000/executors/thermos-1449801108831-www-data-devel-job300-0-6cdf762f-18e4-4d27-bc65-d91932da00da/runs/54a71544-fb83-40ef-afd2-5b6c96c7b444'
I1211 02:35:23.083693 12616 containerizer.cpp:472] Starting container '54a71544-fb83-40ef-afd2-5b6c96c7b444' for executor 'thermos-1449801108831-www-data-devel-job300-0-6cdf762f-18e4-4d27-bc65-d91932da00da' of framework '20151211-003753-50331658-5050-7178-0000'
I1211 02:35:23.084575 12616 launcher.cpp:130] Forked child with pid '13398' for container '54a71544-fb83-40ef-afd2-5b6c96c7b444'
I1211 02:35:23.084830 12616 containerizer.cpp:682] Checkpointing executor's forked pid 13398 to '/var/lib/mesos/slave/meta/slaves/20151211-022803-50331658-5050-13228-S1/frameworks/20151211-003753-50331658-5050-7178-0000/executors/thermos-1449801108831-www-data-devel-job300-0-6cdf762f-18e4-4d27-bc65-d91932da00da/runs/54a71544-fb83-40ef-afd2-5b6c96c7b444/pids/forked.pid'
I1211 02:35:23.086990 12611 slave.cpp:1378] Queuing task '1449801108831-www-data-devel-job300-0-6cdf762f-18e4-4d27-bc65-d91932da00da' for executor thermos-1449801108831-www-data-devel-job300-0-6cdf762f-18e4-4d27-bc65-d91932da00da of framework '20151211-003753-50331658-5050-7178-0000
I1211 02:35:23.088125 12611 slave.cpp:548] Slave asked to shut down by master@10.0.0.4:5050 because 'health check timed out'
I1211 02:35:23.088184 12611 slave.cpp:1745] Asked to shut down framework 20151211-003753-50331658-5050-7178-0000 by master@10.0.0.4:5050
I1211 02:35:23.088202 12611 slave.cpp:1770] Shutting down framework 20151211-003753-50331658-5050-7178-0000
I1211 02:35:23.088237 12611 slave.cpp:3443] Shutting down executor 'thermos-1449801108831-www-data-devel-job300-0-6cdf762f-18e4-4d27-bc65-d91932da00da' of framework 20151211-003753-50331658-5050-7178-0000
I1211 02:35:23.088280 12611 slave.cpp:548] Slave asked to shut down by master@10.0.0.4:5050 because 'Slave attempted to re-register after removal'
I1211 02:35:23.088299 12611 slave.cpp:1745] Asked to shut down framework 20151211-003753-50331658-5050-7178-0000 by master@10.0.0.4:5050
W1211 02:35:23.088306 12611 slave.cpp:1766] Ignoring shutdown framework 20151211-003753-50331658-5050-7178-0000 because it is terminating
I1211 02:35:23.088351 12611 slave.cpp:548] Slave asked to shut down by master@10.0.0.4:5050 because 'Slave attempted to re-register after removal'
I1211 02:35:23.088364 12611 slave.cpp:1745] Asked to shut down framework 20151211-003753-50331658-5050-7178-0000 by master@10.0.0.4:5050
W1211 02:35:23.088373 12611 slave.cpp:1766] Ignoring shutdown framework 20151211-003753-50331658-5050-7178-0000 because it is terminating
I1211 02:35:23.092820 12610 fetcher.cpp:238] Fetching URIs using command '/usr/libexec/mesos/mesos-fetcher'
W1211 02:35:23.183815 12610 slave.cpp:3111] Killing executor 'thermos-1449801108831-www-data-devel-job300-0-6cdf762f-18e4-4d27-bc65-d91932da00da' of framework '20151211-003753-50331658-5050-7178-0000' because the framework is terminating
I1211 02:35:23.183925 12610 containerizer.cpp:906] Destroying container '54a71544-fb83-40ef-afd2-5b6c96c7b444'
I1211 02:35:23.286815 12612 containerizer.cpp:1111] Executor for container '54a71544-fb83-40ef-afd2-5b6c96c7b444' has exited
I1211 02:35:23.287216 12612 slave.cpp:3193] Executor 'thermos-1449801108831-www-data-devel-job300-0-6cdf762f-18e4-4d27-bc65-d91932da00da' of framework 20151211-003753-50331658-5050-7178-0000 terminated with signal Killed
I1211 02:35:23.287330 12612 slave.cpp:3302] Cleaning up executor 'thermos-1449801108831-www-data-devel-job300-0-6cdf762f-18e4-4d27-bc65-d91932da00da' of framework 20151211-003753-50331658-5050-7178-0000
I1211 02:35:23.288466 12612 slave.cpp:3381] Cleaning up framework 20151211-003753-50331658-5050-7178-0000
E1211 02:35:23.287423 12615 slave.cpp:3431] Failed to unmonitor container for executor thermos-1449801108831-www-data-devel-job300-0-6cdf762f-18e4-4d27-bc65-d91932da00da of framework 20151211-003753-50331658-5050-7178-0000: Not monitored
I1211 02:35:23.288508 12613 gc.cpp:56] Scheduling '/var/lib/mesos/slave/slaves/20151211-022803-50331658-5050-13228-S1/frameworks/20151211-003753-50331658-5050-7178-0000/executors/thermos-1449801108831-www-data-devel-job300-0-6cdf762f-18e4-4d27-bc65-d91932da00da/runs/54a71544-fb83-40ef-afd2-5b6c96c7b444' for gc 6.99999666273185days in the future
I1211 02:35:23.289021 12613 gc.cpp:56] Scheduling '/var/lib/mesos/slave/slaves/20151211-022803-50331658-5050-13228-S1/frameworks/20151211-003753-50331658-5050-7178-0000/executors/thermos-1449801108831-www-data-devel-job300-0-6cdf762f-18e4-4d27-bc65-d91932da00da' for gc 6.99999666212741days in the future
I1211 02:35:23.289047 12613 gc.cpp:56] Scheduling '/var/lib/mesos/slave/meta/slaves/20151211-022803-50331658-5050-13228-S1/frameworks/20151211-003753-50331658-5050-7178-0000/executors/thermos-1449801108831-www-data-devel-job300-0-6cdf762f-18e4-4d27-bc65-d91932da00da/runs/54a71544-fb83-40ef-afd2-5b6c96c7b444' for gc 6.9999966617363days in the future
I1211 02:35:23.289067 12613 gc.cpp:56] Scheduling '/var/lib/mesos/slave/meta/slaves/20151211-022803-50331658-5050-13228-S1/frameworks/20151211-003753-50331658-5050-7178-0000/executors/thermos-1449801108831-www-data-devel-job300-0-6cdf762f-18e4-4d27-bc65-d91932da00da' for gc 6.99999666142222days in the future
I1211 02:35:23.289146 12615 status_update_manager.cpp:279] Closing status update streams for framework 20151211-003753-50331658-5050-7178-0000
I1211 02:35:23.289214 12612 slave.cpp:506] Slave terminating
I1211 02:35:23.289341 12615 gc.cpp:56] Scheduling '/var/lib/mesos/slave/slaves/20151211-022803-50331658-5050-13228-S1/frameworks/20151211-003753-50331658-5050-7178-0000' for gc 6.99999665356444days in the future
I1211 02:35:23.289381 12615 gc.cpp:56] Scheduling '/var/lib/mesos/slave/meta/slaves/20151211-022803-50331658-5050-13228-S1/frameworks/20151211-003753-50331658-5050-7178-0000' for gc 6.99999665278815days in the future
