I1218 22:56:56.705492  4984 hierarchical.hpp:834] No resources available to allocate!
I1218 22:56:56.705549  4984 hierarchical.hpp:741] Performed allocation for 2 slaves in 89802ns
I1218 22:56:57.705797  4986 hierarchical.hpp:834] No resources available to allocate!
I1218 22:56:57.705905  4986 hierarchical.hpp:741] Performed allocation for 2 slaves in 145580ns
I1218 22:56:58.706668  4983 hierarchical.hpp:834] No resources available to allocate!
I1218 22:56:58.706773  4983 hierarchical.hpp:741] Performed allocation for 2 slaves in 144126ns
I1218 22:56:59.707051  4992 hierarchical.hpp:834] No resources available to allocate!
I1218 22:56:59.707141  4992 hierarchical.hpp:741] Performed allocation for 2 slaves in 129108ns
I1218 22:57:00.707409  4982 hierarchical.hpp:834] No resources available to allocate!
I1218 22:57:00.707489  4982 hierarchical.hpp:741] Performed allocation for 2 slaves in 110862ns
I1218 22:57:01.707757  4988 hierarchical.hpp:834] No resources available to allocate!
I1218 22:57:01.707831  4988 hierarchical.hpp:741] Performed allocation for 2 slaves in 107405ns
I1218 22:57:02.708084  4980 hierarchical.hpp:834] No resources available to allocate!
I1218 22:57:02.708166  4980 hierarchical.hpp:741] Performed allocation for 2 slaves in 114669ns
I1218 22:57:03.712723  4984 hierarchical.hpp:834] No resources available to allocate!
I1218 22:57:03.712833  4984 hierarchical.hpp:741] Performed allocation for 2 slaves in 150029ns
I1218 22:57:04.713109  4991 hierarchical.hpp:834] No resources available to allocate!
I1218 22:57:04.713197  4991 hierarchical.hpp:741] Performed allocation for 2 slaves in 120947ns
I1218 22:57:05.052326  4987 master.cpp:1574] Received registration request for framework 'TwitterScheduler' at scheduler-339c65c2-e63c-4b61-8ddb-124cd54e6772@10.0.0.6:8083
I1218 22:57:05.052510  4987 master.cpp:1638] Registering framework 20151218-225416-50331658-5050-4978-0000 (TwitterScheduler) at scheduler-339c65c2-e63c-4b61-8ddb-124cd54e6772@10.0.0.6:8083
I1218 22:57:05.052729  4981 hierarchical.hpp:321] Added framework 20151218-225416-50331658-5050-4978-0000
I1218 22:57:05.052965  4981 hierarchical.hpp:741] Performed allocation for 2 slaves in 122356ns
I1218 22:57:05.053071  4994 master.cpp:3755] Sending 2 offers to framework 20151218-225416-50331658-5050-4978-0000 (TwitterScheduler) at scheduler-339c65c2-e63c-4b61-8ddb-124cd54e6772@10.0.0.6:8083
I1218 22:57:05.714100  4979 hierarchical.hpp:834] No resources available to allocate!
I1218 22:57:05.714177  4979 hierarchical.hpp:741] Performed allocation for 2 slaves in 118004ns
I1218 22:57:06.714447  4987 hierarchical.hpp:834] No resources available to allocate!
I1218 22:57:06.714562  4987 hierarchical.hpp:741] Performed allocation for 2 slaves in 172289ns
I1218 22:57:07.715366  4984 hierarchical.hpp:834] No resources available to allocate!
I1218 22:57:07.715507  4984 hierarchical.hpp:741] Performed allocation for 2 slaves in 193200ns
I1218 22:57:08.715792  4981 hierarchical.hpp:834] No resources available to allocate!
I1218 22:57:08.715898  4981 hierarchical.hpp:741] Performed allocation for 2 slaves in 161177ns
I1218 22:57:09.716184  4982 hierarchical.hpp:834] No resources available to allocate!
I1218 22:57:09.716253  4982 hierarchical.hpp:741] Performed allocation for 2 slaves in 112043ns
I1218 22:57:10.716477  4990 hierarchical.hpp:834] No resources available to allocate!
I1218 22:57:10.716557  4990 hierarchical.hpp:741] Performed allocation for 2 slaves in 120413ns
I1218 22:57:11.717425  4985 hierarchical.hpp:834] No resources available to allocate!
I1218 22:57:11.717512  4985 hierarchical.hpp:741] Performed allocation for 2 slaves in 138932ns
I1218 22:57:12.717774  4981 hierarchical.hpp:834] No resources available to allocate!
I1218 22:57:12.717834  4981 hierarchical.hpp:741] Performed allocation for 2 slaves in 101759ns
I1218 22:57:13.718689  4989 hierarchical.hpp:834] No resources available to allocate!
I1218 22:57:13.718756  4989 hierarchical.hpp:741] Performed allocation for 2 slaves in 107447ns
I1218 22:57:14.719002  4979 hierarchical.hpp:834] No resources available to allocate!
I1218 22:57:14.719077  4979 hierarchical.hpp:741] Performed allocation for 2 slaves in 115711ns
I1218 22:57:15.719389  4980 hierarchical.hpp:834] No resources available to allocate!
I1218 22:57:15.719452  4980 hierarchical.hpp:741] Performed allocation for 2 slaves in 135647ns
I1218 22:57:16.719743  4993 hierarchical.hpp:834] No resources available to allocate!
I1218 22:57:16.719784  4993 hierarchical.hpp:741] Performed allocation for 2 slaves in 82467ns
I1218 22:57:17.720075  4990 hierarchical.hpp:834] No resources available to allocate!
I1218 22:57:17.720149  4990 hierarchical.hpp:741] Performed allocation for 2 slaves in 115303ns
I1218 22:57:18.720379  4988 hierarchical.hpp:834] No resources available to allocate!
I1218 22:57:18.720412  4988 hierarchical.hpp:741] Performed allocation for 2 slaves in 76593ns
I1218 22:57:19.720621  4982 hierarchical.hpp:834] No resources available to allocate!
I1218 22:57:19.720657  4982 hierarchical.hpp:741] Performed allocation for 2 slaves in 78433ns
I1218 22:57:20.720870  4981 hierarchical.hpp:834] No resources available to allocate!
I1218 22:57:20.720947  4981 hierarchical.hpp:741] Performed allocation for 2 slaves in 116817ns
I1218 22:57:21.721168  4983 hierarchical.hpp:834] No resources available to allocate!
I1218 22:57:21.721232  4983 hierarchical.hpp:741] Performed allocation for 2 slaves in 105585ns
I1218 22:57:22.721469  4989 hierarchical.hpp:834] No resources available to allocate!
I1218 22:57:22.721539  4989 hierarchical.hpp:741] Performed allocation for 2 slaves in 111498ns
I1218 22:57:23.721758  4980 hierarchical.hpp:834] No resources available to allocate!
I1218 22:57:23.721815  4980 hierarchical.hpp:741] Performed allocation for 2 slaves in 98224ns
I1218 22:57:24.722034  4979 hierarchical.hpp:834] No resources available to allocate!
I1218 22:57:24.722096  4979 hierarchical.hpp:741] Performed allocation for 2 slaves in 104967ns
I1218 22:57:25.722316  4992 hierarchical.hpp:834] No resources available to allocate!
I1218 22:57:25.722379  4992 hierarchical.hpp:741] Performed allocation for 2 slaves in 105480ns
I1218 22:57:26.723232  4982 hierarchical.hpp:834] No resources available to allocate!
I1218 22:57:26.723299  4982 hierarchical.hpp:741] Performed allocation for 2 slaves in 108337ns
I1218 22:57:27.723510  4993 hierarchical.hpp:834] No resources available to allocate!
I1218 22:57:27.723572  4993 hierarchical.hpp:741] Performed allocation for 2 slaves in 103517ns
I1218 22:57:28.724289  4984 hierarchical.hpp:834] No resources available to allocate!
I1218 22:57:28.724352  4984 hierarchical.hpp:741] Performed allocation for 2 slaves in 128381ns
I1218 22:57:29.724647  4986 hierarchical.hpp:834] No resources available to allocate!
I1218 22:57:29.724761  4986 hierarchical.hpp:741] Performed allocation for 2 slaves in 169362ns
I1218 22:57:30.725061  4988 hierarchical.hpp:834] No resources available to allocate!
I1218 22:57:30.725141  4988 hierarchical.hpp:741] Performed allocation for 2 slaves in 120216ns
I1218 22:57:31.725400  4989 hierarchical.hpp:834] No resources available to allocate!
I1218 22:57:31.727027  4989 hierarchical.hpp:741] Performed allocation for 2 slaves in 1.67736ms
I1218 22:57:32.727382  4990 hierarchical.hpp:834] No resources available to allocate!
I1218 22:57:32.727424  4990 hierarchical.hpp:741] Performed allocation for 2 slaves in 93220ns
I1218 22:57:33.727769  4980 hierarchical.hpp:834] No resources available to allocate!
I1218 22:57:33.727835  4980 hierarchical.hpp:741] Performed allocation for 2 slaves in 123769ns
I1218 22:57:34.728253  4984 hierarchical.hpp:834] No resources available to allocate!
I1218 22:57:34.728338  4984 hierarchical.hpp:741] Performed allocation for 2 slaves in 188560ns
I1218 22:57:35.053997  4979 hierarchical.hpp:648] Recovered cpus(*):16; mem(*):63395; disk(*):24980; ports(*):[31000-32000] (total allocatable: cpus(*):16; mem(*):63395; disk(*):24980; ports(*):[31000-32000]) on slave 20151218-225416-50331658-5050-4978-S1 from framework 20151218-225416-50331658-5050-4978-0000
I1218 22:57:35.054162  4979 hierarchical.hpp:648] Recovered cpus(*):16; mem(*):63395; disk(*):24980; ports(*):[31000-32000] (total allocatable: cpus(*):16; mem(*):63395; disk(*):24980; ports(*):[31000-32000]) on slave 20151218-225416-50331658-5050-4978-S0 from framework 20151218-225416-50331658-5050-4978-0000
I1218 22:57:35.729195  4981 hierarchical.hpp:741] Performed allocation for 2 slaves in 126966ns
I1218 22:57:35.729338  4987 master.cpp:3755] Sending 2 offers to framework 20151218-225416-50331658-5050-4978-0000 (TwitterScheduler) at scheduler-339c65c2-e63c-4b61-8ddb-124cd54e6772@10.0.0.6:8083
I1218 22:57:36.729722  4991 hierarchical.hpp:834] No resources available to allocate!
I1218 22:57:36.729770  4991 hierarchical.hpp:741] Performed allocation for 2 slaves in 100286ns
I1218 22:57:37.730125  4984 hierarchical.hpp:834] No resources available to allocate!
I1218 22:57:37.730196  4984 hierarchical.hpp:741] Performed allocation for 2 slaves in 141803ns
I1218 22:57:38.730573  4986 hierarchical.hpp:834] No resources available to allocate!
I1218 22:57:38.730618  4986 hierarchical.hpp:741] Performed allocation for 2 slaves in 123280ns
I1218 22:57:39.730976  4994 hierarchical.hpp:834] No resources available to allocate!
I1218 22:57:39.731034  4994 hierarchical.hpp:741] Performed allocation for 2 slaves in 132328ns
I1218 22:57:40.731390  4982 hierarchical.hpp:834] No resources available to allocate!
I1218 22:57:40.731482  4982 hierarchical.hpp:741] Performed allocation for 2 slaves in 171241ns
I1218 22:57:41.732674  4988 hierarchical.hpp:834] No resources available to allocate!
I1218 22:57:41.732743  4988 hierarchical.hpp:741] Performed allocation for 2 slaves in 144315ns
I1218 22:57:42.733115  4991 hierarchical.hpp:834] No resources available to allocate!
I1218 22:57:42.733173  4991 hierarchical.hpp:741] Performed allocation for 2 slaves in 128458ns
I1218 22:57:43.734395  4992 hierarchical.hpp:834] No resources available to allocate!
I1218 22:57:43.734534  4992 hierarchical.hpp:741] Performed allocation for 2 slaves in 220665ns
I1218 22:57:44.734961  4986 hierarchical.hpp:834] No resources available to allocate!
I1218 22:57:44.735033  4986 hierarchical.hpp:741] Performed allocation for 2 slaves in 203644ns
I1218 22:57:45.735394  4989 hierarchical.hpp:834] No resources available to allocate!
I1218 22:57:45.735443  4989 hierarchical.hpp:741] Performed allocation for 2 slaves in 107162ns
I1218 22:57:46.735900  4984 hierarchical.hpp:834] No resources available to allocate!
I1218 22:57:46.735963  4984 hierarchical.hpp:741] Performed allocation for 2 slaves in 130992ns
I1218 22:57:47.736472  4982 hierarchical.hpp:834] No resources available to allocate!
I1218 22:57:47.736516  4982 hierarchical.hpp:741] Performed allocation for 2 slaves in 129113ns
I1218 22:57:48.736968  4991 hierarchical.hpp:834] No resources available to allocate!
I1218 22:57:48.737040  4991 hierarchical.hpp:741] Performed allocation for 2 slaves in 140343ns
I1218 22:57:49.737530  4988 hierarchical.hpp:834] No resources available to allocate!
I1218 22:57:49.737579  4988 hierarchical.hpp:741] Performed allocation for 2 slaves in 107536ns
I1218 22:57:50.738060  4994 hierarchical.hpp:834] No resources available to allocate!
I1218 22:57:50.738117  4994 hierarchical.hpp:741] Performed allocation for 2 slaves in 119634ns
I1218 22:57:51.738489  4993 hierarchical.hpp:834] No resources available to allocate!
I1218 22:57:51.738600  4993 hierarchical.hpp:741] Performed allocation for 2 slaves in 185558ns
I1218 22:57:52.739095  4979 hierarchical.hpp:834] No resources available to allocate!
I1218 22:57:52.739161  4979 hierarchical.hpp:741] Performed allocation for 2 slaves in 134507ns
I1218 22:57:53.739480  4984 hierarchical.hpp:834] No resources available to allocate!
I1218 22:57:53.739528  4984 hierarchical.hpp:741] Performed allocation for 2 slaves in 92762ns
I1218 22:57:54.739979  4991 hierarchical.hpp:834] No resources available to allocate!
I1218 22:57:54.740031  4991 hierarchical.hpp:741] Performed allocation for 2 slaves in 114329ns
I1218 22:57:55.740376  4982 hierarchical.hpp:834] No resources available to allocate!
I1218 22:57:55.740422  4982 hierarchical.hpp:741] Performed allocation for 2 slaves in 120451ns
I1218 22:57:56.740638  4988 hierarchical.hpp:834] No resources available to allocate!
I1218 22:57:56.740720  4988 hierarchical.hpp:741] Performed allocation for 2 slaves in 150798ns
I1218 22:57:57.741201  4994 hierarchical.hpp:834] No resources available to allocate!
I1218 22:57:57.741240  4994 hierarchical.hpp:741] Performed allocation for 2 slaves in 80600ns
I1218 22:57:58.741354  4984 hierarchical.hpp:834] No resources available to allocate!
I1218 22:57:58.741395  4984 hierarchical.hpp:741] Performed allocation for 2 slaves in 83415ns
I1218 22:57:59.741721  4989 hierarchical.hpp:834] No resources available to allocate!
I1218 22:57:59.741778  4989 hierarchical.hpp:741] Performed allocation for 2 slaves in 117007ns
I1218 22:58:00.742192  4982 hierarchical.hpp:834] No resources available to allocate!
I1218 22:58:00.742238  4982 hierarchical.hpp:741] Performed allocation for 2 slaves in 95676ns
I1218 22:58:01.742588  4979 hierarchical.hpp:834] No resources available to allocate!
I1218 22:58:01.742676  4979 hierarchical.hpp:741] Performed allocation for 2 slaves in 156888ns
I1218 22:58:02.743144  4986 hierarchical.hpp:834] No resources available to allocate!
I1218 22:58:02.743192  4986 hierarchical.hpp:741] Performed allocation for 2 slaves in 107021ns
I1218 22:58:03.743549  4994 hierarchical.hpp:834] No resources available to allocate!
I1218 22:58:03.743608  4994 hierarchical.hpp:741] Performed allocation for 2 slaves in 133650ns
I1218 22:58:04.744122  4984 hierarchical.hpp:834] No resources available to allocate!
I1218 22:58:04.744166  4984 hierarchical.hpp:741] Performed allocation for 2 slaves in 139425ns
I1218 22:58:05.130064  4993 master.cpp:3456] Performing implicit task state reconciliation for framework 20151218-225416-50331658-5050-4978-0000 (TwitterScheduler) at scheduler-339c65c2-e63c-4b61-8ddb-124cd54e6772@10.0.0.6:8083
I1218 22:58:05.730012  4982 hierarchical.hpp:648] Recovered cpus(*):16; mem(*):63395; disk(*):24980; ports(*):[31000-32000] (total allocatable: cpus(*):16; mem(*):63395; disk(*):24980; ports(*):[31000-32000]) on slave 20151218-225416-50331658-5050-4978-S1 from framework 20151218-225416-50331658-5050-4978-0000
I1218 22:58:05.730162  4982 hierarchical.hpp:648] Recovered cpus(*):16; mem(*):63395; disk(*):24980; ports(*):[31000-32000] (total allocatable: cpus(*):16; mem(*):63395; disk(*):24980; ports(*):[31000-32000]) on slave 20151218-225416-50331658-5050-4978-S0 from framework 20151218-225416-50331658-5050-4978-0000
I1218 22:58:05.744619  4984 hierarchical.hpp:741] Performed allocation for 2 slaves in 120548ns
I1218 22:58:05.744724  4983 master.cpp:3755] Sending 2 offers to framework 20151218-225416-50331658-5050-4978-0000 (TwitterScheduler) at scheduler-339c65c2-e63c-4b61-8ddb-124cd54e6772@10.0.0.6:8083
I1218 22:58:06.745167  4986 hierarchical.hpp:834] No resources available to allocate!
I1218 22:58:06.745201  4986 hierarchical.hpp:741] Performed allocation for 2 slaves in 77151ns
I1218 22:58:07.745515  4990 hierarchical.hpp:834] No resources available to allocate!
I1218 22:58:07.745571  4990 hierarchical.hpp:741] Performed allocation for 2 slaves in 117987ns
I1218 22:58:08.745872  4985 hierarchical.hpp:834] No resources available to allocate!
I1218 22:58:08.745965  4985 hierarchical.hpp:741] Performed allocation for 2 slaves in 145871ns
I1218 22:58:09.746392  4987 hierarchical.hpp:834] No resources available to allocate!
I1218 22:58:09.746477  4987 hierarchical.hpp:741] Performed allocation for 2 slaves in 187682ns
I1218 22:58:10.746924  4979 hierarchical.hpp:834] No resources available to allocate!
I1218 22:58:10.746965  4979 hierarchical.hpp:741] Performed allocation for 2 slaves in 94736ns
I1218 22:58:11.747175  4994 hierarchical.hpp:834] No resources available to allocate!
I1218 22:58:11.747223  4994 hierarchical.hpp:741] Performed allocation for 2 slaves in 105971ns
I1218 22:58:12.747597  4986 hierarchical.hpp:834] No resources available to allocate!
I1218 22:58:12.747650  4986 hierarchical.hpp:741] Performed allocation for 2 slaves in 111415ns
I1218 22:58:13.748595  4988 hierarchical.hpp:834] No resources available to allocate!
I1218 22:58:13.748630  4988 hierarchical.hpp:741] Performed allocation for 2 slaves in 68583ns
I1218 22:58:14.749060  4982 hierarchical.hpp:834] No resources available to allocate!
I1218 22:58:14.749099  4982 hierarchical.hpp:741] Performed allocation for 2 slaves in 113784ns
I1218 22:58:15.749327  4990 hierarchical.hpp:834] No resources available to allocate!
I1218 22:58:15.749388  4990 hierarchical.hpp:741] Performed allocation for 2 slaves in 103531ns
I1218 22:58:16.749606  4991 hierarchical.hpp:834] No resources available to allocate!
I1218 22:58:16.749645  4991 hierarchical.hpp:741] Performed allocation for 2 slaves in 82772ns
I1218 22:58:17.749866  4979 hierarchical.hpp:834] No resources available to allocate!
I1218 22:58:17.749904  4979 hierarchical.hpp:741] Performed allocation for 2 slaves in 80448ns
I1218 22:58:18.750123  4984 hierarchical.hpp:834] No resources available to allocate!
I1218 22:58:18.750160  4984 hierarchical.hpp:741] Performed allocation for 2 slaves in 81563ns
I1218 22:58:19.750391  4986 hierarchical.hpp:834] No resources available to allocate!
I1218 22:58:19.750428  4986 hierarchical.hpp:741] Performed allocation for 2 slaves in 80081ns
I1218 22:58:20.750653  4987 hierarchical.hpp:834] No resources available to allocate!
I1218 22:58:20.750689  4987 hierarchical.hpp:741] Performed allocation for 2 slaves in 77572ns
I1218 22:58:21.750895  4988 hierarchical.hpp:834] No resources available to allocate!
I1218 22:58:21.750931  4988 hierarchical.hpp:741] Performed allocation for 2 slaves in 77412ns
I1218 22:58:22.751130  4994 hierarchical.hpp:834] No resources available to allocate!
I1218 22:58:22.751160  4994 hierarchical.hpp:741] Performed allocation for 2 slaves in 69371ns
I1218 22:58:23.751554  4982 hierarchical.hpp:834] No resources available to allocate!
I1218 22:58:23.751626  4982 hierarchical.hpp:741] Performed allocation for 2 slaves in 112824ns
I1218 22:58:24.751847  4991 hierarchical.hpp:834] No resources available to allocate!
I1218 22:58:24.751883  4991 hierarchical.hpp:741] Performed allocation for 2 slaves in 81382ns
I1218 22:58:25.752090  4985 hierarchical.hpp:834] No resources available to allocate!
I1218 22:58:25.752125  4985 hierarchical.hpp:741] Performed allocation for 2 slaves in 69001ns
I1218 22:58:26.752773  4984 hierarchical.hpp:834] No resources available to allocate!
I1218 22:58:26.752802  4984 hierarchical.hpp:741] Performed allocation for 2 slaves in 59805ns
I1218 22:58:27.752981  4987 hierarchical.hpp:834] No resources available to allocate!
I1218 22:58:27.753011  4987 hierarchical.hpp:741] Performed allocation for 2 slaves in 61494ns
I1218 22:58:28.753530  4994 hierarchical.hpp:834] No resources available to allocate!
I1218 22:58:28.753581  4994 hierarchical.hpp:741] Performed allocation for 2 slaves in 81054ns
I1218 22:58:29.753825  4979 hierarchical.hpp:834] No resources available to allocate!
I1218 22:58:29.753865  4979 hierarchical.hpp:741] Performed allocation for 2 slaves in 81522ns
I1218 22:58:30.754195  4988 hierarchical.hpp:834] No resources available to allocate!
I1218 22:58:30.754261  4988 hierarchical.hpp:741] Performed allocation for 2 slaves in 144661ns
I1218 22:58:31.754642  4986 hierarchical.hpp:834] No resources available to allocate!
I1218 22:58:31.754719  4986 hierarchical.hpp:741] Performed allocation for 2 slaves in 144335ns
I1218 22:58:32.755059  4985 hierarchical.hpp:834] No resources available to allocate!
I1218 22:58:32.755123  4985 hierarchical.hpp:741] Performed allocation for 2 slaves in 134080ns
I1218 22:58:33.755496  4990 hierarchical.hpp:834] No resources available to allocate!
I1218 22:58:33.755573  4990 hierarchical.hpp:741] Performed allocation for 2 slaves in 155210ns
I1218 22:58:34.755914  4987 hierarchical.hpp:834] No resources available to allocate!
I1218 22:58:34.755964  4987 hierarchical.hpp:741] Performed allocation for 2 slaves in 107761ns
I1218 22:58:35.745128  4991 hierarchical.hpp:648] Recovered cpus(*):16; mem(*):63395; disk(*):24980; ports(*):[31000-32000] (total allocatable: cpus(*):16; mem(*):63395; disk(*):24980; ports(*):[31000-32000]) on slave 20151218-225416-50331658-5050-4978-S0 from framework 20151218-225416-50331658-5050-4978-0000
I1218 22:58:35.745312  4986 hierarchical.hpp:648] Recovered cpus(*):16; mem(*):63395; disk(*):24980; ports(*):[31000-32000] (total allocatable: cpus(*):16; mem(*):63395; disk(*):24980; ports(*):[31000-32000]) on slave 20151218-225416-50331658-5050-4978-S1 from framework 20151218-225416-50331658-5050-4978-0000
I1218 22:58:35.756883  4979 hierarchical.hpp:741] Performed allocation for 2 slaves in 156131ns
I1218 22:58:35.757010  4985 master.cpp:3755] Sending 2 offers to framework 20151218-225416-50331658-5050-4978-0000 (TwitterScheduler) at scheduler-339c65c2-e63c-4b61-8ddb-124cd54e6772@10.0.0.6:8083
I1218 22:58:36.757370  4982 hierarchical.hpp:834] No resources available to allocate!
I1218 22:58:36.757411  4982 hierarchical.hpp:741] Performed allocation for 2 slaves in 84312ns
I1218 22:58:37.757675  4992 hierarchical.hpp:834] No resources available to allocate!
I1218 22:58:37.757757  4992 hierarchical.hpp:741] Performed allocation for 2 slaves in 122651ns
I1218 22:58:38.758016  4981 hierarchical.hpp:834] No resources available to allocate!
I1218 22:58:38.758111  4981 hierarchical.hpp:741] Performed allocation for 2 slaves in 150273ns
I1218 22:58:39.758458  4993 hierarchical.hpp:834] No resources available to allocate!
I1218 22:58:39.758535  4993 hierarchical.hpp:741] Performed allocation for 2 slaves in 159525ns
I1218 22:58:40.758875  4989 hierarchical.hpp:834] No resources available to allocate!
I1218 22:58:40.758929  4989 hierarchical.hpp:741] Performed allocation for 2 slaves in 105700ns
I1218 22:58:41.759989  4979 hierarchical.hpp:834] No resources available to allocate!
I1218 22:58:41.760025  4979 hierarchical.hpp:741] Performed allocation for 2 slaves in 76165ns
I1218 22:58:42.760308  4982 hierarchical.hpp:834] No resources available to allocate!
I1218 22:58:42.760368  4982 hierarchical.hpp:741] Performed allocation for 2 slaves in 125669ns
I1218 22:58:43.760727  4992 hierarchical.hpp:834] No resources available to allocate!
I1218 22:58:43.760763  4992 hierarchical.hpp:741] Performed allocation for 2 slaves in 79163ns
I1218 22:58:44.760977  4980 hierarchical.hpp:834] No resources available to allocate!
I1218 22:58:44.761020  4980 hierarchical.hpp:741] Performed allocation for 2 slaves in 85608ns
I1218 22:58:45.761282  4983 hierarchical.hpp:834] No resources available to allocate!
I1218 22:58:45.761324  4983 hierarchical.hpp:741] Performed allocation for 2 slaves in 90911ns
I1218 22:58:46.761600  4993 hierarchical.hpp:834] No resources available to allocate!
I1218 22:58:46.761661  4993 hierarchical.hpp:741] Performed allocation for 2 slaves in 123532ns
I1218 22:58:47.761977  4982 hierarchical.hpp:834] No resources available to allocate!
I1218 22:58:47.762050  4982 hierarchical.hpp:741] Performed allocation for 2 slaves in 150394ns
I1218 22:58:48.762408  4991 hierarchical.hpp:834] No resources available to allocate!
I1218 22:58:48.762480  4991 hierarchical.hpp:741] Performed allocation for 2 slaves in 141358ns
I1218 22:58:49.762836  4989 hierarchical.hpp:834] No resources available to allocate!
I1218 22:58:49.762987  4989 hierarchical.hpp:741] Performed allocation for 2 slaves in 213703ns
I1218 22:58:50.763376  4979 hierarchical.hpp:834] No resources available to allocate!
I1218 22:58:50.763417  4979 hierarchical.hpp:741] Performed allocation for 2 slaves in 102095ns
I1218 22:58:51.763731  4994 hierarchical.hpp:834] No resources available to allocate!
I1218 22:58:51.763797  4994 hierarchical.hpp:741] Performed allocation for 2 slaves in 132759ns
I1218 22:58:52.764062  4992 hierarchical.hpp:834] No resources available to allocate!
I1218 22:58:52.764140  4992 hierarchical.hpp:741] Performed allocation for 2 slaves in 120277ns
I1218 22:58:53.764529  4980 hierarchical.hpp:834] No resources available to allocate!
I1218 22:58:53.764605  4980 hierarchical.hpp:741] Performed allocation for 2 slaves in 171975ns
I1218 22:58:54.764876  4993 hierarchical.hpp:834] No resources available to allocate!
I1218 22:58:54.764916  4993 hierarchical.hpp:741] Performed allocation for 2 slaves in 81909ns
I1218 22:58:55.765211  4982 hierarchical.hpp:834] No resources available to allocate!
I1218 22:58:55.765272  4982 hierarchical.hpp:741] Performed allocation for 2 slaves in 122664ns
I1218 22:58:56.766424  4979 hierarchical.hpp:834] No resources available to allocate!
I1218 22:58:56.766489  4979 hierarchical.hpp:741] Performed allocation for 2 slaves in 126922ns
I1218 22:58:57.766788  4994 hierarchical.hpp:834] No resources available to allocate!
I1218 22:58:57.766827  4994 hierarchical.hpp:741] Performed allocation for 2 slaves in 79324ns
I1218 22:58:58.767894  4991 hierarchical.hpp:834] No resources available to allocate!
I1218 22:58:58.767966  4991 hierarchical.hpp:741] Performed allocation for 2 slaves in 129058ns
I1218 22:58:59.768262  4981 hierarchical.hpp:834] No resources available to allocate!
I1218 22:58:59.768298  4981 hierarchical.hpp:741] Performed allocation for 2 slaves in 73009ns
I1218 22:59:00.203871  4982 master.cpp:2268] Processing ACCEPT call for offers: [ 20151218-225416-50331658-5050-4978-O6 ] on slave 20151218-225416-50331658-5050-4978-S1 at slave(1)@10.0.0.6:5051 (n5) for framework 20151218-225416-50331658-5050-4978-0000 (TwitterScheduler) at scheduler-339c65c2-e63c-4b61-8ddb-124cd54e6772@10.0.0.6:8083
I1218 22:59:00.204509  4981 master.hpp:822] Adding task 1450479540021-www-data-devel-job3-0-0e5edcf9-d11b-4a29-a324-6fed5ddc6583 with resources cpus(*):0.01; disk(*):1; mem(*):1 on slave 20151218-225416-50331658-5050-4978-S1 (n5)
I1218 22:59:00.204599  4981 master.cpp:2545] Launching task 1450479540021-www-data-devel-job3-0-0e5edcf9-d11b-4a29-a324-6fed5ddc6583 of framework 20151218-225416-50331658-5050-4978-0000 (TwitterScheduler) at scheduler-339c65c2-e63c-4b61-8ddb-124cd54e6772@10.0.0.6:8083 with resources cpus(*):0.01; disk(*):1; mem(*):1 on slave 20151218-225416-50331658-5050-4978-S1 at slave(1)@10.0.0.6:5051 (n5)
I1218 22:59:00.204855  4981 hierarchical.hpp:648] Recovered cpus(*):15.74; mem(*):63266; disk(*):24979; ports(*):[31000-32000] (total allocatable: cpus(*):15.74; mem(*):63266; disk(*):24979; ports(*):[31000-32000]) on slave 20151218-225416-50331658-5050-4978-S1 from framework 20151218-225416-50331658-5050-4978-0000
I1218 22:59:00.204895  4981 hierarchical.hpp:684] Framework 20151218-225416-50331658-5050-4978-0000 filtered slave 20151218-225416-50331658-5050-4978-S1 for 5secs
I1218 22:59:00.220432  4993 master.cpp:2268] Processing ACCEPT call for offers: [ 20151218-225416-50331658-5050-4978-O7 ] on slave 20151218-225416-50331658-5050-4978-S0 at slave(1)@10.0.0.5:5051 (n4) for framework 20151218-225416-50331658-5050-4978-0000 (TwitterScheduler) at scheduler-339c65c2-e63c-4b61-8ddb-124cd54e6772@10.0.0.6:8083
I1218 22:59:00.221026  4992 master.hpp:822] Adding task 1450479540066-www-data-devel-job5-0-8faab481-d378-488e-9165-9c5df7112cf9 with resources cpus(*):0.01; disk(*):1; mem(*):1 on slave 20151218-225416-50331658-5050-4978-S0 (n4)
I1218 22:59:00.221139  4992 master.cpp:2545] Launching task 1450479540066-www-data-devel-job5-0-8faab481-d378-488e-9165-9c5df7112cf9 of framework 20151218-225416-50331658-5050-4978-0000 (TwitterScheduler) at scheduler-339c65c2-e63c-4b61-8ddb-124cd54e6772@10.0.0.6:8083 with resources cpus(*):0.01; disk(*):1; mem(*):1 on slave 20151218-225416-50331658-5050-4978-S0 at slave(1)@10.0.0.5:5051 (n4)
I1218 22:59:00.221328  4992 hierarchical.hpp:648] Recovered cpus(*):15.74; mem(*):63266; disk(*):24979; ports(*):[31000-32000] (total allocatable: cpus(*):15.74; mem(*):63266; disk(*):24979; ports(*):[31000-32000]) on slave 20151218-225416-50331658-5050-4978-S0 from framework 20151218-225416-50331658-5050-4978-0000
I1218 22:59:00.221385  4992 hierarchical.hpp:684] Framework 20151218-225416-50331658-5050-4978-0000 filtered slave 20151218-225416-50331658-5050-4978-S0 for 5secs
I1218 22:59:00.769114  4988 hierarchical.hpp:898] Filtered cpus(*):15.74; mem(*):63266; disk(*):24979; ports(*):[31000-32000] on slave 20151218-225416-50331658-5050-4978-S0 for framework 20151218-225416-50331658-5050-4978-0000
I1218 22:59:00.769220  4988 hierarchical.hpp:898] Filtered cpus(*):15.74; mem(*):63266; disk(*):24979; ports(*):[31000-32000] on slave 20151218-225416-50331658-5050-4978-S1 for framework 20151218-225416-50331658-5050-4978-0000
I1218 22:59:00.769287  4988 hierarchical.hpp:834] No resources available to allocate!
I1218 22:59:00.769316  4988 hierarchical.hpp:741] Performed allocation for 2 slaves in 283255ns
I1218 22:59:01.769583  4993 hierarchical.hpp:898] Filtered cpus(*):15.74; mem(*):63266; disk(*):24979; ports(*):[31000-32000] on slave 20151218-225416-50331658-5050-4978-S1 for framework 20151218-225416-50331658-5050-4978-0000
I1218 22:59:01.769702  4993 hierarchical.hpp:898] Filtered cpus(*):15.74; mem(*):63266; disk(*):24979; ports(*):[31000-32000] on slave 20151218-225416-50331658-5050-4978-S0 for framework 20151218-225416-50331658-5050-4978-0000
I1218 22:59:01.769731  4993 hierarchical.hpp:834] No resources available to allocate!
I1218 22:59:01.769749  4993 hierarchical.hpp:741] Performed allocation for 2 slaves in 243924ns
I1218 22:59:02.658723  4990 master.cpp:3295] Status update TASK_STARTING (UUID: 9a68d65c-bd7e-4242-93e5-4f5e96f50b92) for task 1450479540066-www-data-devel-job5-0-8faab481-d378-488e-9165-9c5df7112cf9 of framework 20151218-225416-50331658-5050-4978-0000 from slave 20151218-225416-50331658-5050-4978-S0 at slave(1)@10.0.0.5:5051 (n4)
I1218 22:59:02.658829  4990 master.cpp:3336] Forwarding status update TASK_STARTING (UUID: 9a68d65c-bd7e-4242-93e5-4f5e96f50b92) for task 1450479540066-www-data-devel-job5-0-8faab481-d378-488e-9165-9c5df7112cf9 of framework 20151218-225416-50331658-5050-4978-0000
I1218 22:59:02.658977  4990 master.cpp:4618] Updating the latest state of task 1450479540066-www-data-devel-job5-0-8faab481-d378-488e-9165-9c5df7112cf9 of framework 20151218-225416-50331658-5050-4978-0000 to TASK_STARTING
I1218 22:59:02.659073  4990 master.cpp:3295] Status update TASK_STARTING (UUID: 3bfdd0b2-2a10-4459-af4a-0eaeca0ac175) for task 1450479540021-www-data-devel-job3-0-0e5edcf9-d11b-4a29-a324-6fed5ddc6583 of framework 20151218-225416-50331658-5050-4978-0000 from slave 20151218-225416-50331658-5050-4978-S1 at slave(1)@10.0.0.6:5051 (n5)
I1218 22:59:02.659098  4990 master.cpp:3336] Forwarding status update TASK_STARTING (UUID: 3bfdd0b2-2a10-4459-af4a-0eaeca0ac175) for task 1450479540021-www-data-devel-job3-0-0e5edcf9-d11b-4a29-a324-6fed5ddc6583 of framework 20151218-225416-50331658-5050-4978-0000
I1218 22:59:02.659155  4990 master.cpp:4618] Updating the latest state of task 1450479540021-www-data-devel-job3-0-0e5edcf9-d11b-4a29-a324-6fed5ddc6583 of framework 20151218-225416-50331658-5050-4978-0000 to TASK_STARTING
I1218 22:59:02.675796  4986 master.cpp:2782] Forwarding status update acknowledgement 9a68d65c-bd7e-4242-93e5-4f5e96f50b92 for task 1450479540066-www-data-devel-job5-0-8faab481-d378-488e-9165-9c5df7112cf9 of framework 20151218-225416-50331658-5050-4978-0000 (TwitterScheduler) at scheduler-339c65c2-e63c-4b61-8ddb-124cd54e6772@10.0.0.6:8083 to slave 20151218-225416-50331658-5050-4978-S0 at slave(1)@10.0.0.5:5051 (n4)
I1218 22:59:02.688374  4984 master.cpp:2782] Forwarding status update acknowledgement 3bfdd0b2-2a10-4459-af4a-0eaeca0ac175 for task 1450479540021-www-data-devel-job3-0-0e5edcf9-d11b-4a29-a324-6fed5ddc6583 of framework 20151218-225416-50331658-5050-4978-0000 (TwitterScheduler) at scheduler-339c65c2-e63c-4b61-8ddb-124cd54e6772@10.0.0.6:8083 to slave 20151218-225416-50331658-5050-4978-S1 at slave(1)@10.0.0.6:5051 (n5)
I1218 22:59:02.770949  4981 hierarchical.hpp:898] Filtered cpus(*):15.74; mem(*):63266; disk(*):24979; ports(*):[31000-32000] on slave 20151218-225416-50331658-5050-4978-S1 for framework 20151218-225416-50331658-5050-4978-0000
I1218 22:59:02.771064  4981 hierarchical.hpp:898] Filtered cpus(*):15.74; mem(*):63266; disk(*):24979; ports(*):[31000-32000] on slave 20151218-225416-50331658-5050-4978-S0 for framework 20151218-225416-50331658-5050-4978-0000
I1218 22:59:02.771118  4981 hierarchical.hpp:834] No resources available to allocate!
I1218 22:59:02.771152  4981 hierarchical.hpp:741] Performed allocation for 2 slaves in 264718ns
I1218 22:59:03.230190  4982 master.cpp:3295] Status update TASK_RUNNING (UUID: ba1d464c-b539-4cee-aff9-f6089cefed4b) for task 1450479540066-www-data-devel-job5-0-8faab481-d378-488e-9165-9c5df7112cf9 of framework 20151218-225416-50331658-5050-4978-0000 from slave 20151218-225416-50331658-5050-4978-S0 at slave(1)@10.0.0.5:5051 (n4)
I1218 22:59:03.230252  4982 master.cpp:3336] Forwarding status update TASK_RUNNING (UUID: ba1d464c-b539-4cee-aff9-f6089cefed4b) for task 1450479540066-www-data-devel-job5-0-8faab481-d378-488e-9165-9c5df7112cf9 of framework 20151218-225416-50331658-5050-4978-0000
I1218 22:59:03.230350  4982 master.cpp:4618] Updating the latest state of task 1450479540066-www-data-devel-job5-0-8faab481-d378-488e-9165-9c5df7112cf9 of framework 20151218-225416-50331658-5050-4978-0000 to TASK_RUNNING
I1218 22:59:03.231405  4979 master.cpp:3295] Status update TASK_RUNNING (UUID: 8f34c339-6a60-42c8-a060-a4193a709ef3) for task 1450479540021-www-data-devel-job3-0-0e5edcf9-d11b-4a29-a324-6fed5ddc6583 of framework 20151218-225416-50331658-5050-4978-0000 from slave 20151218-225416-50331658-5050-4978-S1 at slave(1)@10.0.0.6:5051 (n5)
I1218 22:59:03.231436  4979 master.cpp:3336] Forwarding status update TASK_RUNNING (UUID: 8f34c339-6a60-42c8-a060-a4193a709ef3) for task 1450479540021-www-data-devel-job3-0-0e5edcf9-d11b-4a29-a324-6fed5ddc6583 of framework 20151218-225416-50331658-5050-4978-0000
I1218 22:59:03.231498  4979 master.cpp:4618] Updating the latest state of task 1450479540021-www-data-devel-job3-0-0e5edcf9-d11b-4a29-a324-6fed5ddc6583 of framework 20151218-225416-50331658-5050-4978-0000 to TASK_RUNNING
I1218 22:59:03.244498  4994 master.cpp:2782] Forwarding status update acknowledgement ba1d464c-b539-4cee-aff9-f6089cefed4b for task 1450479540066-www-data-devel-job5-0-8faab481-d378-488e-9165-9c5df7112cf9 of framework 20151218-225416-50331658-5050-4978-0000 (TwitterScheduler) at scheduler-339c65c2-e63c-4b61-8ddb-124cd54e6772@10.0.0.6:8083 to slave 20151218-225416-50331658-5050-4978-S0 at slave(1)@10.0.0.5:5051 (n4)
I1218 22:59:03.257153  4991 master.cpp:2782] Forwarding status update acknowledgement 8f34c339-6a60-42c8-a060-a4193a709ef3 for task 1450479540021-www-data-devel-job3-0-0e5edcf9-d11b-4a29-a324-6fed5ddc6583 of framework 20151218-225416-50331658-5050-4978-0000 (TwitterScheduler) at scheduler-339c65c2-e63c-4b61-8ddb-124cd54e6772@10.0.0.6:8083 to slave 20151218-225416-50331658-5050-4978-S1 at slave(1)@10.0.0.6:5051 (n5)
I1218 22:59:03.772166  4983 hierarchical.hpp:898] Filtered cpus(*):15.74; mem(*):63266; disk(*):24979; ports(*):[31000-32000] on slave 20151218-225416-50331658-5050-4978-S1 for framework 20151218-225416-50331658-5050-4978-0000
I1218 22:59:03.772235  4983 hierarchical.hpp:898] Filtered cpus(*):15.74; mem(*):63266; disk(*):24979; ports(*):[31000-32000] on slave 20151218-225416-50331658-5050-4978-S0 for framework 20151218-225416-50331658-5050-4978-0000
I1218 22:59:03.772253  4983 hierarchical.hpp:834] No resources available to allocate!
I1218 22:59:03.772263  4983 hierarchical.hpp:741] Performed allocation for 2 slaves in 158681ns
I1218 22:59:04.773243  4989 hierarchical.hpp:898] Filtered cpus(*):15.74; mem(*):63266; disk(*):24979; ports(*):[31000-32000] on slave 20151218-225416-50331658-5050-4978-S0 for framework 20151218-225416-50331658-5050-4978-0000
I1218 22:59:04.773322  4989 hierarchical.hpp:898] Filtered cpus(*):15.74; mem(*):63266; disk(*):24979; ports(*):[31000-32000] on slave 20151218-225416-50331658-5050-4978-S1 for framework 20151218-225416-50331658-5050-4978-0000
I1218 22:59:04.773341  4989 hierarchical.hpp:834] No resources available to allocate!
I1218 22:59:04.773351  4989 hierarchical.hpp:741] Performed allocation for 2 slaves in 169297ns
I1218 22:59:05.774576  4986 hierarchical.hpp:741] Performed allocation for 2 slaves in 233227ns
I1218 22:59:05.774690  4994 master.cpp:3755] Sending 2 offers to framework 20151218-225416-50331658-5050-4978-0000 (TwitterScheduler) at scheduler-339c65c2-e63c-4b61-8ddb-124cd54e6772@10.0.0.6:8083
I1218 22:59:06.775131  4987 hierarchical.hpp:834] No resources available to allocate!
I1218 22:59:06.775198  4987 hierarchical.hpp:741] Performed allocation for 2 slaves in 135547ns
I1218 22:59:07.775615  4992 hierarchical.hpp:834] No resources available to allocate!
I1218 22:59:07.775701  4992 hierarchical.hpp:741] Performed allocation for 2 slaves in 186348ns
I1218 22:59:08.388298  4991 master.cpp:3295] Status update TASK_FINISHED (UUID: 5114f6f3-941e-443a-8460-b6cd233c7a48) for task 1450479540066-www-data-devel-job5-0-8faab481-d378-488e-9165-9c5df7112cf9 of framework 20151218-225416-50331658-5050-4978-0000 from slave 20151218-225416-50331658-5050-4978-S0 at slave(1)@10.0.0.5:5051 (n4)
I1218 22:59:08.388392  4991 master.cpp:3336] Forwarding status update TASK_FINISHED (UUID: 5114f6f3-941e-443a-8460-b6cd233c7a48) for task 1450479540066-www-data-devel-job5-0-8faab481-d378-488e-9165-9c5df7112cf9 of framework 20151218-225416-50331658-5050-4978-0000
I1218 22:59:08.388499  4991 master.cpp:4618] Updating the latest state of task 1450479540066-www-data-devel-job5-0-8faab481-d378-488e-9165-9c5df7112cf9 of framework 20151218-225416-50331658-5050-4978-0000 to TASK_FINISHED
I1218 22:59:08.388613  4988 hierarchical.hpp:648] Recovered cpus(*):0.01; disk(*):1; mem(*):1 (total allocatable: cpus(*):0.01; disk(*):1; mem(*):1) on slave 20151218-225416-50331658-5050-4978-S0 from framework 20151218-225416-50331658-5050-4978-0000
I1218 22:59:08.404216  4991 master.cpp:4685] Removing task 1450479540066-www-data-devel-job5-0-8faab481-d378-488e-9165-9c5df7112cf9 with resources cpus(*):0.01; disk(*):1; mem(*):1 of framework 20151218-225416-50331658-5050-4978-0000 on slave 20151218-225416-50331658-5050-4978-S0 at slave(1)@10.0.0.5:5051 (n4)
I1218 22:59:08.404371  4991 master.cpp:2782] Forwarding status update acknowledgement 5114f6f3-941e-443a-8460-b6cd233c7a48 for task 1450479540066-www-data-devel-job5-0-8faab481-d378-488e-9165-9c5df7112cf9 of framework 20151218-225416-50331658-5050-4978-0000 (TwitterScheduler) at scheduler-339c65c2-e63c-4b61-8ddb-124cd54e6772@10.0.0.6:8083 to slave 20151218-225416-50331658-5050-4978-S0 at slave(1)@10.0.0.5:5051 (n4)
I1218 22:59:08.439482  4993 master.cpp:2268] Processing ACCEPT call for offers: [ 20151218-225416-50331658-5050-4978-O8 ] on slave 20151218-225416-50331658-5050-4978-S1 at slave(1)@10.0.0.6:5051 (n5) for framework 20151218-225416-50331658-5050-4978-0000 (TwitterScheduler) at scheduler-339c65c2-e63c-4b61-8ddb-124cd54e6772@10.0.0.6:8083
I1218 22:59:08.440083  4982 master.hpp:822] Adding task 1450479540093-www-data-devel-job4-0-77e5106e-d0cc-4b2f-864f-67a3a0321adf with resources cpus(*):0.01; disk(*):1; mem(*):1 on slave 20151218-225416-50331658-5050-4978-S1 (n5)
I1218 22:59:08.440186  4982 master.cpp:2545] Launching task 1450479540093-www-data-devel-job4-0-77e5106e-d0cc-4b2f-864f-67a3a0321adf of framework 20151218-225416-50331658-5050-4978-0000 (TwitterScheduler) at scheduler-339c65c2-e63c-4b61-8ddb-124cd54e6772@10.0.0.6:8083 with resources cpus(*):0.01; disk(*):1; mem(*):1 on slave 20151218-225416-50331658-5050-4978-S1 at slave(1)@10.0.0.6:5051 (n5)
I1218 22:59:08.440346  4982 hierarchical.hpp:648] Recovered cpus(*):15.48; mem(*):63137; disk(*):24978; ports(*):[31000-32000] (total allocatable: cpus(*):15.48; mem(*):63137; disk(*):24978; ports(*):[31000-32000]) on slave 20151218-225416-50331658-5050-4978-S1 from framework 20151218-225416-50331658-5050-4978-0000
I1218 22:59:08.440393  4982 hierarchical.hpp:684] Framework 20151218-225416-50331658-5050-4978-0000 filtered slave 20151218-225416-50331658-5050-4978-S1 for 5secs
I1218 22:59:08.454530  4984 master.cpp:2268] Processing ACCEPT call for offers: [ 20151218-225416-50331658-5050-4978-O9 ] on slave 20151218-225416-50331658-5050-4978-S0 at slave(1)@10.0.0.5:5051 (n4) for framework 20151218-225416-50331658-5050-4978-0000 (TwitterScheduler) at scheduler-339c65c2-e63c-4b61-8ddb-124cd54e6772@10.0.0.6:8083
I1218 22:59:08.455230  4994 master.hpp:822] Adding task 1450479540121-www-data-devel-job6-0-f70b755e-9829-4e7d-838d-541336f2187f with resources cpus(*):0.01; disk(*):1; mem(*):1 on slave 20151218-225416-50331658-5050-4978-S0 (n4)
I1218 22:59:08.455343  4994 master.cpp:2545] Launching task 1450479540121-www-data-devel-job6-0-f70b755e-9829-4e7d-838d-541336f2187f of framework 20151218-225416-50331658-5050-4978-0000 (TwitterScheduler) at scheduler-339c65c2-e63c-4b61-8ddb-124cd54e6772@10.0.0.6:8083 with resources cpus(*):0.01; disk(*):1; mem(*):1 on slave 20151218-225416-50331658-5050-4978-S0 at slave(1)@10.0.0.5:5051 (n4)
I1218 22:59:08.455564  4994 hierarchical.hpp:648] Recovered cpus(*):15.48; mem(*):63137; disk(*):24978; ports(*):[31000-32000] (total allocatable: cpus(*):15.49; disk(*):24979; mem(*):63138; ports(*):[31000-32000]) on slave 20151218-225416-50331658-5050-4978-S0 from framework 20151218-225416-50331658-5050-4978-0000
I1218 22:59:08.455669  4994 hierarchical.hpp:684] Framework 20151218-225416-50331658-5050-4978-0000 filtered slave 20151218-225416-50331658-5050-4978-S0 for 5secs
I1218 22:59:08.776101  4993 hierarchical.hpp:898] Filtered cpus(*):15.48; mem(*):63137; disk(*):24978; ports(*):[31000-32000] on slave 20151218-225416-50331658-5050-4978-S1 for framework 20151218-225416-50331658-5050-4978-0000
I1218 22:59:08.776268  4993 hierarchical.hpp:741] Performed allocation for 2 slaves in 235476ns
I1218 22:59:08.776376  4984 master.cpp:3755] Sending 1 offers to framework 20151218-225416-50331658-5050-4978-0000 (TwitterScheduler) at scheduler-339c65c2-e63c-4b61-8ddb-124cd54e6772@10.0.0.6:8083
I1218 22:59:09.064538  4989 master.cpp:3295] Status update TASK_STARTING (UUID: 6b939bd5-84cb-4cc1-ab08-2984d152e2c7) for task 1450479540093-www-data-devel-job4-0-77e5106e-d0cc-4b2f-864f-67a3a0321adf of framework 20151218-225416-50331658-5050-4978-0000 from slave 20151218-225416-50331658-5050-4978-S1 at slave(1)@10.0.0.6:5051 (n5)
I1218 22:59:09.064618  4989 master.cpp:3336] Forwarding status update TASK_STARTING (UUID: 6b939bd5-84cb-4cc1-ab08-2984d152e2c7) for task 1450479540093-www-data-devel-job4-0-77e5106e-d0cc-4b2f-864f-67a3a0321adf of framework 20151218-225416-50331658-5050-4978-0000
I1218 22:59:09.064716  4989 master.cpp:4618] Updating the latest state of task 1450479540093-www-data-devel-job4-0-77e5106e-d0cc-4b2f-864f-67a3a0321adf of framework 20151218-225416-50331658-5050-4978-0000 to TASK_STARTING
I1218 22:59:09.076833  4980 master.cpp:2782] Forwarding status update acknowledgement 6b939bd5-84cb-4cc1-ab08-2984d152e2c7 for task 1450479540093-www-data-devel-job4-0-77e5106e-d0cc-4b2f-864f-67a3a0321adf of framework 20151218-225416-50331658-5050-4978-0000 (TwitterScheduler) at scheduler-339c65c2-e63c-4b61-8ddb-124cd54e6772@10.0.0.6:8083 to slave 20151218-225416-50331658-5050-4978-S1 at slave(1)@10.0.0.6:5051 (n5)
I1218 22:59:09.108300  4979 master.cpp:3295] Status update TASK_STARTING (UUID: 22e24598-a352-4457-ad9f-4aa7f69fdc2d) for task 1450479540121-www-data-devel-job6-0-f70b755e-9829-4e7d-838d-541336f2187f of framework 20151218-225416-50331658-5050-4978-0000 from slave 20151218-225416-50331658-5050-4978-S0 at slave(1)@10.0.0.5:5051 (n4)
I1218 22:59:09.108378  4979 master.cpp:3336] Forwarding status update TASK_STARTING (UUID: 22e24598-a352-4457-ad9f-4aa7f69fdc2d) for task 1450479540121-www-data-devel-job6-0-f70b755e-9829-4e7d-838d-541336f2187f of framework 20151218-225416-50331658-5050-4978-0000
I1218 22:59:09.108502  4979 master.cpp:4618] Updating the latest state of task 1450479540121-www-data-devel-job6-0-f70b755e-9829-4e7d-838d-541336f2187f of framework 20151218-225416-50331658-5050-4978-0000 to TASK_STARTING
I1218 22:59:09.120808  4980 master.cpp:2782] Forwarding status update acknowledgement 22e24598-a352-4457-ad9f-4aa7f69fdc2d for task 1450479540121-www-data-devel-job6-0-f70b755e-9829-4e7d-838d-541336f2187f of framework 20151218-225416-50331658-5050-4978-0000 (TwitterScheduler) at scheduler-339c65c2-e63c-4b61-8ddb-124cd54e6772@10.0.0.6:8083 to slave 20151218-225416-50331658-5050-4978-S0 at slave(1)@10.0.0.5:5051 (n4)
I1218 22:59:09.651353  4981 master.cpp:3295] Status update TASK_RUNNING (UUID: c761208b-8ebf-4314-ae73-1db6ada14b79) for task 1450479540093-www-data-devel-job4-0-77e5106e-d0cc-4b2f-864f-67a3a0321adf of framework 20151218-225416-50331658-5050-4978-0000 from slave 20151218-225416-50331658-5050-4978-S1 at slave(1)@10.0.0.6:5051 (n5)
I1218 22:59:09.651434  4981 master.cpp:3336] Forwarding status update TASK_RUNNING (UUID: c761208b-8ebf-4314-ae73-1db6ada14b79) for task 1450479540093-www-data-devel-job4-0-77e5106e-d0cc-4b2f-864f-67a3a0321adf of framework 20151218-225416-50331658-5050-4978-0000
I1218 22:59:09.651546  4981 master.cpp:4618] Updating the latest state of task 1450479540093-www-data-devel-job4-0-77e5106e-d0cc-4b2f-864f-67a3a0321adf of framework 20151218-225416-50331658-5050-4978-0000 to TASK_RUNNING
I1218 22:59:09.664897  4988 master.cpp:2782] Forwarding status update acknowledgement c761208b-8ebf-4314-ae73-1db6ada14b79 for task 1450479540093-www-data-devel-job4-0-77e5106e-d0cc-4b2f-864f-67a3a0321adf of framework 20151218-225416-50331658-5050-4978-0000 (TwitterScheduler) at scheduler-339c65c2-e63c-4b61-8ddb-124cd54e6772@10.0.0.6:8083 to slave 20151218-225416-50331658-5050-4978-S1 at slave(1)@10.0.0.6:5051 (n5)
I1218 22:59:09.693789  4994 master.cpp:3295] Status update TASK_RUNNING (UUID: df85938d-17ab-48d3-bcb3-580953b35af3) for task 1450479540121-www-data-devel-job6-0-f70b755e-9829-4e7d-838d-541336f2187f of framework 20151218-225416-50331658-5050-4978-0000 from slave 20151218-225416-50331658-5050-4978-S0 at slave(1)@10.0.0.5:5051 (n4)
I1218 22:59:09.693851  4994 master.cpp:3336] Forwarding status update TASK_RUNNING (UUID: df85938d-17ab-48d3-bcb3-580953b35af3) for task 1450479540121-www-data-devel-job6-0-f70b755e-9829-4e7d-838d-541336f2187f of framework 20151218-225416-50331658-5050-4978-0000
I1218 22:59:09.693915  4994 master.cpp:4618] Updating the latest state of task 1450479540121-www-data-devel-job6-0-f70b755e-9829-4e7d-838d-541336f2187f of framework 20151218-225416-50331658-5050-4978-0000 to TASK_RUNNING
I1218 22:59:09.708772  4991 master.cpp:2782] Forwarding status update acknowledgement df85938d-17ab-48d3-bcb3-580953b35af3 for task 1450479540121-www-data-devel-job6-0-f70b755e-9829-4e7d-838d-541336f2187f of framework 20151218-225416-50331658-5050-4978-0000 (TwitterScheduler) at scheduler-339c65c2-e63c-4b61-8ddb-124cd54e6772@10.0.0.6:8083 to slave 20151218-225416-50331658-5050-4978-S0 at slave(1)@10.0.0.5:5051 (n4)
I1218 22:59:09.777348  4987 hierarchical.hpp:898] Filtered cpus(*):15.48; mem(*):63137; disk(*):24978; ports(*):[31000-32000] on slave 20151218-225416-50331658-5050-4978-S1 for framework 20151218-225416-50331658-5050-4978-0000
I1218 22:59:09.777436  4987 hierarchical.hpp:834] No resources available to allocate!
I1218 22:59:09.777453  4987 hierarchical.hpp:741] Performed allocation for 2 slaves in 159597ns
I1218 22:59:10.777835  4993 hierarchical.hpp:898] Filtered cpus(*):15.48; mem(*):63137; disk(*):24978; ports(*):[31000-32000] on slave 20151218-225416-50331658-5050-4978-S1 for framework 20151218-225416-50331658-5050-4978-0000
I1218 22:59:10.854284  4993 hierarchical.hpp:834] No resources available to allocate!
I1218 22:59:10.854303  4993 hierarchical.hpp:741] Performed allocation for 2 slaves in 76.600437ms
I1218 22:59:11.854795  4985 hierarchical.hpp:898] Filtered cpus(*):15.48; mem(*):63137; disk(*):24978; ports(*):[31000-32000] on slave 20151218-225416-50331658-5050-4978-S1 for framework 20151218-225416-50331658-5050-4978-0000
I1218 22:59:11.854908  4985 hierarchical.hpp:834] No resources available to allocate!
I1218 22:59:11.854931  4985 hierarchical.hpp:741] Performed allocation for 2 slaves in 237542ns
I1218 22:59:12.856081  4982 hierarchical.hpp:898] Filtered cpus(*):15.48; mem(*):63137; disk(*):24978; ports(*):[31000-32000] on slave 20151218-225416-50331658-5050-4978-S1 for framework 20151218-225416-50331658-5050-4978-0000
I1218 22:59:12.856132  4982 hierarchical.hpp:834] No resources available to allocate!
I1218 22:59:12.856143  4982 hierarchical.hpp:741] Performed allocation for 2 slaves in 130472ns
I1218 22:59:12.884311  4990 master.cpp:3295] Status update TASK_FINISHED (UUID: 006ce348-595c-468e-95d1-92fd0335e505) for task 1450479540021-www-data-devel-job3-0-0e5edcf9-d11b-4a29-a324-6fed5ddc6583 of framework 20151218-225416-50331658-5050-4978-0000 from slave 20151218-225416-50331658-5050-4978-S1 at slave(1)@10.0.0.6:5051 (n5)
I1218 22:59:12.884341  4990 master.cpp:3336] Forwarding status update TASK_FINISHED (UUID: 006ce348-595c-468e-95d1-92fd0335e505) for task 1450479540021-www-data-devel-job3-0-0e5edcf9-d11b-4a29-a324-6fed5ddc6583 of framework 20151218-225416-50331658-5050-4978-0000
