I1211 04:10:16.131398 14724 master.cpp:2678] Telling slave 20151211-040657-67108874-5050-14712-S0 at slave(1)@10.0.0.5:5051 (n4) to kill task 1449806893973-www-data-devel-job300-0-9dc30e93-1de2-46b5-bf6e-7edc23206f2b of framework 20151211-003753-50331658-5050-7178-0000 (TwitterScheduler) at scheduler-787b8d6a-7db8-47dc-9eb3-96cd26681821@10.0.0.2:8083
I1211 04:10:16.157325 14730 master.cpp:4685] Removing task 1449806893973-www-data-devel-job300-0-9dc30e93-1de2-46b5-bf6e-7edc23206f2b with resources cpus(*):0.01; disk(*):1; mem(*):1 of framework 20151211-003753-50331658-5050-7178-0000 on slave 20151211-040657-67108874-5050-14712-S0 at slave(1)@10.0.0.5:5051 (n4)
I1211 04:10:16.157444 14730 master.cpp:2782] Forwarding status update acknowledgement 0a4eca34-b29e-4a7b-b611-2d449142c9e6 for task 1449806893973-www-data-devel-job300-0-9dc30e93-1de2-46b5-bf6e-7edc23206f2b of framework 20151211-003753-50331658-5050-7178-0000 (TwitterScheduler) at scheduler-787b8d6a-7db8-47dc-9eb3-96cd26681821@10.0.0.2:8083 to slave 20151211-040657-67108874-5050-14712-S0 at slave(1)@10.0.0.5:5051 (n4)
I1211 04:10:16.214028 14728 master.cpp:2618] Asked to kill task 1449806892942-www-data-devel-job300-0-a2df21a6-5d67-4bcf-907a-02ac88928388 of framework 20151211-003753-50331658-5050-7178-0000
I1211 04:10:16.220212 14728 master.cpp:2678] Telling slave 20151211-040657-67108874-5050-14712-S1 at slave(1)@10.0.0.6:5051 (n5) to kill task 1449806892942-www-data-devel-job300-0-a2df21a6-5d67-4bcf-907a-02ac88928388 of framework 20151211-003753-50331658-5050-7178-0000 (TwitterScheduler) at scheduler-787b8d6a-7db8-47dc-9eb3-96cd26681821@10.0.0.2:8083
I1211 04:10:16.250290 14726 master.cpp:4685] Removing task 1449806892942-www-data-devel-job300-0-a2df21a6-5d67-4bcf-907a-02ac88928388 with resources cpus(*):0.01; disk(*):1; mem(*):1 of framework 20151211-003753-50331658-5050-7178-0000 on slave 20151211-040657-67108874-5050-14712-S1 at slave(1)@10.0.0.6:5051 (n5)
I1211 04:10:16.255136 14726 master.cpp:2782] Forwarding status update acknowledgement ee7aab62-9d78-46fa-b10c-2a41597deeb8 for task 1449806892942-www-data-devel-job300-0-a2df21a6-5d67-4bcf-907a-02ac88928388 of framework 20151211-003753-50331658-5050-7178-0000 (TwitterScheduler) at scheduler-787b8d6a-7db8-47dc-9eb3-96cd26681821@10.0.0.2:8083 to slave 20151211-040657-67108874-5050-14712-S1 at slave(1)@10.0.0.6:5051 (n5)
I1211 04:10:16.795934 14727 hierarchical.hpp:741] Performed allocation for 2 slaves in 106474ns
I1211 04:10:16.796053 14731 master.cpp:3755] Sending 2 offers to framework 20151211-003753-50331658-5050-7178-0000 (TwitterScheduler) at scheduler-787b8d6a-7db8-47dc-9eb3-96cd26681821@10.0.0.2:8083
I1211 04:10:17.818297 14729 hierarchical.hpp:834] No resources available to allocate!
I1211 04:10:17.818369 14729 hierarchical.hpp:741] Performed allocation for 2 slaves in 114890ns
I1211 04:10:18.837754 14725 hierarchical.hpp:834] No resources available to allocate!
I1211 04:10:18.837828 14725 hierarchical.hpp:741] Performed allocation for 2 slaves in 131402ns
I1211 04:10:19.844445 14724 hierarchical.hpp:834] No resources available to allocate!
I1211 04:10:19.844487 14724 hierarchical.hpp:741] Performed allocation for 2 slaves in 89589ns
I1211 04:10:20.861717 14724 hierarchical.hpp:834] No resources available to allocate!
I1211 04:10:20.861793 14724 hierarchical.hpp:741] Performed allocation for 2 slaves in 116663ns
I1211 04:10:21.862089 14730 hierarchical.hpp:834] No resources available to allocate!
I1211 04:10:21.866394 14730 hierarchical.hpp:741] Performed allocation for 2 slaves in 4.340854ms
I1211 04:10:22.866899 14728 hierarchical.hpp:834] No resources available to allocate!
I1211 04:10:22.866951 14728 hierarchical.hpp:741] Performed allocation for 2 slaves in 95814ns
I1211 04:10:23.867543 14728 hierarchical.hpp:834] No resources available to allocate!
I1211 04:10:23.867586 14728 hierarchical.hpp:741] Performed allocation for 2 slaves in 229229ns
I1211 04:10:24.292290 14726 master.cpp:3295] Status update TASK_LOST (UUID: fa7e9485-b7e1-4615-a845-ea1a9602eae8) for task 1449801388053-www-data-devel-job11-0-359e6578-858b-4eb7-ae64-63e6cf66003b of framework 20151211-003753-50331658-5050-7178-0000 from slave 20151211-040657-67108874-5050-14712-S0 at slave(1)@10.0.0.5:5051 (n4)
I1211 04:10:24.292367 14726 master.cpp:3336] Forwarding status update TASK_LOST (UUID: fa7e9485-b7e1-4615-a845-ea1a9602eae8) for task 1449801388053-www-data-devel-job11-0-359e6578-858b-4eb7-ae64-63e6cf66003b of framework 20151211-003753-50331658-5050-7178-0000
I1211 04:10:24.292455 14726 master.cpp:4618] Updating the latest state of task 1449801388053-www-data-devel-job11-0-359e6578-858b-4eb7-ae64-63e6cf66003b of framework 20151211-003753-50331658-5050-7178-0000 to TASK_LOST
I1211 04:10:24.397282 14727 master.cpp:2618] Asked to kill task 1449801388053-www-data-devel-job11-0-359e6578-858b-4eb7-ae64-63e6cf66003b of framework 20151211-003753-50331658-5050-7178-0000
I1211 04:10:24.397641 14727 master.cpp:2678] Telling slave 20151211-040657-67108874-5050-14712-S0 at slave(1)@10.0.0.5:5051 (n4) to kill task 1449801388053-www-data-devel-job11-0-359e6578-858b-4eb7-ae64-63e6cf66003b of framework 20151211-003753-50331658-5050-7178-0000 (TwitterScheduler) at scheduler-787b8d6a-7db8-47dc-9eb3-96cd26681821@10.0.0.2:8083
I1211 04:10:24.434725 14731 master.cpp:4685] Removing task 1449801388053-www-data-devel-job11-0-359e6578-858b-4eb7-ae64-63e6cf66003b with resources cpus(*):0.01; disk(*):1; mem(*):1 of framework 20151211-003753-50331658-5050-7178-0000 on slave 20151211-040657-67108874-5050-14712-S0 at slave(1)@10.0.0.5:5051 (n4)
I1211 04:10:24.434973 14731 master.cpp:2782] Forwarding status update acknowledgement fa7e9485-b7e1-4615-a845-ea1a9602eae8 for task 1449801388053-www-data-devel-job11-0-359e6578-858b-4eb7-ae64-63e6cf66003b of framework 20151211-003753-50331658-5050-7178-0000 (TwitterScheduler) at scheduler-787b8d6a-7db8-47dc-9eb3-96cd26681821@10.0.0.2:8083 to slave 20151211-040657-67108874-5050-14712-S0 at slave(1)@10.0.0.5:5051 (n4)
I1211 04:10:24.867859 14729 hierarchical.hpp:834] No resources available to allocate!
I1211 04:10:24.867928 14729 hierarchical.hpp:741] Performed allocation for 2 slaves in 111973ns
I1211 04:10:25.869168 14725 hierarchical.hpp:834] No resources available to allocate!
I1211 04:10:25.869246 14725 hierarchical.hpp:741] Performed allocation for 2 slaves in 121259ns
I1211 04:10:26.873883 14724 hierarchical.hpp:834] No resources available to allocate!
I1211 04:10:26.873963 14724 hierarchical.hpp:741] Performed allocation for 2 slaves in 125077ns
I1211 04:10:27.875499 14730 hierarchical.hpp:834] No resources available to allocate!
I1211 04:10:27.875831 14730 hierarchical.hpp:741] Performed allocation for 2 slaves in 372846ns
I1211 04:10:28.689280 14728 master.cpp:2268] Processing ACCEPT call for offers: [ 20151211-040657-67108874-5050-14712-O33 ] on slave 20151211-040657-67108874-5050-14712-S1 at slave(1)@10.0.0.6:5051 (n5) for framework 20151211-003753-50331658-5050-7178-0000 (TwitterScheduler) at scheduler-787b8d6a-7db8-47dc-9eb3-96cd26681821@10.0.0.2:8083
I1211 04:10:28.697441 14728 master.hpp:822] Adding task 1449801018222-www-data-devel-job10-0-3ce026bc-1575-45fa-afdc-7341bbea823d with resources cpus(*):0.01; disk(*):1; mem(*):1 on slave 20151211-040657-67108874-5050-14712-S1 (n5)
I1211 04:10:28.697487 14728 master.cpp:2545] Launching task 1449801018222-www-data-devel-job10-0-3ce026bc-1575-45fa-afdc-7341bbea823d of framework 20151211-003753-50331658-5050-7178-0000 (TwitterScheduler) at scheduler-787b8d6a-7db8-47dc-9eb3-96cd26681821@10.0.0.2:8083 with resources cpus(*):0.01; disk(*):1; mem(*):1 on slave 20151211-040657-67108874-5050-14712-S1 at slave(1)@10.0.0.6:5051 (n5)
I1211 04:10:28.697731 14725 hierarchical.hpp:648] Recovered cpus(*):0.74; disk(*):33171; mem(*):2798; ports(*):[31000-32000] (total allocatable: cpus(*):0.74; disk(*):33171; mem(*):2798; ports(*):[31000-32000]) on slave 20151211-040657-67108874-5050-14712-S1 from framework 20151211-003753-50331658-5050-7178-0000
I1211 04:10:28.697753 14725 hierarchical.hpp:684] Framework 20151211-003753-50331658-5050-7178-0000 filtered slave 20151211-040657-67108874-5050-14712-S1 for 5secs
I1211 04:10:28.720444 14724 master.cpp:2268] Processing ACCEPT call for offers: [ 20151211-040657-67108874-5050-14712-O34 ] on slave 20151211-040657-67108874-5050-14712-S0 at slave(1)@10.0.0.5:5051 (n4) for framework 20151211-003753-50331658-5050-7178-0000 (TwitterScheduler) at scheduler-787b8d6a-7db8-47dc-9eb3-96cd26681821@10.0.0.2:8083
I1211 04:10:28.734653 14724 master.hpp:822] Adding task 1449801386911-www-data-devel-job10-0-363e4d11-5efa-4b37-abce-fca46cad132e with resources cpus(*):0.01; disk(*):1; mem(*):1 on slave 20151211-040657-67108874-5050-14712-S0 (n4)
I1211 04:10:28.742564 14724 master.cpp:2545] Launching task 1449801386911-www-data-devel-job10-0-363e4d11-5efa-4b37-abce-fca46cad132e of framework 20151211-003753-50331658-5050-7178-0000 (TwitterScheduler) at scheduler-787b8d6a-7db8-47dc-9eb3-96cd26681821@10.0.0.2:8083 with resources cpus(*):0.01; disk(*):1; mem(*):1 on slave 20151211-040657-67108874-5050-14712-S0 at slave(1)@10.0.0.5:5051 (n4)
I1211 04:10:28.742732 14724 hierarchical.hpp:648] Recovered cpus(*):0.74; mem(*):2798; disk(*):33171; ports(*):[31000-32000] (total allocatable: cpus(*):0.74; mem(*):2798; disk(*):33171; ports(*):[31000-32000]) on slave 20151211-040657-67108874-5050-14712-S0 from framework 20151211-003753-50331658-5050-7178-0000
I1211 04:10:28.742874 14724 hierarchical.hpp:684] Framework 20151211-003753-50331658-5050-7178-0000 filtered slave 20151211-040657-67108874-5050-14712-S0 for 5secs
I1211 04:10:28.886548 14730 hierarchical.hpp:898] Filtered cpus(*):0.74; mem(*):2798; disk(*):33171; ports(*):[31000-32000] on slave 20151211-040657-67108874-5050-14712-S0 for framework 20151211-003753-50331658-5050-7178-0000
I1211 04:10:28.886652 14730 hierarchical.hpp:898] Filtered cpus(*):0.74; disk(*):33171; mem(*):2798; ports(*):[31000-32000] on slave 20151211-040657-67108874-5050-14712-S1 for framework 20151211-003753-50331658-5050-7178-0000
I1211 04:10:28.886667 14730 hierarchical.hpp:834] No resources available to allocate!
I1211 04:10:28.886673 14730 hierarchical.hpp:741] Performed allocation for 2 slaves in 184849ns
I1211 04:10:29.305541 14726 master.cpp:3388] Executor thermos-1449801018222-www-data-devel-job10-0-3ce026bc-1575-45fa-afdc-7341bbea823d of framework 20151211-003753-50331658-5050-7178-0000 on slave 20151211-040657-67108874-5050-14712-S1 at slave(1)@10.0.0.6:5051 (n5) terminated with signal Killed
I1211 04:10:29.305582 14726 master.cpp:4714] Removing executor 'thermos-1449801018222-www-data-devel-job10-0-3ce026bc-1575-45fa-afdc-7341bbea823d' with resources cpus(*):0.25; mem(*):128 of framework 20151211-003753-50331658-5050-7178-0000 on slave 20151211-040657-67108874-5050-14712-S1 at slave(1)@10.0.0.6:5051 (n5)
I1211 04:10:29.305649 14726 master.cpp:3295] Status update TASK_LOST (UUID: 543106fb-fa42-49a6-86b3-4eed254ef594) for task 1449801018222-www-data-devel-job10-0-3ce026bc-1575-45fa-afdc-7341bbea823d of framework 20151211-003753-50331658-5050-7178-0000 from slave 20151211-040657-67108874-5050-14712-S1 at slave(1)@10.0.0.6:5051 (n5)
I1211 04:10:29.305665 14726 master.cpp:3336] Forwarding status update TASK_LOST (UUID: 543106fb-fa42-49a6-86b3-4eed254ef594) for task 1449801018222-www-data-devel-job10-0-3ce026bc-1575-45fa-afdc-7341bbea823d of framework 20151211-003753-50331658-5050-7178-0000
I1211 04:10:29.305713 14726 master.cpp:4618] Updating the latest state of task 1449801018222-www-data-devel-job10-0-3ce026bc-1575-45fa-afdc-7341bbea823d of framework 20151211-003753-50331658-5050-7178-0000 to TASK_LOST
I1211 04:10:29.305753 14726 hierarchical.hpp:648] Recovered cpus(*):0.25; mem(*):128 (total allocatable: cpus(*):0.99; disk(*):33171; mem(*):2926; ports(*):[31000-32000]) on slave 20151211-040657-67108874-5050-14712-S1 from framework 20151211-003753-50331658-5050-7178-0000
I1211 04:10:29.305775 14726 hierarchical.hpp:648] Recovered cpus(*):0.01; disk(*):1; mem(*):1 (total allocatable: cpus(*):1; disk(*):33172; mem(*):2927; ports(*):[31000-32000]) on slave 20151211-040657-67108874-5050-14712-S1 from framework 20151211-003753-50331658-5050-7178-0000
I1211 04:10:29.338990 14726 master.cpp:3388] Executor thermos-1449801386911-www-data-devel-job10-0-363e4d11-5efa-4b37-abce-fca46cad132e of framework 20151211-003753-50331658-5050-7178-0000 on slave 20151211-040657-67108874-5050-14712-S0 at slave(1)@10.0.0.5:5051 (n4) terminated with signal Killed
I1211 04:10:29.340229 14726 master.cpp:4714] Removing executor 'thermos-1449801386911-www-data-devel-job10-0-363e4d11-5efa-4b37-abce-fca46cad132e' with resources cpus(*):0.25; mem(*):128 of framework 20151211-003753-50331658-5050-7178-0000 on slave 20151211-040657-67108874-5050-14712-S0 at slave(1)@10.0.0.5:5051 (n4)
I1211 04:10:29.340308 14726 hierarchical.hpp:648] Recovered cpus(*):0.25; mem(*):128 (total allocatable: cpus(*):0.99; mem(*):2926; disk(*):33171; ports(*):[31000-32000]) on slave 20151211-040657-67108874-5050-14712-S0 from framework 20151211-003753-50331658-5050-7178-0000
I1211 04:10:29.357404 14726 master.cpp:3295] Status update TASK_LOST (UUID: 57a1d4f3-5247-4af8-87d6-1cbdbde248fa) for task 1449801386911-www-data-devel-job10-0-363e4d11-5efa-4b37-abce-fca46cad132e of framework 20151211-003753-50331658-5050-7178-0000 from slave 20151211-040657-67108874-5050-14712-S0 at slave(1)@10.0.0.5:5051 (n4)
I1211 04:10:29.357486 14726 master.cpp:3336] Forwarding status update TASK_LOST (UUID: 57a1d4f3-5247-4af8-87d6-1cbdbde248fa) for task 1449801386911-www-data-devel-job10-0-363e4d11-5efa-4b37-abce-fca46cad132e of framework 20151211-003753-50331658-5050-7178-0000
I1211 04:10:29.357554 14726 master.cpp:4618] Updating the latest state of task 1449801386911-www-data-devel-job10-0-363e4d11-5efa-4b37-abce-fca46cad132e of framework 20151211-003753-50331658-5050-7178-0000 to TASK_LOST
I1211 04:10:29.357697 14726 hierarchical.hpp:648] Recovered cpus(*):0.01; disk(*):1; mem(*):1 (total allocatable: cpus(*):1; mem(*):2927; disk(*):33172; ports(*):[31000-32000]) on slave 20151211-040657-67108874-5050-14712-S0 from framework 20151211-003753-50331658-5050-7178-0000
I1211 04:10:29.500601 14726 master.cpp:2618] Asked to kill task 1449801018222-www-data-devel-job10-0-3ce026bc-1575-45fa-afdc-7341bbea823d of framework 20151211-003753-50331658-5050-7178-0000
I1211 04:10:29.500706 14726 master.cpp:2678] Telling slave 20151211-040657-67108874-5050-14712-S1 at slave(1)@10.0.0.6:5051 (n5) to kill task 1449801018222-www-data-devel-job10-0-3ce026bc-1575-45fa-afdc-7341bbea823d of framework 20151211-003753-50331658-5050-7178-0000 (TwitterScheduler) at scheduler-787b8d6a-7db8-47dc-9eb3-96cd26681821@10.0.0.2:8083
I1211 04:10:29.515295 14727 master.cpp:4685] Removing task 1449801018222-www-data-devel-job10-0-3ce026bc-1575-45fa-afdc-7341bbea823d with resources cpus(*):0.01; disk(*):1; mem(*):1 of framework 20151211-003753-50331658-5050-7178-0000 on slave 20151211-040657-67108874-5050-14712-S1 at slave(1)@10.0.0.6:5051 (n5)
I1211 04:10:29.515411 14727 master.cpp:2782] Forwarding status update acknowledgement 543106fb-fa42-49a6-86b3-4eed254ef594 for task 1449801018222-www-data-devel-job10-0-3ce026bc-1575-45fa-afdc-7341bbea823d of framework 20151211-003753-50331658-5050-7178-0000 (TwitterScheduler) at scheduler-787b8d6a-7db8-47dc-9eb3-96cd26681821@10.0.0.2:8083 to slave 20151211-040657-67108874-5050-14712-S1 at slave(1)@10.0.0.6:5051 (n5)
I1211 04:10:29.891963 14731 hierarchical.hpp:741] Performed allocation for 2 slaves in 124797ns
I1211 04:10:29.892097 14731 master.cpp:3755] Sending 2 offers to framework 20151211-003753-50331658-5050-7178-0000 (TwitterScheduler) at scheduler-787b8d6a-7db8-47dc-9eb3-96cd26681821@10.0.0.2:8083
I1211 04:10:30.881513 14731 master.cpp:2268] Processing ACCEPT call for offers: [ 20151211-040657-67108874-5050-14712-O36 ] on slave 20151211-040657-67108874-5050-14712-S1 at slave(1)@10.0.0.6:5051 (n5) for framework 20151211-003753-50331658-5050-7178-0000 (TwitterScheduler) at scheduler-787b8d6a-7db8-47dc-9eb3-96cd26681821@10.0.0.2:8083
I1211 04:10:30.881825 14731 master.hpp:822] Adding task 1449801026366-www-data-devel-job10-0-b909f273-8634-422d-86d5-7fb51de34aba with resources cpus(*):0.01; disk(*):1; mem(*):1 on slave 20151211-040657-67108874-5050-14712-S1 (n5)
I1211 04:10:30.881886 14731 master.cpp:2545] Launching task 1449801026366-www-data-devel-job10-0-b909f273-8634-422d-86d5-7fb51de34aba of framework 20151211-003753-50331658-5050-7178-0000 (TwitterScheduler) at scheduler-787b8d6a-7db8-47dc-9eb3-96cd26681821@10.0.0.2:8083 with resources cpus(*):0.01; disk(*):1; mem(*):1 on slave 20151211-040657-67108874-5050-14712-S1 at slave(1)@10.0.0.6:5051 (n5)
I1211 04:10:30.882055 14731 hierarchical.hpp:648] Recovered cpus(*):0.74; disk(*):33171; mem(*):2798; ports(*):[31000-32000] (total allocatable: cpus(*):0.74; disk(*):33171; mem(*):2798; ports(*):[31000-32000]) on slave 20151211-040657-67108874-5050-14712-S1 from framework 20151211-003753-50331658-5050-7178-0000
I1211 04:10:30.882295 14731 hierarchical.hpp:684] Framework 20151211-003753-50331658-5050-7178-0000 filtered slave 20151211-040657-67108874-5050-14712-S1 for 5secs
I1211 04:10:30.893440 14729 hierarchical.hpp:898] Filtered cpus(*):0.74; disk(*):33171; mem(*):2798; ports(*):[31000-32000] on slave 20151211-040657-67108874-5050-14712-S1 for framework 20151211-003753-50331658-5050-7178-0000
I1211 04:10:30.893524 14729 hierarchical.hpp:834] No resources available to allocate!
I1211 04:10:30.893533 14729 hierarchical.hpp:741] Performed allocation for 2 slaves in 154525ns
I1211 04:10:31.326818 14725 master.cpp:3388] Executor thermos-1449801026366-www-data-devel-job10-0-b909f273-8634-422d-86d5-7fb51de34aba of framework 20151211-003753-50331658-5050-7178-0000 on slave 20151211-040657-67108874-5050-14712-S1 at slave(1)@10.0.0.6:5051 (n5) terminated with signal Killed
I1211 04:10:31.326891 14725 master.cpp:4714] Removing executor 'thermos-1449801026366-www-data-devel-job10-0-b909f273-8634-422d-86d5-7fb51de34aba' with resources cpus(*):0.25; mem(*):128 of framework 20151211-003753-50331658-5050-7178-0000 on slave 20151211-040657-67108874-5050-14712-S1 at slave(1)@10.0.0.6:5051 (n5)
I1211 04:10:31.327132 14725 hierarchical.hpp:648] Recovered cpus(*):0.25; mem(*):128 (total allocatable: cpus(*):0.99; disk(*):33171; mem(*):2926; ports(*):[31000-32000]) on slave 20151211-040657-67108874-5050-14712-S1 from framework 20151211-003753-50331658-5050-7178-0000
I1211 04:10:31.347401 14725 master.cpp:3295] Status update TASK_LOST (UUID: 95814d1c-ee4c-41eb-b403-216e9778bc32) for task 1449801026366-www-data-devel-job10-0-b909f273-8634-422d-86d5-7fb51de34aba of framework 20151211-003753-50331658-5050-7178-0000 from slave 20151211-040657-67108874-5050-14712-S1 at slave(1)@10.0.0.6:5051 (n5)
I1211 04:10:31.347451 14725 master.cpp:3336] Forwarding status update TASK_LOST (UUID: 95814d1c-ee4c-41eb-b403-216e9778bc32) for task 1449801026366-www-data-devel-job10-0-b909f273-8634-422d-86d5-7fb51de34aba of framework 20151211-003753-50331658-5050-7178-0000
I1211 04:10:31.347507 14725 master.cpp:4618] Updating the latest state of task 1449801026366-www-data-devel-job10-0-b909f273-8634-422d-86d5-7fb51de34aba of framework 20151211-003753-50331658-5050-7178-0000 to TASK_LOST
I1211 04:10:31.347563 14725 hierarchical.hpp:648] Recovered cpus(*):0.01; disk(*):1; mem(*):1 (total allocatable: cpus(*):1; disk(*):33172; mem(*):2927; ports(*):[31000-32000]) on slave 20151211-040657-67108874-5050-14712-S1 from framework 20151211-003753-50331658-5050-7178-0000
I1211 04:10:31.391083 14725 master.cpp:2618] Asked to kill task 1449801026366-www-data-devel-job10-0-b909f273-8634-422d-86d5-7fb51de34aba of framework 20151211-003753-50331658-5050-7178-0000
I1211 04:10:31.391732 14725 master.cpp:2678] Telling slave 20151211-040657-67108874-5050-14712-S1 at slave(1)@10.0.0.6:5051 (n5) to kill task 1449801026366-www-data-devel-job10-0-b909f273-8634-422d-86d5-7fb51de34aba of framework 20151211-003753-50331658-5050-7178-0000 (TwitterScheduler) at scheduler-787b8d6a-7db8-47dc-9eb3-96cd26681821@10.0.0.2:8083
I1211 04:10:31.485896 14728 master.cpp:4685] Removing task 1449801026366-www-data-devel-job10-0-b909f273-8634-422d-86d5-7fb51de34aba with resources cpus(*):0.01; disk(*):1; mem(*):1 of framework 20151211-003753-50331658-5050-7178-0000 on slave 20151211-040657-67108874-5050-14712-S1 at slave(1)@10.0.0.6:5051 (n5)
I1211 04:10:31.485986 14728 master.cpp:2782] Forwarding status update acknowledgement 95814d1c-ee4c-41eb-b403-216e9778bc32 for task 1449801026366-www-data-devel-job10-0-b909f273-8634-422d-86d5-7fb51de34aba of framework 20151211-003753-50331658-5050-7178-0000 (TwitterScheduler) at scheduler-787b8d6a-7db8-47dc-9eb3-96cd26681821@10.0.0.2:8083 to slave 20151211-040657-67108874-5050-14712-S1 at slave(1)@10.0.0.6:5051 (n5)
I1211 04:10:31.902022 14724 hierarchical.hpp:741] Performed allocation for 2 slaves in 86043ns
I1211 04:10:31.903195 14730 master.cpp:3755] Sending 1 offers to framework 20151211-003753-50331658-5050-7178-0000 (TwitterScheduler) at scheduler-787b8d6a-7db8-47dc-9eb3-96cd26681821@10.0.0.2:8083
I1211 04:10:32.907857 14726 hierarchical.hpp:834] No resources available to allocate!
I1211 04:10:32.907958 14726 hierarchical.hpp:741] Performed allocation for 2 slaves in 142300ns
I1211 04:10:33.910233 14727 hierarchical.hpp:834] No resources available to allocate!
I1211 04:10:33.910270 14727 hierarchical.hpp:741] Performed allocation for 2 slaves in 84194ns
I1211 04:10:34.918725 14727 hierarchical.hpp:834] No resources available to allocate!
I1211 04:10:34.918818 14727 hierarchical.hpp:741] Performed allocation for 2 slaves in 138037ns
I1211 04:10:35.932075 14729 hierarchical.hpp:834] No resources available to allocate!
I1211 04:10:35.932147 14729 hierarchical.hpp:741] Performed allocation for 2 slaves in 115120ns
I1211 04:10:36.941990 14731 hierarchical.hpp:834] No resources available to allocate!
I1211 04:10:36.942056 14731 hierarchical.hpp:741] Performed allocation for 2 slaves in 129139ns
I1211 04:10:37.945086 14731 hierarchical.hpp:834] No resources available to allocate!
I1211 04:10:37.945157 14731 hierarchical.hpp:741] Performed allocation for 2 slaves in 112442ns
I1211 04:10:38.950342 14725 hierarchical.hpp:834] No resources available to allocate!
I1211 04:10:38.950394 14725 hierarchical.hpp:741] Performed allocation for 2 slaves in 93580ns
I1211 04:10:39.353152 14725 master.cpp:3295] Status update TASK_LOST (UUID: 57a1d4f3-5247-4af8-87d6-1cbdbde248fa) for task 1449801386911-www-data-devel-job10-0-363e4d11-5efa-4b37-abce-fca46cad132e of framework 20151211-003753-50331658-5050-7178-0000 from slave 20151211-040657-67108874-5050-14712-S0 at slave(1)@10.0.0.5:5051 (n4)
I1211 04:10:39.353251 14725 master.cpp:3336] Forwarding status update TASK_LOST (UUID: 57a1d4f3-5247-4af8-87d6-1cbdbde248fa) for task 1449801386911-www-data-devel-job10-0-363e4d11-5efa-4b37-abce-fca46cad132e of framework 20151211-003753-50331658-5050-7178-0000
I1211 04:10:39.353324 14725 master.cpp:4618] Updating the latest state of task 1449801386911-www-data-devel-job10-0-363e4d11-5efa-4b37-abce-fca46cad132e of framework 20151211-003753-50331658-5050-7178-0000 to TASK_LOST
I1211 04:10:39.419455 14728 master.cpp:2618] Asked to kill task 1449801386911-www-data-devel-job10-0-363e4d11-5efa-4b37-abce-fca46cad132e of framework 20151211-003753-50331658-5050-7178-0000
I1211 04:10:39.419503 14728 master.cpp:2678] Telling slave 20151211-040657-67108874-5050-14712-S0 at slave(1)@10.0.0.5:5051 (n4) to kill task 1449801386911-www-data-devel-job10-0-363e4d11-5efa-4b37-abce-fca46cad132e of framework 20151211-003753-50331658-5050-7178-0000 (TwitterScheduler) at scheduler-787b8d6a-7db8-47dc-9eb3-96cd26681821@10.0.0.2:8083
I1211 04:10:39.461113 14728 master.cpp:4685] Removing task 1449801386911-www-data-devel-job10-0-363e4d11-5efa-4b37-abce-fca46cad132e with resources cpus(*):0.01; disk(*):1; mem(*):1 of framework 20151211-003753-50331658-5050-7178-0000 on slave 20151211-040657-67108874-5050-14712-S0 at slave(1)@10.0.0.5:5051 (n4)
I1211 04:10:39.461220 14728 master.cpp:2782] Forwarding status update acknowledgement 57a1d4f3-5247-4af8-87d6-1cbdbde248fa for task 1449801386911-www-data-devel-job10-0-363e4d11-5efa-4b37-abce-fca46cad132e of framework 20151211-003753-50331658-5050-7178-0000 (TwitterScheduler) at scheduler-787b8d6a-7db8-47dc-9eb3-96cd26681821@10.0.0.2:8083 to slave 20151211-040657-67108874-5050-14712-S0 at slave(1)@10.0.0.5:5051 (n4)
I1211 04:10:39.962080 14724 hierarchical.hpp:834] No resources available to allocate!
I1211 04:10:39.962131 14724 hierarchical.hpp:741] Performed allocation for 2 slaves in 96730ns
I1211 04:10:40.962466 14730 hierarchical.hpp:834] No resources available to allocate!
I1211 04:10:40.962565 14730 hierarchical.hpp:741] Performed allocation for 2 slaves in 141482ns
I1211 04:10:41.967102 14726 hierarchical.hpp:834] No resources available to allocate!
I1211 04:10:41.967180 14726 hierarchical.hpp:741] Performed allocation for 2 slaves in 120644ns
I1211 04:10:42.980950 14727 hierarchical.hpp:834] No resources available to allocate!
I1211 04:10:42.981029 14727 hierarchical.hpp:741] Performed allocation for 2 slaves in 123125ns
I1211 04:10:43.985959 14729 hierarchical.hpp:834] No resources available to allocate!
I1211 04:10:43.985988 14729 hierarchical.hpp:741] Performed allocation for 2 slaves in 71724ns
I1211 04:10:44.986351 14729 hierarchical.hpp:834] No resources available to allocate!
I1211 04:10:44.986392 14729 hierarchical.hpp:741] Performed allocation for 2 slaves in 83350ns
I1211 04:10:45.993942 14729 hierarchical.hpp:834] No resources available to allocate!
I1211 04:10:45.994007 14729 hierarchical.hpp:741] Performed allocation for 2 slaves in 108220ns
I1211 04:10:47.004317 14731 hierarchical.hpp:834] No resources available to allocate!
I1211 04:10:47.004382 14731 hierarchical.hpp:741] Performed allocation for 2 slaves in 109850ns
I1211 04:10:48.020663 14725 hierarchical.hpp:834] No resources available to allocate!
I1211 04:10:48.020700 14725 hierarchical.hpp:741] Performed allocation for 2 slaves in 80936ns
I1211 04:10:49.028914 14725 hierarchical.hpp:834] No resources available to allocate!
I1211 04:10:49.028950 14725 hierarchical.hpp:741] Performed allocation for 2 slaves in 77620ns
I1211 04:10:50.029983 14725 hierarchical.hpp:834] No resources available to allocate!
I1211 04:10:50.117558 14725 hierarchical.hpp:741] Performed allocation for 2 slaves in 87.618462ms
I1211 04:10:51.117782 14728 hierarchical.hpp:834] No resources available to allocate!
I1211 04:10:51.117821 14728 hierarchical.hpp:741] Performed allocation for 2 slaves in 84247ns
I1211 04:10:52.120503 14728 hierarchical.hpp:834] No resources available to allocate!
I1211 04:10:52.120574 14728 hierarchical.hpp:741] Performed allocation for 2 slaves in 112887ns
I1211 04:10:53.121043 14724 hierarchical.hpp:834] No resources available to allocate!
I1211 04:10:53.121141 14724 hierarchical.hpp:741] Performed allocation for 2 slaves in 142515ns
I1211 04:10:54.122408 14724 hierarchical.hpp:834] No resources available to allocate!
I1211 04:10:54.122496 14724 hierarchical.hpp:741] Performed allocation for 2 slaves in 132681ns
I1211 04:10:55.122928 14730 hierarchical.hpp:834] No resources available to allocate!
I1211 04:10:55.123004 14730 hierarchical.hpp:741] Performed allocation for 2 slaves in 122900ns
I1211 04:10:56.126811 14726 hierarchical.hpp:834] No resources available to allocate!
I1211 04:10:56.126864 14726 hierarchical.hpp:741] Performed allocation for 2 slaves in 1.869765ms
I1211 04:10:57.136143 14727 hierarchical.hpp:834] No resources available to allocate!
I1211 04:10:57.136803 14727 hierarchical.hpp:741] Performed allocation for 2 slaves in 714823ns
I1211 04:10:58.141108 14725 hierarchical.hpp:834] No resources available to allocate!
I1211 04:10:58.141191 14725 hierarchical.hpp:741] Performed allocation for 2 slaves in 146699ns
I1211 04:10:59.147845 14728 hierarchical.hpp:834] No resources available to allocate!
I1211 04:10:59.147886 14728 hierarchical.hpp:741] Performed allocation for 2 slaves in 84149ns
I1211 04:10:59.894294 14728 hierarchical.hpp:648] Recovered cpus(*):1; mem(*):2927; disk(*):33172; ports(*):[31000-32000] (total allocatable: cpus(*):1; mem(*):2927; disk(*):33172; ports(*):[31000-32000]) on slave 20151211-040657-67108874-5050-14712-S0 from framework 20151211-003753-50331658-5050-7178-0000
I1211 04:11:00.150547 14724 hierarchical.hpp:741] Performed allocation for 2 slaves in 77484ns
I1211 04:11:00.159945 14730 master.cpp:3755] Sending 1 offers to framework 20151211-003753-50331658-5050-7178-0000 (TwitterScheduler) at scheduler-787b8d6a-7db8-47dc-9eb3-96cd26681821@10.0.0.2:8083
I1211 04:11:01.162144 14726 hierarchical.hpp:834] No resources available to allocate!
I1211 04:11:01.162204 14726 hierarchical.hpp:741] Performed allocation for 2 slaves in 107618ns
I1211 04:11:01.912211 14726 hierarchical.hpp:648] Recovered cpus(*):1; disk(*):33172; mem(*):2927; ports(*):[31000-32000] (total allocatable: cpus(*):1; disk(*):33172; mem(*):2927; ports(*):[31000-32000]) on slave 20151211-040657-67108874-5050-14712-S1 from framework 20151211-003753-50331658-5050-7178-0000
I1211 04:11:02.165911 14727 hierarchical.hpp:741] Performed allocation for 2 slaves in 74447ns
I1211 04:11:02.166013 14727 master.cpp:3755] Sending 1 offers to framework 20151211-003753-50331658-5050-7178-0000 (TwitterScheduler) at scheduler-787b8d6a-7db8-47dc-9eb3-96cd26681821@10.0.0.2:8083
I1211 04:11:03.170531 14729 hierarchical.hpp:834] No resources available to allocate!
I1211 04:11:03.170563 14729 hierarchical.hpp:741] Performed allocation for 2 slaves in 75404ns
I1211 04:11:04.171561 14729 hierarchical.hpp:834] No resources available to allocate!
I1211 04:11:04.171592 14729 hierarchical.hpp:741] Performed allocation for 2 slaves in 72827ns
I1211 04:11:05.183037 14731 hierarchical.hpp:834] No resources available to allocate!
I1211 04:11:05.183130 14731 hierarchical.hpp:741] Performed allocation for 2 slaves in 137237ns
I1211 04:11:06.190671 14725 hierarchical.hpp:834] No resources available to allocate!
I1211 04:11:06.190719 14725 hierarchical.hpp:741] Performed allocation for 2 slaves in 100164ns
I1211 04:11:07.193394 14725 hierarchical.hpp:834] No resources available to allocate!
I1211 04:11:07.193471 14725 hierarchical.hpp:741] Performed allocation for 2 slaves in 117490ns
I1211 04:11:08.195587 14728 hierarchical.hpp:834] No resources available to allocate!
I1211 04:11:08.195631 14728 hierarchical.hpp:741] Performed allocation for 2 slaves in 90257ns
I1211 04:11:09.196019 14728 hierarchical.hpp:834] No resources available to allocate!
I1211 04:11:09.196137 14728 hierarchical.hpp:741] Performed allocation for 2 slaves in 190931ns
I1211 04:11:10.199923 14728 hierarchical.hpp:834] No resources available to allocate!
I1211 04:11:10.199991 14728 hierarchical.hpp:741] Performed allocation for 2 slaves in 111641ns
I1211 04:11:11.200345 14724 hierarchical.hpp:834] No resources available to allocate!
I1211 04:11:11.200419 14724 hierarchical.hpp:741] Performed allocation for 2 slaves in 115488ns
I1211 04:11:12.200935 14730 hierarchical.hpp:834] No resources available to allocate!
I1211 04:11:12.201012 14730 hierarchical.hpp:741] Performed allocation for 2 slaves in 279398ns
I1211 04:11:13.203682 14726 hierarchical.hpp:834] No resources available to allocate!
I1211 04:11:13.203745 14726 hierarchical.hpp:741] Performed allocation for 2 slaves in 119297ns
I1211 04:11:14.231395 14726 hierarchical.hpp:834] No resources available to allocate!
I1211 04:11:14.231436 14726 hierarchical.hpp:741] Performed allocation for 2 slaves in 82997ns
I1211 04:11:15.234745 14726 hierarchical.hpp:834] No resources available to allocate!
I1211 04:11:15.234817 14726 hierarchical.hpp:741] Performed allocation for 2 slaves in 112294ns
I1211 04:11:16.236449 14727 hierarchical.hpp:834] No resources available to allocate!
I1211 04:11:16.236577 14727 hierarchical.hpp:741] Performed allocation for 2 slaves in 1.589118ms
I1211 04:11:17.237026 14729 hierarchical.hpp:834] No resources available to allocate!
I1211 04:11:17.237262 14729 hierarchical.hpp:741] Performed allocation for 2 slaves in 288326ns
I1211 04:11:18.238363 14731 hierarchical.hpp:834] No resources available to allocate!
I1211 04:11:18.238489 14731 hierarchical.hpp:741] Performed allocation for 2 slaves in 170570ns
I1211 04:11:19.239626 14725 hierarchical.hpp:834] No resources available to allocate!
I1211 04:11:19.239801 14725 hierarchical.hpp:741] Performed allocation for 2 slaves in 256810ns
I1211 04:11:20.248989 14728 hierarchical.hpp:834] No resources available to allocate!
I1211 04:11:20.249065 14728 hierarchical.hpp:741] Performed allocation for 2 slaves in 119796ns
I1211 04:11:21.250566 14724 hierarchical.hpp:834] No resources available to allocate!
I1211 04:11:21.250636 14724 hierarchical.hpp:741] Performed allocation for 2 slaves in 112360ns
I1211 04:11:21.618356 14730 master.cpp:2268] Processing ACCEPT call for offers: [ 20151211-040657-67108874-5050-14712-O39 ] on slave 20151211-040657-67108874-5050-14712-S1 at slave(1)@10.0.0.6:5051 (n5) for framework 20151211-003753-50331658-5050-7178-0000 (TwitterScheduler) at scheduler-787b8d6a-7db8-47dc-9eb3-96cd26681821@10.0.0.2:8083
I1211 04:11:21.619846 14730 master.hpp:822] Adding task 1449806961514-www-data-devel-job26-0-7beb1960-c69b-464c-9d11-78bc5e7e214c with resources cpus(*):0.01; disk(*):1; mem(*):1 on slave 20151211-040657-67108874-5050-14712-S1 (n5)
I1211 04:11:21.620100 14730 master.cpp:2545] Launching task 1449806961514-www-data-devel-job26-0-7beb1960-c69b-464c-9d11-78bc5e7e214c of framework 20151211-003753-50331658-5050-7178-0000 (TwitterScheduler) at scheduler-787b8d6a-7db8-47dc-9eb3-96cd26681821@10.0.0.2:8083 with resources cpus(*):0.01; disk(*):1; mem(*):1 on slave 20151211-040657-67108874-5050-14712-S1 at slave(1)@10.0.0.6:5051 (n5)
I1211 04:11:21.620331 14730 hierarchical.hpp:648] Recovered cpus(*):0.74; disk(*):33171; mem(*):2798; ports(*):[31000-32000] (total allocatable: cpus(*):0.74; disk(*):33171; mem(*):2798; ports(*):[31000-32000]) on slave 20151211-040657-67108874-5050-14712-S1 from framework 20151211-003753-50331658-5050-7178-0000
I1211 04:11:21.624224 14730 hierarchical.hpp:684] Framework 20151211-003753-50331658-5050-7178-0000 filtered slave 20151211-040657-67108874-5050-14712-S1 for 5secs
I1211 04:11:22.155213 14726 master.cpp:3388] Executor thermos-1449806961514-www-data-devel-job26-0-7beb1960-c69b-464c-9d11-78bc5e7e214c of framework 20151211-003753-50331658-5050-7178-0000 on slave 20151211-040657-67108874-5050-14712-S1 at slave(1)@10.0.0.6:5051 (n5) terminated with signal Killed
I1211 04:11:22.155493 14726 master.cpp:4714] Removing executor 'thermos-1449806961514-www-data-devel-job26-0-7beb1960-c69b-464c-9d11-78bc5e7e214c' with resources cpus(*):0.25; mem(*):128 of framework 20151211-003753-50331658-5050-7178-0000 on slave 20151211-040657-67108874-5050-14712-S1 at slave(1)@10.0.0.6:5051 (n5)
I1211 04:11:22.155575 14726 hierarchical.hpp:648] Recovered cpus(*):0.25; mem(*):128 (total allocatable: cpus(*):0.99; disk(*):33171; mem(*):2926; ports(*):[31000-32000]) on slave 20151211-040657-67108874-5050-14712-S1 from framework 20151211-003753-50331658-5050-7178-0000
I1211 04:11:22.160753 14727 master.cpp:3295] Status update TASK_LOST (UUID: b4fd522f-cb34-49dd-ac46-962467c01af7) for task 1449806961514-www-data-devel-job26-0-7beb1960-c69b-464c-9d11-78bc5e7e214c of framework 20151211-003753-50331658-5050-7178-0000 from slave 20151211-040657-67108874-5050-14712-S1 at slave(1)@10.0.0.6:5051 (n5)
I1211 04:11:22.160804 14727 master.cpp:3336] Forwarding status update TASK_LOST (UUID: b4fd522f-cb34-49dd-ac46-962467c01af7) for task 1449806961514-www-data-devel-job26-0-7beb1960-c69b-464c-9d11-78bc5e7e214c of framework 20151211-003753-50331658-5050-7178-0000
I1211 04:11:22.160856 14727 master.cpp:4618] Updating the latest state of task 1449806961514-www-data-devel-job26-0-7beb1960-c69b-464c-9d11-78bc5e7e214c of framework 20151211-003753-50331658-5050-7178-0000 to TASK_LOST
I1211 04:11:22.160902 14727 hierarchical.hpp:648] Recovered cpus(*):0.01; disk(*):1; mem(*):1 (total allocatable: cpus(*):1; disk(*):33172; mem(*):2927; ports(*):[31000-32000]) on slave 20151211-040657-67108874-5050-14712-S1 from framework 20151211-003753-50331658-5050-7178-0000
I1211 04:11:22.194947 14727 master.cpp:2618] Asked to kill task 1449806961514-www-data-devel-job26-0-7beb1960-c69b-464c-9d11-78bc5e7e214c of framework 20151211-003753-50331658-5050-7178-0000
I1211 04:11:22.194988 14727 master.cpp:2678] Telling slave 20151211-040657-67108874-5050-14712-S1 at slave(1)@10.0.0.6:5051 (n5) to kill task 1449806961514-www-data-devel-job26-0-7beb1960-c69b-464c-9d11-78bc5e7e214c of framework 20151211-003753-50331658-5050-7178-0000 (TwitterScheduler) at scheduler-787b8d6a-7db8-47dc-9eb3-96cd26681821@10.0.0.2:8083
I1211 04:11:22.245926 14727 master.cpp:4685] Removing task 1449806961514-www-data-devel-job26-0-7beb1960-c69b-464c-9d11-78bc5e7e214c with resources cpus(*):0.01; disk(*):1; mem(*):1 of framework 20151211-003753-50331658-5050-7178-0000 on slave 20151211-040657-67108874-5050-14712-S1 at slave(1)@10.0.0.6:5051 (n5)
I1211 04:11:22.246037 14727 master.cpp:2782] Forwarding status update acknowledgement b4fd522f-cb34-49dd-ac46-962467c01af7 for task 1449806961514-www-data-devel-job26-0-7beb1960-c69b-464c-9d11-78bc5e7e214c of framework 20151211-003753-50331658-5050-7178-0000 (TwitterScheduler) at scheduler-787b8d6a-7db8-47dc-9eb3-96cd26681821@10.0.0.2:8083 to slave 20151211-040657-67108874-5050-14712-S1 at slave(1)@10.0.0.6:5051 (n5)
I1211 04:11:22.251580 14729 hierarchical.hpp:741] Performed allocation for 2 slaves in 73550ns
I1211 04:11:22.251658 14731 master.cpp:3755] Sending 1 offers to framework 20151211-003753-50331658-5050-7178-0000 (TwitterScheduler) at scheduler-787b8d6a-7db8-47dc-9eb3-96cd26681821@10.0.0.2:8083
I1211 04:11:23.254210 14725 hierarchical.hpp:834] No resources available to allocate!
I1211 04:11:23.254292 14725 hierarchical.hpp:741] Performed allocation for 2 slaves in 127166ns
I1211 04:11:24.255064 14728 hierarchical.hpp:834] No resources available to allocate!
I1211 04:11:24.255134 14728 hierarchical.hpp:741] Performed allocation for 2 slaves in 113059ns
I1211 04:11:25.257853 14724 hierarchical.hpp:834] No resources available to allocate!
I1211 04:11:25.257916 14724 hierarchical.hpp:741] Performed allocation for 2 slaves in 111918ns
I1211 04:11:26.122087 14730 master.cpp:2268] Processing ACCEPT call for offers: [ 20151211-040657-67108874-5050-14712-O40 ] on slave 20151211-040657-67108874-5050-14712-S1 at slave(1)@10.0.0.6:5051 (n5) for framework 20151211-003753-50331658-5050-7178-0000 (TwitterScheduler) at scheduler-787b8d6a-7db8-47dc-9eb3-96cd26681821@10.0.0.2:8083
I1211 04:11:26.122391 14730 master.hpp:822] Adding task 1449806966002-www-data-devel-job28-0-2db2c94c-9b6d-44de-9d51-4c57f536e346 with resources cpus(*):0.01; disk(*):1; mem(*):1 on slave 20151211-040657-67108874-5050-14712-S1 (n5)
I1211 04:11:26.122418 14730 master.cpp:2545] Launching task 1449806966002-www-data-devel-job28-0-2db2c94c-9b6d-44de-9d51-4c57f536e346 of framework 20151211-003753-50331658-5050-7178-0000 (TwitterScheduler) at scheduler-787b8d6a-7db8-47dc-9eb3-96cd26681821@10.0.0.2:8083 with resources cpus(*):0.01; disk(*):1; mem(*):1 on slave 20151211-040657-67108874-5050-14712-S1 at slave(1)@10.0.0.6:5051 (n5)
I1211 04:11:26.122540 14730 hierarchical.hpp:648] Recovered cpus(*):0.74; disk(*):33171; mem(*):2798; ports(*):[31000-32000] (total allocatable: cpus(*):0.74; disk(*):33171; mem(*):2798; ports(*):[31000-32000]) on slave 20151211-040657-67108874-5050-14712-S1 from framework 20151211-003753-50331658-5050-7178-0000
I1211 04:11:26.130508 14730 hierarchical.hpp:684] Framework 20151211-003753-50331658-5050-7178-0000 filtered slave 20151211-040657-67108874-5050-14712-S1 for 5secs
I1211 04:11:26.261337 14726 hierarchical.hpp:898] Filtered cpus(*):0.74; disk(*):33171; mem(*):2798; ports(*):[31000-32000] on slave 20151211-040657-67108874-5050-14712-S1 for framework 20151211-003753-50331658-5050-7178-0000
I1211 04:11:26.261407 14726 hierarchical.hpp:834] No resources available to allocate!
I1211 04:11:26.261417 14726 hierarchical.hpp:741] Performed allocation for 2 slaves in 143215ns
I1211 04:11:26.693266 14726 master.cpp:3388] Executor thermos-1449806966002-www-data-devel-job28-0-2db2c94c-9b6d-44de-9d51-4c57f536e346 of framework 20151211-003753-50331658-5050-7178-0000 on slave 20151211-040657-67108874-5050-14712-S1 at slave(1)@10.0.0.6:5051 (n5) terminated with signal Killed
I1211 04:11:26.694123 14726 master.cpp:4714] Removing executor 'thermos-1449806966002-www-data-devel-job28-0-2db2c94c-9b6d-44de-9d51-4c57f536e346' with resources cpus(*):0.25; mem(*):128 of framework 20151211-003753-50331658-5050-7178-0000 on slave 20151211-040657-67108874-5050-14712-S1 at slave(1)@10.0.0.6:5051 (n5)
I1211 04:11:26.694206 14726 hierarchical.hpp:648] Recovered cpus(*):0.25; mem(*):128 (total allocatable: cpus(*):0.99; disk(*):33171; mem(*):2926; ports(*):[31000-32000]) on slave 20151211-040657-67108874-5050-14712-S1 from framework 20151211-003753-50331658-5050-7178-0000
I1211 04:11:26.695668 14726 master.cpp:3295] Status update TASK_LOST (UUID: 274cac5f-7026-45f5-aade-da30cdde0501) for task 1449806966002-www-data-devel-job28-0-2db2c94c-9b6d-44de-9d51-4c57f536e346 of framework 20151211-003753-50331658-5050-7178-0000 from slave 20151211-040657-67108874-5050-14712-S1 at slave(1)@10.0.0.6:5051 (n5)
I1211 04:11:26.695713 14726 master.cpp:3336] Forwarding status update TASK_LOST (UUID: 274cac5f-7026-45f5-aade-da30cdde0501) for task 1449806966002-www-data-devel-job28-0-2db2c94c-9b6d-44de-9d51-4c57f536e346 of framework 20151211-003753-50331658-5050-7178-0000
I1211 04:11:26.695765 14726 master.cpp:4618] Updating the latest state of task 1449806966002-www-data-devel-job28-0-2db2c94c-9b6d-44de-9d51-4c57f536e346 of framework 20151211-003753-50331658-5050-7178-0000 to TASK_LOST
I1211 04:11:26.695808 14726 hierarchical.hpp:648] Recovered cpus(*):0.01; disk(*):1; mem(*):1 (total allocatable: cpus(*):1; disk(*):33172; mem(*):2927; ports(*):[31000-32000]) on slave 20151211-040657-67108874-5050-14712-S1 from framework 20151211-003753-50331658-5050-7178-0000
I1211 04:11:26.717056 14727 master.cpp:2618] Asked to kill task 1449806966002-www-data-devel-job28-0-2db2c94c-9b6d-44de-9d51-4c57f536e346 of framework 20151211-003753-50331658-5050-7178-0000
I1211 04:11:26.717140 14727 master.cpp:2678] Telling slave 20151211-040657-67108874-5050-14712-S1 at slave(1)@10.0.0.6:5051 (n5) to kill task 1449806966002-www-data-devel-job28-0-2db2c94c-9b6d-44de-9d51-4c57f536e346 of framework 20151211-003753-50331658-5050-7178-0000 (TwitterScheduler) at scheduler-787b8d6a-7db8-47dc-9eb3-96cd26681821@10.0.0.2:8083
I1211 04:11:26.800709 14729 master.cpp:4685] Removing task 1449806966002-www-data-devel-job28-0-2db2c94c-9b6d-44de-9d51-4c57f536e346 with resources cpus(*):0.01; disk(*):1; mem(*):1 of framework 20151211-003753-50331658-5050-7178-0000 on slave 20151211-040657-67108874-5050-14712-S1 at slave(1)@10.0.0.6:5051 (n5)
I1211 04:11:26.800842 14729 master.cpp:2782] Forwarding status update acknowledgement 274cac5f-7026-45f5-aade-da30cdde0501 for task 1449806966002-www-data-devel-job28-0-2db2c94c-9b6d-44de-9d51-4c57f536e346 of framework 20151211-003753-50331658-5050-7178-0000 (TwitterScheduler) at scheduler-787b8d6a-7db8-47dc-9eb3-96cd26681821@10.0.0.2:8083 to slave 20151211-040657-67108874-5050-14712-S1 at slave(1)@10.0.0.6:5051 (n5)
I1211 04:11:27.279302 14731 hierarchical.hpp:741] Performed allocation for 2 slaves in 75999ns
I1211 04:11:27.279388 14731 master.cpp:3755] Sending 1 offers to framework 20151211-003753-50331658-5050-7178-0000 (TwitterScheduler) at scheduler-787b8d6a-7db8-47dc-9eb3-96cd26681821@10.0.0.2:8083
I1211 04:11:28.295136 14731 hierarchical.hpp:834] No resources available to allocate!
I1211 04:11:28.295208 14731 hierarchical.hpp:741] Performed allocation for 2 slaves in 116408ns
I1211 04:11:29.299762 14725 hierarchical.hpp:834] No resources available to allocate!
I1211 04:11:29.299813 14725 hierarchical.hpp:741] Performed allocation for 2 slaves in 103731ns
I1211 04:11:30.184240 14725 hierarchical.hpp:648] Recovered cpus(*):1; mem(*):2927; disk(*):33172; ports(*):[31000-32000] (total allocatable: cpus(*):1; mem(*):2927; disk(*):33172; ports(*):[31000-32000]) on slave 20151211-040657-67108874-5050-14712-S0 from framework 20151211-003753-50331658-5050-7178-0000
I1211 04:11:30.309696 14728 hierarchical.hpp:741] Performed allocation for 2 slaves in 76559ns
I1211 04:11:30.309789 14724 master.cpp:3755] Sending 1 offers to framework 20151211-003753-50331658-5050-7178-0000 (TwitterScheduler) at scheduler-787b8d6a-7db8-47dc-9eb3-96cd26681821@10.0.0.2:8083
I1211 04:11:31.311671 14730 hierarchical.hpp:834] No resources available to allocate!
I1211 04:11:31.311748 14730 hierarchical.hpp:741] Performed allocation for 2 slaves in 128047ns
I1211 04:11:32.315188 14726 hierarchical.hpp:834] No resources available to allocate!
I1211 04:11:32.315266 14726 hierarchical.hpp:741] Performed allocation for 2 slaves in 125787ns
I1211 04:11:33.320277 14727 hierarchical.hpp:834] No resources available to allocate!
I1211 04:11:33.320317 14727 hierarchical.hpp:741] Performed allocation for 2 slaves in 81686ns
I1211 04:11:34.324362 14727 hierarchical.hpp:834] No resources available to allocate!
I1211 04:11:34.324439 14727 hierarchical.hpp:741] Performed allocation for 2 slaves in 117038ns
I1211 04:11:35.325346 14729 hierarchical.hpp:834] No resources available to allocate!
I1211 04:11:35.325388 14729 hierarchical.hpp:741] Performed allocation for 2 slaves in 83884ns
I1211 04:11:36.326436 14729 hierarchical.hpp:834] No resources available to allocate!
I1211 04:11:36.326477 14729 hierarchical.hpp:741] Performed allocation for 2 slaves in 82666ns
I1211 04:11:37.327425 14729 hierarchical.hpp:834] No resources available to allocate!
I1211 04:11:37.327492 14729 hierarchical.hpp:741] Performed allocation for 2 slaves in 109900ns
I1211 04:11:38.328074 14731 hierarchical.hpp:834] No resources available to allocate!
I1211 04:11:38.328222 14731 hierarchical.hpp:741] Performed allocation for 2 slaves in 230672ns
I1211 04:11:39.329047 14725 hierarchical.hpp:834] No resources available to allocate!
I1211 04:11:39.329342 14725 hierarchical.hpp:741] Performed allocation for 2 slaves in 444646ns
I1211 04:11:40.330637 14728 hierarchical.hpp:834] No resources available to allocate!
I1211 04:11:40.331109 14728 hierarchical.hpp:741] Performed allocation for 2 slaves in 387230ns
I1211 04:11:41.331559 14724 hierarchical.hpp:834] No resources available to allocate!
I1211 04:11:41.331653 14724 hierarchical.hpp:741] Performed allocation for 2 slaves in 139991ns
I1211 04:11:42.332156 14726 hierarchical.hpp:834] No resources available to allocate!
I1211 04:11:42.332218 14726 hierarchical.hpp:741] Performed allocation for 2 slaves in 105528ns
I1211 04:11:43.333897 14727 hierarchical.hpp:834] No resources available to allocate!
I1211 04:11:43.333969 14727 hierarchical.hpp:741] Performed allocation for 2 slaves in 115478ns
I1211 04:11:44.335129 14729 hierarchical.hpp:834] No resources available to allocate!
I1211 04:11:44.335197 14729 hierarchical.hpp:741] Performed allocation for 2 slaves in 123459ns
I1211 04:11:45.335904 14729 hierarchical.hpp:834] No resources available to allocate!
I1211 04:11:45.335950 14729 hierarchical.hpp:741] Performed allocation for 2 slaves in 97172ns
I1211 04:11:46.337640 14729 hierarchical.hpp:834] No resources available to allocate!
I1211 04:11:46.337715 14729 hierarchical.hpp:741] Performed allocation for 2 slaves in 119758ns
I1211 04:11:47.339010 14731 hierarchical.hpp:834] No resources available to allocate!
I1211 04:11:47.339089 14731 hierarchical.hpp:741] Performed allocation for 2 slaves in 123846ns
I1211 04:11:48.340814 14725 hierarchical.hpp:834] No resources available to allocate!
I1211 04:11:48.341089 14725 hierarchical.hpp:741] Performed allocation for 2 slaves in 337123ns
I1211 04:11:49.341723 14724 hierarchical.hpp:834] No resources available to allocate!
I1211 04:11:49.341871 14724 hierarchical.hpp:741] Performed allocation for 2 slaves in 239720ns
I1211 04:11:50.347417 14724 hierarchical.hpp:834] No resources available to allocate!
I1211 04:11:50.347467 14724 hierarchical.hpp:741] Performed allocation for 2 slaves in 107151ns
I1211 04:11:51.349418 14724 hierarchical.hpp:834] No resources available to allocate!
I1211 04:11:51.349493 14724 hierarchical.hpp:741] Performed allocation for 2 slaves in 115985ns
I1211 04:11:52.350023 14727 hierarchical.hpp:834] No resources available to allocate!
I1211 04:11:52.350090 14727 hierarchical.hpp:741] Performed allocation for 2 slaves in 109726ns
I1211 04:11:53.350805 14728 hierarchical.hpp:834] No resources available to allocate!
I1211 04:11:53.350905 14728 hierarchical.hpp:741] Performed allocation for 2 slaves in 254342ns
I1211 04:11:54.351089 14730 hierarchical.hpp:834] No resources available to allocate!
I1211 04:11:54.351158 14730 hierarchical.hpp:741] Performed allocation for 2 slaves in 113295ns
I1211 04:11:55.352670 14726 hierarchical.hpp:834] No resources available to allocate!
I1211 04:11:55.352746 14726 hierarchical.hpp:741] Performed allocation for 2 slaves in 118365ns
I1211 04:11:56.353734 14729 hierarchical.hpp:834] No resources available to allocate!
I1211 04:11:56.353801 14729 hierarchical.hpp:741] Performed allocation for 2 slaves in 111376ns
