I1216 04:07:34.329109 16866 status_update_manager.hpp:346] Checkpointing UPDATE for status update TASK_RUNNING (UUID: c46d21e8-8cb9-4a2d-9386-ebd522a5eafb) for task 1450238820137-www-data-devel-job29-0-aad89c5e-d941-4ac3-aa2a-7174026038a0 of framework 20151216-035825-33554442-5050-14879-0000
I1216 04:07:34.332202 16866 slave.cpp:2753] Forwarding the update TASK_RUNNING (UUID: c46d21e8-8cb9-4a2d-9386-ebd522a5eafb) for task 1450238820137-www-data-devel-job29-0-aad89c5e-d941-4ac3-aa2a-7174026038a0 of framework 20151216-035825-33554442-5050-14879-0000 to master@10.0.0.2:5050
I1216 04:07:34.332309 16866 slave.cpp:2686] Sending acknowledgement for status update TASK_RUNNING (UUID: c46d21e8-8cb9-4a2d-9386-ebd522a5eafb) for task 1450238820137-www-data-devel-job29-0-aad89c5e-d941-4ac3-aa2a-7174026038a0 of framework 20151216-035825-33554442-5050-14879-0000 to executor(1)@10.0.0.5:39220
I1216 04:07:34.339304 16879 status_update_manager.cpp:389] Received status update acknowledgement (UUID: c46d21e8-8cb9-4a2d-9386-ebd522a5eafb) for task 1450238820137-www-data-devel-job29-0-aad89c5e-d941-4ac3-aa2a-7174026038a0 of framework 20151216-035825-33554442-5050-14879-0000
I1216 04:07:34.339377 16879 status_update_manager.hpp:346] Checkpointing ACK for status update TASK_RUNNING (UUID: c46d21e8-8cb9-4a2d-9386-ebd522a5eafb) for task 1450238820137-www-data-devel-job29-0-aad89c5e-d941-4ac3-aa2a-7174026038a0 of framework 20151216-035825-33554442-5050-14879-0000
I1216 04:07:43.474160 16871 slave.cpp:2508] Handling status update TASK_FINISHED (UUID: f82c5df1-05c1-4919-b300-9b079eaa45ae) for task 1450238820137-www-data-devel-job29-0-aad89c5e-d941-4ac3-aa2a-7174026038a0 of framework 20151216-035825-33554442-5050-14879-0000 from executor(1)@10.0.0.5:39220
I1216 04:07:43.475029 16875 status_update_manager.cpp:317] Received status update TASK_FINISHED (UUID: f82c5df1-05c1-4919-b300-9b079eaa45ae) for task 1450238820137-www-data-devel-job29-0-aad89c5e-d941-4ac3-aa2a-7174026038a0 of framework 20151216-035825-33554442-5050-14879-0000
I1216 04:07:43.475141 16875 status_update_manager.hpp:346] Checkpointing UPDATE for status update TASK_FINISHED (UUID: f82c5df1-05c1-4919-b300-9b079eaa45ae) for task 1450238820137-www-data-devel-job29-0-aad89c5e-d941-4ac3-aa2a-7174026038a0 of framework 20151216-035825-33554442-5050-14879-0000
I1216 04:07:43.480231 16877 slave.cpp:2753] Forwarding the update TASK_FINISHED (UUID: f82c5df1-05c1-4919-b300-9b079eaa45ae) for task 1450238820137-www-data-devel-job29-0-aad89c5e-d941-4ac3-aa2a-7174026038a0 of framework 20151216-035825-33554442-5050-14879-0000 to master@10.0.0.2:5050
I1216 04:07:43.480386 16877 slave.cpp:2686] Sending acknowledgement for status update TASK_FINISHED (UUID: f82c5df1-05c1-4919-b300-9b079eaa45ae) for task 1450238820137-www-data-devel-job29-0-aad89c5e-d941-4ac3-aa2a-7174026038a0 of framework 20151216-035825-33554442-5050-14879-0000 to executor(1)@10.0.0.5:39220
I1216 04:07:43.489275 16875 status_update_manager.cpp:389] Received status update acknowledgement (UUID: f82c5df1-05c1-4919-b300-9b079eaa45ae) for task 1450238820137-www-data-devel-job29-0-aad89c5e-d941-4ac3-aa2a-7174026038a0 of framework 20151216-035825-33554442-5050-14879-0000
I1216 04:07:43.489352 16875 status_update_manager.hpp:346] Checkpointing ACK for status update TASK_FINISHED (UUID: f82c5df1-05c1-4919-b300-9b079eaa45ae) for task 1450238820137-www-data-devel-job29-0-aad89c5e-d941-4ac3-aa2a-7174026038a0 of framework 20151216-035825-33554442-5050-14879-0000
I1216 04:07:48.539317 16872 containerizer.cpp:1111] Executor for container 'bd9f20ee-8f05-4f5a-a197-896ba465ec02' has exited
I1216 04:07:48.539404 16872 containerizer.cpp:906] Destroying container 'bd9f20ee-8f05-4f5a-a197-896ba465ec02'
I1216 04:07:48.540992 16875 slave.cpp:3193] Executor 'thermos-1450238820137-www-data-devel-job29-0-aad89c5e-d941-4ac3-aa2a-7174026038a0' of framework 20151216-035825-33554442-5050-14879-0000 exited with status 0
I1216 04:07:48.541183 16875 slave.cpp:3302] Cleaning up executor 'thermos-1450238820137-www-data-devel-job29-0-aad89c5e-d941-4ac3-aa2a-7174026038a0' of framework 20151216-035825-33554442-5050-14879-0000
I1216 04:07:48.541532 16879 gc.cpp:56] Scheduling '/var/lib/mesos/slave/slaves/20151216-035825-33554442-5050-14879-S1/frameworks/20151216-035825-33554442-5050-14879-0000/executors/thermos-1450238820137-www-data-devel-job29-0-aad89c5e-d941-4ac3-aa2a-7174026038a0/runs/bd9f20ee-8f05-4f5a-a197-896ba465ec02' for gc 6.99999373291556days in the future
I1216 04:07:48.541599 16879 gc.cpp:56] Scheduling '/var/lib/mesos/slave/slaves/20151216-035825-33554442-5050-14879-S1/frameworks/20151216-035825-33554442-5050-14879-0000/executors/thermos-1450238820137-www-data-devel-job29-0-aad89c5e-d941-4ac3-aa2a-7174026038a0' for gc 6.99999373192days in the future
I1216 04:07:48.541632 16879 gc.cpp:56] Scheduling '/var/lib/mesos/slave/meta/slaves/20151216-035825-33554442-5050-14879-S1/frameworks/20151216-035825-33554442-5050-14879-0000/executors/thermos-1450238820137-www-data-devel-job29-0-aad89c5e-d941-4ac3-aa2a-7174026038a0/runs/bd9f20ee-8f05-4f5a-a197-896ba465ec02' for gc 6.99999373121481days in the future
I1216 04:07:48.541719 16875 slave.cpp:3381] Cleaning up framework 20151216-035825-33554442-5050-14879-0000
I1216 04:07:48.541754 16868 gc.cpp:56] Scheduling '/var/lib/mesos/slave/meta/slaves/20151216-035825-33554442-5050-14879-S1/frameworks/20151216-035825-33554442-5050-14879-0000/executors/thermos-1450238820137-www-data-devel-job29-0-aad89c5e-d941-4ac3-aa2a-7174026038a0' for gc 6.99999373063704days in the future
I1216 04:07:48.541836 16876 status_update_manager.cpp:279] Closing status update streams for framework 20151216-035825-33554442-5050-14879-0000
I1216 04:07:48.541939 16867 gc.cpp:56] Scheduling '/var/lib/mesos/slave/slaves/20151216-035825-33554442-5050-14879-S1/frameworks/20151216-035825-33554442-5050-14879-0000' for gc 6.99999372855407days in the future
I1216 04:07:48.542012 16867 gc.cpp:56] Scheduling '/var/lib/mesos/slave/meta/slaves/20151216-035825-33554442-5050-14879-S1/frameworks/20151216-035825-33554442-5050-14879-0000' for gc 6.9999937273837days in the future
I1216 04:08:00.160351 16873 slave.cpp:3534] Framework 20151216-035825-33554442-5050-14879-0000 seems to have exited. Ignoring registration timeout for executor 'thermos-1450238820002-www-data-devel-job17-0-30a14912-4e82-4a8e-b687-91d3de0926e9'
I1216 04:08:00.164712 16874 slave.cpp:1121] Got assigned task 1450238880009-www-data-devel-job28-0-9c76d250-f380-4758-a708-97cda87923df for framework 20151216-035825-33554442-5050-14879-0000
I1216 04:08:00.166970 16874 gc.cpp:84] Unscheduling '/var/lib/mesos/slave/slaves/20151216-035825-33554442-5050-14879-S1/frameworks/20151216-035825-33554442-5050-14879-0000' from gc
I1216 04:08:00.167085 16874 gc.cpp:84] Unscheduling '/var/lib/mesos/slave/meta/slaves/20151216-035825-33554442-5050-14879-S1/frameworks/20151216-035825-33554442-5050-14879-0000' from gc
I1216 04:08:00.167176 16874 slave.cpp:1231] Launching task 1450238880009-www-data-devel-job28-0-9c76d250-f380-4758-a708-97cda87923df for framework 20151216-035825-33554442-5050-14879-0000
I1216 04:08:00.169237 16874 slave.cpp:4160] Launching executor thermos-1450238880009-www-data-devel-job28-0-9c76d250-f380-4758-a708-97cda87923df of framework 20151216-035825-33554442-5050-14879-0000 in work directory '/var/lib/mesos/slave/slaves/20151216-035825-33554442-5050-14879-S1/frameworks/20151216-035825-33554442-5050-14879-0000/executors/thermos-1450238880009-www-data-devel-job28-0-9c76d250-f380-4758-a708-97cda87923df/runs/6cf1759a-b8f4-449d-9cd0-574d8227074f'
I1216 04:08:00.169436 16866 containerizer.cpp:472] Starting container '6cf1759a-b8f4-449d-9cd0-574d8227074f' for executor 'thermos-1450238880009-www-data-devel-job28-0-9c76d250-f380-4758-a708-97cda87923df' of framework '20151216-035825-33554442-5050-14879-0000'
I1216 04:08:00.169991 16874 slave.cpp:1378] Queuing task '1450238880009-www-data-devel-job28-0-9c76d250-f380-4758-a708-97cda87923df' for executor thermos-1450238880009-www-data-devel-job28-0-9c76d250-f380-4758-a708-97cda87923df of framework '20151216-035825-33554442-5050-14879-0000
I1216 04:08:00.170634 16866 launcher.cpp:130] Forked child with pid '19035' for container '6cf1759a-b8f4-449d-9cd0-574d8227074f'
I1216 04:08:00.170835 16866 containerizer.cpp:682] Checkpointing executor's forked pid 19035 to '/var/lib/mesos/slave/meta/slaves/20151216-035825-33554442-5050-14879-S1/frameworks/20151216-035825-33554442-5050-14879-0000/executors/thermos-1450238880009-www-data-devel-job28-0-9c76d250-f380-4758-a708-97cda87923df/runs/6cf1759a-b8f4-449d-9cd0-574d8227074f/pids/forked.pid'
I1216 04:08:00.174669 16871 fetcher.cpp:238] Fetching URIs using command '/usr/libexec/mesos/mesos-fetcher'
I1216 04:08:00.290966 16866 slave.cpp:3135] Monitoring executor 'thermos-1450238880009-www-data-devel-job28-0-9c76d250-f380-4758-a708-97cda87923df' of framework '20151216-035825-33554442-5050-14879-0000' in container '6cf1759a-b8f4-449d-9cd0-574d8227074f'
I1216 04:08:00.785501 16875 slave.cpp:2141] Got registration for executor 'thermos-1450238880009-www-data-devel-job28-0-9c76d250-f380-4758-a708-97cda87923df' of framework 20151216-035825-33554442-5050-14879-0000 from executor(1)@10.0.0.5:57310
I1216 04:08:00.786545 16869 slave.cpp:1532] Sending queued task '1450238880009-www-data-devel-job28-0-9c76d250-f380-4758-a708-97cda87923df' to executor 'thermos-1450238880009-www-data-devel-job28-0-9c76d250-f380-4758-a708-97cda87923df' of framework 20151216-035825-33554442-5050-14879-0000
I1216 04:08:00.792593 16870 slave.cpp:2508] Handling status update TASK_STARTING (UUID: 464ed2bc-76d2-4580-adad-e95dc03caaaa) for task 1450238880009-www-data-devel-job28-0-9c76d250-f380-4758-a708-97cda87923df of framework 20151216-035825-33554442-5050-14879-0000 from executor(1)@10.0.0.5:57310
I1216 04:08:00.792732 16870 status_update_manager.cpp:317] Received status update TASK_STARTING (UUID: 464ed2bc-76d2-4580-adad-e95dc03caaaa) for task 1450238880009-www-data-devel-job28-0-9c76d250-f380-4758-a708-97cda87923df of framework 20151216-035825-33554442-5050-14879-0000
I1216 04:08:00.793136 16870 status_update_manager.hpp:346] Checkpointing UPDATE for status update TASK_STARTING (UUID: 464ed2bc-76d2-4580-adad-e95dc03caaaa) for task 1450238880009-www-data-devel-job28-0-9c76d250-f380-4758-a708-97cda87923df of framework 20151216-035825-33554442-5050-14879-0000
I1216 04:08:00.796975 16881 slave.cpp:2753] Forwarding the update TASK_STARTING (UUID: 464ed2bc-76d2-4580-adad-e95dc03caaaa) for task 1450238880009-www-data-devel-job28-0-9c76d250-f380-4758-a708-97cda87923df of framework 20151216-035825-33554442-5050-14879-0000 to master@10.0.0.2:5050
I1216 04:08:00.797096 16881 slave.cpp:2686] Sending acknowledgement for status update TASK_STARTING (UUID: 464ed2bc-76d2-4580-adad-e95dc03caaaa) for task 1450238880009-www-data-devel-job28-0-9c76d250-f380-4758-a708-97cda87923df of framework 20151216-035825-33554442-5050-14879-0000 to executor(1)@10.0.0.5:57310
I1216 04:08:00.805579 16877 status_update_manager.cpp:389] Received status update acknowledgement (UUID: 464ed2bc-76d2-4580-adad-e95dc03caaaa) for task 1450238880009-www-data-devel-job28-0-9c76d250-f380-4758-a708-97cda87923df of framework 20151216-035825-33554442-5050-14879-0000
I1216 04:08:00.805668 16877 status_update_manager.hpp:346] Checkpointing ACK for status update TASK_STARTING (UUID: 464ed2bc-76d2-4580-adad-e95dc03caaaa) for task 1450238880009-www-data-devel-job28-0-9c76d250-f380-4758-a708-97cda87923df of framework 20151216-035825-33554442-5050-14879-0000
I1216 04:08:01.355949 16877 slave.cpp:2508] Handling status update TASK_RUNNING (UUID: 310af2fb-1f53-48aa-9fa3-ea2e8c5d85ca) for task 1450238880009-www-data-devel-job28-0-9c76d250-f380-4758-a708-97cda87923df of framework 20151216-035825-33554442-5050-14879-0000 from executor(1)@10.0.0.5:57310
I1216 04:08:01.356112 16875 status_update_manager.cpp:317] Received status update TASK_RUNNING (UUID: 310af2fb-1f53-48aa-9fa3-ea2e8c5d85ca) for task 1450238880009-www-data-devel-job28-0-9c76d250-f380-4758-a708-97cda87923df of framework 20151216-035825-33554442-5050-14879-0000
I1216 04:08:01.356180 16875 status_update_manager.hpp:346] Checkpointing UPDATE for status update TASK_RUNNING (UUID: 310af2fb-1f53-48aa-9fa3-ea2e8c5d85ca) for task 1450238880009-www-data-devel-job28-0-9c76d250-f380-4758-a708-97cda87923df of framework 20151216-035825-33554442-5050-14879-0000
I1216 04:08:01.359531 16877 slave.cpp:2753] Forwarding the update TASK_RUNNING (UUID: 310af2fb-1f53-48aa-9fa3-ea2e8c5d85ca) for task 1450238880009-www-data-devel-job28-0-9c76d250-f380-4758-a708-97cda87923df of framework 20151216-035825-33554442-5050-14879-0000 to master@10.0.0.2:5050
I1216 04:08:01.359632 16877 slave.cpp:2686] Sending acknowledgement for status update TASK_RUNNING (UUID: 310af2fb-1f53-48aa-9fa3-ea2e8c5d85ca) for task 1450238880009-www-data-devel-job28-0-9c76d250-f380-4758-a708-97cda87923df of framework 20151216-035825-33554442-5050-14879-0000 to executor(1)@10.0.0.5:57310
I1216 04:08:01.366385 16874 status_update_manager.cpp:389] Received status update acknowledgement (UUID: 310af2fb-1f53-48aa-9fa3-ea2e8c5d85ca) for task 1450238880009-www-data-devel-job28-0-9c76d250-f380-4758-a708-97cda87923df of framework 20151216-035825-33554442-5050-14879-0000
I1216 04:08:01.366458 16874 status_update_manager.hpp:346] Checkpointing ACK for status update TASK_RUNNING (UUID: 310af2fb-1f53-48aa-9fa3-ea2e8c5d85ca) for task 1450238880009-www-data-devel-job28-0-9c76d250-f380-4758-a708-97cda87923df of framework 20151216-035825-33554442-5050-14879-0000
I1216 04:08:06.586060 16881 slave.cpp:1121] Got assigned task 1450238880276-www-data-devel-job24-0-09fb1df0-e5cf-4554-93bb-c3e1d3b7dbdd for framework 20151216-035825-33554442-5050-14879-0000
I1216 04:08:06.586261 16881 slave.cpp:1231] Launching task 1450238880276-www-data-devel-job24-0-09fb1df0-e5cf-4554-93bb-c3e1d3b7dbdd for framework 20151216-035825-33554442-5050-14879-0000
I1216 04:08:06.587827 16881 slave.cpp:4160] Launching executor thermos-1450238880276-www-data-devel-job24-0-09fb1df0-e5cf-4554-93bb-c3e1d3b7dbdd of framework 20151216-035825-33554442-5050-14879-0000 in work directory '/var/lib/mesos/slave/slaves/20151216-035825-33554442-5050-14879-S1/frameworks/20151216-035825-33554442-5050-14879-0000/executors/thermos-1450238880276-www-data-devel-job24-0-09fb1df0-e5cf-4554-93bb-c3e1d3b7dbdd/runs/5d8dc091-f955-48d1-b1cc-fe2cd1d1a4f8'
I1216 04:08:06.587945 16875 containerizer.cpp:472] Starting container '5d8dc091-f955-48d1-b1cc-fe2cd1d1a4f8' for executor 'thermos-1450238880276-www-data-devel-job24-0-09fb1df0-e5cf-4554-93bb-c3e1d3b7dbdd' of framework '20151216-035825-33554442-5050-14879-0000'
I1216 04:08:06.588479 16881 slave.cpp:1378] Queuing task '1450238880276-www-data-devel-job24-0-09fb1df0-e5cf-4554-93bb-c3e1d3b7dbdd' for executor thermos-1450238880276-www-data-devel-job24-0-09fb1df0-e5cf-4554-93bb-c3e1d3b7dbdd of framework '20151216-035825-33554442-5050-14879-0000
I1216 04:08:06.589289 16875 launcher.cpp:130] Forked child with pid '19088' for container '5d8dc091-f955-48d1-b1cc-fe2cd1d1a4f8'
I1216 04:08:06.589454 16875 containerizer.cpp:682] Checkpointing executor's forked pid 19088 to '/var/lib/mesos/slave/meta/slaves/20151216-035825-33554442-5050-14879-S1/frameworks/20151216-035825-33554442-5050-14879-0000/executors/thermos-1450238880276-www-data-devel-job24-0-09fb1df0-e5cf-4554-93bb-c3e1d3b7dbdd/runs/5d8dc091-f955-48d1-b1cc-fe2cd1d1a4f8/pids/forked.pid'
I1216 04:08:06.593051 16881 fetcher.cpp:238] Fetching URIs using command '/usr/libexec/mesos/mesos-fetcher'
I1216 04:08:06.717010 16871 slave.cpp:3135] Monitoring executor 'thermos-1450238880276-www-data-devel-job24-0-09fb1df0-e5cf-4554-93bb-c3e1d3b7dbdd' of framework '20151216-035825-33554442-5050-14879-0000' in container '5d8dc091-f955-48d1-b1cc-fe2cd1d1a4f8'
I1216 04:08:07.209511 16881 slave.cpp:2141] Got registration for executor 'thermos-1450238880276-www-data-devel-job24-0-09fb1df0-e5cf-4554-93bb-c3e1d3b7dbdd' of framework 20151216-035825-33554442-5050-14879-0000 from executor(1)@10.0.0.5:53215
I1216 04:08:07.210487 16870 slave.cpp:1532] Sending queued task '1450238880276-www-data-devel-job24-0-09fb1df0-e5cf-4554-93bb-c3e1d3b7dbdd' to executor 'thermos-1450238880276-www-data-devel-job24-0-09fb1df0-e5cf-4554-93bb-c3e1d3b7dbdd' of framework 20151216-035825-33554442-5050-14879-0000
I1216 04:08:07.216048 16877 slave.cpp:2508] Handling status update TASK_STARTING (UUID: 8c2aef67-627c-4a77-82c3-f19bce4c7262) for task 1450238880276-www-data-devel-job24-0-09fb1df0-e5cf-4554-93bb-c3e1d3b7dbdd of framework 20151216-035825-33554442-5050-14879-0000 from executor(1)@10.0.0.5:53215
I1216 04:08:07.216226 16879 status_update_manager.cpp:317] Received status update TASK_STARTING (UUID: 8c2aef67-627c-4a77-82c3-f19bce4c7262) for task 1450238880276-www-data-devel-job24-0-09fb1df0-e5cf-4554-93bb-c3e1d3b7dbdd of framework 20151216-035825-33554442-5050-14879-0000
I1216 04:08:07.216590 16879 status_update_manager.hpp:346] Checkpointing UPDATE for status update TASK_STARTING (UUID: 8c2aef67-627c-4a77-82c3-f19bce4c7262) for task 1450238880276-www-data-devel-job24-0-09fb1df0-e5cf-4554-93bb-c3e1d3b7dbdd of framework 20151216-035825-33554442-5050-14879-0000
I1216 04:08:07.221532 16868 slave.cpp:2753] Forwarding the update TASK_STARTING (UUID: 8c2aef67-627c-4a77-82c3-f19bce4c7262) for task 1450238880276-www-data-devel-job24-0-09fb1df0-e5cf-4554-93bb-c3e1d3b7dbdd of framework 20151216-035825-33554442-5050-14879-0000 to master@10.0.0.2:5050
I1216 04:08:07.221652 16868 slave.cpp:2686] Sending acknowledgement for status update TASK_STARTING (UUID: 8c2aef67-627c-4a77-82c3-f19bce4c7262) for task 1450238880276-www-data-devel-job24-0-09fb1df0-e5cf-4554-93bb-c3e1d3b7dbdd of framework 20151216-035825-33554442-5050-14879-0000 to executor(1)@10.0.0.5:53215
I1216 04:08:07.229619 16879 status_update_manager.cpp:389] Received status update acknowledgement (UUID: 8c2aef67-627c-4a77-82c3-f19bce4c7262) for task 1450238880276-www-data-devel-job24-0-09fb1df0-e5cf-4554-93bb-c3e1d3b7dbdd of framework 20151216-035825-33554442-5050-14879-0000
I1216 04:08:07.229665 16879 status_update_manager.hpp:346] Checkpointing ACK for status update TASK_STARTING (UUID: 8c2aef67-627c-4a77-82c3-f19bce4c7262) for task 1450238880276-www-data-devel-job24-0-09fb1df0-e5cf-4554-93bb-c3e1d3b7dbdd of framework 20151216-035825-33554442-5050-14879-0000
I1216 04:08:07.778573 16881 slave.cpp:2508] Handling status update TASK_RUNNING (UUID: 0361ca8a-f711-437d-a7fa-f620fd960657) for task 1450238880276-www-data-devel-job24-0-09fb1df0-e5cf-4554-93bb-c3e1d3b7dbdd of framework 20151216-035825-33554442-5050-14879-0000 from executor(1)@10.0.0.5:53215
I1216 04:08:07.778760 16880 status_update_manager.cpp:317] Received status update TASK_RUNNING (UUID: 0361ca8a-f711-437d-a7fa-f620fd960657) for task 1450238880276-www-data-devel-job24-0-09fb1df0-e5cf-4554-93bb-c3e1d3b7dbdd of framework 20151216-035825-33554442-5050-14879-0000
I1216 04:08:07.778821 16880 status_update_manager.hpp:346] Checkpointing UPDATE for status update TASK_RUNNING (UUID: 0361ca8a-f711-437d-a7fa-f620fd960657) for task 1450238880276-www-data-devel-job24-0-09fb1df0-e5cf-4554-93bb-c3e1d3b7dbdd of framework 20151216-035825-33554442-5050-14879-0000
I1216 04:08:07.781808 16875 slave.cpp:2753] Forwarding the update TASK_RUNNING (UUID: 0361ca8a-f711-437d-a7fa-f620fd960657) for task 1450238880276-www-data-devel-job24-0-09fb1df0-e5cf-4554-93bb-c3e1d3b7dbdd of framework 20151216-035825-33554442-5050-14879-0000 to master@10.0.0.2:5050
I1216 04:08:07.781931 16875 slave.cpp:2686] Sending acknowledgement for status update TASK_RUNNING (UUID: 0361ca8a-f711-437d-a7fa-f620fd960657) for task 1450238880276-www-data-devel-job24-0-09fb1df0-e5cf-4554-93bb-c3e1d3b7dbdd of framework 20151216-035825-33554442-5050-14879-0000 to executor(1)@10.0.0.5:53215
I1216 04:08:07.789232 16880 status_update_manager.cpp:389] Received status update acknowledgement (UUID: 0361ca8a-f711-437d-a7fa-f620fd960657) for task 1450238880276-www-data-devel-job24-0-09fb1df0-e5cf-4554-93bb-c3e1d3b7dbdd of framework 20151216-035825-33554442-5050-14879-0000
I1216 04:08:07.789297 16880 status_update_manager.hpp:346] Checkpointing ACK for status update TASK_RUNNING (UUID: 0361ca8a-f711-437d-a7fa-f620fd960657) for task 1450238880276-www-data-devel-job24-0-09fb1df0-e5cf-4554-93bb-c3e1d3b7dbdd of framework 20151216-035825-33554442-5050-14879-0000
I1216 04:08:08.493686 16869 slave.cpp:2508] Handling status update TASK_FINISHED (UUID: ea85300d-86f8-41e1-86f2-0e019d833f22) for task 1450238880009-www-data-devel-job28-0-9c76d250-f380-4758-a708-97cda87923df of framework 20151216-035825-33554442-5050-14879-0000 from executor(1)@10.0.0.5:57310
I1216 04:08:08.494200 16880 status_update_manager.cpp:317] Received status update TASK_FINISHED (UUID: ea85300d-86f8-41e1-86f2-0e019d833f22) for task 1450238880009-www-data-devel-job28-0-9c76d250-f380-4758-a708-97cda87923df of framework 20151216-035825-33554442-5050-14879-0000
I1216 04:08:08.494237 16880 status_update_manager.hpp:346] Checkpointing UPDATE for status update TASK_FINISHED (UUID: ea85300d-86f8-41e1-86f2-0e019d833f22) for task 1450238880009-www-data-devel-job28-0-9c76d250-f380-4758-a708-97cda87923df of framework 20151216-035825-33554442-5050-14879-0000
I1216 04:08:08.497372 16868 slave.cpp:2753] Forwarding the update TASK_FINISHED (UUID: ea85300d-86f8-41e1-86f2-0e019d833f22) for task 1450238880009-www-data-devel-job28-0-9c76d250-f380-4758-a708-97cda87923df of framework 20151216-035825-33554442-5050-14879-0000 to master@10.0.0.2:5050
I1216 04:08:08.497457 16868 slave.cpp:2686] Sending acknowledgement for status update TASK_FINISHED (UUID: ea85300d-86f8-41e1-86f2-0e019d833f22) for task 1450238880009-www-data-devel-job28-0-9c76d250-f380-4758-a708-97cda87923df of framework 20151216-035825-33554442-5050-14879-0000 to executor(1)@10.0.0.5:57310
I1216 04:08:08.504868 16879 status_update_manager.cpp:389] Received status update acknowledgement (UUID: ea85300d-86f8-41e1-86f2-0e019d833f22) for task 1450238880009-www-data-devel-job28-0-9c76d250-f380-4758-a708-97cda87923df of framework 20151216-035825-33554442-5050-14879-0000
I1216 04:08:08.504905 16879 status_update_manager.hpp:346] Checkpointing ACK for status update TASK_FINISHED (UUID: ea85300d-86f8-41e1-86f2-0e019d833f22) for task 1450238880009-www-data-devel-job28-0-9c76d250-f380-4758-a708-97cda87923df of framework 20151216-035825-33554442-5050-14879-0000
I1216 04:08:13.549907 16867 containerizer.cpp:1111] Executor for container '6cf1759a-b8f4-449d-9cd0-574d8227074f' has exited
I1216 04:08:13.549983 16867 containerizer.cpp:906] Destroying container '6cf1759a-b8f4-449d-9cd0-574d8227074f'
I1216 04:08:13.551533 16872 slave.cpp:3193] Executor 'thermos-1450238880009-www-data-devel-job28-0-9c76d250-f380-4758-a708-97cda87923df' of framework 20151216-035825-33554442-5050-14879-0000 exited with status 0
I1216 04:08:13.551687 16872 slave.cpp:3302] Cleaning up executor 'thermos-1450238880009-www-data-devel-job28-0-9c76d250-f380-4758-a708-97cda87923df' of framework 20151216-035825-33554442-5050-14879-0000
I1216 04:08:13.552050 16878 gc.cpp:56] Scheduling '/var/lib/mesos/slave/slaves/20151216-035825-33554442-5050-14879-S1/frameworks/20151216-035825-33554442-5050-14879-0000/executors/thermos-1450238880009-www-data-devel-job28-0-9c76d250-f380-4758-a708-97cda87923df/runs/6cf1759a-b8f4-449d-9cd0-574d8227074f' for gc 6.99999361122667days in the future
I1216 04:08:13.552170 16878 gc.cpp:56] Scheduling '/var/lib/mesos/slave/slaves/20151216-035825-33554442-5050-14879-S1/frameworks/20151216-035825-33554442-5050-14879-0000/executors/thermos-1450238880009-www-data-devel-job28-0-9c76d250-f380-4758-a708-97cda87923df' for gc 6.99999361028741days in the future
I1216 04:08:13.552223 16878 gc.cpp:56] Scheduling '/var/lib/mesos/slave/meta/slaves/20151216-035825-33554442-5050-14879-S1/frameworks/20151216-035825-33554442-5050-14879-0000/executors/thermos-1450238880009-www-data-devel-job28-0-9c76d250-f380-4758-a708-97cda87923df/runs/6cf1759a-b8f4-449d-9cd0-574d8227074f' for gc 6.99999360912days in the future
I1216 04:08:13.552251 16878 gc.cpp:56] Scheduling '/var/lib/mesos/slave/meta/slaves/20151216-035825-33554442-5050-14879-S1/frameworks/20151216-035825-33554442-5050-14879-0000/executors/thermos-1450238880009-www-data-devel-job28-0-9c76d250-f380-4758-a708-97cda87923df' for gc 6.99999360857778days in the future
I1216 04:08:13.915932 16872 slave.cpp:2508] Handling status update TASK_FINISHED (UUID: 821c9b4b-bfed-483e-b4bf-471de30dccdd) for task 1450238880276-www-data-devel-job24-0-09fb1df0-e5cf-4554-93bb-c3e1d3b7dbdd of framework 20151216-035825-33554442-5050-14879-0000 from executor(1)@10.0.0.5:53215
I1216 04:08:13.916934 16874 status_update_manager.cpp:317] Received status update TASK_FINISHED (UUID: 821c9b4b-bfed-483e-b4bf-471de30dccdd) for task 1450238880276-www-data-devel-job24-0-09fb1df0-e5cf-4554-93bb-c3e1d3b7dbdd of framework 20151216-035825-33554442-5050-14879-0000
I1216 04:08:13.916976 16874 status_update_manager.hpp:346] Checkpointing UPDATE for status update TASK_FINISHED (UUID: 821c9b4b-bfed-483e-b4bf-471de30dccdd) for task 1450238880276-www-data-devel-job24-0-09fb1df0-e5cf-4554-93bb-c3e1d3b7dbdd of framework 20151216-035825-33554442-5050-14879-0000
I1216 04:08:13.920583 16878 slave.cpp:2753] Forwarding the update TASK_FINISHED (UUID: 821c9b4b-bfed-483e-b4bf-471de30dccdd) for task 1450238880276-www-data-devel-job24-0-09fb1df0-e5cf-4554-93bb-c3e1d3b7dbdd of framework 20151216-035825-33554442-5050-14879-0000 to master@10.0.0.2:5050
I1216 04:08:13.920704 16878 slave.cpp:2686] Sending acknowledgement for status update TASK_FINISHED (UUID: 821c9b4b-bfed-483e-b4bf-471de30dccdd) for task 1450238880276-www-data-devel-job24-0-09fb1df0-e5cf-4554-93bb-c3e1d3b7dbdd of framework 20151216-035825-33554442-5050-14879-0000 to executor(1)@10.0.0.5:53215
I1216 04:08:13.929908 16874 status_update_manager.cpp:389] Received status update acknowledgement (UUID: 821c9b4b-bfed-483e-b4bf-471de30dccdd) for task 1450238880276-www-data-devel-job24-0-09fb1df0-e5cf-4554-93bb-c3e1d3b7dbdd of framework 20151216-035825-33554442-5050-14879-0000
I1216 04:08:13.929960 16874 status_update_manager.hpp:346] Checkpointing ACK for status update TASK_FINISHED (UUID: 821c9b4b-bfed-483e-b4bf-471de30dccdd) for task 1450238880276-www-data-devel-job24-0-09fb1df0-e5cf-4554-93bb-c3e1d3b7dbdd of framework 20151216-035825-33554442-5050-14879-0000
I1216 04:08:16.702224 16879 slave.cpp:1121] Got assigned task 1450238880034-www-data-devel-job23-0-302bd4fb-7b07-4d04-99c8-598b0f19576e for framework 20151216-035825-33554442-5050-14879-0000
I1216 04:08:16.703857 16879 slave.cpp:1231] Launching task 1450238880034-www-data-devel-job23-0-302bd4fb-7b07-4d04-99c8-598b0f19576e for framework 20151216-035825-33554442-5050-14879-0000
I1216 04:08:16.706881 16879 slave.cpp:4160] Launching executor thermos-1450238880034-www-data-devel-job23-0-302bd4fb-7b07-4d04-99c8-598b0f19576e of framework 20151216-035825-33554442-5050-14879-0000 in work directory '/var/lib/mesos/slave/slaves/20151216-035825-33554442-5050-14879-S1/frameworks/20151216-035825-33554442-5050-14879-0000/executors/thermos-1450238880034-www-data-devel-job23-0-302bd4fb-7b07-4d04-99c8-598b0f19576e/runs/17b4bcd0-905d-4487-80ce-a53e080c88ca'
I1216 04:08:16.707109 16866 containerizer.cpp:472] Starting container '17b4bcd0-905d-4487-80ce-a53e080c88ca' for executor 'thermos-1450238880034-www-data-devel-job23-0-302bd4fb-7b07-4d04-99c8-598b0f19576e' of framework '20151216-035825-33554442-5050-14879-0000'
I1216 04:08:16.707780 16879 slave.cpp:1378] Queuing task '1450238880034-www-data-devel-job23-0-302bd4fb-7b07-4d04-99c8-598b0f19576e' for executor thermos-1450238880034-www-data-devel-job23-0-302bd4fb-7b07-4d04-99c8-598b0f19576e of framework '20151216-035825-33554442-5050-14879-0000
I1216 04:08:16.709049 16866 launcher.cpp:130] Forked child with pid '19149' for container '17b4bcd0-905d-4487-80ce-a53e080c88ca'
I1216 04:08:16.709359 16866 containerizer.cpp:682] Checkpointing executor's forked pid 19149 to '/var/lib/mesos/slave/meta/slaves/20151216-035825-33554442-5050-14879-S1/frameworks/20151216-035825-33554442-5050-14879-0000/executors/thermos-1450238880034-www-data-devel-job23-0-302bd4fb-7b07-4d04-99c8-598b0f19576e/runs/17b4bcd0-905d-4487-80ce-a53e080c88ca/pids/forked.pid'
I1216 04:08:16.714031 16876 fetcher.cpp:238] Fetching URIs using command '/usr/libexec/mesos/mesos-fetcher'
I1216 04:08:16.865399 16877 slave.cpp:3135] Monitoring executor 'thermos-1450238880034-www-data-devel-job23-0-302bd4fb-7b07-4d04-99c8-598b0f19576e' of framework '20151216-035825-33554442-5050-14879-0000' in container '17b4bcd0-905d-4487-80ce-a53e080c88ca'
I1216 04:08:17.353094 16866 slave.cpp:2141] Got registration for executor 'thermos-1450238880034-www-data-devel-job23-0-302bd4fb-7b07-4d04-99c8-598b0f19576e' of framework 20151216-035825-33554442-5050-14879-0000 from executor(1)@10.0.0.5:56817
I1216 04:08:17.367168 16878 slave.cpp:1532] Sending queued task '1450238880034-www-data-devel-job23-0-302bd4fb-7b07-4d04-99c8-598b0f19576e' to executor 'thermos-1450238880034-www-data-devel-job23-0-302bd4fb-7b07-4d04-99c8-598b0f19576e' of framework 20151216-035825-33554442-5050-14879-0000
I1216 04:08:17.373241 16867 slave.cpp:2508] Handling status update TASK_STARTING (UUID: e64dbb65-1346-4f84-b4e5-3f3bd0f619b7) for task 1450238880034-www-data-devel-job23-0-302bd4fb-7b07-4d04-99c8-598b0f19576e of framework 20151216-035825-33554442-5050-14879-0000 from executor(1)@10.0.0.5:56817
I1216 04:08:17.373425 16874 status_update_manager.cpp:317] Received status update TASK_STARTING (UUID: e64dbb65-1346-4f84-b4e5-3f3bd0f619b7) for task 1450238880034-www-data-devel-job23-0-302bd4fb-7b07-4d04-99c8-598b0f19576e of framework 20151216-035825-33554442-5050-14879-0000
I1216 04:08:17.373790 16874 status_update_manager.hpp:346] Checkpointing UPDATE for status update TASK_STARTING (UUID: e64dbb65-1346-4f84-b4e5-3f3bd0f619b7) for task 1450238880034-www-data-devel-job23-0-302bd4fb-7b07-4d04-99c8-598b0f19576e of framework 20151216-035825-33554442-5050-14879-0000
I1216 04:08:17.377343 16867 slave.cpp:2753] Forwarding the update TASK_STARTING (UUID: e64dbb65-1346-4f84-b4e5-3f3bd0f619b7) for task 1450238880034-www-data-devel-job23-0-302bd4fb-7b07-4d04-99c8-598b0f19576e of framework 20151216-035825-33554442-5050-14879-0000 to master@10.0.0.2:5050
I1216 04:08:17.377461 16867 slave.cpp:2686] Sending acknowledgement for status update TASK_STARTING (UUID: e64dbb65-1346-4f84-b4e5-3f3bd0f619b7) for task 1450238880034-www-data-devel-job23-0-302bd4fb-7b07-4d04-99c8-598b0f19576e of framework 20151216-035825-33554442-5050-14879-0000 to executor(1)@10.0.0.5:56817
I1216 04:08:17.385390 16874 status_update_manager.cpp:389] Received status update acknowledgement (UUID: e64dbb65-1346-4f84-b4e5-3f3bd0f619b7) for task 1450238880034-www-data-devel-job23-0-302bd4fb-7b07-4d04-99c8-598b0f19576e of framework 20151216-035825-33554442-5050-14879-0000
I1216 04:08:17.385419 16874 status_update_manager.hpp:346] Checkpointing ACK for status update TASK_STARTING (UUID: e64dbb65-1346-4f84-b4e5-3f3bd0f619b7) for task 1450238880034-www-data-devel-job23-0-302bd4fb-7b07-4d04-99c8-598b0f19576e of framework 20151216-035825-33554442-5050-14879-0000
I1216 04:08:17.936451 16872 slave.cpp:2508] Handling status update TASK_RUNNING (UUID: 0f15f36d-873c-45ea-8662-0d36222c93ac) for task 1450238880034-www-data-devel-job23-0-302bd4fb-7b07-4d04-99c8-598b0f19576e of framework 20151216-035825-33554442-5050-14879-0000 from executor(1)@10.0.0.5:56817
I1216 04:08:17.936600 16872 status_update_manager.cpp:317] Received status update TASK_RUNNING (UUID: 0f15f36d-873c-45ea-8662-0d36222c93ac) for task 1450238880034-www-data-devel-job23-0-302bd4fb-7b07-4d04-99c8-598b0f19576e of framework 20151216-035825-33554442-5050-14879-0000
I1216 04:08:17.936656 16872 status_update_manager.hpp:346] Checkpointing UPDATE for status update TASK_RUNNING (UUID: 0f15f36d-873c-45ea-8662-0d36222c93ac) for task 1450238880034-www-data-devel-job23-0-302bd4fb-7b07-4d04-99c8-598b0f19576e of framework 20151216-035825-33554442-5050-14879-0000
I1216 04:08:17.940165 16875 slave.cpp:2753] Forwarding the update TASK_RUNNING (UUID: 0f15f36d-873c-45ea-8662-0d36222c93ac) for task 1450238880034-www-data-devel-job23-0-302bd4fb-7b07-4d04-99c8-598b0f19576e of framework 20151216-035825-33554442-5050-14879-0000 to master@10.0.0.2:5050
I1216 04:08:17.940266 16875 slave.cpp:2686] Sending acknowledgement for status update TASK_RUNNING (UUID: 0f15f36d-873c-45ea-8662-0d36222c93ac) for task 1450238880034-www-data-devel-job23-0-302bd4fb-7b07-4d04-99c8-598b0f19576e of framework 20151216-035825-33554442-5050-14879-0000 to executor(1)@10.0.0.5:56817
I1216 04:08:17.951550 16872 status_update_manager.cpp:389] Received status update acknowledgement (UUID: 0f15f36d-873c-45ea-8662-0d36222c93ac) for task 1450238880034-www-data-devel-job23-0-302bd4fb-7b07-4d04-99c8-598b0f19576e of framework 20151216-035825-33554442-5050-14879-0000
I1216 04:08:17.951587 16872 status_update_manager.hpp:346] Checkpointing ACK for status update TASK_RUNNING (UUID: 0f15f36d-873c-45ea-8662-0d36222c93ac) for task 1450238880034-www-data-devel-job23-0-302bd4fb-7b07-4d04-99c8-598b0f19576e of framework 20151216-035825-33554442-5050-14879-0000
