Log file created at: 2015/12/16 03:58:25
Running on machine: 1b37dd2de384
Log line format: [IWEF]mmdd hh:mm:ss.uuuuuu threadid file:line] msg
I1216 03:58:25.466444 16865 logging.cpp:172] INFO level logging started!
I1216 03:58:25.466810 16865 main.cpp:156] Build: 2015-03-26 13:36:52 by root
I1216 03:58:25.466838 16865 main.cpp:158] Version: 0.22.0
I1216 03:58:25.466852 16865 main.cpp:161] Git tag: 0.22.0
I1216 03:58:25.466864 16865 main.cpp:165] Git SHA: e890e2414903bb69cab730d5204f10b10d2e91bb
I1216 03:58:25.466970 16865 containerizer.cpp:110] Using isolation: posix/cpu,posix/mem
I1216 03:58:25.467543 16865 main.cpp:200] Starting Mesos slave
I1216 03:58:25.468488 16872 slave.cpp:174] Slave started on 1)@10.0.0.5:5051
I1216 03:58:25.470526 16872 slave.cpp:299] Slave resources: cpus(*):16; mem(*):63395; disk(*):24980; ports(*):[31000-32000]
I1216 03:58:25.470577 16872 slave.cpp:328] Slave hostname: n4
I1216 03:58:25.470589 16872 slave.cpp:329] Slave checkpoint: true
I1216 03:58:25.472497 16872 state.cpp:35] Recovering state from '/var/lib/mesos/slave/meta'
I1216 03:58:25.472750 16866 status_update_manager.cpp:197] Recovering status update manager
I1216 03:58:25.472995 16871 containerizer.cpp:307] Recovering containerizer
I1216 03:58:25.473588 16873 slave.cpp:3778] Finished recovery
I1216 03:58:25.475124 16872 group.cpp:313] Group process (group(1)@10.0.0.5:5051) connected to ZooKeeper
I1216 03:58:25.475167 16872 group.cpp:790] Syncing group operations: queue size (joins, cancels, datas) = (0, 0, 0)
I1216 03:58:25.475188 16872 group.cpp:385] Trying to create path '/mesos' in ZooKeeper
I1216 03:58:25.492669 16873 detector.cpp:138] Detected a new leader: (id='4')
I1216 03:58:25.492846 16869 group.cpp:659] Trying to get '/mesos/info_0000000004' in ZooKeeper
I1216 03:58:25.493827 16877 detector.cpp:452] A new leading master (UPID=master@10.0.0.4:5050) is detected
I1216 03:58:25.493912 16877 slave.cpp:624] New master detected at master@10.0.0.4:5050
I1216 03:58:25.493913 16874 status_update_manager.cpp:171] Pausing sending status updates
I1216 03:58:25.494086 16877 slave.cpp:649] No credentials provided. Attempting to register without authentication
I1216 03:58:25.494153 16877 slave.cpp:660] Detecting new master
I1216 03:59:25.472831 16868 slave.cpp:3618] Current disk usage 37.48%. Max allowed age: 3.676548863898264days
I1216 04:00:25.479002 16878 slave.cpp:3618] Current disk usage 37.48%. Max allowed age: 3.676526153283924days
I1216 04:00:25.631470 16878 slave.cpp:2918] master@10.0.0.4:5050 exited
W1216 04:00:25.631517 16878 slave.cpp:2921] Master disconnected! Waiting for a new master to be elected
I1216 04:00:34.003592 16879 detector.cpp:138] Detected a new leader: (id='5')
I1216 04:00:34.003679 16879 group.cpp:659] Trying to get '/mesos/info_0000000005' in ZooKeeper
I1216 04:00:34.004223 16879 detector.cpp:452] A new leading master (UPID=master@10.0.0.2:5050) is detected
I1216 04:00:34.004379 16879 slave.cpp:624] New master detected at master@10.0.0.2:5050
I1216 04:00:34.004387 16868 status_update_manager.cpp:171] Pausing sending status updates
I1216 04:00:34.004549 16879 slave.cpp:649] No credentials provided. Attempting to register without authentication
I1216 04:00:34.004585 16879 slave.cpp:660] Detecting new master
I1216 04:00:34.794831 16876 slave.cpp:792] Registered with master master@10.0.0.2:5050; given slave ID 20151216-035825-33554442-5050-14879-S1
I1216 04:00:34.794962 16872 status_update_manager.cpp:178] Resuming sending status updates
I1216 04:01:00.261313 16881 slave.cpp:1121] Got assigned task 1450238460057-www-data-devel-job7-0-02a816a1-be2d-4d62-b715-9bb2c2baa3da for framework 20151216-035825-33554442-5050-14879-0000
I1216 04:01:00.263131 16881 slave.cpp:1231] Launching task 1450238460057-www-data-devel-job7-0-02a816a1-be2d-4d62-b715-9bb2c2baa3da for framework 20151216-035825-33554442-5050-14879-0000
I1216 04:01:00.265594 16881 slave.cpp:4160] Launching executor thermos-1450238460057-www-data-devel-job7-0-02a816a1-be2d-4d62-b715-9bb2c2baa3da of framework 20151216-035825-33554442-5050-14879-0000 in work directory '/var/lib/mesos/slave/slaves/20151216-035825-33554442-5050-14879-S1/frameworks/20151216-035825-33554442-5050-14879-0000/executors/thermos-1450238460057-www-data-devel-job7-0-02a816a1-be2d-4d62-b715-9bb2c2baa3da/runs/88c8ea05-0d34-4446-b876-1015502c2f16'
I1216 04:01:00.265785 16877 containerizer.cpp:472] Starting container '88c8ea05-0d34-4446-b876-1015502c2f16' for executor 'thermos-1450238460057-www-data-devel-job7-0-02a816a1-be2d-4d62-b715-9bb2c2baa3da' of framework '20151216-035825-33554442-5050-14879-0000'
I1216 04:01:00.266296 16881 slave.cpp:1378] Queuing task '1450238460057-www-data-devel-job7-0-02a816a1-be2d-4d62-b715-9bb2c2baa3da' for executor thermos-1450238460057-www-data-devel-job7-0-02a816a1-be2d-4d62-b715-9bb2c2baa3da of framework '20151216-035825-33554442-5050-14879-0000
I1216 04:01:00.267175 16868 launcher.cpp:130] Forked child with pid '17120' for container '88c8ea05-0d34-4446-b876-1015502c2f16'
I1216 04:01:00.267382 16868 containerizer.cpp:682] Checkpointing executor's forked pid 17120 to '/var/lib/mesos/slave/meta/slaves/20151216-035825-33554442-5050-14879-S1/frameworks/20151216-035825-33554442-5050-14879-0000/executors/thermos-1450238460057-www-data-devel-job7-0-02a816a1-be2d-4d62-b715-9bb2c2baa3da/runs/88c8ea05-0d34-4446-b876-1015502c2f16/pids/forked.pid'
I1216 04:01:00.271041 16873 fetcher.cpp:238] Fetching URIs using command '/usr/libexec/mesos/mesos-fetcher'
I1216 04:01:00.368037 16868 slave.cpp:3135] Monitoring executor 'thermos-1450238460057-www-data-devel-job7-0-02a816a1-be2d-4d62-b715-9bb2c2baa3da' of framework '20151216-035825-33554442-5050-14879-0000' in container '88c8ea05-0d34-4446-b876-1015502c2f16'
I1216 04:01:00.870590 16870 slave.cpp:2141] Got registration for executor 'thermos-1450238460057-www-data-devel-job7-0-02a816a1-be2d-4d62-b715-9bb2c2baa3da' of framework 20151216-035825-33554442-5050-14879-0000 from executor(1)@10.0.0.5:54244
I1216 04:01:00.875910 16879 slave.cpp:1532] Sending queued task '1450238460057-www-data-devel-job7-0-02a816a1-be2d-4d62-b715-9bb2c2baa3da' to executor 'thermos-1450238460057-www-data-devel-job7-0-02a816a1-be2d-4d62-b715-9bb2c2baa3da' of framework 20151216-035825-33554442-5050-14879-0000
I1216 04:01:00.882673 16870 slave.cpp:2508] Handling status update TASK_STARTING (UUID: 8b7f0efb-c728-4ce8-a402-06b3adf32bf5) for task 1450238460057-www-data-devel-job7-0-02a816a1-be2d-4d62-b715-9bb2c2baa3da of framework 20151216-035825-33554442-5050-14879-0000 from executor(1)@10.0.0.5:54244
I1216 04:01:00.882843 16876 status_update_manager.cpp:317] Received status update TASK_STARTING (UUID: 8b7f0efb-c728-4ce8-a402-06b3adf32bf5) for task 1450238460057-www-data-devel-job7-0-02a816a1-be2d-4d62-b715-9bb2c2baa3da of framework 20151216-035825-33554442-5050-14879-0000
I1216 04:01:00.883225 16876 status_update_manager.hpp:346] Checkpointing UPDATE for status update TASK_STARTING (UUID: 8b7f0efb-c728-4ce8-a402-06b3adf32bf5) for task 1450238460057-www-data-devel-job7-0-02a816a1-be2d-4d62-b715-9bb2c2baa3da of framework 20151216-035825-33554442-5050-14879-0000
I1216 04:01:00.886557 16876 slave.cpp:2753] Forwarding the update TASK_STARTING (UUID: 8b7f0efb-c728-4ce8-a402-06b3adf32bf5) for task 1450238460057-www-data-devel-job7-0-02a816a1-be2d-4d62-b715-9bb2c2baa3da of framework 20151216-035825-33554442-5050-14879-0000 to master@10.0.0.2:5050
I1216 04:01:00.886674 16876 slave.cpp:2686] Sending acknowledgement for status update TASK_STARTING (UUID: 8b7f0efb-c728-4ce8-a402-06b3adf32bf5) for task 1450238460057-www-data-devel-job7-0-02a816a1-be2d-4d62-b715-9bb2c2baa3da of framework 20151216-035825-33554442-5050-14879-0000 to executor(1)@10.0.0.5:54244
I1216 04:01:00.897351 16879 status_update_manager.cpp:389] Received status update acknowledgement (UUID: 8b7f0efb-c728-4ce8-a402-06b3adf32bf5) for task 1450238460057-www-data-devel-job7-0-02a816a1-be2d-4d62-b715-9bb2c2baa3da of framework 20151216-035825-33554442-5050-14879-0000
I1216 04:01:00.897398 16879 status_update_manager.hpp:346] Checkpointing ACK for status update TASK_STARTING (UUID: 8b7f0efb-c728-4ce8-a402-06b3adf32bf5) for task 1450238460057-www-data-devel-job7-0-02a816a1-be2d-4d62-b715-9bb2c2baa3da of framework 20151216-035825-33554442-5050-14879-0000
I1216 04:01:01.446714 16877 slave.cpp:2508] Handling status update TASK_RUNNING (UUID: 5ceddefc-6a28-4879-a623-8836a7b5c304) for task 1450238460057-www-data-devel-job7-0-02a816a1-be2d-4d62-b715-9bb2c2baa3da of framework 20151216-035825-33554442-5050-14879-0000 from executor(1)@10.0.0.5:54244
I1216 04:01:01.446876 16876 status_update_manager.cpp:317] Received status update TASK_RUNNING (UUID: 5ceddefc-6a28-4879-a623-8836a7b5c304) for task 1450238460057-www-data-devel-job7-0-02a816a1-be2d-4d62-b715-9bb2c2baa3da of framework 20151216-035825-33554442-5050-14879-0000
I1216 04:01:01.446959 16876 status_update_manager.hpp:346] Checkpointing UPDATE for status update TASK_RUNNING (UUID: 5ceddefc-6a28-4879-a623-8836a7b5c304) for task 1450238460057-www-data-devel-job7-0-02a816a1-be2d-4d62-b715-9bb2c2baa3da of framework 20151216-035825-33554442-5050-14879-0000
I1216 04:01:01.450108 16874 slave.cpp:2753] Forwarding the update TASK_RUNNING (UUID: 5ceddefc-6a28-4879-a623-8836a7b5c304) for task 1450238460057-www-data-devel-job7-0-02a816a1-be2d-4d62-b715-9bb2c2baa3da of framework 20151216-035825-33554442-5050-14879-0000 to master@10.0.0.2:5050
I1216 04:01:01.450230 16874 slave.cpp:2686] Sending acknowledgement for status update TASK_RUNNING (UUID: 5ceddefc-6a28-4879-a623-8836a7b5c304) for task 1450238460057-www-data-devel-job7-0-02a816a1-be2d-4d62-b715-9bb2c2baa3da of framework 20151216-035825-33554442-5050-14879-0000 to executor(1)@10.0.0.5:54244
I1216 04:01:01.460562 16877 status_update_manager.cpp:389] Received status update acknowledgement (UUID: 5ceddefc-6a28-4879-a623-8836a7b5c304) for task 1450238460057-www-data-devel-job7-0-02a816a1-be2d-4d62-b715-9bb2c2baa3da of framework 20151216-035825-33554442-5050-14879-0000
I1216 04:01:01.460654 16877 status_update_manager.hpp:346] Checkpointing ACK for status update TASK_RUNNING (UUID: 5ceddefc-6a28-4879-a623-8836a7b5c304) for task 1450238460057-www-data-devel-job7-0-02a816a1-be2d-4d62-b715-9bb2c2baa3da of framework 20151216-035825-33554442-5050-14879-0000
I1216 04:01:08.494277 16879 slave.cpp:1121] Got assigned task 1450238460110-www-data-devel-job3-0-e970441c-5bd1-47dd-b2fe-da7fbc9475fd for framework 20151216-035825-33554442-5050-14879-0000
I1216 04:01:08.494513 16879 slave.cpp:1231] Launching task 1450238460110-www-data-devel-job3-0-e970441c-5bd1-47dd-b2fe-da7fbc9475fd for framework 20151216-035825-33554442-5050-14879-0000
I1216 04:01:08.496089 16879 slave.cpp:4160] Launching executor thermos-1450238460110-www-data-devel-job3-0-e970441c-5bd1-47dd-b2fe-da7fbc9475fd of framework 20151216-035825-33554442-5050-14879-0000 in work directory '/var/lib/mesos/slave/slaves/20151216-035825-33554442-5050-14879-S1/frameworks/20151216-035825-33554442-5050-14879-0000/executors/thermos-1450238460110-www-data-devel-job3-0-e970441c-5bd1-47dd-b2fe-da7fbc9475fd/runs/fc06df77-f389-4bf7-97bc-a13a6d1cab25'
I1216 04:01:08.496255 16867 containerizer.cpp:472] Starting container 'fc06df77-f389-4bf7-97bc-a13a6d1cab25' for executor 'thermos-1450238460110-www-data-devel-job3-0-e970441c-5bd1-47dd-b2fe-da7fbc9475fd' of framework '20151216-035825-33554442-5050-14879-0000'
I1216 04:01:08.496824 16879 slave.cpp:1378] Queuing task '1450238460110-www-data-devel-job3-0-e970441c-5bd1-47dd-b2fe-da7fbc9475fd' for executor thermos-1450238460110-www-data-devel-job3-0-e970441c-5bd1-47dd-b2fe-da7fbc9475fd of framework '20151216-035825-33554442-5050-14879-0000
I1216 04:01:08.497498 16867 launcher.cpp:130] Forked child with pid '17173' for container 'fc06df77-f389-4bf7-97bc-a13a6d1cab25'
I1216 04:01:08.497663 16867 containerizer.cpp:682] Checkpointing executor's forked pid 17173 to '/var/lib/mesos/slave/meta/slaves/20151216-035825-33554442-5050-14879-S1/frameworks/20151216-035825-33554442-5050-14879-0000/executors/thermos-1450238460110-www-data-devel-job3-0-e970441c-5bd1-47dd-b2fe-da7fbc9475fd/runs/fc06df77-f389-4bf7-97bc-a13a6d1cab25/pids/forked.pid'
I1216 04:01:08.501107 16877 fetcher.cpp:238] Fetching URIs using command '/usr/libexec/mesos/mesos-fetcher'
I1216 04:01:08.603387 16866 slave.cpp:3135] Monitoring executor 'thermos-1450238460110-www-data-devel-job3-0-e970441c-5bd1-47dd-b2fe-da7fbc9475fd' of framework '20151216-035825-33554442-5050-14879-0000' in container 'fc06df77-f389-4bf7-97bc-a13a6d1cab25'
I1216 04:01:09.091243 16874 slave.cpp:2141] Got registration for executor 'thermos-1450238460110-www-data-devel-job3-0-e970441c-5bd1-47dd-b2fe-da7fbc9475fd' of framework 20151216-035825-33554442-5050-14879-0000 from executor(1)@10.0.0.5:47801
I1216 04:01:09.092203 16867 slave.cpp:1532] Sending queued task '1450238460110-www-data-devel-job3-0-e970441c-5bd1-47dd-b2fe-da7fbc9475fd' to executor 'thermos-1450238460110-www-data-devel-job3-0-e970441c-5bd1-47dd-b2fe-da7fbc9475fd' of framework 20151216-035825-33554442-5050-14879-0000
I1216 04:01:09.098494 16870 slave.cpp:2508] Handling status update TASK_STARTING (UUID: c10cb11f-f958-4f35-8372-90e2c6ee4092) for task 1450238460110-www-data-devel-job3-0-e970441c-5bd1-47dd-b2fe-da7fbc9475fd of framework 20151216-035825-33554442-5050-14879-0000 from executor(1)@10.0.0.5:47801
I1216 04:01:09.098656 16880 status_update_manager.cpp:317] Received status update TASK_STARTING (UUID: c10cb11f-f958-4f35-8372-90e2c6ee4092) for task 1450238460110-www-data-devel-job3-0-e970441c-5bd1-47dd-b2fe-da7fbc9475fd of framework 20151216-035825-33554442-5050-14879-0000
I1216 04:01:09.099086 16880 status_update_manager.hpp:346] Checkpointing UPDATE for status update TASK_STARTING (UUID: c10cb11f-f958-4f35-8372-90e2c6ee4092) for task 1450238460110-www-data-devel-job3-0-e970441c-5bd1-47dd-b2fe-da7fbc9475fd of framework 20151216-035825-33554442-5050-14879-0000
I1216 04:01:09.102630 16870 slave.cpp:2753] Forwarding the update TASK_STARTING (UUID: c10cb11f-f958-4f35-8372-90e2c6ee4092) for task 1450238460110-www-data-devel-job3-0-e970441c-5bd1-47dd-b2fe-da7fbc9475fd of framework 20151216-035825-33554442-5050-14879-0000 to master@10.0.0.2:5050
I1216 04:01:09.102787 16870 slave.cpp:2686] Sending acknowledgement for status update TASK_STARTING (UUID: c10cb11f-f958-4f35-8372-90e2c6ee4092) for task 1450238460110-www-data-devel-job3-0-e970441c-5bd1-47dd-b2fe-da7fbc9475fd of framework 20151216-035825-33554442-5050-14879-0000 to executor(1)@10.0.0.5:47801
I1216 04:01:09.123657 16875 status_update_manager.cpp:389] Received status update acknowledgement (UUID: c10cb11f-f958-4f35-8372-90e2c6ee4092) for task 1450238460110-www-data-devel-job3-0-e970441c-5bd1-47dd-b2fe-da7fbc9475fd of framework 20151216-035825-33554442-5050-14879-0000
I1216 04:01:09.123730 16875 status_update_manager.hpp:346] Checkpointing ACK for status update TASK_STARTING (UUID: c10cb11f-f958-4f35-8372-90e2c6ee4092) for task 1450238460110-www-data-devel-job3-0-e970441c-5bd1-47dd-b2fe-da7fbc9475fd of framework 20151216-035825-33554442-5050-14879-0000
I1216 04:01:09.666502 16868 slave.cpp:2508] Handling status update TASK_RUNNING (UUID: 98114eb8-dbe6-4f04-af48-0f63e3a1dd69) for task 1450238460110-www-data-devel-job3-0-e970441c-5bd1-47dd-b2fe-da7fbc9475fd of framework 20151216-035825-33554442-5050-14879-0000 from executor(1)@10.0.0.5:47801
I1216 04:01:09.666653 16872 status_update_manager.cpp:317] Received status update TASK_RUNNING (UUID: 98114eb8-dbe6-4f04-af48-0f63e3a1dd69) for task 1450238460110-www-data-devel-job3-0-e970441c-5bd1-47dd-b2fe-da7fbc9475fd of framework 20151216-035825-33554442-5050-14879-0000
I1216 04:01:09.666743 16872 status_update_manager.hpp:346] Checkpointing UPDATE for status update TASK_RUNNING (UUID: 98114eb8-dbe6-4f04-af48-0f63e3a1dd69) for task 1450238460110-www-data-devel-job3-0-e970441c-5bd1-47dd-b2fe-da7fbc9475fd of framework 20151216-035825-33554442-5050-14879-0000
I1216 04:01:09.670538 16870 slave.cpp:2753] Forwarding the update TASK_RUNNING (UUID: 98114eb8-dbe6-4f04-af48-0f63e3a1dd69) for task 1450238460110-www-data-devel-job3-0-e970441c-5bd1-47dd-b2fe-da7fbc9475fd of framework 20151216-035825-33554442-5050-14879-0000 to master@10.0.0.2:5050
I1216 04:01:09.670662 16870 slave.cpp:2686] Sending acknowledgement for status update TASK_RUNNING (UUID: 98114eb8-dbe6-4f04-af48-0f63e3a1dd69) for task 1450238460110-www-data-devel-job3-0-e970441c-5bd1-47dd-b2fe-da7fbc9475fd of framework 20151216-035825-33554442-5050-14879-0000 to executor(1)@10.0.0.5:47801
I1216 04:01:09.682314 16872 status_update_manager.cpp:389] Received status update acknowledgement (UUID: 98114eb8-dbe6-4f04-af48-0f63e3a1dd69) for task 1450238460110-www-data-devel-job3-0-e970441c-5bd1-47dd-b2fe-da7fbc9475fd of framework 20151216-035825-33554442-5050-14879-0000
I1216 04:01:09.682363 16872 status_update_manager.hpp:346] Checkpointing ACK for status update TASK_RUNNING (UUID: 98114eb8-dbe6-4f04-af48-0f63e3a1dd69) for task 1450238460110-www-data-devel-job3-0-e970441c-5bd1-47dd-b2fe-da7fbc9475fd of framework 20151216-035825-33554442-5050-14879-0000
I1216 04:01:11.591361 16867 slave.cpp:2508] Handling status update TASK_FINISHED (UUID: 2ee12843-dc07-4ecb-a473-36275b3be961) for task 1450238460057-www-data-devel-job7-0-02a816a1-be2d-4d62-b715-9bb2c2baa3da of framework 20151216-035825-33554442-5050-14879-0000 from executor(1)@10.0.0.5:54244
I1216 04:01:11.592320 16878 status_update_manager.cpp:317] Received status update TASK_FINISHED (UUID: 2ee12843-dc07-4ecb-a473-36275b3be961) for task 1450238460057-www-data-devel-job7-0-02a816a1-be2d-4d62-b715-9bb2c2baa3da of framework 20151216-035825-33554442-5050-14879-0000
I1216 04:01:11.592386 16878 status_update_manager.hpp:346] Checkpointing UPDATE for status update TASK_FINISHED (UUID: 2ee12843-dc07-4ecb-a473-36275b3be961) for task 1450238460057-www-data-devel-job7-0-02a816a1-be2d-4d62-b715-9bb2c2baa3da of framework 20151216-035825-33554442-5050-14879-0000
I1216 04:01:11.596248 16866 slave.cpp:2753] Forwarding the update TASK_FINISHED (UUID: 2ee12843-dc07-4ecb-a473-36275b3be961) for task 1450238460057-www-data-devel-job7-0-02a816a1-be2d-4d62-b715-9bb2c2baa3da of framework 20151216-035825-33554442-5050-14879-0000 to master@10.0.0.2:5050
I1216 04:01:11.596457 16866 slave.cpp:2686] Sending acknowledgement for status update TASK_FINISHED (UUID: 2ee12843-dc07-4ecb-a473-36275b3be961) for task 1450238460057-www-data-devel-job7-0-02a816a1-be2d-4d62-b715-9bb2c2baa3da of framework 20151216-035825-33554442-5050-14879-0000 to executor(1)@10.0.0.5:54244
I1216 04:01:11.614248 16880 status_update_manager.cpp:389] Received status update acknowledgement (UUID: 2ee12843-dc07-4ecb-a473-36275b3be961) for task 1450238460057-www-data-devel-job7-0-02a816a1-be2d-4d62-b715-9bb2c2baa3da of framework 20151216-035825-33554442-5050-14879-0000
I1216 04:01:11.614354 16880 status_update_manager.hpp:346] Checkpointing ACK for status update TASK_FINISHED (UUID: 2ee12843-dc07-4ecb-a473-36275b3be961) for task 1450238460057-www-data-devel-job7-0-02a816a1-be2d-4d62-b715-9bb2c2baa3da of framework 20151216-035825-33554442-5050-14879-0000
I1216 04:01:12.799324 16867 slave.cpp:2508] Handling status update TASK_FINISHED (UUID: f004c9f3-1395-486d-9d1f-2924251f0aae) for task 1450238460110-www-data-devel-job3-0-e970441c-5bd1-47dd-b2fe-da7fbc9475fd of framework 20151216-035825-33554442-5050-14879-0000 from executor(1)@10.0.0.5:47801
I1216 04:01:12.800108 16878 status_update_manager.cpp:317] Received status update TASK_FINISHED (UUID: f004c9f3-1395-486d-9d1f-2924251f0aae) for task 1450238460110-www-data-devel-job3-0-e970441c-5bd1-47dd-b2fe-da7fbc9475fd of framework 20151216-035825-33554442-5050-14879-0000
I1216 04:01:12.800228 16878 status_update_manager.hpp:346] Checkpointing UPDATE for status update TASK_FINISHED (UUID: f004c9f3-1395-486d-9d1f-2924251f0aae) for task 1450238460110-www-data-devel-job3-0-e970441c-5bd1-47dd-b2fe-da7fbc9475fd of framework 20151216-035825-33554442-5050-14879-0000
I1216 04:01:12.803604 16867 slave.cpp:2753] Forwarding the update TASK_FINISHED (UUID: f004c9f3-1395-486d-9d1f-2924251f0aae) for task 1450238460110-www-data-devel-job3-0-e970441c-5bd1-47dd-b2fe-da7fbc9475fd of framework 20151216-035825-33554442-5050-14879-0000 to master@10.0.0.2:5050
I1216 04:01:12.803711 16867 slave.cpp:2686] Sending acknowledgement for status update TASK_FINISHED (UUID: f004c9f3-1395-486d-9d1f-2924251f0aae) for task 1450238460110-www-data-devel-job3-0-e970441c-5bd1-47dd-b2fe-da7fbc9475fd of framework 20151216-035825-33554442-5050-14879-0000 to executor(1)@10.0.0.5:47801
I1216 04:01:12.817622 16878 status_update_manager.cpp:389] Received status update acknowledgement (UUID: f004c9f3-1395-486d-9d1f-2924251f0aae) for task 1450238460110-www-data-devel-job3-0-e970441c-5bd1-47dd-b2fe-da7fbc9475fd of framework 20151216-035825-33554442-5050-14879-0000
I1216 04:01:12.817704 16878 status_update_manager.hpp:346] Checkpointing ACK for status update TASK_FINISHED (UUID: f004c9f3-1395-486d-9d1f-2924251f0aae) for task 1450238460110-www-data-devel-job3-0-e970441c-5bd1-47dd-b2fe-da7fbc9475fd of framework 20151216-035825-33554442-5050-14879-0000
I1216 04:01:16.640763 16876 containerizer.cpp:1111] Executor for container '88c8ea05-0d34-4446-b876-1015502c2f16' has exited
I1216 04:01:16.640873 16876 containerizer.cpp:906] Destroying container '88c8ea05-0d34-4446-b876-1015502c2f16'
I1216 04:01:16.642417 16871 slave.cpp:3193] Executor 'thermos-1450238460057-www-data-devel-job7-0-02a816a1-be2d-4d62-b715-9bb2c2baa3da' of framework 20151216-035825-33554442-5050-14879-0000 exited with status 0
I1216 04:01:16.642598 16871 slave.cpp:3302] Cleaning up executor 'thermos-1450238460057-www-data-devel-job7-0-02a816a1-be2d-4d62-b715-9bb2c2baa3da' of framework 20151216-035825-33554442-5050-14879-0000
I1216 04:01:16.642917 16874 gc.cpp:56] Scheduling '/var/lib/mesos/slave/slaves/20151216-035825-33554442-5050-14879-S1/frameworks/20151216-035825-33554442-5050-14879-0000/executors/thermos-1450238460057-www-data-devel-job7-0-02a816a1-be2d-4d62-b715-9bb2c2baa3da/runs/88c8ea05-0d34-4446-b876-1015502c2f16' for gc 6.99999255956148days in the future
I1216 04:01:16.643038 16874 gc.cpp:56] Scheduling '/var/lib/mesos/slave/slaves/20151216-035825-33554442-5050-14879-S1/frameworks/20151216-035825-33554442-5050-14879-0000/executors/thermos-1450238460057-www-data-devel-job7-0-02a816a1-be2d-4d62-b715-9bb2c2baa3da' for gc 6.99999255856296days in the future
I1216 04:01:16.643070 16874 gc.cpp:56] Scheduling '/var/lib/mesos/slave/meta/slaves/20151216-035825-33554442-5050-14879-S1/frameworks/20151216-035825-33554442-5050-14879-0000/executors/thermos-1450238460057-www-data-devel-job7-0-02a816a1-be2d-4d62-b715-9bb2c2baa3da/runs/88c8ea05-0d34-4446-b876-1015502c2f16' for gc 6.99999255752296days in the future
I1216 04:01:16.643096 16874 gc.cpp:56] Scheduling '/var/lib/mesos/slave/meta/slaves/20151216-035825-33554442-5050-14879-S1/frameworks/20151216-035825-33554442-5050-14879-0000/executors/thermos-1450238460057-www-data-devel-job7-0-02a816a1-be2d-4d62-b715-9bb2c2baa3da' for gc 6.99999255692148days in the future
I1216 04:01:16.722903 16870 slave.cpp:1121] Got assigned task 1450238460152-www-data-devel-job4-0-68238bdd-559a-4472-8536-62ca0d2aaa21 for framework 20151216-035825-33554442-5050-14879-0000
I1216 04:01:16.723253 16870 slave.cpp:1231] Launching task 1450238460152-www-data-devel-job4-0-68238bdd-559a-4472-8536-62ca0d2aaa21 for framework 20151216-035825-33554442-5050-14879-0000
I1216 04:01:16.725239 16870 slave.cpp:4160] Launching executor thermos-1450238460152-www-data-devel-job4-0-68238bdd-559a-4472-8536-62ca0d2aaa21 of framework 20151216-035825-33554442-5050-14879-0000 in work directory '/var/lib/mesos/slave/slaves/20151216-035825-33554442-5050-14879-S1/frameworks/20151216-035825-33554442-5050-14879-0000/executors/thermos-1450238460152-www-data-devel-job4-0-68238bdd-559a-4472-8536-62ca0d2aaa21/runs/f3887572-54ee-4a30-9a8e-35ea83b7c17a'
I1216 04:01:16.725414 16872 containerizer.cpp:472] Starting container 'f3887572-54ee-4a30-9a8e-35ea83b7c17a' for executor 'thermos-1450238460152-www-data-devel-job4-0-68238bdd-559a-4472-8536-62ca0d2aaa21' of framework '20151216-035825-33554442-5050-14879-0000'
I1216 04:01:16.726094 16870 slave.cpp:1378] Queuing task '1450238460152-www-data-devel-job4-0-68238bdd-559a-4472-8536-62ca0d2aaa21' for executor thermos-1450238460152-www-data-devel-job4-0-68238bdd-559a-4472-8536-62ca0d2aaa21 of framework '20151216-035825-33554442-5050-14879-0000
I1216 04:01:16.727031 16881 launcher.cpp:130] Forked child with pid '17234' for container 'f3887572-54ee-4a30-9a8e-35ea83b7c17a'
I1216 04:01:16.728340 16881 containerizer.cpp:682] Checkpointing executor's forked pid 17234 to '/var/lib/mesos/slave/meta/slaves/20151216-035825-33554442-5050-14879-S1/frameworks/20151216-035825-33554442-5050-14879-0000/executors/thermos-1450238460152-www-data-devel-job4-0-68238bdd-559a-4472-8536-62ca0d2aaa21/runs/f3887572-54ee-4a30-9a8e-35ea83b7c17a/pids/forked.pid'
I1216 04:01:16.732990 16878 fetcher.cpp:238] Fetching URIs using command '/usr/libexec/mesos/mesos-fetcher'
I1216 04:01:16.841960 16881 slave.cpp:3135] Monitoring executor 'thermos-1450238460152-www-data-devel-job4-0-68238bdd-559a-4472-8536-62ca0d2aaa21' of framework '20151216-035825-33554442-5050-14879-0000' in container 'f3887572-54ee-4a30-9a8e-35ea83b7c17a'
I1216 04:01:17.331460 16869 slave.cpp:2141] Got registration for executor 'thermos-1450238460152-www-data-devel-job4-0-68238bdd-559a-4472-8536-62ca0d2aaa21' of framework 20151216-035825-33554442-5050-14879-0000 from executor(1)@10.0.0.5:45593
I1216 04:01:17.332568 16876 slave.cpp:1532] Sending queued task '1450238460152-www-data-devel-job4-0-68238bdd-559a-4472-8536-62ca0d2aaa21' to executor 'thermos-1450238460152-www-data-devel-job4-0-68238bdd-559a-4472-8536-62ca0d2aaa21' of framework 20151216-035825-33554442-5050-14879-0000
I1216 04:01:17.338395 16880 slave.cpp:2508] Handling status update TASK_STARTING (UUID: 03a89562-e60a-4f9a-bb9d-5769b991e811) for task 1450238460152-www-data-devel-job4-0-68238bdd-559a-4472-8536-62ca0d2aaa21 of framework 20151216-035825-33554442-5050-14879-0000 from executor(1)@10.0.0.5:45593
I1216 04:01:17.338587 16879 status_update_manager.cpp:317] Received status update TASK_STARTING (UUID: 03a89562-e60a-4f9a-bb9d-5769b991e811) for task 1450238460152-www-data-devel-job4-0-68238bdd-559a-4472-8536-62ca0d2aaa21 of framework 20151216-035825-33554442-5050-14879-0000
I1216 04:01:17.338953 16879 status_update_manager.hpp:346] Checkpointing UPDATE for status update TASK_STARTING (UUID: 03a89562-e60a-4f9a-bb9d-5769b991e811) for task 1450238460152-www-data-devel-job4-0-68238bdd-559a-4472-8536-62ca0d2aaa21 of framework 20151216-035825-33554442-5050-14879-0000
I1216 04:01:17.344131 16872 slave.cpp:2753] Forwarding the update TASK_STARTING (UUID: 03a89562-e60a-4f9a-bb9d-5769b991e811) for task 1450238460152-www-data-devel-job4-0-68238bdd-559a-4472-8536-62ca0d2aaa21 of framework 20151216-035825-33554442-5050-14879-0000 to master@10.0.0.2:5050
I1216 04:01:17.344264 16872 slave.cpp:2686] Sending acknowledgement for status update TASK_STARTING (UUID: 03a89562-e60a-4f9a-bb9d-5769b991e811) for task 1450238460152-www-data-devel-job4-0-68238bdd-559a-4472-8536-62ca0d2aaa21 of framework 20151216-035825-33554442-5050-14879-0000 to executor(1)@10.0.0.5:45593
I1216 04:01:17.360047 16866 status_update_manager.cpp:389] Received status update acknowledgement (UUID: 03a89562-e60a-4f9a-bb9d-5769b991e811) for task 1450238460152-www-data-devel-job4-0-68238bdd-559a-4472-8536-62ca0d2aaa21 of framework 20151216-035825-33554442-5050-14879-0000
I1216 04:01:17.360128 16866 status_update_manager.hpp:346] Checkpointing ACK for status update TASK_STARTING (UUID: 03a89562-e60a-4f9a-bb9d-5769b991e811) for task 1450238460152-www-data-devel-job4-0-68238bdd-559a-4472-8536-62ca0d2aaa21 of framework 20151216-035825-33554442-5050-14879-0000
I1216 04:01:17.845865 16881 containerizer.cpp:1111] Executor for container 'fc06df77-f389-4bf7-97bc-a13a6d1cab25' has exited
I1216 04:01:17.845957 16881 containerizer.cpp:906] Destroying container 'fc06df77-f389-4bf7-97bc-a13a6d1cab25'
I1216 04:01:17.847272 16877 slave.cpp:3193] Executor 'thermos-1450238460110-www-data-devel-job3-0-e970441c-5bd1-47dd-b2fe-da7fbc9475fd' of framework 20151216-035825-33554442-5050-14879-0000 exited with status 0
I1216 04:01:17.847383 16877 slave.cpp:3302] Cleaning up executor 'thermos-1450238460110-www-data-devel-job3-0-e970441c-5bd1-47dd-b2fe-da7fbc9475fd' of framework 20151216-035825-33554442-5050-14879-0000
I1216 04:01:17.847615 16867 gc.cpp:56] Scheduling '/var/lib/mesos/slave/slaves/20151216-035825-33554442-5050-14879-S1/frameworks/20151216-035825-33554442-5050-14879-0000/executors/thermos-1450238460110-www-data-devel-job3-0-e970441c-5bd1-47dd-b2fe-da7fbc9475fd/runs/fc06df77-f389-4bf7-97bc-a13a6d1cab25' for gc 6.99999019011556days in the future
I1216 04:01:17.847679 16867 gc.cpp:56] Scheduling '/var/lib/mesos/slave/slaves/20151216-035825-33554442-5050-14879-S1/frameworks/20151216-035825-33554442-5050-14879-0000/executors/thermos-1450238460110-www-data-devel-job3-0-e970441c-5bd1-47dd-b2fe-da7fbc9475fd' for gc 6.9999901893037days in the future
I1216 04:01:17.847713 16867 gc.cpp:56] Scheduling '/var/lib/mesos/slave/meta/slaves/20151216-035825-33554442-5050-14879-S1/frameworks/20151216-035825-33554442-5050-14879-0000/executors/thermos-1450238460110-www-data-devel-job3-0-e970441c-5bd1-47dd-b2fe-da7fbc9475fd/runs/fc06df77-f389-4bf7-97bc-a13a6d1cab25' for gc 6.99999018864593days in the future
I1216 04:01:17.847776 16867 gc.cpp:56] Scheduling '/var/lib/mesos/slave/meta/slaves/20151216-035825-33554442-5050-14879-S1/frameworks/20151216-035825-33554442-5050-14879-0000/executors/thermos-1450238460110-www-data-devel-job3-0-e970441c-5bd1-47dd-b2fe-da7fbc9475fd' for gc 6.99999018799704days in the future
I1216 04:01:17.905328 16871 slave.cpp:2508] Handling status update TASK_RUNNING (UUID: bb8e0244-93bf-4cbe-8510-6f3f92197e78) for task 1450238460152-www-data-devel-job4-0-68238bdd-559a-4472-8536-62ca0d2aaa21 of framework 20151216-035825-33554442-5050-14879-0000 from executor(1)@10.0.0.5:45593
I1216 04:01:17.905478 16879 status_update_manager.cpp:317] Received status update TASK_RUNNING (UUID: bb8e0244-93bf-4cbe-8510-6f3f92197e78) for task 1450238460152-www-data-devel-job4-0-68238bdd-559a-4472-8536-62ca0d2aaa21 of framework 20151216-035825-33554442-5050-14879-0000
I1216 04:01:17.905539 16879 status_update_manager.hpp:346] Checkpointing UPDATE for status update TASK_RUNNING (UUID: bb8e0244-93bf-4cbe-8510-6f3f92197e78) for task 1450238460152-www-data-devel-job4-0-68238bdd-559a-4472-8536-62ca0d2aaa21 of framework 20151216-035825-33554442-5050-14879-0000
I1216 04:01:17.908814 16866 slave.cpp:2753] Forwarding the update TASK_RUNNING (UUID: bb8e0244-93bf-4cbe-8510-6f3f92197e78) for task 1450238460152-www-data-devel-job4-0-68238bdd-559a-4472-8536-62ca0d2aaa21 of framework 20151216-035825-33554442-5050-14879-0000 to master@10.0.0.2:5050
I1216 04:01:17.908933 16866 slave.cpp:2686] Sending acknowledgement for status update TASK_RUNNING (UUID: bb8e0244-93bf-4cbe-8510-6f3f92197e78) for task 1450238460152-www-data-devel-job4-0-68238bdd-559a-4472-8536-62ca0d2aaa21 of framework 20151216-035825-33554442-5050-14879-0000 to executor(1)@10.0.0.5:45593
I1216 04:01:17.924315 16879 status_update_manager.cpp:389] Received status update acknowledgement (UUID: bb8e0244-93bf-4cbe-8510-6f3f92197e78) for task 1450238460152-www-data-devel-job4-0-68238bdd-559a-4472-8536-62ca0d2aaa21 of framework 20151216-035825-33554442-5050-14879-0000
I1216 04:01:17.924389 16879 status_update_manager.hpp:346] Checkpointing ACK for status update TASK_RUNNING (UUID: bb8e0244-93bf-4cbe-8510-6f3f92197e78) for task 1450238460152-www-data-devel-job4-0-68238bdd-559a-4472-8536-62ca0d2aaa21 of framework 20151216-035825-33554442-5050-14879-0000
I1216 04:01:25.479759 16868 slave.cpp:3618] Current disk usage 38.17%. Max allowed age: 3.628092588708947days
I1216 04:01:27.047235 16869 slave.cpp:2508] Handling status update TASK_FINISHED (UUID: 6c0f123c-7b00-4693-89f1-d78b88fcef29) for task 1450238460152-www-data-devel-job4-0-68238bdd-559a-4472-8536-62ca0d2aaa21 of framework 20151216-035825-33554442-5050-14879-0000 from executor(1)@10.0.0.5:45593
I1216 04:01:27.047691 16880 status_update_manager.cpp:317] Received status update TASK_FINISHED (UUID: 6c0f123c-7b00-4693-89f1-d78b88fcef29) for task 1450238460152-www-data-devel-job4-0-68238bdd-559a-4472-8536-62ca0d2aaa21 of framework 20151216-035825-33554442-5050-14879-0000
I1216 04:01:27.047726 16880 status_update_manager.hpp:346] Checkpointing UPDATE for status update TASK_FINISHED (UUID: 6c0f123c-7b00-4693-89f1-d78b88fcef29) for task 1450238460152-www-data-devel-job4-0-68238bdd-559a-4472-8536-62ca0d2aaa21 of framework 20151216-035825-33554442-5050-14879-0000
I1216 04:01:27.053519 16868 slave.cpp:2753] Forwarding the update TASK_FINISHED (UUID: 6c0f123c-7b00-4693-89f1-d78b88fcef29) for task 1450238460152-www-data-devel-job4-0-68238bdd-559a-4472-8536-62ca0d2aaa21 of framework 20151216-035825-33554442-5050-14879-0000 to master@10.0.0.2:5050
I1216 04:01:27.053694 16868 slave.cpp:2686] Sending acknowledgement for status update TASK_FINISHED (UUID: 6c0f123c-7b00-4693-89f1-d78b88fcef29) for task 1450238460152-www-data-devel-job4-0-68238bdd-559a-4472-8536-62ca0d2aaa21 of framework 20151216-035825-33554442-5050-14879-0000 to executor(1)@10.0.0.5:45593
I1216 04:01:27.064283 16880 status_update_manager.cpp:389] Received status update acknowledgement (UUID: 6c0f123c-7b00-4693-89f1-d78b88fcef29) for task 1450238460152-www-data-devel-job4-0-68238bdd-559a-4472-8536-62ca0d2aaa21 of framework 20151216-035825-33554442-5050-14879-0000
I1216 04:01:27.064324 16880 status_update_manager.hpp:346] Checkpointing ACK for status update TASK_FINISHED (UUID: 6c0f123c-7b00-4693-89f1-d78b88fcef29) for task 1450238460152-www-data-devel-job4-0-68238bdd-559a-4472-8536-62ca0d2aaa21 of framework 20151216-035825-33554442-5050-14879-0000
I1216 04:01:32.109310 16866 containerizer.cpp:1111] Executor for container 'f3887572-54ee-4a30-9a8e-35ea83b7c17a' has exited
I1216 04:01:32.109405 16866 containerizer.cpp:906] Destroying container 'f3887572-54ee-4a30-9a8e-35ea83b7c17a'
I1216 04:01:32.110762 16872 slave.cpp:3193] Executor 'thermos-1450238460152-www-data-devel-job4-0-68238bdd-559a-4472-8536-62ca0d2aaa21' of framework 20151216-035825-33554442-5050-14879-0000 exited with status 0
I1216 04:01:32.110952 16872 slave.cpp:3302] Cleaning up executor 'thermos-1450238460152-www-data-devel-job4-0-68238bdd-559a-4472-8536-62ca0d2aaa21' of framework 20151216-035825-33554442-5050-14879-0000
I1216 04:01:32.111280 16878 gc.cpp:56] Scheduling '/var/lib/mesos/slave/slaves/20151216-035825-33554442-5050-14879-S1/frameworks/20151216-035825-33554442-5050-14879-0000/executors/thermos-1450238460152-www-data-devel-job4-0-68238bdd-559a-4472-8536-62ca0d2aaa21/runs/f3887572-54ee-4a30-9a8e-35ea83b7c17a' for gc 6.9999987127437days in the future
I1216 04:01:32.111356 16878 gc.cpp:56] Scheduling '/var/lib/mesos/slave/slaves/20151216-035825-33554442-5050-14879-S1/frameworks/20151216-035825-33554442-5050-14879-0000/executors/thermos-1450238460152-www-data-devel-job4-0-68238bdd-559a-4472-8536-62ca0d2aaa21' for gc 6.99999871165333days in the future
I1216 04:01:32.111385 16878 gc.cpp:56] Scheduling '/var/lib/mesos/slave/meta/slaves/20151216-035825-33554442-5050-14879-S1/frameworks/20151216-035825-33554442-5050-14879-0000/executors/thermos-1450238460152-www-data-devel-job4-0-68238bdd-559a-4472-8536-62ca0d2aaa21/runs/f3887572-54ee-4a30-9a8e-35ea83b7c17a' for gc 6.99999871097185days in the future
I1216 04:01:32.111424 16872 slave.cpp:3381] Cleaning up framework 20151216-035825-33554442-5050-14879-0000
I1216 04:01:32.111439 16878 gc.cpp:56] Scheduling '/var/lib/mesos/slave/meta/slaves/20151216-035825-33554442-5050-14879-S1/frameworks/20151216-035825-33554442-5050-14879-0000/executors/thermos-1450238460152-www-data-devel-job4-0-68238bdd-559a-4472-8536-62ca0d2aaa21' for gc 6.99999871051852days in the future
I1216 04:01:32.111642 16867 status_update_manager.cpp:279] Closing status update streams for framework 20151216-035825-33554442-5050-14879-0000
I1216 04:01:32.111723 16874 gc.cpp:56] Scheduling '/var/lib/mesos/slave/slaves/20151216-035825-33554442-5050-14879-S1/frameworks/20151216-035825-33554442-5050-14879-0000' for gc 6.99999870762667days in the future
I1216 04:01:32.111799 16874 gc.cpp:56] Scheduling '/var/lib/mesos/slave/meta/slaves/20151216-035825-33554442-5050-14879-S1/frameworks/20151216-035825-33554442-5050-14879-0000' for gc 6.9999987064237days in the future
I1216 04:02:00.162459 16877 slave.cpp:1121] Got assigned task 1450238520007-www-data-devel-job6-0-75db3042-a39c-42ff-9317-896d0ccd69de for framework 20151216-035825-33554442-5050-14879-0000
I1216 04:02:00.163975 16877 gc.cpp:84] Unscheduling '/var/lib/mesos/slave/slaves/20151216-035825-33554442-5050-14879-S1/frameworks/20151216-035825-33554442-5050-14879-0000' from gc
I1216 04:02:00.164111 16877 gc.cpp:84] Unscheduling '/var/lib/mesos/slave/meta/slaves/20151216-035825-33554442-5050-14879-S1/frameworks/20151216-035825-33554442-5050-14879-0000' from gc
I1216 04:02:00.164222 16877 slave.cpp:1231] Launching task 1450238520007-www-data-devel-job6-0-75db3042-a39c-42ff-9317-896d0ccd69de for framework 20151216-035825-33554442-5050-14879-0000
I1216 04:02:00.165848 16877 slave.cpp:4160] Launching executor thermos-1450238520007-www-data-devel-job6-0-75db3042-a39c-42ff-9317-896d0ccd69de of framework 20151216-035825-33554442-5050-14879-0000 in work directory '/var/lib/mesos/slave/slaves/20151216-035825-33554442-5050-14879-S1/frameworks/20151216-035825-33554442-5050-14879-0000/executors/thermos-1450238520007-www-data-devel-job6-0-75db3042-a39c-42ff-9317-896d0ccd69de/runs/08f46548-5b66-477c-949e-14d2f53e05e1'
I1216 04:02:00.165951 16873 containerizer.cpp:472] Starting container '08f46548-5b66-477c-949e-14d2f53e05e1' for executor 'thermos-1450238520007-www-data-devel-job6-0-75db3042-a39c-42ff-9317-896d0ccd69de' of framework '20151216-035825-33554442-5050-14879-0000'
I1216 04:02:00.167206 16877 slave.cpp:1378] Queuing task '1450238520007-www-data-devel-job6-0-75db3042-a39c-42ff-9317-896d0ccd69de' for executor thermos-1450238520007-www-data-devel-job6-0-75db3042-a39c-42ff-9317-896d0ccd69de of framework '20151216-035825-33554442-5050-14879-0000
I1216 04:02:00.167232 16873 launcher.cpp:130] Forked child with pid '17292' for container '08f46548-5b66-477c-949e-14d2f53e05e1'
I1216 04:02:00.167491 16873 containerizer.cpp:682] Checkpointing executor's forked pid 17292 to '/var/lib/mesos/slave/meta/slaves/20151216-035825-33554442-5050-14879-S1/frameworks/20151216-035825-33554442-5050-14879-0000/executors/thermos-1450238520007-www-data-devel-job6-0-75db3042-a39c-42ff-9317-896d0ccd69de/runs/08f46548-5b66-477c-949e-14d2f53e05e1/pids/forked.pid'
I1216 04:02:00.172276 16879 fetcher.cpp:238] Fetching URIs using command '/usr/libexec/mesos/mesos-fetcher'
I1216 04:02:00.231206 16871 slave.cpp:3135] Monitoring executor 'thermos-1450238520007-www-data-devel-job6-0-75db3042-a39c-42ff-9317-896d0ccd69de' of framework '20151216-035825-33554442-5050-14879-0000' in container '08f46548-5b66-477c-949e-14d2f53e05e1'
I1216 04:02:00.721480 16872 slave.cpp:2141] Got registration for executor 'thermos-1450238520007-www-data-devel-job6-0-75db3042-a39c-42ff-9317-896d0ccd69de' of framework 20151216-035825-33554442-5050-14879-0000 from executor(1)@10.0.0.5:37679
I1216 04:02:00.724864 16869 slave.cpp:1532] Sending queued task '1450238520007-www-data-devel-job6-0-75db3042-a39c-42ff-9317-896d0ccd69de' to executor 'thermos-1450238520007-www-data-devel-job6-0-75db3042-a39c-42ff-9317-896d0ccd69de' of framework 20151216-035825-33554442-5050-14879-0000
I1216 04:02:00.728133 16876 slave.cpp:2508] Handling status update TASK_STARTING (UUID: 0a0c6bed-490c-492e-a307-40166f3ac87b) for task 1450238520007-www-data-devel-job6-0-75db3042-a39c-42ff-9317-896d0ccd69de of framework 20151216-035825-33554442-5050-14879-0000 from executor(1)@10.0.0.5:37679
I1216 04:02:00.728278 16868 status_update_manager.cpp:317] Received status update TASK_STARTING (UUID: 0a0c6bed-490c-492e-a307-40166f3ac87b) for task 1450238520007-www-data-devel-job6-0-75db3042-a39c-42ff-9317-896d0ccd69de of framework 20151216-035825-33554442-5050-14879-0000
I1216 04:02:00.728663 16868 status_update_manager.hpp:346] Checkpointing UPDATE for status update TASK_STARTING (UUID: 0a0c6bed-490c-492e-a307-40166f3ac87b) for task 1450238520007-www-data-devel-job6-0-75db3042-a39c-42ff-9317-896d0ccd69de of framework 20151216-035825-33554442-5050-14879-0000
I1216 04:02:00.732324 16876 slave.cpp:2753] Forwarding the update TASK_STARTING (UUID: 0a0c6bed-490c-492e-a307-40166f3ac87b) for task 1450238520007-www-data-devel-job6-0-75db3042-a39c-42ff-9317-896d0ccd69de of framework 20151216-035825-33554442-5050-14879-0000 to master@10.0.0.2:5050
I1216 04:02:00.732453 16876 slave.cpp:2686] Sending acknowledgement for status update TASK_STARTING (UUID: 0a0c6bed-490c-492e-a307-40166f3ac87b) for task 1450238520007-www-data-devel-job6-0-75db3042-a39c-42ff-9317-896d0ccd69de of framework 20151216-035825-33554442-5050-14879-0000 to executor(1)@10.0.0.5:37679
I1216 04:02:00.742314 16880 status_update_manager.cpp:389] Received status update acknowledgement (UUID: 0a0c6bed-490c-492e-a307-40166f3ac87b) for task 1450238520007-www-data-devel-job6-0-75db3042-a39c-42ff-9317-896d0ccd69de of framework 20151216-035825-33554442-5050-14879-0000
I1216 04:02:00.742355 16880 status_update_manager.hpp:346] Checkpointing ACK for status update TASK_STARTING (UUID: 0a0c6bed-490c-492e-a307-40166f3ac87b) for task 1450238520007-www-data-devel-job6-0-75db3042-a39c-42ff-9317-896d0ccd69de of framework 20151216-035825-33554442-5050-14879-0000
I1216 04:02:01.291543 16880 slave.cpp:2508] Handling status update TASK_RUNNING (UUID: 5e8499cd-4670-4d22-985a-3895741ec1d0) for task 1450238520007-www-data-devel-job6-0-75db3042-a39c-42ff-9317-896d0ccd69de of framework 20151216-035825-33554442-5050-14879-0000 from executor(1)@10.0.0.5:37679
I1216 04:02:01.291733 16873 status_update_manager.cpp:317] Received status update TASK_RUNNING (UUID: 5e8499cd-4670-4d22-985a-3895741ec1d0) for task 1450238520007-www-data-devel-job6-0-75db3042-a39c-42ff-9317-896d0ccd69de of framework 20151216-035825-33554442-5050-14879-0000
I1216 04:02:01.291800 16873 status_update_manager.hpp:346] Checkpointing UPDATE for status update TASK_RUNNING (UUID: 5e8499cd-4670-4d22-985a-3895741ec1d0) for task 1450238520007-www-data-devel-job6-0-75db3042-a39c-42ff-9317-896d0ccd69de of framework 20151216-035825-33554442-5050-14879-0000
I1216 04:02:01.294775 16880 slave.cpp:2753] Forwarding the update TASK_RUNNING (UUID: 5e8499cd-4670-4d22-985a-3895741ec1d0) for task 1450238520007-www-data-devel-job6-0-75db3042-a39c-42ff-9317-896d0ccd69de of framework 20151216-035825-33554442-5050-14879-0000 to master@10.0.0.2:5050
I1216 04:02:01.294870 16880 slave.cpp:2686] Sending acknowledgement for status update TASK_RUNNING (UUID: 5e8499cd-4670-4d22-985a-3895741ec1d0) for task 1450238520007-www-data-devel-job6-0-75db3042-a39c-42ff-9317-896d0ccd69de of framework 20151216-035825-33554442-5050-14879-0000 to executor(1)@10.0.0.5:37679
I1216 04:02:01.305809 16877 status_update_manager.cpp:389] Received status update acknowledgement (UUID: 5e8499cd-4670-4d22-985a-3895741ec1d0) for task 1450238520007-www-data-devel-job6-0-75db3042-a39c-42ff-9317-896d0ccd69de of framework 20151216-035825-33554442-5050-14879-0000
I1216 04:02:01.305891 16877 status_update_manager.hpp:346] Checkpointing ACK for status update TASK_RUNNING (UUID: 5e8499cd-4670-4d22-985a-3895741ec1d0) for task 1450238520007-www-data-devel-job6-0-75db3042-a39c-42ff-9317-896d0ccd69de of framework 20151216-035825-33554442-5050-14879-0000
I1216 04:02:05.425479 16869 slave.cpp:2508] Handling status update TASK_FINISHED (UUID: b34bc542-337e-44b2-9486-b53e98bb71be) for task 1450238520007-www-data-devel-job6-0-75db3042-a39c-42ff-9317-896d0ccd69de of framework 20151216-035825-33554442-5050-14879-0000 from executor(1)@10.0.0.5:37679
I1216 04:02:05.426192 16876 status_update_manager.cpp:317] Received status update TASK_FINISHED (UUID: b34bc542-337e-44b2-9486-b53e98bb71be) for task 1450238520007-www-data-devel-job6-0-75db3042-a39c-42ff-9317-896d0ccd69de of framework 20151216-035825-33554442-5050-14879-0000
I1216 04:02:05.426302 16876 status_update_manager.hpp:346] Checkpointing UPDATE for status update TASK_FINISHED (UUID: b34bc542-337e-44b2-9486-b53e98bb71be) for task 1450238520007-www-data-devel-job6-0-75db3042-a39c-42ff-9317-896d0ccd69de of framework 20151216-035825-33554442-5050-14879-0000
I1216 04:02:05.429777 16869 slave.cpp:2753] Forwarding the update TASK_FINISHED (UUID: b34bc542-337e-44b2-9486-b53e98bb71be) for task 1450238520007-www-data-devel-job6-0-75db3042-a39c-42ff-9317-896d0ccd69de of framework 20151216-035825-33554442-5050-14879-0000 to master@10.0.0.2:5050
I1216 04:02:05.429992 16869 slave.cpp:2686] Sending acknowledgement for status update TASK_FINISHED (UUID: b34bc542-337e-44b2-9486-b53e98bb71be) for task 1450238520007-www-data-devel-job6-0-75db3042-a39c-42ff-9317-896d0ccd69de of framework 20151216-035825-33554442-5050-14879-0000 to executor(1)@10.0.0.5:37679
I1216 04:02:05.447201 16876 status_update_manager.cpp:389] Received status update acknowledgement (UUID: b34bc542-337e-44b2-9486-b53e98bb71be) for task 1450238520007-www-data-devel-job6-0-75db3042-a39c-42ff-9317-896d0ccd69de of framework 20151216-035825-33554442-5050-14879-0000
I1216 04:02:05.447263 16876 status_update_manager.hpp:346] Checkpointing ACK for status update TASK_FINISHED (UUID: b34bc542-337e-44b2-9486-b53e98bb71be) for task 1450238520007-www-data-devel-job6-0-75db3042-a39c-42ff-9317-896d0ccd69de of framework 20151216-035825-33554442-5050-14879-0000
I1216 04:02:05.908589 16877 slave.cpp:1121] Got assigned task 1450238520192-www-data-devel-job8-0-63ee2691-28b1-4e10-bc44-c889326e44e3 for framework 20151216-035825-33554442-5050-14879-0000
I1216 04:02:05.908823 16877 slave.cpp:1231] Launching task 1450238520192-www-data-devel-job8-0-63ee2691-28b1-4e10-bc44-c889326e44e3 for framework 20151216-035825-33554442-5050-14879-0000
I1216 04:02:05.912250 16877 slave.cpp:4160] Launching executor thermos-1450238520192-www-data-devel-job8-0-63ee2691-28b1-4e10-bc44-c889326e44e3 of framework 20151216-035825-33554442-5050-14879-0000 in work directory '/var/lib/mesos/slave/slaves/20151216-035825-33554442-5050-14879-S1/frameworks/20151216-035825-33554442-5050-14879-0000/executors/thermos-1450238520192-www-data-devel-job8-0-63ee2691-28b1-4e10-bc44-c889326e44e3/runs/a36c32e9-1698-4438-83d3-0c5321aea8db'
I1216 04:02:05.912412 16873 containerizer.cpp:472] Starting container 'a36c32e9-1698-4438-83d3-0c5321aea8db' for executor 'thermos-1450238520192-www-data-devel-job8-0-63ee2691-28b1-4e10-bc44-c889326e44e3' of framework '20151216-035825-33554442-5050-14879-0000'
I1216 04:02:05.912988 16877 slave.cpp:1378] Queuing task '1450238520192-www-data-devel-job8-0-63ee2691-28b1-4e10-bc44-c889326e44e3' for executor thermos-1450238520192-www-data-devel-job8-0-63ee2691-28b1-4e10-bc44-c889326e44e3 of framework '20151216-035825-33554442-5050-14879-0000
I1216 04:02:05.913745 16873 launcher.cpp:130] Forked child with pid '17349' for container 'a36c32e9-1698-4438-83d3-0c5321aea8db'
I1216 04:02:05.913961 16873 containerizer.cpp:682] Checkpointing executor's forked pid 17349 to '/var/lib/mesos/slave/meta/slaves/20151216-035825-33554442-5050-14879-S1/frameworks/20151216-035825-33554442-5050-14879-0000/executors/thermos-1450238520192-www-data-devel-job8-0-63ee2691-28b1-4e10-bc44-c889326e44e3/runs/a36c32e9-1698-4438-83d3-0c5321aea8db/pids/forked.pid'
I1216 04:02:05.917695 16868 fetcher.cpp:238] Fetching URIs using command '/usr/libexec/mesos/mesos-fetcher'
I1216 04:02:06.057636 16880 slave.cpp:3135] Monitoring executor 'thermos-1450238520192-www-data-devel-job8-0-63ee2691-28b1-4e10-bc44-c889326e44e3' of framework '20151216-035825-33554442-5050-14879-0000' in container 'a36c32e9-1698-4438-83d3-0c5321aea8db'
I1216 04:02:06.560902 16867 slave.cpp:2141] Got registration for executor 'thermos-1450238520192-www-data-devel-job8-0-63ee2691-28b1-4e10-bc44-c889326e44e3' of framework 20151216-035825-33554442-5050-14879-0000 from executor(1)@10.0.0.5:53706
I1216 04:02:06.561954 16878 slave.cpp:1532] Sending queued task '1450238520192-www-data-devel-job8-0-63ee2691-28b1-4e10-bc44-c889326e44e3' to executor 'thermos-1450238520192-www-data-devel-job8-0-63ee2691-28b1-4e10-bc44-c889326e44e3' of framework 20151216-035825-33554442-5050-14879-0000
I1216 04:02:06.570273 16881 slave.cpp:2508] Handling status update TASK_STARTING (UUID: b4fc732e-c95d-4651-b339-5cb58dfa8f0d) for task 1450238520192-www-data-devel-job8-0-63ee2691-28b1-4e10-bc44-c889326e44e3 of framework 20151216-035825-33554442-5050-14879-0000 from executor(1)@10.0.0.5:53706
I1216 04:02:06.570436 16880 status_update_manager.cpp:317] Received status update TASK_STARTING (UUID: b4fc732e-c95d-4651-b339-5cb58dfa8f0d) for task 1450238520192-www-data-devel-job8-0-63ee2691-28b1-4e10-bc44-c889326e44e3 of framework 20151216-035825-33554442-5050-14879-0000
I1216 04:02:06.570961 16880 status_update_manager.hpp:346] Checkpointing UPDATE for status update TASK_STARTING (UUID: b4fc732e-c95d-4651-b339-5cb58dfa8f0d) for task 1450238520192-www-data-devel-job8-0-63ee2691-28b1-4e10-bc44-c889326e44e3 of framework 20151216-035825-33554442-5050-14879-0000
I1216 04:02:06.574092 16876 slave.cpp:2753] Forwarding the update TASK_STARTING (UUID: b4fc732e-c95d-4651-b339-5cb58dfa8f0d) for task 1450238520192-www-data-devel-job8-0-63ee2691-28b1-4e10-bc44-c889326e44e3 of framework 20151216-035825-33554442-5050-14879-0000 to master@10.0.0.2:5050
