I1216 04:05:00.856240 16878 slave.cpp:1532] Sending queued task '1450238700016-www-data-devel-job28-0-bcda1419-a03b-4274-940b-58fcb209edd7' to executor 'thermos-1450238700016-www-data-devel-job28-0-bcda1419-a03b-4274-940b-58fcb209edd7' of framework 20151216-035825-33554442-5050-14879-0000
I1216 04:05:00.861809 16869 slave.cpp:2508] Handling status update TASK_STARTING (UUID: eeae894b-25ed-453e-bbb4-ccdf2eb2031d) for task 1450238700016-www-data-devel-job28-0-bcda1419-a03b-4274-940b-58fcb209edd7 of framework 20151216-035825-33554442-5050-14879-0000 from executor(1)@10.0.0.5:45111
I1216 04:05:00.861999 16872 status_update_manager.cpp:317] Received status update TASK_STARTING (UUID: eeae894b-25ed-453e-bbb4-ccdf2eb2031d) for task 1450238700016-www-data-devel-job28-0-bcda1419-a03b-4274-940b-58fcb209edd7 of framework 20151216-035825-33554442-5050-14879-0000
I1216 04:05:00.862382 16872 status_update_manager.hpp:346] Checkpointing UPDATE for status update TASK_STARTING (UUID: eeae894b-25ed-453e-bbb4-ccdf2eb2031d) for task 1450238700016-www-data-devel-job28-0-bcda1419-a03b-4274-940b-58fcb209edd7 of framework 20151216-035825-33554442-5050-14879-0000
I1216 04:05:00.866143 16875 slave.cpp:2753] Forwarding the update TASK_STARTING (UUID: eeae894b-25ed-453e-bbb4-ccdf2eb2031d) for task 1450238700016-www-data-devel-job28-0-bcda1419-a03b-4274-940b-58fcb209edd7 of framework 20151216-035825-33554442-5050-14879-0000 to master@10.0.0.2:5050
I1216 04:05:00.866278 16875 slave.cpp:2686] Sending acknowledgement for status update TASK_STARTING (UUID: eeae894b-25ed-453e-bbb4-ccdf2eb2031d) for task 1450238700016-www-data-devel-job28-0-bcda1419-a03b-4274-940b-58fcb209edd7 of framework 20151216-035825-33554442-5050-14879-0000 to executor(1)@10.0.0.5:45111
I1216 04:05:00.873631 16869 status_update_manager.cpp:389] Received status update acknowledgement (UUID: eeae894b-25ed-453e-bbb4-ccdf2eb2031d) for task 1450238700016-www-data-devel-job28-0-bcda1419-a03b-4274-940b-58fcb209edd7 of framework 20151216-035825-33554442-5050-14879-0000
I1216 04:05:00.873667 16869 status_update_manager.hpp:346] Checkpointing ACK for status update TASK_STARTING (UUID: eeae894b-25ed-453e-bbb4-ccdf2eb2031d) for task 1450238700016-www-data-devel-job28-0-bcda1419-a03b-4274-940b-58fcb209edd7 of framework 20151216-035825-33554442-5050-14879-0000
I1216 04:05:01.426553 16880 slave.cpp:2508] Handling status update TASK_RUNNING (UUID: 11ed26a7-2ac3-45f9-bbea-08d6fc42d4b2) for task 1450238700016-www-data-devel-job28-0-bcda1419-a03b-4274-940b-58fcb209edd7 of framework 20151216-035825-33554442-5050-14879-0000 from executor(1)@10.0.0.5:45111
I1216 04:05:01.426748 16881 status_update_manager.cpp:317] Received status update TASK_RUNNING (UUID: 11ed26a7-2ac3-45f9-bbea-08d6fc42d4b2) for task 1450238700016-www-data-devel-job28-0-bcda1419-a03b-4274-940b-58fcb209edd7 of framework 20151216-035825-33554442-5050-14879-0000
I1216 04:05:01.426831 16881 status_update_manager.hpp:346] Checkpointing UPDATE for status update TASK_RUNNING (UUID: 11ed26a7-2ac3-45f9-bbea-08d6fc42d4b2) for task 1450238700016-www-data-devel-job28-0-bcda1419-a03b-4274-940b-58fcb209edd7 of framework 20151216-035825-33554442-5050-14879-0000
I1216 04:05:01.429992 16868 slave.cpp:2753] Forwarding the update TASK_RUNNING (UUID: 11ed26a7-2ac3-45f9-bbea-08d6fc42d4b2) for task 1450238700016-www-data-devel-job28-0-bcda1419-a03b-4274-940b-58fcb209edd7 of framework 20151216-035825-33554442-5050-14879-0000 to master@10.0.0.2:5050
I1216 04:05:01.430116 16868 slave.cpp:2686] Sending acknowledgement for status update TASK_RUNNING (UUID: 11ed26a7-2ac3-45f9-bbea-08d6fc42d4b2) for task 1450238700016-www-data-devel-job28-0-bcda1419-a03b-4274-940b-58fcb209edd7 of framework 20151216-035825-33554442-5050-14879-0000 to executor(1)@10.0.0.5:45111
I1216 04:05:01.437976 16874 status_update_manager.cpp:389] Received status update acknowledgement (UUID: 11ed26a7-2ac3-45f9-bbea-08d6fc42d4b2) for task 1450238700016-www-data-devel-job28-0-bcda1419-a03b-4274-940b-58fcb209edd7 of framework 20151216-035825-33554442-5050-14879-0000
I1216 04:05:01.438022 16874 status_update_manager.hpp:346] Checkpointing ACK for status update TASK_RUNNING (UUID: 11ed26a7-2ac3-45f9-bbea-08d6fc42d4b2) for task 1450238700016-www-data-devel-job28-0-bcda1419-a03b-4274-940b-58fcb209edd7 of framework 20151216-035825-33554442-5050-14879-0000
I1216 04:05:05.886572 16874 slave.cpp:1121] Got assigned task 1450238700029-www-data-devel-job22-0-2eac3152-f289-4b4f-9cfc-e158d2f0d8e6 for framework 20151216-035825-33554442-5050-14879-0000
I1216 04:05:05.887614 16874 slave.cpp:1231] Launching task 1450238700029-www-data-devel-job22-0-2eac3152-f289-4b4f-9cfc-e158d2f0d8e6 for framework 20151216-035825-33554442-5050-14879-0000
I1216 04:05:05.891129 16874 slave.cpp:4160] Launching executor thermos-1450238700029-www-data-devel-job22-0-2eac3152-f289-4b4f-9cfc-e158d2f0d8e6 of framework 20151216-035825-33554442-5050-14879-0000 in work directory '/var/lib/mesos/slave/slaves/20151216-035825-33554442-5050-14879-S1/frameworks/20151216-035825-33554442-5050-14879-0000/executors/thermos-1450238700029-www-data-devel-job22-0-2eac3152-f289-4b4f-9cfc-e158d2f0d8e6/runs/e762ec5d-828f-4859-ad99-987020cab641'
I1216 04:05:05.891386 16877 containerizer.cpp:472] Starting container 'e762ec5d-828f-4859-ad99-987020cab641' for executor 'thermos-1450238700029-www-data-devel-job22-0-2eac3152-f289-4b4f-9cfc-e158d2f0d8e6' of framework '20151216-035825-33554442-5050-14879-0000'
I1216 04:05:05.893160 16874 slave.cpp:1378] Queuing task '1450238700029-www-data-devel-job22-0-2eac3152-f289-4b4f-9cfc-e158d2f0d8e6' for executor thermos-1450238700029-www-data-devel-job22-0-2eac3152-f289-4b4f-9cfc-e158d2f0d8e6 of framework '20151216-035825-33554442-5050-14879-0000
I1216 04:05:05.893365 16877 launcher.cpp:130] Forked child with pid '18146' for container 'e762ec5d-828f-4859-ad99-987020cab641'
I1216 04:05:05.893546 16877 containerizer.cpp:682] Checkpointing executor's forked pid 18146 to '/var/lib/mesos/slave/meta/slaves/20151216-035825-33554442-5050-14879-S1/frameworks/20151216-035825-33554442-5050-14879-0000/executors/thermos-1450238700029-www-data-devel-job22-0-2eac3152-f289-4b4f-9cfc-e158d2f0d8e6/runs/e762ec5d-828f-4859-ad99-987020cab641/pids/forked.pid'
I1216 04:05:05.897953 16877 fetcher.cpp:238] Fetching URIs using command '/usr/libexec/mesos/mesos-fetcher'
I1216 04:05:05.987370 16877 slave.cpp:3135] Monitoring executor 'thermos-1450238700029-www-data-devel-job22-0-2eac3152-f289-4b4f-9cfc-e158d2f0d8e6' of framework '20151216-035825-33554442-5050-14879-0000' in container 'e762ec5d-828f-4859-ad99-987020cab641'
I1216 04:05:06.485630 16870 slave.cpp:2141] Got registration for executor 'thermos-1450238700029-www-data-devel-job22-0-2eac3152-f289-4b4f-9cfc-e158d2f0d8e6' of framework 20151216-035825-33554442-5050-14879-0000 from executor(1)@10.0.0.5:56797
I1216 04:05:06.486584 16870 slave.cpp:1532] Sending queued task '1450238700029-www-data-devel-job22-0-2eac3152-f289-4b4f-9cfc-e158d2f0d8e6' to executor 'thermos-1450238700029-www-data-devel-job22-0-2eac3152-f289-4b4f-9cfc-e158d2f0d8e6' of framework 20151216-035825-33554442-5050-14879-0000
I1216 04:05:06.492069 16871 slave.cpp:2508] Handling status update TASK_STARTING (UUID: 91d3ebdf-b7c7-4ee7-a355-b5951c84b5eb) for task 1450238700029-www-data-devel-job22-0-2eac3152-f289-4b4f-9cfc-e158d2f0d8e6 of framework 20151216-035825-33554442-5050-14879-0000 from executor(1)@10.0.0.5:56797
I1216 04:05:06.492274 16876 status_update_manager.cpp:317] Received status update TASK_STARTING (UUID: 91d3ebdf-b7c7-4ee7-a355-b5951c84b5eb) for task 1450238700029-www-data-devel-job22-0-2eac3152-f289-4b4f-9cfc-e158d2f0d8e6 of framework 20151216-035825-33554442-5050-14879-0000
I1216 04:05:06.492614 16876 status_update_manager.hpp:346] Checkpointing UPDATE for status update TASK_STARTING (UUID: 91d3ebdf-b7c7-4ee7-a355-b5951c84b5eb) for task 1450238700029-www-data-devel-job22-0-2eac3152-f289-4b4f-9cfc-e158d2f0d8e6 of framework 20151216-035825-33554442-5050-14879-0000
I1216 04:05:06.495926 16878 slave.cpp:2753] Forwarding the update TASK_STARTING (UUID: 91d3ebdf-b7c7-4ee7-a355-b5951c84b5eb) for task 1450238700029-www-data-devel-job22-0-2eac3152-f289-4b4f-9cfc-e158d2f0d8e6 of framework 20151216-035825-33554442-5050-14879-0000 to master@10.0.0.2:5050
I1216 04:05:06.496047 16878 slave.cpp:2686] Sending acknowledgement for status update TASK_STARTING (UUID: 91d3ebdf-b7c7-4ee7-a355-b5951c84b5eb) for task 1450238700029-www-data-devel-job22-0-2eac3152-f289-4b4f-9cfc-e158d2f0d8e6 of framework 20151216-035825-33554442-5050-14879-0000 to executor(1)@10.0.0.5:56797
I1216 04:05:06.503294 16876 status_update_manager.cpp:389] Received status update acknowledgement (UUID: 91d3ebdf-b7c7-4ee7-a355-b5951c84b5eb) for task 1450238700029-www-data-devel-job22-0-2eac3152-f289-4b4f-9cfc-e158d2f0d8e6 of framework 20151216-035825-33554442-5050-14879-0000
I1216 04:05:06.503355 16876 status_update_manager.hpp:346] Checkpointing ACK for status update TASK_STARTING (UUID: 91d3ebdf-b7c7-4ee7-a355-b5951c84b5eb) for task 1450238700029-www-data-devel-job22-0-2eac3152-f289-4b4f-9cfc-e158d2f0d8e6 of framework 20151216-035825-33554442-5050-14879-0000
I1216 04:05:07.556118 16870 slave.cpp:2508] Handling status update TASK_RUNNING (UUID: f80a122f-3352-47ef-95df-7796a71b1156) for task 1450238700029-www-data-devel-job22-0-2eac3152-f289-4b4f-9cfc-e158d2f0d8e6 of framework 20151216-035825-33554442-5050-14879-0000 from executor(1)@10.0.0.5:56797
I1216 04:05:07.556303 16867 status_update_manager.cpp:317] Received status update TASK_RUNNING (UUID: f80a122f-3352-47ef-95df-7796a71b1156) for task 1450238700029-www-data-devel-job22-0-2eac3152-f289-4b4f-9cfc-e158d2f0d8e6 of framework 20151216-035825-33554442-5050-14879-0000
I1216 04:05:07.556378 16867 status_update_manager.hpp:346] Checkpointing UPDATE for status update TASK_RUNNING (UUID: f80a122f-3352-47ef-95df-7796a71b1156) for task 1450238700029-www-data-devel-job22-0-2eac3152-f289-4b4f-9cfc-e158d2f0d8e6 of framework 20151216-035825-33554442-5050-14879-0000
I1216 04:05:07.559274 16878 slave.cpp:2753] Forwarding the update TASK_RUNNING (UUID: f80a122f-3352-47ef-95df-7796a71b1156) for task 1450238700029-www-data-devel-job22-0-2eac3152-f289-4b4f-9cfc-e158d2f0d8e6 of framework 20151216-035825-33554442-5050-14879-0000 to master@10.0.0.2:5050
I1216 04:05:07.559391 16878 slave.cpp:2686] Sending acknowledgement for status update TASK_RUNNING (UUID: f80a122f-3352-47ef-95df-7796a71b1156) for task 1450238700029-www-data-devel-job22-0-2eac3152-f289-4b4f-9cfc-e158d2f0d8e6 of framework 20151216-035825-33554442-5050-14879-0000 to executor(1)@10.0.0.5:56797
I1216 04:05:07.565752 16867 status_update_manager.cpp:389] Received status update acknowledgement (UUID: f80a122f-3352-47ef-95df-7796a71b1156) for task 1450238700029-www-data-devel-job22-0-2eac3152-f289-4b4f-9cfc-e158d2f0d8e6 of framework 20151216-035825-33554442-5050-14879-0000
I1216 04:05:07.565819 16867 status_update_manager.hpp:346] Checkpointing ACK for status update TASK_RUNNING (UUID: f80a122f-3352-47ef-95df-7796a71b1156) for task 1450238700029-www-data-devel-job22-0-2eac3152-f289-4b4f-9cfc-e158d2f0d8e6 of framework 20151216-035825-33554442-5050-14879-0000
I1216 04:05:08.563637 16878 slave.cpp:2508] Handling status update TASK_FINISHED (UUID: 49e76d10-6bd3-4702-8525-2df864eccc24) for task 1450238700016-www-data-devel-job28-0-bcda1419-a03b-4274-940b-58fcb209edd7 of framework 20151216-035825-33554442-5050-14879-0000 from executor(1)@10.0.0.5:45111
I1216 04:05:08.564131 16879 status_update_manager.cpp:317] Received status update TASK_FINISHED (UUID: 49e76d10-6bd3-4702-8525-2df864eccc24) for task 1450238700016-www-data-devel-job28-0-bcda1419-a03b-4274-940b-58fcb209edd7 of framework 20151216-035825-33554442-5050-14879-0000
I1216 04:05:08.564172 16879 status_update_manager.hpp:346] Checkpointing UPDATE for status update TASK_FINISHED (UUID: 49e76d10-6bd3-4702-8525-2df864eccc24) for task 1450238700016-www-data-devel-job28-0-bcda1419-a03b-4274-940b-58fcb209edd7 of framework 20151216-035825-33554442-5050-14879-0000
I1216 04:05:08.569880 16876 slave.cpp:2753] Forwarding the update TASK_FINISHED (UUID: 49e76d10-6bd3-4702-8525-2df864eccc24) for task 1450238700016-www-data-devel-job28-0-bcda1419-a03b-4274-940b-58fcb209edd7 of framework 20151216-035825-33554442-5050-14879-0000 to master@10.0.0.2:5050
I1216 04:05:08.570050 16876 slave.cpp:2686] Sending acknowledgement for status update TASK_FINISHED (UUID: 49e76d10-6bd3-4702-8525-2df864eccc24) for task 1450238700016-www-data-devel-job28-0-bcda1419-a03b-4274-940b-58fcb209edd7 of framework 20151216-035825-33554442-5050-14879-0000 to executor(1)@10.0.0.5:45111
I1216 04:05:08.577076 16874 status_update_manager.cpp:389] Received status update acknowledgement (UUID: 49e76d10-6bd3-4702-8525-2df864eccc24) for task 1450238700016-www-data-devel-job28-0-bcda1419-a03b-4274-940b-58fcb209edd7 of framework 20151216-035825-33554442-5050-14879-0000
I1216 04:05:08.577112 16874 status_update_manager.hpp:346] Checkpointing ACK for status update TASK_FINISHED (UUID: 49e76d10-6bd3-4702-8525-2df864eccc24) for task 1450238700016-www-data-devel-job28-0-bcda1419-a03b-4274-940b-58fcb209edd7 of framework 20151216-035825-33554442-5050-14879-0000
I1216 04:05:10.058111 16874 slave.cpp:1121] Got assigned task 1450238700053-www-data-devel-job20-0-9201cd89-a900-479c-accc-e65481b6a7df for framework 20151216-035825-33554442-5050-14879-0000
I1216 04:05:10.058415 16874 slave.cpp:1231] Launching task 1450238700053-www-data-devel-job20-0-9201cd89-a900-479c-accc-e65481b6a7df for framework 20151216-035825-33554442-5050-14879-0000
I1216 04:05:10.060462 16874 slave.cpp:4160] Launching executor thermos-1450238700053-www-data-devel-job20-0-9201cd89-a900-479c-accc-e65481b6a7df of framework 20151216-035825-33554442-5050-14879-0000 in work directory '/var/lib/mesos/slave/slaves/20151216-035825-33554442-5050-14879-S1/frameworks/20151216-035825-33554442-5050-14879-0000/executors/thermos-1450238700053-www-data-devel-job20-0-9201cd89-a900-479c-accc-e65481b6a7df/runs/40799209-1c72-4a3c-8865-56bee42e6286'
I1216 04:05:10.060667 16870 containerizer.cpp:472] Starting container '40799209-1c72-4a3c-8865-56bee42e6286' for executor 'thermos-1450238700053-www-data-devel-job20-0-9201cd89-a900-479c-accc-e65481b6a7df' of framework '20151216-035825-33554442-5050-14879-0000'
I1216 04:05:10.061362 16874 slave.cpp:1378] Queuing task '1450238700053-www-data-devel-job20-0-9201cd89-a900-479c-accc-e65481b6a7df' for executor thermos-1450238700053-www-data-devel-job20-0-9201cd89-a900-479c-accc-e65481b6a7df of framework '20151216-035825-33554442-5050-14879-0000
I1216 04:05:10.062252 16870 launcher.cpp:130] Forked child with pid '18203' for container '40799209-1c72-4a3c-8865-56bee42e6286'
I1216 04:05:10.062487 16870 containerizer.cpp:682] Checkpointing executor's forked pid 18203 to '/var/lib/mesos/slave/meta/slaves/20151216-035825-33554442-5050-14879-S1/frameworks/20151216-035825-33554442-5050-14879-0000/executors/thermos-1450238700053-www-data-devel-job20-0-9201cd89-a900-479c-accc-e65481b6a7df/runs/40799209-1c72-4a3c-8865-56bee42e6286/pids/forked.pid'
I1216 04:05:10.066882 16871 fetcher.cpp:238] Fetching URIs using command '/usr/libexec/mesos/mesos-fetcher'
I1216 04:05:10.207229 16870 slave.cpp:3135] Monitoring executor 'thermos-1450238700053-www-data-devel-job20-0-9201cd89-a900-479c-accc-e65481b6a7df' of framework '20151216-035825-33554442-5050-14879-0000' in container '40799209-1c72-4a3c-8865-56bee42e6286'
I1216 04:05:10.700621 16873 slave.cpp:2141] Got registration for executor 'thermos-1450238700053-www-data-devel-job20-0-9201cd89-a900-479c-accc-e65481b6a7df' of framework 20151216-035825-33554442-5050-14879-0000 from executor(1)@10.0.0.5:56605
I1216 04:05:10.701899 16880 slave.cpp:1532] Sending queued task '1450238700053-www-data-devel-job20-0-9201cd89-a900-479c-accc-e65481b6a7df' to executor 'thermos-1450238700053-www-data-devel-job20-0-9201cd89-a900-479c-accc-e65481b6a7df' of framework 20151216-035825-33554442-5050-14879-0000
I1216 04:05:10.707427 16875 slave.cpp:2508] Handling status update TASK_STARTING (UUID: 7bfd9466-330c-41e2-9e40-bb58e93aae87) for task 1450238700053-www-data-devel-job20-0-9201cd89-a900-479c-accc-e65481b6a7df of framework 20151216-035825-33554442-5050-14879-0000 from executor(1)@10.0.0.5:56605
I1216 04:05:10.707583 16873 status_update_manager.cpp:317] Received status update TASK_STARTING (UUID: 7bfd9466-330c-41e2-9e40-bb58e93aae87) for task 1450238700053-www-data-devel-job20-0-9201cd89-a900-479c-accc-e65481b6a7df of framework 20151216-035825-33554442-5050-14879-0000
I1216 04:05:10.707990 16873 status_update_manager.hpp:346] Checkpointing UPDATE for status update TASK_STARTING (UUID: 7bfd9466-330c-41e2-9e40-bb58e93aae87) for task 1450238700053-www-data-devel-job20-0-9201cd89-a900-479c-accc-e65481b6a7df of framework 20151216-035825-33554442-5050-14879-0000
I1216 04:05:10.714051 16867 slave.cpp:2753] Forwarding the update TASK_STARTING (UUID: 7bfd9466-330c-41e2-9e40-bb58e93aae87) for task 1450238700053-www-data-devel-job20-0-9201cd89-a900-479c-accc-e65481b6a7df of framework 20151216-035825-33554442-5050-14879-0000 to master@10.0.0.2:5050
I1216 04:05:10.714160 16867 slave.cpp:2686] Sending acknowledgement for status update TASK_STARTING (UUID: 7bfd9466-330c-41e2-9e40-bb58e93aae87) for task 1450238700053-www-data-devel-job20-0-9201cd89-a900-479c-accc-e65481b6a7df of framework 20151216-035825-33554442-5050-14879-0000 to executor(1)@10.0.0.5:56605
I1216 04:05:10.722820 16873 status_update_manager.cpp:389] Received status update acknowledgement (UUID: 7bfd9466-330c-41e2-9e40-bb58e93aae87) for task 1450238700053-www-data-devel-job20-0-9201cd89-a900-479c-accc-e65481b6a7df of framework 20151216-035825-33554442-5050-14879-0000
I1216 04:05:10.722923 16873 status_update_manager.hpp:346] Checkpointing ACK for status update TASK_STARTING (UUID: 7bfd9466-330c-41e2-9e40-bb58e93aae87) for task 1450238700053-www-data-devel-job20-0-9201cd89-a900-479c-accc-e65481b6a7df of framework 20151216-035825-33554442-5050-14879-0000
I1216 04:05:11.270411 16869 slave.cpp:2508] Handling status update TASK_RUNNING (UUID: f2c70eca-0250-42d5-8aee-f1604d50d466) for task 1450238700053-www-data-devel-job20-0-9201cd89-a900-479c-accc-e65481b6a7df of framework 20151216-035825-33554442-5050-14879-0000 from executor(1)@10.0.0.5:56605
I1216 04:05:11.270577 16877 status_update_manager.cpp:317] Received status update TASK_RUNNING (UUID: f2c70eca-0250-42d5-8aee-f1604d50d466) for task 1450238700053-www-data-devel-job20-0-9201cd89-a900-479c-accc-e65481b6a7df of framework 20151216-035825-33554442-5050-14879-0000
I1216 04:05:11.270640 16877 status_update_manager.hpp:346] Checkpointing UPDATE for status update TASK_RUNNING (UUID: f2c70eca-0250-42d5-8aee-f1604d50d466) for task 1450238700053-www-data-devel-job20-0-9201cd89-a900-479c-accc-e65481b6a7df of framework 20151216-035825-33554442-5050-14879-0000
I1216 04:05:11.273818 16873 slave.cpp:2753] Forwarding the update TASK_RUNNING (UUID: f2c70eca-0250-42d5-8aee-f1604d50d466) for task 1450238700053-www-data-devel-job20-0-9201cd89-a900-479c-accc-e65481b6a7df of framework 20151216-035825-33554442-5050-14879-0000 to master@10.0.0.2:5050
I1216 04:05:11.273932 16873 slave.cpp:2686] Sending acknowledgement for status update TASK_RUNNING (UUID: f2c70eca-0250-42d5-8aee-f1604d50d466) for task 1450238700053-www-data-devel-job20-0-9201cd89-a900-479c-accc-e65481b6a7df of framework 20151216-035825-33554442-5050-14879-0000 to executor(1)@10.0.0.5:56605
I1216 04:05:11.282989 16869 status_update_manager.cpp:389] Received status update acknowledgement (UUID: f2c70eca-0250-42d5-8aee-f1604d50d466) for task 1450238700053-www-data-devel-job20-0-9201cd89-a900-479c-accc-e65481b6a7df of framework 20151216-035825-33554442-5050-14879-0000
I1216 04:05:11.283030 16869 status_update_manager.hpp:346] Checkpointing ACK for status update TASK_RUNNING (UUID: f2c70eca-0250-42d5-8aee-f1604d50d466) for task 1450238700053-www-data-devel-job20-0-9201cd89-a900-479c-accc-e65481b6a7df of framework 20151216-035825-33554442-5050-14879-0000
I1216 04:05:13.625159 16874 containerizer.cpp:1111] Executor for container 'b760af91-affd-4cce-9105-8a01643da51b' has exited
I1216 04:05:13.625340 16874 containerizer.cpp:906] Destroying container 'b760af91-affd-4cce-9105-8a01643da51b'
I1216 04:05:13.627331 16880 slave.cpp:3193] Executor 'thermos-1450238700016-www-data-devel-job28-0-bcda1419-a03b-4274-940b-58fcb209edd7' of framework 20151216-035825-33554442-5050-14879-0000 exited with status 0
I1216 04:05:13.627501 16880 slave.cpp:3302] Cleaning up executor 'thermos-1450238700016-www-data-devel-job28-0-bcda1419-a03b-4274-940b-58fcb209edd7' of framework 20151216-035825-33554442-5050-14879-0000
I1216 04:05:13.627827 16874 gc.cpp:56] Scheduling '/var/lib/mesos/slave/slaves/20151216-035825-33554442-5050-14879-S1/frameworks/20151216-035825-33554442-5050-14879-0000/executors/thermos-1450238700016-www-data-devel-job28-0-bcda1419-a03b-4274-940b-58fcb209edd7/runs/b760af91-affd-4cce-9105-8a01643da51b' for gc 6.99999273413333days in the future
I1216 04:05:13.627943 16874 gc.cpp:56] Scheduling '/var/lib/mesos/slave/slaves/20151216-035825-33554442-5050-14879-S1/frameworks/20151216-035825-33554442-5050-14879-0000/executors/thermos-1450238700016-www-data-devel-job28-0-bcda1419-a03b-4274-940b-58fcb209edd7' for gc 6.99999273268444days in the future
I1216 04:05:13.628041 16879 gc.cpp:56] Scheduling '/var/lib/mesos/slave/meta/slaves/20151216-035825-33554442-5050-14879-S1/frameworks/20151216-035825-33554442-5050-14879-0000/executors/thermos-1450238700016-www-data-devel-job28-0-bcda1419-a03b-4274-940b-58fcb209edd7/runs/b760af91-affd-4cce-9105-8a01643da51b' for gc 6.99999273163259days in the future
I1216 04:05:13.628118 16879 gc.cpp:56] Scheduling '/var/lib/mesos/slave/meta/slaves/20151216-035825-33554442-5050-14879-S1/frameworks/20151216-035825-33554442-5050-14879-0000/executors/thermos-1450238700016-www-data-devel-job28-0-bcda1419-a03b-4274-940b-58fcb209edd7' for gc 6.99999273071704days in the future
I1216 04:05:14.193122 16872 slave.cpp:2508] Handling status update TASK_FINISHED (UUID: 2dfb317b-cda9-4fef-9651-7c4e896333d7) for task 1450238700029-www-data-devel-job22-0-2eac3152-f289-4b4f-9cfc-e158d2f0d8e6 of framework 20151216-035825-33554442-5050-14879-0000 from executor(1)@10.0.0.5:56797
I1216 04:05:14.193677 16867 status_update_manager.cpp:317] Received status update TASK_FINISHED (UUID: 2dfb317b-cda9-4fef-9651-7c4e896333d7) for task 1450238700029-www-data-devel-job22-0-2eac3152-f289-4b4f-9cfc-e158d2f0d8e6 of framework 20151216-035825-33554442-5050-14879-0000
I1216 04:05:14.193727 16867 status_update_manager.hpp:346] Checkpointing UPDATE for status update TASK_FINISHED (UUID: 2dfb317b-cda9-4fef-9651-7c4e896333d7) for task 1450238700029-www-data-devel-job22-0-2eac3152-f289-4b4f-9cfc-e158d2f0d8e6 of framework 20151216-035825-33554442-5050-14879-0000
I1216 04:05:14.197234 16877 slave.cpp:2753] Forwarding the update TASK_FINISHED (UUID: 2dfb317b-cda9-4fef-9651-7c4e896333d7) for task 1450238700029-www-data-devel-job22-0-2eac3152-f289-4b4f-9cfc-e158d2f0d8e6 of framework 20151216-035825-33554442-5050-14879-0000 to master@10.0.0.2:5050
I1216 04:05:14.197356 16877 slave.cpp:2686] Sending acknowledgement for status update TASK_FINISHED (UUID: 2dfb317b-cda9-4fef-9651-7c4e896333d7) for task 1450238700029-www-data-devel-job22-0-2eac3152-f289-4b4f-9cfc-e158d2f0d8e6 of framework 20151216-035825-33554442-5050-14879-0000 to executor(1)@10.0.0.5:56797
I1216 04:05:14.205265 16866 status_update_manager.cpp:389] Received status update acknowledgement (UUID: 2dfb317b-cda9-4fef-9651-7c4e896333d7) for task 1450238700029-www-data-devel-job22-0-2eac3152-f289-4b4f-9cfc-e158d2f0d8e6 of framework 20151216-035825-33554442-5050-14879-0000
I1216 04:05:14.205301 16866 status_update_manager.hpp:346] Checkpointing ACK for status update TASK_FINISHED (UUID: 2dfb317b-cda9-4fef-9651-7c4e896333d7) for task 1450238700029-www-data-devel-job22-0-2eac3152-f289-4b4f-9cfc-e158d2f0d8e6 of framework 20151216-035825-33554442-5050-14879-0000
I1216 04:05:18.279440 16880 slave.cpp:1121] Got assigned task 1450238700074-www-data-devel-job12-0-57d567f2-45f8-4d92-8120-04705462f434 for framework 20151216-035825-33554442-5050-14879-0000
I1216 04:05:18.279670 16880 slave.cpp:1231] Launching task 1450238700074-www-data-devel-job12-0-57d567f2-45f8-4d92-8120-04705462f434 for framework 20151216-035825-33554442-5050-14879-0000
I1216 04:05:18.281420 16880 slave.cpp:4160] Launching executor thermos-1450238700074-www-data-devel-job12-0-57d567f2-45f8-4d92-8120-04705462f434 of framework 20151216-035825-33554442-5050-14879-0000 in work directory '/var/lib/mesos/slave/slaves/20151216-035825-33554442-5050-14879-S1/frameworks/20151216-035825-33554442-5050-14879-0000/executors/thermos-1450238700074-www-data-devel-job12-0-57d567f2-45f8-4d92-8120-04705462f434/runs/b6b37909-53d9-49a4-b889-66d84355b5f9'
I1216 04:05:18.281577 16868 containerizer.cpp:472] Starting container 'b6b37909-53d9-49a4-b889-66d84355b5f9' for executor 'thermos-1450238700074-www-data-devel-job12-0-57d567f2-45f8-4d92-8120-04705462f434' of framework '20151216-035825-33554442-5050-14879-0000'
I1216 04:05:18.283638 16868 launcher.cpp:130] Forked child with pid '18261' for container 'b6b37909-53d9-49a4-b889-66d84355b5f9'
I1216 04:05:18.283804 16880 slave.cpp:1378] Queuing task '1450238700074-www-data-devel-job12-0-57d567f2-45f8-4d92-8120-04705462f434' for executor thermos-1450238700074-www-data-devel-job12-0-57d567f2-45f8-4d92-8120-04705462f434 of framework '20151216-035825-33554442-5050-14879-0000
I1216 04:05:18.283856 16868 containerizer.cpp:682] Checkpointing executor's forked pid 18261 to '/var/lib/mesos/slave/meta/slaves/20151216-035825-33554442-5050-14879-S1/frameworks/20151216-035825-33554442-5050-14879-0000/executors/thermos-1450238700074-www-data-devel-job12-0-57d567f2-45f8-4d92-8120-04705462f434/runs/b6b37909-53d9-49a4-b889-66d84355b5f9/pids/forked.pid'
I1216 04:05:18.287382 16867 fetcher.cpp:238] Fetching URIs using command '/usr/libexec/mesos/mesos-fetcher'
I1216 04:05:18.349156 16880 slave.cpp:3135] Monitoring executor 'thermos-1450238700074-www-data-devel-job12-0-57d567f2-45f8-4d92-8120-04705462f434' of framework '20151216-035825-33554442-5050-14879-0000' in container 'b6b37909-53d9-49a4-b889-66d84355b5f9'
I1216 04:05:18.839611 16872 slave.cpp:2141] Got registration for executor 'thermos-1450238700074-www-data-devel-job12-0-57d567f2-45f8-4d92-8120-04705462f434' of framework 20151216-035825-33554442-5050-14879-0000 from executor(1)@10.0.0.5:42006
I1216 04:05:18.840644 16867 slave.cpp:1532] Sending queued task '1450238700074-www-data-devel-job12-0-57d567f2-45f8-4d92-8120-04705462f434' to executor 'thermos-1450238700074-www-data-devel-job12-0-57d567f2-45f8-4d92-8120-04705462f434' of framework 20151216-035825-33554442-5050-14879-0000
I1216 04:05:18.846101 16876 slave.cpp:2508] Handling status update TASK_STARTING (UUID: bdadc47b-f0fe-48b4-92c8-f2ff0845ee11) for task 1450238700074-www-data-devel-job12-0-57d567f2-45f8-4d92-8120-04705462f434 of framework 20151216-035825-33554442-5050-14879-0000 from executor(1)@10.0.0.5:42006
I1216 04:05:18.846272 16875 status_update_manager.cpp:317] Received status update TASK_STARTING (UUID: bdadc47b-f0fe-48b4-92c8-f2ff0845ee11) for task 1450238700074-www-data-devel-job12-0-57d567f2-45f8-4d92-8120-04705462f434 of framework 20151216-035825-33554442-5050-14879-0000
I1216 04:05:18.846631 16875 status_update_manager.hpp:346] Checkpointing UPDATE for status update TASK_STARTING (UUID: bdadc47b-f0fe-48b4-92c8-f2ff0845ee11) for task 1450238700074-www-data-devel-job12-0-57d567f2-45f8-4d92-8120-04705462f434 of framework 20151216-035825-33554442-5050-14879-0000
I1216 04:05:18.850272 16876 slave.cpp:2753] Forwarding the update TASK_STARTING (UUID: bdadc47b-f0fe-48b4-92c8-f2ff0845ee11) for task 1450238700074-www-data-devel-job12-0-57d567f2-45f8-4d92-8120-04705462f434 of framework 20151216-035825-33554442-5050-14879-0000 to master@10.0.0.2:5050
I1216 04:05:18.850380 16876 slave.cpp:2686] Sending acknowledgement for status update TASK_STARTING (UUID: bdadc47b-f0fe-48b4-92c8-f2ff0845ee11) for task 1450238700074-www-data-devel-job12-0-57d567f2-45f8-4d92-8120-04705462f434 of framework 20151216-035825-33554442-5050-14879-0000 to executor(1)@10.0.0.5:42006
I1216 04:05:18.857430 16869 status_update_manager.cpp:389] Received status update acknowledgement (UUID: bdadc47b-f0fe-48b4-92c8-f2ff0845ee11) for task 1450238700074-www-data-devel-job12-0-57d567f2-45f8-4d92-8120-04705462f434 of framework 20151216-035825-33554442-5050-14879-0000
I1216 04:05:18.857486 16869 status_update_manager.hpp:346] Checkpointing ACK for status update TASK_STARTING (UUID: bdadc47b-f0fe-48b4-92c8-f2ff0845ee11) for task 1450238700074-www-data-devel-job12-0-57d567f2-45f8-4d92-8120-04705462f434 of framework 20151216-035825-33554442-5050-14879-0000
I1216 04:05:19.254740 16875 containerizer.cpp:1111] Executor for container 'e762ec5d-828f-4859-ad99-987020cab641' has exited
I1216 04:05:19.254828 16875 containerizer.cpp:906] Destroying container 'e762ec5d-828f-4859-ad99-987020cab641'
I1216 04:05:19.256150 16881 slave.cpp:3193] Executor 'thermos-1450238700029-www-data-devel-job22-0-2eac3152-f289-4b4f-9cfc-e158d2f0d8e6' of framework 20151216-035825-33554442-5050-14879-0000 exited with status 0
I1216 04:05:19.256294 16881 slave.cpp:3302] Cleaning up executor 'thermos-1450238700029-www-data-devel-job22-0-2eac3152-f289-4b4f-9cfc-e158d2f0d8e6' of framework 20151216-035825-33554442-5050-14879-0000
I1216 04:05:19.256602 16867 gc.cpp:56] Scheduling '/var/lib/mesos/slave/slaves/20151216-035825-33554442-5050-14879-S1/frameworks/20151216-035825-33554442-5050-14879-0000/executors/thermos-1450238700029-www-data-devel-job22-0-2eac3152-f289-4b4f-9cfc-e158d2f0d8e6/runs/e762ec5d-828f-4859-ad99-987020cab641' for gc 6.99999703056889days in the future
I1216 04:05:19.256681 16867 gc.cpp:56] Scheduling '/var/lib/mesos/slave/slaves/20151216-035825-33554442-5050-14879-S1/frameworks/20151216-035825-33554442-5050-14879-0000/executors/thermos-1450238700029-www-data-devel-job22-0-2eac3152-f289-4b4f-9cfc-e158d2f0d8e6' for gc 6.99999702985185days in the future
I1216 04:05:19.256772 16867 gc.cpp:56] Scheduling '/var/lib/mesos/slave/meta/slaves/20151216-035825-33554442-5050-14879-S1/frameworks/20151216-035825-33554442-5050-14879-0000/executors/thermos-1450238700029-www-data-devel-job22-0-2eac3152-f289-4b4f-9cfc-e158d2f0d8e6/runs/e762ec5d-828f-4859-ad99-987020cab641' for gc 6.99999702929482days in the future
I1216 04:05:19.256850 16867 gc.cpp:56] Scheduling '/var/lib/mesos/slave/meta/slaves/20151216-035825-33554442-5050-14879-S1/frameworks/20151216-035825-33554442-5050-14879-0000/executors/thermos-1450238700029-www-data-devel-job22-0-2eac3152-f289-4b4f-9cfc-e158d2f0d8e6' for gc 6.99999702884444days in the future
I1216 04:05:19.408351 16868 slave.cpp:2508] Handling status update TASK_FINISHED (UUID: c1029093-f8ed-449f-8173-1c6dbc98c13b) for task 1450238700053-www-data-devel-job20-0-9201cd89-a900-479c-accc-e65481b6a7df of framework 20151216-035825-33554442-5050-14879-0000 from executor(1)@10.0.0.5:56605
I1216 04:05:19.408825 16871 status_update_manager.cpp:317] Received status update TASK_FINISHED (UUID: c1029093-f8ed-449f-8173-1c6dbc98c13b) for task 1450238700053-www-data-devel-job20-0-9201cd89-a900-479c-accc-e65481b6a7df of framework 20151216-035825-33554442-5050-14879-0000
I1216 04:05:19.408903 16871 status_update_manager.hpp:346] Checkpointing UPDATE for status update TASK_FINISHED (UUID: c1029093-f8ed-449f-8173-1c6dbc98c13b) for task 1450238700053-www-data-devel-job20-0-9201cd89-a900-479c-accc-e65481b6a7df of framework 20151216-035825-33554442-5050-14879-0000
I1216 04:05:19.409520 16875 slave.cpp:2508] Handling status update TASK_RUNNING (UUID: d5712a68-c4f2-4d3d-acb8-b5718d3fe8b7) for task 1450238700074-www-data-devel-job12-0-57d567f2-45f8-4d92-8120-04705462f434 of framework 20151216-035825-33554442-5050-14879-0000 from executor(1)@10.0.0.5:42006
I1216 04:05:19.412190 16871 status_update_manager.cpp:317] Received status update TASK_RUNNING (UUID: d5712a68-c4f2-4d3d-acb8-b5718d3fe8b7) for task 1450238700074-www-data-devel-job12-0-57d567f2-45f8-4d92-8120-04705462f434 of framework 20151216-035825-33554442-5050-14879-0000
I1216 04:05:19.412197 16873 slave.cpp:2753] Forwarding the update TASK_FINISHED (UUID: c1029093-f8ed-449f-8173-1c6dbc98c13b) for task 1450238700053-www-data-devel-job20-0-9201cd89-a900-479c-accc-e65481b6a7df of framework 20151216-035825-33554442-5050-14879-0000 to master@10.0.0.2:5050
I1216 04:05:19.412251 16871 status_update_manager.hpp:346] Checkpointing UPDATE for status update TASK_RUNNING (UUID: d5712a68-c4f2-4d3d-acb8-b5718d3fe8b7) for task 1450238700074-www-data-devel-job12-0-57d567f2-45f8-4d92-8120-04705462f434 of framework 20151216-035825-33554442-5050-14879-0000
I1216 04:05:19.412329 16873 slave.cpp:2686] Sending acknowledgement for status update TASK_FINISHED (UUID: c1029093-f8ed-449f-8173-1c6dbc98c13b) for task 1450238700053-www-data-devel-job20-0-9201cd89-a900-479c-accc-e65481b6a7df of framework 20151216-035825-33554442-5050-14879-0000 to executor(1)@10.0.0.5:56605
I1216 04:05:19.416854 16868 slave.cpp:2753] Forwarding the update TASK_RUNNING (UUID: d5712a68-c4f2-4d3d-acb8-b5718d3fe8b7) for task 1450238700074-www-data-devel-job12-0-57d567f2-45f8-4d92-8120-04705462f434 of framework 20151216-035825-33554442-5050-14879-0000 to master@10.0.0.2:5050
I1216 04:05:19.416966 16868 slave.cpp:2686] Sending acknowledgement for status update TASK_RUNNING (UUID: d5712a68-c4f2-4d3d-acb8-b5718d3fe8b7) for task 1450238700074-www-data-devel-job12-0-57d567f2-45f8-4d92-8120-04705462f434 of framework 20151216-035825-33554442-5050-14879-0000 to executor(1)@10.0.0.5:42006
I1216 04:05:19.420167 16870 status_update_manager.cpp:389] Received status update acknowledgement (UUID: c1029093-f8ed-449f-8173-1c6dbc98c13b) for task 1450238700053-www-data-devel-job20-0-9201cd89-a900-479c-accc-e65481b6a7df of framework 20151216-035825-33554442-5050-14879-0000
I1216 04:05:19.420203 16870 status_update_manager.hpp:346] Checkpointing ACK for status update TASK_FINISHED (UUID: c1029093-f8ed-449f-8173-1c6dbc98c13b) for task 1450238700053-www-data-devel-job20-0-9201cd89-a900-479c-accc-e65481b6a7df of framework 20151216-035825-33554442-5050-14879-0000
I1216 04:05:19.426110 16870 status_update_manager.cpp:389] Received status update acknowledgement (UUID: d5712a68-c4f2-4d3d-acb8-b5718d3fe8b7) for task 1450238700074-www-data-devel-job12-0-57d567f2-45f8-4d92-8120-04705462f434 of framework 20151216-035825-33554442-5050-14879-0000
I1216 04:05:19.426144 16870 status_update_manager.hpp:346] Checkpointing ACK for status update TASK_RUNNING (UUID: d5712a68-c4f2-4d3d-acb8-b5718d3fe8b7) for task 1450238700074-www-data-devel-job12-0-57d567f2-45f8-4d92-8120-04705462f434 of framework 20151216-035825-33554442-5050-14879-0000
I1216 04:05:24.479560 16876 containerizer.cpp:1111] Executor for container '40799209-1c72-4a3c-8865-56bee42e6286' has exited
I1216 04:05:24.479610 16876 containerizer.cpp:906] Destroying container '40799209-1c72-4a3c-8865-56bee42e6286'
I1216 04:05:24.481066 16867 slave.cpp:3193] Executor 'thermos-1450238700053-www-data-devel-job20-0-9201cd89-a900-479c-accc-e65481b6a7df' of framework 20151216-035825-33554442-5050-14879-0000 exited with status 0
I1216 04:05:24.481187 16867 slave.cpp:3302] Cleaning up executor 'thermos-1450238700053-www-data-devel-job20-0-9201cd89-a900-479c-accc-e65481b6a7df' of framework 20151216-035825-33554442-5050-14879-0000
I1216 04:05:24.481443 16876 gc.cpp:56] Scheduling '/var/lib/mesos/slave/slaves/20151216-035825-33554442-5050-14879-S1/frameworks/20151216-035825-33554442-5050-14879-0000/executors/thermos-1450238700053-www-data-devel-job20-0-9201cd89-a900-479c-accc-e65481b6a7df/runs/40799209-1c72-4a3c-8865-56bee42e6286' for gc 6.9999944282637days in the future
I1216 04:05:24.481487 16876 gc.cpp:56] Scheduling '/var/lib/mesos/slave/slaves/20151216-035825-33554442-5050-14879-S1/frameworks/20151216-035825-33554442-5050-14879-0000/executors/thermos-1450238700053-www-data-devel-job20-0-9201cd89-a900-479c-accc-e65481b6a7df' for gc 6.99999442753481days in the future
I1216 04:05:24.481561 16881 gc.cpp:56] Scheduling '/var/lib/mesos/slave/meta/slaves/20151216-035825-33554442-5050-14879-S1/frameworks/20151216-035825-33554442-5050-14879-0000/executors/thermos-1450238700053-www-data-devel-job20-0-9201cd89-a900-479c-accc-e65481b6a7df/runs/40799209-1c72-4a3c-8865-56bee42e6286' for gc 6.99999442692148days in the future
I1216 04:05:24.481623 16881 gc.cpp:56] Scheduling '/var/lib/mesos/slave/meta/slaves/20151216-035825-33554442-5050-14879-S1/frameworks/20151216-035825-33554442-5050-14879-0000/executors/thermos-1450238700053-www-data-devel-job20-0-9201cd89-a900-479c-accc-e65481b6a7df' for gc 6.99999442615704days in the future
I1216 04:05:25.483572 16875 slave.cpp:3618] Current disk usage 42.76%. Max allowed age: 3.306754655805706days
I1216 04:05:27.549165 16880 slave.cpp:2508] Handling status update TASK_FINISHED (UUID: f3e24754-6df6-422a-916c-41f09c92400e) for task 1450238700074-www-data-devel-job12-0-57d567f2-45f8-4d92-8120-04705462f434 of framework 20151216-035825-33554442-5050-14879-0000 from executor(1)@10.0.0.5:42006
I1216 04:05:27.549818 16880 status_update_manager.cpp:317] Received status update TASK_FINISHED (UUID: f3e24754-6df6-422a-916c-41f09c92400e) for task 1450238700074-www-data-devel-job12-0-57d567f2-45f8-4d92-8120-04705462f434 of framework 20151216-035825-33554442-5050-14879-0000
I1216 04:05:27.549861 16880 status_update_manager.hpp:346] Checkpointing UPDATE for status update TASK_FINISHED (UUID: f3e24754-6df6-422a-916c-41f09c92400e) for task 1450238700074-www-data-devel-job12-0-57d567f2-45f8-4d92-8120-04705462f434 of framework 20151216-035825-33554442-5050-14879-0000
I1216 04:05:27.553256 16881 slave.cpp:2753] Forwarding the update TASK_FINISHED (UUID: f3e24754-6df6-422a-916c-41f09c92400e) for task 1450238700074-www-data-devel-job12-0-57d567f2-45f8-4d92-8120-04705462f434 of framework 20151216-035825-33554442-5050-14879-0000 to master@10.0.0.2:5050
I1216 04:05:27.553386 16881 slave.cpp:2686] Sending acknowledgement for status update TASK_FINISHED (UUID: f3e24754-6df6-422a-916c-41f09c92400e) for task 1450238700074-www-data-devel-job12-0-57d567f2-45f8-4d92-8120-04705462f434 of framework 20151216-035825-33554442-5050-14879-0000 to executor(1)@10.0.0.5:42006
I1216 04:05:27.563448 16866 status_update_manager.cpp:389] Received status update acknowledgement (UUID: f3e24754-6df6-422a-916c-41f09c92400e) for task 1450238700074-www-data-devel-job12-0-57d567f2-45f8-4d92-8120-04705462f434 of framework 20151216-035825-33554442-5050-14879-0000
I1216 04:05:27.563544 16866 status_update_manager.hpp:346] Checkpointing ACK for status update TASK_FINISHED (UUID: f3e24754-6df6-422a-916c-41f09c92400e) for task 1450238700074-www-data-devel-job12-0-57d567f2-45f8-4d92-8120-04705462f434 of framework 20151216-035825-33554442-5050-14879-0000
I1216 04:05:32.616919 16880 containerizer.cpp:1111] Executor for container 'b6b37909-53d9-49a4-b889-66d84355b5f9' has exited
I1216 04:05:32.616992 16880 containerizer.cpp:906] Destroying container 'b6b37909-53d9-49a4-b889-66d84355b5f9'
I1216 04:05:32.618996 16878 slave.cpp:3193] Executor 'thermos-1450238700074-www-data-devel-job12-0-57d567f2-45f8-4d92-8120-04705462f434' of framework 20151216-035825-33554442-5050-14879-0000 exited with status 0
I1216 04:05:32.619156 16878 slave.cpp:3302] Cleaning up executor 'thermos-1450238700074-www-data-devel-job12-0-57d567f2-45f8-4d92-8120-04705462f434' of framework 20151216-035825-33554442-5050-14879-0000
I1216 04:05:32.619501 16867 gc.cpp:56] Scheduling '/var/lib/mesos/slave/slaves/20151216-035825-33554442-5050-14879-S1/frameworks/20151216-035825-33554442-5050-14879-0000/executors/thermos-1450238700074-www-data-devel-job12-0-57d567f2-45f8-4d92-8120-04705462f434/runs/b6b37909-53d9-49a4-b889-66d84355b5f9' for gc 6.99999283054222days in the future
I1216 04:05:32.619582 16867 gc.cpp:56] Scheduling '/var/lib/mesos/slave/slaves/20151216-035825-33554442-5050-14879-S1/frameworks/20151216-035825-33554442-5050-14879-0000/executors/thermos-1450238700074-www-data-devel-job12-0-57d567f2-45f8-4d92-8120-04705462f434' for gc 6.99999282947852days in the future
I1216 04:05:32.619629 16867 gc.cpp:56] Scheduling '/var/lib/mesos/slave/meta/slaves/20151216-035825-33554442-5050-14879-S1/frameworks/20151216-035825-33554442-5050-14879-0000/executors/thermos-1450238700074-www-data-devel-job12-0-57d567f2-45f8-4d92-8120-04705462f434/runs/b6b37909-53d9-49a4-b889-66d84355b5f9' for gc 6.99999282845926days in the future
I1216 04:05:32.619853 16878 slave.cpp:3381] Cleaning up framework 20151216-035825-33554442-5050-14879-0000
I1216 04:05:32.619869 16881 gc.cpp:56] Scheduling '/var/lib/mesos/slave/meta/slaves/20151216-035825-33554442-5050-14879-S1/frameworks/20151216-035825-33554442-5050-14879-0000/executors/thermos-1450238700074-www-data-devel-job12-0-57d567f2-45f8-4d92-8120-04705462f434' for gc 6.99999282784889days in the future
I1216 04:05:32.619962 16870 status_update_manager.cpp:279] Closing status update streams for framework 20151216-035825-33554442-5050-14879-0000
I1216 04:05:32.620057 16866 gc.cpp:56] Scheduling '/var/lib/mesos/slave/slaves/20151216-035825-33554442-5050-14879-S1/frameworks/20151216-035825-33554442-5050-14879-0000' for gc 6.99999282430518days in the future
I1216 04:05:32.620164 16866 gc.cpp:56] Scheduling '/var/lib/mesos/slave/meta/slaves/20151216-035825-33554442-5050-14879-S1/frameworks/20151216-035825-33554442-5050-14879-0000' for gc 6.99999282309037days in the future
I1216 04:05:34.648300 16869 slave.cpp:3534] Framework 20151216-035825-33554442-5050-14879-0000 seems to have exited. Ignoring registration timeout for executor 'thermos-1450238640083-www-data-devel-job22-0-019a46cd-5861-4a3f-a3fd-a9aabbbe8284'
I1216 04:05:34.709015 16868 slave.cpp:1121] Got assigned task 1450238700097-www-data-devel-job25-0-ede10848-d963-47f2-8387-7b4d8f2bfc88 for framework 20151216-035825-33554442-5050-14879-0000
I1216 04:05:34.710564 16868 gc.cpp:84] Unscheduling '/var/lib/mesos/slave/slaves/20151216-035825-33554442-5050-14879-S1/frameworks/20151216-035825-33554442-5050-14879-0000' from gc
I1216 04:05:34.710711 16878 gc.cpp:84] Unscheduling '/var/lib/mesos/slave/meta/slaves/20151216-035825-33554442-5050-14879-S1/frameworks/20151216-035825-33554442-5050-14879-0000' from gc
I1216 04:05:34.710809 16878 slave.cpp:1231] Launching task 1450238700097-www-data-devel-job25-0-ede10848-d963-47f2-8387-7b4d8f2bfc88 for framework 20151216-035825-33554442-5050-14879-0000
I1216 04:05:34.712643 16878 slave.cpp:4160] Launching executor thermos-1450238700097-www-data-devel-job25-0-ede10848-d963-47f2-8387-7b4d8f2bfc88 of framework 20151216-035825-33554442-5050-14879-0000 in work directory '/var/lib/mesos/slave/slaves/20151216-035825-33554442-5050-14879-S1/frameworks/20151216-035825-33554442-5050-14879-0000/executors/thermos-1450238700097-www-data-devel-job25-0-ede10848-d963-47f2-8387-7b4d8f2bfc88/runs/9c7ea2d6-f1ea-4530-9302-6d6712804bba'
I1216 04:05:34.712788 16873 containerizer.cpp:472] Starting container '9c7ea2d6-f1ea-4530-9302-6d6712804bba' for executor 'thermos-1450238700097-www-data-devel-job25-0-ede10848-d963-47f2-8387-7b4d8f2bfc88' of framework '20151216-035825-33554442-5050-14879-0000'
I1216 04:05:34.713286 16878 slave.cpp:1378] Queuing task '1450238700097-www-data-devel-job25-0-ede10848-d963-47f2-8387-7b4d8f2bfc88' for executor thermos-1450238700097-www-data-devel-job25-0-ede10848-d963-47f2-8387-7b4d8f2bfc88 of framework '20151216-035825-33554442-5050-14879-0000
I1216 04:05:34.713995 16872 launcher.cpp:130] Forked child with pid '18322' for container '9c7ea2d6-f1ea-4530-9302-6d6712804bba'
I1216 04:05:34.714246 16872 containerizer.cpp:682] Checkpointing executor's forked pid 18322 to '/var/lib/mesos/slave/meta/slaves/20151216-035825-33554442-5050-14879-S1/frameworks/20151216-035825-33554442-5050-14879-0000/executors/thermos-1450238700097-www-data-devel-job25-0-ede10848-d963-47f2-8387-7b4d8f2bfc88/runs/9c7ea2d6-f1ea-4530-9302-6d6712804bba/pids/forked.pid'
I1216 04:05:34.717658 16880 fetcher.cpp:238] Fetching URIs using command '/usr/libexec/mesos/mesos-fetcher'
I1216 04:05:34.827195 16869 slave.cpp:3135] Monitoring executor 'thermos-1450238700097-www-data-devel-job25-0-ede10848-d963-47f2-8387-7b4d8f2bfc88' of framework '20151216-035825-33554442-5050-14879-0000' in container '9c7ea2d6-f1ea-4530-9302-6d6712804bba'
I1216 04:05:34.883503 16873 slave.cpp:1121] Got assigned task 1450238700222-www-data-devel-job24-0-ed8681e9-ef36-46ca-8d0d-ab666fd99063 for framework 20151216-035825-33554442-5050-14879-0000
I1216 04:05:34.883761 16873 slave.cpp:1231] Launching task 1450238700222-www-data-devel-job24-0-ed8681e9-ef36-46ca-8d0d-ab666fd99063 for framework 20151216-035825-33554442-5050-14879-0000
I1216 04:05:34.886834 16873 slave.cpp:4160] Launching executor thermos-1450238700222-www-data-devel-job24-0-ed8681e9-ef36-46ca-8d0d-ab666fd99063 of framework 20151216-035825-33554442-5050-14879-0000 in work directory '/var/lib/mesos/slave/slaves/20151216-035825-33554442-5050-14879-S1/frameworks/20151216-035825-33554442-5050-14879-0000/executors/thermos-1450238700222-www-data-devel-job24-0-ed8681e9-ef36-46ca-8d0d-ab666fd99063/runs/2e669331-4a54-4213-a9d5-90a154ffb7bc'
I1216 04:05:34.887044 16866 containerizer.cpp:472] Starting container '2e669331-4a54-4213-a9d5-90a154ffb7bc' for executor 'thermos-1450238700222-www-data-devel-job24-0-ed8681e9-ef36-46ca-8d0d-ab666fd99063' of framework '20151216-035825-33554442-5050-14879-0000'
I1216 04:05:34.888115 16866 launcher.cpp:130] Forked child with pid '18334' for container '2e669331-4a54-4213-a9d5-90a154ffb7bc'
I1216 04:05:34.888502 16866 containerizer.cpp:682] Checkpointing executor's forked pid 18334 to '/var/lib/mesos/slave/meta/slaves/20151216-035825-33554442-5050-14879-S1/frameworks/20151216-035825-33554442-5050-14879-0000/executors/thermos-1450238700222-www-data-devel-job24-0-ed8681e9-ef36-46ca-8d0d-ab666fd99063/runs/2e669331-4a54-4213-a9d5-90a154ffb7bc/pids/forked.pid'
I1216 04:05:34.888559 16873 slave.cpp:1378] Queuing task '1450238700222-www-data-devel-job24-0-ed8681e9-ef36-46ca-8d0d-ab666fd99063' for executor thermos-1450238700222-www-data-devel-job24-0-ed8681e9-ef36-46ca-8d0d-ab666fd99063 of framework '20151216-035825-33554442-5050-14879-0000
I1216 04:05:34.891815 16875 fetcher.cpp:238] Fetching URIs using command '/usr/libexec/mesos/mesos-fetcher'
I1216 04:05:35.028589 16877 slave.cpp:3135] Monitoring executor 'thermos-1450238700222-www-data-devel-job24-0-ed8681e9-ef36-46ca-8d0d-ab666fd99063' of framework '20151216-035825-33554442-5050-14879-0000' in container '2e669331-4a54-4213-a9d5-90a154ffb7bc'
I1216 04:05:35.347254 16876 slave.cpp:2141] Got registration for executor 'thermos-1450238700097-www-data-devel-job25-0-ede10848-d963-47f2-8387-7b4d8f2bfc88' of framework 20151216-035825-33554442-5050-14879-0000 from executor(1)@10.0.0.5:38934
I1216 04:05:35.348342 16875 slave.cpp:1532] Sending queued task '1450238700097-www-data-devel-job25-0-ede10848-d963-47f2-8387-7b4d8f2bfc88' to executor 'thermos-1450238700097-www-data-devel-job25-0-ede10848-d963-47f2-8387-7b4d8f2bfc88' of framework 20151216-035825-33554442-5050-14879-0000
I1216 04:05:35.354090 16880 slave.cpp:2508] Handling status update TASK_STARTING (UUID: 0f94ceea-5265-400b-bdc1-3123ed3e51b5) for task 1450238700097-www-data-devel-job25-0-ede10848-d963-47f2-8387-7b4d8f2bfc88 of framework 20151216-035825-33554442-5050-14879-0000 from executor(1)@10.0.0.5:38934
I1216 04:05:35.363008 16877 status_update_manager.cpp:317] Received status update TASK_STARTING (UUID: 0f94ceea-5265-400b-bdc1-3123ed3e51b5) for task 1450238700097-www-data-devel-job25-0-ede10848-d963-47f2-8387-7b4d8f2bfc88 of framework 20151216-035825-33554442-5050-14879-0000
I1216 04:05:35.363489 16877 status_update_manager.hpp:346] Checkpointing UPDATE for status update TASK_STARTING (UUID: 0f94ceea-5265-400b-bdc1-3123ed3e51b5) for task 1450238700097-www-data-devel-job25-0-ede10848-d963-47f2-8387-7b4d8f2bfc88 of framework 20151216-035825-33554442-5050-14879-0000
I1216 04:05:35.367379 16880 slave.cpp:2753] Forwarding the update TASK_STARTING (UUID: 0f94ceea-5265-400b-bdc1-3123ed3e51b5) for task 1450238700097-www-data-devel-job25-0-ede10848-d963-47f2-8387-7b4d8f2bfc88 of framework 20151216-035825-33554442-5050-14879-0000 to master@10.0.0.2:5050
I1216 04:05:35.367532 16880 slave.cpp:2686] Sending acknowledgement for status update TASK_STARTING (UUID: 0f94ceea-5265-400b-bdc1-3123ed3e51b5) for task 1450238700097-www-data-devel-job25-0-ede10848-d963-47f2-8387-7b4d8f2bfc88 of framework 20151216-035825-33554442-5050-14879-0000 to executor(1)@10.0.0.5:38934
I1216 04:05:35.376718 16881 status_update_manager.cpp:389] Received status update acknowledgement (UUID: 0f94ceea-5265-400b-bdc1-3123ed3e51b5) for task 1450238700097-www-data-devel-job25-0-ede10848-d963-47f2-8387-7b4d8f2bfc88 of framework 20151216-035825-33554442-5050-14879-0000
I1216 04:05:35.376795 16881 status_update_manager.hpp:346] Checkpointing ACK for status update TASK_STARTING (UUID: 0f94ceea-5265-400b-bdc1-3123ed3e51b5) for task 1450238700097-www-data-devel-job25-0-ede10848-d963-47f2-8387-7b4d8f2bfc88 of framework 20151216-035825-33554442-5050-14879-0000
I1216 04:05:35.565397 16866 slave.cpp:2141] Got registration for executor 'thermos-1450238700222-www-data-devel-job24-0-ed8681e9-ef36-46ca-8d0d-ab666fd99063' of framework 20151216-035825-33554442-5050-14879-0000 from executor(1)@10.0.0.5:57642
I1216 04:05:35.573148 16879 slave.cpp:1532] Sending queued task '1450238700222-www-data-devel-job24-0-ed8681e9-ef36-46ca-8d0d-ab666fd99063' to executor 'thermos-1450238700222-www-data-devel-job24-0-ed8681e9-ef36-46ca-8d0d-ab666fd99063' of framework 20151216-035825-33554442-5050-14879-0000
