I1216 04:04:06.435513 16871 slave.cpp:2508] Handling status update TASK_STARTING (UUID: 4102ac9a-8afb-46fb-a2d7-3b2c52d819f2) for task 1450238640050-www-data-devel-job23-0-e1c9f53b-087c-4333-a150-e94cb6f4e199 of framework 20151216-035825-33554442-5050-14879-0000 from executor(1)@10.0.0.5:50281
I1216 04:04:06.435688 16869 status_update_manager.cpp:317] Received status update TASK_STARTING (UUID: 4102ac9a-8afb-46fb-a2d7-3b2c52d819f2) for task 1450238640050-www-data-devel-job23-0-e1c9f53b-087c-4333-a150-e94cb6f4e199 of framework 20151216-035825-33554442-5050-14879-0000
I1216 04:04:06.436175 16869 status_update_manager.hpp:346] Checkpointing UPDATE for status update TASK_STARTING (UUID: 4102ac9a-8afb-46fb-a2d7-3b2c52d819f2) for task 1450238640050-www-data-devel-job23-0-e1c9f53b-087c-4333-a150-e94cb6f4e199 of framework 20151216-035825-33554442-5050-14879-0000
I1216 04:04:06.439471 16873 slave.cpp:2753] Forwarding the update TASK_STARTING (UUID: 4102ac9a-8afb-46fb-a2d7-3b2c52d819f2) for task 1450238640050-www-data-devel-job23-0-e1c9f53b-087c-4333-a150-e94cb6f4e199 of framework 20151216-035825-33554442-5050-14879-0000 to master@10.0.0.2:5050
I1216 04:04:06.439586 16873 slave.cpp:2686] Sending acknowledgement for status update TASK_STARTING (UUID: 4102ac9a-8afb-46fb-a2d7-3b2c52d819f2) for task 1450238640050-www-data-devel-job23-0-e1c9f53b-087c-4333-a150-e94cb6f4e199 of framework 20151216-035825-33554442-5050-14879-0000 to executor(1)@10.0.0.5:50281
I1216 04:04:06.448094 16871 status_update_manager.cpp:389] Received status update acknowledgement (UUID: 4102ac9a-8afb-46fb-a2d7-3b2c52d819f2) for task 1450238640050-www-data-devel-job23-0-e1c9f53b-087c-4333-a150-e94cb6f4e199 of framework 20151216-035825-33554442-5050-14879-0000
I1216 04:04:06.448168 16871 status_update_manager.hpp:346] Checkpointing ACK for status update TASK_STARTING (UUID: 4102ac9a-8afb-46fb-a2d7-3b2c52d819f2) for task 1450238640050-www-data-devel-job23-0-e1c9f53b-087c-4333-a150-e94cb6f4e199 of framework 20151216-035825-33554442-5050-14879-0000
I1216 04:04:06.999586 16869 slave.cpp:2508] Handling status update TASK_RUNNING (UUID: 478403cf-1278-41bb-a407-023af1d5726a) for task 1450238640050-www-data-devel-job23-0-e1c9f53b-087c-4333-a150-e94cb6f4e199 of framework 20151216-035825-33554442-5050-14879-0000 from executor(1)@10.0.0.5:50281
I1216 04:04:06.999825 16870 status_update_manager.cpp:317] Received status update TASK_RUNNING (UUID: 478403cf-1278-41bb-a407-023af1d5726a) for task 1450238640050-www-data-devel-job23-0-e1c9f53b-087c-4333-a150-e94cb6f4e199 of framework 20151216-035825-33554442-5050-14879-0000
I1216 04:04:06.999886 16870 status_update_manager.hpp:346] Checkpointing UPDATE for status update TASK_RUNNING (UUID: 478403cf-1278-41bb-a407-023af1d5726a) for task 1450238640050-www-data-devel-job23-0-e1c9f53b-087c-4333-a150-e94cb6f4e199 of framework 20151216-035825-33554442-5050-14879-0000
I1216 04:04:07.003502 16870 slave.cpp:2753] Forwarding the update TASK_RUNNING (UUID: 478403cf-1278-41bb-a407-023af1d5726a) for task 1450238640050-www-data-devel-job23-0-e1c9f53b-087c-4333-a150-e94cb6f4e199 of framework 20151216-035825-33554442-5050-14879-0000 to master@10.0.0.2:5050
I1216 04:04:07.003623 16870 slave.cpp:2686] Sending acknowledgement for status update TASK_RUNNING (UUID: 478403cf-1278-41bb-a407-023af1d5726a) for task 1450238640050-www-data-devel-job23-0-e1c9f53b-087c-4333-a150-e94cb6f4e199 of framework 20151216-035825-33554442-5050-14879-0000 to executor(1)@10.0.0.5:50281
I1216 04:04:07.012647 16881 status_update_manager.cpp:389] Received status update acknowledgement (UUID: 478403cf-1278-41bb-a407-023af1d5726a) for task 1450238640050-www-data-devel-job23-0-e1c9f53b-087c-4333-a150-e94cb6f4e199 of framework 20151216-035825-33554442-5050-14879-0000
I1216 04:04:07.012712 16881 status_update_manager.hpp:346] Checkpointing ACK for status update TASK_RUNNING (UUID: 478403cf-1278-41bb-a407-023af1d5726a) for task 1450238640050-www-data-devel-job23-0-e1c9f53b-087c-4333-a150-e94cb6f4e199 of framework 20151216-035825-33554442-5050-14879-0000
I1216 04:04:08.129833 16868 slave.cpp:2508] Handling status update TASK_FINISHED (UUID: 54400be2-5a76-46b1-aed6-5f1f814b27b9) for task 1450238640050-www-data-devel-job23-0-e1c9f53b-087c-4333-a150-e94cb6f4e199 of framework 20151216-035825-33554442-5050-14879-0000 from executor(1)@10.0.0.5:50281
I1216 04:04:08.130305 16877 status_update_manager.cpp:317] Received status update TASK_FINISHED (UUID: 54400be2-5a76-46b1-aed6-5f1f814b27b9) for task 1450238640050-www-data-devel-job23-0-e1c9f53b-087c-4333-a150-e94cb6f4e199 of framework 20151216-035825-33554442-5050-14879-0000
I1216 04:04:08.130352 16877 status_update_manager.hpp:346] Checkpointing UPDATE for status update TASK_FINISHED (UUID: 54400be2-5a76-46b1-aed6-5f1f814b27b9) for task 1450238640050-www-data-devel-job23-0-e1c9f53b-087c-4333-a150-e94cb6f4e199 of framework 20151216-035825-33554442-5050-14879-0000
I1216 04:04:08.133859 16867 slave.cpp:2753] Forwarding the update TASK_FINISHED (UUID: 54400be2-5a76-46b1-aed6-5f1f814b27b9) for task 1450238640050-www-data-devel-job23-0-e1c9f53b-087c-4333-a150-e94cb6f4e199 of framework 20151216-035825-33554442-5050-14879-0000 to master@10.0.0.2:5050
I1216 04:04:08.134021 16867 slave.cpp:2686] Sending acknowledgement for status update TASK_FINISHED (UUID: 54400be2-5a76-46b1-aed6-5f1f814b27b9) for task 1450238640050-www-data-devel-job23-0-e1c9f53b-087c-4333-a150-e94cb6f4e199 of framework 20151216-035825-33554442-5050-14879-0000 to executor(1)@10.0.0.5:50281
I1216 04:04:08.141265 16877 status_update_manager.cpp:389] Received status update acknowledgement (UUID: 54400be2-5a76-46b1-aed6-5f1f814b27b9) for task 1450238640050-www-data-devel-job23-0-e1c9f53b-087c-4333-a150-e94cb6f4e199 of framework 20151216-035825-33554442-5050-14879-0000
I1216 04:04:08.141302 16877 status_update_manager.hpp:346] Checkpointing ACK for status update TASK_FINISHED (UUID: 54400be2-5a76-46b1-aed6-5f1f814b27b9) for task 1450238640050-www-data-devel-job23-0-e1c9f53b-087c-4333-a150-e94cb6f4e199 of framework 20151216-035825-33554442-5050-14879-0000
I1216 04:04:09.988736 16874 slave.cpp:1121] Got assigned task 1450238640092-www-data-devel-job14-0-97f6492d-6726-4409-850a-53308dd5e4a4 for framework 20151216-035825-33554442-5050-14879-0000
I1216 04:04:09.989071 16874 slave.cpp:1231] Launching task 1450238640092-www-data-devel-job14-0-97f6492d-6726-4409-850a-53308dd5e4a4 for framework 20151216-035825-33554442-5050-14879-0000
I1216 04:04:09.991080 16874 slave.cpp:4160] Launching executor thermos-1450238640092-www-data-devel-job14-0-97f6492d-6726-4409-850a-53308dd5e4a4 of framework 20151216-035825-33554442-5050-14879-0000 in work directory '/var/lib/mesos/slave/slaves/20151216-035825-33554442-5050-14879-S1/frameworks/20151216-035825-33554442-5050-14879-0000/executors/thermos-1450238640092-www-data-devel-job14-0-97f6492d-6726-4409-850a-53308dd5e4a4/runs/31f02adf-9b06-4a00-9491-84197c4e7a7f'
I1216 04:04:09.991216 16868 containerizer.cpp:472] Starting container '31f02adf-9b06-4a00-9491-84197c4e7a7f' for executor 'thermos-1450238640092-www-data-devel-job14-0-97f6492d-6726-4409-850a-53308dd5e4a4' of framework '20151216-035825-33554442-5050-14879-0000'
I1216 04:04:09.993839 16875 launcher.cpp:130] Forked child with pid '17918' for container '31f02adf-9b06-4a00-9491-84197c4e7a7f'
I1216 04:04:09.993897 16874 slave.cpp:1378] Queuing task '1450238640092-www-data-devel-job14-0-97f6492d-6726-4409-850a-53308dd5e4a4' for executor thermos-1450238640092-www-data-devel-job14-0-97f6492d-6726-4409-850a-53308dd5e4a4 of framework '20151216-035825-33554442-5050-14879-0000
I1216 04:04:09.994081 16875 containerizer.cpp:682] Checkpointing executor's forked pid 17918 to '/var/lib/mesos/slave/meta/slaves/20151216-035825-33554442-5050-14879-S1/frameworks/20151216-035825-33554442-5050-14879-0000/executors/thermos-1450238640092-www-data-devel-job14-0-97f6492d-6726-4409-850a-53308dd5e4a4/runs/31f02adf-9b06-4a00-9491-84197c4e7a7f/pids/forked.pid'
I1216 04:04:09.998551 16870 fetcher.cpp:238] Fetching URIs using command '/usr/libexec/mesos/mesos-fetcher'
I1216 04:04:10.096048 16881 slave.cpp:2508] Handling status update TASK_FINISHED (UUID: 2ab32a56-7673-42b7-a961-dbd713fe97c0) for task 1450238640039-www-data-devel-job20-0-fe88c33c-0fae-47e1-bd5e-8ff8b13b50ac of framework 20151216-035825-33554442-5050-14879-0000 from executor(1)@10.0.0.5:41028
I1216 04:04:10.096566 16867 status_update_manager.cpp:317] Received status update TASK_FINISHED (UUID: 2ab32a56-7673-42b7-a961-dbd713fe97c0) for task 1450238640039-www-data-devel-job20-0-fe88c33c-0fae-47e1-bd5e-8ff8b13b50ac of framework 20151216-035825-33554442-5050-14879-0000
I1216 04:04:10.096606 16867 status_update_manager.hpp:346] Checkpointing UPDATE for status update TASK_FINISHED (UUID: 2ab32a56-7673-42b7-a961-dbd713fe97c0) for task 1450238640039-www-data-devel-job20-0-fe88c33c-0fae-47e1-bd5e-8ff8b13b50ac of framework 20151216-035825-33554442-5050-14879-0000
I1216 04:04:10.099933 16881 slave.cpp:2753] Forwarding the update TASK_FINISHED (UUID: 2ab32a56-7673-42b7-a961-dbd713fe97c0) for task 1450238640039-www-data-devel-job20-0-fe88c33c-0fae-47e1-bd5e-8ff8b13b50ac of framework 20151216-035825-33554442-5050-14879-0000 to master@10.0.0.2:5050
I1216 04:04:10.100049 16881 slave.cpp:2686] Sending acknowledgement for status update TASK_FINISHED (UUID: 2ab32a56-7673-42b7-a961-dbd713fe97c0) for task 1450238640039-www-data-devel-job20-0-fe88c33c-0fae-47e1-bd5e-8ff8b13b50ac of framework 20151216-035825-33554442-5050-14879-0000 to executor(1)@10.0.0.5:41028
I1216 04:04:10.107571 16867 status_update_manager.cpp:389] Received status update acknowledgement (UUID: 2ab32a56-7673-42b7-a961-dbd713fe97c0) for task 1450238640039-www-data-devel-job20-0-fe88c33c-0fae-47e1-bd5e-8ff8b13b50ac of framework 20151216-035825-33554442-5050-14879-0000
I1216 04:04:10.107637 16867 status_update_manager.hpp:346] Checkpointing ACK for status update TASK_FINISHED (UUID: 2ab32a56-7673-42b7-a961-dbd713fe97c0) for task 1450238640039-www-data-devel-job20-0-fe88c33c-0fae-47e1-bd5e-8ff8b13b50ac of framework 20151216-035825-33554442-5050-14879-0000
I1216 04:04:10.130080 16872 slave.cpp:3135] Monitoring executor 'thermos-1450238640092-www-data-devel-job14-0-97f6492d-6726-4409-850a-53308dd5e4a4' of framework '20151216-035825-33554442-5050-14879-0000' in container '31f02adf-9b06-4a00-9491-84197c4e7a7f'
I1216 04:04:10.642170 16872 slave.cpp:2141] Got registration for executor 'thermos-1450238640092-www-data-devel-job14-0-97f6492d-6726-4409-850a-53308dd5e4a4' of framework 20151216-035825-33554442-5050-14879-0000 from executor(1)@10.0.0.5:40343
I1216 04:04:10.643159 16879 slave.cpp:1532] Sending queued task '1450238640092-www-data-devel-job14-0-97f6492d-6726-4409-850a-53308dd5e4a4' to executor 'thermos-1450238640092-www-data-devel-job14-0-97f6492d-6726-4409-850a-53308dd5e4a4' of framework 20151216-035825-33554442-5050-14879-0000
I1216 04:04:10.648639 16870 slave.cpp:2508] Handling status update TASK_STARTING (UUID: f3dd43e6-802a-4715-9f33-30a29e9f04bf) for task 1450238640092-www-data-devel-job14-0-97f6492d-6726-4409-850a-53308dd5e4a4 of framework 20151216-035825-33554442-5050-14879-0000 from executor(1)@10.0.0.5:40343
I1216 04:04:10.648792 16877 status_update_manager.cpp:317] Received status update TASK_STARTING (UUID: f3dd43e6-802a-4715-9f33-30a29e9f04bf) for task 1450238640092-www-data-devel-job14-0-97f6492d-6726-4409-850a-53308dd5e4a4 of framework 20151216-035825-33554442-5050-14879-0000
I1216 04:04:10.649158 16877 status_update_manager.hpp:346] Checkpointing UPDATE for status update TASK_STARTING (UUID: f3dd43e6-802a-4715-9f33-30a29e9f04bf) for task 1450238640092-www-data-devel-job14-0-97f6492d-6726-4409-850a-53308dd5e4a4 of framework 20151216-035825-33554442-5050-14879-0000
I1216 04:04:10.652472 16878 slave.cpp:2753] Forwarding the update TASK_STARTING (UUID: f3dd43e6-802a-4715-9f33-30a29e9f04bf) for task 1450238640092-www-data-devel-job14-0-97f6492d-6726-4409-850a-53308dd5e4a4 of framework 20151216-035825-33554442-5050-14879-0000 to master@10.0.0.2:5050
I1216 04:04:10.652586 16878 slave.cpp:2686] Sending acknowledgement for status update TASK_STARTING (UUID: f3dd43e6-802a-4715-9f33-30a29e9f04bf) for task 1450238640092-www-data-devel-job14-0-97f6492d-6726-4409-850a-53308dd5e4a4 of framework 20151216-035825-33554442-5050-14879-0000 to executor(1)@10.0.0.5:40343
I1216 04:04:10.663156 16870 status_update_manager.cpp:389] Received status update acknowledgement (UUID: f3dd43e6-802a-4715-9f33-30a29e9f04bf) for task 1450238640092-www-data-devel-job14-0-97f6492d-6726-4409-850a-53308dd5e4a4 of framework 20151216-035825-33554442-5050-14879-0000
I1216 04:04:10.663236 16870 status_update_manager.hpp:346] Checkpointing ACK for status update TASK_STARTING (UUID: f3dd43e6-802a-4715-9f33-30a29e9f04bf) for task 1450238640092-www-data-devel-job14-0-97f6492d-6726-4409-850a-53308dd5e4a4 of framework 20151216-035825-33554442-5050-14879-0000
I1216 04:04:11.213848 16876 slave.cpp:2508] Handling status update TASK_RUNNING (UUID: 8b00036f-d2dc-4d40-aae5-02600d2d1445) for task 1450238640092-www-data-devel-job14-0-97f6492d-6726-4409-850a-53308dd5e4a4 of framework 20151216-035825-33554442-5050-14879-0000 from executor(1)@10.0.0.5:40343
I1216 04:04:11.214010 16879 status_update_manager.cpp:317] Received status update TASK_RUNNING (UUID: 8b00036f-d2dc-4d40-aae5-02600d2d1445) for task 1450238640092-www-data-devel-job14-0-97f6492d-6726-4409-850a-53308dd5e4a4 of framework 20151216-035825-33554442-5050-14879-0000
I1216 04:04:11.214073 16879 status_update_manager.hpp:346] Checkpointing UPDATE for status update TASK_RUNNING (UUID: 8b00036f-d2dc-4d40-aae5-02600d2d1445) for task 1450238640092-www-data-devel-job14-0-97f6492d-6726-4409-850a-53308dd5e4a4 of framework 20151216-035825-33554442-5050-14879-0000
I1216 04:04:11.217412 16876 slave.cpp:2753] Forwarding the update TASK_RUNNING (UUID: 8b00036f-d2dc-4d40-aae5-02600d2d1445) for task 1450238640092-www-data-devel-job14-0-97f6492d-6726-4409-850a-53308dd5e4a4 of framework 20151216-035825-33554442-5050-14879-0000 to master@10.0.0.2:5050
I1216 04:04:11.217504 16876 slave.cpp:2686] Sending acknowledgement for status update TASK_RUNNING (UUID: 8b00036f-d2dc-4d40-aae5-02600d2d1445) for task 1450238640092-www-data-devel-job14-0-97f6492d-6726-4409-850a-53308dd5e4a4 of framework 20151216-035825-33554442-5050-14879-0000 to executor(1)@10.0.0.5:40343
I1216 04:04:11.225265 16877 status_update_manager.cpp:389] Received status update acknowledgement (UUID: 8b00036f-d2dc-4d40-aae5-02600d2d1445) for task 1450238640092-www-data-devel-job14-0-97f6492d-6726-4409-850a-53308dd5e4a4 of framework 20151216-035825-33554442-5050-14879-0000
I1216 04:04:11.225301 16877 status_update_manager.hpp:346] Checkpointing ACK for status update TASK_RUNNING (UUID: 8b00036f-d2dc-4d40-aae5-02600d2d1445) for task 1450238640092-www-data-devel-job14-0-97f6492d-6726-4409-850a-53308dd5e4a4 of framework 20151216-035825-33554442-5050-14879-0000
I1216 04:04:13.244607 16879 containerizer.cpp:1111] Executor for container 'f0b31201-b709-473c-b728-54980a602d6e' has exited
I1216 04:04:13.244740 16879 containerizer.cpp:906] Destroying container 'f0b31201-b709-473c-b728-54980a602d6e'
I1216 04:04:13.246779 16878 slave.cpp:3193] Executor 'thermos-1450238640050-www-data-devel-job23-0-e1c9f53b-087c-4333-a150-e94cb6f4e199' of framework 20151216-035825-33554442-5050-14879-0000 exited with status 0
I1216 04:04:13.246947 16878 slave.cpp:3302] Cleaning up executor 'thermos-1450238640050-www-data-devel-job23-0-e1c9f53b-087c-4333-a150-e94cb6f4e199' of framework 20151216-035825-33554442-5050-14879-0000
I1216 04:04:13.247356 16866 gc.cpp:56] Scheduling '/var/lib/mesos/slave/slaves/20151216-035825-33554442-5050-14879-S1/frameworks/20151216-035825-33554442-5050-14879-0000/executors/thermos-1450238640050-www-data-devel-job23-0-e1c9f53b-087c-4333-a150-e94cb6f4e199/runs/f0b31201-b709-473c-b728-54980a602d6e' for gc 6.99999713781333days in the future
I1216 04:04:13.247438 16866 gc.cpp:56] Scheduling '/var/lib/mesos/slave/slaves/20151216-035825-33554442-5050-14879-S1/frameworks/20151216-035825-33554442-5050-14879-0000/executors/thermos-1450238640050-www-data-devel-job23-0-e1c9f53b-087c-4333-a150-e94cb6f4e199' for gc 6.99999713673778days in the future
I1216 04:04:13.247561 16867 gc.cpp:56] Scheduling '/var/lib/mesos/slave/meta/slaves/20151216-035825-33554442-5050-14879-S1/frameworks/20151216-035825-33554442-5050-14879-0000/executors/thermos-1450238640050-www-data-devel-job23-0-e1c9f53b-087c-4333-a150-e94cb6f4e199/runs/f0b31201-b709-473c-b728-54980a602d6e' for gc 6.99999713581037days in the future
I1216 04:04:13.247695 16867 gc.cpp:56] Scheduling '/var/lib/mesos/slave/meta/slaves/20151216-035825-33554442-5050-14879-S1/frameworks/20151216-035825-33554442-5050-14879-0000/executors/thermos-1450238640050-www-data-devel-job23-0-e1c9f53b-087c-4333-a150-e94cb6f4e199' for gc 6.99999713450074days in the future
I1216 04:04:15.153432 16873 containerizer.cpp:1111] Executor for container 'dca78ece-2aea-4ff2-aa0b-a6999afd7b13' has exited
I1216 04:04:15.153499 16873 containerizer.cpp:906] Destroying container 'dca78ece-2aea-4ff2-aa0b-a6999afd7b13'
I1216 04:04:15.155462 16880 slave.cpp:3193] Executor 'thermos-1450238640039-www-data-devel-job20-0-fe88c33c-0fae-47e1-bd5e-8ff8b13b50ac' of framework 20151216-035825-33554442-5050-14879-0000 exited with status 0
I1216 04:04:15.155606 16880 slave.cpp:3302] Cleaning up executor 'thermos-1450238640039-www-data-devel-job20-0-fe88c33c-0fae-47e1-bd5e-8ff8b13b50ac' of framework 20151216-035825-33554442-5050-14879-0000
I1216 04:04:15.155928 16874 gc.cpp:56] Scheduling '/var/lib/mesos/slave/slaves/20151216-035825-33554442-5050-14879-S1/frameworks/20151216-035825-33554442-5050-14879-0000/executors/thermos-1450238640039-www-data-devel-job20-0-fe88c33c-0fae-47e1-bd5e-8ff8b13b50ac/runs/dca78ece-2aea-4ff2-aa0b-a6999afd7b13' for gc 6.99999819586667days in the future
I1216 04:04:15.155982 16874 gc.cpp:56] Scheduling '/var/lib/mesos/slave/slaves/20151216-035825-33554442-5050-14879-S1/frameworks/20151216-035825-33554442-5050-14879-0000/executors/thermos-1450238640039-www-data-devel-job20-0-fe88c33c-0fae-47e1-bd5e-8ff8b13b50ac' for gc 6.99999819500148days in the future
I1216 04:04:15.156095 16878 gc.cpp:56] Scheduling '/var/lib/mesos/slave/meta/slaves/20151216-035825-33554442-5050-14879-S1/frameworks/20151216-035825-33554442-5050-14879-0000/executors/thermos-1450238640039-www-data-devel-job20-0-fe88c33c-0fae-47e1-bd5e-8ff8b13b50ac/runs/dca78ece-2aea-4ff2-aa0b-a6999afd7b13' for gc 6.99999819421333days in the future
I1216 04:04:15.156184 16878 gc.cpp:56] Scheduling '/var/lib/mesos/slave/meta/slaves/20151216-035825-33554442-5050-14879-S1/frameworks/20151216-035825-33554442-5050-14879-0000/executors/thermos-1450238640039-www-data-devel-job20-0-fe88c33c-0fae-47e1-bd5e-8ff8b13b50ac' for gc 6.99999819298667days in the future
I1216 04:04:18.232110 16880 slave.cpp:1121] Got assigned task 1450238640116-www-data-devel-job18-0-265e6ed2-e263-47bb-b1b4-5efa9a431b76 for framework 20151216-035825-33554442-5050-14879-0000
I1216 04:04:18.233239 16880 slave.cpp:1231] Launching task 1450238640116-www-data-devel-job18-0-265e6ed2-e263-47bb-b1b4-5efa9a431b76 for framework 20151216-035825-33554442-5050-14879-0000
I1216 04:04:18.235731 16880 slave.cpp:4160] Launching executor thermos-1450238640116-www-data-devel-job18-0-265e6ed2-e263-47bb-b1b4-5efa9a431b76 of framework 20151216-035825-33554442-5050-14879-0000 in work directory '/var/lib/mesos/slave/slaves/20151216-035825-33554442-5050-14879-S1/frameworks/20151216-035825-33554442-5050-14879-0000/executors/thermos-1450238640116-www-data-devel-job18-0-265e6ed2-e263-47bb-b1b4-5efa9a431b76/runs/aacb563e-e440-450e-bb09-9e0467b6e353'
I1216 04:04:18.235910 16877 containerizer.cpp:472] Starting container 'aacb563e-e440-450e-bb09-9e0467b6e353' for executor 'thermos-1450238640116-www-data-devel-job18-0-265e6ed2-e263-47bb-b1b4-5efa9a431b76' of framework '20151216-035825-33554442-5050-14879-0000'
I1216 04:04:18.237150 16877 launcher.cpp:130] Forked child with pid '17975' for container 'aacb563e-e440-450e-bb09-9e0467b6e353'
I1216 04:04:18.237263 16880 slave.cpp:1378] Queuing task '1450238640116-www-data-devel-job18-0-265e6ed2-e263-47bb-b1b4-5efa9a431b76' for executor thermos-1450238640116-www-data-devel-job18-0-265e6ed2-e263-47bb-b1b4-5efa9a431b76 of framework '20151216-035825-33554442-5050-14879-0000
I1216 04:04:18.237352 16877 containerizer.cpp:682] Checkpointing executor's forked pid 17975 to '/var/lib/mesos/slave/meta/slaves/20151216-035825-33554442-5050-14879-S1/frameworks/20151216-035825-33554442-5050-14879-0000/executors/thermos-1450238640116-www-data-devel-job18-0-265e6ed2-e263-47bb-b1b4-5efa9a431b76/runs/aacb563e-e440-450e-bb09-9e0467b6e353/pids/forked.pid'
I1216 04:04:18.240866 16876 fetcher.cpp:238] Fetching URIs using command '/usr/libexec/mesos/mesos-fetcher'
I1216 04:04:18.369204 16873 slave.cpp:3135] Monitoring executor 'thermos-1450238640116-www-data-devel-job18-0-265e6ed2-e263-47bb-b1b4-5efa9a431b76' of framework '20151216-035825-33554442-5050-14879-0000' in container 'aacb563e-e440-450e-bb09-9e0467b6e353'
I1216 04:04:18.861192 16868 slave.cpp:2141] Got registration for executor 'thermos-1450238640116-www-data-devel-job18-0-265e6ed2-e263-47bb-b1b4-5efa9a431b76' of framework 20151216-035825-33554442-5050-14879-0000 from executor(1)@10.0.0.5:54442
I1216 04:04:18.862062 16876 slave.cpp:1532] Sending queued task '1450238640116-www-data-devel-job18-0-265e6ed2-e263-47bb-b1b4-5efa9a431b76' to executor 'thermos-1450238640116-www-data-devel-job18-0-265e6ed2-e263-47bb-b1b4-5efa9a431b76' of framework 20151216-035825-33554442-5050-14879-0000
I1216 04:04:18.868043 16867 slave.cpp:2508] Handling status update TASK_STARTING (UUID: 12086c03-1ab0-4f15-bb2b-43f7ff1c38cb) for task 1450238640116-www-data-devel-job18-0-265e6ed2-e263-47bb-b1b4-5efa9a431b76 of framework 20151216-035825-33554442-5050-14879-0000 from executor(1)@10.0.0.5:54442
I1216 04:04:18.868158 16867 status_update_manager.cpp:317] Received status update TASK_STARTING (UUID: 12086c03-1ab0-4f15-bb2b-43f7ff1c38cb) for task 1450238640116-www-data-devel-job18-0-265e6ed2-e263-47bb-b1b4-5efa9a431b76 of framework 20151216-035825-33554442-5050-14879-0000
I1216 04:04:18.868511 16867 status_update_manager.hpp:346] Checkpointing UPDATE for status update TASK_STARTING (UUID: 12086c03-1ab0-4f15-bb2b-43f7ff1c38cb) for task 1450238640116-www-data-devel-job18-0-265e6ed2-e263-47bb-b1b4-5efa9a431b76 of framework 20151216-035825-33554442-5050-14879-0000
I1216 04:04:18.872025 16881 slave.cpp:2753] Forwarding the update TASK_STARTING (UUID: 12086c03-1ab0-4f15-bb2b-43f7ff1c38cb) for task 1450238640116-www-data-devel-job18-0-265e6ed2-e263-47bb-b1b4-5efa9a431b76 of framework 20151216-035825-33554442-5050-14879-0000 to master@10.0.0.2:5050
I1216 04:04:18.872154 16881 slave.cpp:2686] Sending acknowledgement for status update TASK_STARTING (UUID: 12086c03-1ab0-4f15-bb2b-43f7ff1c38cb) for task 1450238640116-www-data-devel-job18-0-265e6ed2-e263-47bb-b1b4-5efa9a431b76 of framework 20151216-035825-33554442-5050-14879-0000 to executor(1)@10.0.0.5:54442
I1216 04:04:18.880358 16867 status_update_manager.cpp:389] Received status update acknowledgement (UUID: 12086c03-1ab0-4f15-bb2b-43f7ff1c38cb) for task 1450238640116-www-data-devel-job18-0-265e6ed2-e263-47bb-b1b4-5efa9a431b76 of framework 20151216-035825-33554442-5050-14879-0000
I1216 04:04:18.880425 16867 status_update_manager.hpp:346] Checkpointing ACK for status update TASK_STARTING (UUID: 12086c03-1ab0-4f15-bb2b-43f7ff1c38cb) for task 1450238640116-www-data-devel-job18-0-265e6ed2-e263-47bb-b1b4-5efa9a431b76 of framework 20151216-035825-33554442-5050-14879-0000
I1216 04:04:19.351841 16867 slave.cpp:2508] Handling status update TASK_FINISHED (UUID: aa442622-0b0d-4e33-be06-74867b7de155) for task 1450238640092-www-data-devel-job14-0-97f6492d-6726-4409-850a-53308dd5e4a4 of framework 20151216-035825-33554442-5050-14879-0000 from executor(1)@10.0.0.5:40343
I1216 04:04:19.352540 16871 status_update_manager.cpp:317] Received status update TASK_FINISHED (UUID: aa442622-0b0d-4e33-be06-74867b7de155) for task 1450238640092-www-data-devel-job14-0-97f6492d-6726-4409-850a-53308dd5e4a4 of framework 20151216-035825-33554442-5050-14879-0000
I1216 04:04:19.352584 16871 status_update_manager.hpp:346] Checkpointing UPDATE for status update TASK_FINISHED (UUID: aa442622-0b0d-4e33-be06-74867b7de155) for task 1450238640092-www-data-devel-job14-0-97f6492d-6726-4409-850a-53308dd5e4a4 of framework 20151216-035825-33554442-5050-14879-0000
I1216 04:04:19.355607 16872 slave.cpp:2753] Forwarding the update TASK_FINISHED (UUID: aa442622-0b0d-4e33-be06-74867b7de155) for task 1450238640092-www-data-devel-job14-0-97f6492d-6726-4409-850a-53308dd5e4a4 of framework 20151216-035825-33554442-5050-14879-0000 to master@10.0.0.2:5050
I1216 04:04:19.355723 16872 slave.cpp:2686] Sending acknowledgement for status update TASK_FINISHED (UUID: aa442622-0b0d-4e33-be06-74867b7de155) for task 1450238640092-www-data-devel-job14-0-97f6492d-6726-4409-850a-53308dd5e4a4 of framework 20151216-035825-33554442-5050-14879-0000 to executor(1)@10.0.0.5:40343
I1216 04:04:19.364410 16873 status_update_manager.cpp:389] Received status update acknowledgement (UUID: aa442622-0b0d-4e33-be06-74867b7de155) for task 1450238640092-www-data-devel-job14-0-97f6492d-6726-4409-850a-53308dd5e4a4 of framework 20151216-035825-33554442-5050-14879-0000
I1216 04:04:19.364500 16873 status_update_manager.hpp:346] Checkpointing ACK for status update TASK_FINISHED (UUID: aa442622-0b0d-4e33-be06-74867b7de155) for task 1450238640092-www-data-devel-job14-0-97f6492d-6726-4409-850a-53308dd5e4a4 of framework 20151216-035825-33554442-5050-14879-0000
I1216 04:04:19.431890 16879 slave.cpp:2508] Handling status update TASK_RUNNING (UUID: d755bf7b-192b-4f19-8ea1-8fb7ec529b00) for task 1450238640116-www-data-devel-job18-0-265e6ed2-e263-47bb-b1b4-5efa9a431b76 of framework 20151216-035825-33554442-5050-14879-0000 from executor(1)@10.0.0.5:54442
I1216 04:04:19.432018 16871 status_update_manager.cpp:317] Received status update TASK_RUNNING (UUID: d755bf7b-192b-4f19-8ea1-8fb7ec529b00) for task 1450238640116-www-data-devel-job18-0-265e6ed2-e263-47bb-b1b4-5efa9a431b76 of framework 20151216-035825-33554442-5050-14879-0000
I1216 04:04:19.432093 16871 status_update_manager.hpp:346] Checkpointing UPDATE for status update TASK_RUNNING (UUID: d755bf7b-192b-4f19-8ea1-8fb7ec529b00) for task 1450238640116-www-data-devel-job18-0-265e6ed2-e263-47bb-b1b4-5efa9a431b76 of framework 20151216-035825-33554442-5050-14879-0000
I1216 04:04:19.434763 16881 slave.cpp:2753] Forwarding the update TASK_RUNNING (UUID: d755bf7b-192b-4f19-8ea1-8fb7ec529b00) for task 1450238640116-www-data-devel-job18-0-265e6ed2-e263-47bb-b1b4-5efa9a431b76 of framework 20151216-035825-33554442-5050-14879-0000 to master@10.0.0.2:5050
I1216 04:04:19.434888 16881 slave.cpp:2686] Sending acknowledgement for status update TASK_RUNNING (UUID: d755bf7b-192b-4f19-8ea1-8fb7ec529b00) for task 1450238640116-www-data-devel-job18-0-265e6ed2-e263-47bb-b1b4-5efa9a431b76 of framework 20151216-035825-33554442-5050-14879-0000 to executor(1)@10.0.0.5:54442
I1216 04:04:19.446265 16879 status_update_manager.cpp:389] Received status update acknowledgement (UUID: d755bf7b-192b-4f19-8ea1-8fb7ec529b00) for task 1450238640116-www-data-devel-job18-0-265e6ed2-e263-47bb-b1b4-5efa9a431b76 of framework 20151216-035825-33554442-5050-14879-0000
I1216 04:04:19.446334 16879 status_update_manager.hpp:346] Checkpointing ACK for status update TASK_RUNNING (UUID: d755bf7b-192b-4f19-8ea1-8fb7ec529b00) for task 1450238640116-www-data-devel-job18-0-265e6ed2-e263-47bb-b1b4-5efa9a431b76 of framework 20151216-035825-33554442-5050-14879-0000
I1216 04:04:23.570919 16880 slave.cpp:2508] Handling status update TASK_FINISHED (UUID: c4119fe9-4ecb-46a1-a1f6-668416964700) for task 1450238640116-www-data-devel-job18-0-265e6ed2-e263-47bb-b1b4-5efa9a431b76 of framework 20151216-035825-33554442-5050-14879-0000 from executor(1)@10.0.0.5:54442
I1216 04:04:23.571452 16878 status_update_manager.cpp:317] Received status update TASK_FINISHED (UUID: c4119fe9-4ecb-46a1-a1f6-668416964700) for task 1450238640116-www-data-devel-job18-0-265e6ed2-e263-47bb-b1b4-5efa9a431b76 of framework 20151216-035825-33554442-5050-14879-0000
I1216 04:04:23.571562 16878 status_update_manager.hpp:346] Checkpointing UPDATE for status update TASK_FINISHED (UUID: c4119fe9-4ecb-46a1-a1f6-668416964700) for task 1450238640116-www-data-devel-job18-0-265e6ed2-e263-47bb-b1b4-5efa9a431b76 of framework 20151216-035825-33554442-5050-14879-0000
I1216 04:04:23.576138 16880 slave.cpp:2753] Forwarding the update TASK_FINISHED (UUID: c4119fe9-4ecb-46a1-a1f6-668416964700) for task 1450238640116-www-data-devel-job18-0-265e6ed2-e263-47bb-b1b4-5efa9a431b76 of framework 20151216-035825-33554442-5050-14879-0000 to master@10.0.0.2:5050
I1216 04:04:23.576278 16880 slave.cpp:2686] Sending acknowledgement for status update TASK_FINISHED (UUID: c4119fe9-4ecb-46a1-a1f6-668416964700) for task 1450238640116-www-data-devel-job18-0-265e6ed2-e263-47bb-b1b4-5efa9a431b76 of framework 20151216-035825-33554442-5050-14879-0000 to executor(1)@10.0.0.5:54442
I1216 04:04:23.588207 16878 status_update_manager.cpp:389] Received status update acknowledgement (UUID: c4119fe9-4ecb-46a1-a1f6-668416964700) for task 1450238640116-www-data-devel-job18-0-265e6ed2-e263-47bb-b1b4-5efa9a431b76 of framework 20151216-035825-33554442-5050-14879-0000
I1216 04:04:23.588273 16878 status_update_manager.hpp:346] Checkpointing ACK for status update TASK_FINISHED (UUID: c4119fe9-4ecb-46a1-a1f6-668416964700) for task 1450238640116-www-data-devel-job18-0-265e6ed2-e263-47bb-b1b4-5efa9a431b76 of framework 20151216-035825-33554442-5050-14879-0000
I1216 04:04:24.398682 16871 containerizer.cpp:1111] Executor for container '31f02adf-9b06-4a00-9491-84197c4e7a7f' has exited
I1216 04:04:24.398725 16871 containerizer.cpp:906] Destroying container '31f02adf-9b06-4a00-9491-84197c4e7a7f'
I1216 04:04:24.399958 16879 slave.cpp:3193] Executor 'thermos-1450238640092-www-data-devel-job14-0-97f6492d-6726-4409-850a-53308dd5e4a4' of framework 20151216-035825-33554442-5050-14879-0000 exited with status 0
I1216 04:04:24.400074 16879 slave.cpp:3302] Cleaning up executor 'thermos-1450238640092-www-data-devel-job14-0-97f6492d-6726-4409-850a-53308dd5e4a4' of framework 20151216-035825-33554442-5050-14879-0000
I1216 04:04:24.400384 16876 gc.cpp:56] Scheduling '/var/lib/mesos/slave/slaves/20151216-035825-33554442-5050-14879-S1/frameworks/20151216-035825-33554442-5050-14879-0000/executors/thermos-1450238640092-www-data-devel-job14-0-97f6492d-6726-4409-850a-53308dd5e4a4/runs/31f02adf-9b06-4a00-9491-84197c4e7a7f' for gc 6.99999536648days in the future
I1216 04:04:24.400459 16876 gc.cpp:56] Scheduling '/var/lib/mesos/slave/slaves/20151216-035825-33554442-5050-14879-S1/frameworks/20151216-035825-33554442-5050-14879-0000/executors/thermos-1450238640092-www-data-devel-job14-0-97f6492d-6726-4409-850a-53308dd5e4a4' for gc 6.99999536564741days in the future
I1216 04:04:24.400506 16876 gc.cpp:56] Scheduling '/var/lib/mesos/slave/meta/slaves/20151216-035825-33554442-5050-14879-S1/frameworks/20151216-035825-33554442-5050-14879-0000/executors/thermos-1450238640092-www-data-devel-job14-0-97f6492d-6726-4409-850a-53308dd5e4a4/runs/31f02adf-9b06-4a00-9491-84197c4e7a7f' for gc 6.99999536488296days in the future
I1216 04:04:24.400535 16876 gc.cpp:56] Scheduling '/var/lib/mesos/slave/meta/slaves/20151216-035825-33554442-5050-14879-S1/frameworks/20151216-035825-33554442-5050-14879-0000/executors/thermos-1450238640092-www-data-devel-job14-0-97f6492d-6726-4409-850a-53308dd5e4a4' for gc 6.99999536436444days in the future
I1216 04:04:25.483319 16881 slave.cpp:3618] Current disk usage 41.61%. Max allowed age: 3.387032135389514days
I1216 04:04:28.619331 16870 containerizer.cpp:1111] Executor for container 'aacb563e-e440-450e-bb09-9e0467b6e353' has exited
I1216 04:04:28.619448 16870 containerizer.cpp:906] Destroying container 'aacb563e-e440-450e-bb09-9e0467b6e353'
I1216 04:04:28.621122 16875 slave.cpp:3193] Executor 'thermos-1450238640116-www-data-devel-job18-0-265e6ed2-e263-47bb-b1b4-5efa9a431b76' of framework 20151216-035825-33554442-5050-14879-0000 exited with status 0
I1216 04:04:28.621275 16875 slave.cpp:3302] Cleaning up executor 'thermos-1450238640116-www-data-devel-job18-0-265e6ed2-e263-47bb-b1b4-5efa9a431b76' of framework 20151216-035825-33554442-5050-14879-0000
I1216 04:04:28.621593 16879 gc.cpp:56] Scheduling '/var/lib/mesos/slave/slaves/20151216-035825-33554442-5050-14879-S1/frameworks/20151216-035825-33554442-5050-14879-0000/executors/thermos-1450238640116-www-data-devel-job18-0-265e6ed2-e263-47bb-b1b4-5efa9a431b76/runs/aacb563e-e440-450e-bb09-9e0467b6e353' for gc 6.99999280627259days in the future
I1216 04:04:28.621670 16879 gc.cpp:56] Scheduling '/var/lib/mesos/slave/slaves/20151216-035825-33554442-5050-14879-S1/frameworks/20151216-035825-33554442-5050-14879-0000/executors/thermos-1450238640116-www-data-devel-job18-0-265e6ed2-e263-47bb-b1b4-5efa9a431b76' for gc 6.9999928052563days in the future
I1216 04:04:28.621716 16879 gc.cpp:56] Scheduling '/var/lib/mesos/slave/meta/slaves/20151216-035825-33554442-5050-14879-S1/frameworks/20151216-035825-33554442-5050-14879-0000/executors/thermos-1450238640116-www-data-devel-job18-0-265e6ed2-e263-47bb-b1b4-5efa9a431b76/runs/aacb563e-e440-450e-bb09-9e0467b6e353' for gc 6.99999280448days in the future
I1216 04:04:28.621747 16875 slave.cpp:3381] Cleaning up framework 20151216-035825-33554442-5050-14879-0000
I1216 04:04:28.621773 16879 gc.cpp:56] Scheduling '/var/lib/mesos/slave/meta/slaves/20151216-035825-33554442-5050-14879-S1/frameworks/20151216-035825-33554442-5050-14879-0000/executors/thermos-1450238640116-www-data-devel-job18-0-265e6ed2-e263-47bb-b1b4-5efa9a431b76' for gc 6.99999280398222days in the future
I1216 04:04:28.621928 16876 status_update_manager.cpp:279] Closing status update streams for framework 20151216-035825-33554442-5050-14879-0000
I1216 04:04:28.622022 16876 gc.cpp:56] Scheduling '/var/lib/mesos/slave/slaves/20151216-035825-33554442-5050-14879-S1/frameworks/20151216-035825-33554442-5050-14879-0000' for gc 6.99999280144889days in the future
I1216 04:04:28.622100 16876 gc.cpp:56] Scheduling '/var/lib/mesos/slave/meta/slaves/20151216-035825-33554442-5050-14879-S1/frameworks/20151216-035825-33554442-5050-14879-0000' for gc 6.99999280017185days in the future
I1216 04:04:34.187429 16877 slave.cpp:3534] Framework 20151216-035825-33554442-5050-14879-0000 seems to have exited. Ignoring registration timeout for executor 'thermos-1450238580101-www-data-devel-job6-0-9e6ac642-53b2-434e-b7ba-a58686b0ba24'
I1216 04:04:34.643568 16878 slave.cpp:1121] Got assigned task 1450238640083-www-data-devel-job22-0-019a46cd-5861-4a3f-a3fd-a9aabbbe8284 for framework 20151216-035825-33554442-5050-14879-0000
I1216 04:04:34.644726 16878 gc.cpp:84] Unscheduling '/var/lib/mesos/slave/slaves/20151216-035825-33554442-5050-14879-S1/frameworks/20151216-035825-33554442-5050-14879-0000' from gc
I1216 04:04:34.644893 16872 gc.cpp:84] Unscheduling '/var/lib/mesos/slave/meta/slaves/20151216-035825-33554442-5050-14879-S1/frameworks/20151216-035825-33554442-5050-14879-0000' from gc
I1216 04:04:34.645035 16872 slave.cpp:1231] Launching task 1450238640083-www-data-devel-job22-0-019a46cd-5861-4a3f-a3fd-a9aabbbe8284 for framework 20151216-035825-33554442-5050-14879-0000
I1216 04:04:34.647120 16872 slave.cpp:4160] Launching executor thermos-1450238640083-www-data-devel-job22-0-019a46cd-5861-4a3f-a3fd-a9aabbbe8284 of framework 20151216-035825-33554442-5050-14879-0000 in work directory '/var/lib/mesos/slave/slaves/20151216-035825-33554442-5050-14879-S1/frameworks/20151216-035825-33554442-5050-14879-0000/executors/thermos-1450238640083-www-data-devel-job22-0-019a46cd-5861-4a3f-a3fd-a9aabbbe8284/runs/0f997f46-e4ef-45ce-bb74-5e21f2ce22df'
I1216 04:04:34.647279 16878 containerizer.cpp:472] Starting container '0f997f46-e4ef-45ce-bb74-5e21f2ce22df' for executor 'thermos-1450238640083-www-data-devel-job22-0-019a46cd-5861-4a3f-a3fd-a9aabbbe8284' of framework '20151216-035825-33554442-5050-14879-0000'
I1216 04:04:34.648947 16872 slave.cpp:1378] Queuing task '1450238640083-www-data-devel-job22-0-019a46cd-5861-4a3f-a3fd-a9aabbbe8284' for executor thermos-1450238640083-www-data-devel-job22-0-019a46cd-5861-4a3f-a3fd-a9aabbbe8284 of framework '20151216-035825-33554442-5050-14879-0000
I1216 04:04:34.648950 16875 launcher.cpp:130] Forked child with pid '18036' for container '0f997f46-e4ef-45ce-bb74-5e21f2ce22df'
I1216 04:04:34.649293 16875 containerizer.cpp:682] Checkpointing executor's forked pid 18036 to '/var/lib/mesos/slave/meta/slaves/20151216-035825-33554442-5050-14879-S1/frameworks/20151216-035825-33554442-5050-14879-0000/executors/thermos-1450238640083-www-data-devel-job22-0-019a46cd-5861-4a3f-a3fd-a9aabbbe8284/runs/0f997f46-e4ef-45ce-bb74-5e21f2ce22df/pids/forked.pid'
I1216 04:04:34.653831 16868 fetcher.cpp:238] Fetching URIs using command '/usr/libexec/mesos/mesos-fetcher'
I1216 04:04:34.747946 16867 slave.cpp:3135] Monitoring executor 'thermos-1450238640083-www-data-devel-job22-0-019a46cd-5861-4a3f-a3fd-a9aabbbe8284' of framework '20151216-035825-33554442-5050-14879-0000' in container '0f997f46-e4ef-45ce-bb74-5e21f2ce22df'
I1216 04:04:35.237963 16878 slave.cpp:2141] Got registration for executor 'thermos-1450238640083-www-data-devel-job22-0-019a46cd-5861-4a3f-a3fd-a9aabbbe8284' of framework 20151216-035825-33554442-5050-14879-0000 from executor(1)@10.0.0.5:52075
I1216 04:04:35.238868 16876 slave.cpp:1532] Sending queued task '1450238640083-www-data-devel-job22-0-019a46cd-5861-4a3f-a3fd-a9aabbbe8284' to executor 'thermos-1450238640083-www-data-devel-job22-0-019a46cd-5861-4a3f-a3fd-a9aabbbe8284' of framework 20151216-035825-33554442-5050-14879-0000
I1216 04:04:35.244498 16867 slave.cpp:2508] Handling status update TASK_STARTING (UUID: 4709f234-03e5-4cba-82fc-1e6c25ab15bb) for task 1450238640083-www-data-devel-job22-0-019a46cd-5861-4a3f-a3fd-a9aabbbe8284 of framework 20151216-035825-33554442-5050-14879-0000 from executor(1)@10.0.0.5:52075
I1216 04:04:35.244654 16880 status_update_manager.cpp:317] Received status update TASK_STARTING (UUID: 4709f234-03e5-4cba-82fc-1e6c25ab15bb) for task 1450238640083-www-data-devel-job22-0-019a46cd-5861-4a3f-a3fd-a9aabbbe8284 of framework 20151216-035825-33554442-5050-14879-0000
I1216 04:04:35.244987 16880 status_update_manager.hpp:346] Checkpointing UPDATE for status update TASK_STARTING (UUID: 4709f234-03e5-4cba-82fc-1e6c25ab15bb) for task 1450238640083-www-data-devel-job22-0-019a46cd-5861-4a3f-a3fd-a9aabbbe8284 of framework 20151216-035825-33554442-5050-14879-0000
I1216 04:04:35.294833 16867 slave.cpp:2753] Forwarding the update TASK_STARTING (UUID: 4709f234-03e5-4cba-82fc-1e6c25ab15bb) for task 1450238640083-www-data-devel-job22-0-019a46cd-5861-4a3f-a3fd-a9aabbbe8284 of framework 20151216-035825-33554442-5050-14879-0000 to master@10.0.0.2:5050
I1216 04:04:35.294975 16867 slave.cpp:2686] Sending acknowledgement for status update TASK_STARTING (UUID: 4709f234-03e5-4cba-82fc-1e6c25ab15bb) for task 1450238640083-www-data-devel-job22-0-019a46cd-5861-4a3f-a3fd-a9aabbbe8284 of framework 20151216-035825-33554442-5050-14879-0000 to executor(1)@10.0.0.5:52075
I1216 04:04:35.312902 16877 status_update_manager.cpp:389] Received status update acknowledgement (UUID: 4709f234-03e5-4cba-82fc-1e6c25ab15bb) for task 1450238640083-www-data-devel-job22-0-019a46cd-5861-4a3f-a3fd-a9aabbbe8284 of framework 20151216-035825-33554442-5050-14879-0000
I1216 04:04:35.313004 16877 status_update_manager.hpp:346] Checkpointing ACK for status update TASK_STARTING (UUID: 4709f234-03e5-4cba-82fc-1e6c25ab15bb) for task 1450238640083-www-data-devel-job22-0-019a46cd-5861-4a3f-a3fd-a9aabbbe8284 of framework 20151216-035825-33554442-5050-14879-0000
I1216 04:04:35.809813 16868 slave.cpp:2508] Handling status update TASK_RUNNING (UUID: f8e5f738-7741-4da4-8cf5-52a84d0434a1) for task 1450238640083-www-data-devel-job22-0-019a46cd-5861-4a3f-a3fd-a9aabbbe8284 of framework 20151216-035825-33554442-5050-14879-0000 from executor(1)@10.0.0.5:52075
I1216 04:04:35.809958 16868 status_update_manager.cpp:317] Received status update TASK_RUNNING (UUID: f8e5f738-7741-4da4-8cf5-52a84d0434a1) for task 1450238640083-www-data-devel-job22-0-019a46cd-5861-4a3f-a3fd-a9aabbbe8284 of framework 20151216-035825-33554442-5050-14879-0000
I1216 04:04:35.810006 16868 status_update_manager.hpp:346] Checkpointing UPDATE for status update TASK_RUNNING (UUID: f8e5f738-7741-4da4-8cf5-52a84d0434a1) for task 1450238640083-www-data-devel-job22-0-019a46cd-5861-4a3f-a3fd-a9aabbbe8284 of framework 20151216-035825-33554442-5050-14879-0000
I1216 04:04:35.813220 16875 slave.cpp:2753] Forwarding the update TASK_RUNNING (UUID: f8e5f738-7741-4da4-8cf5-52a84d0434a1) for task 1450238640083-www-data-devel-job22-0-019a46cd-5861-4a3f-a3fd-a9aabbbe8284 of framework 20151216-035825-33554442-5050-14879-0000 to master@10.0.0.2:5050
I1216 04:04:35.813340 16875 slave.cpp:2686] Sending acknowledgement for status update TASK_RUNNING (UUID: f8e5f738-7741-4da4-8cf5-52a84d0434a1) for task 1450238640083-www-data-devel-job22-0-019a46cd-5861-4a3f-a3fd-a9aabbbe8284 of framework 20151216-035825-33554442-5050-14879-0000 to executor(1)@10.0.0.5:52075
I1216 04:04:35.821640 16870 status_update_manager.cpp:389] Received status update acknowledgement (UUID: f8e5f738-7741-4da4-8cf5-52a84d0434a1) for task 1450238640083-www-data-devel-job22-0-019a46cd-5861-4a3f-a3fd-a9aabbbe8284 of framework 20151216-035825-33554442-5050-14879-0000
I1216 04:04:35.821708 16870 status_update_manager.hpp:346] Checkpointing ACK for status update TASK_RUNNING (UUID: f8e5f738-7741-4da4-8cf5-52a84d0434a1) for task 1450238640083-www-data-devel-job22-0-019a46cd-5861-4a3f-a3fd-a9aabbbe8284 of framework 20151216-035825-33554442-5050-14879-0000
I1216 04:04:42.949213 16868 slave.cpp:2508] Handling status update TASK_FINISHED (UUID: c6bfee1f-1024-4e79-8a97-c10606c4f564) for task 1450238640083-www-data-devel-job22-0-019a46cd-5861-4a3f-a3fd-a9aabbbe8284 of framework 20151216-035825-33554442-5050-14879-0000 from executor(1)@10.0.0.5:52075
I1216 04:04:42.949854 16870 status_update_manager.cpp:317] Received status update TASK_FINISHED (UUID: c6bfee1f-1024-4e79-8a97-c10606c4f564) for task 1450238640083-www-data-devel-job22-0-019a46cd-5861-4a3f-a3fd-a9aabbbe8284 of framework 20151216-035825-33554442-5050-14879-0000
I1216 04:04:42.949923 16870 status_update_manager.hpp:346] Checkpointing UPDATE for status update TASK_FINISHED (UUID: c6bfee1f-1024-4e79-8a97-c10606c4f564) for task 1450238640083-www-data-devel-job22-0-019a46cd-5861-4a3f-a3fd-a9aabbbe8284 of framework 20151216-035825-33554442-5050-14879-0000
I1216 04:04:42.953953 16880 slave.cpp:2753] Forwarding the update TASK_FINISHED (UUID: c6bfee1f-1024-4e79-8a97-c10606c4f564) for task 1450238640083-www-data-devel-job22-0-019a46cd-5861-4a3f-a3fd-a9aabbbe8284 of framework 20151216-035825-33554442-5050-14879-0000 to master@10.0.0.2:5050
I1216 04:04:42.954118 16880 slave.cpp:2686] Sending acknowledgement for status update TASK_FINISHED (UUID: c6bfee1f-1024-4e79-8a97-c10606c4f564) for task 1450238640083-www-data-devel-job22-0-019a46cd-5861-4a3f-a3fd-a9aabbbe8284 of framework 20151216-035825-33554442-5050-14879-0000 to executor(1)@10.0.0.5:52075
I1216 04:04:42.965842 16869 status_update_manager.cpp:389] Received status update acknowledgement (UUID: c6bfee1f-1024-4e79-8a97-c10606c4f564) for task 1450238640083-www-data-devel-job22-0-019a46cd-5861-4a3f-a3fd-a9aabbbe8284 of framework 20151216-035825-33554442-5050-14879-0000
I1216 04:04:42.965890 16869 status_update_manager.hpp:346] Checkpointing ACK for status update TASK_FINISHED (UUID: c6bfee1f-1024-4e79-8a97-c10606c4f564) for task 1450238640083-www-data-devel-job22-0-019a46cd-5861-4a3f-a3fd-a9aabbbe8284 of framework 20151216-035825-33554442-5050-14879-0000
I1216 04:04:48.007730 16869 containerizer.cpp:1111] Executor for container '0f997f46-e4ef-45ce-bb74-5e21f2ce22df' has exited
I1216 04:04:48.007824 16869 containerizer.cpp:906] Destroying container '0f997f46-e4ef-45ce-bb74-5e21f2ce22df'
I1216 04:04:48.009094 16881 slave.cpp:3193] Executor 'thermos-1450238640083-www-data-devel-job22-0-019a46cd-5861-4a3f-a3fd-a9aabbbe8284' of framework 20151216-035825-33554442-5050-14879-0000 exited with status 0
I1216 04:04:48.009202 16881 slave.cpp:3302] Cleaning up executor 'thermos-1450238640083-www-data-devel-job22-0-019a46cd-5861-4a3f-a3fd-a9aabbbe8284' of framework 20151216-035825-33554442-5050-14879-0000
I1216 04:04:48.009448 16870 gc.cpp:56] Scheduling '/var/lib/mesos/slave/slaves/20151216-035825-33554442-5050-14879-S1/frameworks/20151216-035825-33554442-5050-14879-0000/executors/thermos-1450238640083-www-data-devel-job22-0-019a46cd-5861-4a3f-a3fd-a9aabbbe8284/runs/0f997f46-e4ef-45ce-bb74-5e21f2ce22df' for gc 6.99999989109926days in the future
I1216 04:04:48.009498 16870 gc.cpp:56] Scheduling '/var/lib/mesos/slave/slaves/20151216-035825-33554442-5050-14879-S1/frameworks/20151216-035825-33554442-5050-14879-0000/executors/thermos-1450238640083-www-data-devel-job22-0-019a46cd-5861-4a3f-a3fd-a9aabbbe8284' for gc 6.99999989032593days in the future
I1216 04:04:48.009587 16872 gc.cpp:56] Scheduling '/var/lib/mesos/slave/meta/slaves/20151216-035825-33554442-5050-14879-S1/frameworks/20151216-035825-33554442-5050-14879-0000/executors/thermos-1450238640083-www-data-devel-job22-0-019a46cd-5861-4a3f-a3fd-a9aabbbe8284/runs/0f997f46-e4ef-45ce-bb74-5e21f2ce22df' for gc 6.99999988968593days in the future
I1216 04:04:48.009613 16881 slave.cpp:3381] Cleaning up framework 20151216-035825-33554442-5050-14879-0000
I1216 04:04:48.009624 16872 gc.cpp:56] Scheduling '/var/lib/mesos/slave/meta/slaves/20151216-035825-33554442-5050-14879-S1/frameworks/20151216-035825-33554442-5050-14879-0000/executors/thermos-1450238640083-www-data-devel-job22-0-019a46cd-5861-4a3f-a3fd-a9aabbbe8284' for gc 6.99999988885333days in the future
I1216 04:04:48.009681 16879 status_update_manager.cpp:279] Closing status update streams for framework 20151216-035825-33554442-5050-14879-0000
I1216 04:04:48.009773 16866 gc.cpp:56] Scheduling '/var/lib/mesos/slave/slaves/20151216-035825-33554442-5050-14879-S1/frameworks/20151216-035825-33554442-5050-14879-0000' for gc 6.99999988751407days in the future
I1216 04:04:48.009819 16866 gc.cpp:56] Scheduling '/var/lib/mesos/slave/meta/slaves/20151216-035825-33554442-5050-14879-S1/frameworks/20151216-035825-33554442-5050-14879-0000' for gc 6.99999988677037days in the future
I1216 04:05:00.239784 16869 slave.cpp:3534] Framework 20151216-035825-33554442-5050-14879-0000 seems to have exited. Ignoring registration timeout for executor 'thermos-1450238640039-www-data-devel-job20-0-fe88c33c-0fae-47e1-bd5e-8ff8b13b50ac'
I1216 04:05:00.256793 16878 slave.cpp:1121] Got assigned task 1450238700016-www-data-devel-job28-0-bcda1419-a03b-4274-940b-58fcb209edd7 for framework 20151216-035825-33554442-5050-14879-0000
I1216 04:05:00.257650 16878 gc.cpp:84] Unscheduling '/var/lib/mesos/slave/slaves/20151216-035825-33554442-5050-14879-S1/frameworks/20151216-035825-33554442-5050-14879-0000' from gc
I1216 04:05:00.257786 16869 gc.cpp:84] Unscheduling '/var/lib/mesos/slave/meta/slaves/20151216-035825-33554442-5050-14879-S1/frameworks/20151216-035825-33554442-5050-14879-0000' from gc
I1216 04:05:00.257900 16869 slave.cpp:1231] Launching task 1450238700016-www-data-devel-job28-0-bcda1419-a03b-4274-940b-58fcb209edd7 for framework 20151216-035825-33554442-5050-14879-0000
I1216 04:05:00.259763 16869 slave.cpp:4160] Launching executor thermos-1450238700016-www-data-devel-job28-0-bcda1419-a03b-4274-940b-58fcb209edd7 of framework 20151216-035825-33554442-5050-14879-0000 in work directory '/var/lib/mesos/slave/slaves/20151216-035825-33554442-5050-14879-S1/frameworks/20151216-035825-33554442-5050-14879-0000/executors/thermos-1450238700016-www-data-devel-job28-0-bcda1419-a03b-4274-940b-58fcb209edd7/runs/b760af91-affd-4cce-9105-8a01643da51b'
I1216 04:05:00.259941 16879 containerizer.cpp:472] Starting container 'b760af91-affd-4cce-9105-8a01643da51b' for executor 'thermos-1450238700016-www-data-devel-job28-0-bcda1419-a03b-4274-940b-58fcb209edd7' of framework '20151216-035825-33554442-5050-14879-0000'
I1216 04:05:00.261157 16879 launcher.cpp:130] Forked child with pid '18093' for container 'b760af91-affd-4cce-9105-8a01643da51b'
I1216 04:05:00.261252 16869 slave.cpp:1378] Queuing task '1450238700016-www-data-devel-job28-0-bcda1419-a03b-4274-940b-58fcb209edd7' for executor thermos-1450238700016-www-data-devel-job28-0-bcda1419-a03b-4274-940b-58fcb209edd7 of framework '20151216-035825-33554442-5050-14879-0000
I1216 04:05:00.261411 16879 containerizer.cpp:682] Checkpointing executor's forked pid 18093 to '/var/lib/mesos/slave/meta/slaves/20151216-035825-33554442-5050-14879-S1/frameworks/20151216-035825-33554442-5050-14879-0000/executors/thermos-1450238700016-www-data-devel-job28-0-bcda1419-a03b-4274-940b-58fcb209edd7/runs/b760af91-affd-4cce-9105-8a01643da51b/pids/forked.pid'
I1216 04:05:00.264917 16873 fetcher.cpp:238] Fetching URIs using command '/usr/libexec/mesos/mesos-fetcher'
I1216 04:05:00.362102 16877 slave.cpp:3135] Monitoring executor 'thermos-1450238700016-www-data-devel-job28-0-bcda1419-a03b-4274-940b-58fcb209edd7' of framework '20151216-035825-33554442-5050-14879-0000' in container 'b760af91-affd-4cce-9105-8a01643da51b'
I1216 04:05:00.855136 16867 slave.cpp:2141] Got registration for executor 'thermos-1450238700016-www-data-devel-job28-0-bcda1419-a03b-4274-940b-58fcb209edd7' of framework 20151216-035825-33554442-5050-14879-0000 from executor(1)@10.0.0.5:45111
