I1211 00:04:30.776584  4924 hierarchical.hpp:741] Performed allocation for 2 slaves in 1.830779ms
I1211 00:04:31.777840  4920 hierarchical.hpp:834] No resources available to allocate!
I1211 00:04:31.777910  4920 hierarchical.hpp:741] Performed allocation for 2 slaves in 119683ns
I1211 00:04:32.780174  4920 hierarchical.hpp:834] No resources available to allocate!
I1211 00:04:32.780350  4920 hierarchical.hpp:741] Performed allocation for 2 slaves in 221659ns
I1211 00:04:33.782201  4918 hierarchical.hpp:834] No resources available to allocate!
I1211 00:04:33.782423  4918 hierarchical.hpp:741] Performed allocation for 2 slaves in 279048ns
I1211 00:04:34.784966  4922 hierarchical.hpp:834] No resources available to allocate!
I1211 00:04:34.785194  4922 hierarchical.hpp:741] Performed allocation for 2 slaves in 282464ns
I1211 00:04:35.787726  4921 hierarchical.hpp:834] No resources available to allocate!
I1211 00:04:35.787894  4921 hierarchical.hpp:741] Performed allocation for 2 slaves in 212241ns
I1211 00:04:36.788686  4925 hierarchical.hpp:834] No resources available to allocate!
I1211 00:04:36.790197  4925 hierarchical.hpp:741] Performed allocation for 2 slaves in 1.485129ms
I1211 00:04:37.790771  4923 hierarchical.hpp:834] No resources available to allocate!
I1211 00:04:37.790946  4923 hierarchical.hpp:741] Performed allocation for 2 slaves in 220236ns
I1211 00:04:38.791448  4919 hierarchical.hpp:834] No resources available to allocate!
I1211 00:04:38.791723  4919 hierarchical.hpp:741] Performed allocation for 2 slaves in 329632ns
I1211 00:04:39.792942  4924 hierarchical.hpp:834] No resources available to allocate!
I1211 00:04:39.793218  4924 hierarchical.hpp:741] Performed allocation for 2 slaves in 335575ns
I1211 00:04:40.794296  4920 hierarchical.hpp:834] No resources available to allocate!
I1211 00:04:40.794577  4920 hierarchical.hpp:741] Performed allocation for 2 slaves in 337073ns
I1211 00:04:41.795842  4918 hierarchical.hpp:834] No resources available to allocate!
I1211 00:04:41.797457  4918 hierarchical.hpp:741] Performed allocation for 2 slaves in 1.669769ms
I1211 00:04:42.798110  4922 hierarchical.hpp:834] No resources available to allocate!
I1211 00:04:42.798290  4922 hierarchical.hpp:741] Performed allocation for 2 slaves in 221667ns
I1211 00:04:43.799490  4921 hierarchical.hpp:834] No resources available to allocate!
I1211 00:04:43.799715  4921 hierarchical.hpp:741] Performed allocation for 2 slaves in 273987ns
I1211 00:04:44.801695  4925 hierarchical.hpp:834] No resources available to allocate!
I1211 00:04:44.801990  4925 hierarchical.hpp:741] Performed allocation for 2 slaves in 350014ns
I1211 00:04:45.738538  4923 hierarchical.hpp:648] Recovered cpus(*):1; mem(*):2927; disk(*):33172; ports(*):[31000-32000] (total allocatable: cpus(*):1; mem(*):2927; disk(*):33172; ports(*):[31000-32000]) on slave 20151210-235410-33554442-5050-4912-S0 from framework 20151210-235546-67108874-5050-4917-0000
I1211 00:04:45.803406  4919 hierarchical.hpp:741] Performed allocation for 2 slaves in 110996ns
I1211 00:04:45.803576  4919 master.cpp:3755] Sending 1 offers to framework 20151210-235546-67108874-5050-4917-0000 (TwitterScheduler) at scheduler-30ae2c7c-9d89-4b23-9f24-87e25a430738@10.0.0.6:8083
I1211 00:04:46.805244  4919 hierarchical.hpp:834] No resources available to allocate!
I1211 00:04:46.806890  4919 hierarchical.hpp:741] Performed allocation for 2 slaves in 1.673932ms
I1211 00:04:47.808254  4924 hierarchical.hpp:834] No resources available to allocate!
I1211 00:04:47.808418  4924 hierarchical.hpp:741] Performed allocation for 2 slaves in 210656ns
I1211 00:04:48.749774  4920 hierarchical.hpp:648] Recovered cpus(*):1; mem(*):2927; disk(*):33172; ports(*):[31000-32000] (total allocatable: cpus(*):1; mem(*):2927; disk(*):33172; ports(*):[31000-32000]) on slave 20151210-235410-33554442-5050-4912-S1 from framework 20151210-235546-67108874-5050-4917-0000
I1211 00:04:48.809979  4918 hierarchical.hpp:741] Performed allocation for 2 slaves in 94981ns
I1211 00:04:48.810238  4922 master.cpp:3755] Sending 1 offers to framework 20151210-235546-67108874-5050-4917-0000 (TwitterScheduler) at scheduler-30ae2c7c-9d89-4b23-9f24-87e25a430738@10.0.0.6:8083
I1211 00:04:49.812017  4921 hierarchical.hpp:834] No resources available to allocate!
I1211 00:04:49.812312  4921 hierarchical.hpp:741] Performed allocation for 2 slaves in 359718ns
I1211 00:04:50.814036  4925 hierarchical.hpp:834] No resources available to allocate!
I1211 00:04:50.814113  4925 hierarchical.hpp:741] Performed allocation for 2 slaves in 136383ns
I1211 00:04:51.816483  4925 hierarchical.hpp:834] No resources available to allocate!
I1211 00:04:51.817721  4925 hierarchical.hpp:741] Performed allocation for 2 slaves in 1.274612ms
I1211 00:04:52.818423  4923 hierarchical.hpp:834] No resources available to allocate!
I1211 00:04:52.818636  4923 hierarchical.hpp:741] Performed allocation for 2 slaves in 261028ns
I1211 00:04:53.820374  4919 hierarchical.hpp:834] No resources available to allocate!
I1211 00:04:53.820452  4919 hierarchical.hpp:741] Performed allocation for 2 slaves in 142367ns
I1211 00:04:54.822096  4919 hierarchical.hpp:834] No resources available to allocate!
I1211 00:04:54.822172  4919 hierarchical.hpp:741] Performed allocation for 2 slaves in 135829ns
I1211 00:04:55.823832  4919 hierarchical.hpp:834] No resources available to allocate!
I1211 00:04:55.823881  4919 hierarchical.hpp:741] Performed allocation for 2 slaves in 104857ns
I1211 00:04:56.824303  4919 hierarchical.hpp:834] No resources available to allocate!
I1211 00:04:56.825641  4919 hierarchical.hpp:741] Performed allocation for 2 slaves in 1.383336ms
I1211 00:04:57.827045  4924 hierarchical.hpp:834] No resources available to allocate!
I1211 00:04:57.827106  4924 hierarchical.hpp:741] Performed allocation for 2 slaves in 111063ns
I1211 00:04:58.828281  4924 hierarchical.hpp:834] No resources available to allocate!
I1211 00:04:58.828317  4924 hierarchical.hpp:741] Performed allocation for 2 slaves in 81199ns
I1211 00:04:59.832298  4924 hierarchical.hpp:834] No resources available to allocate!
I1211 00:04:59.832334  4924 hierarchical.hpp:741] Performed allocation for 2 slaves in 73322ns
I1211 00:05:00.843946  4918 hierarchical.hpp:834] No resources available to allocate!
I1211 00:05:00.843991  4918 hierarchical.hpp:741] Performed allocation for 2 slaves in 89052ns
I1211 00:05:01.849169  4918 hierarchical.hpp:834] No resources available to allocate!
I1211 00:05:01.850636  4918 hierarchical.hpp:741] Performed allocation for 2 slaves in 1.504004ms
I1211 00:05:02.852650  4922 hierarchical.hpp:834] No resources available to allocate!
I1211 00:05:02.852763  4922 hierarchical.hpp:741] Performed allocation for 2 slaves in 169041ns
I1211 00:05:03.853937  4920 hierarchical.hpp:834] No resources available to allocate!
I1211 00:05:03.853984  4920 hierarchical.hpp:741] Performed allocation for 2 slaves in 105529ns
I1211 00:05:04.854627  4920 hierarchical.hpp:834] No resources available to allocate!
I1211 00:05:04.854825  4920 hierarchical.hpp:741] Performed allocation for 2 slaves in 250248ns
I1211 00:05:05.427786  4921 group.cpp:418] Lost connection to ZooKeeper, attempting to reconnect ...
I1211 00:05:05.855339  4925 hierarchical.hpp:834] No resources available to allocate!
I1211 00:05:05.855377  4925 hierarchical.hpp:741] Performed allocation for 2 slaves in 87390ns
I1211 00:05:06.855942  4925 hierarchical.hpp:834] No resources available to allocate!
I1211 00:05:06.857272  4925 hierarchical.hpp:741] Performed allocation for 2 slaves in 1.36544ms
I1211 00:05:07.858530  4923 hierarchical.hpp:834] No resources available to allocate!
I1211 00:05:07.858594  4923 hierarchical.hpp:741] Performed allocation for 2 slaves in 115202ns
I1211 00:05:08.859869  4923 hierarchical.hpp:834] No resources available to allocate!
I1211 00:05:08.859915  4923 hierarchical.hpp:741] Performed allocation for 2 slaves in 103879ns
I1211 00:05:09.860983  4923 hierarchical.hpp:834] No resources available to allocate!
I1211 00:05:09.861014  4923 hierarchical.hpp:741] Performed allocation for 2 slaves in 71016ns
I1211 00:05:09.991338  4923 group.cpp:418] Lost connection to ZooKeeper, attempting to reconnect ...
I1211 00:05:09.992051  4919 group.cpp:418] Lost connection to ZooKeeper, attempting to reconnect ...
I1211 00:05:10.861433  4924 hierarchical.hpp:834] No resources available to allocate!
I1211 00:05:10.861665  4924 hierarchical.hpp:741] Performed allocation for 2 slaves in 280624ns
I1211 00:05:11.009076  4918 group.cpp:418] Lost connection to ZooKeeper, attempting to reconnect ...
I1211 00:05:11.861881  4921 hierarchical.hpp:834] No resources available to allocate!
I1211 00:05:11.863337  4921 hierarchical.hpp:741] Performed allocation for 2 slaves in 1.510336ms
I1211 00:05:12.864195  4922 hierarchical.hpp:834] No resources available to allocate!
I1211 00:05:12.864274  4922 hierarchical.hpp:741] Performed allocation for 2 slaves in 138013ns
I1211 00:05:13.865099  4920 hierarchical.hpp:834] No resources available to allocate!
I1211 00:05:13.865267  4920 hierarchical.hpp:741] Performed allocation for 2 slaves in 211664ns
I1211 00:05:14.866017  4925 hierarchical.hpp:834] No resources available to allocate!
I1211 00:05:14.866055  4925 hierarchical.hpp:741] Performed allocation for 2 slaves in 85388ns
W1211 00:05:15.429182  4925 group.cpp:456] Timed out waiting to reconnect to ZooKeeper. Forcing ZooKeeper session (sessionId=1518e5473880000) expiration
I1211 00:05:15.430358  4925 group.cpp:472] ZooKeeper session expired
I1211 00:05:15.430464  4919 network.hpp:424] ZooKeeper group memberships changed
I1211 00:05:15.430521  4919 network.hpp:466] ZooKeeper group PIDs: {  }
I1211 00:05:15.805891  4919 hierarchical.hpp:648] Recovered cpus(*):1; mem(*):2927; disk(*):33172; ports(*):[31000-32000] (total allocatable: cpus(*):1; mem(*):2927; disk(*):33172; ports(*):[31000-32000]) on slave 20151210-235410-33554442-5050-4912-S0 from framework 20151210-235546-67108874-5050-4917-0000
I1211 00:05:15.866714  4919 hierarchical.hpp:741] Performed allocation for 2 slaves in 91238ns
I1211 00:05:15.866853  4919 master.cpp:3755] Sending 1 offers to framework 20151210-235546-67108874-5050-4917-0000 (TwitterScheduler) at scheduler-30ae2c7c-9d89-4b23-9f24-87e25a430738@10.0.0.6:8083
I1211 00:05:16.868450  4919 hierarchical.hpp:834] No resources available to allocate!
I1211 00:05:16.869710  4919 hierarchical.hpp:741] Performed allocation for 2 slaves in 1.304619ms
I1211 00:05:17.870556  4923 hierarchical.hpp:834] No resources available to allocate!
I1211 00:05:17.870604  4923 hierarchical.hpp:741] Performed allocation for 2 slaves in 104474ns
I1211 00:05:18.813484  4923 hierarchical.hpp:648] Recovered cpus(*):1; mem(*):2927; disk(*):33172; ports(*):[31000-32000] (total allocatable: cpus(*):1; mem(*):2927; disk(*):33172; ports(*):[31000-32000]) on slave 20151210-235410-33554442-5050-4912-S1 from framework 20151210-235546-67108874-5050-4917-0000
I1211 00:05:18.871461  4918 hierarchical.hpp:741] Performed allocation for 2 slaves in 113081ns
I1211 00:05:18.871594  4924 master.cpp:3755] Sending 1 offers to framework 20151210-235546-67108874-5050-4917-0000 (TwitterScheduler) at scheduler-30ae2c7c-9d89-4b23-9f24-87e25a430738@10.0.0.6:8083
I1211 00:05:19.872766  4922 hierarchical.hpp:834] No resources available to allocate!
I1211 00:05:19.872817  4922 hierarchical.hpp:741] Performed allocation for 2 slaves in 113930ns
W1211 00:05:19.993641  4925 group.cpp:456] Timed out waiting to reconnect to ZooKeeper. Forcing ZooKeeper session (sessionId=3518e51c9230007) expiration
I1211 00:05:19.994093  4925 group.cpp:472] ZooKeeper session expired
I1211 00:05:19.994186  4924 contender.cpp:196] Membership cancelled: 4
