I1211 11:14:01.874634 14496 master.cpp:1091] Dropping 'mesos.internal.ReregisterSlaveMessage' message since not recovered yet
I1211 11:14:01.997457 14500 hierarchical.hpp:955] No resources available to allocate!
I1211 11:14:01.997537 14500 hierarchical.hpp:855] Performed allocation for 0 slaves in 94102ns
I1211 11:14:02.998834 14500 hierarchical.hpp:955] No resources available to allocate!
I1211 11:14:03.000440 14500 hierarchical.hpp:855] Performed allocation for 0 slaves in 1.607045ms
I1211 11:14:04.001291 14494 hierarchical.hpp:955] No resources available to allocate!
I1211 11:14:04.001394 14494 hierarchical.hpp:855] Performed allocation for 0 slaves in 115813ns
I1211 11:14:05.001798 14497 hierarchical.hpp:955] No resources available to allocate!
I1211 11:14:05.001909 14497 hierarchical.hpp:855] Performed allocation for 0 slaves in 122671ns
I1211 11:14:06.002236 14498 hierarchical.hpp:955] No resources available to allocate!
I1211 11:14:06.002347 14498 hierarchical.hpp:855] Performed allocation for 0 slaves in 122769ns
I1211 11:14:06.427829 14493 master.cpp:1091] Dropping 'mesos.internal.ReregisterSlaveMessage' message since not recovered yet
I1211 11:14:06.939074 14493 master.cpp:1091] Dropping 'mesos.internal.ReregisterSlaveMessage' message since not recovered yet
I1211 11:14:07.002815 14499 hierarchical.hpp:955] No resources available to allocate!
I1211 11:14:07.002925 14499 hierarchical.hpp:855] Performed allocation for 0 slaves in 119400ns
I1211 11:14:08.003583 14495 hierarchical.hpp:955] No resources available to allocate!
I1211 11:14:08.005342 14495 hierarchical.hpp:855] Performed allocation for 0 slaves in 1.759071ms
I1211 11:14:09.006117 14496 hierarchical.hpp:955] No resources available to allocate!
I1211 11:14:09.006253 14496 hierarchical.hpp:855] Performed allocation for 0 slaves in 147402ns
I1211 11:14:10.006680 14500 hierarchical.hpp:955] No resources available to allocate!
I1211 11:14:10.006811 14500 hierarchical.hpp:855] Performed allocation for 0 slaves in 145160ns
I1211 11:14:11.008123 14494 hierarchical.hpp:955] No resources available to allocate!
I1211 11:14:11.008234 14494 hierarchical.hpp:855] Performed allocation for 0 slaves in 123750ns
I1211 11:14:12.008540 14497 hierarchical.hpp:955] No resources available to allocate!
I1211 11:14:12.008610 14497 hierarchical.hpp:855] Performed allocation for 0 slaves in 81491ns
I1211 11:14:12.780714 14497 master.cpp:1091] Dropping 'mesos.internal.ReregisterSlaveMessage' message since not recovered yet
I1211 11:14:13.009708 14498 hierarchical.hpp:955] No resources available to allocate!
I1211 11:14:13.011190 14498 hierarchical.hpp:855] Performed allocation for 0 slaves in 1.482053ms
I1211 11:14:14.011773 14493 hierarchical.hpp:955] No resources available to allocate!
I1211 11:14:14.011853 14493 hierarchical.hpp:855] Performed allocation for 0 slaves in 94328ns
I1211 11:14:15.012780 14493 hierarchical.hpp:955] No resources available to allocate!
I1211 11:14:15.012862 14493 hierarchical.hpp:855] Performed allocation for 0 slaves in 96348ns
I1211 11:14:16.013613 14493 hierarchical.hpp:955] No resources available to allocate!
I1211 11:14:16.013743 14493 hierarchical.hpp:855] Performed allocation for 0 slaves in 142027ns
I1211 11:14:17.014252 14499 hierarchical.hpp:955] No resources available to allocate!
I1211 11:14:17.014401 14499 hierarchical.hpp:855] Performed allocation for 0 slaves in 160936ns
I1211 11:14:17.017534 14495 master.cpp:1091] Dropping 'mesos.internal.ReregisterSlaveMessage' message since not recovered yet
I1211 11:14:18.015221 14495 hierarchical.hpp:955] No resources available to allocate!
I1211 11:14:18.016659 14495 hierarchical.hpp:855] Performed allocation for 0 slaves in 1.436736ms
I1211 11:14:19.017598 14496 hierarchical.hpp:955] No resources available to allocate!
I1211 11:14:19.017705 14496 hierarchical.hpp:855] Performed allocation for 0 slaves in 117981ns
I1211 11:14:20.018113 14500 hierarchical.hpp:955] No resources available to allocate!
I1211 11:14:20.018194 14500 hierarchical.hpp:855] Performed allocation for 0 slaves in 94258ns
I1211 11:14:21.019217 14500 hierarchical.hpp:955] No resources available to allocate!
I1211 11:14:21.019326 14500 hierarchical.hpp:855] Performed allocation for 0 slaves in 119281ns
I1211 11:14:22.019639 14494 hierarchical.hpp:955] No resources available to allocate!
I1211 11:14:22.019752 14494 hierarchical.hpp:855] Performed allocation for 0 slaves in 124392ns
I1211 11:14:23.020426 14497 hierarchical.hpp:955] No resources available to allocate!
I1211 11:14:23.020527 14497 hierarchical.hpp:855] Performed allocation for 0 slaves in 111193ns
I1211 11:14:24.021533 14498 hierarchical.hpp:955] No resources available to allocate!
I1211 11:14:24.021666 14498 hierarchical.hpp:855] Performed allocation for 0 slaves in 146648ns
I1211 11:14:25.021842 14493 hierarchical.hpp:955] No resources available to allocate!
I1211 11:14:25.021950 14493 hierarchical.hpp:855] Performed allocation for 0 slaves in 119319ns
I1211 11:14:25.085434 14499 master.cpp:1091] Dropping 'mesos.internal.ReregisterSlaveMessage' message since not recovered yet
I1211 11:14:25.746757 14499 master.cpp:1091] Dropping 'mesos.internal.ReregisterSlaveMessage' message since not recovered yet
I1211 11:14:26.022821 14499 hierarchical.hpp:955] No resources available to allocate!
I1211 11:14:26.022953 14499 hierarchical.hpp:855] Performed allocation for 0 slaves in 142372ns
I1211 11:14:27.023109 14495 hierarchical.hpp:955] No resources available to allocate!
I1211 11:14:27.023247 14495 hierarchical.hpp:855] Performed allocation for 0 slaves in 149317ns
I1211 11:14:28.024175 14496 hierarchical.hpp:955] No resources available to allocate!
I1211 11:14:28.024251 14496 hierarchical.hpp:855] Performed allocation for 0 slaves in 90268ns
I1211 11:14:29.025007 14496 hierarchical.hpp:955] No resources available to allocate!
I1211 11:14:29.025140 14496 hierarchical.hpp:855] Performed allocation for 0 slaves in 146165ns
I1211 11:14:30.026691 14500 hierarchical.hpp:955] No resources available to allocate!
I1211 11:14:30.026773 14500 hierarchical.hpp:855] Performed allocation for 0 slaves in 94887ns
I1211 11:14:31.027274 14500 hierarchical.hpp:955] No resources available to allocate!
I1211 11:14:31.027382 14500 hierarchical.hpp:855] Performed allocation for 0 slaves in 118755ns
I1211 11:14:32.027760 14494 hierarchical.hpp:955] No resources available to allocate!
I1211 11:14:32.028851 14494 hierarchical.hpp:855] Performed allocation for 0 slaves in 1.09711ms
I1211 11:14:33.037734 14497 hierarchical.hpp:955] No resources available to allocate!
I1211 11:14:33.037802 14497 hierarchical.hpp:855] Performed allocation for 0 slaves in 80316ns
I1211 11:14:33.378238 14493 network.hpp:415] ZooKeeper group memberships changed
I1211 11:14:33.378315 14493 group.cpp:656] Trying to get '/mesos/log_replicas/0000000005' in ZooKeeper
I1211 11:14:33.405347 14493 group.cpp:656] Trying to get '/mesos/log_replicas/0000000006' in ZooKeeper
I1211 11:14:33.412991 14493 network.hpp:463] ZooKeeper group PIDs: { log-replica(1)@10.0.0.3:5050, log-replica(1)@10.0.0.4:5050 }
I1211 11:14:33.413247 14493 replica.cpp:477] Replica received implicit promise request with proposal 2
I1211 11:14:33.427326 14493 leveldb.cpp:306] Persisting metadata (8 bytes) to leveldb took 13.551605ms
I1211 11:14:33.427384 14493 replica.cpp:345] Persisted promised to 2
I1211 11:14:33.527220 14500 log.cpp:673] Could not start the writer, but can be retried
I1211 11:14:33.528465 14500 log.cpp:661] Attempting to start the writer
I1211 11:14:33.528626 14500 replica.cpp:477] Replica received implicit promise request with proposal 3
I1211 11:14:33.538545 14500 leveldb.cpp:306] Persisting metadata (8 bytes) to leveldb took 8.541793ms
I1211 11:14:33.539831 14500 replica.cpp:345] Persisted promised to 3
I1211 11:14:33.545586 14500 coordinator.cpp:230] Coordinator attemping to fill missing position
I1211 11:14:33.547149 14500 log.cpp:677] Writer started with ending position 6
I1211 11:14:33.547472 14500 leveldb.cpp:438] Reading position from leveldb took 36575ns
I1211 11:14:33.550485 14500 leveldb.cpp:438] Reading position from leveldb took 71061ns
I1211 11:14:33.550940 14500 registrar.cpp:346] Successfully fetched the registry (383B) in 1.30553265066667mins
I1211 11:14:33.556532 14500 registrar.cpp:445] Applied 1 operations in 10836ns; attempting to update the 'registry'
I1211 11:14:33.559355 14497 log.cpp:685] Attempting to append 431 bytes to the log
I1211 11:14:33.559778 14497 coordinator.cpp:340] Coordinator attempting to write APPEND action at position 7
I1211 11:14:33.608587 14498 group.cpp:714] Found non-sequence node 'log_replicas' at '/mesos' in ZooKeeper
I1211 11:14:33.610594 14496 group.cpp:714] Found non-sequence node 'log_replicas' at '/mesos' in ZooKeeper
I1211 11:14:33.611090 14494 replica.cpp:511] Replica received write request for position 7
I1211 11:14:33.614506 14494 leveldb.cpp:343] Persisting action (450 bytes) to leveldb took 3.385024ms
I1211 11:14:33.614549 14494 replica.cpp:679] Persisted action at 7
I1211 11:14:33.634752 14498 replica.cpp:658] Replica received learned notice for position 7
I1211 11:14:33.635813 14498 leveldb.cpp:343] Persisting action (452 bytes) to leveldb took 221199ns
I1211 11:14:33.635833 14498 replica.cpp:679] Persisted action at 7
I1211 11:14:33.635843 14498 replica.cpp:664] Replica learned APPEND action at position 7
I1211 11:14:33.636098 14498 registrar.cpp:490] Successfully updated the 'registry' in 79520us
I1211 11:14:33.640681 14498 registrar.cpp:376] Successfully recovered registrar
I1211 11:14:33.641217 14498 master.cpp:1291] Recovered 2 slaves from the Registry (392B) ; allowing 10mins for slaves to re-register
I1211 11:14:33.640506 14497 log.cpp:704] Attempting to truncate the log to 7
I1211 11:14:33.642432 14497 coordinator.cpp:340] Coordinator attempting to write TRUNCATE action at position 8
I1211 11:14:33.642917 14497 replica.cpp:511] Replica received write request for position 8
I1211 11:14:33.648149 14497 leveldb.cpp:343] Persisting action (16 bytes) to leveldb took 1.71977ms
I1211 11:14:33.648185 14497 replica.cpp:679] Persisted action at 8
I1211 11:14:33.648286 14497 replica.cpp:658] Replica received learned notice for position 8
I1211 11:14:33.648762 14497 leveldb.cpp:343] Persisting action (18 bytes) to leveldb took 450810ns
I1211 11:14:33.648798 14497 leveldb.cpp:401] Deleting ~2 keys from leveldb took 12148ns
I1211 11:14:33.648808 14497 replica.cpp:679] Persisted action at 8
I1211 11:14:33.648816 14497 replica.cpp:664] Replica learned TRUNCATE action at position 8
I1211 11:14:33.776648 14495 network.hpp:415] ZooKeeper group memberships changed
I1211 11:14:33.802943 14495 group.cpp:656] Trying to get '/mesos/log_replicas/0000000005' in ZooKeeper
I1211 11:14:33.813143 14495 group.cpp:656] Trying to get '/mesos/log_replicas/0000000006' in ZooKeeper
I1211 11:14:33.826156 14495 group.cpp:656] Trying to get '/mesos/log_replicas/0000000007' in ZooKeeper
I1211 11:14:33.830216 14495 network.hpp:463] ZooKeeper group PIDs: { log-replica(1)@10.0.0.2:5050, log-replica(1)@10.0.0.3:5050, log-replica(1)@10.0.0.4:5050 }
I1211 11:14:33.843838 14497 group.cpp:714] Found non-sequence node 'log_replicas' at '/mesos' in ZooKeeper
I1211 11:14:33.843894 14495 group.cpp:714] Found non-sequence node 'log_replicas' at '/mesos' in ZooKeeper
I1211 11:14:34.038890 14495 hierarchical.hpp:955] No resources available to allocate!
I1211 11:14:34.039052 14495 hierarchical.hpp:855] Performed allocation for 0 slaves in 181417ns
I1211 11:14:35.040864 14496 hierarchical.hpp:955] No resources available to allocate!
I1211 11:14:35.042157 14496 hierarchical.hpp:855] Performed allocation for 0 slaves in 1.30006ms
I1211 11:14:35.979981 14493 master.cpp:3520] Re-registering slave 20151211-105509-67108874-5050-4918-S1 at slave(1)@10.0.0.6:5051 (n5)
I1211 11:14:35.985841 14493 registrar.cpp:445] Applied 1 operations in 13971ns; attempting to update the 'registry'
I1211 11:14:35.991986 14500 log.cpp:685] Attempting to append 431 bytes to the log
I1211 11:14:35.993821 14500 coordinator.cpp:340] Coordinator attempting to write APPEND action at position 9
I1211 11:14:35.994002 14500 replica.cpp:511] Replica received write request for position 9
I1211 11:14:35.994393 14500 leveldb.cpp:343] Persisting action (450 bytes) to leveldb took 372475ns
I1211 11:14:35.994420 14500 replica.cpp:679] Persisted action at 9
I1211 11:14:36.016013 14493 replica.cpp:658] Replica received learned notice for position 9
I1211 11:14:36.018429 14493 leveldb.cpp:343] Persisting action (452 bytes) to leveldb took 290020ns
I1211 11:14:36.018452 14493 replica.cpp:679] Persisted action at 9
I1211 11:14:36.018461 14493 replica.cpp:664] Replica learned APPEND action at position 9
I1211 11:14:36.018682 14493 registrar.cpp:490] Successfully updated the 'registry' in 27.347968ms
I1211 11:14:36.018779 14493 log.cpp:704] Attempting to truncate the log to 9
I1211 11:14:36.020431 14493 coordinator.cpp:340] Coordinator attempting to write TRUNCATE action at position 10
I1211 11:14:36.020563 14493 replica.cpp:511] Replica received write request for position 10
W1211 11:14:36.020301 14500 master.cpp:4952] Possibly orphaned completed task 1449832076405-www-data-devel-job1-0-93c5bf35-b1ec-452a-96f0-43df9926f3db of framework 20151211-105509-67108874-5050-4918-0000 that ran on slave 20151211-105509-67108874-5050-4918-S1 at slave(1)@10.0.0.6:5051 (n5)
W1211 11:14:36.033228 14500 master.cpp:4952] Possibly orphaned completed task 1449832080263-www-data-devel-job2-0-376fcde0-c3e1-4b74-b933-91a48f80742b of framework 20151211-105509-67108874-5050-4918-0000 that ran on slave 20151211-105509-67108874-5050-4918-S1 at slave(1)@10.0.0.6:5051 (n5)
W1211 11:14:36.033254 14500 master.cpp:4952] Possibly orphaned completed task 1449832100875-www-data-devel-job3-0-62b57868-35bb-4002-bbbd-dbe05410b4f1 of framework 20151211-105509-67108874-5050-4918-0000 that ran on slave 20151211-105509-67108874-5050-4918-S1 at slave(1)@10.0.0.6:5051 (n5)
W1211 11:14:36.033262 14500 master.cpp:4952] Possibly orphaned completed task 1449832108404-www-data-devel-job4-0-912ce55a-32a0-4522-98b0-63f9816bee18 of framework 20151211-105509-67108874-5050-4918-0000 that ran on slave 20151211-105509-67108874-5050-4918-S1 at slave(1)@10.0.0.6:5051 (n5)
W1211 11:14:36.033270 14500 master.cpp:4952] Possibly orphaned completed task 1449832119876-www-data-devel-job5-0-c8849339-6217-4ff1-862d-ea776af1d185 of framework 20151211-105509-67108874-5050-4918-0000 that ran on slave 20151211-105509-67108874-5050-4918-S1 at slave(1)@10.0.0.6:5051 (n5)
I1211 11:14:36.033342 14500 master.cpp:3597] Re-registered slave 20151211-105509-67108874-5050-4918-S1 at slave(1)@10.0.0.6:5051 (n5) with cpus(*):1; mem(*):2927; disk(*):33172; ports(*):[31000-32000]
I1211 11:14:36.033372 14500 master.cpp:3625] Sending updated checkpointed resources  to slave 20151211-105509-67108874-5050-4918-S1 at slave(1)@10.0.0.6:5051 (n5)
I1211 11:14:36.033437 14500 hierarchical.hpp:528] Added slave 20151211-105509-67108874-5050-4918-S1 (n5) with cpus(*):1; mem(*):2927; disk(*):33172; ports(*):[31000-32000] (allocated: )
I1211 11:14:36.033473 14500 hierarchical.hpp:955] No resources available to allocate!
I1211 11:14:36.033483 14500 hierarchical.hpp:873] Performed allocation for slave 20151211-105509-67108874-5050-4918-S1 in 31157ns
I1211 11:14:36.021427 14493 leveldb.cpp:343] Persisting action (16 bytes) to leveldb took 264388ns
I1211 11:14:36.033632 14493 replica.cpp:679] Persisted action at 10
I1211 11:14:36.033651 14493 replica.cpp:658] Replica received learned notice for position 10
I1211 11:14:36.036015 14493 leveldb.cpp:343] Persisting action (18 bytes) to leveldb took 609144ns
I1211 11:14:36.036344 14493 leveldb.cpp:401] Deleting ~2 keys from leveldb took 16073ns
I1211 11:14:36.036367 14493 replica.cpp:679] Persisted action at 10
I1211 11:14:36.036386 14493 replica.cpp:664] Replica learned TRUNCATE action at position 10
I1211 11:14:36.067162 14493 hierarchical.hpp:955] No resources available to allocate!
I1211 11:14:36.067215 14493 hierarchical.hpp:855] Performed allocation for 1 slaves in 92759ns
I1211 11:14:37.068107 14493 hierarchical.hpp:955] No resources available to allocate!
I1211 11:14:37.068924 14493 hierarchical.hpp:855] Performed allocation for 1 slaves in 849176ns
I1211 11:14:38.075595 14500 hierarchical.hpp:955] No resources available to allocate!
I1211 11:14:38.076097 14500 hierarchical.hpp:855] Performed allocation for 1 slaves in 537295ns
I1211 11:14:39.076390 14498 hierarchical.hpp:955] No resources available to allocate!
I1211 11:14:39.080332 14498 hierarchical.hpp:855] Performed allocation for 1 slaves in 3.975936ms
I1211 11:14:40.087923 14494 hierarchical.hpp:955] No resources available to allocate!
I1211 11:14:40.088002 14494 hierarchical.hpp:855] Performed allocation for 1 slaves in 115674ns
I1211 11:14:41.103607 14497 hierarchical.hpp:955] No resources available to allocate!
I1211 11:14:41.104643 14497 hierarchical.hpp:855] Performed allocation for 1 slaves in 1.06708ms
I1211 11:14:42.108495 14495 hierarchical.hpp:955] No resources available to allocate!
I1211 11:14:42.108573 14495 hierarchical.hpp:855] Performed allocation for 1 slaves in 123109ns
I1211 11:14:43.134974 14496 hierarchical.hpp:955] No resources available to allocate!
I1211 11:14:43.135053 14496 hierarchical.hpp:855] Performed allocation for 1 slaves in 112733ns
I1211 11:14:44.143769 14499 hierarchical.hpp:955] No resources available to allocate!
I1211 11:14:44.143852 14499 hierarchical.hpp:855] Performed allocation for 1 slaves in 118835ns
I1211 11:14:44.779670 14493 master.cpp:3520] Re-registering slave 20151211-105509-67108874-5050-4918-S0 at slave(1)@10.0.0.5:5051 (n4)
I1211 11:14:44.779862 14493 registrar.cpp:445] Applied 1 operations in 9510ns; attempting to update the 'registry'
I1211 11:14:44.782464 14493 log.cpp:685] Attempting to append 431 bytes to the log
I1211 11:14:44.782508 14493 coordinator.cpp:340] Coordinator attempting to write APPEND action at position 11
I1211 11:14:44.782742 14500 replica.cpp:511] Replica received write request for position 11
I1211 11:14:44.783071 14500 leveldb.cpp:343] Persisting action (450 bytes) to leveldb took 308787ns
I1211 11:14:44.783088 14500 replica.cpp:679] Persisted action at 11
I1211 11:14:44.810413 14500 replica.cpp:658] Replica received learned notice for position 11
I1211 11:14:44.811034 14500 leveldb.cpp:343] Persisting action (452 bytes) to leveldb took 353707ns
I1211 11:14:44.811053 14500 replica.cpp:679] Persisted action at 11
I1211 11:14:44.811063 14500 replica.cpp:664] Replica learned APPEND action at position 11
I1211 11:14:44.811281 14500 registrar.cpp:490] Successfully updated the 'registry' in 29.807104ms
I1211 11:14:44.811592 14498 log.cpp:704] Attempting to truncate the log to 11
I1211 11:14:44.812100 14498 coordinator.cpp:340] Coordinator attempting to write TRUNCATE action at position 12
I1211 11:14:44.812216 14498 replica.cpp:511] Replica received write request for position 12
I1211 11:14:44.812755 14498 leveldb.cpp:343] Persisting action (16 bytes) to leveldb took 522403ns
I1211 11:14:44.812775 14498 replica.cpp:679] Persisted action at 12
W1211 11:14:44.812935 14500 master.cpp:4952] Possibly orphaned completed task 1449832077034-www-data-devel-job1-0-153456f7-54a2-43ba-9995-9437990bcfa3 of framework 20151211-105509-67108874-5050-4918-0000 that ran on slave 20151211-105509-67108874-5050-4918-S0 at slave(1)@10.0.0.5:5051 (n4)
W1211 11:14:44.813534 14500 master.cpp:4952] Possibly orphaned completed task 1449832080670-www-data-devel-job2-0-827cb4db-9675-4d56-8aff-e4c12404e5b8 of framework 20151211-105509-67108874-5050-4918-0000 that ran on slave 20151211-105509-67108874-5050-4918-S0 at slave(1)@10.0.0.5:5051 (n4)
W1211 11:14:44.813560 14500 master.cpp:4952] Possibly orphaned completed task 1449832101269-www-data-devel-job3-0-94cac3e7-ab5e-4596-a558-96b7decc2321 of framework 20151211-105509-67108874-5050-4918-0000 that ran on slave 20151211-105509-67108874-5050-4918-S0 at slave(1)@10.0.0.5:5051 (n4)
W1211 11:14:44.813571 14500 master.cpp:4952] Possibly orphaned completed task 1449832108771-www-data-devel-job4-0-f3b9b303-7cca-42dd-ace8-3c1955deaafe of framework 20151211-105509-67108874-5050-4918-0000 that ran on slave 20151211-105509-67108874-5050-4918-S0 at slave(1)@10.0.0.5:5051 (n4)
W1211 11:14:44.813581 14500 master.cpp:4952] Possibly orphaned completed task 1449832119491-www-data-devel-job5-0-13921454-fd5e-46d6-96b2-522e5710c20b of framework 20151211-105509-67108874-5050-4918-0000 that ran on slave 20151211-105509-67108874-5050-4918-S0 at slave(1)@10.0.0.5:5051 (n4)
W1211 11:14:44.813596 14500 master.cpp:4952] Possibly orphaned completed task 1449832077468-www-data-devel-job1-0-78d36ff7-f5c7-4654-9882-3b3918d25559 of framework 20151211-105509-67108874-5050-4918-0000 that ran on slave 20151211-105509-67108874-5050-4918-S0 at slave(1)@10.0.0.5:5051 (n4)
I1211 11:14:44.813649 14500 master.cpp:3597] Re-registered slave 20151211-105509-67108874-5050-4918-S0 at slave(1)@10.0.0.5:5051 (n4) with cpus(*):1; mem(*):2927; disk(*):33172; ports(*):[31000-32000]
I1211 11:14:44.813922 14500 master.cpp:3625] Sending updated checkpointed resources  to slave 20151211-105509-67108874-5050-4918-S0 at slave(1)@10.0.0.5:5051 (n4)
I1211 11:14:44.813690 14498 hierarchical.hpp:528] Added slave 20151211-105509-67108874-5050-4918-S0 (n4) with cpus(*):1; mem(*):2927; disk(*):33172; ports(*):[31000-32000] (allocated: )
I1211 11:14:44.814002 14498 hierarchical.hpp:955] No resources available to allocate!
I1211 11:14:44.814009 14498 hierarchical.hpp:873] Performed allocation for slave 20151211-105509-67108874-5050-4918-S0 in 23466ns
I1211 11:14:44.830682 14494 replica.cpp:658] Replica received learned notice for position 12
I1211 11:14:44.835945 14494 leveldb.cpp:343] Persisting action (18 bytes) to leveldb took 5.217457ms
I1211 11:14:44.836005 14494 leveldb.cpp:401] Deleting ~2 keys from leveldb took 16351ns
I1211 11:14:44.836017 14494 replica.cpp:679] Persisted action at 12
I1211 11:14:44.836026 14494 replica.cpp:664] Replica learned TRUNCATE action at position 12
I1211 11:14:45.150598 14494 hierarchical.hpp:955] No resources available to allocate!
I1211 11:14:45.150683 14494 hierarchical.hpp:855] Performed allocation for 2 slaves in 129841ns
I1211 11:14:46.186858 14497 hierarchical.hpp:955] No resources available to allocate!
I1211 11:14:46.188266 14497 hierarchical.hpp:855] Performed allocation for 2 slaves in 1.452835ms
I1211 11:14:47.196992 14495 hierarchical.hpp:955] No resources available to allocate!
I1211 11:14:47.197149 14495 hierarchical.hpp:855] Performed allocation for 2 slaves in 194991ns
I1211 11:14:48.216361 14496 hierarchical.hpp:955] No resources available to allocate!
I1211 11:14:48.222666 14496 hierarchical.hpp:855] Performed allocation for 2 slaves in 6.340941ms
I1211 11:14:49.234135 14499 hierarchical.hpp:955] No resources available to allocate!
I1211 11:14:49.237416 14499 hierarchical.hpp:855] Performed allocation for 2 slaves in 3.329918ms
I1211 11:14:50.256235 14493 hierarchical.hpp:955] No resources available to allocate!
I1211 11:14:50.257541 14493 hierarchical.hpp:855] Performed allocation for 2 slaves in 1.334011ms
I1211 11:14:51.261945 14500 hierarchical.hpp:955] No resources available to allocate!
I1211 11:14:51.265908 14500 hierarchical.hpp:855] Performed allocation for 2 slaves in 4.004782ms
I1211 11:14:52.278228 14498 hierarchical.hpp:955] No resources available to allocate!
I1211 11:14:52.278306 14498 hierarchical.hpp:855] Performed allocation for 2 slaves in 145352ns
I1211 11:14:53.291800 14494 hierarchical.hpp:955] No resources available to allocate!
I1211 11:14:53.291879 14494 hierarchical.hpp:855] Performed allocation for 2 slaves in 118494ns
I1211 11:14:54.296324 14497 hierarchical.hpp:955] No resources available to allocate!
I1211 11:14:54.297000 14497 hierarchical.hpp:855] Performed allocation for 2 slaves in 716118ns
I1211 11:14:55.311017 14495 hierarchical.hpp:955] No resources available to allocate!
I1211 11:14:55.311100 14495 hierarchical.hpp:855] Performed allocation for 2 slaves in 123145ns
I1211 11:14:56.329794 14496 hierarchical.hpp:955] No resources available to allocate!
I1211 11:14:56.329870 14496 hierarchical.hpp:855] Performed allocation for 2 slaves in 116342ns
I1211 11:14:57.332247 14499 hierarchical.hpp:955] No resources available to allocate!
I1211 11:14:57.332362 14499 hierarchical.hpp:855] Performed allocation for 2 slaves in 160255ns
I1211 11:14:58.333071 14493 hierarchical.hpp:955] No resources available to allocate!
I1211 11:14:58.340987 14493 hierarchical.hpp:855] Performed allocation for 2 slaves in 7.94613ms
I1211 11:14:59.351482 14500 hierarchical.hpp:955] No resources available to allocate!
I1211 11:14:59.351569 14500 hierarchical.hpp:855] Performed allocation for 2 slaves in 127132ns
I1211 11:15:00.368875 14498 hierarchical.hpp:955] No resources available to allocate!
I1211 11:15:00.368962 14498 hierarchical.hpp:855] Performed allocation for 2 slaves in 128039ns
I1211 11:15:01.370013 14494 hierarchical.hpp:955] No resources available to allocate!
I1211 11:15:01.370095 14494 hierarchical.hpp:855] Performed allocation for 2 slaves in 124441ns
I1211 11:15:02.370436 14497 hierarchical.hpp:955] No resources available to allocate!
I1211 11:15:02.370517 14497 hierarchical.hpp:855] Performed allocation for 2 slaves in 119367ns
I1211 11:15:03.371217 14495 hierarchical.hpp:955] No resources available to allocate!
I1211 11:15:03.371335 14495 hierarchical.hpp:855] Performed allocation for 2 slaves in 157546ns
I1211 11:15:03.683065 14496 master.cpp:1910] Received re-registration request from framework 20151211-105509-67108874-5050-4918-0000 (TwitterScheduler) at scheduler-8c44a234-d0e3-41bc-9197-95111e3e2d77@10.0.0.5:8083
I1211 11:15:03.683208 14496 master.cpp:1963] Re-registering framework 20151211-105509-67108874-5050-4918-0000 (TwitterScheduler)  at scheduler-8c44a234-d0e3-41bc-9197-95111e3e2d77@10.0.0.5:8083 with checkpointing enabled and capabilities [ REVOCABLE_RESOURCES ]
I1211 11:15:03.683470 14496 hierarchical.hpp:386] Added framework 20151211-105509-67108874-5050-4918-0000
I1211 11:15:03.684183 14496 hierarchical.hpp:855] Performed allocation for 2 slaves in 547440ns
I1211 11:15:03.685204 14499 master.cpp:4290] Sending 2 offers to framework 20151211-105509-67108874-5050-4918-0000 (TwitterScheduler) at scheduler-8c44a234-d0e3-41bc-9197-95111e3e2d77@10.0.0.5:8083
I1211 11:15:04.372323 14493 hierarchical.hpp:955] No resources available to allocate!
I1211 11:15:04.372407 14493 hierarchical.hpp:855] Performed allocation for 2 slaves in 165090ns
I1211 11:15:04.764875 14500 master.cpp:2505] Processing ACCEPT call for offers: [ 20151211-111048-67108874-5050-14487-O1 ] on slave 20151211-105509-67108874-5050-4918-S1 at slave(1)@10.0.0.6:5051 (n5) for framework 20151211-105509-67108874-5050-4918-0000 (TwitterScheduler) at scheduler-8c44a234-d0e3-41bc-9197-95111e3e2d77@10.0.0.5:8083
I1211 11:15:04.765221 14500 master.hpp:159] Adding task 1449832504327-www-data-devel-job21-0-1d896c61-fa95-410b-b513-7330fe7ffd2a with resources cpus(*):0.01; disk(*):1; mem(*):1 on slave 20151211-105509-67108874-5050-4918-S1 (n5)
I1211 11:15:04.765278 14500 master.cpp:2835] Launching task 1449832504327-www-data-devel-job21-0-1d896c61-fa95-410b-b513-7330fe7ffd2a of framework 20151211-105509-67108874-5050-4918-0000 (TwitterScheduler) at scheduler-8c44a234-d0e3-41bc-9197-95111e3e2d77@10.0.0.5:8083 with resources cpus(*):0.01; disk(*):1; mem(*):1 on slave 20151211-105509-67108874-5050-4918-S1 at slave(1)@10.0.0.6:5051 (n5)
I1211 11:15:04.765398 14500 hierarchical.hpp:761] Recovered cpus(*):0.74; mem(*):2798; disk(*):33171; ports(*):[31000-32000] (total: cpus(*):1; mem(*):2927; disk(*):33172; ports(*):[31000-32000], allocated: cpus(*):0.26; mem(*):129; disk(*):1) on slave 20151211-105509-67108874-5050-4918-S1 from framework 20151211-105509-67108874-5050-4918-0000
I1211 11:15:04.765518 14500 hierarchical.hpp:798] Framework 20151211-105509-67108874-5050-4918-0000 filtered slave 20151211-105509-67108874-5050-4918-S1 for 5secs
I1211 11:15:04.863306 14498 master.cpp:2505] Processing ACCEPT call for offers: [ 20151211-111048-67108874-5050-14487-O0 ] on slave 20151211-105509-67108874-5050-4918-S0 at slave(1)@10.0.0.5:5051 (n4) for framework 20151211-105509-67108874-5050-4918-0000 (TwitterScheduler) at scheduler-8c44a234-d0e3-41bc-9197-95111e3e2d77@10.0.0.5:8083
I1211 11:15:04.863592 14498 master.hpp:159] Adding task 1449832504419-www-data-devel-job19-0-e198de42-e399-4ab4-b682-00c3edab3fe1 with resources cpus(*):0.01; disk(*):1; mem(*):1 on slave 20151211-105509-67108874-5050-4918-S0 (n4)
I1211 11:15:04.863644 14498 master.cpp:2835] Launching task 1449832504419-www-data-devel-job19-0-e198de42-e399-4ab4-b682-00c3edab3fe1 of framework 20151211-105509-67108874-5050-4918-0000 (TwitterScheduler) at scheduler-8c44a234-d0e3-41bc-9197-95111e3e2d77@10.0.0.5:8083 with resources cpus(*):0.01; disk(*):1; mem(*):1 on slave 20151211-105509-67108874-5050-4918-S0 at slave(1)@10.0.0.5:5051 (n4)
I1211 11:15:04.863742 14498 hierarchical.hpp:761] Recovered cpus(*):0.74; mem(*):2798; disk(*):33171; ports(*):[31000-32000] (total: cpus(*):1; mem(*):2927; disk(*):33172; ports(*):[31000-32000], allocated: cpus(*):0.26; mem(*):129; disk(*):1) on slave 20151211-105509-67108874-5050-4918-S0 from framework 20151211-105509-67108874-5050-4918-0000
I1211 11:15:04.863765 14498 hierarchical.hpp:798] Framework 20151211-105509-67108874-5050-4918-0000 filtered slave 20151211-105509-67108874-5050-4918-S0 for 5secs
I1211 11:15:05.066570 14498 master.cpp:3850] Executor thermos-1449832504327-www-data-devel-job21-0-1d896c61-fa95-410b-b513-7330fe7ffd2a of framework 20151211-105509-67108874-5050-4918-0000 on slave 20151211-105509-67108874-5050-4918-S1 at slave(1)@10.0.0.6:5051 (n5): terminated with signal Killed
I1211 11:15:05.066710 14498 master.cpp:5275] Removing executor 'thermos-1449832504327-www-data-devel-job21-0-1d896c61-fa95-410b-b513-7330fe7ffd2a' with resources cpus(*):0.25; mem(*):128 of framework 20151211-105509-67108874-5050-4918-0000 on slave 20151211-105509-67108874-5050-4918-S1 at slave(1)@10.0.0.6:5051 (n5)
I1211 11:15:05.066843 14498 hierarchical.hpp:761] Recovered cpus(*):0.25; mem(*):128 (total: cpus(*):1; mem(*):2927; disk(*):33172; ports(*):[31000-32000], allocated: cpus(*):0.01; mem(*):1; disk(*):1) on slave 20151211-105509-67108874-5050-4918-S1 from framework 20151211-105509-67108874-5050-4918-0000
I1211 11:15:05.071945 14498 master.cpp:3758] Status update TASK_LOST (UUID: 3a7b6630-7512-4a25-bcac-b48d3da09bea) for task 1449832504327-www-data-devel-job21-0-1d896c61-fa95-410b-b513-7330fe7ffd2a of framework 20151211-105509-67108874-5050-4918-0000 from slave 20151211-105509-67108874-5050-4918-S1 at slave(1)@10.0.0.6:5051 (n5)
I1211 11:15:05.072455 14498 master.cpp:3797] Forwarding status update TASK_LOST (UUID: 3a7b6630-7512-4a25-bcac-b48d3da09bea) for task 1449832504327-www-data-devel-job21-0-1d896c61-fa95-410b-b513-7330fe7ffd2a of framework 20151211-105509-67108874-5050-4918-0000
I1211 11:15:05.072566 14498 master.cpp:5178] Updating the latest state of task 1449832504327-www-data-devel-job21-0-1d896c61-fa95-410b-b513-7330fe7ffd2a of framework 20151211-105509-67108874-5050-4918-0000 to TASK_LOST
I1211 11:15:05.072742 14497 hierarchical.hpp:761] Recovered cpus(*):0.01; disk(*):1; mem(*):1 (total: cpus(*):1; mem(*):2927; disk(*):33172; ports(*):[31000-32000], allocated: cpus(*):8.67362e-18) on slave 20151211-105509-67108874-5050-4918-S1 from framework 20151211-105509-67108874-5050-4918-0000
I1211 11:15:05.108263 14493 master.cpp:2944] Asked to kill task 1449832504327-www-data-devel-job21-0-1d896c61-fa95-410b-b513-7330fe7ffd2a of framework 20151211-105509-67108874-5050-4918-0000
I1211 11:15:05.108338 14493 master.cpp:3034] Telling slave 20151211-105509-67108874-5050-4918-S1 at slave(1)@10.0.0.6:5051 (n5) to kill task 1449832504327-www-data-devel-job21-0-1d896c61-fa95-410b-b513-7330fe7ffd2a of framework 20151211-105509-67108874-5050-4918-0000 (TwitterScheduler) at scheduler-8c44a234-d0e3-41bc-9197-95111e3e2d77@10.0.0.5:8083
I1211 11:15:05.128118 14500 master.cpp:5246] Removing task 1449832504327-www-data-devel-job21-0-1d896c61-fa95-410b-b513-7330fe7ffd2a with resources cpus(*):0.01; disk(*):1; mem(*):1 of framework 20151211-105509-67108874-5050-4918-0000 on slave 20151211-105509-67108874-5050-4918-S1 at slave(1)@10.0.0.6:5051 (n5)
I1211 11:15:05.128242 14500 master.cpp:3158] Processing ACKNOWLEDGE call 3a7b6630-7512-4a25-bcac-b48d3da09bea for task 1449832504327-www-data-devel-job21-0-1d896c61-fa95-410b-b513-7330fe7ffd2a of framework 20151211-105509-67108874-5050-4918-0000 (TwitterScheduler) at scheduler-8c44a234-d0e3-41bc-9197-95111e3e2d77@10.0.0.5:8083 on slave 20151211-105509-67108874-5050-4918-S1
I1211 11:15:05.133963 14497 master.cpp:3850] Executor thermos-1449832504419-www-data-devel-job19-0-e198de42-e399-4ab4-b682-00c3edab3fe1 of framework 20151211-105509-67108874-5050-4918-0000 on slave 20151211-105509-67108874-5050-4918-S0 at slave(1)@10.0.0.5:5051 (n4): terminated with signal Killed
I1211 11:15:05.134083 14497 master.cpp:5275] Removing executor 'thermos-1449832504419-www-data-devel-job19-0-e198de42-e399-4ab4-b682-00c3edab3fe1' with resources cpus(*):0.25; mem(*):128 of framework 20151211-105509-67108874-5050-4918-0000 on slave 20151211-105509-67108874-5050-4918-S0 at slave(1)@10.0.0.5:5051 (n4)
I1211 11:15:05.134182 14497 hierarchical.hpp:761] Recovered cpus(*):0.25; mem(*):128 (total: cpus(*):1; mem(*):2927; disk(*):33172; ports(*):[31000-32000], allocated: cpus(*):0.01; mem(*):1; disk(*):1) on slave 20151211-105509-67108874-5050-4918-S0 from framework 20151211-105509-67108874-5050-4918-0000
I1211 11:15:05.136206 14495 master.cpp:3758] Status update TASK_LOST (UUID: 2193b0e4-8a5d-4680-a06b-ff06fa833900) for task 1449832504419-www-data-devel-job19-0-e198de42-e399-4ab4-b682-00c3edab3fe1 of framework 20151211-105509-67108874-5050-4918-0000 from slave 20151211-105509-67108874-5050-4918-S0 at slave(1)@10.0.0.5:5051 (n4)
I1211 11:15:05.136240 14495 master.cpp:3797] Forwarding status update TASK_LOST (UUID: 2193b0e4-8a5d-4680-a06b-ff06fa833900) for task 1449832504419-www-data-devel-job19-0-e198de42-e399-4ab4-b682-00c3edab3fe1 of framework 20151211-105509-67108874-5050-4918-0000
I1211 11:15:05.136281 14495 master.cpp:5178] Updating the latest state of task 1449832504419-www-data-devel-job19-0-e198de42-e399-4ab4-b682-00c3edab3fe1 of framework 20151211-105509-67108874-5050-4918-0000 to TASK_LOST
I1211 11:15:05.136337 14495 hierarchical.hpp:761] Recovered cpus(*):0.01; disk(*):1; mem(*):1 (total: cpus(*):1; mem(*):2927; disk(*):33172; ports(*):[31000-32000], allocated: cpus(*):8.67362e-18) on slave 20151211-105509-67108874-5050-4918-S0 from framework 20151211-105509-67108874-5050-4918-0000
I1211 11:15:05.160665 14496 master.cpp:2944] Asked to kill task 1449832504419-www-data-devel-job19-0-e198de42-e399-4ab4-b682-00c3edab3fe1 of framework 20151211-105509-67108874-5050-4918-0000
I1211 11:15:05.160756 14496 master.cpp:3034] Telling slave 20151211-105509-67108874-5050-4918-S0 at slave(1)@10.0.0.5:5051 (n4) to kill task 1449832504419-www-data-devel-job19-0-e198de42-e399-4ab4-b682-00c3edab3fe1 of framework 20151211-105509-67108874-5050-4918-0000 (TwitterScheduler) at scheduler-8c44a234-d0e3-41bc-9197-95111e3e2d77@10.0.0.5:8083
I1211 11:15:05.191766 14499 master.cpp:5246] Removing task 1449832504419-www-data-devel-job19-0-e198de42-e399-4ab4-b682-00c3edab3fe1 with resources cpus(*):0.01; disk(*):1; mem(*):1 of framework 20151211-105509-67108874-5050-4918-0000 on slave 20151211-105509-67108874-5050-4918-S0 at slave(1)@10.0.0.5:5051 (n4)
I1211 11:15:05.191862 14499 master.cpp:3158] Processing ACKNOWLEDGE call 2193b0e4-8a5d-4680-a06b-ff06fa833900 for task 1449832504419-www-data-devel-job19-0-e198de42-e399-4ab4-b682-00c3edab3fe1 of framework 20151211-105509-67108874-5050-4918-0000 (TwitterScheduler) at scheduler-8c44a234-d0e3-41bc-9197-95111e3e2d77@10.0.0.5:8083 on slave 20151211-105509-67108874-5050-4918-S0
I1211 11:15:05.373953 14494 hierarchical.hpp:855] Performed allocation for 2 slaves in 205074ns
I1211 11:15:05.374173 14497 master.cpp:4290] Sending 2 offers to framework 20151211-105509-67108874-5050-4918-0000 (TwitterScheduler) at scheduler-8c44a234-d0e3-41bc-9197-95111e3e2d77@10.0.0.5:8083
I1211 11:15:05.447599 14496 master.cpp:2505] Processing ACCEPT call for offers: [ 20151211-111048-67108874-5050-14487-O2 ] on slave 20151211-105509-67108874-5050-4918-S1 at slave(1)@10.0.0.6:5051 (n5) for framework 20151211-105509-67108874-5050-4918-0000 (TwitterScheduler) at scheduler-8c44a234-d0e3-41bc-9197-95111e3e2d77@10.0.0.5:8083
I1211 11:15:05.447863 14496 master.hpp:159] Adding task 1449832505085-www-data-devel-job21-0-1e3b41ca-9dff-4167-b764-a166a8800750 with resources cpus(*):0.01; disk(*):1; mem(*):1 on slave 20151211-105509-67108874-5050-4918-S1 (n5)
I1211 11:15:05.447911 14496 master.cpp:2835] Launching task 1449832505085-www-data-devel-job21-0-1e3b41ca-9dff-4167-b764-a166a8800750 of framework 20151211-105509-67108874-5050-4918-0000 (TwitterScheduler) at scheduler-8c44a234-d0e3-41bc-9197-95111e3e2d77@10.0.0.5:8083 with resources cpus(*):0.01; disk(*):1; mem(*):1 on slave 20151211-105509-67108874-5050-4918-S1 at slave(1)@10.0.0.6:5051 (n5)
I1211 11:15:05.448011 14496 hierarchical.hpp:761] Recovered cpus(*):0.74; mem(*):2798; disk(*):33171; ports(*):[31000-32000] (total: cpus(*):1; mem(*):2927; disk(*):33172; ports(*):[31000-32000], allocated: cpus(*):0.26; mem(*):129; disk(*):1) on slave 20151211-105509-67108874-5050-4918-S1 from framework 20151211-105509-67108874-5050-4918-0000
I1211 11:15:05.448045 14496 hierarchical.hpp:798] Framework 20151211-105509-67108874-5050-4918-0000 filtered slave 20151211-105509-67108874-5050-4918-S1 for 5secs
I1211 11:15:05.514341 14495 master.cpp:2505] Processing ACCEPT call for offers: [ 20151211-111048-67108874-5050-14487-O3 ] on slave 20151211-105509-67108874-5050-4918-S0 at slave(1)@10.0.0.5:5051 (n4) for framework 20151211-105509-67108874-5050-4918-0000 (TwitterScheduler) at scheduler-8c44a234-d0e3-41bc-9197-95111e3e2d77@10.0.0.5:8083
I1211 11:15:05.514626 14495 master.hpp:159] Adding task 1449832504509-www-data-devel-job20-0-81f94330-9492-480a-ab8b-5fe0528b43e8 with resources cpus(*):0.01; disk(*):1; mem(*):1 on slave 20151211-105509-67108874-5050-4918-S0 (n4)
I1211 11:15:05.514662 14495 master.cpp:2835] Launching task 1449832504509-www-data-devel-job20-0-81f94330-9492-480a-ab8b-5fe0528b43e8 of framework 20151211-105509-67108874-5050-4918-0000 (TwitterScheduler) at scheduler-8c44a234-d0e3-41bc-9197-95111e3e2d77@10.0.0.5:8083 with resources cpus(*):0.01; disk(*):1; mem(*):1 on slave 20151211-105509-67108874-5050-4918-S0 at slave(1)@10.0.0.5:5051 (n4)
I1211 11:15:05.514765 14495 hierarchical.hpp:761] Recovered cpus(*):0.74; mem(*):2798; disk(*):33171; ports(*):[31000-32000] (total: cpus(*):1; mem(*):2927; disk(*):33172; ports(*):[31000-32000], allocated: cpus(*):0.26; mem(*):129; disk(*):1) on slave 20151211-105509-67108874-5050-4918-S0 from framework 20151211-105509-67108874-5050-4918-0000
I1211 11:15:05.514791 14495 hierarchical.hpp:798] Framework 20151211-105509-67108874-5050-4918-0000 filtered slave 20151211-105509-67108874-5050-4918-S0 for 5secs
I1211 11:15:05.685680 14496 master.cpp:3850] Executor thermos-1449832505085-www-data-devel-job21-0-1e3b41ca-9dff-4167-b764-a166a8800750 of framework 20151211-105509-67108874-5050-4918-0000 on slave 20151211-105509-67108874-5050-4918-S1 at slave(1)@10.0.0.6:5051 (n5): terminated with signal Killed
I1211 11:15:05.685746 14496 master.cpp:5275] Removing executor 'thermos-1449832505085-www-data-devel-job21-0-1e3b41ca-9dff-4167-b764-a166a8800750' with resources cpus(*):0.25; mem(*):128 of framework 20151211-105509-67108874-5050-4918-0000 on slave 20151211-105509-67108874-5050-4918-S1 at slave(1)@10.0.0.6:5051 (n5)
I1211 11:15:05.685864 14496 hierarchical.hpp:761] Recovered cpus(*):0.25; mem(*):128 (total: cpus(*):1; mem(*):2927; disk(*):33172; ports(*):[31000-32000], allocated: cpus(*):0.01; mem(*):1; disk(*):1) on slave 20151211-105509-67108874-5050-4918-S1 from framework 20151211-105509-67108874-5050-4918-0000
I1211 11:15:05.692497 14496 master.cpp:3758] Status update TASK_LOST (UUID: b20a44dd-04e5-42d1-82f2-a6198d14b484) for task 1449832505085-www-data-devel-job21-0-1e3b41ca-9dff-4167-b764-a166a8800750 of framework 20151211-105509-67108874-5050-4918-0000 from slave 20151211-105509-67108874-5050-4918-S1 at slave(1)@10.0.0.6:5051 (n5)
I1211 11:15:05.692533 14496 master.cpp:3797] Forwarding status update TASK_LOST (UUID: b20a44dd-04e5-42d1-82f2-a6198d14b484) for task 1449832505085-www-data-devel-job21-0-1e3b41ca-9dff-4167-b764-a166a8800750 of framework 20151211-105509-67108874-5050-4918-0000
I1211 11:15:05.692574 14496 master.cpp:5178] Updating the latest state of task 1449832505085-www-data-devel-job21-0-1e3b41ca-9dff-4167-b764-a166a8800750 of framework 20151211-105509-67108874-5050-4918-0000 to TASK_LOST
I1211 11:15:05.692622 14496 hierarchical.hpp:761] Recovered cpus(*):0.01; disk(*):1; mem(*):1 (total: cpus(*):1; mem(*):2927; disk(*):33172; ports(*):[31000-32000], allocated: cpus(*):8.67362e-18) on slave 20151211-105509-67108874-5050-4918-S1 from framework 20151211-105509-67108874-5050-4918-0000
I1211 11:15:05.728312 14496 master.cpp:2944] Asked to kill task 1449832505085-www-data-devel-job21-0-1e3b41ca-9dff-4167-b764-a166a8800750 of framework 20151211-105509-67108874-5050-4918-0000
I1211 11:15:05.728394 14496 master.cpp:3034] Telling slave 20151211-105509-67108874-5050-4918-S1 at slave(1)@10.0.0.6:5051 (n5) to kill task 1449832505085-www-data-devel-job21-0-1e3b41ca-9dff-4167-b764-a166a8800750 of framework 20151211-105509-67108874-5050-4918-0000 (TwitterScheduler) at scheduler-8c44a234-d0e3-41bc-9197-95111e3e2d77@10.0.0.5:8083
I1211 11:15:05.745064 14500 master.cpp:3850] Executor thermos-1449832504509-www-data-devel-job20-0-81f94330-9492-480a-ab8b-5fe0528b43e8 of framework 20151211-105509-67108874-5050-4918-0000 on slave 20151211-105509-67108874-5050-4918-S0 at slave(1)@10.0.0.5:5051 (n4): terminated with signal Killed
I1211 11:15:05.745156 14500 master.cpp:5275] Removing executor 'thermos-1449832504509-www-data-devel-job20-0-81f94330-9492-480a-ab8b-5fe0528b43e8' with resources cpus(*):0.25; mem(*):128 of framework 20151211-105509-67108874-5050-4918-0000 on slave 20151211-105509-67108874-5050-4918-S0 at slave(1)@10.0.0.5:5051 (n4)
I1211 11:15:05.745254 14500 hierarchical.hpp:761] Recovered cpus(*):0.25; mem(*):128 (total: cpus(*):1; mem(*):2927; disk(*):33172; ports(*):[31000-32000], allocated: cpus(*):0.01; mem(*):1; disk(*):1) on slave 20151211-105509-67108874-5050-4918-S0 from framework 20151211-105509-67108874-5050-4918-0000
I1211 11:15:05.750082 14500 master.cpp:3758] Status update TASK_LOST (UUID: 4cf93ec6-3071-4a2b-a856-b8b450267658) for task 1449832504509-www-data-devel-job20-0-81f94330-9492-480a-ab8b-5fe0528b43e8 of framework 20151211-105509-67108874-5050-4918-0000 from slave 20151211-105509-67108874-5050-4918-S0 at slave(1)@10.0.0.5:5051 (n4)
I1211 11:15:05.750123 14500 master.cpp:3797] Forwarding status update TASK_LOST (UUID: 4cf93ec6-3071-4a2b-a856-b8b450267658) for task 1449832504509-www-data-devel-job20-0-81f94330-9492-480a-ab8b-5fe0528b43e8 of framework 20151211-105509-67108874-5050-4918-0000
I1211 11:15:05.750248 14500 master.cpp:5178] Updating the latest state of task 1449832504509-www-data-devel-job20-0-81f94330-9492-480a-ab8b-5fe0528b43e8 of framework 20151211-105509-67108874-5050-4918-0000 to TASK_LOST
I1211 11:15:05.750319 14500 hierarchical.hpp:761] Recovered cpus(*):0.01; disk(*):1; mem(*):1 (total: cpus(*):1; mem(*):2927; disk(*):33172; ports(*):[31000-32000], allocated: cpus(*):8.67362e-18) on slave 20151211-105509-67108874-5050-4918-S0 from framework 20151211-105509-67108874-5050-4918-0000
I1211 11:15:05.766705 14500 master.cpp:5246] Removing task 1449832505085-www-data-devel-job21-0-1e3b41ca-9dff-4167-b764-a166a8800750 with resources cpus(*):0.01; disk(*):1; mem(*):1 of framework 20151211-105509-67108874-5050-4918-0000 on slave 20151211-105509-67108874-5050-4918-S1 at slave(1)@10.0.0.6:5051 (n5)
I1211 11:15:05.766834 14500 master.cpp:3158] Processing ACKNOWLEDGE call b20a44dd-04e5-42d1-82f2-a6198d14b484 for task 1449832505085-www-data-devel-job21-0-1e3b41ca-9dff-4167-b764-a166a8800750 of framework 20151211-105509-67108874-5050-4918-0000 (TwitterScheduler) at scheduler-8c44a234-d0e3-41bc-9197-95111e3e2d77@10.0.0.5:8083 on slave 20151211-105509-67108874-5050-4918-S1
I1211 11:15:05.779862 14495 master.cpp:2944] Asked to kill task 1449832504509-www-data-devel-job20-0-81f94330-9492-480a-ab8b-5fe0528b43e8 of framework 20151211-105509-67108874-5050-4918-0000
I1211 11:15:05.779942 14495 master.cpp:3034] Telling slave 20151211-105509-67108874-5050-4918-S0 at slave(1)@10.0.0.5:5051 (n4) to kill task 1449832504509-www-data-devel-job20-0-81f94330-9492-480a-ab8b-5fe0528b43e8 of framework 20151211-105509-67108874-5050-4918-0000 (TwitterScheduler) at scheduler-8c44a234-d0e3-41bc-9197-95111e3e2d77@10.0.0.5:8083
I1211 11:15:05.831598 14499 master.cpp:5246] Removing task 1449832504509-www-data-devel-job20-0-81f94330-9492-480a-ab8b-5fe0528b43e8 with resources cpus(*):0.01; disk(*):1; mem(*):1 of framework 20151211-105509-67108874-5050-4918-0000 on slave 20151211-105509-67108874-5050-4918-S0 at slave(1)@10.0.0.5:5051 (n4)
I1211 11:15:05.831714 14499 master.cpp:3158] Processing ACKNOWLEDGE call 4cf93ec6-3071-4a2b-a856-b8b450267658 for task 1449832504509-www-data-devel-job20-0-81f94330-9492-480a-ab8b-5fe0528b43e8 of framework 20151211-105509-67108874-5050-4918-0000 (TwitterScheduler) at scheduler-8c44a234-d0e3-41bc-9197-95111e3e2d77@10.0.0.5:8083 on slave 20151211-105509-67108874-5050-4918-S0
I1211 11:15:06.374583 14500 hierarchical.hpp:855] Performed allocation for 2 slaves in 200613ns
I1211 11:15:06.374788 14493 master.cpp:4290] Sending 2 offers to framework 20151211-105509-67108874-5050-4918-0000 (TwitterScheduler) at scheduler-8c44a234-d0e3-41bc-9197-95111e3e2d77@10.0.0.5:8083
I1211 11:15:06.869964 14495 master.cpp:2505] Processing ACCEPT call for offers: [ 20151211-111048-67108874-5050-14487-O5 ] on slave 20151211-105509-67108874-5050-4918-S1 at slave(1)@10.0.0.6:5051 (n5) for framework 20151211-105509-67108874-5050-4918-0000 (TwitterScheduler) at scheduler-8c44a234-d0e3-41bc-9197-95111e3e2d77@10.0.0.5:8083
I1211 11:15:06.870226 14495 master.hpp:159] Adding task 1449832505771-www-data-devel-job20-0-ff483bef-b26d-4446-9477-87680bd3de46 with resources cpus(*):0.01; disk(*):1; mem(*):1 on slave 20151211-105509-67108874-5050-4918-S1 (n5)
I1211 11:15:06.870275 14495 master.cpp:2835] Launching task 1449832505771-www-data-devel-job20-0-ff483bef-b26d-4446-9477-87680bd3de46 of framework 20151211-105509-67108874-5050-4918-0000 (TwitterScheduler) at scheduler-8c44a234-d0e3-41bc-9197-95111e3e2d77@10.0.0.5:8083 with resources cpus(*):0.01; disk(*):1; mem(*):1 on slave 20151211-105509-67108874-5050-4918-S1 at slave(1)@10.0.0.6:5051 (n5)
I1211 11:15:06.870378 14495 hierarchical.hpp:761] Recovered cpus(*):0.74; mem(*):2798; disk(*):33171; ports(*):[31000-32000] (total: cpus(*):1; mem(*):2927; disk(*):33172; ports(*):[31000-32000], allocated: cpus(*):0.26; mem(*):129; disk(*):1) on slave 20151211-105509-67108874-5050-4918-S1 from framework 20151211-105509-67108874-5050-4918-0000
I1211 11:15:06.870415 14495 hierarchical.hpp:798] Framework 20151211-105509-67108874-5050-4918-0000 filtered slave 20151211-105509-67108874-5050-4918-S1 for 5secs
I1211 11:15:07.102288 14493 master.cpp:3850] Executor thermos-1449832505771-www-data-devel-job20-0-ff483bef-b26d-4446-9477-87680bd3de46 of framework 20151211-105509-67108874-5050-4918-0000 on slave 20151211-105509-67108874-5050-4918-S1 at slave(1)@10.0.0.6:5051 (n5): exited with status 1
I1211 11:15:07.102354 14493 master.cpp:5275] Removing executor 'thermos-1449832505771-www-data-devel-job20-0-ff483bef-b26d-4446-9477-87680bd3de46' with resources cpus(*):0.25; mem(*):128 of framework 20151211-105509-67108874-5050-4918-0000 on slave 20151211-105509-67108874-5050-4918-S1 at slave(1)@10.0.0.6:5051 (n5)
I1211 11:15:07.102471 14493 hierarchical.hpp:761] Recovered cpus(*):0.25; mem(*):128 (total: cpus(*):1; mem(*):2927; disk(*):33172; ports(*):[31000-32000], allocated: cpus(*):0.01; mem(*):1; disk(*):1) on slave 20151211-105509-67108874-5050-4918-S1 from framework 20151211-105509-67108874-5050-4918-0000
I1211 11:15:07.114713 14500 master.cpp:3758] Status update TASK_LOST (UUID: ea375bf2-7f7c-4b2c-a28a-0cbc3a08c9c5) for task 1449832505771-www-data-devel-job20-0-ff483bef-b26d-4446-9477-87680bd3de46 of framework 20151211-105509-67108874-5050-4918-0000 from slave 20151211-105509-67108874-5050-4918-S1 at slave(1)@10.0.0.6:5051 (n5)
I1211 11:15:07.114838 14500 master.cpp:3797] Forwarding status update TASK_LOST (UUID: ea375bf2-7f7c-4b2c-a28a-0cbc3a08c9c5) for task 1449832505771-www-data-devel-job20-0-ff483bef-b26d-4446-9477-87680bd3de46 of framework 20151211-105509-67108874-5050-4918-0000
I1211 11:15:07.114897 14500 master.cpp:5178] Updating the latest state of task 1449832505771-www-data-devel-job20-0-ff483bef-b26d-4446-9477-87680bd3de46 of framework 20151211-105509-67108874-5050-4918-0000 to TASK_LOST
I1211 11:15:07.114961 14500 hierarchical.hpp:761] Recovered cpus(*):0.01; disk(*):1; mem(*):1 (total: cpus(*):1; mem(*):2927; disk(*):33172; ports(*):[31000-32000], allocated: cpus(*):8.67362e-18) on slave 20151211-105509-67108874-5050-4918-S1 from framework 20151211-105509-67108874-5050-4918-0000
I1211 11:15:07.141141 14500 master.cpp:2944] Asked to kill task 1449832505771-www-data-devel-job20-0-ff483bef-b26d-4446-9477-87680bd3de46 of framework 20151211-105509-67108874-5050-4918-0000
