I1216 07:09:34.723490  4991 slave.cpp:2686] Sending acknowledgement for status update TASK_STARTING (UUID: caf791bd-bb89-4e82-858f-6a72ec2dd1b8) for task 1450249740069-www-data-devel-job8-0-a9fe1418-6cad-4961-8a80-c593e277cf18 of framework 20151216-065938-67108874-5050-4974-0000 to executor(1)@10.0.0.5:44035
I1216 07:09:34.732066  4990 status_update_manager.cpp:389] Received status update acknowledgement (UUID: caf791bd-bb89-4e82-858f-6a72ec2dd1b8) for task 1450249740069-www-data-devel-job8-0-a9fe1418-6cad-4961-8a80-c593e277cf18 of framework 20151216-065938-67108874-5050-4974-0000
I1216 07:09:34.732096  4990 status_update_manager.hpp:346] Checkpointing ACK for status update TASK_STARTING (UUID: caf791bd-bb89-4e82-858f-6a72ec2dd1b8) for task 1450249740069-www-data-devel-job8-0-a9fe1418-6cad-4961-8a80-c593e277cf18 of framework 20151216-065938-67108874-5050-4974-0000
I1216 07:09:35.281607  4977 slave.cpp:2508] Handling status update TASK_RUNNING (UUID: 131bce5d-0850-41c7-b078-f19241c6b9ea) for task 1450249740069-www-data-devel-job8-0-a9fe1418-6cad-4961-8a80-c593e277cf18 of framework 20151216-065938-67108874-5050-4974-0000 from executor(1)@10.0.0.5:44035
I1216 07:09:35.281810  4990 status_update_manager.cpp:317] Received status update TASK_RUNNING (UUID: 131bce5d-0850-41c7-b078-f19241c6b9ea) for task 1450249740069-www-data-devel-job8-0-a9fe1418-6cad-4961-8a80-c593e277cf18 of framework 20151216-065938-67108874-5050-4974-0000
I1216 07:09:35.281880  4990 status_update_manager.hpp:346] Checkpointing UPDATE for status update TASK_RUNNING (UUID: 131bce5d-0850-41c7-b078-f19241c6b9ea) for task 1450249740069-www-data-devel-job8-0-a9fe1418-6cad-4961-8a80-c593e277cf18 of framework 20151216-065938-67108874-5050-4974-0000
I1216 07:09:35.284982  4991 slave.cpp:2753] Forwarding the update TASK_RUNNING (UUID: 131bce5d-0850-41c7-b078-f19241c6b9ea) for task 1450249740069-www-data-devel-job8-0-a9fe1418-6cad-4961-8a80-c593e277cf18 of framework 20151216-065938-67108874-5050-4974-0000 to master@10.0.0.4:5050
I1216 07:09:35.285090  4991 slave.cpp:2686] Sending acknowledgement for status update TASK_RUNNING (UUID: 131bce5d-0850-41c7-b078-f19241c6b9ea) for task 1450249740069-www-data-devel-job8-0-a9fe1418-6cad-4961-8a80-c593e277cf18 of framework 20151216-065938-67108874-5050-4974-0000 to executor(1)@10.0.0.5:44035
I1216 07:09:35.295277  4977 status_update_manager.cpp:389] Received status update acknowledgement (UUID: 131bce5d-0850-41c7-b078-f19241c6b9ea) for task 1450249740069-www-data-devel-job8-0-a9fe1418-6cad-4961-8a80-c593e277cf18 of framework 20151216-065938-67108874-5050-4974-0000
I1216 07:09:35.295325  4977 status_update_manager.hpp:346] Checkpointing ACK for status update TASK_RUNNING (UUID: 131bce5d-0850-41c7-b078-f19241c6b9ea) for task 1450249740069-www-data-devel-job8-0-a9fe1418-6cad-4961-8a80-c593e277cf18 of framework 20151216-065938-67108874-5050-4974-0000
I1216 07:09:43.421512  4984 slave.cpp:2508] Handling status update TASK_FINISHED (UUID: a5bc5340-2904-4ae8-99e9-b11424d33f21) for task 1450249740069-www-data-devel-job8-0-a9fe1418-6cad-4961-8a80-c593e277cf18 of framework 20151216-065938-67108874-5050-4974-0000 from executor(1)@10.0.0.5:44035
I1216 07:09:43.422211  4982 status_update_manager.cpp:317] Received status update TASK_FINISHED (UUID: a5bc5340-2904-4ae8-99e9-b11424d33f21) for task 1450249740069-www-data-devel-job8-0-a9fe1418-6cad-4961-8a80-c593e277cf18 of framework 20151216-065938-67108874-5050-4974-0000
I1216 07:09:43.422260  4982 status_update_manager.hpp:346] Checkpointing UPDATE for status update TASK_FINISHED (UUID: a5bc5340-2904-4ae8-99e9-b11424d33f21) for task 1450249740069-www-data-devel-job8-0-a9fe1418-6cad-4961-8a80-c593e277cf18 of framework 20151216-065938-67108874-5050-4974-0000
I1216 07:09:43.684440  4976 slave.cpp:2753] Forwarding the update TASK_FINISHED (UUID: a5bc5340-2904-4ae8-99e9-b11424d33f21) for task 1450249740069-www-data-devel-job8-0-a9fe1418-6cad-4961-8a80-c593e277cf18 of framework 20151216-065938-67108874-5050-4974-0000 to master@10.0.0.4:5050
I1216 07:09:43.684618  4976 slave.cpp:2686] Sending acknowledgement for status update TASK_FINISHED (UUID: a5bc5340-2904-4ae8-99e9-b11424d33f21) for task 1450249740069-www-data-devel-job8-0-a9fe1418-6cad-4961-8a80-c593e277cf18 of framework 20151216-065938-67108874-5050-4974-0000 to executor(1)@10.0.0.5:44035
I1216 07:09:43.697978  4982 status_update_manager.cpp:389] Received status update acknowledgement (UUID: a5bc5340-2904-4ae8-99e9-b11424d33f21) for task 1450249740069-www-data-devel-job8-0-a9fe1418-6cad-4961-8a80-c593e277cf18 of framework 20151216-065938-67108874-5050-4974-0000
I1216 07:09:43.698046  4982 status_update_manager.hpp:346] Checkpointing ACK for status update TASK_FINISHED (UUID: a5bc5340-2904-4ae8-99e9-b11424d33f21) for task 1450249740069-www-data-devel-job8-0-a9fe1418-6cad-4961-8a80-c593e277cf18 of framework 20151216-065938-67108874-5050-4974-0000
I1216 07:09:48.492111  4982 containerizer.cpp:1111] Executor for container '701e34d5-ec32-456f-ab3b-3aeff1ec03a4' has exited
I1216 07:09:48.492264  4982 containerizer.cpp:906] Destroying container '701e34d5-ec32-456f-ab3b-3aeff1ec03a4'
I1216 07:09:48.494132  4982 slave.cpp:3193] Executor 'thermos-1450249740069-www-data-devel-job8-0-a9fe1418-6cad-4961-8a80-c593e277cf18' of framework 20151216-065938-67108874-5050-4974-0000 exited with status 0
I1216 07:09:48.494413  4982 slave.cpp:3302] Cleaning up executor 'thermos-1450249740069-www-data-devel-job8-0-a9fe1418-6cad-4961-8a80-c593e277cf18' of framework 20151216-065938-67108874-5050-4974-0000
I1216 07:09:48.494761  4984 gc.cpp:56] Scheduling '/var/lib/mesos/slave/slaves/20151216-065938-67108874-5050-4974-S1/frameworks/20151216-065938-67108874-5050-4974-0000/executors/thermos-1450249740069-www-data-devel-job8-0-a9fe1418-6cad-4961-8a80-c593e277cf18/runs/701e34d5-ec32-456f-ab3b-3aeff1ec03a4' for gc 6.99999427436444days in the future
I1216 07:09:48.494854  4984 gc.cpp:56] Scheduling '/var/lib/mesos/slave/slaves/20151216-065938-67108874-5050-4974-S1/frameworks/20151216-065938-67108874-5050-4974-0000/executors/thermos-1450249740069-www-data-devel-job8-0-a9fe1418-6cad-4961-8a80-c593e277cf18' for gc 6.99999427328889days in the future
I1216 07:09:48.494889  4984 gc.cpp:56] Scheduling '/var/lib/mesos/slave/meta/slaves/20151216-065938-67108874-5050-4974-S1/frameworks/20151216-065938-67108874-5050-4974-0000/executors/thermos-1450249740069-www-data-devel-job8-0-a9fe1418-6cad-4961-8a80-c593e277cf18/runs/701e34d5-ec32-456f-ab3b-3aeff1ec03a4' for gc 6.99999427247704days in the future
I1216 07:09:48.494966  4982 slave.cpp:3381] Cleaning up framework 20151216-065938-67108874-5050-4974-0000
I1216 07:09:48.495000  4981 gc.cpp:56] Scheduling '/var/lib/mesos/slave/meta/slaves/20151216-065938-67108874-5050-4974-S1/frameworks/20151216-065938-67108874-5050-4974-0000/executors/thermos-1450249740069-www-data-devel-job8-0-a9fe1418-6cad-4961-8a80-c593e277cf18' for gc 6.99999427171259days in the future
I1216 07:09:48.495110  4979 status_update_manager.cpp:279] Closing status update streams for framework 20151216-065938-67108874-5050-4974-0000
I1216 07:09:48.495206  4979 gc.cpp:56] Scheduling '/var/lib/mesos/slave/slaves/20151216-065938-67108874-5050-4974-S1/frameworks/20151216-065938-67108874-5050-4974-0000' for gc 6.99999426935407days in the future
I1216 07:09:48.495256  4979 gc.cpp:56] Scheduling '/var/lib/mesos/slave/meta/slaves/20151216-065938-67108874-5050-4974-S1/frameworks/20151216-065938-67108874-5050-4974-0000' for gc 6.99999426794963days in the future
I1216 07:09:56.119647  4985 slave.cpp:3618] Current disk usage 68.97%. Max allowed age: 1.472292064210555days
I1216 07:10:00.217046  4983 slave.cpp:3534] Framework 20151216-065938-67108874-5050-4974-0000 seems to have exited. Ignoring registration timeout for executor 'thermos-1450249740016-www-data-devel-job6-0-8cd5a09c-a619-4640-863c-75728c34d493'
I1216 07:10:00.249809  4990 slave.cpp:1121] Got assigned task 1450249800017-www-data-devel-job6-0-b916ce6b-637e-410a-80bb-55291280c2a9 for framework 20151216-065938-67108874-5050-4974-0000
I1216 07:10:00.251510  4990 gc.cpp:84] Unscheduling '/var/lib/mesos/slave/slaves/20151216-065938-67108874-5050-4974-S1/frameworks/20151216-065938-67108874-5050-4974-0000' from gc
I1216 07:10:00.251682  4986 gc.cpp:84] Unscheduling '/var/lib/mesos/slave/meta/slaves/20151216-065938-67108874-5050-4974-S1/frameworks/20151216-065938-67108874-5050-4974-0000' from gc
I1216 07:10:00.251832  4988 slave.cpp:1231] Launching task 1450249800017-www-data-devel-job6-0-b916ce6b-637e-410a-80bb-55291280c2a9 for framework 20151216-065938-67108874-5050-4974-0000
I1216 07:10:00.261724  4988 slave.cpp:4160] Launching executor thermos-1450249800017-www-data-devel-job6-0-b916ce6b-637e-410a-80bb-55291280c2a9 of framework 20151216-065938-67108874-5050-4974-0000 in work directory '/var/lib/mesos/slave/slaves/20151216-065938-67108874-5050-4974-S1/frameworks/20151216-065938-67108874-5050-4974-0000/executors/thermos-1450249800017-www-data-devel-job6-0-b916ce6b-637e-410a-80bb-55291280c2a9/runs/d8462cf3-4283-4fd9-a708-e899b69f4590'
I1216 07:10:00.262856  4984 containerizer.cpp:472] Starting container 'd8462cf3-4283-4fd9-a708-e899b69f4590' for executor 'thermos-1450249800017-www-data-devel-job6-0-b916ce6b-637e-410a-80bb-55291280c2a9' of framework '20151216-065938-67108874-5050-4974-0000'
I1216 07:10:00.263461  4988 slave.cpp:1378] Queuing task '1450249800017-www-data-devel-job6-0-b916ce6b-637e-410a-80bb-55291280c2a9' for executor thermos-1450249800017-www-data-devel-job6-0-b916ce6b-637e-410a-80bb-55291280c2a9 of framework '20151216-065938-67108874-5050-4974-0000
I1216 07:10:00.265532  4984 launcher.cpp:130] Forked child with pid '15716' for container 'd8462cf3-4283-4fd9-a708-e899b69f4590'
I1216 07:10:00.265713  4984 containerizer.cpp:682] Checkpointing executor's forked pid 15716 to '/var/lib/mesos/slave/meta/slaves/20151216-065938-67108874-5050-4974-S1/frameworks/20151216-065938-67108874-5050-4974-0000/executors/thermos-1450249800017-www-data-devel-job6-0-b916ce6b-637e-410a-80bb-55291280c2a9/runs/d8462cf3-4283-4fd9-a708-e899b69f4590/pids/forked.pid'
I1216 07:10:00.281613  4979 fetcher.cpp:238] Fetching URIs using command '/usr/libexec/mesos/mesos-fetcher'
I1216 07:10:00.444955  4983 slave.cpp:3135] Monitoring executor 'thermos-1450249800017-www-data-devel-job6-0-b916ce6b-637e-410a-80bb-55291280c2a9' of framework '20151216-065938-67108874-5050-4974-0000' in container 'd8462cf3-4283-4fd9-a708-e899b69f4590'
I1216 07:10:00.829107  4985 slave.cpp:2141] Got registration for executor 'thermos-1450249800017-www-data-devel-job6-0-b916ce6b-637e-410a-80bb-55291280c2a9' of framework 20151216-065938-67108874-5050-4974-0000 from executor(1)@10.0.0.5:43621
I1216 07:10:00.830049  4988 slave.cpp:1532] Sending queued task '1450249800017-www-data-devel-job6-0-b916ce6b-637e-410a-80bb-55291280c2a9' to executor 'thermos-1450249800017-www-data-devel-job6-0-b916ce6b-637e-410a-80bb-55291280c2a9' of framework 20151216-065938-67108874-5050-4974-0000
I1216 07:10:00.835486  4979 slave.cpp:2508] Handling status update TASK_STARTING (UUID: 88e1c93d-177d-4acf-b0a8-5d748b668958) for task 1450249800017-www-data-devel-job6-0-b916ce6b-637e-410a-80bb-55291280c2a9 of framework 20151216-065938-67108874-5050-4974-0000 from executor(1)@10.0.0.5:43621
I1216 07:10:00.835659  4976 status_update_manager.cpp:317] Received status update TASK_STARTING (UUID: 88e1c93d-177d-4acf-b0a8-5d748b668958) for task 1450249800017-www-data-devel-job6-0-b916ce6b-637e-410a-80bb-55291280c2a9 of framework 20151216-065938-67108874-5050-4974-0000
I1216 07:10:00.836035  4976 status_update_manager.hpp:346] Checkpointing UPDATE for status update TASK_STARTING (UUID: 88e1c93d-177d-4acf-b0a8-5d748b668958) for task 1450249800017-www-data-devel-job6-0-b916ce6b-637e-410a-80bb-55291280c2a9 of framework 20151216-065938-67108874-5050-4974-0000
I1216 07:10:00.839825  4982 slave.cpp:2753] Forwarding the update TASK_STARTING (UUID: 88e1c93d-177d-4acf-b0a8-5d748b668958) for task 1450249800017-www-data-devel-job6-0-b916ce6b-637e-410a-80bb-55291280c2a9 of framework 20151216-065938-67108874-5050-4974-0000 to master@10.0.0.4:5050
I1216 07:10:00.839953  4982 slave.cpp:2686] Sending acknowledgement for status update TASK_STARTING (UUID: 88e1c93d-177d-4acf-b0a8-5d748b668958) for task 1450249800017-www-data-devel-job6-0-b916ce6b-637e-410a-80bb-55291280c2a9 of framework 20151216-065938-67108874-5050-4974-0000 to executor(1)@10.0.0.5:43621
I1216 07:10:00.848271  4976 status_update_manager.cpp:389] Received status update acknowledgement (UUID: 88e1c93d-177d-4acf-b0a8-5d748b668958) for task 1450249800017-www-data-devel-job6-0-b916ce6b-637e-410a-80bb-55291280c2a9 of framework 20151216-065938-67108874-5050-4974-0000
I1216 07:10:00.848340  4976 status_update_manager.hpp:346] Checkpointing ACK for status update TASK_STARTING (UUID: 88e1c93d-177d-4acf-b0a8-5d748b668958) for task 1450249800017-www-data-devel-job6-0-b916ce6b-637e-410a-80bb-55291280c2a9 of framework 20151216-065938-67108874-5050-4974-0000
I1216 07:10:01.441326  4976 slave.cpp:2508] Handling status update TASK_RUNNING (UUID: 7d106198-a91b-455b-b925-c55ee66982ec) for task 1450249800017-www-data-devel-job6-0-b916ce6b-637e-410a-80bb-55291280c2a9 of framework 20151216-065938-67108874-5050-4974-0000 from executor(1)@10.0.0.5:43621
I1216 07:10:01.441529  4990 status_update_manager.cpp:317] Received status update TASK_RUNNING (UUID: 7d106198-a91b-455b-b925-c55ee66982ec) for task 1450249800017-www-data-devel-job6-0-b916ce6b-637e-410a-80bb-55291280c2a9 of framework 20151216-065938-67108874-5050-4974-0000
I1216 07:10:01.441578  4990 status_update_manager.hpp:346] Checkpointing UPDATE for status update TASK_RUNNING (UUID: 7d106198-a91b-455b-b925-c55ee66982ec) for task 1450249800017-www-data-devel-job6-0-b916ce6b-637e-410a-80bb-55291280c2a9 of framework 20151216-065938-67108874-5050-4974-0000
I1216 07:10:01.445334  4976 slave.cpp:2753] Forwarding the update TASK_RUNNING (UUID: 7d106198-a91b-455b-b925-c55ee66982ec) for task 1450249800017-www-data-devel-job6-0-b916ce6b-637e-410a-80bb-55291280c2a9 of framework 20151216-065938-67108874-5050-4974-0000 to master@10.0.0.4:5050
I1216 07:10:01.445436  4976 slave.cpp:2686] Sending acknowledgement for status update TASK_RUNNING (UUID: 7d106198-a91b-455b-b925-c55ee66982ec) for task 1450249800017-www-data-devel-job6-0-b916ce6b-637e-410a-80bb-55291280c2a9 of framework 20151216-065938-67108874-5050-4974-0000 to executor(1)@10.0.0.5:43621
I1216 07:10:01.454226  4981 status_update_manager.cpp:389] Received status update acknowledgement (UUID: 7d106198-a91b-455b-b925-c55ee66982ec) for task 1450249800017-www-data-devel-job6-0-b916ce6b-637e-410a-80bb-55291280c2a9 of framework 20151216-065938-67108874-5050-4974-0000
I1216 07:10:01.454311  4981 status_update_manager.hpp:346] Checkpointing ACK for status update TASK_RUNNING (UUID: 7d106198-a91b-455b-b925-c55ee66982ec) for task 1450249800017-www-data-devel-job6-0-b916ce6b-637e-410a-80bb-55291280c2a9 of framework 20151216-065938-67108874-5050-4974-0000
I1216 07:10:03.572479  4979 slave.cpp:2508] Handling status update TASK_FINISHED (UUID: 963b3969-2f40-4433-a965-7785e5f84bde) for task 1450249800017-www-data-devel-job6-0-b916ce6b-637e-410a-80bb-55291280c2a9 of framework 20151216-065938-67108874-5050-4974-0000 from executor(1)@10.0.0.5:43621
I1216 07:10:03.573129  4991 status_update_manager.cpp:317] Received status update TASK_FINISHED (UUID: 963b3969-2f40-4433-a965-7785e5f84bde) for task 1450249800017-www-data-devel-job6-0-b916ce6b-637e-410a-80bb-55291280c2a9 of framework 20151216-065938-67108874-5050-4974-0000
I1216 07:10:03.573206  4991 status_update_manager.hpp:346] Checkpointing UPDATE for status update TASK_FINISHED (UUID: 963b3969-2f40-4433-a965-7785e5f84bde) for task 1450249800017-www-data-devel-job6-0-b916ce6b-637e-410a-80bb-55291280c2a9 of framework 20151216-065938-67108874-5050-4974-0000
I1216 07:10:03.577600  4976 slave.cpp:2753] Forwarding the update TASK_FINISHED (UUID: 963b3969-2f40-4433-a965-7785e5f84bde) for task 1450249800017-www-data-devel-job6-0-b916ce6b-637e-410a-80bb-55291280c2a9 of framework 20151216-065938-67108874-5050-4974-0000 to master@10.0.0.4:5050
I1216 07:10:03.577729  4976 slave.cpp:2686] Sending acknowledgement for status update TASK_FINISHED (UUID: 963b3969-2f40-4433-a965-7785e5f84bde) for task 1450249800017-www-data-devel-job6-0-b916ce6b-637e-410a-80bb-55291280c2a9 of framework 20151216-065938-67108874-5050-4974-0000 to executor(1)@10.0.0.5:43621
I1216 07:10:03.585849  4985 status_update_manager.cpp:389] Received status update acknowledgement (UUID: 963b3969-2f40-4433-a965-7785e5f84bde) for task 1450249800017-www-data-devel-job6-0-b916ce6b-637e-410a-80bb-55291280c2a9 of framework 20151216-065938-67108874-5050-4974-0000
I1216 07:10:03.585886  4985 status_update_manager.hpp:346] Checkpointing ACK for status update TASK_FINISHED (UUID: 963b3969-2f40-4433-a965-7785e5f84bde) for task 1450249800017-www-data-devel-job6-0-b916ce6b-637e-410a-80bb-55291280c2a9 of framework 20151216-065938-67108874-5050-4974-0000
I1216 07:10:05.539006  4978 slave.cpp:1121] Got assigned task 1450249800041-www-data-devel-job8-0-b7b8619b-983f-4a0d-9a1b-266e93b14a9e for framework 20151216-065938-67108874-5050-4974-0000
I1216 07:10:05.539278  4978 slave.cpp:1231] Launching task 1450249800041-www-data-devel-job8-0-b7b8619b-983f-4a0d-9a1b-266e93b14a9e for framework 20151216-065938-67108874-5050-4974-0000
I1216 07:10:05.543490  4978 slave.cpp:4160] Launching executor thermos-1450249800041-www-data-devel-job8-0-b7b8619b-983f-4a0d-9a1b-266e93b14a9e of framework 20151216-065938-67108874-5050-4974-0000 in work directory '/var/lib/mesos/slave/slaves/20151216-065938-67108874-5050-4974-S1/frameworks/20151216-065938-67108874-5050-4974-0000/executors/thermos-1450249800041-www-data-devel-job8-0-b7b8619b-983f-4a0d-9a1b-266e93b14a9e/runs/b8730453-a4cf-431f-af5d-be529a46dc32'
I1216 07:10:05.543620  4980 containerizer.cpp:472] Starting container 'b8730453-a4cf-431f-af5d-be529a46dc32' for executor 'thermos-1450249800041-www-data-devel-job8-0-b7b8619b-983f-4a0d-9a1b-266e93b14a9e' of framework '20151216-065938-67108874-5050-4974-0000'
I1216 07:10:05.545258  4980 launcher.cpp:130] Forked child with pid '15773' for container 'b8730453-a4cf-431f-af5d-be529a46dc32'
I1216 07:10:05.545344  4978 slave.cpp:1378] Queuing task '1450249800041-www-data-devel-job8-0-b7b8619b-983f-4a0d-9a1b-266e93b14a9e' for executor thermos-1450249800041-www-data-devel-job8-0-b7b8619b-983f-4a0d-9a1b-266e93b14a9e of framework '20151216-065938-67108874-5050-4974-0000
I1216 07:10:05.545506  4980 containerizer.cpp:682] Checkpointing executor's forked pid 15773 to '/var/lib/mesos/slave/meta/slaves/20151216-065938-67108874-5050-4974-S1/frameworks/20151216-065938-67108874-5050-4974-0000/executors/thermos-1450249800041-www-data-devel-job8-0-b7b8619b-983f-4a0d-9a1b-266e93b14a9e/runs/b8730453-a4cf-431f-af5d-be529a46dc32/pids/forked.pid'
I1216 07:10:05.549147  4982 fetcher.cpp:238] Fetching URIs using command '/usr/libexec/mesos/mesos-fetcher'
I1216 07:10:05.669229  4985 slave.cpp:3135] Monitoring executor 'thermos-1450249800041-www-data-devel-job8-0-b7b8619b-983f-4a0d-9a1b-266e93b14a9e' of framework '20151216-065938-67108874-5050-4974-0000' in container 'b8730453-a4cf-431f-af5d-be529a46dc32'
I1216 07:10:06.049480  4985 slave.cpp:2141] Got registration for executor 'thermos-1450249800041-www-data-devel-job8-0-b7b8619b-983f-4a0d-9a1b-266e93b14a9e' of framework 20151216-065938-67108874-5050-4974-0000 from executor(1)@10.0.0.5:45161
I1216 07:10:06.050426  4984 slave.cpp:1532] Sending queued task '1450249800041-www-data-devel-job8-0-b7b8619b-983f-4a0d-9a1b-266e93b14a9e' to executor 'thermos-1450249800041-www-data-devel-job8-0-b7b8619b-983f-4a0d-9a1b-266e93b14a9e' of framework 20151216-065938-67108874-5050-4974-0000
I1216 07:10:06.055857  4979 slave.cpp:2508] Handling status update TASK_STARTING (UUID: c81c6b65-2265-47a2-8a85-eaa83153ae13) for task 1450249800041-www-data-devel-job8-0-b7b8619b-983f-4a0d-9a1b-266e93b14a9e of framework 20151216-065938-67108874-5050-4974-0000 from executor(1)@10.0.0.5:45161
I1216 07:10:06.056025  4990 status_update_manager.cpp:317] Received status update TASK_STARTING (UUID: c81c6b65-2265-47a2-8a85-eaa83153ae13) for task 1450249800041-www-data-devel-job8-0-b7b8619b-983f-4a0d-9a1b-266e93b14a9e of framework 20151216-065938-67108874-5050-4974-0000
I1216 07:10:06.056377  4990 status_update_manager.hpp:346] Checkpointing UPDATE for status update TASK_STARTING (UUID: c81c6b65-2265-47a2-8a85-eaa83153ae13) for task 1450249800041-www-data-devel-job8-0-b7b8619b-983f-4a0d-9a1b-266e93b14a9e of framework 20151216-065938-67108874-5050-4974-0000
I1216 07:10:06.060256  4979 slave.cpp:2753] Forwarding the update TASK_STARTING (UUID: c81c6b65-2265-47a2-8a85-eaa83153ae13) for task 1450249800041-www-data-devel-job8-0-b7b8619b-983f-4a0d-9a1b-266e93b14a9e of framework 20151216-065938-67108874-5050-4974-0000 to master@10.0.0.4:5050
I1216 07:10:06.060369  4979 slave.cpp:2686] Sending acknowledgement for status update TASK_STARTING (UUID: c81c6b65-2265-47a2-8a85-eaa83153ae13) for task 1450249800041-www-data-devel-job8-0-b7b8619b-983f-4a0d-9a1b-266e93b14a9e of framework 20151216-065938-67108874-5050-4974-0000 to executor(1)@10.0.0.5:45161
I1216 07:10:06.068312  4987 status_update_manager.cpp:389] Received status update acknowledgement (UUID: c81c6b65-2265-47a2-8a85-eaa83153ae13) for task 1450249800041-www-data-devel-job8-0-b7b8619b-983f-4a0d-9a1b-266e93b14a9e of framework 20151216-065938-67108874-5050-4974-0000
I1216 07:10:06.068368  4987 status_update_manager.hpp:346] Checkpointing ACK for status update TASK_STARTING (UUID: c81c6b65-2265-47a2-8a85-eaa83153ae13) for task 1450249800041-www-data-devel-job8-0-b7b8619b-983f-4a0d-9a1b-266e93b14a9e of framework 20151216-065938-67108874-5050-4974-0000
I1216 07:10:06.618211  4990 slave.cpp:2508] Handling status update TASK_RUNNING (UUID: 3c61d3c4-0ef4-475f-a9e4-55a9d1f1c762) for task 1450249800041-www-data-devel-job8-0-b7b8619b-983f-4a0d-9a1b-266e93b14a9e of framework 20151216-065938-67108874-5050-4974-0000 from executor(1)@10.0.0.5:45161
I1216 07:10:06.618392  4987 status_update_manager.cpp:317] Received status update TASK_RUNNING (UUID: 3c61d3c4-0ef4-475f-a9e4-55a9d1f1c762) for task 1450249800041-www-data-devel-job8-0-b7b8619b-983f-4a0d-9a1b-266e93b14a9e of framework 20151216-065938-67108874-5050-4974-0000
I1216 07:10:06.618470  4987 status_update_manager.hpp:346] Checkpointing UPDATE for status update TASK_RUNNING (UUID: 3c61d3c4-0ef4-475f-a9e4-55a9d1f1c762) for task 1450249800041-www-data-devel-job8-0-b7b8619b-983f-4a0d-9a1b-266e93b14a9e of framework 20151216-065938-67108874-5050-4974-0000
I1216 07:10:06.622411  4988 slave.cpp:2753] Forwarding the update TASK_RUNNING (UUID: 3c61d3c4-0ef4-475f-a9e4-55a9d1f1c762) for task 1450249800041-www-data-devel-job8-0-b7b8619b-983f-4a0d-9a1b-266e93b14a9e of framework 20151216-065938-67108874-5050-4974-0000 to master@10.0.0.4:5050
I1216 07:10:06.622550  4988 slave.cpp:2686] Sending acknowledgement for status update TASK_RUNNING (UUID: 3c61d3c4-0ef4-475f-a9e4-55a9d1f1c762) for task 1450249800041-www-data-devel-job8-0-b7b8619b-983f-4a0d-9a1b-266e93b14a9e of framework 20151216-065938-67108874-5050-4974-0000 to executor(1)@10.0.0.5:45161
I1216 07:10:06.629889  4987 status_update_manager.cpp:389] Received status update acknowledgement (UUID: 3c61d3c4-0ef4-475f-a9e4-55a9d1f1c762) for task 1450249800041-www-data-devel-job8-0-b7b8619b-983f-4a0d-9a1b-266e93b14a9e of framework 20151216-065938-67108874-5050-4974-0000
I1216 07:10:06.629920  4987 status_update_manager.hpp:346] Checkpointing ACK for status update TASK_RUNNING (UUID: 3c61d3c4-0ef4-475f-a9e4-55a9d1f1c762) for task 1450249800041-www-data-devel-job8-0-b7b8619b-983f-4a0d-9a1b-266e93b14a9e of framework 20151216-065938-67108874-5050-4974-0000
I1216 07:10:08.682711  4979 containerizer.cpp:1111] Executor for container 'd8462cf3-4283-4fd9-a708-e899b69f4590' has exited
I1216 07:10:08.682843  4979 containerizer.cpp:906] Destroying container 'd8462cf3-4283-4fd9-a708-e899b69f4590'
I1216 07:10:08.684463  4981 slave.cpp:3193] Executor 'thermos-1450249800017-www-data-devel-job6-0-b916ce6b-637e-410a-80bb-55291280c2a9' of framework 20151216-065938-67108874-5050-4974-0000 exited with status 0
I1216 07:10:08.684680  4981 slave.cpp:3302] Cleaning up executor 'thermos-1450249800017-www-data-devel-job6-0-b916ce6b-637e-410a-80bb-55291280c2a9' of framework 20151216-065938-67108874-5050-4974-0000
I1216 07:10:08.685185  4983 gc.cpp:56] Scheduling '/var/lib/mesos/slave/slaves/20151216-065938-67108874-5050-4974-S1/frameworks/20151216-065938-67108874-5050-4974-0000/executors/thermos-1450249800017-www-data-devel-job6-0-b916ce6b-637e-410a-80bb-55291280c2a9/runs/d8462cf3-4283-4fd9-a708-e899b69f4590' for gc 6.99999207050963days in the future
I1216 07:10:08.685246  4983 gc.cpp:56] Scheduling '/var/lib/mesos/slave/slaves/20151216-065938-67108874-5050-4974-S1/frameworks/20151216-065938-67108874-5050-4974-0000/executors/thermos-1450249800017-www-data-devel-job6-0-b916ce6b-637e-410a-80bb-55291280c2a9' for gc 6.99999206925926days in the future
I1216 07:10:08.685364  4988 gc.cpp:56] Scheduling '/var/lib/mesos/slave/meta/slaves/20151216-065938-67108874-5050-4974-S1/frameworks/20151216-065938-67108874-5050-4974-0000/executors/thermos-1450249800017-www-data-devel-job6-0-b916ce6b-637e-410a-80bb-55291280c2a9/runs/d8462cf3-4283-4fd9-a708-e899b69f4590' for gc 6.9999920681363days in the future
I1216 07:10:08.685479  4988 gc.cpp:56] Scheduling '/var/lib/mesos/slave/meta/slaves/20151216-065938-67108874-5050-4974-S1/frameworks/20151216-065938-67108874-5050-4974-0000/executors/thermos-1450249800017-www-data-devel-job6-0-b916ce6b-637e-410a-80bb-55291280c2a9' for gc 6.99999206698074days in the future
I1216 07:10:09.688750  4981 slave.cpp:1121] Got assigned task 1450249800084-www-data-devel-job10-0-2b6ff693-7503-4ebe-86d2-ec01d98dcb1a for framework 20151216-065938-67108874-5050-4974-0000
I1216 07:10:09.689154  4981 slave.cpp:1231] Launching task 1450249800084-www-data-devel-job10-0-2b6ff693-7503-4ebe-86d2-ec01d98dcb1a for framework 20151216-065938-67108874-5050-4974-0000
I1216 07:10:09.696367  4981 slave.cpp:4160] Launching executor thermos-1450249800084-www-data-devel-job10-0-2b6ff693-7503-4ebe-86d2-ec01d98dcb1a of framework 20151216-065938-67108874-5050-4974-0000 in work directory '/var/lib/mesos/slave/slaves/20151216-065938-67108874-5050-4974-S1/frameworks/20151216-065938-67108874-5050-4974-0000/executors/thermos-1450249800084-www-data-devel-job10-0-2b6ff693-7503-4ebe-86d2-ec01d98dcb1a/runs/e591ee6f-3a32-40b8-b16f-2cf38e5e8a2c'
I1216 07:10:09.696540  4991 containerizer.cpp:472] Starting container 'e591ee6f-3a32-40b8-b16f-2cf38e5e8a2c' for executor 'thermos-1450249800084-www-data-devel-job10-0-2b6ff693-7503-4ebe-86d2-ec01d98dcb1a' of framework '20151216-065938-67108874-5050-4974-0000'
I1216 07:10:09.697248  4981 slave.cpp:1378] Queuing task '1450249800084-www-data-devel-job10-0-2b6ff693-7503-4ebe-86d2-ec01d98dcb1a' for executor thermos-1450249800084-www-data-devel-job10-0-2b6ff693-7503-4ebe-86d2-ec01d98dcb1a of framework '20151216-065938-67108874-5050-4974-0000
I1216 07:10:09.698151  4987 launcher.cpp:130] Forked child with pid '15826' for container 'e591ee6f-3a32-40b8-b16f-2cf38e5e8a2c'
I1216 07:10:09.698434  4987 containerizer.cpp:682] Checkpointing executor's forked pid 15826 to '/var/lib/mesos/slave/meta/slaves/20151216-065938-67108874-5050-4974-S1/frameworks/20151216-065938-67108874-5050-4974-0000/executors/thermos-1450249800084-www-data-devel-job10-0-2b6ff693-7503-4ebe-86d2-ec01d98dcb1a/runs/e591ee6f-3a32-40b8-b16f-2cf38e5e8a2c/pids/forked.pid'
I1216 07:10:09.702224  4983 fetcher.cpp:238] Fetching URIs using command '/usr/libexec/mesos/mesos-fetcher'
I1216 07:10:09.788393  4983 slave.cpp:3135] Monitoring executor 'thermos-1450249800084-www-data-devel-job10-0-2b6ff693-7503-4ebe-86d2-ec01d98dcb1a' of framework '20151216-065938-67108874-5050-4974-0000' in container 'e591ee6f-3a32-40b8-b16f-2cf38e5e8a2c'
I1216 07:10:10.175040  4978 slave.cpp:2141] Got registration for executor 'thermos-1450249800084-www-data-devel-job10-0-2b6ff693-7503-4ebe-86d2-ec01d98dcb1a' of framework 20151216-065938-67108874-5050-4974-0000 from executor(1)@10.0.0.5:38029
I1216 07:10:10.175930  4977 slave.cpp:1532] Sending queued task '1450249800084-www-data-devel-job10-0-2b6ff693-7503-4ebe-86d2-ec01d98dcb1a' to executor 'thermos-1450249800084-www-data-devel-job10-0-2b6ff693-7503-4ebe-86d2-ec01d98dcb1a' of framework 20151216-065938-67108874-5050-4974-0000
I1216 07:10:10.181396  4976 slave.cpp:2508] Handling status update TASK_STARTING (UUID: 6a81861b-1fb7-4047-8d19-897b7f36279b) for task 1450249800084-www-data-devel-job10-0-2b6ff693-7503-4ebe-86d2-ec01d98dcb1a of framework 20151216-065938-67108874-5050-4974-0000 from executor(1)@10.0.0.5:38029
I1216 07:10:10.181582  4991 status_update_manager.cpp:317] Received status update TASK_STARTING (UUID: 6a81861b-1fb7-4047-8d19-897b7f36279b) for task 1450249800084-www-data-devel-job10-0-2b6ff693-7503-4ebe-86d2-ec01d98dcb1a of framework 20151216-065938-67108874-5050-4974-0000
I1216 07:10:10.181895  4991 status_update_manager.hpp:346] Checkpointing UPDATE for status update TASK_STARTING (UUID: 6a81861b-1fb7-4047-8d19-897b7f36279b) for task 1450249800084-www-data-devel-job10-0-2b6ff693-7503-4ebe-86d2-ec01d98dcb1a of framework 20151216-065938-67108874-5050-4974-0000
I1216 07:10:10.185950  4977 slave.cpp:2753] Forwarding the update TASK_STARTING (UUID: 6a81861b-1fb7-4047-8d19-897b7f36279b) for task 1450249800084-www-data-devel-job10-0-2b6ff693-7503-4ebe-86d2-ec01d98dcb1a of framework 20151216-065938-67108874-5050-4974-0000 to master@10.0.0.4:5050
I1216 07:10:10.186069  4977 slave.cpp:2686] Sending acknowledgement for status update TASK_STARTING (UUID: 6a81861b-1fb7-4047-8d19-897b7f36279b) for task 1450249800084-www-data-devel-job10-0-2b6ff693-7503-4ebe-86d2-ec01d98dcb1a of framework 20151216-065938-67108874-5050-4974-0000 to executor(1)@10.0.0.5:38029
I1216 07:10:10.193172  4976 status_update_manager.cpp:389] Received status update acknowledgement (UUID: 6a81861b-1fb7-4047-8d19-897b7f36279b) for task 1450249800084-www-data-devel-job10-0-2b6ff693-7503-4ebe-86d2-ec01d98dcb1a of framework 20151216-065938-67108874-5050-4974-0000
I1216 07:10:10.193235  4976 status_update_manager.hpp:346] Checkpointing ACK for status update TASK_STARTING (UUID: 6a81861b-1fb7-4047-8d19-897b7f36279b) for task 1450249800084-www-data-devel-job10-0-2b6ff693-7503-4ebe-86d2-ec01d98dcb1a of framework 20151216-065938-67108874-5050-4974-0000
I1216 07:10:10.745069  4991 slave.cpp:2508] Handling status update TASK_RUNNING (UUID: 9faa2e48-2cae-4f80-a2aa-e0d43221a242) for task 1450249800084-www-data-devel-job10-0-2b6ff693-7503-4ebe-86d2-ec01d98dcb1a of framework 20151216-065938-67108874-5050-4974-0000 from executor(1)@10.0.0.5:38029
I1216 07:10:10.745247  4989 status_update_manager.cpp:317] Received status update TASK_RUNNING (UUID: 9faa2e48-2cae-4f80-a2aa-e0d43221a242) for task 1450249800084-www-data-devel-job10-0-2b6ff693-7503-4ebe-86d2-ec01d98dcb1a of framework 20151216-065938-67108874-5050-4974-0000
I1216 07:10:10.745316  4989 status_update_manager.hpp:346] Checkpointing UPDATE for status update TASK_RUNNING (UUID: 9faa2e48-2cae-4f80-a2aa-e0d43221a242) for task 1450249800084-www-data-devel-job10-0-2b6ff693-7503-4ebe-86d2-ec01d98dcb1a of framework 20151216-065938-67108874-5050-4974-0000
I1216 07:10:10.749213  4991 slave.cpp:2753] Forwarding the update TASK_RUNNING (UUID: 9faa2e48-2cae-4f80-a2aa-e0d43221a242) for task 1450249800084-www-data-devel-job10-0-2b6ff693-7503-4ebe-86d2-ec01d98dcb1a of framework 20151216-065938-67108874-5050-4974-0000 to master@10.0.0.4:5050
I1216 07:10:10.749310  4991 slave.cpp:2686] Sending acknowledgement for status update TASK_RUNNING (UUID: 9faa2e48-2cae-4f80-a2aa-e0d43221a242) for task 1450249800084-www-data-devel-job10-0-2b6ff693-7503-4ebe-86d2-ec01d98dcb1a of framework 20151216-065938-67108874-5050-4974-0000 to executor(1)@10.0.0.5:38029
I1216 07:10:10.757877  4989 status_update_manager.cpp:389] Received status update acknowledgement (UUID: 9faa2e48-2cae-4f80-a2aa-e0d43221a242) for task 1450249800084-www-data-devel-job10-0-2b6ff693-7503-4ebe-86d2-ec01d98dcb1a of framework 20151216-065938-67108874-5050-4974-0000
I1216 07:10:10.757925  4989 status_update_manager.hpp:346] Checkpointing ACK for status update TASK_RUNNING (UUID: 9faa2e48-2cae-4f80-a2aa-e0d43221a242) for task 1450249800084-www-data-devel-job10-0-2b6ff693-7503-4ebe-86d2-ec01d98dcb1a of framework 20151216-065938-67108874-5050-4974-0000
I1216 07:10:14.759261  4986 slave.cpp:2508] Handling status update TASK_FINISHED (UUID: 4b86e2c8-50b2-498d-bacb-147b1e0d6ea1) for task 1450249800041-www-data-devel-job8-0-b7b8619b-983f-4a0d-9a1b-266e93b14a9e of framework 20151216-065938-67108874-5050-4974-0000 from executor(1)@10.0.0.5:45161
I1216 07:10:14.760046  4988 status_update_manager.cpp:317] Received status update TASK_FINISHED (UUID: 4b86e2c8-50b2-498d-bacb-147b1e0d6ea1) for task 1450249800041-www-data-devel-job8-0-b7b8619b-983f-4a0d-9a1b-266e93b14a9e of framework 20151216-065938-67108874-5050-4974-0000
I1216 07:10:14.760114  4988 status_update_manager.hpp:346] Checkpointing UPDATE for status update TASK_FINISHED (UUID: 4b86e2c8-50b2-498d-bacb-147b1e0d6ea1) for task 1450249800041-www-data-devel-job8-0-b7b8619b-983f-4a0d-9a1b-266e93b14a9e of framework 20151216-065938-67108874-5050-4974-0000
I1216 07:10:14.764508  4984 slave.cpp:2753] Forwarding the update TASK_FINISHED (UUID: 4b86e2c8-50b2-498d-bacb-147b1e0d6ea1) for task 1450249800041-www-data-devel-job8-0-b7b8619b-983f-4a0d-9a1b-266e93b14a9e of framework 20151216-065938-67108874-5050-4974-0000 to master@10.0.0.4:5050
I1216 07:10:14.764757  4984 slave.cpp:2686] Sending acknowledgement for status update TASK_FINISHED (UUID: 4b86e2c8-50b2-498d-bacb-147b1e0d6ea1) for task 1450249800041-www-data-devel-job8-0-b7b8619b-983f-4a0d-9a1b-266e93b14a9e of framework 20151216-065938-67108874-5050-4974-0000 to executor(1)@10.0.0.5:45161
I1216 07:10:14.779431  4983 status_update_manager.cpp:389] Received status update acknowledgement (UUID: 4b86e2c8-50b2-498d-bacb-147b1e0d6ea1) for task 1450249800041-www-data-devel-job8-0-b7b8619b-983f-4a0d-9a1b-266e93b14a9e of framework 20151216-065938-67108874-5050-4974-0000
I1216 07:10:14.779490  4983 status_update_manager.hpp:346] Checkpointing ACK for status update TASK_FINISHED (UUID: 4b86e2c8-50b2-498d-bacb-147b1e0d6ea1) for task 1450249800041-www-data-devel-job8-0-b7b8619b-983f-4a0d-9a1b-266e93b14a9e of framework 20151216-065938-67108874-5050-4974-0000
I1216 07:10:14.882172  4980 slave.cpp:2508] Handling status update TASK_FINISHED (UUID: 2f44b884-3572-43c4-90ab-ddbd1f99dd9c) for task 1450249800084-www-data-devel-job10-0-2b6ff693-7503-4ebe-86d2-ec01d98dcb1a of framework 20151216-065938-67108874-5050-4974-0000 from executor(1)@10.0.0.5:38029
I1216 07:10:14.882994  4985 status_update_manager.cpp:317] Received status update TASK_FINISHED (UUID: 2f44b884-3572-43c4-90ab-ddbd1f99dd9c) for task 1450249800084-www-data-devel-job10-0-2b6ff693-7503-4ebe-86d2-ec01d98dcb1a of framework 20151216-065938-67108874-5050-4974-0000
I1216 07:10:14.883028  4985 status_update_manager.hpp:346] Checkpointing UPDATE for status update TASK_FINISHED (UUID: 2f44b884-3572-43c4-90ab-ddbd1f99dd9c) for task 1450249800084-www-data-devel-job10-0-2b6ff693-7503-4ebe-86d2-ec01d98dcb1a of framework 20151216-065938-67108874-5050-4974-0000
I1216 07:10:14.886817  4978 slave.cpp:2753] Forwarding the update TASK_FINISHED (UUID: 2f44b884-3572-43c4-90ab-ddbd1f99dd9c) for task 1450249800084-www-data-devel-job10-0-2b6ff693-7503-4ebe-86d2-ec01d98dcb1a of framework 20151216-065938-67108874-5050-4974-0000 to master@10.0.0.4:5050
I1216 07:10:14.886986  4978 slave.cpp:2686] Sending acknowledgement for status update TASK_FINISHED (UUID: 2f44b884-3572-43c4-90ab-ddbd1f99dd9c) for task 1450249800084-www-data-devel-job10-0-2b6ff693-7503-4ebe-86d2-ec01d98dcb1a of framework 20151216-065938-67108874-5050-4974-0000 to executor(1)@10.0.0.5:38029
I1216 07:10:14.897701  4985 status_update_manager.cpp:389] Received status update acknowledgement (UUID: 2f44b884-3572-43c4-90ab-ddbd1f99dd9c) for task 1450249800084-www-data-devel-job10-0-2b6ff693-7503-4ebe-86d2-ec01d98dcb1a of framework 20151216-065938-67108874-5050-4974-0000
I1216 07:10:14.897783  4985 status_update_manager.hpp:346] Checkpointing ACK for status update TASK_FINISHED (UUID: 2f44b884-3572-43c4-90ab-ddbd1f99dd9c) for task 1450249800084-www-data-devel-job10-0-2b6ff693-7503-4ebe-86d2-ec01d98dcb1a of framework 20151216-065938-67108874-5050-4974-0000
I1216 07:10:17.906313  4988 slave.cpp:1121] Got assigned task 1450249800094-www-data-devel-job19-0-76e518da-dffa-4088-bdac-02d632623e33 for framework 20151216-065938-67108874-5050-4974-0000
I1216 07:10:17.906616  4988 slave.cpp:1231] Launching task 1450249800094-www-data-devel-job19-0-76e518da-dffa-4088-bdac-02d632623e33 for framework 20151216-065938-67108874-5050-4974-0000
I1216 07:10:17.911205  4988 slave.cpp:4160] Launching executor thermos-1450249800094-www-data-devel-job19-0-76e518da-dffa-4088-bdac-02d632623e33 of framework 20151216-065938-67108874-5050-4974-0000 in work directory '/var/lib/mesos/slave/slaves/20151216-065938-67108874-5050-4974-S1/frameworks/20151216-065938-67108874-5050-4974-0000/executors/thermos-1450249800094-www-data-devel-job19-0-76e518da-dffa-4088-bdac-02d632623e33/runs/13f5904e-bdaa-4b66-884c-1912d9eec456'
I1216 07:10:17.911339  4987 containerizer.cpp:472] Starting container '13f5904e-bdaa-4b66-884c-1912d9eec456' for executor 'thermos-1450249800094-www-data-devel-job19-0-76e518da-dffa-4088-bdac-02d632623e33' of framework '20151216-065938-67108874-5050-4974-0000'
I1216 07:10:17.912976  4988 slave.cpp:1378] Queuing task '1450249800094-www-data-devel-job19-0-76e518da-dffa-4088-bdac-02d632623e33' for executor thermos-1450249800094-www-data-devel-job19-0-76e518da-dffa-4088-bdac-02d632623e33 of framework '20151216-065938-67108874-5050-4974-0000
I1216 07:10:17.913233  4983 launcher.cpp:130] Forked child with pid '15887' for container '13f5904e-bdaa-4b66-884c-1912d9eec456'
I1216 07:10:17.913357  4983 containerizer.cpp:682] Checkpointing executor's forked pid 15887 to '/var/lib/mesos/slave/meta/slaves/20151216-065938-67108874-5050-4974-S1/frameworks/20151216-065938-67108874-5050-4974-0000/executors/thermos-1450249800094-www-data-devel-job19-0-76e518da-dffa-4088-bdac-02d632623e33/runs/13f5904e-bdaa-4b66-884c-1912d9eec456/pids/forked.pid'
I1216 07:10:17.917441  4987 fetcher.cpp:238] Fetching URIs using command '/usr/libexec/mesos/mesos-fetcher'
I1216 07:10:18.029371  4986 slave.cpp:3135] Monitoring executor 'thermos-1450249800094-www-data-devel-job19-0-76e518da-dffa-4088-bdac-02d632623e33' of framework '20151216-065938-67108874-5050-4974-0000' in container '13f5904e-bdaa-4b66-884c-1912d9eec456'
I1216 07:10:18.410043  4988 slave.cpp:2141] Got registration for executor 'thermos-1450249800094-www-data-devel-job19-0-76e518da-dffa-4088-bdac-02d632623e33' of framework 20151216-065938-67108874-5050-4974-0000 from executor(1)@10.0.0.5:42569
I1216 07:10:18.411731  4989 slave.cpp:1532] Sending queued task '1450249800094-www-data-devel-job19-0-76e518da-dffa-4088-bdac-02d632623e33' to executor 'thermos-1450249800094-www-data-devel-job19-0-76e518da-dffa-4088-bdac-02d632623e33' of framework 20151216-065938-67108874-5050-4974-0000
I1216 07:10:18.418431  4986 slave.cpp:2508] Handling status update TASK_STARTING (UUID: d8818ffd-c5b8-43c5-bb5e-91463a31e84f) for task 1450249800094-www-data-devel-job19-0-76e518da-dffa-4088-bdac-02d632623e33 of framework 20151216-065938-67108874-5050-4974-0000 from executor(1)@10.0.0.5:42569
I1216 07:10:18.418596  4983 status_update_manager.cpp:317] Received status update TASK_STARTING (UUID: d8818ffd-c5b8-43c5-bb5e-91463a31e84f) for task 1450249800094-www-data-devel-job19-0-76e518da-dffa-4088-bdac-02d632623e33 of framework 20151216-065938-67108874-5050-4974-0000
I1216 07:10:18.418954  4983 status_update_manager.hpp:346] Checkpointing UPDATE for status update TASK_STARTING (UUID: d8818ffd-c5b8-43c5-bb5e-91463a31e84f) for task 1450249800094-www-data-devel-job19-0-76e518da-dffa-4088-bdac-02d632623e33 of framework 20151216-065938-67108874-5050-4974-0000
I1216 07:10:18.422511  4986 slave.cpp:2753] Forwarding the update TASK_STARTING (UUID: d8818ffd-c5b8-43c5-bb5e-91463a31e84f) for task 1450249800094-www-data-devel-job19-0-76e518da-dffa-4088-bdac-02d632623e33 of framework 20151216-065938-67108874-5050-4974-0000 to master@10.0.0.4:5050
I1216 07:10:18.422626  4986 slave.cpp:2686] Sending acknowledgement for status update TASK_STARTING (UUID: d8818ffd-c5b8-43c5-bb5e-91463a31e84f) for task 1450249800094-www-data-devel-job19-0-76e518da-dffa-4088-bdac-02d632623e33 of framework 20151216-065938-67108874-5050-4974-0000 to executor(1)@10.0.0.5:42569
I1216 07:10:18.429476  4983 status_update_manager.cpp:389] Received status update acknowledgement (UUID: d8818ffd-c5b8-43c5-bb5e-91463a31e84f) for task 1450249800094-www-data-devel-job19-0-76e518da-dffa-4088-bdac-02d632623e33 of framework 20151216-065938-67108874-5050-4974-0000
I1216 07:10:18.429536  4983 status_update_manager.hpp:346] Checkpointing ACK for status update TASK_STARTING (UUID: d8818ffd-c5b8-43c5-bb5e-91463a31e84f) for task 1450249800094-www-data-devel-job19-0-76e518da-dffa-4088-bdac-02d632623e33 of framework 20151216-065938-67108874-5050-4974-0000
I1216 07:10:18.981178  4984 slave.cpp:2508] Handling status update TASK_RUNNING (UUID: a94943a0-383f-4284-b45a-5cd780fecd5b) for task 1450249800094-www-data-devel-job19-0-76e518da-dffa-4088-bdac-02d632623e33 of framework 20151216-065938-67108874-5050-4974-0000 from executor(1)@10.0.0.5:42569
I1216 07:10:18.981331  4978 status_update_manager.cpp:317] Received status update TASK_RUNNING (UUID: a94943a0-383f-4284-b45a-5cd780fecd5b) for task 1450249800094-www-data-devel-job19-0-76e518da-dffa-4088-bdac-02d632623e33 of framework 20151216-065938-67108874-5050-4974-0000
I1216 07:10:18.981405  4978 status_update_manager.hpp:346] Checkpointing UPDATE for status update TASK_RUNNING (UUID: a94943a0-383f-4284-b45a-5cd780fecd5b) for task 1450249800094-www-data-devel-job19-0-76e518da-dffa-4088-bdac-02d632623e33 of framework 20151216-065938-67108874-5050-4974-0000
I1216 07:10:18.984776  4984 slave.cpp:2753] Forwarding the update TASK_RUNNING (UUID: a94943a0-383f-4284-b45a-5cd780fecd5b) for task 1450249800094-www-data-devel-job19-0-76e518da-dffa-4088-bdac-02d632623e33 of framework 20151216-065938-67108874-5050-4974-0000 to master@10.0.0.4:5050
I1216 07:10:18.984866  4984 slave.cpp:2686] Sending acknowledgement for status update TASK_RUNNING (UUID: a94943a0-383f-4284-b45a-5cd780fecd5b) for task 1450249800094-www-data-devel-job19-0-76e518da-dffa-4088-bdac-02d632623e33 of framework 20151216-065938-67108874-5050-4974-0000 to executor(1)@10.0.0.5:42569
I1216 07:10:18.993083  4977 status_update_manager.cpp:389] Received status update acknowledgement (UUID: a94943a0-383f-4284-b45a-5cd780fecd5b) for task 1450249800094-www-data-devel-job19-0-76e518da-dffa-4088-bdac-02d632623e33 of framework 20151216-065938-67108874-5050-4974-0000
I1216 07:10:18.993139  4977 status_update_manager.hpp:346] Checkpointing ACK for status update TASK_RUNNING (UUID: a94943a0-383f-4284-b45a-5cd780fecd5b) for task 1450249800094-www-data-devel-job19-0-76e518da-dffa-4088-bdac-02d632623e33 of framework 20151216-065938-67108874-5050-4974-0000
I1216 07:10:19.838102  4988 containerizer.cpp:1111] Executor for container 'b8730453-a4cf-431f-af5d-be529a46dc32' has exited
I1216 07:10:19.838215  4988 containerizer.cpp:906] Destroying container 'b8730453-a4cf-431f-af5d-be529a46dc32'
I1216 07:10:19.839661  4984 slave.cpp:3193] Executor 'thermos-1450249800041-www-data-devel-job8-0-b7b8619b-983f-4a0d-9a1b-266e93b14a9e' of framework 20151216-065938-67108874-5050-4974-0000 exited with status 0
I1216 07:10:19.839788  4984 slave.cpp:3302] Cleaning up executor 'thermos-1450249800041-www-data-devel-job8-0-b7b8619b-983f-4a0d-9a1b-266e93b14a9e' of framework 20151216-065938-67108874-5050-4974-0000
I1216 07:10:19.840090  4991 gc.cpp:56] Scheduling '/var/lib/mesos/slave/slaves/20151216-065938-67108874-5050-4974-S1/frameworks/20151216-065938-67108874-5050-4974-0000/executors/thermos-1450249800041-www-data-devel-job8-0-b7b8619b-983f-4a0d-9a1b-266e93b14a9e/runs/b8730453-a4cf-431f-af5d-be529a46dc32' for gc 6.99999027749037days in the future
I1216 07:10:19.840138  4991 gc.cpp:56] Scheduling '/var/lib/mesos/slave/slaves/20151216-065938-67108874-5050-4974-S1/frameworks/20151216-065938-67108874-5050-4974-0000/executors/thermos-1450249800041-www-data-devel-job8-0-b7b8619b-983f-4a0d-9a1b-266e93b14a9e' for gc 6.99999027661926days in the future
I1216 07:10:19.840183  4991 gc.cpp:56] Scheduling '/var/lib/mesos/slave/meta/slaves/20151216-065938-67108874-5050-4974-S1/frameworks/20151216-065938-67108874-5050-4974-0000/executors/thermos-1450249800041-www-data-devel-job8-0-b7b8619b-983f-4a0d-9a1b-266e93b14a9e/runs/b8730453-a4cf-431f-af5d-be529a46dc32' for gc 6.99999027592593days in the future
I1216 07:10:19.840227  4991 gc.cpp:56] Scheduling '/var/lib/mesos/slave/meta/slaves/20151216-065938-67108874-5050-4974-S1/frameworks/20151216-065938-67108874-5050-4974-0000/executors/thermos-1450249800041-www-data-devel-job8-0-b7b8619b-983f-4a0d-9a1b-266e93b14a9e' for gc 6.99999027539556days in the future
I1216 07:10:19.939254  4987 containerizer.cpp:1111] Executor for container 'e591ee6f-3a32-40b8-b16f-2cf38e5e8a2c' has exited
I1216 07:10:19.939419  4987 containerizer.cpp:906] Destroying container 'e591ee6f-3a32-40b8-b16f-2cf38e5e8a2c'
I1216 07:10:19.940814  4978 slave.cpp:3193] Executor 'thermos-1450249800084-www-data-devel-job10-0-2b6ff693-7503-4ebe-86d2-ec01d98dcb1a' of framework 20151216-065938-67108874-5050-4974-0000 exited with status 0
I1216 07:10:19.940938  4978 slave.cpp:3302] Cleaning up executor 'thermos-1450249800084-www-data-devel-job10-0-2b6ff693-7503-4ebe-86d2-ec01d98dcb1a' of framework 20151216-065938-67108874-5050-4974-0000
I1216 07:10:19.941268  4989 gc.cpp:56] Scheduling '/var/lib/mesos/slave/slaves/20151216-065938-67108874-5050-4974-S1/frameworks/20151216-065938-67108874-5050-4974-0000/executors/thermos-1450249800084-www-data-devel-job10-0-2b6ff693-7503-4ebe-86d2-ec01d98dcb1a/runs/e591ee6f-3a32-40b8-b16f-2cf38e5e8a2c' for gc 6.99998910623704days in the future
I1216 07:10:19.941339  4989 gc.cpp:56] Scheduling '/var/lib/mesos/slave/slaves/20151216-065938-67108874-5050-4974-S1/frameworks/20151216-065938-67108874-5050-4974-0000/executors/thermos-1450249800084-www-data-devel-job10-0-2b6ff693-7503-4ebe-86d2-ec01d98dcb1a' for gc 6.99998910542815days in the future
I1216 07:10:19.941362  4989 gc.cpp:56] Scheduling '/var/lib/mesos/slave/meta/slaves/20151216-065938-67108874-5050-4974-S1/frameworks/20151216-065938-67108874-5050-4974-0000/executors/thermos-1450249800084-www-data-devel-job10-0-2b6ff693-7503-4ebe-86d2-ec01d98dcb1a/runs/e591ee6f-3a32-40b8-b16f-2cf38e5e8a2c' for gc 6.99998910478222days in the future
I1216 07:10:19.941572  4991 gc.cpp:56] Scheduling '/var/lib/mesos/slave/meta/slaves/20151216-065938-67108874-5050-4974-S1/frameworks/20151216-065938-67108874-5050-4974-0000/executors/thermos-1450249800084-www-data-devel-job10-0-2b6ff693-7503-4ebe-86d2-ec01d98dcb1a' for gc 6.99998910428148days in the future
I1216 07:10:21.112020  4982 slave.cpp:2508] Handling status update TASK_FINISHED (UUID: 58000b96-d8d8-4b37-853e-4a57644cc3fe) for task 1450249800094-www-data-devel-job19-0-76e518da-dffa-4088-bdac-02d632623e33 of framework 20151216-065938-67108874-5050-4974-0000 from executor(1)@10.0.0.5:42569
I1216 07:10:21.112653  4984 status_update_manager.cpp:317] Received status update TASK_FINISHED (UUID: 58000b96-d8d8-4b37-853e-4a57644cc3fe) for task 1450249800094-www-data-devel-job19-0-76e518da-dffa-4088-bdac-02d632623e33 of framework 20151216-065938-67108874-5050-4974-0000
I1216 07:10:21.112712  4984 status_update_manager.hpp:346] Checkpointing UPDATE for status update TASK_FINISHED (UUID: 58000b96-d8d8-4b37-853e-4a57644cc3fe) for task 1450249800094-www-data-devel-job19-0-76e518da-dffa-4088-bdac-02d632623e33 of framework 20151216-065938-67108874-5050-4974-0000
I1216 07:10:21.116931  4979 slave.cpp:2753] Forwarding the update TASK_FINISHED (UUID: 58000b96-d8d8-4b37-853e-4a57644cc3fe) for task 1450249800094-www-data-devel-job19-0-76e518da-dffa-4088-bdac-02d632623e33 of framework 20151216-065938-67108874-5050-4974-0000 to master@10.0.0.4:5050
I1216 07:10:21.117125  4979 slave.cpp:2686] Sending acknowledgement for status update TASK_FINISHED (UUID: 58000b96-d8d8-4b37-853e-4a57644cc3fe) for task 1450249800094-www-data-devel-job19-0-76e518da-dffa-4088-bdac-02d632623e33 of framework 20151216-065938-67108874-5050-4974-0000 to executor(1)@10.0.0.5:42569
I1216 07:10:21.126142  4991 status_update_manager.cpp:389] Received status update acknowledgement (UUID: 58000b96-d8d8-4b37-853e-4a57644cc3fe) for task 1450249800094-www-data-devel-job19-0-76e518da-dffa-4088-bdac-02d632623e33 of framework 20151216-065938-67108874-5050-4974-0000
I1216 07:10:21.126229  4991 status_update_manager.hpp:346] Checkpointing ACK for status update TASK_FINISHED (UUID: 58000b96-d8d8-4b37-853e-4a57644cc3fe) for task 1450249800094-www-data-devel-job19-0-76e518da-dffa-4088-bdac-02d632623e33 of framework 20151216-065938-67108874-5050-4974-0000
I1216 07:10:26.169018  4989 containerizer.cpp:1111] Executor for container '13f5904e-bdaa-4b66-884c-1912d9eec456' has exited
I1216 07:10:26.169096  4989 containerizer.cpp:906] Destroying container '13f5904e-bdaa-4b66-884c-1912d9eec456'
I1216 07:10:26.170449  4991 slave.cpp:3193] Executor 'thermos-1450249800094-www-data-devel-job19-0-76e518da-dffa-4088-bdac-02d632623e33' of framework 20151216-065938-67108874-5050-4974-0000 exited with status 0
