I1216 07:08:34.122033  4986 gc.cpp:84] Unscheduling '/var/lib/mesos/slave/slaves/20151216-065938-67108874-5050-4974-S1/frameworks/20151216-065938-67108874-5050-4974-0000' from gc
I1216 07:08:34.122208  4986 gc.cpp:84] Unscheduling '/var/lib/mesos/slave/meta/slaves/20151216-065938-67108874-5050-4974-S1/frameworks/20151216-065938-67108874-5050-4974-0000' from gc
I1216 07:08:34.122393  4984 slave.cpp:1231] Launching task 1450249680077-www-data-devel-job9-0-4da4d4ad-6d86-44c5-9e26-40fa7ccb178b for framework 20151216-065938-67108874-5050-4974-0000
I1216 07:08:34.125193  4984 slave.cpp:4160] Launching executor thermos-1450249680077-www-data-devel-job9-0-4da4d4ad-6d86-44c5-9e26-40fa7ccb178b of framework 20151216-065938-67108874-5050-4974-0000 in work directory '/var/lib/mesos/slave/slaves/20151216-065938-67108874-5050-4974-S1/frameworks/20151216-065938-67108874-5050-4974-0000/executors/thermos-1450249680077-www-data-devel-job9-0-4da4d4ad-6d86-44c5-9e26-40fa7ccb178b/runs/ff7b5657-0019-4189-9460-2727b9e2fda0'
I1216 07:08:34.125373  4987 containerizer.cpp:472] Starting container 'ff7b5657-0019-4189-9460-2727b9e2fda0' for executor 'thermos-1450249680077-www-data-devel-job9-0-4da4d4ad-6d86-44c5-9e26-40fa7ccb178b' of framework '20151216-065938-67108874-5050-4974-0000'
I1216 07:08:34.126150  4984 slave.cpp:1378] Queuing task '1450249680077-www-data-devel-job9-0-4da4d4ad-6d86-44c5-9e26-40fa7ccb178b' for executor thermos-1450249680077-www-data-devel-job9-0-4da4d4ad-6d86-44c5-9e26-40fa7ccb178b of framework '20151216-065938-67108874-5050-4974-0000
I1216 07:08:34.127090  4985 launcher.cpp:130] Forked child with pid '15430' for container 'ff7b5657-0019-4189-9460-2727b9e2fda0'
I1216 07:08:34.127380  4985 containerizer.cpp:682] Checkpointing executor's forked pid 15430 to '/var/lib/mesos/slave/meta/slaves/20151216-065938-67108874-5050-4974-S1/frameworks/20151216-065938-67108874-5050-4974-0000/executors/thermos-1450249680077-www-data-devel-job9-0-4da4d4ad-6d86-44c5-9e26-40fa7ccb178b/runs/ff7b5657-0019-4189-9460-2727b9e2fda0/pids/forked.pid'
I1216 07:08:34.131783  4988 fetcher.cpp:238] Fetching URIs using command '/usr/libexec/mesos/mesos-fetcher'
I1216 07:08:34.246538  4984 slave.cpp:3135] Monitoring executor 'thermos-1450249680077-www-data-devel-job9-0-4da4d4ad-6d86-44c5-9e26-40fa7ccb178b' of framework '20151216-065938-67108874-5050-4974-0000' in container 'ff7b5657-0019-4189-9460-2727b9e2fda0'
I1216 07:08:34.629758  4989 slave.cpp:2141] Got registration for executor 'thermos-1450249680077-www-data-devel-job9-0-4da4d4ad-6d86-44c5-9e26-40fa7ccb178b' of framework 20151216-065938-67108874-5050-4974-0000 from executor(1)@10.0.0.5:55273
I1216 07:08:34.630707  4978 slave.cpp:1532] Sending queued task '1450249680077-www-data-devel-job9-0-4da4d4ad-6d86-44c5-9e26-40fa7ccb178b' to executor 'thermos-1450249680077-www-data-devel-job9-0-4da4d4ad-6d86-44c5-9e26-40fa7ccb178b' of framework 20151216-065938-67108874-5050-4974-0000
I1216 07:08:34.637212  4979 slave.cpp:2508] Handling status update TASK_STARTING (UUID: be1a571e-2d21-4a15-a88c-1207fe2bcf8e) for task 1450249680077-www-data-devel-job9-0-4da4d4ad-6d86-44c5-9e26-40fa7ccb178b of framework 20151216-065938-67108874-5050-4974-0000 from executor(1)@10.0.0.5:55273
I1216 07:08:34.637388  4991 status_update_manager.cpp:317] Received status update TASK_STARTING (UUID: be1a571e-2d21-4a15-a88c-1207fe2bcf8e) for task 1450249680077-www-data-devel-job9-0-4da4d4ad-6d86-44c5-9e26-40fa7ccb178b of framework 20151216-065938-67108874-5050-4974-0000
I1216 07:08:34.637913  4991 status_update_manager.hpp:346] Checkpointing UPDATE for status update TASK_STARTING (UUID: be1a571e-2d21-4a15-a88c-1207fe2bcf8e) for task 1450249680077-www-data-devel-job9-0-4da4d4ad-6d86-44c5-9e26-40fa7ccb178b of framework 20151216-065938-67108874-5050-4974-0000
I1216 07:08:34.642706  4981 slave.cpp:2753] Forwarding the update TASK_STARTING (UUID: be1a571e-2d21-4a15-a88c-1207fe2bcf8e) for task 1450249680077-www-data-devel-job9-0-4da4d4ad-6d86-44c5-9e26-40fa7ccb178b of framework 20151216-065938-67108874-5050-4974-0000 to master@10.0.0.4:5050
I1216 07:08:34.642820  4981 slave.cpp:2686] Sending acknowledgement for status update TASK_STARTING (UUID: be1a571e-2d21-4a15-a88c-1207fe2bcf8e) for task 1450249680077-www-data-devel-job9-0-4da4d4ad-6d86-44c5-9e26-40fa7ccb178b of framework 20151216-065938-67108874-5050-4974-0000 to executor(1)@10.0.0.5:55273
I1216 07:08:34.649730  4991 status_update_manager.cpp:389] Received status update acknowledgement (UUID: be1a571e-2d21-4a15-a88c-1207fe2bcf8e) for task 1450249680077-www-data-devel-job9-0-4da4d4ad-6d86-44c5-9e26-40fa7ccb178b of framework 20151216-065938-67108874-5050-4974-0000
I1216 07:08:34.649767  4991 status_update_manager.hpp:346] Checkpointing ACK for status update TASK_STARTING (UUID: be1a571e-2d21-4a15-a88c-1207fe2bcf8e) for task 1450249680077-www-data-devel-job9-0-4da4d4ad-6d86-44c5-9e26-40fa7ccb178b of framework 20151216-065938-67108874-5050-4974-0000
I1216 07:08:35.201077  4984 slave.cpp:2508] Handling status update TASK_RUNNING (UUID: 1318591b-cfd9-46fc-9ace-c386feae4702) for task 1450249680077-www-data-devel-job9-0-4da4d4ad-6d86-44c5-9e26-40fa7ccb178b of framework 20151216-065938-67108874-5050-4974-0000 from executor(1)@10.0.0.5:55273
I1216 07:08:35.201274  4987 status_update_manager.cpp:317] Received status update TASK_RUNNING (UUID: 1318591b-cfd9-46fc-9ace-c386feae4702) for task 1450249680077-www-data-devel-job9-0-4da4d4ad-6d86-44c5-9e26-40fa7ccb178b of framework 20151216-065938-67108874-5050-4974-0000
I1216 07:08:35.202108  4987 status_update_manager.hpp:346] Checkpointing UPDATE for status update TASK_RUNNING (UUID: 1318591b-cfd9-46fc-9ace-c386feae4702) for task 1450249680077-www-data-devel-job9-0-4da4d4ad-6d86-44c5-9e26-40fa7ccb178b of framework 20151216-065938-67108874-5050-4974-0000
I1216 07:08:35.205942  4984 slave.cpp:2753] Forwarding the update TASK_RUNNING (UUID: 1318591b-cfd9-46fc-9ace-c386feae4702) for task 1450249680077-www-data-devel-job9-0-4da4d4ad-6d86-44c5-9e26-40fa7ccb178b of framework 20151216-065938-67108874-5050-4974-0000 to master@10.0.0.4:5050
I1216 07:08:35.206087  4984 slave.cpp:2686] Sending acknowledgement for status update TASK_RUNNING (UUID: 1318591b-cfd9-46fc-9ace-c386feae4702) for task 1450249680077-www-data-devel-job9-0-4da4d4ad-6d86-44c5-9e26-40fa7ccb178b of framework 20151216-065938-67108874-5050-4974-0000 to executor(1)@10.0.0.5:55273
I1216 07:08:35.214300  4985 status_update_manager.cpp:389] Received status update acknowledgement (UUID: 1318591b-cfd9-46fc-9ace-c386feae4702) for task 1450249680077-www-data-devel-job9-0-4da4d4ad-6d86-44c5-9e26-40fa7ccb178b of framework 20151216-065938-67108874-5050-4974-0000
I1216 07:08:35.214335  4985 status_update_manager.hpp:346] Checkpointing ACK for status update TASK_RUNNING (UUID: 1318591b-cfd9-46fc-9ace-c386feae4702) for task 1450249680077-www-data-devel-job9-0-4da4d4ad-6d86-44c5-9e26-40fa7ccb178b of framework 20151216-065938-67108874-5050-4974-0000
I1216 07:08:40.337913  4989 slave.cpp:2508] Handling status update TASK_FINISHED (UUID: 70ddbdf6-6ecf-429d-9925-767b22bcbbdc) for task 1450249680077-www-data-devel-job9-0-4da4d4ad-6d86-44c5-9e26-40fa7ccb178b of framework 20151216-065938-67108874-5050-4974-0000 from executor(1)@10.0.0.5:55273
I1216 07:08:40.338485  4976 status_update_manager.cpp:317] Received status update TASK_FINISHED (UUID: 70ddbdf6-6ecf-429d-9925-767b22bcbbdc) for task 1450249680077-www-data-devel-job9-0-4da4d4ad-6d86-44c5-9e26-40fa7ccb178b of framework 20151216-065938-67108874-5050-4974-0000
I1216 07:08:40.338527  4976 status_update_manager.hpp:346] Checkpointing UPDATE for status update TASK_FINISHED (UUID: 70ddbdf6-6ecf-429d-9925-767b22bcbbdc) for task 1450249680077-www-data-devel-job9-0-4da4d4ad-6d86-44c5-9e26-40fa7ccb178b of framework 20151216-065938-67108874-5050-4974-0000
I1216 07:08:40.344424  4990 slave.cpp:2753] Forwarding the update TASK_FINISHED (UUID: 70ddbdf6-6ecf-429d-9925-767b22bcbbdc) for task 1450249680077-www-data-devel-job9-0-4da4d4ad-6d86-44c5-9e26-40fa7ccb178b of framework 20151216-065938-67108874-5050-4974-0000 to master@10.0.0.4:5050
I1216 07:08:40.344523  4990 slave.cpp:2686] Sending acknowledgement for status update TASK_FINISHED (UUID: 70ddbdf6-6ecf-429d-9925-767b22bcbbdc) for task 1450249680077-www-data-devel-job9-0-4da4d4ad-6d86-44c5-9e26-40fa7ccb178b of framework 20151216-065938-67108874-5050-4974-0000 to executor(1)@10.0.0.5:55273
I1216 07:08:40.355420  4976 status_update_manager.cpp:389] Received status update acknowledgement (UUID: 70ddbdf6-6ecf-429d-9925-767b22bcbbdc) for task 1450249680077-www-data-devel-job9-0-4da4d4ad-6d86-44c5-9e26-40fa7ccb178b of framework 20151216-065938-67108874-5050-4974-0000
I1216 07:08:40.355465  4976 status_update_manager.hpp:346] Checkpointing ACK for status update TASK_FINISHED (UUID: 70ddbdf6-6ecf-429d-9925-767b22bcbbdc) for task 1450249680077-www-data-devel-job9-0-4da4d4ad-6d86-44c5-9e26-40fa7ccb178b of framework 20151216-065938-67108874-5050-4974-0000
I1216 07:08:45.399507  4987 containerizer.cpp:1111] Executor for container 'ff7b5657-0019-4189-9460-2727b9e2fda0' has exited
I1216 07:08:45.399585  4987 containerizer.cpp:906] Destroying container 'ff7b5657-0019-4189-9460-2727b9e2fda0'
I1216 07:08:45.401240  4977 slave.cpp:3193] Executor 'thermos-1450249680077-www-data-devel-job9-0-4da4d4ad-6d86-44c5-9e26-40fa7ccb178b' of framework 20151216-065938-67108874-5050-4974-0000 exited with status 0
I1216 07:08:45.401674  4977 slave.cpp:3302] Cleaning up executor 'thermos-1450249680077-www-data-devel-job9-0-4da4d4ad-6d86-44c5-9e26-40fa7ccb178b' of framework 20151216-065938-67108874-5050-4974-0000
I1216 07:08:45.402014  4987 gc.cpp:56] Scheduling '/var/lib/mesos/slave/slaves/20151216-065938-67108874-5050-4974-S1/frameworks/20151216-065938-67108874-5050-4974-0000/executors/thermos-1450249680077-www-data-devel-job9-0-4da4d4ad-6d86-44c5-9e26-40fa7ccb178b/runs/ff7b5657-0019-4189-9460-2727b9e2fda0' for gc 6.99999534780148days in the future
I1216 07:08:45.402112  4987 gc.cpp:56] Scheduling '/var/lib/mesos/slave/slaves/20151216-065938-67108874-5050-4974-S1/frameworks/20151216-065938-67108874-5050-4974-0000/executors/thermos-1450249680077-www-data-devel-job9-0-4da4d4ad-6d86-44c5-9e26-40fa7ccb178b' for gc 6.99999534680593days in the future
I1216 07:08:45.402149  4987 gc.cpp:56] Scheduling '/var/lib/mesos/slave/meta/slaves/20151216-065938-67108874-5050-4974-S1/frameworks/20151216-065938-67108874-5050-4974-0000/executors/thermos-1450249680077-www-data-devel-job9-0-4da4d4ad-6d86-44c5-9e26-40fa7ccb178b/runs/ff7b5657-0019-4189-9460-2727b9e2fda0' for gc 6.99999534616889days in the future
I1216 07:08:45.402168  4977 slave.cpp:3381] Cleaning up framework 20151216-065938-67108874-5050-4974-0000
I1216 07:08:45.402174  4987 gc.cpp:56] Scheduling '/var/lib/mesos/slave/meta/slaves/20151216-065938-67108874-5050-4974-S1/frameworks/20151216-065938-67108874-5050-4974-0000/executors/thermos-1450249680077-www-data-devel-job9-0-4da4d4ad-6d86-44c5-9e26-40fa7ccb178b' for gc 6.99999534545185days in the future
I1216 07:08:45.402279  4976 status_update_manager.cpp:279] Closing status update streams for framework 20151216-065938-67108874-5050-4974-0000
I1216 07:08:45.402357  4984 gc.cpp:56] Scheduling '/var/lib/mesos/slave/slaves/20151216-065938-67108874-5050-4974-S1/frameworks/20151216-065938-67108874-5050-4974-0000' for gc 6.9999953438637days in the future
I1216 07:08:45.402427  4984 gc.cpp:56] Scheduling '/var/lib/mesos/slave/meta/slaves/20151216-065938-67108874-5050-4974-S1/frameworks/20151216-065938-67108874-5050-4974-0000' for gc 6.9999953428237days in the future
I1216 07:08:56.119302  4982 slave.cpp:3618] Current disk usage 67.93%. Max allowed age: 1.544672608974607days
I1216 07:09:00.186983  4979 slave.cpp:3534] Framework 20151216-065938-67108874-5050-4974-0000 seems to have exited. Ignoring registration timeout for executor 'thermos-1450249680020-www-data-devel-job6-0-59c350ff-4698-47d8-b0af-f0dcac5f9fa1'
I1216 07:09:00.210752  4978 slave.cpp:1121] Got assigned task 1450249740016-www-data-devel-job6-0-8cd5a09c-a619-4640-863c-75728c34d493 for framework 20151216-065938-67108874-5050-4974-0000
I1216 07:09:00.213066  4978 gc.cpp:84] Unscheduling '/var/lib/mesos/slave/slaves/20151216-065938-67108874-5050-4974-S1/frameworks/20151216-065938-67108874-5050-4974-0000' from gc
I1216 07:09:00.213274  4976 gc.cpp:84] Unscheduling '/var/lib/mesos/slave/meta/slaves/20151216-065938-67108874-5050-4974-S1/frameworks/20151216-065938-67108874-5050-4974-0000' from gc
I1216 07:09:00.213443  4976 slave.cpp:1231] Launching task 1450249740016-www-data-devel-job6-0-8cd5a09c-a619-4640-863c-75728c34d493 for framework 20151216-065938-67108874-5050-4974-0000
I1216 07:09:00.216040  4976 slave.cpp:4160] Launching executor thermos-1450249740016-www-data-devel-job6-0-8cd5a09c-a619-4640-863c-75728c34d493 of framework 20151216-065938-67108874-5050-4974-0000 in work directory '/var/lib/mesos/slave/slaves/20151216-065938-67108874-5050-4974-S1/frameworks/20151216-065938-67108874-5050-4974-0000/executors/thermos-1450249740016-www-data-devel-job6-0-8cd5a09c-a619-4640-863c-75728c34d493/runs/231387eb-eca2-4274-8e4d-c6947773a82b'
I1216 07:09:00.216202  4978 containerizer.cpp:472] Starting container '231387eb-eca2-4274-8e4d-c6947773a82b' for executor 'thermos-1450249740016-www-data-devel-job6-0-8cd5a09c-a619-4640-863c-75728c34d493' of framework '20151216-065938-67108874-5050-4974-0000'
I1216 07:09:00.217387  4976 slave.cpp:1378] Queuing task '1450249740016-www-data-devel-job6-0-8cd5a09c-a619-4640-863c-75728c34d493' for executor thermos-1450249740016-www-data-devel-job6-0-8cd5a09c-a619-4640-863c-75728c34d493 of framework '20151216-065938-67108874-5050-4974-0000
I1216 07:09:00.217450  4978 launcher.cpp:130] Forked child with pid '15487' for container '231387eb-eca2-4274-8e4d-c6947773a82b'
I1216 07:09:00.217679  4978 containerizer.cpp:682] Checkpointing executor's forked pid 15487 to '/var/lib/mesos/slave/meta/slaves/20151216-065938-67108874-5050-4974-S1/frameworks/20151216-065938-67108874-5050-4974-0000/executors/thermos-1450249740016-www-data-devel-job6-0-8cd5a09c-a619-4640-863c-75728c34d493/runs/231387eb-eca2-4274-8e4d-c6947773a82b/pids/forked.pid'
I1216 07:09:00.220973  4980 fetcher.cpp:238] Fetching URIs using command '/usr/libexec/mesos/mesos-fetcher'
I1216 07:09:00.366775  4978 slave.cpp:3135] Monitoring executor 'thermos-1450249740016-www-data-devel-job6-0-8cd5a09c-a619-4640-863c-75728c34d493' of framework '20151216-065938-67108874-5050-4974-0000' in container '231387eb-eca2-4274-8e4d-c6947773a82b'
I1216 07:09:00.750531  4988 slave.cpp:2141] Got registration for executor 'thermos-1450249740016-www-data-devel-job6-0-8cd5a09c-a619-4640-863c-75728c34d493' of framework 20151216-065938-67108874-5050-4974-0000 from executor(1)@10.0.0.5:35731
I1216 07:09:00.751432  4979 slave.cpp:1532] Sending queued task '1450249740016-www-data-devel-job6-0-8cd5a09c-a619-4640-863c-75728c34d493' to executor 'thermos-1450249740016-www-data-devel-job6-0-8cd5a09c-a619-4640-863c-75728c34d493' of framework 20151216-065938-67108874-5050-4974-0000
I1216 07:09:00.757367  4982 slave.cpp:2508] Handling status update TASK_STARTING (UUID: 50553d46-4dc9-4d2d-a2eb-31970d90f956) for task 1450249740016-www-data-devel-job6-0-8cd5a09c-a619-4640-863c-75728c34d493 of framework 20151216-065938-67108874-5050-4974-0000 from executor(1)@10.0.0.5:35731
I1216 07:09:00.757513  4986 status_update_manager.cpp:317] Received status update TASK_STARTING (UUID: 50553d46-4dc9-4d2d-a2eb-31970d90f956) for task 1450249740016-www-data-devel-job6-0-8cd5a09c-a619-4640-863c-75728c34d493 of framework 20151216-065938-67108874-5050-4974-0000
I1216 07:09:00.757894  4986 status_update_manager.hpp:346] Checkpointing UPDATE for status update TASK_STARTING (UUID: 50553d46-4dc9-4d2d-a2eb-31970d90f956) for task 1450249740016-www-data-devel-job6-0-8cd5a09c-a619-4640-863c-75728c34d493 of framework 20151216-065938-67108874-5050-4974-0000
I1216 07:09:00.762109  4982 slave.cpp:2753] Forwarding the update TASK_STARTING (UUID: 50553d46-4dc9-4d2d-a2eb-31970d90f956) for task 1450249740016-www-data-devel-job6-0-8cd5a09c-a619-4640-863c-75728c34d493 of framework 20151216-065938-67108874-5050-4974-0000 to master@10.0.0.4:5050
I1216 07:09:00.762228  4982 slave.cpp:2686] Sending acknowledgement for status update TASK_STARTING (UUID: 50553d46-4dc9-4d2d-a2eb-31970d90f956) for task 1450249740016-www-data-devel-job6-0-8cd5a09c-a619-4640-863c-75728c34d493 of framework 20151216-065938-67108874-5050-4974-0000 to executor(1)@10.0.0.5:35731
I1216 07:09:00.769322  4976 status_update_manager.cpp:389] Received status update acknowledgement (UUID: 50553d46-4dc9-4d2d-a2eb-31970d90f956) for task 1450249740016-www-data-devel-job6-0-8cd5a09c-a619-4640-863c-75728c34d493 of framework 20151216-065938-67108874-5050-4974-0000
I1216 07:09:00.769402  4976 status_update_manager.hpp:346] Checkpointing ACK for status update TASK_STARTING (UUID: 50553d46-4dc9-4d2d-a2eb-31970d90f956) for task 1450249740016-www-data-devel-job6-0-8cd5a09c-a619-4640-863c-75728c34d493 of framework 20151216-065938-67108874-5050-4974-0000
I1216 07:09:01.322039  4986 slave.cpp:2508] Handling status update TASK_RUNNING (UUID: 903096e3-0368-4d4a-a503-8336cefd0284) for task 1450249740016-www-data-devel-job6-0-8cd5a09c-a619-4640-863c-75728c34d493 of framework 20151216-065938-67108874-5050-4974-0000 from executor(1)@10.0.0.5:35731
I1216 07:09:01.322206  4980 status_update_manager.cpp:317] Received status update TASK_RUNNING (UUID: 903096e3-0368-4d4a-a503-8336cefd0284) for task 1450249740016-www-data-devel-job6-0-8cd5a09c-a619-4640-863c-75728c34d493 of framework 20151216-065938-67108874-5050-4974-0000
I1216 07:09:01.322290  4980 status_update_manager.hpp:346] Checkpointing UPDATE for status update TASK_RUNNING (UUID: 903096e3-0368-4d4a-a503-8336cefd0284) for task 1450249740016-www-data-devel-job6-0-8cd5a09c-a619-4640-863c-75728c34d493 of framework 20151216-065938-67108874-5050-4974-0000
I1216 07:09:01.325826  4989 slave.cpp:2753] Forwarding the update TASK_RUNNING (UUID: 903096e3-0368-4d4a-a503-8336cefd0284) for task 1450249740016-www-data-devel-job6-0-8cd5a09c-a619-4640-863c-75728c34d493 of framework 20151216-065938-67108874-5050-4974-0000 to master@10.0.0.4:5050
I1216 07:09:01.325960  4989 slave.cpp:2686] Sending acknowledgement for status update TASK_RUNNING (UUID: 903096e3-0368-4d4a-a503-8336cefd0284) for task 1450249740016-www-data-devel-job6-0-8cd5a09c-a619-4640-863c-75728c34d493 of framework 20151216-065938-67108874-5050-4974-0000 to executor(1)@10.0.0.5:35731
I1216 07:09:01.333511  4990 status_update_manager.cpp:389] Received status update acknowledgement (UUID: 903096e3-0368-4d4a-a503-8336cefd0284) for task 1450249740016-www-data-devel-job6-0-8cd5a09c-a619-4640-863c-75728c34d493 of framework 20151216-065938-67108874-5050-4974-0000
I1216 07:09:01.333621  4990 status_update_manager.hpp:346] Checkpointing ACK for status update TASK_RUNNING (UUID: 903096e3-0368-4d4a-a503-8336cefd0284) for task 1450249740016-www-data-devel-job6-0-8cd5a09c-a619-4640-863c-75728c34d493 of framework 20151216-065938-67108874-5050-4974-0000
I1216 07:09:03.454987  4984 slave.cpp:2508] Handling status update TASK_FINISHED (UUID: 2b1f6878-f4d0-442c-b633-7d4263dbbe78) for task 1450249740016-www-data-devel-job6-0-8cd5a09c-a619-4640-863c-75728c34d493 of framework 20151216-065938-67108874-5050-4974-0000 from executor(1)@10.0.0.5:35731
I1216 07:09:03.455606  4979 status_update_manager.cpp:317] Received status update TASK_FINISHED (UUID: 2b1f6878-f4d0-442c-b633-7d4263dbbe78) for task 1450249740016-www-data-devel-job6-0-8cd5a09c-a619-4640-863c-75728c34d493 of framework 20151216-065938-67108874-5050-4974-0000
I1216 07:09:03.455642  4979 status_update_manager.hpp:346] Checkpointing UPDATE for status update TASK_FINISHED (UUID: 2b1f6878-f4d0-442c-b633-7d4263dbbe78) for task 1450249740016-www-data-devel-job6-0-8cd5a09c-a619-4640-863c-75728c34d493 of framework 20151216-065938-67108874-5050-4974-0000
I1216 07:09:03.459861  4978 slave.cpp:2753] Forwarding the update TASK_FINISHED (UUID: 2b1f6878-f4d0-442c-b633-7d4263dbbe78) for task 1450249740016-www-data-devel-job6-0-8cd5a09c-a619-4640-863c-75728c34d493 of framework 20151216-065938-67108874-5050-4974-0000 to master@10.0.0.4:5050
I1216 07:09:03.459977  4978 slave.cpp:2686] Sending acknowledgement for status update TASK_FINISHED (UUID: 2b1f6878-f4d0-442c-b633-7d4263dbbe78) for task 1450249740016-www-data-devel-job6-0-8cd5a09c-a619-4640-863c-75728c34d493 of framework 20151216-065938-67108874-5050-4974-0000 to executor(1)@10.0.0.5:35731
I1216 07:09:03.470623  4979 status_update_manager.cpp:389] Received status update acknowledgement (UUID: 2b1f6878-f4d0-442c-b633-7d4263dbbe78) for task 1450249740016-www-data-devel-job6-0-8cd5a09c-a619-4640-863c-75728c34d493 of framework 20151216-065938-67108874-5050-4974-0000
I1216 07:09:03.470708  4979 status_update_manager.hpp:346] Checkpointing ACK for status update TASK_FINISHED (UUID: 2b1f6878-f4d0-442c-b633-7d4263dbbe78) for task 1450249740016-www-data-devel-job6-0-8cd5a09c-a619-4640-863c-75728c34d493 of framework 20151216-065938-67108874-5050-4974-0000
I1216 07:09:05.434216  4981 slave.cpp:1121] Got assigned task 1450249740038-www-data-devel-job21-0-7675061f-f944-4010-be8f-a13c93fd1449 for framework 20151216-065938-67108874-5050-4974-0000
I1216 07:09:05.434545  4981 slave.cpp:1231] Launching task 1450249740038-www-data-devel-job21-0-7675061f-f944-4010-be8f-a13c93fd1449 for framework 20151216-065938-67108874-5050-4974-0000
I1216 07:09:05.436568  4981 slave.cpp:4160] Launching executor thermos-1450249740038-www-data-devel-job21-0-7675061f-f944-4010-be8f-a13c93fd1449 of framework 20151216-065938-67108874-5050-4974-0000 in work directory '/var/lib/mesos/slave/slaves/20151216-065938-67108874-5050-4974-S1/frameworks/20151216-065938-67108874-5050-4974-0000/executors/thermos-1450249740038-www-data-devel-job21-0-7675061f-f944-4010-be8f-a13c93fd1449/runs/db23a278-d84b-4734-942d-2f7ca498fee1'
I1216 07:09:05.436733  4989 containerizer.cpp:472] Starting container 'db23a278-d84b-4734-942d-2f7ca498fee1' for executor 'thermos-1450249740038-www-data-devel-job21-0-7675061f-f944-4010-be8f-a13c93fd1449' of framework '20151216-065938-67108874-5050-4974-0000'
I1216 07:09:05.437685  4981 slave.cpp:1378] Queuing task '1450249740038-www-data-devel-job21-0-7675061f-f944-4010-be8f-a13c93fd1449' for executor thermos-1450249740038-www-data-devel-job21-0-7675061f-f944-4010-be8f-a13c93fd1449 of framework '20151216-065938-67108874-5050-4974-0000
I1216 07:09:05.438750  4989 launcher.cpp:130] Forked child with pid '15544' for container 'db23a278-d84b-4734-942d-2f7ca498fee1'
I1216 07:09:05.439561  4989 containerizer.cpp:682] Checkpointing executor's forked pid 15544 to '/var/lib/mesos/slave/meta/slaves/20151216-065938-67108874-5050-4974-S1/frameworks/20151216-065938-67108874-5050-4974-0000/executors/thermos-1450249740038-www-data-devel-job21-0-7675061f-f944-4010-be8f-a13c93fd1449/runs/db23a278-d84b-4734-942d-2f7ca498fee1/pids/forked.pid'
I1216 07:09:05.443603  4978 fetcher.cpp:238] Fetching URIs using command '/usr/libexec/mesos/mesos-fetcher'
I1216 07:09:05.591434  4976 slave.cpp:3135] Monitoring executor 'thermos-1450249740038-www-data-devel-job21-0-7675061f-f944-4010-be8f-a13c93fd1449' of framework '20151216-065938-67108874-5050-4974-0000' in container 'db23a278-d84b-4734-942d-2f7ca498fee1'
I1216 07:09:05.980325  4984 slave.cpp:2141] Got registration for executor 'thermos-1450249740038-www-data-devel-job21-0-7675061f-f944-4010-be8f-a13c93fd1449' of framework 20151216-065938-67108874-5050-4974-0000 from executor(1)@10.0.0.5:41668
I1216 07:09:05.981294  4979 slave.cpp:1532] Sending queued task '1450249740038-www-data-devel-job21-0-7675061f-f944-4010-be8f-a13c93fd1449' to executor 'thermos-1450249740038-www-data-devel-job21-0-7675061f-f944-4010-be8f-a13c93fd1449' of framework 20151216-065938-67108874-5050-4974-0000
I1216 07:09:05.986987  4984 slave.cpp:2508] Handling status update TASK_STARTING (UUID: 3adf7dab-5859-48fa-9e67-78504f2f8d29) for task 1450249740038-www-data-devel-job21-0-7675061f-f944-4010-be8f-a13c93fd1449 of framework 20151216-065938-67108874-5050-4974-0000 from executor(1)@10.0.0.5:41668
I1216 07:09:05.987149  4987 status_update_manager.cpp:317] Received status update TASK_STARTING (UUID: 3adf7dab-5859-48fa-9e67-78504f2f8d29) for task 1450249740038-www-data-devel-job21-0-7675061f-f944-4010-be8f-a13c93fd1449 of framework 20151216-065938-67108874-5050-4974-0000
I1216 07:09:05.987517  4987 status_update_manager.hpp:346] Checkpointing UPDATE for status update TASK_STARTING (UUID: 3adf7dab-5859-48fa-9e67-78504f2f8d29) for task 1450249740038-www-data-devel-job21-0-7675061f-f944-4010-be8f-a13c93fd1449 of framework 20151216-065938-67108874-5050-4974-0000
I1216 07:09:05.993686  4984 slave.cpp:2753] Forwarding the update TASK_STARTING (UUID: 3adf7dab-5859-48fa-9e67-78504f2f8d29) for task 1450249740038-www-data-devel-job21-0-7675061f-f944-4010-be8f-a13c93fd1449 of framework 20151216-065938-67108874-5050-4974-0000 to master@10.0.0.4:5050
I1216 07:09:05.993799  4984 slave.cpp:2686] Sending acknowledgement for status update TASK_STARTING (UUID: 3adf7dab-5859-48fa-9e67-78504f2f8d29) for task 1450249740038-www-data-devel-job21-0-7675061f-f944-4010-be8f-a13c93fd1449 of framework 20151216-065938-67108874-5050-4974-0000 to executor(1)@10.0.0.5:41668
I1216 07:09:06.002729  4987 status_update_manager.cpp:389] Received status update acknowledgement (UUID: 3adf7dab-5859-48fa-9e67-78504f2f8d29) for task 1450249740038-www-data-devel-job21-0-7675061f-f944-4010-be8f-a13c93fd1449 of framework 20151216-065938-67108874-5050-4974-0000
I1216 07:09:06.002785  4987 status_update_manager.hpp:346] Checkpointing ACK for status update TASK_STARTING (UUID: 3adf7dab-5859-48fa-9e67-78504f2f8d29) for task 1450249740038-www-data-devel-job21-0-7675061f-f944-4010-be8f-a13c93fd1449 of framework 20151216-065938-67108874-5050-4974-0000
I1216 07:09:06.549717  4990 slave.cpp:2508] Handling status update TASK_RUNNING (UUID: 54425d33-1798-4051-bba2-335771041050) for task 1450249740038-www-data-devel-job21-0-7675061f-f944-4010-be8f-a13c93fd1449 of framework 20151216-065938-67108874-5050-4974-0000 from executor(1)@10.0.0.5:41668
I1216 07:09:06.549906  4981 status_update_manager.cpp:317] Received status update TASK_RUNNING (UUID: 54425d33-1798-4051-bba2-335771041050) for task 1450249740038-www-data-devel-job21-0-7675061f-f944-4010-be8f-a13c93fd1449 of framework 20151216-065938-67108874-5050-4974-0000
I1216 07:09:06.549971  4981 status_update_manager.hpp:346] Checkpointing UPDATE for status update TASK_RUNNING (UUID: 54425d33-1798-4051-bba2-335771041050) for task 1450249740038-www-data-devel-job21-0-7675061f-f944-4010-be8f-a13c93fd1449 of framework 20151216-065938-67108874-5050-4974-0000
I1216 07:09:06.553603  4990 slave.cpp:2753] Forwarding the update TASK_RUNNING (UUID: 54425d33-1798-4051-bba2-335771041050) for task 1450249740038-www-data-devel-job21-0-7675061f-f944-4010-be8f-a13c93fd1449 of framework 20151216-065938-67108874-5050-4974-0000 to master@10.0.0.4:5050
I1216 07:09:06.553728  4990 slave.cpp:2686] Sending acknowledgement for status update TASK_RUNNING (UUID: 54425d33-1798-4051-bba2-335771041050) for task 1450249740038-www-data-devel-job21-0-7675061f-f944-4010-be8f-a13c93fd1449 of framework 20151216-065938-67108874-5050-4974-0000 to executor(1)@10.0.0.5:41668
I1216 07:09:06.563101  4983 status_update_manager.cpp:389] Received status update acknowledgement (UUID: 54425d33-1798-4051-bba2-335771041050) for task 1450249740038-www-data-devel-job21-0-7675061f-f944-4010-be8f-a13c93fd1449 of framework 20151216-065938-67108874-5050-4974-0000
I1216 07:09:06.563149  4983 status_update_manager.hpp:346] Checkpointing ACK for status update TASK_RUNNING (UUID: 54425d33-1798-4051-bba2-335771041050) for task 1450249740038-www-data-devel-job21-0-7675061f-f944-4010-be8f-a13c93fd1449 of framework 20151216-065938-67108874-5050-4974-0000
I1216 07:09:08.505393  4991 containerizer.cpp:1111] Executor for container '231387eb-eca2-4274-8e4d-c6947773a82b' has exited
I1216 07:09:08.505501  4991 containerizer.cpp:906] Destroying container '231387eb-eca2-4274-8e4d-c6947773a82b'
I1216 07:09:08.507499  4977 slave.cpp:3193] Executor 'thermos-1450249740016-www-data-devel-job6-0-8cd5a09c-a619-4640-863c-75728c34d493' of framework 20151216-065938-67108874-5050-4974-0000 exited with status 0
I1216 07:09:08.507661  4977 slave.cpp:3302] Cleaning up executor 'thermos-1450249740016-www-data-devel-job6-0-8cd5a09c-a619-4640-863c-75728c34d493' of framework 20151216-065938-67108874-5050-4974-0000
I1216 07:09:08.508004  4978 gc.cpp:56] Scheduling '/var/lib/mesos/slave/slaves/20151216-065938-67108874-5050-4974-S1/frameworks/20151216-065938-67108874-5050-4974-0000/executors/thermos-1450249740016-www-data-devel-job6-0-8cd5a09c-a619-4640-863c-75728c34d493/runs/231387eb-eca2-4274-8e4d-c6947773a82b' for gc 6.99999412109037days in the future
I1216 07:09:08.508075  4978 gc.cpp:56] Scheduling '/var/lib/mesos/slave/slaves/20151216-065938-67108874-5050-4974-S1/frameworks/20151216-065938-67108874-5050-4974-0000/executors/thermos-1450249740016-www-data-devel-job6-0-8cd5a09c-a619-4640-863c-75728c34d493' for gc 6.99999412days in the future
I1216 07:09:08.508119  4978 gc.cpp:56] Scheduling '/var/lib/mesos/slave/meta/slaves/20151216-065938-67108874-5050-4974-S1/frameworks/20151216-065938-67108874-5050-4974-0000/executors/thermos-1450249740016-www-data-devel-job6-0-8cd5a09c-a619-4640-863c-75728c34d493/runs/231387eb-eca2-4274-8e4d-c6947773a82b' for gc 6.99999411929185days in the future
I1216 07:09:08.508162  4978 gc.cpp:56] Scheduling '/var/lib/mesos/slave/meta/slaves/20151216-065938-67108874-5050-4974-S1/frameworks/20151216-065938-67108874-5050-4974-0000/executors/thermos-1450249740016-www-data-devel-job6-0-8cd5a09c-a619-4640-863c-75728c34d493' for gc 6.99999411882074days in the future
I1216 07:09:09.555408  4986 slave.cpp:1121] Got assigned task 1450249740079-www-data-devel-job9-0-4313bfdf-06e3-48b9-92fb-5ab83d4b3d0b for framework 20151216-065938-67108874-5050-4974-0000
I1216 07:09:09.555732  4986 slave.cpp:1231] Launching task 1450249740079-www-data-devel-job9-0-4313bfdf-06e3-48b9-92fb-5ab83d4b3d0b for framework 20151216-065938-67108874-5050-4974-0000
I1216 07:09:09.559644  4986 slave.cpp:4160] Launching executor thermos-1450249740079-www-data-devel-job9-0-4313bfdf-06e3-48b9-92fb-5ab83d4b3d0b of framework 20151216-065938-67108874-5050-4974-0000 in work directory '/var/lib/mesos/slave/slaves/20151216-065938-67108874-5050-4974-S1/frameworks/20151216-065938-67108874-5050-4974-0000/executors/thermos-1450249740079-www-data-devel-job9-0-4313bfdf-06e3-48b9-92fb-5ab83d4b3d0b/runs/ebdc3679-d4ee-4132-9df3-da76ee5aae7b'
I1216 07:09:09.559782  4977 containerizer.cpp:472] Starting container 'ebdc3679-d4ee-4132-9df3-da76ee5aae7b' for executor 'thermos-1450249740079-www-data-devel-job9-0-4313bfdf-06e3-48b9-92fb-5ab83d4b3d0b' of framework '20151216-065938-67108874-5050-4974-0000'
I1216 07:09:09.560323  4986 slave.cpp:1378] Queuing task '1450249740079-www-data-devel-job9-0-4313bfdf-06e3-48b9-92fb-5ab83d4b3d0b' for executor thermos-1450249740079-www-data-devel-job9-0-4313bfdf-06e3-48b9-92fb-5ab83d4b3d0b of framework '20151216-065938-67108874-5050-4974-0000
I1216 07:09:09.560971  4977 launcher.cpp:130] Forked child with pid '15597' for container 'ebdc3679-d4ee-4132-9df3-da76ee5aae7b'
I1216 07:09:09.561226  4977 containerizer.cpp:682] Checkpointing executor's forked pid 15597 to '/var/lib/mesos/slave/meta/slaves/20151216-065938-67108874-5050-4974-S1/frameworks/20151216-065938-67108874-5050-4974-0000/executors/thermos-1450249740079-www-data-devel-job9-0-4313bfdf-06e3-48b9-92fb-5ab83d4b3d0b/runs/ebdc3679-d4ee-4132-9df3-da76ee5aae7b/pids/forked.pid'
I1216 07:09:09.567097  4983 fetcher.cpp:238] Fetching URIs using command '/usr/libexec/mesos/mesos-fetcher'
I1216 07:09:09.711700  4984 slave.cpp:3135] Monitoring executor 'thermos-1450249740079-www-data-devel-job9-0-4313bfdf-06e3-48b9-92fb-5ab83d4b3d0b' of framework '20151216-065938-67108874-5050-4974-0000' in container 'ebdc3679-d4ee-4132-9df3-da76ee5aae7b'
I1216 07:09:10.095684  4988 slave.cpp:2141] Got registration for executor 'thermos-1450249740079-www-data-devel-job9-0-4313bfdf-06e3-48b9-92fb-5ab83d4b3d0b' of framework 20151216-065938-67108874-5050-4974-0000 from executor(1)@10.0.0.5:57911
I1216 07:09:10.096890  4977 slave.cpp:1532] Sending queued task '1450249740079-www-data-devel-job9-0-4313bfdf-06e3-48b9-92fb-5ab83d4b3d0b' to executor 'thermos-1450249740079-www-data-devel-job9-0-4313bfdf-06e3-48b9-92fb-5ab83d4b3d0b' of framework 20151216-065938-67108874-5050-4974-0000
I1216 07:09:10.102313  4984 slave.cpp:2508] Handling status update TASK_STARTING (UUID: f79f1c0e-1ede-4813-9ca1-643583539e78) for task 1450249740079-www-data-devel-job9-0-4313bfdf-06e3-48b9-92fb-5ab83d4b3d0b of framework 20151216-065938-67108874-5050-4974-0000 from executor(1)@10.0.0.5:57911
I1216 07:09:10.102475  4988 status_update_manager.cpp:317] Received status update TASK_STARTING (UUID: f79f1c0e-1ede-4813-9ca1-643583539e78) for task 1450249740079-www-data-devel-job9-0-4313bfdf-06e3-48b9-92fb-5ab83d4b3d0b of framework 20151216-065938-67108874-5050-4974-0000
I1216 07:09:10.102838  4988 status_update_manager.hpp:346] Checkpointing UPDATE for status update TASK_STARTING (UUID: f79f1c0e-1ede-4813-9ca1-643583539e78) for task 1450249740079-www-data-devel-job9-0-4313bfdf-06e3-48b9-92fb-5ab83d4b3d0b of framework 20151216-065938-67108874-5050-4974-0000
I1216 07:09:10.106820  4984 slave.cpp:2753] Forwarding the update TASK_STARTING (UUID: f79f1c0e-1ede-4813-9ca1-643583539e78) for task 1450249740079-www-data-devel-job9-0-4313bfdf-06e3-48b9-92fb-5ab83d4b3d0b of framework 20151216-065938-67108874-5050-4974-0000 to master@10.0.0.4:5050
I1216 07:09:10.106930  4984 slave.cpp:2686] Sending acknowledgement for status update TASK_STARTING (UUID: f79f1c0e-1ede-4813-9ca1-643583539e78) for task 1450249740079-www-data-devel-job9-0-4313bfdf-06e3-48b9-92fb-5ab83d4b3d0b of framework 20151216-065938-67108874-5050-4974-0000 to executor(1)@10.0.0.5:57911
I1216 07:09:10.116327  4988 status_update_manager.cpp:389] Received status update acknowledgement (UUID: f79f1c0e-1ede-4813-9ca1-643583539e78) for task 1450249740079-www-data-devel-job9-0-4313bfdf-06e3-48b9-92fb-5ab83d4b3d0b of framework 20151216-065938-67108874-5050-4974-0000
I1216 07:09:10.116426  4988 status_update_manager.hpp:346] Checkpointing ACK for status update TASK_STARTING (UUID: f79f1c0e-1ede-4813-9ca1-643583539e78) for task 1450249740079-www-data-devel-job9-0-4313bfdf-06e3-48b9-92fb-5ab83d4b3d0b of framework 20151216-065938-67108874-5050-4974-0000
I1216 07:09:10.664953  4979 slave.cpp:2508] Handling status update TASK_RUNNING (UUID: 36d5a5d0-ed3e-4a53-a4f7-d747cb58a4ad) for task 1450249740079-www-data-devel-job9-0-4313bfdf-06e3-48b9-92fb-5ab83d4b3d0b of framework 20151216-065938-67108874-5050-4974-0000 from executor(1)@10.0.0.5:57911
I1216 07:09:10.665108  4988 status_update_manager.cpp:317] Received status update TASK_RUNNING (UUID: 36d5a5d0-ed3e-4a53-a4f7-d747cb58a4ad) for task 1450249740079-www-data-devel-job9-0-4313bfdf-06e3-48b9-92fb-5ab83d4b3d0b of framework 20151216-065938-67108874-5050-4974-0000
I1216 07:09:10.665163  4988 status_update_manager.hpp:346] Checkpointing UPDATE for status update TASK_RUNNING (UUID: 36d5a5d0-ed3e-4a53-a4f7-d747cb58a4ad) for task 1450249740079-www-data-devel-job9-0-4313bfdf-06e3-48b9-92fb-5ab83d4b3d0b of framework 20151216-065938-67108874-5050-4974-0000
I1216 07:09:10.668727  4979 slave.cpp:2753] Forwarding the update TASK_RUNNING (UUID: 36d5a5d0-ed3e-4a53-a4f7-d747cb58a4ad) for task 1450249740079-www-data-devel-job9-0-4313bfdf-06e3-48b9-92fb-5ab83d4b3d0b of framework 20151216-065938-67108874-5050-4974-0000 to master@10.0.0.4:5050
I1216 07:09:10.668834  4979 slave.cpp:2686] Sending acknowledgement for status update TASK_RUNNING (UUID: 36d5a5d0-ed3e-4a53-a4f7-d747cb58a4ad) for task 1450249740079-www-data-devel-job9-0-4313bfdf-06e3-48b9-92fb-5ab83d4b3d0b of framework 20151216-065938-67108874-5050-4974-0000 to executor(1)@10.0.0.5:57911
I1216 07:09:10.677953  4976 status_update_manager.cpp:389] Received status update acknowledgement (UUID: 36d5a5d0-ed3e-4a53-a4f7-d747cb58a4ad) for task 1450249740079-www-data-devel-job9-0-4313bfdf-06e3-48b9-92fb-5ab83d4b3d0b of framework 20151216-065938-67108874-5050-4974-0000
I1216 07:09:10.677997  4976 status_update_manager.hpp:346] Checkpointing ACK for status update TASK_RUNNING (UUID: 36d5a5d0-ed3e-4a53-a4f7-d747cb58a4ad) for task 1450249740079-www-data-devel-job9-0-4313bfdf-06e3-48b9-92fb-5ab83d4b3d0b of framework 20151216-065938-67108874-5050-4974-0000
I1216 07:09:11.684186  4983 slave.cpp:2508] Handling status update TASK_FINISHED (UUID: ff3baec6-52df-4f4b-b9cc-cfc1501354a1) for task 1450249740038-www-data-devel-job21-0-7675061f-f944-4010-be8f-a13c93fd1449 of framework 20151216-065938-67108874-5050-4974-0000 from executor(1)@10.0.0.5:41668
I1216 07:09:11.684914  4989 status_update_manager.cpp:317] Received status update TASK_FINISHED (UUID: ff3baec6-52df-4f4b-b9cc-cfc1501354a1) for task 1450249740038-www-data-devel-job21-0-7675061f-f944-4010-be8f-a13c93fd1449 of framework 20151216-065938-67108874-5050-4974-0000
I1216 07:09:11.684983  4989 status_update_manager.hpp:346] Checkpointing UPDATE for status update TASK_FINISHED (UUID: ff3baec6-52df-4f4b-b9cc-cfc1501354a1) for task 1450249740038-www-data-devel-job21-0-7675061f-f944-4010-be8f-a13c93fd1449 of framework 20151216-065938-67108874-5050-4974-0000
I1216 07:09:11.688690  4983 slave.cpp:2753] Forwarding the update TASK_FINISHED (UUID: ff3baec6-52df-4f4b-b9cc-cfc1501354a1) for task 1450249740038-www-data-devel-job21-0-7675061f-f944-4010-be8f-a13c93fd1449 of framework 20151216-065938-67108874-5050-4974-0000 to master@10.0.0.4:5050
I1216 07:09:11.688861  4983 slave.cpp:2686] Sending acknowledgement for status update TASK_FINISHED (UUID: ff3baec6-52df-4f4b-b9cc-cfc1501354a1) for task 1450249740038-www-data-devel-job21-0-7675061f-f944-4010-be8f-a13c93fd1449 of framework 20151216-065938-67108874-5050-4974-0000 to executor(1)@10.0.0.5:41668
I1216 07:09:11.700042  4989 status_update_manager.cpp:389] Received status update acknowledgement (UUID: ff3baec6-52df-4f4b-b9cc-cfc1501354a1) for task 1450249740038-www-data-devel-job21-0-7675061f-f944-4010-be8f-a13c93fd1449 of framework 20151216-065938-67108874-5050-4974-0000
I1216 07:09:11.700081  4989 status_update_manager.hpp:346] Checkpointing ACK for status update TASK_FINISHED (UUID: ff3baec6-52df-4f4b-b9cc-cfc1501354a1) for task 1450249740038-www-data-devel-job21-0-7675061f-f944-4010-be8f-a13c93fd1449 of framework 20151216-065938-67108874-5050-4974-0000
I1216 07:09:16.747241  4990 containerizer.cpp:1111] Executor for container 'db23a278-d84b-4734-942d-2f7ca498fee1' has exited
I1216 07:09:16.747308  4990 containerizer.cpp:906] Destroying container 'db23a278-d84b-4734-942d-2f7ca498fee1'
I1216 07:09:16.748947  4986 slave.cpp:3193] Executor 'thermos-1450249740038-www-data-devel-job21-0-7675061f-f944-4010-be8f-a13c93fd1449' of framework 20151216-065938-67108874-5050-4974-0000 exited with status 0
I1216 07:09:16.749109  4986 slave.cpp:3302] Cleaning up executor 'thermos-1450249740038-www-data-devel-job21-0-7675061f-f944-4010-be8f-a13c93fd1449' of framework 20151216-065938-67108874-5050-4974-0000
I1216 07:09:16.749420  4990 gc.cpp:56] Scheduling '/var/lib/mesos/slave/slaves/20151216-065938-67108874-5050-4974-S1/frameworks/20151216-065938-67108874-5050-4974-0000/executors/thermos-1450249740038-www-data-devel-job21-0-7675061f-f944-4010-be8f-a13c93fd1449/runs/db23a278-d84b-4734-942d-2f7ca498fee1' for gc 6.99999132674963days in the future
I1216 07:09:16.749533  4990 gc.cpp:56] Scheduling '/var/lib/mesos/slave/slaves/20151216-065938-67108874-5050-4974-S1/frameworks/20151216-065938-67108874-5050-4974-0000/executors/thermos-1450249740038-www-data-devel-job21-0-7675061f-f944-4010-be8f-a13c93fd1449' for gc 6.99999132590222days in the future
I1216 07:09:16.749572  4990 gc.cpp:56] Scheduling '/var/lib/mesos/slave/meta/slaves/20151216-065938-67108874-5050-4974-S1/frameworks/20151216-065938-67108874-5050-4974-0000/executors/thermos-1450249740038-www-data-devel-job21-0-7675061f-f944-4010-be8f-a13c93fd1449/runs/db23a278-d84b-4734-942d-2f7ca498fee1' for gc 6.99999132514963days in the future
I1216 07:09:16.749594  4990 gc.cpp:56] Scheduling '/var/lib/mesos/slave/meta/slaves/20151216-065938-67108874-5050-4974-S1/frameworks/20151216-065938-67108874-5050-4974-0000/executors/thermos-1450249740038-www-data-devel-job21-0-7675061f-f944-4010-be8f-a13c93fd1449' for gc 6.99999132443259days in the future
I1216 07:09:16.801498  4979 slave.cpp:2508] Handling status update TASK_FINISHED (UUID: 1925523d-18b7-4c7b-8756-f9ad9b160be7) for task 1450249740079-www-data-devel-job9-0-4313bfdf-06e3-48b9-92fb-5ab83d4b3d0b of framework 20151216-065938-67108874-5050-4974-0000 from executor(1)@10.0.0.5:57911
I1216 07:09:16.802065  4978 status_update_manager.cpp:317] Received status update TASK_FINISHED (UUID: 1925523d-18b7-4c7b-8756-f9ad9b160be7) for task 1450249740079-www-data-devel-job9-0-4313bfdf-06e3-48b9-92fb-5ab83d4b3d0b of framework 20151216-065938-67108874-5050-4974-0000
I1216 07:09:16.802124  4978 status_update_manager.hpp:346] Checkpointing UPDATE for status update TASK_FINISHED (UUID: 1925523d-18b7-4c7b-8756-f9ad9b160be7) for task 1450249740079-www-data-devel-job9-0-4313bfdf-06e3-48b9-92fb-5ab83d4b3d0b of framework 20151216-065938-67108874-5050-4974-0000
I1216 07:09:16.806439  4977 slave.cpp:2753] Forwarding the update TASK_FINISHED (UUID: 1925523d-18b7-4c7b-8756-f9ad9b160be7) for task 1450249740079-www-data-devel-job9-0-4313bfdf-06e3-48b9-92fb-5ab83d4b3d0b of framework 20151216-065938-67108874-5050-4974-0000 to master@10.0.0.4:5050
I1216 07:09:16.806614  4977 slave.cpp:2686] Sending acknowledgement for status update TASK_FINISHED (UUID: 1925523d-18b7-4c7b-8756-f9ad9b160be7) for task 1450249740079-www-data-devel-job9-0-4313bfdf-06e3-48b9-92fb-5ab83d4b3d0b of framework 20151216-065938-67108874-5050-4974-0000 to executor(1)@10.0.0.5:57911
I1216 07:09:16.818773  4978 status_update_manager.cpp:389] Received status update acknowledgement (UUID: 1925523d-18b7-4c7b-8756-f9ad9b160be7) for task 1450249740079-www-data-devel-job9-0-4313bfdf-06e3-48b9-92fb-5ab83d4b3d0b of framework 20151216-065938-67108874-5050-4974-0000
I1216 07:09:16.818824  4978 status_update_manager.hpp:346] Checkpointing ACK for status update TASK_FINISHED (UUID: 1925523d-18b7-4c7b-8756-f9ad9b160be7) for task 1450249740079-www-data-devel-job9-0-4313bfdf-06e3-48b9-92fb-5ab83d4b3d0b of framework 20151216-065938-67108874-5050-4974-0000
I1216 07:09:21.872027  4981 containerizer.cpp:1111] Executor for container 'ebdc3679-d4ee-4132-9df3-da76ee5aae7b' has exited
I1216 07:09:21.872102  4981 containerizer.cpp:906] Destroying container 'ebdc3679-d4ee-4132-9df3-da76ee5aae7b'
I1216 07:09:21.873610  4982 slave.cpp:3193] Executor 'thermos-1450249740079-www-data-devel-job9-0-4313bfdf-06e3-48b9-92fb-5ab83d4b3d0b' of framework 20151216-065938-67108874-5050-4974-0000 exited with status 0
I1216 07:09:21.873781  4982 slave.cpp:3302] Cleaning up executor 'thermos-1450249740079-www-data-devel-job9-0-4313bfdf-06e3-48b9-92fb-5ab83d4b3d0b' of framework 20151216-065938-67108874-5050-4974-0000
I1216 07:09:21.874089  4985 gc.cpp:56] Scheduling '/var/lib/mesos/slave/slaves/20151216-065938-67108874-5050-4974-S1/frameworks/20151216-065938-67108874-5050-4974-0000/executors/thermos-1450249740079-www-data-devel-job9-0-4313bfdf-06e3-48b9-92fb-5ab83d4b3d0b/runs/ebdc3679-d4ee-4132-9df3-da76ee5aae7b' for gc 6.99998988380741days in the future
I1216 07:09:21.874238  4985 gc.cpp:56] Scheduling '/var/lib/mesos/slave/slaves/20151216-065938-67108874-5050-4974-S1/frameworks/20151216-065938-67108874-5050-4974-0000/executors/thermos-1450249740079-www-data-devel-job9-0-4313bfdf-06e3-48b9-92fb-5ab83d4b3d0b' for gc 6.99998988281185days in the future
I1216 07:09:21.874253  4982 slave.cpp:3381] Cleaning up framework 20151216-065938-67108874-5050-4974-0000
I1216 07:09:21.874359  4985 gc.cpp:56] Scheduling '/var/lib/mesos/slave/meta/slaves/20151216-065938-67108874-5050-4974-S1/frameworks/20151216-065938-67108874-5050-4974-0000/executors/thermos-1450249740079-www-data-devel-job9-0-4313bfdf-06e3-48b9-92fb-5ab83d4b3d0b/runs/ebdc3679-d4ee-4132-9df3-da76ee5aae7b' for gc 6.99998988203852days in the future
I1216 07:09:21.874447  4985 gc.cpp:56] Scheduling '/var/lib/mesos/slave/meta/slaves/20151216-065938-67108874-5050-4974-S1/frameworks/20151216-065938-67108874-5050-4974-0000/executors/thermos-1450249740079-www-data-devel-job9-0-4313bfdf-06e3-48b9-92fb-5ab83d4b3d0b' for gc 6.99998988142519days in the future
I1216 07:09:21.874454  4991 status_update_manager.cpp:279] Closing status update streams for framework 20151216-065938-67108874-5050-4974-0000
I1216 07:09:21.874490  4985 gc.cpp:56] Scheduling '/var/lib/mesos/slave/slaves/20151216-065938-67108874-5050-4974-S1/frameworks/20151216-065938-67108874-5050-4974-0000' for gc 6.99998987880889days in the future
I1216 07:09:21.874568  4985 gc.cpp:56] Scheduling '/var/lib/mesos/slave/meta/slaves/20151216-065938-67108874-5050-4974-S1/frameworks/20151216-065938-67108874-5050-4974-0000' for gc 6.99998987832296days in the future
I1216 07:09:34.125674  4978 slave.cpp:3534] Framework 20151216-065938-67108874-5050-4974-0000 seems to have exited. Ignoring registration timeout for executor 'thermos-1450249680077-www-data-devel-job9-0-4da4d4ad-6d86-44c5-9e26-40fa7ccb178b'
I1216 07:09:34.185678  4988 slave.cpp:1121] Got assigned task 1450249740069-www-data-devel-job8-0-a9fe1418-6cad-4961-8a80-c593e277cf18 for framework 20151216-065938-67108874-5050-4974-0000
I1216 07:09:34.187953  4988 gc.cpp:84] Unscheduling '/var/lib/mesos/slave/slaves/20151216-065938-67108874-5050-4974-S1/frameworks/20151216-065938-67108874-5050-4974-0000' from gc
I1216 07:09:34.188218  4985 gc.cpp:84] Unscheduling '/var/lib/mesos/slave/meta/slaves/20151216-065938-67108874-5050-4974-S1/frameworks/20151216-065938-67108874-5050-4974-0000' from gc
I1216 07:09:34.188354  4991 slave.cpp:1231] Launching task 1450249740069-www-data-devel-job8-0-a9fe1418-6cad-4961-8a80-c593e277cf18 for framework 20151216-065938-67108874-5050-4974-0000
I1216 07:09:34.190502  4991 slave.cpp:4160] Launching executor thermos-1450249740069-www-data-devel-job8-0-a9fe1418-6cad-4961-8a80-c593e277cf18 of framework 20151216-065938-67108874-5050-4974-0000 in work directory '/var/lib/mesos/slave/slaves/20151216-065938-67108874-5050-4974-S1/frameworks/20151216-065938-67108874-5050-4974-0000/executors/thermos-1450249740069-www-data-devel-job8-0-a9fe1418-6cad-4961-8a80-c593e277cf18/runs/701e34d5-ec32-456f-ab3b-3aeff1ec03a4'
I1216 07:09:34.190649  4985 containerizer.cpp:472] Starting container '701e34d5-ec32-456f-ab3b-3aeff1ec03a4' for executor 'thermos-1450249740069-www-data-devel-job8-0-a9fe1418-6cad-4961-8a80-c593e277cf18' of framework '20151216-065938-67108874-5050-4974-0000'
I1216 07:09:34.192214  4985 launcher.cpp:130] Forked child with pid '15658' for container '701e34d5-ec32-456f-ab3b-3aeff1ec03a4'
I1216 07:09:34.193640  4985 containerizer.cpp:682] Checkpointing executor's forked pid 15658 to '/var/lib/mesos/slave/meta/slaves/20151216-065938-67108874-5050-4974-S1/frameworks/20151216-065938-67108874-5050-4974-0000/executors/thermos-1450249740069-www-data-devel-job8-0-a9fe1418-6cad-4961-8a80-c593e277cf18/runs/701e34d5-ec32-456f-ab3b-3aeff1ec03a4/pids/forked.pid'
I1216 07:09:34.193704  4991 slave.cpp:1378] Queuing task '1450249740069-www-data-devel-job8-0-a9fe1418-6cad-4961-8a80-c593e277cf18' for executor thermos-1450249740069-www-data-devel-job8-0-a9fe1418-6cad-4961-8a80-c593e277cf18 of framework '20151216-065938-67108874-5050-4974-0000
I1216 07:09:34.198014  4988 fetcher.cpp:238] Fetching URIs using command '/usr/libexec/mesos/mesos-fetcher'
I1216 07:09:34.325650  4977 slave.cpp:3135] Monitoring executor 'thermos-1450249740069-www-data-devel-job8-0-a9fe1418-6cad-4961-8a80-c593e277cf18' of framework '20151216-065938-67108874-5050-4974-0000' in container '701e34d5-ec32-456f-ab3b-3aeff1ec03a4'
I1216 07:09:34.711954  4986 slave.cpp:2141] Got registration for executor 'thermos-1450249740069-www-data-devel-job8-0-a9fe1418-6cad-4961-8a80-c593e277cf18' of framework 20151216-065938-67108874-5050-4974-0000 from executor(1)@10.0.0.5:44035
I1216 07:09:34.712859  4976 slave.cpp:1532] Sending queued task '1450249740069-www-data-devel-job8-0-a9fe1418-6cad-4961-8a80-c593e277cf18' to executor 'thermos-1450249740069-www-data-devel-job8-0-a9fe1418-6cad-4961-8a80-c593e277cf18' of framework 20151216-065938-67108874-5050-4974-0000
I1216 07:09:34.719194  4991 slave.cpp:2508] Handling status update TASK_STARTING (UUID: caf791bd-bb89-4e82-858f-6a72ec2dd1b8) for task 1450249740069-www-data-devel-job8-0-a9fe1418-6cad-4961-8a80-c593e277cf18 of framework 20151216-065938-67108874-5050-4974-0000 from executor(1)@10.0.0.5:44035
I1216 07:09:34.719348  4990 status_update_manager.cpp:317] Received status update TASK_STARTING (UUID: caf791bd-bb89-4e82-858f-6a72ec2dd1b8) for task 1450249740069-www-data-devel-job8-0-a9fe1418-6cad-4961-8a80-c593e277cf18 of framework 20151216-065938-67108874-5050-4974-0000
I1216 07:09:34.719699  4990 status_update_manager.hpp:346] Checkpointing UPDATE for status update TASK_STARTING (UUID: caf791bd-bb89-4e82-858f-6a72ec2dd1b8) for task 1450249740069-www-data-devel-job8-0-a9fe1418-6cad-4961-8a80-c593e277cf18 of framework 20151216-065938-67108874-5050-4974-0000
I1216 07:09:34.723399  4991 slave.cpp:2753] Forwarding the update TASK_STARTING (UUID: caf791bd-bb89-4e82-858f-6a72ec2dd1b8) for task 1450249740069-www-data-devel-job8-0-a9fe1418-6cad-4961-8a80-c593e277cf18 of framework 20151216-065938-67108874-5050-4974-0000 to master@10.0.0.4:5050
