I1216 07:11:34.369391  4980 containerizer.cpp:682] Checkpointing executor's forked pid 16173 to '/var/lib/mesos/slave/meta/slaves/20151216-065938-67108874-5050-4974-S1/frameworks/20151216-065938-67108874-5050-4974-0000/executors/thermos-1450249860082-www-data-devel-job19-0-30b08f7b-2704-4c68-b3ef-42fd47f881d7/runs/1a429c45-27e7-400b-83d5-34144aebe18d/pids/forked.pid'
I1216 07:11:34.372632  4989 fetcher.cpp:238] Fetching URIs using command '/usr/libexec/mesos/mesos-fetcher'
I1216 07:11:34.480653  4976 slave.cpp:3135] Monitoring executor 'thermos-1450249860082-www-data-devel-job19-0-30b08f7b-2704-4c68-b3ef-42fd47f881d7' of framework '20151216-065938-67108874-5050-4974-0000' in container '1a429c45-27e7-400b-83d5-34144aebe18d'
I1216 07:11:34.860767  4990 slave.cpp:2141] Got registration for executor 'thermos-1450249860082-www-data-devel-job19-0-30b08f7b-2704-4c68-b3ef-42fd47f881d7' of framework 20151216-065938-67108874-5050-4974-0000 from executor(1)@10.0.0.5:60238
I1216 07:11:34.861711  4981 slave.cpp:1532] Sending queued task '1450249860082-www-data-devel-job19-0-30b08f7b-2704-4c68-b3ef-42fd47f881d7' to executor 'thermos-1450249860082-www-data-devel-job19-0-30b08f7b-2704-4c68-b3ef-42fd47f881d7' of framework 20151216-065938-67108874-5050-4974-0000
I1216 07:11:34.868546  4976 slave.cpp:2508] Handling status update TASK_STARTING (UUID: 0dcb7d7c-01da-4632-9c7e-a49e60027041) for task 1450249860082-www-data-devel-job19-0-30b08f7b-2704-4c68-b3ef-42fd47f881d7 of framework 20151216-065938-67108874-5050-4974-0000 from executor(1)@10.0.0.5:60238
I1216 07:11:34.868705  4990 status_update_manager.cpp:317] Received status update TASK_STARTING (UUID: 0dcb7d7c-01da-4632-9c7e-a49e60027041) for task 1450249860082-www-data-devel-job19-0-30b08f7b-2704-4c68-b3ef-42fd47f881d7 of framework 20151216-065938-67108874-5050-4974-0000
I1216 07:11:34.869529  4990 status_update_manager.hpp:346] Checkpointing UPDATE for status update TASK_STARTING (UUID: 0dcb7d7c-01da-4632-9c7e-a49e60027041) for task 1450249860082-www-data-devel-job19-0-30b08f7b-2704-4c68-b3ef-42fd47f881d7 of framework 20151216-065938-67108874-5050-4974-0000
I1216 07:11:34.873059  4991 slave.cpp:2753] Forwarding the update TASK_STARTING (UUID: 0dcb7d7c-01da-4632-9c7e-a49e60027041) for task 1450249860082-www-data-devel-job19-0-30b08f7b-2704-4c68-b3ef-42fd47f881d7 of framework 20151216-065938-67108874-5050-4974-0000 to master@10.0.0.4:5050
I1216 07:11:34.873186  4991 slave.cpp:2686] Sending acknowledgement for status update TASK_STARTING (UUID: 0dcb7d7c-01da-4632-9c7e-a49e60027041) for task 1450249860082-www-data-devel-job19-0-30b08f7b-2704-4c68-b3ef-42fd47f881d7 of framework 20151216-065938-67108874-5050-4974-0000 to executor(1)@10.0.0.5:60238
I1216 07:11:34.881045  4990 status_update_manager.cpp:389] Received status update acknowledgement (UUID: 0dcb7d7c-01da-4632-9c7e-a49e60027041) for task 1450249860082-www-data-devel-job19-0-30b08f7b-2704-4c68-b3ef-42fd47f881d7 of framework 20151216-065938-67108874-5050-4974-0000
I1216 07:11:34.881116  4990 status_update_manager.hpp:346] Checkpointing ACK for status update TASK_STARTING (UUID: 0dcb7d7c-01da-4632-9c7e-a49e60027041) for task 1450249860082-www-data-devel-job19-0-30b08f7b-2704-4c68-b3ef-42fd47f881d7 of framework 20151216-065938-67108874-5050-4974-0000
I1216 07:11:35.434108  4990 slave.cpp:2508] Handling status update TASK_RUNNING (UUID: 46b16362-e5e8-409f-9163-8e9243b4786a) for task 1450249860082-www-data-devel-job19-0-30b08f7b-2704-4c68-b3ef-42fd47f881d7 of framework 20151216-065938-67108874-5050-4974-0000 from executor(1)@10.0.0.5:60238
I1216 07:11:35.434236  4990 status_update_manager.cpp:317] Received status update TASK_RUNNING (UUID: 46b16362-e5e8-409f-9163-8e9243b4786a) for task 1450249860082-www-data-devel-job19-0-30b08f7b-2704-4c68-b3ef-42fd47f881d7 of framework 20151216-065938-67108874-5050-4974-0000
I1216 07:11:35.434283  4990 status_update_manager.hpp:346] Checkpointing UPDATE for status update TASK_RUNNING (UUID: 46b16362-e5e8-409f-9163-8e9243b4786a) for task 1450249860082-www-data-devel-job19-0-30b08f7b-2704-4c68-b3ef-42fd47f881d7 of framework 20151216-065938-67108874-5050-4974-0000
I1216 07:11:35.437551  4987 slave.cpp:2753] Forwarding the update TASK_RUNNING (UUID: 46b16362-e5e8-409f-9163-8e9243b4786a) for task 1450249860082-www-data-devel-job19-0-30b08f7b-2704-4c68-b3ef-42fd47f881d7 of framework 20151216-065938-67108874-5050-4974-0000 to master@10.0.0.4:5050
I1216 07:11:35.437691  4987 slave.cpp:2686] Sending acknowledgement for status update TASK_RUNNING (UUID: 46b16362-e5e8-409f-9163-8e9243b4786a) for task 1450249860082-www-data-devel-job19-0-30b08f7b-2704-4c68-b3ef-42fd47f881d7 of framework 20151216-065938-67108874-5050-4974-0000 to executor(1)@10.0.0.5:60238
I1216 07:11:35.444986  4990 status_update_manager.cpp:389] Received status update acknowledgement (UUID: 46b16362-e5e8-409f-9163-8e9243b4786a) for task 1450249860082-www-data-devel-job19-0-30b08f7b-2704-4c68-b3ef-42fd47f881d7 of framework 20151216-065938-67108874-5050-4974-0000
I1216 07:11:35.445042  4990 status_update_manager.hpp:346] Checkpointing ACK for status update TASK_RUNNING (UUID: 46b16362-e5e8-409f-9163-8e9243b4786a) for task 1450249860082-www-data-devel-job19-0-30b08f7b-2704-4c68-b3ef-42fd47f881d7 of framework 20151216-065938-67108874-5050-4974-0000
I1216 07:11:37.562465  4978 slave.cpp:2508] Handling status update TASK_FINISHED (UUID: 6c64de9c-1cfb-4d54-98ae-9e8da03c7d86) for task 1450249860082-www-data-devel-job19-0-30b08f7b-2704-4c68-b3ef-42fd47f881d7 of framework 20151216-065938-67108874-5050-4974-0000 from executor(1)@10.0.0.5:60238
I1216 07:11:37.563125  4979 status_update_manager.cpp:317] Received status update TASK_FINISHED (UUID: 6c64de9c-1cfb-4d54-98ae-9e8da03c7d86) for task 1450249860082-www-data-devel-job19-0-30b08f7b-2704-4c68-b3ef-42fd47f881d7 of framework 20151216-065938-67108874-5050-4974-0000
I1216 07:11:37.563171  4979 status_update_manager.hpp:346] Checkpointing UPDATE for status update TASK_FINISHED (UUID: 6c64de9c-1cfb-4d54-98ae-9e8da03c7d86) for task 1450249860082-www-data-devel-job19-0-30b08f7b-2704-4c68-b3ef-42fd47f881d7 of framework 20151216-065938-67108874-5050-4974-0000
I1216 07:11:37.567128  4984 slave.cpp:2753] Forwarding the update TASK_FINISHED (UUID: 6c64de9c-1cfb-4d54-98ae-9e8da03c7d86) for task 1450249860082-www-data-devel-job19-0-30b08f7b-2704-4c68-b3ef-42fd47f881d7 of framework 20151216-065938-67108874-5050-4974-0000 to master@10.0.0.4:5050
I1216 07:11:37.567234  4984 slave.cpp:2686] Sending acknowledgement for status update TASK_FINISHED (UUID: 6c64de9c-1cfb-4d54-98ae-9e8da03c7d86) for task 1450249860082-www-data-devel-job19-0-30b08f7b-2704-4c68-b3ef-42fd47f881d7 of framework 20151216-065938-67108874-5050-4974-0000 to executor(1)@10.0.0.5:60238
I1216 07:11:37.575976  4979 status_update_manager.cpp:389] Received status update acknowledgement (UUID: 6c64de9c-1cfb-4d54-98ae-9e8da03c7d86) for task 1450249860082-www-data-devel-job19-0-30b08f7b-2704-4c68-b3ef-42fd47f881d7 of framework 20151216-065938-67108874-5050-4974-0000
I1216 07:11:37.576007  4979 status_update_manager.hpp:346] Checkpointing ACK for status update TASK_FINISHED (UUID: 6c64de9c-1cfb-4d54-98ae-9e8da03c7d86) for task 1450249860082-www-data-devel-job19-0-30b08f7b-2704-4c68-b3ef-42fd47f881d7 of framework 20151216-065938-67108874-5050-4974-0000
I1216 07:11:42.613476  4982 containerizer.cpp:1111] Executor for container '1a429c45-27e7-400b-83d5-34144aebe18d' has exited
I1216 07:11:42.613574  4982 containerizer.cpp:906] Destroying container '1a429c45-27e7-400b-83d5-34144aebe18d'
I1216 07:11:42.614776  4982 slave.cpp:3193] Executor 'thermos-1450249860082-www-data-devel-job19-0-30b08f7b-2704-4c68-b3ef-42fd47f881d7' of framework 20151216-065938-67108874-5050-4974-0000 exited with status 0
I1216 07:11:42.614923  4982 slave.cpp:3302] Cleaning up executor 'thermos-1450249860082-www-data-devel-job19-0-30b08f7b-2704-4c68-b3ef-42fd47f881d7' of framework 20151216-065938-67108874-5050-4974-0000
I1216 07:11:42.615175  4981 gc.cpp:56] Scheduling '/var/lib/mesos/slave/slaves/20151216-065938-67108874-5050-4974-S1/frameworks/20151216-065938-67108874-5050-4974-0000/executors/thermos-1450249860082-www-data-devel-job19-0-30b08f7b-2704-4c68-b3ef-42fd47f881d7/runs/1a429c45-27e7-400b-83d5-34144aebe18d' for gc 6.99999288031407days in the future
I1216 07:11:42.615229  4981 gc.cpp:56] Scheduling '/var/lib/mesos/slave/slaves/20151216-065938-67108874-5050-4974-S1/frameworks/20151216-065938-67108874-5050-4974-0000/executors/thermos-1450249860082-www-data-devel-job19-0-30b08f7b-2704-4c68-b3ef-42fd47f881d7' for gc 6.99999287949037days in the future
I1216 07:11:42.615348  4979 gc.cpp:56] Scheduling '/var/lib/mesos/slave/meta/slaves/20151216-065938-67108874-5050-4974-S1/frameworks/20151216-065938-67108874-5050-4974-0000/executors/thermos-1450249860082-www-data-devel-job19-0-30b08f7b-2704-4c68-b3ef-42fd47f881d7/runs/1a429c45-27e7-400b-83d5-34144aebe18d' for gc 6.99999287862222days in the future
I1216 07:11:42.615388  4982 slave.cpp:3381] Cleaning up framework 20151216-065938-67108874-5050-4974-0000
I1216 07:11:42.615397  4979 gc.cpp:56] Scheduling '/var/lib/mesos/slave/meta/slaves/20151216-065938-67108874-5050-4974-S1/frameworks/20151216-065938-67108874-5050-4974-0000/executors/thermos-1450249860082-www-data-devel-job19-0-30b08f7b-2704-4c68-b3ef-42fd47f881d7' for gc 6.99999287754667days in the future
I1216 07:11:42.615469  4991 status_update_manager.cpp:279] Closing status update streams for framework 20151216-065938-67108874-5050-4974-0000
I1216 07:11:42.615536  4979 gc.cpp:56] Scheduling '/var/lib/mesos/slave/slaves/20151216-065938-67108874-5050-4974-S1/frameworks/20151216-065938-67108874-5050-4974-0000' for gc 6.99999287612148days in the future
I1216 07:11:42.615572  4979 gc.cpp:56] Scheduling '/var/lib/mesos/slave/meta/slaves/20151216-065938-67108874-5050-4974-S1/frameworks/20151216-065938-67108874-5050-4974-0000' for gc 6.99999287544days in the future
I1216 07:11:56.121394  4986 slave.cpp:3618] Current disk usage 71.15%. Max allowed age: 1.319410567417558days
I1216 07:12:00.261667  4987 slave.cpp:3534] Framework 20151216-065938-67108874-5050-4974-0000 seems to have exited. Ignoring registration timeout for executor 'thermos-1450249860004-www-data-devel-job12-0-59e4e652-0f5c-40bd-9d58-194f42c8a24a'
I1216 07:12:00.273171  4986 slave.cpp:1121] Got assigned task 1450249920003-www-data-devel-job12-0-413db07f-797c-48f2-8736-b9eb45b73e28 for framework 20151216-065938-67108874-5050-4974-0000
I1216 07:12:00.274058  4986 gc.cpp:84] Unscheduling '/var/lib/mesos/slave/slaves/20151216-065938-67108874-5050-4974-S1/frameworks/20151216-065938-67108874-5050-4974-0000' from gc
I1216 07:12:00.274341  4986 gc.cpp:84] Unscheduling '/var/lib/mesos/slave/meta/slaves/20151216-065938-67108874-5050-4974-S1/frameworks/20151216-065938-67108874-5050-4974-0000' from gc
I1216 07:12:00.274469  4980 slave.cpp:1231] Launching task 1450249920003-www-data-devel-job12-0-413db07f-797c-48f2-8736-b9eb45b73e28 for framework 20151216-065938-67108874-5050-4974-0000
I1216 07:12:00.277664  4980 slave.cpp:4160] Launching executor thermos-1450249920003-www-data-devel-job12-0-413db07f-797c-48f2-8736-b9eb45b73e28 of framework 20151216-065938-67108874-5050-4974-0000 in work directory '/var/lib/mesos/slave/slaves/20151216-065938-67108874-5050-4974-S1/frameworks/20151216-065938-67108874-5050-4974-0000/executors/thermos-1450249920003-www-data-devel-job12-0-413db07f-797c-48f2-8736-b9eb45b73e28/runs/f22abf6f-593c-42b0-ab76-f9255c0d087f'
I1216 07:12:00.277770  4985 containerizer.cpp:472] Starting container 'f22abf6f-593c-42b0-ab76-f9255c0d087f' for executor 'thermos-1450249920003-www-data-devel-job12-0-413db07f-797c-48f2-8736-b9eb45b73e28' of framework '20151216-065938-67108874-5050-4974-0000'
I1216 07:12:00.279609  4985 launcher.cpp:130] Forked child with pid '16231' for container 'f22abf6f-593c-42b0-ab76-f9255c0d087f'
I1216 07:12:00.279738  4980 slave.cpp:1378] Queuing task '1450249920003-www-data-devel-job12-0-413db07f-797c-48f2-8736-b9eb45b73e28' for executor thermos-1450249920003-www-data-devel-job12-0-413db07f-797c-48f2-8736-b9eb45b73e28 of framework '20151216-065938-67108874-5050-4974-0000
I1216 07:12:00.279791  4985 containerizer.cpp:682] Checkpointing executor's forked pid 16231 to '/var/lib/mesos/slave/meta/slaves/20151216-065938-67108874-5050-4974-S1/frameworks/20151216-065938-67108874-5050-4974-0000/executors/thermos-1450249920003-www-data-devel-job12-0-413db07f-797c-48f2-8736-b9eb45b73e28/runs/f22abf6f-593c-42b0-ab76-f9255c0d087f/pids/forked.pid'
I1216 07:12:00.283434  4986 fetcher.cpp:238] Fetching URIs using command '/usr/libexec/mesos/mesos-fetcher'
I1216 07:12:00.390276  4986 slave.cpp:3135] Monitoring executor 'thermos-1450249920003-www-data-devel-job12-0-413db07f-797c-48f2-8736-b9eb45b73e28' of framework '20151216-065938-67108874-5050-4974-0000' in container 'f22abf6f-593c-42b0-ab76-f9255c0d087f'
I1216 07:12:00.779515  4981 slave.cpp:2141] Got registration for executor 'thermos-1450249920003-www-data-devel-job12-0-413db07f-797c-48f2-8736-b9eb45b73e28' of framework 20151216-065938-67108874-5050-4974-0000 from executor(1)@10.0.0.5:33159
I1216 07:12:00.780655  4989 slave.cpp:1532] Sending queued task '1450249920003-www-data-devel-job12-0-413db07f-797c-48f2-8736-b9eb45b73e28' to executor 'thermos-1450249920003-www-data-devel-job12-0-413db07f-797c-48f2-8736-b9eb45b73e28' of framework 20151216-065938-67108874-5050-4974-0000
I1216 07:12:00.786325  4986 slave.cpp:2508] Handling status update TASK_STARTING (UUID: 829729fb-7864-47b5-b561-23c6681d6c15) for task 1450249920003-www-data-devel-job12-0-413db07f-797c-48f2-8736-b9eb45b73e28 of framework 20151216-065938-67108874-5050-4974-0000 from executor(1)@10.0.0.5:33159
I1216 07:12:00.786485  4984 status_update_manager.cpp:317] Received status update TASK_STARTING (UUID: 829729fb-7864-47b5-b561-23c6681d6c15) for task 1450249920003-www-data-devel-job12-0-413db07f-797c-48f2-8736-b9eb45b73e28 of framework 20151216-065938-67108874-5050-4974-0000
I1216 07:12:00.787490  4984 status_update_manager.hpp:346] Checkpointing UPDATE for status update TASK_STARTING (UUID: 829729fb-7864-47b5-b561-23c6681d6c15) for task 1450249920003-www-data-devel-job12-0-413db07f-797c-48f2-8736-b9eb45b73e28 of framework 20151216-065938-67108874-5050-4974-0000
I1216 07:12:00.791143  4987 slave.cpp:2753] Forwarding the update TASK_STARTING (UUID: 829729fb-7864-47b5-b561-23c6681d6c15) for task 1450249920003-www-data-devel-job12-0-413db07f-797c-48f2-8736-b9eb45b73e28 of framework 20151216-065938-67108874-5050-4974-0000 to master@10.0.0.4:5050
I1216 07:12:00.791250  4987 slave.cpp:2686] Sending acknowledgement for status update TASK_STARTING (UUID: 829729fb-7864-47b5-b561-23c6681d6c15) for task 1450249920003-www-data-devel-job12-0-413db07f-797c-48f2-8736-b9eb45b73e28 of framework 20151216-065938-67108874-5050-4974-0000 to executor(1)@10.0.0.5:33159
I1216 07:12:00.797639  4986 status_update_manager.cpp:389] Received status update acknowledgement (UUID: 829729fb-7864-47b5-b561-23c6681d6c15) for task 1450249920003-www-data-devel-job12-0-413db07f-797c-48f2-8736-b9eb45b73e28 of framework 20151216-065938-67108874-5050-4974-0000
I1216 07:12:00.797698  4986 status_update_manager.hpp:346] Checkpointing ACK for status update TASK_STARTING (UUID: 829729fb-7864-47b5-b561-23c6681d6c15) for task 1450249920003-www-data-devel-job12-0-413db07f-797c-48f2-8736-b9eb45b73e28 of framework 20151216-065938-67108874-5050-4974-0000
I1216 07:12:01.350047  4981 slave.cpp:2508] Handling status update TASK_RUNNING (UUID: 2e98d854-a202-4321-bd3d-e9332d556cda) for task 1450249920003-www-data-devel-job12-0-413db07f-797c-48f2-8736-b9eb45b73e28 of framework 20151216-065938-67108874-5050-4974-0000 from executor(1)@10.0.0.5:33159
I1216 07:12:01.350188  4981 status_update_manager.cpp:317] Received status update TASK_RUNNING (UUID: 2e98d854-a202-4321-bd3d-e9332d556cda) for task 1450249920003-www-data-devel-job12-0-413db07f-797c-48f2-8736-b9eb45b73e28 of framework 20151216-065938-67108874-5050-4974-0000
I1216 07:12:01.350251  4981 status_update_manager.hpp:346] Checkpointing UPDATE for status update TASK_RUNNING (UUID: 2e98d854-a202-4321-bd3d-e9332d556cda) for task 1450249920003-www-data-devel-job12-0-413db07f-797c-48f2-8736-b9eb45b73e28 of framework 20151216-065938-67108874-5050-4974-0000
I1216 07:12:01.353665  4981 slave.cpp:2753] Forwarding the update TASK_RUNNING (UUID: 2e98d854-a202-4321-bd3d-e9332d556cda) for task 1450249920003-www-data-devel-job12-0-413db07f-797c-48f2-8736-b9eb45b73e28 of framework 20151216-065938-67108874-5050-4974-0000 to master@10.0.0.4:5050
I1216 07:12:01.353782  4981 slave.cpp:2686] Sending acknowledgement for status update TASK_RUNNING (UUID: 2e98d854-a202-4321-bd3d-e9332d556cda) for task 1450249920003-www-data-devel-job12-0-413db07f-797c-48f2-8736-b9eb45b73e28 of framework 20151216-065938-67108874-5050-4974-0000 to executor(1)@10.0.0.5:33159
I1216 07:12:01.361927  4983 status_update_manager.cpp:389] Received status update acknowledgement (UUID: 2e98d854-a202-4321-bd3d-e9332d556cda) for task 1450249920003-www-data-devel-job12-0-413db07f-797c-48f2-8736-b9eb45b73e28 of framework 20151216-065938-67108874-5050-4974-0000
I1216 07:12:01.362020  4983 status_update_manager.hpp:346] Checkpointing ACK for status update TASK_RUNNING (UUID: 2e98d854-a202-4321-bd3d-e9332d556cda) for task 1450249920003-www-data-devel-job12-0-413db07f-797c-48f2-8736-b9eb45b73e28 of framework 20151216-065938-67108874-5050-4974-0000
I1216 07:12:02.482763  4989 slave.cpp:2508] Handling status update TASK_FINISHED (UUID: 729b5dce-9c46-451b-8d72-a7b6e73a3191) for task 1450249920003-www-data-devel-job12-0-413db07f-797c-48f2-8736-b9eb45b73e28 of framework 20151216-065938-67108874-5050-4974-0000 from executor(1)@10.0.0.5:33159
I1216 07:12:02.483233  4977 status_update_manager.cpp:317] Received status update TASK_FINISHED (UUID: 729b5dce-9c46-451b-8d72-a7b6e73a3191) for task 1450249920003-www-data-devel-job12-0-413db07f-797c-48f2-8736-b9eb45b73e28 of framework 20151216-065938-67108874-5050-4974-0000
I1216 07:12:02.483278  4977 status_update_manager.hpp:346] Checkpointing UPDATE for status update TASK_FINISHED (UUID: 729b5dce-9c46-451b-8d72-a7b6e73a3191) for task 1450249920003-www-data-devel-job12-0-413db07f-797c-48f2-8736-b9eb45b73e28 of framework 20151216-065938-67108874-5050-4974-0000
I1216 07:12:02.487015  4988 slave.cpp:2753] Forwarding the update TASK_FINISHED (UUID: 729b5dce-9c46-451b-8d72-a7b6e73a3191) for task 1450249920003-www-data-devel-job12-0-413db07f-797c-48f2-8736-b9eb45b73e28 of framework 20151216-065938-67108874-5050-4974-0000 to master@10.0.0.4:5050
I1216 07:12:02.487133  4988 slave.cpp:2686] Sending acknowledgement for status update TASK_FINISHED (UUID: 729b5dce-9c46-451b-8d72-a7b6e73a3191) for task 1450249920003-www-data-devel-job12-0-413db07f-797c-48f2-8736-b9eb45b73e28 of framework 20151216-065938-67108874-5050-4974-0000 to executor(1)@10.0.0.5:33159
I1216 07:12:02.496738  4977 status_update_manager.cpp:389] Received status update acknowledgement (UUID: 729b5dce-9c46-451b-8d72-a7b6e73a3191) for task 1450249920003-www-data-devel-job12-0-413db07f-797c-48f2-8736-b9eb45b73e28 of framework 20151216-065938-67108874-5050-4974-0000
I1216 07:12:02.496770  4977 status_update_manager.hpp:346] Checkpointing ACK for status update TASK_FINISHED (UUID: 729b5dce-9c46-451b-8d72-a7b6e73a3191) for task 1450249920003-www-data-devel-job12-0-413db07f-797c-48f2-8736-b9eb45b73e28 of framework 20151216-065938-67108874-5050-4974-0000
I1216 07:12:03.341686  4977 slave.cpp:1121] Got assigned task 1450249920027-www-data-devel-job6-0-c1bf190a-d60a-4f97-b58c-02a67a2cce88 for framework 20151216-065938-67108874-5050-4974-0000
I1216 07:12:03.341987  4977 slave.cpp:1231] Launching task 1450249920027-www-data-devel-job6-0-c1bf190a-d60a-4f97-b58c-02a67a2cce88 for framework 20151216-065938-67108874-5050-4974-0000
I1216 07:12:03.344627  4977 slave.cpp:4160] Launching executor thermos-1450249920027-www-data-devel-job6-0-c1bf190a-d60a-4f97-b58c-02a67a2cce88 of framework 20151216-065938-67108874-5050-4974-0000 in work directory '/var/lib/mesos/slave/slaves/20151216-065938-67108874-5050-4974-S1/frameworks/20151216-065938-67108874-5050-4974-0000/executors/thermos-1450249920027-www-data-devel-job6-0-c1bf190a-d60a-4f97-b58c-02a67a2cce88/runs/5a9a23e0-ede9-407d-a0d2-7345639dce6e'
I1216 07:12:03.344871  4982 containerizer.cpp:472] Starting container '5a9a23e0-ede9-407d-a0d2-7345639dce6e' for executor 'thermos-1450249920027-www-data-devel-job6-0-c1bf190a-d60a-4f97-b58c-02a67a2cce88' of framework '20151216-065938-67108874-5050-4974-0000'
I1216 07:12:03.346561  4976 launcher.cpp:130] Forked child with pid '16288' for container '5a9a23e0-ede9-407d-a0d2-7345639dce6e'
I1216 07:12:03.346578  4977 slave.cpp:1378] Queuing task '1450249920027-www-data-devel-job6-0-c1bf190a-d60a-4f97-b58c-02a67a2cce88' for executor thermos-1450249920027-www-data-devel-job6-0-c1bf190a-d60a-4f97-b58c-02a67a2cce88 of framework '20151216-065938-67108874-5050-4974-0000
I1216 07:12:03.346810  4976 containerizer.cpp:682] Checkpointing executor's forked pid 16288 to '/var/lib/mesos/slave/meta/slaves/20151216-065938-67108874-5050-4974-S1/frameworks/20151216-065938-67108874-5050-4974-0000/executors/thermos-1450249920027-www-data-devel-job6-0-c1bf190a-d60a-4f97-b58c-02a67a2cce88/runs/5a9a23e0-ede9-407d-a0d2-7345639dce6e/pids/forked.pid'
I1216 07:12:03.350525  4984 fetcher.cpp:238] Fetching URIs using command '/usr/libexec/mesos/mesos-fetcher'
I1216 07:12:03.504326  4983 slave.cpp:3135] Monitoring executor 'thermos-1450249920027-www-data-devel-job6-0-c1bf190a-d60a-4f97-b58c-02a67a2cce88' of framework '20151216-065938-67108874-5050-4974-0000' in container '5a9a23e0-ede9-407d-a0d2-7345639dce6e'
I1216 07:12:03.885470  4983 slave.cpp:2141] Got registration for executor 'thermos-1450249920027-www-data-devel-job6-0-c1bf190a-d60a-4f97-b58c-02a67a2cce88' of framework 20151216-065938-67108874-5050-4974-0000 from executor(1)@10.0.0.5:52341
I1216 07:12:03.886356  4977 slave.cpp:1532] Sending queued task '1450249920027-www-data-devel-job6-0-c1bf190a-d60a-4f97-b58c-02a67a2cce88' to executor 'thermos-1450249920027-www-data-devel-job6-0-c1bf190a-d60a-4f97-b58c-02a67a2cce88' of framework 20151216-065938-67108874-5050-4974-0000
I1216 07:12:03.891628  4991 slave.cpp:2508] Handling status update TASK_STARTING (UUID: 4823abfd-10c0-40af-87b4-e6b3fe286397) for task 1450249920027-www-data-devel-job6-0-c1bf190a-d60a-4f97-b58c-02a67a2cce88 of framework 20151216-065938-67108874-5050-4974-0000 from executor(1)@10.0.0.5:52341
I1216 07:12:03.891779  4981 status_update_manager.cpp:317] Received status update TASK_STARTING (UUID: 4823abfd-10c0-40af-87b4-e6b3fe286397) for task 1450249920027-www-data-devel-job6-0-c1bf190a-d60a-4f97-b58c-02a67a2cce88 of framework 20151216-065938-67108874-5050-4974-0000
I1216 07:12:03.892132  4981 status_update_manager.hpp:346] Checkpointing UPDATE for status update TASK_STARTING (UUID: 4823abfd-10c0-40af-87b4-e6b3fe286397) for task 1450249920027-www-data-devel-job6-0-c1bf190a-d60a-4f97-b58c-02a67a2cce88 of framework 20151216-065938-67108874-5050-4974-0000
I1216 07:12:03.901819  4980 slave.cpp:2753] Forwarding the update TASK_STARTING (UUID: 4823abfd-10c0-40af-87b4-e6b3fe286397) for task 1450249920027-www-data-devel-job6-0-c1bf190a-d60a-4f97-b58c-02a67a2cce88 of framework 20151216-065938-67108874-5050-4974-0000 to master@10.0.0.4:5050
I1216 07:12:03.901932  4980 slave.cpp:2686] Sending acknowledgement for status update TASK_STARTING (UUID: 4823abfd-10c0-40af-87b4-e6b3fe286397) for task 1450249920027-www-data-devel-job6-0-c1bf190a-d60a-4f97-b58c-02a67a2cce88 of framework 20151216-065938-67108874-5050-4974-0000 to executor(1)@10.0.0.5:52341
I1216 07:12:03.910197  4991 status_update_manager.cpp:389] Received status update acknowledgement (UUID: 4823abfd-10c0-40af-87b4-e6b3fe286397) for task 1450249920027-www-data-devel-job6-0-c1bf190a-d60a-4f97-b58c-02a67a2cce88 of framework 20151216-065938-67108874-5050-4974-0000
I1216 07:12:03.910239  4991 status_update_manager.hpp:346] Checkpointing ACK for status update TASK_STARTING (UUID: 4823abfd-10c0-40af-87b4-e6b3fe286397) for task 1450249920027-www-data-devel-job6-0-c1bf190a-d60a-4f97-b58c-02a67a2cce88 of framework 20151216-065938-67108874-5050-4974-0000
I1216 07:12:04.454668  4991 slave.cpp:2508] Handling status update TASK_RUNNING (UUID: 6ee722f2-ba42-4b04-8662-5ecf38824fa3) for task 1450249920027-www-data-devel-job6-0-c1bf190a-d60a-4f97-b58c-02a67a2cce88 of framework 20151216-065938-67108874-5050-4974-0000 from executor(1)@10.0.0.5:52341
I1216 07:12:04.454850  4986 status_update_manager.cpp:317] Received status update TASK_RUNNING (UUID: 6ee722f2-ba42-4b04-8662-5ecf38824fa3) for task 1450249920027-www-data-devel-job6-0-c1bf190a-d60a-4f97-b58c-02a67a2cce88 of framework 20151216-065938-67108874-5050-4974-0000
I1216 07:12:04.454922  4986 status_update_manager.hpp:346] Checkpointing UPDATE for status update TASK_RUNNING (UUID: 6ee722f2-ba42-4b04-8662-5ecf38824fa3) for task 1450249920027-www-data-devel-job6-0-c1bf190a-d60a-4f97-b58c-02a67a2cce88 of framework 20151216-065938-67108874-5050-4974-0000
I1216 07:12:04.458632  4988 slave.cpp:2753] Forwarding the update TASK_RUNNING (UUID: 6ee722f2-ba42-4b04-8662-5ecf38824fa3) for task 1450249920027-www-data-devel-job6-0-c1bf190a-d60a-4f97-b58c-02a67a2cce88 of framework 20151216-065938-67108874-5050-4974-0000 to master@10.0.0.4:5050
I1216 07:12:04.458755  4988 slave.cpp:2686] Sending acknowledgement for status update TASK_RUNNING (UUID: 6ee722f2-ba42-4b04-8662-5ecf38824fa3) for task 1450249920027-www-data-devel-job6-0-c1bf190a-d60a-4f97-b58c-02a67a2cce88 of framework 20151216-065938-67108874-5050-4974-0000 to executor(1)@10.0.0.5:52341
I1216 07:12:04.466198  4983 status_update_manager.cpp:389] Received status update acknowledgement (UUID: 6ee722f2-ba42-4b04-8662-5ecf38824fa3) for task 1450249920027-www-data-devel-job6-0-c1bf190a-d60a-4f97-b58c-02a67a2cce88 of framework 20151216-065938-67108874-5050-4974-0000
I1216 07:12:04.466259  4983 status_update_manager.hpp:346] Checkpointing ACK for status update TASK_RUNNING (UUID: 6ee722f2-ba42-4b04-8662-5ecf38824fa3) for task 1450249920027-www-data-devel-job6-0-c1bf190a-d60a-4f97-b58c-02a67a2cce88 of framework 20151216-065938-67108874-5050-4974-0000
I1216 07:12:06.585242  4983 slave.cpp:2508] Handling status update TASK_FINISHED (UUID: 8e3a9952-51ed-454a-9ac0-ad4ff8e796a7) for task 1450249920027-www-data-devel-job6-0-c1bf190a-d60a-4f97-b58c-02a67a2cce88 of framework 20151216-065938-67108874-5050-4974-0000 from executor(1)@10.0.0.5:52341
I1216 07:12:06.585790  4976 status_update_manager.cpp:317] Received status update TASK_FINISHED (UUID: 8e3a9952-51ed-454a-9ac0-ad4ff8e796a7) for task 1450249920027-www-data-devel-job6-0-c1bf190a-d60a-4f97-b58c-02a67a2cce88 of framework 20151216-065938-67108874-5050-4974-0000
I1216 07:12:06.585842  4976 status_update_manager.hpp:346] Checkpointing UPDATE for status update TASK_FINISHED (UUID: 8e3a9952-51ed-454a-9ac0-ad4ff8e796a7) for task 1450249920027-www-data-devel-job6-0-c1bf190a-d60a-4f97-b58c-02a67a2cce88 of framework 20151216-065938-67108874-5050-4974-0000
I1216 07:12:06.589792  4989 slave.cpp:2753] Forwarding the update TASK_FINISHED (UUID: 8e3a9952-51ed-454a-9ac0-ad4ff8e796a7) for task 1450249920027-www-data-devel-job6-0-c1bf190a-d60a-4f97-b58c-02a67a2cce88 of framework 20151216-065938-67108874-5050-4974-0000 to master@10.0.0.4:5050
I1216 07:12:06.589939  4989 slave.cpp:2686] Sending acknowledgement for status update TASK_FINISHED (UUID: 8e3a9952-51ed-454a-9ac0-ad4ff8e796a7) for task 1450249920027-www-data-devel-job6-0-c1bf190a-d60a-4f97-b58c-02a67a2cce88 of framework 20151216-065938-67108874-5050-4974-0000 to executor(1)@10.0.0.5:52341
I1216 07:12:06.598399  4976 status_update_manager.cpp:389] Received status update acknowledgement (UUID: 8e3a9952-51ed-454a-9ac0-ad4ff8e796a7) for task 1450249920027-www-data-devel-job6-0-c1bf190a-d60a-4f97-b58c-02a67a2cce88 of framework 20151216-065938-67108874-5050-4974-0000
I1216 07:12:06.598428  4976 status_update_manager.hpp:346] Checkpointing ACK for status update TASK_FINISHED (UUID: 8e3a9952-51ed-454a-9ac0-ad4ff8e796a7) for task 1450249920027-www-data-devel-job6-0-c1bf190a-d60a-4f97-b58c-02a67a2cce88 of framework 20151216-065938-67108874-5050-4974-0000
I1216 07:12:06.915829  4982 slave.cpp:1121] Got assigned task 1450249920397-www-data-devel-job14-0-476f285c-e49a-43d7-8ab3-4df0b86d147b for framework 20151216-065938-67108874-5050-4974-0000
I1216 07:12:06.916110  4982 slave.cpp:1231] Launching task 1450249920397-www-data-devel-job14-0-476f285c-e49a-43d7-8ab3-4df0b86d147b for framework 20151216-065938-67108874-5050-4974-0000
I1216 07:12:06.918331  4982 slave.cpp:4160] Launching executor thermos-1450249920397-www-data-devel-job14-0-476f285c-e49a-43d7-8ab3-4df0b86d147b of framework 20151216-065938-67108874-5050-4974-0000 in work directory '/var/lib/mesos/slave/slaves/20151216-065938-67108874-5050-4974-S1/frameworks/20151216-065938-67108874-5050-4974-0000/executors/thermos-1450249920397-www-data-devel-job14-0-476f285c-e49a-43d7-8ab3-4df0b86d147b/runs/05adc426-d572-44ba-8ff3-97a1f53e8a60'
I1216 07:12:06.918588  4986 containerizer.cpp:472] Starting container '05adc426-d572-44ba-8ff3-97a1f53e8a60' for executor 'thermos-1450249920397-www-data-devel-job14-0-476f285c-e49a-43d7-8ab3-4df0b86d147b' of framework '20151216-065938-67108874-5050-4974-0000'
I1216 07:12:06.922890  4982 slave.cpp:1378] Queuing task '1450249920397-www-data-devel-job14-0-476f285c-e49a-43d7-8ab3-4df0b86d147b' for executor thermos-1450249920397-www-data-devel-job14-0-476f285c-e49a-43d7-8ab3-4df0b86d147b of framework '20151216-065938-67108874-5050-4974-0000
I1216 07:12:06.924119  4979 launcher.cpp:130] Forked child with pid '16345' for container '05adc426-d572-44ba-8ff3-97a1f53e8a60'
I1216 07:12:06.924391  4979 containerizer.cpp:682] Checkpointing executor's forked pid 16345 to '/var/lib/mesos/slave/meta/slaves/20151216-065938-67108874-5050-4974-S1/frameworks/20151216-065938-67108874-5050-4974-0000/executors/thermos-1450249920397-www-data-devel-job14-0-476f285c-e49a-43d7-8ab3-4df0b86d147b/runs/05adc426-d572-44ba-8ff3-97a1f53e8a60/pids/forked.pid'
I1216 07:12:06.928479  4978 fetcher.cpp:238] Fetching URIs using command '/usr/libexec/mesos/mesos-fetcher'
I1216 07:12:07.019850  4981 slave.cpp:3135] Monitoring executor 'thermos-1450249920397-www-data-devel-job14-0-476f285c-e49a-43d7-8ab3-4df0b86d147b' of framework '20151216-065938-67108874-5050-4974-0000' in container '05adc426-d572-44ba-8ff3-97a1f53e8a60'
I1216 07:12:07.399637  4987 slave.cpp:2141] Got registration for executor 'thermos-1450249920397-www-data-devel-job14-0-476f285c-e49a-43d7-8ab3-4df0b86d147b' of framework 20151216-065938-67108874-5050-4974-0000 from executor(1)@10.0.0.5:51245
I1216 07:12:07.400569  4990 slave.cpp:1532] Sending queued task '1450249920397-www-data-devel-job14-0-476f285c-e49a-43d7-8ab3-4df0b86d147b' to executor 'thermos-1450249920397-www-data-devel-job14-0-476f285c-e49a-43d7-8ab3-4df0b86d147b' of framework 20151216-065938-67108874-5050-4974-0000
I1216 07:12:07.406152  4976 slave.cpp:2508] Handling status update TASK_STARTING (UUID: d2236674-36cd-4468-844b-91a07e97cafb) for task 1450249920397-www-data-devel-job14-0-476f285c-e49a-43d7-8ab3-4df0b86d147b of framework 20151216-065938-67108874-5050-4974-0000 from executor(1)@10.0.0.5:51245
I1216 07:12:07.406321  4991 status_update_manager.cpp:317] Received status update TASK_STARTING (UUID: d2236674-36cd-4468-844b-91a07e97cafb) for task 1450249920397-www-data-devel-job14-0-476f285c-e49a-43d7-8ab3-4df0b86d147b of framework 20151216-065938-67108874-5050-4974-0000
I1216 07:12:07.406675  4991 status_update_manager.hpp:346] Checkpointing UPDATE for status update TASK_STARTING (UUID: d2236674-36cd-4468-844b-91a07e97cafb) for task 1450249920397-www-data-devel-job14-0-476f285c-e49a-43d7-8ab3-4df0b86d147b of framework 20151216-065938-67108874-5050-4974-0000
I1216 07:12:07.521917  4986 containerizer.cpp:1111] Executor for container 'f22abf6f-593c-42b0-ab76-f9255c0d087f' has exited
I1216 07:12:07.521982  4986 containerizer.cpp:906] Destroying container 'f22abf6f-593c-42b0-ab76-f9255c0d087f'
I1216 07:12:07.523145  4985 slave.cpp:3193] Executor 'thermos-1450249920003-www-data-devel-job12-0-413db07f-797c-48f2-8736-b9eb45b73e28' of framework 20151216-065938-67108874-5050-4974-0000 exited with status 0
I1216 07:12:07.523300  4985 slave.cpp:3302] Cleaning up executor 'thermos-1450249920003-www-data-devel-job12-0-413db07f-797c-48f2-8736-b9eb45b73e28' of framework 20151216-065938-67108874-5050-4974-0000
I1216 07:12:07.523495  4988 gc.cpp:56] Scheduling '/var/lib/mesos/slave/slaves/20151216-065938-67108874-5050-4974-S1/frameworks/20151216-065938-67108874-5050-4974-0000/executors/thermos-1450249920003-www-data-devel-job12-0-413db07f-797c-48f2-8736-b9eb45b73e28/runs/f22abf6f-593c-42b0-ab76-f9255c0d087f' for gc 6.99999394150518days in the future
I1216 07:12:07.523542  4988 gc.cpp:56] Scheduling '/var/lib/mesos/slave/slaves/20151216-065938-67108874-5050-4974-S1/frameworks/20151216-065938-67108874-5050-4974-0000/executors/thermos-1450249920003-www-data-devel-job12-0-413db07f-797c-48f2-8736-b9eb45b73e28' for gc 6.9999939409837days in the future
I1216 07:12:07.523564  4988 gc.cpp:56] Scheduling '/var/lib/mesos/slave/meta/slaves/20151216-065938-67108874-5050-4974-S1/frameworks/20151216-065938-67108874-5050-4974-0000/executors/thermos-1450249920003-www-data-devel-job12-0-413db07f-797c-48f2-8736-b9eb45b73e28/runs/f22abf6f-593c-42b0-ab76-f9255c0d087f' for gc 6.99999394064593days in the future
I1216 07:12:07.523589  4988 gc.cpp:56] Scheduling '/var/lib/mesos/slave/meta/slaves/20151216-065938-67108874-5050-4974-S1/frameworks/20151216-065938-67108874-5050-4974-0000/executors/thermos-1450249920003-www-data-devel-job12-0-413db07f-797c-48f2-8736-b9eb45b73e28' for gc 6.99999394038222days in the future
I1216 07:12:07.666545  4984 slave.cpp:2753] Forwarding the update TASK_STARTING (UUID: d2236674-36cd-4468-844b-91a07e97cafb) for task 1450249920397-www-data-devel-job14-0-476f285c-e49a-43d7-8ab3-4df0b86d147b of framework 20151216-065938-67108874-5050-4974-0000 to master@10.0.0.4:5050
I1216 07:12:07.666705  4984 slave.cpp:2686] Sending acknowledgement for status update TASK_STARTING (UUID: d2236674-36cd-4468-844b-91a07e97cafb) for task 1450249920397-www-data-devel-job14-0-476f285c-e49a-43d7-8ab3-4df0b86d147b of framework 20151216-065938-67108874-5050-4974-0000 to executor(1)@10.0.0.5:51245
I1216 07:12:07.673827  4976 status_update_manager.cpp:389] Received status update acknowledgement (UUID: d2236674-36cd-4468-844b-91a07e97cafb) for task 1450249920397-www-data-devel-job14-0-476f285c-e49a-43d7-8ab3-4df0b86d147b of framework 20151216-065938-67108874-5050-4974-0000
I1216 07:12:07.673861  4976 status_update_manager.hpp:346] Checkpointing ACK for status update TASK_STARTING (UUID: d2236674-36cd-4468-844b-91a07e97cafb) for task 1450249920397-www-data-devel-job14-0-476f285c-e49a-43d7-8ab3-4df0b86d147b of framework 20151216-065938-67108874-5050-4974-0000
I1216 07:12:07.970459  4987 slave.cpp:2508] Handling status update TASK_RUNNING (UUID: d9a50d00-a9bb-4f27-b4c8-7a2813656214) for task 1450249920397-www-data-devel-job14-0-476f285c-e49a-43d7-8ab3-4df0b86d147b of framework 20151216-065938-67108874-5050-4974-0000 from executor(1)@10.0.0.5:51245
I1216 07:12:07.970618  4991 status_update_manager.cpp:317] Received status update TASK_RUNNING (UUID: d9a50d00-a9bb-4f27-b4c8-7a2813656214) for task 1450249920397-www-data-devel-job14-0-476f285c-e49a-43d7-8ab3-4df0b86d147b of framework 20151216-065938-67108874-5050-4974-0000
I1216 07:12:07.970690  4991 status_update_manager.hpp:346] Checkpointing UPDATE for status update TASK_RUNNING (UUID: d9a50d00-a9bb-4f27-b4c8-7a2813656214) for task 1450249920397-www-data-devel-job14-0-476f285c-e49a-43d7-8ab3-4df0b86d147b of framework 20151216-065938-67108874-5050-4974-0000
I1216 07:12:07.974234  4987 slave.cpp:2753] Forwarding the update TASK_RUNNING (UUID: d9a50d00-a9bb-4f27-b4c8-7a2813656214) for task 1450249920397-www-data-devel-job14-0-476f285c-e49a-43d7-8ab3-4df0b86d147b of framework 20151216-065938-67108874-5050-4974-0000 to master@10.0.0.4:5050
I1216 07:12:07.974347  4987 slave.cpp:2686] Sending acknowledgement for status update TASK_RUNNING (UUID: d9a50d00-a9bb-4f27-b4c8-7a2813656214) for task 1450249920397-www-data-devel-job14-0-476f285c-e49a-43d7-8ab3-4df0b86d147b of framework 20151216-065938-67108874-5050-4974-0000 to executor(1)@10.0.0.5:51245
I1216 07:12:07.982486  4989 status_update_manager.cpp:389] Received status update acknowledgement (UUID: d9a50d00-a9bb-4f27-b4c8-7a2813656214) for task 1450249920397-www-data-devel-job14-0-476f285c-e49a-43d7-8ab3-4df0b86d147b of framework 20151216-065938-67108874-5050-4974-0000
I1216 07:12:07.982522  4989 status_update_manager.hpp:346] Checkpointing ACK for status update TASK_RUNNING (UUID: d9a50d00-a9bb-4f27-b4c8-7a2813656214) for task 1450249920397-www-data-devel-job14-0-476f285c-e49a-43d7-8ab3-4df0b86d147b of framework 20151216-065938-67108874-5050-4974-0000
I1216 07:12:09.101714  4978 slave.cpp:2508] Handling status update TASK_FINISHED (UUID: fdf90061-6bb3-415e-9413-f89d8e215e1d) for task 1450249920397-www-data-devel-job14-0-476f285c-e49a-43d7-8ab3-4df0b86d147b of framework 20151216-065938-67108874-5050-4974-0000 from executor(1)@10.0.0.5:51245
I1216 07:12:09.102753  4987 status_update_manager.cpp:317] Received status update TASK_FINISHED (UUID: fdf90061-6bb3-415e-9413-f89d8e215e1d) for task 1450249920397-www-data-devel-job14-0-476f285c-e49a-43d7-8ab3-4df0b86d147b of framework 20151216-065938-67108874-5050-4974-0000
I1216 07:12:09.102819  4987 status_update_manager.hpp:346] Checkpointing UPDATE for status update TASK_FINISHED (UUID: fdf90061-6bb3-415e-9413-f89d8e215e1d) for task 1450249920397-www-data-devel-job14-0-476f285c-e49a-43d7-8ab3-4df0b86d147b of framework 20151216-065938-67108874-5050-4974-0000
I1216 07:12:09.106915  4978 slave.cpp:2753] Forwarding the update TASK_FINISHED (UUID: fdf90061-6bb3-415e-9413-f89d8e215e1d) for task 1450249920397-www-data-devel-job14-0-476f285c-e49a-43d7-8ab3-4df0b86d147b of framework 20151216-065938-67108874-5050-4974-0000 to master@10.0.0.4:5050
I1216 07:12:09.107102  4978 slave.cpp:2686] Sending acknowledgement for status update TASK_FINISHED (UUID: fdf90061-6bb3-415e-9413-f89d8e215e1d) for task 1450249920397-www-data-devel-job14-0-476f285c-e49a-43d7-8ab3-4df0b86d147b of framework 20151216-065938-67108874-5050-4974-0000 to executor(1)@10.0.0.5:51245
I1216 07:12:09.117183  4987 status_update_manager.cpp:389] Received status update acknowledgement (UUID: fdf90061-6bb3-415e-9413-f89d8e215e1d) for task 1450249920397-www-data-devel-job14-0-476f285c-e49a-43d7-8ab3-4df0b86d147b of framework 20151216-065938-67108874-5050-4974-0000
I1216 07:12:09.117225  4987 status_update_manager.hpp:346] Checkpointing ACK for status update TASK_FINISHED (UUID: fdf90061-6bb3-415e-9413-f89d8e215e1d) for task 1450249920397-www-data-devel-job14-0-476f285c-e49a-43d7-8ab3-4df0b86d147b of framework 20151216-065938-67108874-5050-4974-0000
I1216 07:12:09.561092  4984 slave.cpp:1121] Got assigned task 1450249920085-www-data-devel-job22-0-37463053-fc34-405f-81ae-3da8883957d4 for framework 20151216-065938-67108874-5050-4974-0000
I1216 07:12:09.561501  4984 slave.cpp:1231] Launching task 1450249920085-www-data-devel-job22-0-37463053-fc34-405f-81ae-3da8883957d4 for framework 20151216-065938-67108874-5050-4974-0000
I1216 07:12:09.566185  4984 slave.cpp:4160] Launching executor thermos-1450249920085-www-data-devel-job22-0-37463053-fc34-405f-81ae-3da8883957d4 of framework 20151216-065938-67108874-5050-4974-0000 in work directory '/var/lib/mesos/slave/slaves/20151216-065938-67108874-5050-4974-S1/frameworks/20151216-065938-67108874-5050-4974-0000/executors/thermos-1450249920085-www-data-devel-job22-0-37463053-fc34-405f-81ae-3da8883957d4/runs/0bd3a4a6-8493-424c-b426-39c0547b63ad'
I1216 07:12:09.566390  4980 containerizer.cpp:472] Starting container '0bd3a4a6-8493-424c-b426-39c0547b63ad' for executor 'thermos-1450249920085-www-data-devel-job22-0-37463053-fc34-405f-81ae-3da8883957d4' of framework '20151216-065938-67108874-5050-4974-0000'
I1216 07:12:09.567921  4984 slave.cpp:1378] Queuing task '1450249920085-www-data-devel-job22-0-37463053-fc34-405f-81ae-3da8883957d4' for executor thermos-1450249920085-www-data-devel-job22-0-37463053-fc34-405f-81ae-3da8883957d4 of framework '20151216-065938-67108874-5050-4974-0000
I1216 07:12:09.567953  4980 launcher.cpp:130] Forked child with pid '16402' for container '0bd3a4a6-8493-424c-b426-39c0547b63ad'
I1216 07:12:09.568265  4980 containerizer.cpp:682] Checkpointing executor's forked pid 16402 to '/var/lib/mesos/slave/meta/slaves/20151216-065938-67108874-5050-4974-S1/frameworks/20151216-065938-67108874-5050-4974-0000/executors/thermos-1450249920085-www-data-devel-job22-0-37463053-fc34-405f-81ae-3da8883957d4/runs/0bd3a4a6-8493-424c-b426-39c0547b63ad/pids/forked.pid'
I1216 07:12:09.571967  4985 fetcher.cpp:238] Fetching URIs using command '/usr/libexec/mesos/mesos-fetcher'
I1216 07:12:09.633733  4979 slave.cpp:3135] Monitoring executor 'thermos-1450249920085-www-data-devel-job22-0-37463053-fc34-405f-81ae-3da8883957d4' of framework '20151216-065938-67108874-5050-4974-0000' in container '0bd3a4a6-8493-424c-b426-39c0547b63ad'
I1216 07:12:10.029027  4984 slave.cpp:2141] Got registration for executor 'thermos-1450249920085-www-data-devel-job22-0-37463053-fc34-405f-81ae-3da8883957d4' of framework 20151216-065938-67108874-5050-4974-0000 from executor(1)@10.0.0.5:33289
I1216 07:12:10.030009  4988 slave.cpp:1532] Sending queued task '1450249920085-www-data-devel-job22-0-37463053-fc34-405f-81ae-3da8883957d4' to executor 'thermos-1450249920085-www-data-devel-job22-0-37463053-fc34-405f-81ae-3da8883957d4' of framework 20151216-065938-67108874-5050-4974-0000
I1216 07:12:10.035750  4987 slave.cpp:2508] Handling status update TASK_STARTING (UUID: fb4ecbc7-8a2c-4fd1-81e1-549af605db5a) for task 1450249920085-www-data-devel-job22-0-37463053-fc34-405f-81ae-3da8883957d4 of framework 20151216-065938-67108874-5050-4974-0000 from executor(1)@10.0.0.5:33289
I1216 07:12:10.035892  4987 status_update_manager.cpp:317] Received status update TASK_STARTING (UUID: fb4ecbc7-8a2c-4fd1-81e1-549af605db5a) for task 1450249920085-www-data-devel-job22-0-37463053-fc34-405f-81ae-3da8883957d4 of framework 20151216-065938-67108874-5050-4974-0000
I1216 07:12:10.036319  4987 status_update_manager.hpp:346] Checkpointing UPDATE for status update TASK_STARTING (UUID: fb4ecbc7-8a2c-4fd1-81e1-549af605db5a) for task 1450249920085-www-data-devel-job22-0-37463053-fc34-405f-81ae-3da8883957d4 of framework 20151216-065938-67108874-5050-4974-0000
I1216 07:12:10.040022  4982 slave.cpp:2753] Forwarding the update TASK_STARTING (UUID: fb4ecbc7-8a2c-4fd1-81e1-549af605db5a) for task 1450249920085-www-data-devel-job22-0-37463053-fc34-405f-81ae-3da8883957d4 of framework 20151216-065938-67108874-5050-4974-0000 to master@10.0.0.4:5050
I1216 07:12:10.040161  4982 slave.cpp:2686] Sending acknowledgement for status update TASK_STARTING (UUID: fb4ecbc7-8a2c-4fd1-81e1-549af605db5a) for task 1450249920085-www-data-devel-job22-0-37463053-fc34-405f-81ae-3da8883957d4 of framework 20151216-065938-67108874-5050-4974-0000 to executor(1)@10.0.0.5:33289
I1216 07:12:10.047992  4990 status_update_manager.cpp:389] Received status update acknowledgement (UUID: fb4ecbc7-8a2c-4fd1-81e1-549af605db5a) for task 1450249920085-www-data-devel-job22-0-37463053-fc34-405f-81ae-3da8883957d4 of framework 20151216-065938-67108874-5050-4974-0000
I1216 07:12:10.048022  4990 status_update_manager.hpp:346] Checkpointing ACK for status update TASK_STARTING (UUID: fb4ecbc7-8a2c-4fd1-81e1-549af605db5a) for task 1450249920085-www-data-devel-job22-0-37463053-fc34-405f-81ae-3da8883957d4 of framework 20151216-065938-67108874-5050-4974-0000
I1216 07:12:10.599347  4983 slave.cpp:2508] Handling status update TASK_RUNNING (UUID: c2627329-6510-41f4-ab16-a096b7c1498d) for task 1450249920085-www-data-devel-job22-0-37463053-fc34-405f-81ae-3da8883957d4 of framework 20151216-065938-67108874-5050-4974-0000 from executor(1)@10.0.0.5:33289
I1216 07:12:10.599504  4979 status_update_manager.cpp:317] Received status update TASK_RUNNING (UUID: c2627329-6510-41f4-ab16-a096b7c1498d) for task 1450249920085-www-data-devel-job22-0-37463053-fc34-405f-81ae-3da8883957d4 of framework 20151216-065938-67108874-5050-4974-0000
I1216 07:12:10.599577  4979 status_update_manager.hpp:346] Checkpointing UPDATE for status update TASK_RUNNING (UUID: c2627329-6510-41f4-ab16-a096b7c1498d) for task 1450249920085-www-data-devel-job22-0-37463053-fc34-405f-81ae-3da8883957d4 of framework 20151216-065938-67108874-5050-4974-0000
I1216 07:12:10.606508  4980 slave.cpp:2753] Forwarding the update TASK_RUNNING (UUID: c2627329-6510-41f4-ab16-a096b7c1498d) for task 1450249920085-www-data-devel-job22-0-37463053-fc34-405f-81ae-3da8883957d4 of framework 20151216-065938-67108874-5050-4974-0000 to master@10.0.0.4:5050
I1216 07:12:10.606636  4980 slave.cpp:2686] Sending acknowledgement for status update TASK_RUNNING (UUID: c2627329-6510-41f4-ab16-a096b7c1498d) for task 1450249920085-www-data-devel-job22-0-37463053-fc34-405f-81ae-3da8883957d4 of framework 20151216-065938-67108874-5050-4974-0000 to executor(1)@10.0.0.5:33289
I1216 07:12:10.615414  4983 status_update_manager.cpp:389] Received status update acknowledgement (UUID: c2627329-6510-41f4-ab16-a096b7c1498d) for task 1450249920085-www-data-devel-job22-0-37463053-fc34-405f-81ae-3da8883957d4 of framework 20151216-065938-67108874-5050-4974-0000
I1216 07:12:10.615483  4983 status_update_manager.hpp:346] Checkpointing ACK for status update TASK_RUNNING (UUID: c2627329-6510-41f4-ab16-a096b7c1498d) for task 1450249920085-www-data-devel-job22-0-37463053-fc34-405f-81ae-3da8883957d4 of framework 20151216-065938-67108874-5050-4974-0000
I1216 07:12:11.644145  4986 containerizer.cpp:1111] Executor for container '5a9a23e0-ede9-407d-a0d2-7345639dce6e' has exited
I1216 07:12:11.644229  4986 containerizer.cpp:906] Destroying container '5a9a23e0-ede9-407d-a0d2-7345639dce6e'
I1216 07:12:11.645766  4981 slave.cpp:3193] Executor 'thermos-1450249920027-www-data-devel-job6-0-c1bf190a-d60a-4f97-b58c-02a67a2cce88' of framework 20151216-065938-67108874-5050-4974-0000 exited with status 0
I1216 07:12:11.645923  4981 slave.cpp:3302] Cleaning up executor 'thermos-1450249920027-www-data-devel-job6-0-c1bf190a-d60a-4f97-b58c-02a67a2cce88' of framework 20151216-065938-67108874-5050-4974-0000
I1216 07:12:11.646265  4989 gc.cpp:56] Scheduling '/var/lib/mesos/slave/slaves/20151216-065938-67108874-5050-4974-S1/frameworks/20151216-065938-67108874-5050-4974-0000/executors/thermos-1450249920027-www-data-devel-job6-0-c1bf190a-d60a-4f97-b58c-02a67a2cce88/runs/5a9a23e0-ede9-407d-a0d2-7345639dce6e' for gc 6.99999252068148days in the future
I1216 07:12:11.646320  4989 gc.cpp:56] Scheduling '/var/lib/mesos/slave/slaves/20151216-065938-67108874-5050-4974-S1/frameworks/20151216-065938-67108874-5050-4974-0000/executors/thermos-1450249920027-www-data-devel-job6-0-c1bf190a-d60a-4f97-b58c-02a67a2cce88' for gc 6.99999251987259days in the future
I1216 07:12:11.646342  4989 gc.cpp:56] Scheduling '/var/lib/mesos/slave/meta/slaves/20151216-065938-67108874-5050-4974-S1/frameworks/20151216-065938-67108874-5050-4974-0000/executors/thermos-1450249920027-www-data-devel-job6-0-c1bf190a-d60a-4f97-b58c-02a67a2cce88/runs/5a9a23e0-ede9-407d-a0d2-7345639dce6e' for gc 6.99999251928296days in the future
I1216 07:12:11.646378  4989 gc.cpp:56] Scheduling '/var/lib/mesos/slave/meta/slaves/20151216-065938-67108874-5050-4974-S1/frameworks/20151216-065938-67108874-5050-4974-0000/executors/thermos-1450249920027-www-data-devel-job6-0-c1bf190a-d60a-4f97-b58c-02a67a2cce88' for gc 6.99999251894519days in the future
I1216 07:12:14.156131  4986 containerizer.cpp:1111] Executor for container '05adc426-d572-44ba-8ff3-97a1f53e8a60' has exited
I1216 07:12:14.156224  4986 containerizer.cpp:906] Destroying container '05adc426-d572-44ba-8ff3-97a1f53e8a60'
I1216 07:12:14.158048  4979 slave.cpp:3193] Executor 'thermos-1450249920397-www-data-devel-job14-0-476f285c-e49a-43d7-8ab3-4df0b86d147b' of framework 20151216-065938-67108874-5050-4974-0000 exited with status 0
I1216 07:12:14.158210  4979 slave.cpp:3302] Cleaning up executor 'thermos-1450249920397-www-data-devel-job14-0-476f285c-e49a-43d7-8ab3-4df0b86d147b' of framework 20151216-065938-67108874-5050-4974-0000
I1216 07:12:14.158541  4986 gc.cpp:56] Scheduling '/var/lib/mesos/slave/slaves/20151216-065938-67108874-5050-4974-S1/frameworks/20151216-065938-67108874-5050-4974-0000/executors/thermos-1450249920397-www-data-devel-job14-0-476f285c-e49a-43d7-8ab3-4df0b86d147b/runs/05adc426-d572-44ba-8ff3-97a1f53e8a60' for gc 6.99999816565926days in the future
I1216 07:12:14.158664  4986 gc.cpp:56] Scheduling '/var/lib/mesos/slave/slaves/20151216-065938-67108874-5050-4974-S1/frameworks/20151216-065938-67108874-5050-4974-0000/executors/thermos-1450249920397-www-data-devel-job14-0-476f285c-e49a-43d7-8ab3-4df0b86d147b' for gc 6.99999816466667days in the future
I1216 07:12:14.158704  4986 gc.cpp:56] Scheduling '/var/lib/mesos/slave/meta/slaves/20151216-065938-67108874-5050-4974-S1/frameworks/20151216-065938-67108874-5050-4974-0000/executors/thermos-1450249920397-www-data-devel-job14-0-476f285c-e49a-43d7-8ab3-4df0b86d147b/runs/05adc426-d572-44ba-8ff3-97a1f53e8a60' for gc 6.99999816384296days in the future
I1216 07:12:14.158726  4986 gc.cpp:56] Scheduling '/var/lib/mesos/slave/meta/slaves/20151216-065938-67108874-5050-4974-S1/frameworks/20151216-065938-67108874-5050-4974-0000/executors/thermos-1450249920397-www-data-devel-job14-0-476f285c-e49a-43d7-8ab3-4df0b86d147b' for gc 6.99999816324148days in the future
