I1216 07:12:14.736058  4982 slave.cpp:2508] Handling status update TASK_FINISHED (UUID: 73f0bfff-0cec-4563-bea5-542a1397f0d4) for task 1450249920085-www-data-devel-job22-0-37463053-fc34-405f-81ae-3da8883957d4 of framework 20151216-065938-67108874-5050-4974-0000 from executor(1)@10.0.0.5:33289
I1216 07:12:14.736672  4989 status_update_manager.cpp:317] Received status update TASK_FINISHED (UUID: 73f0bfff-0cec-4563-bea5-542a1397f0d4) for task 1450249920085-www-data-devel-job22-0-37463053-fc34-405f-81ae-3da8883957d4 of framework 20151216-065938-67108874-5050-4974-0000
I1216 07:12:14.736713  4989 status_update_manager.hpp:346] Checkpointing UPDATE for status update TASK_FINISHED (UUID: 73f0bfff-0cec-4563-bea5-542a1397f0d4) for task 1450249920085-www-data-devel-job22-0-37463053-fc34-405f-81ae-3da8883957d4 of framework 20151216-065938-67108874-5050-4974-0000
I1216 07:12:14.740443  4990 slave.cpp:2753] Forwarding the update TASK_FINISHED (UUID: 73f0bfff-0cec-4563-bea5-542a1397f0d4) for task 1450249920085-www-data-devel-job22-0-37463053-fc34-405f-81ae-3da8883957d4 of framework 20151216-065938-67108874-5050-4974-0000 to master@10.0.0.4:5050
I1216 07:12:14.740537  4990 slave.cpp:2686] Sending acknowledgement for status update TASK_FINISHED (UUID: 73f0bfff-0cec-4563-bea5-542a1397f0d4) for task 1450249920085-www-data-devel-job22-0-37463053-fc34-405f-81ae-3da8883957d4 of framework 20151216-065938-67108874-5050-4974-0000 to executor(1)@10.0.0.5:33289
I1216 07:12:14.748191  4987 status_update_manager.cpp:389] Received status update acknowledgement (UUID: 73f0bfff-0cec-4563-bea5-542a1397f0d4) for task 1450249920085-www-data-devel-job22-0-37463053-fc34-405f-81ae-3da8883957d4 of framework 20151216-065938-67108874-5050-4974-0000
I1216 07:12:14.748265  4987 status_update_manager.hpp:346] Checkpointing ACK for status update TASK_FINISHED (UUID: 73f0bfff-0cec-4563-bea5-542a1397f0d4) for task 1450249920085-www-data-devel-job22-0-37463053-fc34-405f-81ae-3da8883957d4 of framework 20151216-065938-67108874-5050-4974-0000
I1216 07:12:17.804553  4982 slave.cpp:1121] Got assigned task 1450249920067-www-data-devel-job25-0-093a8497-4748-449d-a55e-b735d65d00fd for framework 20151216-065938-67108874-5050-4974-0000
I1216 07:12:17.804895  4982 slave.cpp:1231] Launching task 1450249920067-www-data-devel-job25-0-093a8497-4748-449d-a55e-b735d65d00fd for framework 20151216-065938-67108874-5050-4974-0000
I1216 07:12:17.809334  4982 slave.cpp:4160] Launching executor thermos-1450249920067-www-data-devel-job25-0-093a8497-4748-449d-a55e-b735d65d00fd of framework 20151216-065938-67108874-5050-4974-0000 in work directory '/var/lib/mesos/slave/slaves/20151216-065938-67108874-5050-4974-S1/frameworks/20151216-065938-67108874-5050-4974-0000/executors/thermos-1450249920067-www-data-devel-job25-0-093a8497-4748-449d-a55e-b735d65d00fd/runs/9ef74da2-5135-4518-8c04-99dcf08b633d'
I1216 07:12:17.809547  4991 containerizer.cpp:472] Starting container '9ef74da2-5135-4518-8c04-99dcf08b633d' for executor 'thermos-1450249920067-www-data-devel-job25-0-093a8497-4748-449d-a55e-b735d65d00fd' of framework '20151216-065938-67108874-5050-4974-0000'
I1216 07:12:17.810298  4982 slave.cpp:1378] Queuing task '1450249920067-www-data-devel-job25-0-093a8497-4748-449d-a55e-b735d65d00fd' for executor thermos-1450249920067-www-data-devel-job25-0-093a8497-4748-449d-a55e-b735d65d00fd of framework '20151216-065938-67108874-5050-4974-0000
I1216 07:12:17.811343  4991 launcher.cpp:130] Forked child with pid '16459' for container '9ef74da2-5135-4518-8c04-99dcf08b633d'
I1216 07:12:17.811535  4991 containerizer.cpp:682] Checkpointing executor's forked pid 16459 to '/var/lib/mesos/slave/meta/slaves/20151216-065938-67108874-5050-4974-S1/frameworks/20151216-065938-67108874-5050-4974-0000/executors/thermos-1450249920067-www-data-devel-job25-0-093a8497-4748-449d-a55e-b735d65d00fd/runs/9ef74da2-5135-4518-8c04-99dcf08b633d/pids/forked.pid'
I1216 07:12:17.815438  4987 fetcher.cpp:238] Fetching URIs using command '/usr/libexec/mesos/mesos-fetcher'
I1216 07:12:17.875212  4979 slave.cpp:3135] Monitoring executor 'thermos-1450249920067-www-data-devel-job25-0-093a8497-4748-449d-a55e-b735d65d00fd' of framework '20151216-065938-67108874-5050-4974-0000' in container '9ef74da2-5135-4518-8c04-99dcf08b633d'
I1216 07:12:18.264009  4977 slave.cpp:2141] Got registration for executor 'thermos-1450249920067-www-data-devel-job25-0-093a8497-4748-449d-a55e-b735d65d00fd' of framework 20151216-065938-67108874-5050-4974-0000 from executor(1)@10.0.0.5:41551
I1216 07:12:18.264863  4991 slave.cpp:1532] Sending queued task '1450249920067-www-data-devel-job25-0-093a8497-4748-449d-a55e-b735d65d00fd' to executor 'thermos-1450249920067-www-data-devel-job25-0-093a8497-4748-449d-a55e-b735d65d00fd' of framework 20151216-065938-67108874-5050-4974-0000
I1216 07:12:18.271013  4988 slave.cpp:2508] Handling status update TASK_STARTING (UUID: af7ced12-6327-4da4-90fe-6faf07241ab0) for task 1450249920067-www-data-devel-job25-0-093a8497-4748-449d-a55e-b735d65d00fd of framework 20151216-065938-67108874-5050-4974-0000 from executor(1)@10.0.0.5:41551
I1216 07:12:18.271157  4986 status_update_manager.cpp:317] Received status update TASK_STARTING (UUID: af7ced12-6327-4da4-90fe-6faf07241ab0) for task 1450249920067-www-data-devel-job25-0-093a8497-4748-449d-a55e-b735d65d00fd of framework 20151216-065938-67108874-5050-4974-0000
I1216 07:12:18.271531  4986 status_update_manager.hpp:346] Checkpointing UPDATE for status update TASK_STARTING (UUID: af7ced12-6327-4da4-90fe-6faf07241ab0) for task 1450249920067-www-data-devel-job25-0-093a8497-4748-449d-a55e-b735d65d00fd of framework 20151216-065938-67108874-5050-4974-0000
I1216 07:12:18.277714  4985 slave.cpp:2753] Forwarding the update TASK_STARTING (UUID: af7ced12-6327-4da4-90fe-6faf07241ab0) for task 1450249920067-www-data-devel-job25-0-093a8497-4748-449d-a55e-b735d65d00fd of framework 20151216-065938-67108874-5050-4974-0000 to master@10.0.0.4:5050
I1216 07:12:18.277812  4985 slave.cpp:2686] Sending acknowledgement for status update TASK_STARTING (UUID: af7ced12-6327-4da4-90fe-6faf07241ab0) for task 1450249920067-www-data-devel-job25-0-093a8497-4748-449d-a55e-b735d65d00fd of framework 20151216-065938-67108874-5050-4974-0000 to executor(1)@10.0.0.5:41551
I1216 07:12:18.285465  4986 status_update_manager.cpp:389] Received status update acknowledgement (UUID: af7ced12-6327-4da4-90fe-6faf07241ab0) for task 1450249920067-www-data-devel-job25-0-093a8497-4748-449d-a55e-b735d65d00fd of framework 20151216-065938-67108874-5050-4974-0000
I1216 07:12:18.285531  4986 status_update_manager.hpp:346] Checkpointing ACK for status update TASK_STARTING (UUID: af7ced12-6327-4da4-90fe-6faf07241ab0) for task 1450249920067-www-data-devel-job25-0-093a8497-4748-449d-a55e-b735d65d00fd of framework 20151216-065938-67108874-5050-4974-0000
I1216 07:12:18.837993  4984 slave.cpp:2508] Handling status update TASK_RUNNING (UUID: a6c4f1d5-8576-429e-be3b-2ccb49d5319e) for task 1450249920067-www-data-devel-job25-0-093a8497-4748-449d-a55e-b735d65d00fd of framework 20151216-065938-67108874-5050-4974-0000 from executor(1)@10.0.0.5:41551
I1216 07:12:18.838172  4976 status_update_manager.cpp:317] Received status update TASK_RUNNING (UUID: a6c4f1d5-8576-429e-be3b-2ccb49d5319e) for task 1450249920067-www-data-devel-job25-0-093a8497-4748-449d-a55e-b735d65d00fd of framework 20151216-065938-67108874-5050-4974-0000
I1216 07:12:18.838243  4976 status_update_manager.hpp:346] Checkpointing UPDATE for status update TASK_RUNNING (UUID: a6c4f1d5-8576-429e-be3b-2ccb49d5319e) for task 1450249920067-www-data-devel-job25-0-093a8497-4748-449d-a55e-b735d65d00fd of framework 20151216-065938-67108874-5050-4974-0000
I1216 07:12:18.841537  4984 slave.cpp:2753] Forwarding the update TASK_RUNNING (UUID: a6c4f1d5-8576-429e-be3b-2ccb49d5319e) for task 1450249920067-www-data-devel-job25-0-093a8497-4748-449d-a55e-b735d65d00fd of framework 20151216-065938-67108874-5050-4974-0000 to master@10.0.0.4:5050
I1216 07:12:18.841636  4984 slave.cpp:2686] Sending acknowledgement for status update TASK_RUNNING (UUID: a6c4f1d5-8576-429e-be3b-2ccb49d5319e) for task 1450249920067-www-data-devel-job25-0-093a8497-4748-449d-a55e-b735d65d00fd of framework 20151216-065938-67108874-5050-4974-0000 to executor(1)@10.0.0.5:41551
I1216 07:12:18.850174  4977 status_update_manager.cpp:389] Received status update acknowledgement (UUID: a6c4f1d5-8576-429e-be3b-2ccb49d5319e) for task 1450249920067-www-data-devel-job25-0-093a8497-4748-449d-a55e-b735d65d00fd of framework 20151216-065938-67108874-5050-4974-0000
I1216 07:12:18.850230  4977 status_update_manager.hpp:346] Checkpointing ACK for status update TASK_RUNNING (UUID: a6c4f1d5-8576-429e-be3b-2ccb49d5319e) for task 1450249920067-www-data-devel-job25-0-093a8497-4748-449d-a55e-b735d65d00fd of framework 20151216-065938-67108874-5050-4974-0000
I1216 07:12:19.784209  4989 containerizer.cpp:1111] Executor for container '0bd3a4a6-8493-424c-b426-39c0547b63ad' has exited
I1216 07:12:19.784277  4989 containerizer.cpp:906] Destroying container '0bd3a4a6-8493-424c-b426-39c0547b63ad'
I1216 07:12:19.786234  4978 slave.cpp:3193] Executor 'thermos-1450249920085-www-data-devel-job22-0-37463053-fc34-405f-81ae-3da8883957d4' of framework 20151216-065938-67108874-5050-4974-0000 exited with status 0
I1216 07:12:19.786382  4978 slave.cpp:3302] Cleaning up executor 'thermos-1450249920085-www-data-devel-job22-0-37463053-fc34-405f-81ae-3da8883957d4' of framework 20151216-065938-67108874-5050-4974-0000
I1216 07:12:19.786700  4981 gc.cpp:56] Scheduling '/var/lib/mesos/slave/slaves/20151216-065938-67108874-5050-4974-S1/frameworks/20151216-065938-67108874-5050-4974-0000/executors/thermos-1450249920085-www-data-devel-job22-0-37463053-fc34-405f-81ae-3da8883957d4/runs/0bd3a4a6-8493-424c-b426-39c0547b63ad' for gc 6.99999089531259days in the future
I1216 07:12:19.786782  4981 gc.cpp:56] Scheduling '/var/lib/mesos/slave/slaves/20151216-065938-67108874-5050-4974-S1/frameworks/20151216-065938-67108874-5050-4974-0000/executors/thermos-1450249920085-www-data-devel-job22-0-37463053-fc34-405f-81ae-3da8883957d4' for gc 6.99999089412148days in the future
I1216 07:12:19.786844  4981 gc.cpp:56] Scheduling '/var/lib/mesos/slave/meta/slaves/20151216-065938-67108874-5050-4974-S1/frameworks/20151216-065938-67108874-5050-4974-0000/executors/thermos-1450249920085-www-data-devel-job22-0-37463053-fc34-405f-81ae-3da8883957d4/runs/0bd3a4a6-8493-424c-b426-39c0547b63ad' for gc 6.99999089325333days in the future
I1216 07:12:19.786926  4990 gc.cpp:56] Scheduling '/var/lib/mesos/slave/meta/slaves/20151216-065938-67108874-5050-4974-S1/frameworks/20151216-065938-67108874-5050-4974-0000/executors/thermos-1450249920085-www-data-devel-job22-0-37463053-fc34-405f-81ae-3da8883957d4' for gc 6.9999908926963days in the future
I1216 07:12:25.983521  4980 slave.cpp:2508] Handling status update TASK_FINISHED (UUID: 18ff4da1-cc48-4daa-8801-024f49c34305) for task 1450249920067-www-data-devel-job25-0-093a8497-4748-449d-a55e-b735d65d00fd of framework 20151216-065938-67108874-5050-4974-0000 from executor(1)@10.0.0.5:41551
I1216 07:12:25.984308  4984 status_update_manager.cpp:317] Received status update TASK_FINISHED (UUID: 18ff4da1-cc48-4daa-8801-024f49c34305) for task 1450249920067-www-data-devel-job25-0-093a8497-4748-449d-a55e-b735d65d00fd of framework 20151216-065938-67108874-5050-4974-0000
I1216 07:12:25.984375  4984 status_update_manager.hpp:346] Checkpointing UPDATE for status update TASK_FINISHED (UUID: 18ff4da1-cc48-4daa-8801-024f49c34305) for task 1450249920067-www-data-devel-job25-0-093a8497-4748-449d-a55e-b735d65d00fd of framework 20151216-065938-67108874-5050-4974-0000
I1216 07:12:25.988611  4987 slave.cpp:2753] Forwarding the update TASK_FINISHED (UUID: 18ff4da1-cc48-4daa-8801-024f49c34305) for task 1450249920067-www-data-devel-job25-0-093a8497-4748-449d-a55e-b735d65d00fd of framework 20151216-065938-67108874-5050-4974-0000 to master@10.0.0.4:5050
I1216 07:12:25.988819  4987 slave.cpp:2686] Sending acknowledgement for status update TASK_FINISHED (UUID: 18ff4da1-cc48-4daa-8801-024f49c34305) for task 1450249920067-www-data-devel-job25-0-093a8497-4748-449d-a55e-b735d65d00fd of framework 20151216-065938-67108874-5050-4974-0000 to executor(1)@10.0.0.5:41551
I1216 07:12:25.999188  4984 status_update_manager.cpp:389] Received status update acknowledgement (UUID: 18ff4da1-cc48-4daa-8801-024f49c34305) for task 1450249920067-www-data-devel-job25-0-093a8497-4748-449d-a55e-b735d65d00fd of framework 20151216-065938-67108874-5050-4974-0000
I1216 07:12:25.999238  4984 status_update_manager.hpp:346] Checkpointing ACK for status update TASK_FINISHED (UUID: 18ff4da1-cc48-4daa-8801-024f49c34305) for task 1450249920067-www-data-devel-job25-0-093a8497-4748-449d-a55e-b735d65d00fd of framework 20151216-065938-67108874-5050-4974-0000
I1216 07:12:31.036986  4981 containerizer.cpp:1111] Executor for container '9ef74da2-5135-4518-8c04-99dcf08b633d' has exited
I1216 07:12:31.037046  4981 containerizer.cpp:906] Destroying container '9ef74da2-5135-4518-8c04-99dcf08b633d'
I1216 07:12:31.038349  4977 slave.cpp:3193] Executor 'thermos-1450249920067-www-data-devel-job25-0-093a8497-4748-449d-a55e-b735d65d00fd' of framework 20151216-065938-67108874-5050-4974-0000 exited with status 0
I1216 07:12:31.038478  4977 slave.cpp:3302] Cleaning up executor 'thermos-1450249920067-www-data-devel-job25-0-093a8497-4748-449d-a55e-b735d65d00fd' of framework 20151216-065938-67108874-5050-4974-0000
I1216 07:12:31.038723  4987 gc.cpp:56] Scheduling '/var/lib/mesos/slave/slaves/20151216-065938-67108874-5050-4974-S1/frameworks/20151216-065938-67108874-5050-4974-0000/executors/thermos-1450249920067-www-data-devel-job25-0-093a8497-4748-449d-a55e-b735d65d00fd/runs/9ef74da2-5135-4518-8c04-99dcf08b633d' for gc 6.99999955229333days in the future
I1216 07:12:31.038781  4987 gc.cpp:56] Scheduling '/var/lib/mesos/slave/slaves/20151216-065938-67108874-5050-4974-S1/frameworks/20151216-065938-67108874-5050-4974-0000/executors/thermos-1450249920067-www-data-devel-job25-0-093a8497-4748-449d-a55e-b735d65d00fd' for gc 6.99999955156444days in the future
I1216 07:12:31.038836  4977 slave.cpp:3381] Cleaning up framework 20151216-065938-67108874-5050-4974-0000
I1216 07:12:31.038848  4987 gc.cpp:56] Scheduling '/var/lib/mesos/slave/meta/slaves/20151216-065938-67108874-5050-4974-S1/frameworks/20151216-065938-67108874-5050-4974-0000/executors/thermos-1450249920067-www-data-devel-job25-0-093a8497-4748-449d-a55e-b735d65d00fd/runs/9ef74da2-5135-4518-8c04-99dcf08b633d' for gc 6.99999955100741days in the future
I1216 07:12:31.038923  4983 status_update_manager.cpp:279] Closing status update streams for framework 20151216-065938-67108874-5050-4974-0000
I1216 07:12:31.038941  4987 gc.cpp:56] Scheduling '/var/lib/mesos/slave/meta/slaves/20151216-065938-67108874-5050-4974-S1/frameworks/20151216-065938-67108874-5050-4974-0000/executors/thermos-1450249920067-www-data-devel-job25-0-093a8497-4748-449d-a55e-b735d65d00fd' for gc 6.99999955058963days in the future
I1216 07:12:31.039047  4987 gc.cpp:56] Scheduling '/var/lib/mesos/slave/slaves/20151216-065938-67108874-5050-4974-S1/frameworks/20151216-065938-67108874-5050-4974-0000' for gc 6.9999995490163days in the future
I1216 07:12:31.039103  4987 gc.cpp:56] Scheduling '/var/lib/mesos/slave/meta/slaves/20151216-065938-67108874-5050-4974-S1/frameworks/20151216-065938-67108874-5050-4974-0000' for gc 6.99999954825185days in the future
I1216 07:12:34.238963  4982 slave.cpp:1121] Got assigned task 1450249920093-www-data-devel-job10-0-58cc1119-7222-4896-9170-8f20f4abee09 for framework 20151216-065938-67108874-5050-4974-0000
I1216 07:12:34.240885  4982 gc.cpp:84] Unscheduling '/var/lib/mesos/slave/slaves/20151216-065938-67108874-5050-4974-S1/frameworks/20151216-065938-67108874-5050-4974-0000' from gc
I1216 07:12:34.240984  4982 gc.cpp:84] Unscheduling '/var/lib/mesos/slave/meta/slaves/20151216-065938-67108874-5050-4974-S1/frameworks/20151216-065938-67108874-5050-4974-0000' from gc
I1216 07:12:34.241132  4982 slave.cpp:1231] Launching task 1450249920093-www-data-devel-job10-0-58cc1119-7222-4896-9170-8f20f4abee09 for framework 20151216-065938-67108874-5050-4974-0000
I1216 07:12:34.244541  4982 slave.cpp:4160] Launching executor thermos-1450249920093-www-data-devel-job10-0-58cc1119-7222-4896-9170-8f20f4abee09 of framework 20151216-065938-67108874-5050-4974-0000 in work directory '/var/lib/mesos/slave/slaves/20151216-065938-67108874-5050-4974-S1/frameworks/20151216-065938-67108874-5050-4974-0000/executors/thermos-1450249920093-www-data-devel-job10-0-58cc1119-7222-4896-9170-8f20f4abee09/runs/153321c9-1571-4c8c-9a77-728066741217'
I1216 07:12:34.244706  4985 containerizer.cpp:472] Starting container '153321c9-1571-4c8c-9a77-728066741217' for executor 'thermos-1450249920093-www-data-devel-job10-0-58cc1119-7222-4896-9170-8f20f4abee09' of framework '20151216-065938-67108874-5050-4974-0000'
I1216 07:12:34.246484  4982 slave.cpp:1378] Queuing task '1450249920093-www-data-devel-job10-0-58cc1119-7222-4896-9170-8f20f4abee09' for executor thermos-1450249920093-www-data-devel-job10-0-58cc1119-7222-4896-9170-8f20f4abee09 of framework '20151216-065938-67108874-5050-4974-0000
I1216 07:12:34.246512  4983 launcher.cpp:130] Forked child with pid '16516' for container '153321c9-1571-4c8c-9a77-728066741217'
I1216 07:12:34.246739  4983 containerizer.cpp:682] Checkpointing executor's forked pid 16516 to '/var/lib/mesos/slave/meta/slaves/20151216-065938-67108874-5050-4974-S1/frameworks/20151216-065938-67108874-5050-4974-0000/executors/thermos-1450249920093-www-data-devel-job10-0-58cc1119-7222-4896-9170-8f20f4abee09/runs/153321c9-1571-4c8c-9a77-728066741217/pids/forked.pid'
I1216 07:12:34.250519  4987 fetcher.cpp:238] Fetching URIs using command '/usr/libexec/mesos/mesos-fetcher'
I1216 07:12:34.353101  4978 slave.cpp:3135] Monitoring executor 'thermos-1450249920093-www-data-devel-job10-0-58cc1119-7222-4896-9170-8f20f4abee09' of framework '20151216-065938-67108874-5050-4974-0000' in container '153321c9-1571-4c8c-9a77-728066741217'
I1216 07:12:34.734431  4977 slave.cpp:2141] Got registration for executor 'thermos-1450249920093-www-data-devel-job10-0-58cc1119-7222-4896-9170-8f20f4abee09' of framework 20151216-065938-67108874-5050-4974-0000 from executor(1)@10.0.0.5:35975
I1216 07:12:34.735302  4980 slave.cpp:1532] Sending queued task '1450249920093-www-data-devel-job10-0-58cc1119-7222-4896-9170-8f20f4abee09' to executor 'thermos-1450249920093-www-data-devel-job10-0-58cc1119-7222-4896-9170-8f20f4abee09' of framework 20151216-065938-67108874-5050-4974-0000
I1216 07:12:34.742722  4981 slave.cpp:2508] Handling status update TASK_STARTING (UUID: ba85b366-cc46-41fa-9f20-e664ff323468) for task 1450249920093-www-data-devel-job10-0-58cc1119-7222-4896-9170-8f20f4abee09 of framework 20151216-065938-67108874-5050-4974-0000 from executor(1)@10.0.0.5:35975
I1216 07:12:34.742884  4983 status_update_manager.cpp:317] Received status update TASK_STARTING (UUID: ba85b366-cc46-41fa-9f20-e664ff323468) for task 1450249920093-www-data-devel-job10-0-58cc1119-7222-4896-9170-8f20f4abee09 of framework 20151216-065938-67108874-5050-4974-0000
I1216 07:12:34.743213  4983 status_update_manager.hpp:346] Checkpointing UPDATE for status update TASK_STARTING (UUID: ba85b366-cc46-41fa-9f20-e664ff323468) for task 1450249920093-www-data-devel-job10-0-58cc1119-7222-4896-9170-8f20f4abee09 of framework 20151216-065938-67108874-5050-4974-0000
I1216 07:12:34.747616  4989 slave.cpp:2753] Forwarding the update TASK_STARTING (UUID: ba85b366-cc46-41fa-9f20-e664ff323468) for task 1450249920093-www-data-devel-job10-0-58cc1119-7222-4896-9170-8f20f4abee09 of framework 20151216-065938-67108874-5050-4974-0000 to master@10.0.0.4:5050
I1216 07:12:34.747730  4989 slave.cpp:2686] Sending acknowledgement for status update TASK_STARTING (UUID: ba85b366-cc46-41fa-9f20-e664ff323468) for task 1450249920093-www-data-devel-job10-0-58cc1119-7222-4896-9170-8f20f4abee09 of framework 20151216-065938-67108874-5050-4974-0000 to executor(1)@10.0.0.5:35975
I1216 07:12:34.755230  4985 status_update_manager.cpp:389] Received status update acknowledgement (UUID: ba85b366-cc46-41fa-9f20-e664ff323468) for task 1450249920093-www-data-devel-job10-0-58cc1119-7222-4896-9170-8f20f4abee09 of framework 20151216-065938-67108874-5050-4974-0000
I1216 07:12:34.755264  4985 status_update_manager.hpp:346] Checkpointing ACK for status update TASK_STARTING (UUID: ba85b366-cc46-41fa-9f20-e664ff323468) for task 1450249920093-www-data-devel-job10-0-58cc1119-7222-4896-9170-8f20f4abee09 of framework 20151216-065938-67108874-5050-4974-0000
I1216 07:12:35.306090  4976 slave.cpp:2508] Handling status update TASK_RUNNING (UUID: 802baa0e-191e-4e1d-ac06-596c1f6eab34) for task 1450249920093-www-data-devel-job10-0-58cc1119-7222-4896-9170-8f20f4abee09 of framework 20151216-065938-67108874-5050-4974-0000 from executor(1)@10.0.0.5:35975
I1216 07:12:35.306223  4985 status_update_manager.cpp:317] Received status update TASK_RUNNING (UUID: 802baa0e-191e-4e1d-ac06-596c1f6eab34) for task 1450249920093-www-data-devel-job10-0-58cc1119-7222-4896-9170-8f20f4abee09 of framework 20151216-065938-67108874-5050-4974-0000
I1216 07:12:35.306300  4985 status_update_manager.hpp:346] Checkpointing UPDATE for status update TASK_RUNNING (UUID: 802baa0e-191e-4e1d-ac06-596c1f6eab34) for task 1450249920093-www-data-devel-job10-0-58cc1119-7222-4896-9170-8f20f4abee09 of framework 20151216-065938-67108874-5050-4974-0000
I1216 07:12:35.309919  4976 slave.cpp:2753] Forwarding the update TASK_RUNNING (UUID: 802baa0e-191e-4e1d-ac06-596c1f6eab34) for task 1450249920093-www-data-devel-job10-0-58cc1119-7222-4896-9170-8f20f4abee09 of framework 20151216-065938-67108874-5050-4974-0000 to master@10.0.0.4:5050
I1216 07:12:35.310034  4976 slave.cpp:2686] Sending acknowledgement for status update TASK_RUNNING (UUID: 802baa0e-191e-4e1d-ac06-596c1f6eab34) for task 1450249920093-www-data-devel-job10-0-58cc1119-7222-4896-9170-8f20f4abee09 of framework 20151216-065938-67108874-5050-4974-0000 to executor(1)@10.0.0.5:35975
I1216 07:12:35.318089  4977 status_update_manager.cpp:389] Received status update acknowledgement (UUID: 802baa0e-191e-4e1d-ac06-596c1f6eab34) for task 1450249920093-www-data-devel-job10-0-58cc1119-7222-4896-9170-8f20f4abee09 of framework 20151216-065938-67108874-5050-4974-0000
I1216 07:12:35.318127  4977 status_update_manager.hpp:346] Checkpointing ACK for status update TASK_RUNNING (UUID: 802baa0e-191e-4e1d-ac06-596c1f6eab34) for task 1450249920093-www-data-devel-job10-0-58cc1119-7222-4896-9170-8f20f4abee09 of framework 20151216-065938-67108874-5050-4974-0000
I1216 07:12:39.444648  4980 slave.cpp:2508] Handling status update TASK_FINISHED (UUID: a18e58c0-3209-4028-9dcb-0453dfc1ff0c) for task 1450249920093-www-data-devel-job10-0-58cc1119-7222-4896-9170-8f20f4abee09 of framework 20151216-065938-67108874-5050-4974-0000 from executor(1)@10.0.0.5:35975
I1216 07:12:39.445395  4991 status_update_manager.cpp:317] Received status update TASK_FINISHED (UUID: a18e58c0-3209-4028-9dcb-0453dfc1ff0c) for task 1450249920093-www-data-devel-job10-0-58cc1119-7222-4896-9170-8f20f4abee09 of framework 20151216-065938-67108874-5050-4974-0000
I1216 07:12:39.445461  4991 status_update_manager.hpp:346] Checkpointing UPDATE for status update TASK_FINISHED (UUID: a18e58c0-3209-4028-9dcb-0453dfc1ff0c) for task 1450249920093-www-data-devel-job10-0-58cc1119-7222-4896-9170-8f20f4abee09 of framework 20151216-065938-67108874-5050-4974-0000
I1216 07:12:39.449376  4986 slave.cpp:2753] Forwarding the update TASK_FINISHED (UUID: a18e58c0-3209-4028-9dcb-0453dfc1ff0c) for task 1450249920093-www-data-devel-job10-0-58cc1119-7222-4896-9170-8f20f4abee09 of framework 20151216-065938-67108874-5050-4974-0000 to master@10.0.0.4:5050
I1216 07:12:39.449551  4986 slave.cpp:2686] Sending acknowledgement for status update TASK_FINISHED (UUID: a18e58c0-3209-4028-9dcb-0453dfc1ff0c) for task 1450249920093-www-data-devel-job10-0-58cc1119-7222-4896-9170-8f20f4abee09 of framework 20151216-065938-67108874-5050-4974-0000 to executor(1)@10.0.0.5:35975
I1216 07:12:39.458724  4991 status_update_manager.cpp:389] Received status update acknowledgement (UUID: a18e58c0-3209-4028-9dcb-0453dfc1ff0c) for task 1450249920093-www-data-devel-job10-0-58cc1119-7222-4896-9170-8f20f4abee09 of framework 20151216-065938-67108874-5050-4974-0000
I1216 07:12:39.458775  4991 status_update_manager.hpp:346] Checkpointing ACK for status update TASK_FINISHED (UUID: a18e58c0-3209-4028-9dcb-0453dfc1ff0c) for task 1450249920093-www-data-devel-job10-0-58cc1119-7222-4896-9170-8f20f4abee09 of framework 20151216-065938-67108874-5050-4974-0000
I1216 07:12:44.499984  4985 containerizer.cpp:1111] Executor for container '153321c9-1571-4c8c-9a77-728066741217' has exited
I1216 07:12:44.500056  4985 containerizer.cpp:906] Destroying container '153321c9-1571-4c8c-9a77-728066741217'
I1216 07:12:44.501637  4983 slave.cpp:3193] Executor 'thermos-1450249920093-www-data-devel-job10-0-58cc1119-7222-4896-9170-8f20f4abee09' of framework 20151216-065938-67108874-5050-4974-0000 exited with status 0
I1216 07:12:44.501782  4983 slave.cpp:3302] Cleaning up executor 'thermos-1450249920093-www-data-devel-job10-0-58cc1119-7222-4896-9170-8f20f4abee09' of framework 20151216-065938-67108874-5050-4974-0000
I1216 07:12:44.502128  4986 gc.cpp:56] Scheduling '/var/lib/mesos/slave/slaves/20151216-065938-67108874-5050-4974-S1/frameworks/20151216-065938-67108874-5050-4974-0000/executors/thermos-1450249920093-www-data-devel-job10-0-58cc1119-7222-4896-9170-8f20f4abee09/runs/153321c9-1571-4c8c-9a77-728066741217' for gc 6.99999418900444days in the future
I1216 07:12:44.502259  4978 gc.cpp:56] Scheduling '/var/lib/mesos/slave/slaves/20151216-065938-67108874-5050-4974-S1/frameworks/20151216-065938-67108874-5050-4974-0000/executors/thermos-1450249920093-www-data-devel-job10-0-58cc1119-7222-4896-9170-8f20f4abee09' for gc 6.99999418762963days in the future
I1216 07:12:44.502391  4978 gc.cpp:56] Scheduling '/var/lib/mesos/slave/meta/slaves/20151216-065938-67108874-5050-4974-S1/frameworks/20151216-065938-67108874-5050-4974-0000/executors/thermos-1450249920093-www-data-devel-job10-0-58cc1119-7222-4896-9170-8f20f4abee09/runs/153321c9-1571-4c8c-9a77-728066741217' for gc 6.99999418610074days in the future
I1216 07:12:44.502426  4983 slave.cpp:3381] Cleaning up framework 20151216-065938-67108874-5050-4974-0000
I1216 07:12:44.502439  4978 gc.cpp:56] Scheduling '/var/lib/mesos/slave/meta/slaves/20151216-065938-67108874-5050-4974-S1/frameworks/20151216-065938-67108874-5050-4974-0000/executors/thermos-1450249920093-www-data-devel-job10-0-58cc1119-7222-4896-9170-8f20f4abee09' for gc 6.99999418505778days in the future
I1216 07:12:44.502586  4984 status_update_manager.cpp:279] Closing status update streams for framework 20151216-065938-67108874-5050-4974-0000
I1216 07:12:44.502625  4978 gc.cpp:56] Scheduling '/var/lib/mesos/slave/slaves/20151216-065938-67108874-5050-4974-S1/frameworks/20151216-065938-67108874-5050-4974-0000' for gc 6.99999418296296days in the future
I1216 07:12:44.502704  4978 gc.cpp:56] Scheduling '/var/lib/mesos/slave/meta/slaves/20151216-065938-67108874-5050-4974-S1/frameworks/20151216-065938-67108874-5050-4974-0000' for gc 6.99999418250074days in the future
I1216 07:12:56.122592  4981 slave.cpp:3618] Current disk usage 72.42%. Max allowed age: 1.230922746536042days
I1216 07:13:00.274394  4981 slave.cpp:1121] Got assigned task 1450249980002-www-data-devel-job12-0-5999b9b9-308c-4f2b-bb68-f821fee404e3 for framework 20151216-065938-67108874-5050-4974-0000
I1216 07:13:00.275280  4981 gc.cpp:84] Unscheduling '/var/lib/mesos/slave/slaves/20151216-065938-67108874-5050-4974-S1/frameworks/20151216-065938-67108874-5050-4974-0000' from gc
I1216 07:13:00.275411  4990 gc.cpp:84] Unscheduling '/var/lib/mesos/slave/meta/slaves/20151216-065938-67108874-5050-4974-S1/frameworks/20151216-065938-67108874-5050-4974-0000' from gc
I1216 07:13:00.275501  4990 slave.cpp:1231] Launching task 1450249980002-www-data-devel-job12-0-5999b9b9-308c-4f2b-bb68-f821fee404e3 for framework 20151216-065938-67108874-5050-4974-0000
I1216 07:13:00.278780  4990 slave.cpp:4160] Launching executor thermos-1450249980002-www-data-devel-job12-0-5999b9b9-308c-4f2b-bb68-f821fee404e3 of framework 20151216-065938-67108874-5050-4974-0000 in work directory '/var/lib/mesos/slave/slaves/20151216-065938-67108874-5050-4974-S1/frameworks/20151216-065938-67108874-5050-4974-0000/executors/thermos-1450249980002-www-data-devel-job12-0-5999b9b9-308c-4f2b-bb68-f821fee404e3/runs/7b460f2e-b988-417a-bf0d-0548e07ff88e'
I1216 07:13:00.278923  4980 containerizer.cpp:472] Starting container '7b460f2e-b988-417a-bf0d-0548e07ff88e' for executor 'thermos-1450249980002-www-data-devel-job12-0-5999b9b9-308c-4f2b-bb68-f821fee404e3' of framework '20151216-065938-67108874-5050-4974-0000'
I1216 07:13:00.280117  4990 slave.cpp:1378] Queuing task '1450249980002-www-data-devel-job12-0-5999b9b9-308c-4f2b-bb68-f821fee404e3' for executor thermos-1450249980002-www-data-devel-job12-0-5999b9b9-308c-4f2b-bb68-f821fee404e3 of framework '20151216-065938-67108874-5050-4974-0000
I1216 07:13:00.280164  4980 launcher.cpp:130] Forked child with pid '16574' for container '7b460f2e-b988-417a-bf0d-0548e07ff88e'
I1216 07:13:00.280397  4980 containerizer.cpp:682] Checkpointing executor's forked pid 16574 to '/var/lib/mesos/slave/meta/slaves/20151216-065938-67108874-5050-4974-S1/frameworks/20151216-065938-67108874-5050-4974-0000/executors/thermos-1450249980002-www-data-devel-job12-0-5999b9b9-308c-4f2b-bb68-f821fee404e3/runs/7b460f2e-b988-417a-bf0d-0548e07ff88e/pids/forked.pid'
I1216 07:13:00.283677  4991 fetcher.cpp:238] Fetching URIs using command '/usr/libexec/mesos/mesos-fetcher'
I1216 07:13:00.370380  4986 slave.cpp:3135] Monitoring executor 'thermos-1450249980002-www-data-devel-job12-0-5999b9b9-308c-4f2b-bb68-f821fee404e3' of framework '20151216-065938-67108874-5050-4974-0000' in container '7b460f2e-b988-417a-bf0d-0548e07ff88e'
I1216 07:13:00.761891  4985 slave.cpp:2141] Got registration for executor 'thermos-1450249980002-www-data-devel-job12-0-5999b9b9-308c-4f2b-bb68-f821fee404e3' of framework 20151216-065938-67108874-5050-4974-0000 from executor(1)@10.0.0.5:50235
I1216 07:13:00.762821  4981 slave.cpp:1532] Sending queued task '1450249980002-www-data-devel-job12-0-5999b9b9-308c-4f2b-bb68-f821fee404e3' to executor 'thermos-1450249980002-www-data-devel-job12-0-5999b9b9-308c-4f2b-bb68-f821fee404e3' of framework 20151216-065938-67108874-5050-4974-0000
I1216 07:13:00.768393  4977 slave.cpp:2508] Handling status update TASK_STARTING (UUID: 00815309-1b14-4808-b1bc-c191ca250081) for task 1450249980002-www-data-devel-job12-0-5999b9b9-308c-4f2b-bb68-f821fee404e3 of framework 20151216-065938-67108874-5050-4974-0000 from executor(1)@10.0.0.5:50235
I1216 07:13:00.768532  4977 status_update_manager.cpp:317] Received status update TASK_STARTING (UUID: 00815309-1b14-4808-b1bc-c191ca250081) for task 1450249980002-www-data-devel-job12-0-5999b9b9-308c-4f2b-bb68-f821fee404e3 of framework 20151216-065938-67108874-5050-4974-0000
I1216 07:13:00.768894  4977 status_update_manager.hpp:346] Checkpointing UPDATE for status update TASK_STARTING (UUID: 00815309-1b14-4808-b1bc-c191ca250081) for task 1450249980002-www-data-devel-job12-0-5999b9b9-308c-4f2b-bb68-f821fee404e3 of framework 20151216-065938-67108874-5050-4974-0000
I1216 07:13:00.772838  4976 slave.cpp:2753] Forwarding the update TASK_STARTING (UUID: 00815309-1b14-4808-b1bc-c191ca250081) for task 1450249980002-www-data-devel-job12-0-5999b9b9-308c-4f2b-bb68-f821fee404e3 of framework 20151216-065938-67108874-5050-4974-0000 to master@10.0.0.4:5050
I1216 07:13:00.772964  4976 slave.cpp:2686] Sending acknowledgement for status update TASK_STARTING (UUID: 00815309-1b14-4808-b1bc-c191ca250081) for task 1450249980002-www-data-devel-job12-0-5999b9b9-308c-4f2b-bb68-f821fee404e3 of framework 20151216-065938-67108874-5050-4974-0000 to executor(1)@10.0.0.5:50235
I1216 07:13:00.781489  4977 status_update_manager.cpp:389] Received status update acknowledgement (UUID: 00815309-1b14-4808-b1bc-c191ca250081) for task 1450249980002-www-data-devel-job12-0-5999b9b9-308c-4f2b-bb68-f821fee404e3 of framework 20151216-065938-67108874-5050-4974-0000
I1216 07:13:00.781555  4977 status_update_manager.hpp:346] Checkpointing ACK for status update TASK_STARTING (UUID: 00815309-1b14-4808-b1bc-c191ca250081) for task 1450249980002-www-data-devel-job12-0-5999b9b9-308c-4f2b-bb68-f821fee404e3 of framework 20151216-065938-67108874-5050-4974-0000
I1216 07:13:01.332097  4988 slave.cpp:2508] Handling status update TASK_RUNNING (UUID: d7013610-86b5-4a0b-aa85-32f9052f1e5b) for task 1450249980002-www-data-devel-job12-0-5999b9b9-308c-4f2b-bb68-f821fee404e3 of framework 20151216-065938-67108874-5050-4974-0000 from executor(1)@10.0.0.5:50235
I1216 07:13:01.332304  4976 status_update_manager.cpp:317] Received status update TASK_RUNNING (UUID: d7013610-86b5-4a0b-aa85-32f9052f1e5b) for task 1450249980002-www-data-devel-job12-0-5999b9b9-308c-4f2b-bb68-f821fee404e3 of framework 20151216-065938-67108874-5050-4974-0000
I1216 07:13:01.332370  4976 status_update_manager.hpp:346] Checkpointing UPDATE for status update TASK_RUNNING (UUID: d7013610-86b5-4a0b-aa85-32f9052f1e5b) for task 1450249980002-www-data-devel-job12-0-5999b9b9-308c-4f2b-bb68-f821fee404e3 of framework 20151216-065938-67108874-5050-4974-0000
I1216 07:13:01.335907  4976 slave.cpp:2753] Forwarding the update TASK_RUNNING (UUID: d7013610-86b5-4a0b-aa85-32f9052f1e5b) for task 1450249980002-www-data-devel-job12-0-5999b9b9-308c-4f2b-bb68-f821fee404e3 of framework 20151216-065938-67108874-5050-4974-0000 to master@10.0.0.4:5050
I1216 07:13:01.336019  4976 slave.cpp:2686] Sending acknowledgement for status update TASK_RUNNING (UUID: d7013610-86b5-4a0b-aa85-32f9052f1e5b) for task 1450249980002-www-data-devel-job12-0-5999b9b9-308c-4f2b-bb68-f821fee404e3 of framework 20151216-065938-67108874-5050-4974-0000 to executor(1)@10.0.0.5:50235
I1216 07:13:01.344673  4988 status_update_manager.cpp:389] Received status update acknowledgement (UUID: d7013610-86b5-4a0b-aa85-32f9052f1e5b) for task 1450249980002-www-data-devel-job12-0-5999b9b9-308c-4f2b-bb68-f821fee404e3 of framework 20151216-065938-67108874-5050-4974-0000
I1216 07:13:01.344725  4988 status_update_manager.hpp:346] Checkpointing ACK for status update TASK_RUNNING (UUID: d7013610-86b5-4a0b-aa85-32f9052f1e5b) for task 1450249980002-www-data-devel-job12-0-5999b9b9-308c-4f2b-bb68-f821fee404e3 of framework 20151216-065938-67108874-5050-4974-0000
I1216 07:13:02.465792  4991 slave.cpp:2508] Handling status update TASK_FINISHED (UUID: b7f742c6-2a93-4aa4-8506-3ac672947f8d) for task 1450249980002-www-data-devel-job12-0-5999b9b9-308c-4f2b-bb68-f821fee404e3 of framework 20151216-065938-67108874-5050-4974-0000 from executor(1)@10.0.0.5:50235
I1216 07:13:02.466344  4986 status_update_manager.cpp:317] Received status update TASK_FINISHED (UUID: b7f742c6-2a93-4aa4-8506-3ac672947f8d) for task 1450249980002-www-data-devel-job12-0-5999b9b9-308c-4f2b-bb68-f821fee404e3 of framework 20151216-065938-67108874-5050-4974-0000
I1216 07:13:02.466387  4986 status_update_manager.hpp:346] Checkpointing UPDATE for status update TASK_FINISHED (UUID: b7f742c6-2a93-4aa4-8506-3ac672947f8d) for task 1450249980002-www-data-devel-job12-0-5999b9b9-308c-4f2b-bb68-f821fee404e3 of framework 20151216-065938-67108874-5050-4974-0000
I1216 07:13:02.470048  4985 slave.cpp:2753] Forwarding the update TASK_FINISHED (UUID: b7f742c6-2a93-4aa4-8506-3ac672947f8d) for task 1450249980002-www-data-devel-job12-0-5999b9b9-308c-4f2b-bb68-f821fee404e3 of framework 20151216-065938-67108874-5050-4974-0000 to master@10.0.0.4:5050
I1216 07:13:02.470155  4985 slave.cpp:2686] Sending acknowledgement for status update TASK_FINISHED (UUID: b7f742c6-2a93-4aa4-8506-3ac672947f8d) for task 1450249980002-www-data-devel-job12-0-5999b9b9-308c-4f2b-bb68-f821fee404e3 of framework 20151216-065938-67108874-5050-4974-0000 to executor(1)@10.0.0.5:50235
I1216 07:13:02.477233  4986 status_update_manager.cpp:389] Received status update acknowledgement (UUID: b7f742c6-2a93-4aa4-8506-3ac672947f8d) for task 1450249980002-www-data-devel-job12-0-5999b9b9-308c-4f2b-bb68-f821fee404e3 of framework 20151216-065938-67108874-5050-4974-0000
I1216 07:13:02.477274  4986 status_update_manager.hpp:346] Checkpointing ACK for status update TASK_FINISHED (UUID: b7f742c6-2a93-4aa4-8506-3ac672947f8d) for task 1450249980002-www-data-devel-job12-0-5999b9b9-308c-4f2b-bb68-f821fee404e3 of framework 20151216-065938-67108874-5050-4974-0000
I1216 07:13:03.162286  4978 slave.cpp:1121] Got assigned task 1450249980031-www-data-devel-job23-0-44ed8a8e-ac1e-46a7-8606-1ec9e4bc0a35 for framework 20151216-065938-67108874-5050-4974-0000
I1216 07:13:03.162621  4978 slave.cpp:1231] Launching task 1450249980031-www-data-devel-job23-0-44ed8a8e-ac1e-46a7-8606-1ec9e4bc0a35 for framework 20151216-065938-67108874-5050-4974-0000
I1216 07:13:03.164706  4978 slave.cpp:4160] Launching executor thermos-1450249980031-www-data-devel-job23-0-44ed8a8e-ac1e-46a7-8606-1ec9e4bc0a35 of framework 20151216-065938-67108874-5050-4974-0000 in work directory '/var/lib/mesos/slave/slaves/20151216-065938-67108874-5050-4974-S1/frameworks/20151216-065938-67108874-5050-4974-0000/executors/thermos-1450249980031-www-data-devel-job23-0-44ed8a8e-ac1e-46a7-8606-1ec9e4bc0a35/runs/01bd44b3-203a-4ca2-a6b0-bf5b858f898d'
I1216 07:13:03.164985  4988 containerizer.cpp:472] Starting container '01bd44b3-203a-4ca2-a6b0-bf5b858f898d' for executor 'thermos-1450249980031-www-data-devel-job23-0-44ed8a8e-ac1e-46a7-8606-1ec9e4bc0a35' of framework '20151216-065938-67108874-5050-4974-0000'
I1216 07:13:03.168009  4978 slave.cpp:1378] Queuing task '1450249980031-www-data-devel-job23-0-44ed8a8e-ac1e-46a7-8606-1ec9e4bc0a35' for executor thermos-1450249980031-www-data-devel-job23-0-44ed8a8e-ac1e-46a7-8606-1ec9e4bc0a35 of framework '20151216-065938-67108874-5050-4974-0000
I1216 07:13:03.168056  4988 launcher.cpp:130] Forked child with pid '16631' for container '01bd44b3-203a-4ca2-a6b0-bf5b858f898d'
I1216 07:13:03.168381  4988 containerizer.cpp:682] Checkpointing executor's forked pid 16631 to '/var/lib/mesos/slave/meta/slaves/20151216-065938-67108874-5050-4974-S1/frameworks/20151216-065938-67108874-5050-4974-0000/executors/thermos-1450249980031-www-data-devel-job23-0-44ed8a8e-ac1e-46a7-8606-1ec9e4bc0a35/runs/01bd44b3-203a-4ca2-a6b0-bf5b858f898d/pids/forked.pid'
I1216 07:13:03.172587  4991 fetcher.cpp:238] Fetching URIs using command '/usr/libexec/mesos/mesos-fetcher'
I1216 07:13:03.285300  4982 slave.cpp:3135] Monitoring executor 'thermos-1450249980031-www-data-devel-job23-0-44ed8a8e-ac1e-46a7-8606-1ec9e4bc0a35' of framework '20151216-065938-67108874-5050-4974-0000' in container '01bd44b3-203a-4ca2-a6b0-bf5b858f898d'
I1216 07:13:03.676017  4991 slave.cpp:2141] Got registration for executor 'thermos-1450249980031-www-data-devel-job23-0-44ed8a8e-ac1e-46a7-8606-1ec9e4bc0a35' of framework 20151216-065938-67108874-5050-4974-0000 from executor(1)@10.0.0.5:40857
I1216 07:13:03.676949  4988 slave.cpp:1532] Sending queued task '1450249980031-www-data-devel-job23-0-44ed8a8e-ac1e-46a7-8606-1ec9e4bc0a35' to executor 'thermos-1450249980031-www-data-devel-job23-0-44ed8a8e-ac1e-46a7-8606-1ec9e4bc0a35' of framework 20151216-065938-67108874-5050-4974-0000
I1216 07:13:03.682440  4989 slave.cpp:2508] Handling status update TASK_STARTING (UUID: b78caed5-16e5-4fb5-903f-2d952f985dbb) for task 1450249980031-www-data-devel-job23-0-44ed8a8e-ac1e-46a7-8606-1ec9e4bc0a35 of framework 20151216-065938-67108874-5050-4974-0000 from executor(1)@10.0.0.5:40857
I1216 07:13:03.682557  4989 status_update_manager.cpp:317] Received status update TASK_STARTING (UUID: b78caed5-16e5-4fb5-903f-2d952f985dbb) for task 1450249980031-www-data-devel-job23-0-44ed8a8e-ac1e-46a7-8606-1ec9e4bc0a35 of framework 20151216-065938-67108874-5050-4974-0000
I1216 07:13:03.682907  4989 status_update_manager.hpp:346] Checkpointing UPDATE for status update TASK_STARTING (UUID: b78caed5-16e5-4fb5-903f-2d952f985dbb) for task 1450249980031-www-data-devel-job23-0-44ed8a8e-ac1e-46a7-8606-1ec9e4bc0a35 of framework 20151216-065938-67108874-5050-4974-0000
I1216 07:13:03.686713  4983 slave.cpp:2753] Forwarding the update TASK_STARTING (UUID: b78caed5-16e5-4fb5-903f-2d952f985dbb) for task 1450249980031-www-data-devel-job23-0-44ed8a8e-ac1e-46a7-8606-1ec9e4bc0a35 of framework 20151216-065938-67108874-5050-4974-0000 to master@10.0.0.4:5050
I1216 07:13:03.686830  4983 slave.cpp:2686] Sending acknowledgement for status update TASK_STARTING (UUID: b78caed5-16e5-4fb5-903f-2d952f985dbb) for task 1450249980031-www-data-devel-job23-0-44ed8a8e-ac1e-46a7-8606-1ec9e4bc0a35 of framework 20151216-065938-67108874-5050-4974-0000 to executor(1)@10.0.0.5:40857
I1216 07:13:03.695174  4979 status_update_manager.cpp:389] Received status update acknowledgement (UUID: b78caed5-16e5-4fb5-903f-2d952f985dbb) for task 1450249980031-www-data-devel-job23-0-44ed8a8e-ac1e-46a7-8606-1ec9e4bc0a35 of framework 20151216-065938-67108874-5050-4974-0000
I1216 07:13:03.695221  4979 status_update_manager.hpp:346] Checkpointing ACK for status update TASK_STARTING (UUID: b78caed5-16e5-4fb5-903f-2d952f985dbb) for task 1450249980031-www-data-devel-job23-0-44ed8a8e-ac1e-46a7-8606-1ec9e4bc0a35 of framework 20151216-065938-67108874-5050-4974-0000
I1216 07:13:04.244393  4982 slave.cpp:2508] Handling status update TASK_RUNNING (UUID: 8b43cbde-3ce8-464c-8cea-f2dc512b9ce9) for task 1450249980031-www-data-devel-job23-0-44ed8a8e-ac1e-46a7-8606-1ec9e4bc0a35 of framework 20151216-065938-67108874-5050-4974-0000 from executor(1)@10.0.0.5:40857
I1216 07:13:04.244572  4979 status_update_manager.cpp:317] Received status update TASK_RUNNING (UUID: 8b43cbde-3ce8-464c-8cea-f2dc512b9ce9) for task 1450249980031-www-data-devel-job23-0-44ed8a8e-ac1e-46a7-8606-1ec9e4bc0a35 of framework 20151216-065938-67108874-5050-4974-0000
I1216 07:13:04.244639  4979 status_update_manager.hpp:346] Checkpointing UPDATE for status update TASK_RUNNING (UUID: 8b43cbde-3ce8-464c-8cea-f2dc512b9ce9) for task 1450249980031-www-data-devel-job23-0-44ed8a8e-ac1e-46a7-8606-1ec9e4bc0a35 of framework 20151216-065938-67108874-5050-4974-0000
I1216 07:13:04.248325  4982 slave.cpp:2753] Forwarding the update TASK_RUNNING (UUID: 8b43cbde-3ce8-464c-8cea-f2dc512b9ce9) for task 1450249980031-www-data-devel-job23-0-44ed8a8e-ac1e-46a7-8606-1ec9e4bc0a35 of framework 20151216-065938-67108874-5050-4974-0000 to master@10.0.0.4:5050
I1216 07:13:04.248446  4982 slave.cpp:2686] Sending acknowledgement for status update TASK_RUNNING (UUID: 8b43cbde-3ce8-464c-8cea-f2dc512b9ce9) for task 1450249980031-www-data-devel-job23-0-44ed8a8e-ac1e-46a7-8606-1ec9e4bc0a35 of framework 20151216-065938-67108874-5050-4974-0000 to executor(1)@10.0.0.5:40857
I1216 07:13:04.257254  4983 status_update_manager.cpp:389] Received status update acknowledgement (UUID: 8b43cbde-3ce8-464c-8cea-f2dc512b9ce9) for task 1450249980031-www-data-devel-job23-0-44ed8a8e-ac1e-46a7-8606-1ec9e4bc0a35 of framework 20151216-065938-67108874-5050-4974-0000
I1216 07:13:04.257303  4983 status_update_manager.hpp:346] Checkpointing ACK for status update TASK_RUNNING (UUID: 8b43cbde-3ce8-464c-8cea-f2dc512b9ce9) for task 1450249980031-www-data-devel-job23-0-44ed8a8e-ac1e-46a7-8606-1ec9e4bc0a35 of framework 20151216-065938-67108874-5050-4974-0000
I1216 07:13:07.504632  4984 containerizer.cpp:1111] Executor for container '7b460f2e-b988-417a-bf0d-0548e07ff88e' has exited
I1216 07:13:07.504741  4984 containerizer.cpp:906] Destroying container '7b460f2e-b988-417a-bf0d-0548e07ff88e'
I1216 07:13:07.506415  4986 slave.cpp:3193] Executor 'thermos-1450249980002-www-data-devel-job12-0-5999b9b9-308c-4f2b-bb68-f821fee404e3' of framework 20151216-065938-67108874-5050-4974-0000 exited with status 0
I1216 07:13:07.506590  4986 slave.cpp:3302] Cleaning up executor 'thermos-1450249980002-www-data-devel-job12-0-5999b9b9-308c-4f2b-bb68-f821fee404e3' of framework 20151216-065938-67108874-5050-4974-0000
I1216 07:13:07.506921  4990 gc.cpp:56] Scheduling '/var/lib/mesos/slave/slaves/20151216-065938-67108874-5050-4974-S1/frameworks/20151216-065938-67108874-5050-4974-0000/executors/thermos-1450249980002-www-data-devel-job12-0-5999b9b9-308c-4f2b-bb68-f821fee404e3/runs/7b460f2e-b988-417a-bf0d-0548e07ff88e' for gc 6.99999413361185days in the future
I1216 07:13:07.506981  4990 gc.cpp:56] Scheduling '/var/lib/mesos/slave/slaves/20151216-065938-67108874-5050-4974-S1/frameworks/20151216-065938-67108874-5050-4974-0000/executors/thermos-1450249980002-www-data-devel-job12-0-5999b9b9-308c-4f2b-bb68-f821fee404e3' for gc 6.99999413229333days in the future
I1216 07:13:07.507098  4980 gc.cpp:56] Scheduling '/var/lib/mesos/slave/meta/slaves/20151216-065938-67108874-5050-4974-S1/frameworks/20151216-065938-67108874-5050-4974-0000/executors/thermos-1450249980002-www-data-devel-job12-0-5999b9b9-308c-4f2b-bb68-f821fee404e3/runs/7b460f2e-b988-417a-bf0d-0548e07ff88e' for gc 6.99999413152889days in the future
I1216 07:13:07.507159  4980 gc.cpp:56] Scheduling '/var/lib/mesos/slave/meta/slaves/20151216-065938-67108874-5050-4974-S1/frameworks/20151216-065938-67108874-5050-4974-0000/executors/thermos-1450249980002-www-data-devel-job12-0-5999b9b9-308c-4f2b-bb68-f821fee404e3' for gc 6.99999413049778days in the future
I1216 07:13:09.383744  4978 slave.cpp:1121] Got assigned task 1450249980077-www-data-devel-job22-0-6d0039f9-a31c-43e4-b495-9d1241436a28 for framework 20151216-065938-67108874-5050-4974-0000
I1216 07:13:09.384029  4978 slave.cpp:1231] Launching task 1450249980077-www-data-devel-job22-0-6d0039f9-a31c-43e4-b495-9d1241436a28 for framework 20151216-065938-67108874-5050-4974-0000
I1216 07:13:09.386175  4978 slave.cpp:4160] Launching executor thermos-1450249980077-www-data-devel-job22-0-6d0039f9-a31c-43e4-b495-9d1241436a28 of framework 20151216-065938-67108874-5050-4974-0000 in work directory '/var/lib/mesos/slave/slaves/20151216-065938-67108874-5050-4974-S1/frameworks/20151216-065938-67108874-5050-4974-0000/executors/thermos-1450249980077-www-data-devel-job22-0-6d0039f9-a31c-43e4-b495-9d1241436a28/runs/08c14eac-53d0-4f7a-a6e7-df3c559a337e'
I1216 07:13:09.386667  4977 containerizer.cpp:472] Starting container '08c14eac-53d0-4f7a-a6e7-df3c559a337e' for executor 'thermos-1450249980077-www-data-devel-job22-0-6d0039f9-a31c-43e4-b495-9d1241436a28' of framework '20151216-065938-67108874-5050-4974-0000'
I1216 07:13:09.388339  4978 slave.cpp:1378] Queuing task '1450249980077-www-data-devel-job22-0-6d0039f9-a31c-43e4-b495-9d1241436a28' for executor thermos-1450249980077-www-data-devel-job22-0-6d0039f9-a31c-43e4-b495-9d1241436a28 of framework '20151216-065938-67108874-5050-4974-0000
I1216 07:13:09.390305  4990 launcher.cpp:130] Forked child with pid '16685' for container '08c14eac-53d0-4f7a-a6e7-df3c559a337e'
I1216 07:13:09.390559  4990 containerizer.cpp:682] Checkpointing executor's forked pid 16685 to '/var/lib/mesos/slave/meta/slaves/20151216-065938-67108874-5050-4974-S1/frameworks/20151216-065938-67108874-5050-4974-0000/executors/thermos-1450249980077-www-data-devel-job22-0-6d0039f9-a31c-43e4-b495-9d1241436a28/runs/08c14eac-53d0-4f7a-a6e7-df3c559a337e/pids/forked.pid'
I1216 07:13:09.394438  4985 fetcher.cpp:238] Fetching URIs using command '/usr/libexec/mesos/mesos-fetcher'
I1216 07:13:09.514973  4984 slave.cpp:3135] Monitoring executor 'thermos-1450249980077-www-data-devel-job22-0-6d0039f9-a31c-43e4-b495-9d1241436a28' of framework '20151216-065938-67108874-5050-4974-0000' in container '08c14eac-53d0-4f7a-a6e7-df3c559a337e'
I1216 07:13:09.894601  4990 slave.cpp:2141] Got registration for executor 'thermos-1450249980077-www-data-devel-job22-0-6d0039f9-a31c-43e4-b495-9d1241436a28' of framework 20151216-065938-67108874-5050-4974-0000 from executor(1)@10.0.0.5:46810
I1216 07:13:09.895620  4990 slave.cpp:1532] Sending queued task '1450249980077-www-data-devel-job22-0-6d0039f9-a31c-43e4-b495-9d1241436a28' to executor 'thermos-1450249980077-www-data-devel-job22-0-6d0039f9-a31c-43e4-b495-9d1241436a28' of framework 20151216-065938-67108874-5050-4974-0000
I1216 07:13:09.902474  4976 slave.cpp:2508] Handling status update TASK_STARTING (UUID: a85b0da5-88eb-49a2-a082-f27f4a1a195b) for task 1450249980077-www-data-devel-job22-0-6d0039f9-a31c-43e4-b495-9d1241436a28 of framework 20151216-065938-67108874-5050-4974-0000 from executor(1)@10.0.0.5:46810
I1216 07:13:09.902631  4977 status_update_manager.cpp:317] Received status update TASK_STARTING (UUID: a85b0da5-88eb-49a2-a082-f27f4a1a195b) for task 1450249980077-www-data-devel-job22-0-6d0039f9-a31c-43e4-b495-9d1241436a28 of framework 20151216-065938-67108874-5050-4974-0000
I1216 07:13:09.903069  4977 status_update_manager.hpp:346] Checkpointing UPDATE for status update TASK_STARTING (UUID: a85b0da5-88eb-49a2-a082-f27f4a1a195b) for task 1450249980077-www-data-devel-job22-0-6d0039f9-a31c-43e4-b495-9d1241436a28 of framework 20151216-065938-67108874-5050-4974-0000
I1216 07:13:09.906308  4976 slave.cpp:2753] Forwarding the update TASK_STARTING (UUID: a85b0da5-88eb-49a2-a082-f27f4a1a195b) for task 1450249980077-www-data-devel-job22-0-6d0039f9-a31c-43e4-b495-9d1241436a28 of framework 20151216-065938-67108874-5050-4974-0000 to master@10.0.0.4:5050
I1216 07:13:09.906402  4976 slave.cpp:2686] Sending acknowledgement for status update TASK_STARTING (UUID: a85b0da5-88eb-49a2-a082-f27f4a1a195b) for task 1450249980077-www-data-devel-job22-0-6d0039f9-a31c-43e4-b495-9d1241436a28 of framework 20151216-065938-67108874-5050-4974-0000 to executor(1)@10.0.0.5:46810
I1216 07:13:09.913872  4977 status_update_manager.cpp:389] Received status update acknowledgement (UUID: a85b0da5-88eb-49a2-a082-f27f4a1a195b) for task 1450249980077-www-data-devel-job22-0-6d0039f9-a31c-43e4-b495-9d1241436a28 of framework 20151216-065938-67108874-5050-4974-0000
