I1210 22:10:12.948726 11730 slave.cpp:3135] Monitoring executor 'ct:1449785407452:0:26:' of framework '20151210-214154-50331658-5050-6563-0000' in container '0a5e05dd-ae76-4cfa-8b34-7dd9aa97a708'
I1210 22:10:12.948874 11730 slave.cpp:1121] Got assigned task ct:1449785410620:0:8: for framework 20151210-214154-50331658-5050-6563-0000
I1210 22:10:12.949060 11730 slave.cpp:1121] Got assigned task ct:1449785410689:0:3: for framework 20151210-214154-50331658-5050-6563-0000
I1210 22:10:12.949287 11730 slave.cpp:1121] Got assigned task ct:1449785411705:0:16: for framework 20151210-214154-50331658-5050-6563-0000
I1210 22:10:12.949429 11730 slave.cpp:1231] Launching task ct:1449785410620:0:8: for framework 20151210-214154-50331658-5050-6563-0000
I1210 22:10:12.951570 11730 slave.cpp:4160] Launching executor ct:1449785410620:0:8: of framework 20151210-214154-50331658-5050-6563-0000 in work directory '/var/lib/mesos/slave/slaves/20151210-220817-50331658-5050-7060-S1/frameworks/20151210-214154-50331658-5050-6563-0000/executors/ct:1449785410620:0:8:/runs/23386863-9601-4472-8001-95f1dfb49231'
I1210 22:10:12.953632 11724 containerizer.cpp:472] Starting container '23386863-9601-4472-8001-95f1dfb49231' for executor 'ct:1449785410620:0:8:' of framework '20151210-214154-50331658-5050-6563-0000'
I1210 22:10:12.954509 11724 launcher.cpp:130] Forked child with pid '13897' for container '23386863-9601-4472-8001-95f1dfb49231'
I1210 22:10:12.954702 11724 containerizer.cpp:682] Checkpointing executor's forked pid 13897 to '/var/lib/mesos/slave/meta/slaves/20151210-220817-50331658-5050-7060-S1/frameworks/20151210-214154-50331658-5050-6563-0000/executors/ct:1449785410620:0:8:/runs/23386863-9601-4472-8001-95f1dfb49231/pids/forked.pid'
I1210 22:10:12.955762 11730 slave.cpp:1378] Queuing task 'ct:1449785410620:0:8:' for executor ct:1449785410620:0:8: of framework '20151210-214154-50331658-5050-6563-0000
I1210 22:10:12.955839 11730 slave.cpp:1231] Launching task ct:1449785410689:0:3: for framework 20151210-214154-50331658-5050-6563-0000
I1210 22:10:12.963783 11730 slave.cpp:4160] Launching executor ct:1449785410689:0:3: of framework 20151210-214154-50331658-5050-6563-0000 in work directory '/var/lib/mesos/slave/slaves/20151210-220817-50331658-5050-7060-S1/frameworks/20151210-214154-50331658-5050-6563-0000/executors/ct:1449785410689:0:3:/runs/8edebcf7-cd0e-476c-9af9-963183ab7e85'
I1210 22:10:12.964083 11728 containerizer.cpp:472] Starting container '8edebcf7-cd0e-476c-9af9-963183ab7e85' for executor 'ct:1449785410689:0:3:' of framework '20151210-214154-50331658-5050-6563-0000'
I1210 22:10:12.965077 11728 launcher.cpp:130] Forked child with pid '13898' for container '8edebcf7-cd0e-476c-9af9-963183ab7e85'
I1210 22:10:12.965277 11728 containerizer.cpp:682] Checkpointing executor's forked pid 13898 to '/var/lib/mesos/slave/meta/slaves/20151210-220817-50331658-5050-7060-S1/frameworks/20151210-214154-50331658-5050-6563-0000/executors/ct:1449785410689:0:3:/runs/8edebcf7-cd0e-476c-9af9-963183ab7e85/pids/forked.pid'
I1210 22:10:12.966689 11730 slave.cpp:1378] Queuing task 'ct:1449785410689:0:3:' for executor ct:1449785410689:0:3: of framework '20151210-214154-50331658-5050-6563-0000
I1210 22:10:12.966760 11730 slave.cpp:1231] Launching task ct:1449785411705:0:16: for framework 20151210-214154-50331658-5050-6563-0000
I1210 22:10:12.972395 11730 slave.cpp:4160] Launching executor ct:1449785411705:0:16: of framework 20151210-214154-50331658-5050-6563-0000 in work directory '/var/lib/mesos/slave/slaves/20151210-220817-50331658-5050-7060-S1/frameworks/20151210-214154-50331658-5050-6563-0000/executors/ct:1449785411705:0:16:/runs/6a198bd9-bec9-44a0-8980-46499ad7f4bf'
I1210 22:10:12.972648 11729 containerizer.cpp:472] Starting container '6a198bd9-bec9-44a0-8980-46499ad7f4bf' for executor 'ct:1449785411705:0:16:' of framework '20151210-214154-50331658-5050-6563-0000'
I1210 22:10:12.973515 11729 launcher.cpp:130] Forked child with pid '13899' for container '6a198bd9-bec9-44a0-8980-46499ad7f4bf'
I1210 22:10:12.973726 11729 containerizer.cpp:682] Checkpointing executor's forked pid 13899 to '/var/lib/mesos/slave/meta/slaves/20151210-220817-50331658-5050-7060-S1/frameworks/20151210-214154-50331658-5050-6563-0000/executors/ct:1449785411705:0:16:/runs/6a198bd9-bec9-44a0-8980-46499ad7f4bf/pids/forked.pid'
I1210 22:10:12.975397 11730 slave.cpp:1378] Queuing task 'ct:1449785411705:0:16:' for executor ct:1449785411705:0:16: of framework '20151210-214154-50331658-5050-6563-0000
I1210 22:10:12.975759 11730 slave.cpp:3135] Monitoring executor 'ct:1449785410620:0:8:' of framework '20151210-214154-50331658-5050-6563-0000' in container '23386863-9601-4472-8001-95f1dfb49231'
I1210 22:10:12.976016 11730 slave.cpp:3135] Monitoring executor 'ct:1449785410689:0:3:' of framework '20151210-214154-50331658-5050-6563-0000' in container '8edebcf7-cd0e-476c-9af9-963183ab7e85'
I1210 22:10:12.976163 11730 slave.cpp:3135] Monitoring executor 'ct:1449785411705:0:16:' of framework '20151210-214154-50331658-5050-6563-0000' in container '6a198bd9-bec9-44a0-8980-46499ad7f4bf'
I1210 22:10:13.033721 11727 containerizer.cpp:1111] Executor for container 'c7aba606-4522-4a16-b24e-f15f63e3907e' has exited
I1210 22:10:13.033807 11727 containerizer.cpp:906] Destroying container 'c7aba606-4522-4a16-b24e-f15f63e3907e'
I1210 22:10:13.036022 11730 slave.cpp:3193] Executor 'ct:1449785385208:0:30:' of framework 20151210-214154-50331658-5050-6563-0000 exited with status 0
I1210 22:10:13.036070 11730 slave.cpp:3302] Cleaning up executor 'ct:1449785385208:0:30:' of framework 20151210-214154-50331658-5050-6563-0000
I1210 22:10:13.036329 11730 gc.cpp:56] Scheduling '/var/lib/mesos/slave/slaves/20151210-220817-50331658-5050-7060-S1/frameworks/20151210-214154-50331658-5050-6563-0000/executors/ct:1449785385208:0:30:/runs/c7aba606-4522-4a16-b24e-f15f63e3907e' for gc 6.99999958088days in the future
I1210 22:10:13.036356 11730 gc.cpp:56] Scheduling '/var/lib/mesos/slave/slaves/20151210-220817-50331658-5050-7060-S1/frameworks/20151210-214154-50331658-5050-6563-0000/executors/ct:1449785385208:0:30:' for gc 6.99999958060148days in the future
I1210 22:10:13.036368 11730 gc.cpp:56] Scheduling '/var/lib/mesos/slave/meta/slaves/20151210-220817-50331658-5050-7060-S1/frameworks/20151210-214154-50331658-5050-6563-0000/executors/ct:1449785385208:0:30:/runs/c7aba606-4522-4a16-b24e-f15f63e3907e' for gc 6.99999958040593days in the future
I1210 22:10:13.036380 11730 gc.cpp:56] Scheduling '/var/lib/mesos/slave/meta/slaves/20151210-220817-50331658-5050-7060-S1/frameworks/20151210-214154-50331658-5050-6563-0000/executors/ct:1449785385208:0:30:' for gc 6.99999958024296days in the future
I1210 22:10:13.104492 11730 slave.cpp:2508] Handling status update TASK_FINISHED (UUID: d94e7f55-89e4-4c9b-80d1-0c1b61bcd282) for task ct:1449785395287:0:32: of framework 20151210-214154-50331658-5050-6563-0000 from executor(1)@10.0.0.6:56553
I1210 22:10:13.104748 11730 status_update_manager.cpp:317] Received status update TASK_FINISHED (UUID: d94e7f55-89e4-4c9b-80d1-0c1b61bcd282) for task ct:1449785395287:0:32: of framework 20151210-214154-50331658-5050-6563-0000
I1210 22:10:13.104765 11730 status_update_manager.hpp:346] Checkpointing UPDATE for status update TASK_FINISHED (UUID: d94e7f55-89e4-4c9b-80d1-0c1b61bcd282) for task ct:1449785395287:0:32: of framework 20151210-214154-50331658-5050-6563-0000
I1210 22:10:13.135167 11729 containerizer.cpp:1111] Executor for container 'e6c31556-2153-4412-aed8-76a564042d74' has exited
I1210 22:10:13.141506 11729 containerizer.cpp:906] Destroying container 'e6c31556-2153-4412-aed8-76a564042d74'
I1210 22:10:13.140491 11731 slave.cpp:2141] Got registration for executor 'ct:1449785410689:0:3:' of framework 20151210-214154-50331658-5050-6563-0000 from executor(1)@10.0.0.6:40176
I1210 22:10:13.142702 11731 slave.cpp:2141] Got registration for executor 'ct:1449785410620:0:8:' of framework 20151210-214154-50331658-5050-6563-0000 from executor(1)@10.0.0.6:36310
I1210 22:10:13.143043 11731 slave.cpp:2141] Got registration for executor 'ct:1449785407452:0:26:' of framework 20151210-214154-50331658-5050-6563-0000 from executor(1)@10.0.0.6:42646
I1210 22:10:13.148948 11731 slave.cpp:2753] Forwarding the update TASK_FINISHED (UUID: d94e7f55-89e4-4c9b-80d1-0c1b61bcd282) for task ct:1449785395287:0:32: of framework 20151210-214154-50331658-5050-6563-0000 to master@10.0.0.3:5050
I1210 22:10:13.149004 11731 slave.cpp:2686] Sending acknowledgement for status update TASK_FINISHED (UUID: d94e7f55-89e4-4c9b-80d1-0c1b61bcd282) for task ct:1449785395287:0:32: of framework 20151210-214154-50331658-5050-6563-0000 to executor(1)@10.0.0.6:56553
I1210 22:10:13.161219 11725 slave.cpp:2141] Got registration for executor 'ct:1449785411705:0:16:' of framework 20151210-214154-50331658-5050-6563-0000 from executor(1)@10.0.0.6:42274
I1210 22:10:13.164109 11724 status_update_manager.cpp:389] Received status update acknowledgement (UUID: d94e7f55-89e4-4c9b-80d1-0c1b61bcd282) for task ct:1449785395287:0:32: of framework 20151210-214154-50331658-5050-6563-0000
I1210 22:10:13.164139 11724 status_update_manager.hpp:346] Checkpointing ACK for status update TASK_FINISHED (UUID: d94e7f55-89e4-4c9b-80d1-0c1b61bcd282) for task ct:1449785395287:0:32: of framework 20151210-214154-50331658-5050-6563-0000
I1210 22:10:13.164943 11730 slave.cpp:1532] Sending queued task 'ct:1449785410689:0:3:' to executor 'ct:1449785410689:0:3:' of framework 20151210-214154-50331658-5050-6563-0000
I1210 22:10:13.167629 11724 slave.cpp:1532] Sending queued task 'ct:1449785410620:0:8:' to executor 'ct:1449785410620:0:8:' of framework 20151210-214154-50331658-5050-6563-0000
I1210 22:10:13.168661 11726 slave.cpp:1532] Sending queued task 'ct:1449785407452:0:26:' to executor 'ct:1449785407452:0:26:' of framework 20151210-214154-50331658-5050-6563-0000
I1210 22:10:13.170470 11730 slave.cpp:2508] Handling status update TASK_FINISHED (UUID: a41608be-ae6b-4d05-860c-b1c5e3f9a2ce) for task ct:1449785393464:0:13: of framework 20151210-214154-50331658-5050-6563-0000 from executor(1)@10.0.0.6:59767
I1210 22:10:13.171280 11724 slave.cpp:1532] Sending queued task 'ct:1449785411705:0:16:' to executor 'ct:1449785411705:0:16:' of framework 20151210-214154-50331658-5050-6563-0000
I1210 22:10:13.172266 11726 status_update_manager.cpp:317] Received status update TASK_FINISHED (UUID: a41608be-ae6b-4d05-860c-b1c5e3f9a2ce) for task ct:1449785393464:0:13: of framework 20151210-214154-50331658-5050-6563-0000
I1210 22:10:13.172297 11726 status_update_manager.hpp:346] Checkpointing UPDATE for status update TASK_FINISHED (UUID: a41608be-ae6b-4d05-860c-b1c5e3f9a2ce) for task ct:1449785393464:0:13: of framework 20151210-214154-50331658-5050-6563-0000
I1210 22:10:13.173351 11728 slave.cpp:3193] Executor 'ct:1449785389945:0:22:' of framework 20151210-214154-50331658-5050-6563-0000 exited with status 0
I1210 22:10:13.173710 11728 slave.cpp:3302] Cleaning up executor 'ct:1449785389945:0:22:' of framework 20151210-214154-50331658-5050-6563-0000
I1210 22:10:13.174011 11724 gc.cpp:56] Scheduling '/var/lib/mesos/slave/slaves/20151210-220817-50331658-5050-7060-S1/frameworks/20151210-214154-50331658-5050-6563-0000/executors/ct:1449785389945:0:22:/runs/e6c31556-2153-4412-aed8-76a564042d74' for gc 6.99999798798815days in the future
I1210 22:10:13.174139 11724 gc.cpp:56] Scheduling '/var/lib/mesos/slave/slaves/20151210-220817-50331658-5050-7060-S1/frameworks/20151210-214154-50331658-5050-6563-0000/executors/ct:1449785389945:0:22:' for gc 6.99999798773037days in the future
I1210 22:10:13.174206 11724 gc.cpp:56] Scheduling '/var/lib/mesos/slave/meta/slaves/20151210-220817-50331658-5050-7060-S1/frameworks/20151210-214154-50331658-5050-6563-0000/executors/ct:1449785389945:0:22:/runs/e6c31556-2153-4412-aed8-76a564042d74' for gc 6.9999979872563days in the future
I1210 22:10:13.174226 11724 gc.cpp:56] Scheduling '/var/lib/mesos/slave/meta/slaves/20151210-220817-50331658-5050-7060-S1/frameworks/20151210-214154-50331658-5050-6563-0000/executors/ct:1449785389945:0:22:' for gc 6.99999798708148days in the future
I1210 22:10:13.175175 11726 slave.cpp:2753] Forwarding the update TASK_FINISHED (UUID: a41608be-ae6b-4d05-860c-b1c5e3f9a2ce) for task ct:1449785393464:0:13: of framework 20151210-214154-50331658-5050-6563-0000 to master@10.0.0.3:5050
I1210 22:10:13.175235 11726 slave.cpp:2686] Sending acknowledgement for status update TASK_FINISHED (UUID: a41608be-ae6b-4d05-860c-b1c5e3f9a2ce) for task ct:1449785393464:0:13: of framework 20151210-214154-50331658-5050-6563-0000 to executor(1)@10.0.0.6:59767
I1210 22:10:13.185086 11727 slave.cpp:2508] Handling status update TASK_RUNNING (UUID: 0400972e-bd8d-459c-a8e2-6499f3f82932) for task ct:1449785407452:0:26: of framework 20151210-214154-50331658-5050-6563-0000 from executor(1)@10.0.0.6:42646
I1210 22:10:13.185184 11727 status_update_manager.cpp:317] Received status update TASK_RUNNING (UUID: 0400972e-bd8d-459c-a8e2-6499f3f82932) for task ct:1449785407452:0:26: of framework 20151210-214154-50331658-5050-6563-0000
I1210 22:10:13.185360 11727 status_update_manager.hpp:346] Checkpointing UPDATE for status update TASK_RUNNING (UUID: 0400972e-bd8d-459c-a8e2-6499f3f82932) for task ct:1449785407452:0:26: of framework 20151210-214154-50331658-5050-6563-0000
I1210 22:10:13.188518 11727 slave.cpp:2753] Forwarding the update TASK_RUNNING (UUID: 0400972e-bd8d-459c-a8e2-6499f3f82932) for task ct:1449785407452:0:26: of framework 20151210-214154-50331658-5050-6563-0000 to master@10.0.0.3:5050
I1210 22:10:13.189043 11727 slave.cpp:2686] Sending acknowledgement for status update TASK_RUNNING (UUID: 0400972e-bd8d-459c-a8e2-6499f3f82932) for task ct:1449785407452:0:26: of framework 20151210-214154-50331658-5050-6563-0000 to executor(1)@10.0.0.6:42646
I1210 22:10:13.192003 11725 slave.cpp:2508] Handling status update TASK_RUNNING (UUID: 3a3706bf-d5a0-49af-9650-f4faed8cdada) for task ct:1449785410689:0:3: of framework 20151210-214154-50331658-5050-6563-0000 from executor(1)@10.0.0.6:40176
I1210 22:10:13.192071 11725 status_update_manager.cpp:317] Received status update TASK_RUNNING (UUID: 3a3706bf-d5a0-49af-9650-f4faed8cdada) for task ct:1449785410689:0:3: of framework 20151210-214154-50331658-5050-6563-0000
I1210 22:10:13.192225 11725 status_update_manager.hpp:346] Checkpointing UPDATE for status update TASK_RUNNING (UUID: 3a3706bf-d5a0-49af-9650-f4faed8cdada) for task ct:1449785410689:0:3: of framework 20151210-214154-50331658-5050-6563-0000
I1210 22:10:13.194911 11731 slave.cpp:2508] Handling status update TASK_RUNNING (UUID: 24b377aa-5f95-4330-aa2b-f76a917bf2a0) for task ct:1449785410620:0:8: of framework 20151210-214154-50331658-5050-6563-0000 from executor(1)@10.0.0.6:36310
I1210 22:10:13.196307 11725 status_update_manager.cpp:389] Received status update acknowledgement (UUID: a41608be-ae6b-4d05-860c-b1c5e3f9a2ce) for task ct:1449785393464:0:13: of framework 20151210-214154-50331658-5050-6563-0000
I1210 22:10:13.196374 11725 status_update_manager.hpp:346] Checkpointing ACK for status update TASK_FINISHED (UUID: a41608be-ae6b-4d05-860c-b1c5e3f9a2ce) for task ct:1449785393464:0:13: of framework 20151210-214154-50331658-5050-6563-0000
I1210 22:10:13.196339 11724 slave.cpp:2753] Forwarding the update TASK_RUNNING (UUID: 3a3706bf-d5a0-49af-9650-f4faed8cdada) for task ct:1449785410689:0:3: of framework 20151210-214154-50331658-5050-6563-0000 to master@10.0.0.3:5050
I1210 22:10:13.196558 11724 slave.cpp:2686] Sending acknowledgement for status update TASK_RUNNING (UUID: 3a3706bf-d5a0-49af-9650-f4faed8cdada) for task ct:1449785410689:0:3: of framework 20151210-214154-50331658-5050-6563-0000 to executor(1)@10.0.0.6:40176
I1210 22:10:13.196892 11730 slave.cpp:2508] Handling status update TASK_RUNNING (UUID: 8c8bd034-a410-4c7d-95b1-1709e068ff76) for task ct:1449785411705:0:16: of framework 20151210-214154-50331658-5050-6563-0000 from executor(1)@10.0.0.6:42274
I1210 22:10:13.200021 11725 status_update_manager.cpp:389] Received status update acknowledgement (UUID: 0400972e-bd8d-459c-a8e2-6499f3f82932) for task ct:1449785407452:0:26: of framework 20151210-214154-50331658-5050-6563-0000
I1210 22:10:13.200045 11725 status_update_manager.hpp:346] Checkpointing ACK for status update TASK_RUNNING (UUID: 0400972e-bd8d-459c-a8e2-6499f3f82932) for task ct:1449785407452:0:26: of framework 20151210-214154-50331658-5050-6563-0000
I1210 22:10:13.201938 11725 status_update_manager.cpp:317] Received status update TASK_RUNNING (UUID: 24b377aa-5f95-4330-aa2b-f76a917bf2a0) for task ct:1449785410620:0:8: of framework 20151210-214154-50331658-5050-6563-0000
I1210 22:10:13.202105 11725 status_update_manager.hpp:346] Checkpointing UPDATE for status update TASK_RUNNING (UUID: 24b377aa-5f95-4330-aa2b-f76a917bf2a0) for task ct:1449785410620:0:8: of framework 20151210-214154-50331658-5050-6563-0000
I1210 22:10:13.203699 11725 status_update_manager.cpp:317] Received status update TASK_RUNNING (UUID: 8c8bd034-a410-4c7d-95b1-1709e068ff76) for task ct:1449785411705:0:16: of framework 20151210-214154-50331658-5050-6563-0000
I1210 22:10:13.203877 11725 status_update_manager.hpp:346] Checkpointing UPDATE for status update TASK_RUNNING (UUID: 8c8bd034-a410-4c7d-95b1-1709e068ff76) for task ct:1449785411705:0:16: of framework 20151210-214154-50331658-5050-6563-0000
I1210 22:10:13.203737 11730 slave.cpp:2753] Forwarding the update TASK_RUNNING (UUID: 24b377aa-5f95-4330-aa2b-f76a917bf2a0) for task ct:1449785410620:0:8: of framework 20151210-214154-50331658-5050-6563-0000 to master@10.0.0.3:5050
I1210 22:10:13.203994 11730 slave.cpp:2686] Sending acknowledgement for status update TASK_RUNNING (UUID: 24b377aa-5f95-4330-aa2b-f76a917bf2a0) for task ct:1449785410620:0:8: of framework 20151210-214154-50331658-5050-6563-0000 to executor(1)@10.0.0.6:36310
I1210 22:10:13.207624 11725 status_update_manager.cpp:389] Received status update acknowledgement (UUID: 3a3706bf-d5a0-49af-9650-f4faed8cdada) for task ct:1449785410689:0:3: of framework 20151210-214154-50331658-5050-6563-0000
I1210 22:10:13.207698 11725 status_update_manager.hpp:346] Checkpointing ACK for status update TASK_RUNNING (UUID: 3a3706bf-d5a0-49af-9650-f4faed8cdada) for task ct:1449785410689:0:3: of framework 20151210-214154-50331658-5050-6563-0000
I1210 22:10:13.207669 11727 slave.cpp:2753] Forwarding the update TASK_RUNNING (UUID: 8c8bd034-a410-4c7d-95b1-1709e068ff76) for task ct:1449785411705:0:16: of framework 20151210-214154-50331658-5050-6563-0000 to master@10.0.0.3:5050
I1210 22:10:13.207820 11727 slave.cpp:2686] Sending acknowledgement for status update TASK_RUNNING (UUID: 8c8bd034-a410-4c7d-95b1-1709e068ff76) for task ct:1449785411705:0:16: of framework 20151210-214154-50331658-5050-6563-0000 to executor(1)@10.0.0.6:42274
I1210 22:10:13.210484 11725 status_update_manager.cpp:389] Received status update acknowledgement (UUID: 24b377aa-5f95-4330-aa2b-f76a917bf2a0) for task ct:1449785410620:0:8: of framework 20151210-214154-50331658-5050-6563-0000
I1210 22:10:13.210541 11725 status_update_manager.hpp:346] Checkpointing ACK for status update TASK_RUNNING (UUID: 24b377aa-5f95-4330-aa2b-f76a917bf2a0) for task ct:1449785410620:0:8: of framework 20151210-214154-50331658-5050-6563-0000
I1210 22:10:13.211905 11725 status_update_manager.cpp:389] Received status update acknowledgement (UUID: 8c8bd034-a410-4c7d-95b1-1709e068ff76) for task ct:1449785411705:0:16: of framework 20151210-214154-50331658-5050-6563-0000
I1210 22:10:13.211952 11725 status_update_manager.hpp:346] Checkpointing ACK for status update TASK_RUNNING (UUID: 8c8bd034-a410-4c7d-95b1-1709e068ff76) for task ct:1449785411705:0:16: of framework 20151210-214154-50331658-5050-6563-0000
I1210 22:10:14.013299 11728 slave.cpp:2508] Handling status update TASK_FINISHED (UUID: 42466b1c-c2e0-46d4-8fda-f69444599c5e) for task ct:1449785385875:0:6: of framework 20151210-214154-50331658-5050-6563-0000 from executor(1)@10.0.0.6:50918
I1210 22:10:14.013629 11728 status_update_manager.cpp:317] Received status update TASK_FINISHED (UUID: 42466b1c-c2e0-46d4-8fda-f69444599c5e) for task ct:1449785385875:0:6: of framework 20151210-214154-50331658-5050-6563-0000
I1210 22:10:14.013674 11728 status_update_manager.hpp:346] Checkpointing UPDATE for status update TASK_FINISHED (UUID: 42466b1c-c2e0-46d4-8fda-f69444599c5e) for task ct:1449785385875:0:6: of framework 20151210-214154-50331658-5050-6563-0000
I1210 22:10:14.018210 11728 slave.cpp:2753] Forwarding the update TASK_FINISHED (UUID: 42466b1c-c2e0-46d4-8fda-f69444599c5e) for task ct:1449785385875:0:6: of framework 20151210-214154-50331658-5050-6563-0000 to master@10.0.0.3:5050
I1210 22:10:14.018342 11728 slave.cpp:2686] Sending acknowledgement for status update TASK_FINISHED (UUID: 42466b1c-c2e0-46d4-8fda-f69444599c5e) for task ct:1449785385875:0:6: of framework 20151210-214154-50331658-5050-6563-0000 to executor(1)@10.0.0.6:50918
I1210 22:10:14.026933 11727 status_update_manager.cpp:389] Received status update acknowledgement (UUID: 42466b1c-c2e0-46d4-8fda-f69444599c5e) for task ct:1449785385875:0:6: of framework 20151210-214154-50331658-5050-6563-0000
I1210 22:10:14.026973 11727 status_update_manager.hpp:346] Checkpointing ACK for status update TASK_FINISHED (UUID: 42466b1c-c2e0-46d4-8fda-f69444599c5e) for task ct:1449785385875:0:6: of framework 20151210-214154-50331658-5050-6563-0000
I1210 22:10:14.046681 11727 slave.cpp:2508] Handling status update TASK_FINISHED (UUID: 1ff6c42c-2c4c-4741-99ca-7162448b7b82) for task ct:1449785386328:0:29: of framework 20151210-214154-50331658-5050-6563-0000 from executor(1)@10.0.0.6:44809
I1210 22:10:14.046990 11727 status_update_manager.cpp:317] Received status update TASK_FINISHED (UUID: 1ff6c42c-2c4c-4741-99ca-7162448b7b82) for task ct:1449785386328:0:29: of framework 20151210-214154-50331658-5050-6563-0000
I1210 22:10:14.047035 11727 status_update_manager.hpp:346] Checkpointing UPDATE for status update TASK_FINISHED (UUID: 1ff6c42c-2c4c-4741-99ca-7162448b7b82) for task ct:1449785386328:0:29: of framework 20151210-214154-50331658-5050-6563-0000
I1210 22:10:14.050462 11727 slave.cpp:2753] Forwarding the update TASK_FINISHED (UUID: 1ff6c42c-2c4c-4741-99ca-7162448b7b82) for task ct:1449785386328:0:29: of framework 20151210-214154-50331658-5050-6563-0000 to master@10.0.0.3:5050
I1210 22:10:14.050613 11727 slave.cpp:2686] Sending acknowledgement for status update TASK_FINISHED (UUID: 1ff6c42c-2c4c-4741-99ca-7162448b7b82) for task ct:1449785386328:0:29: of framework 20151210-214154-50331658-5050-6563-0000 to executor(1)@10.0.0.6:44809
I1210 22:10:14.061779 11726 status_update_manager.cpp:389] Received status update acknowledgement (UUID: 1ff6c42c-2c4c-4741-99ca-7162448b7b82) for task ct:1449785386328:0:29: of framework 20151210-214154-50331658-5050-6563-0000
I1210 22:10:14.061820 11726 status_update_manager.hpp:346] Checkpointing ACK for status update TASK_FINISHED (UUID: 1ff6c42c-2c4c-4741-99ca-7162448b7b82) for task ct:1449785386328:0:29: of framework 20151210-214154-50331658-5050-6563-0000
I1210 22:10:14.147079 11726 containerizer.cpp:1111] Executor for container 'f71c7534-684c-4641-b52f-9c5af13dd616' has exited
I1210 22:10:14.147191 11726 containerizer.cpp:906] Destroying container 'f71c7534-684c-4641-b52f-9c5af13dd616'
I1210 22:10:14.150570 11730 slave.cpp:3193] Executor 'ct:1449785395287:0:32:' of framework 20151210-214154-50331658-5050-6563-0000 exited with status 0
I1210 22:10:14.150620 11730 slave.cpp:3302] Cleaning up executor 'ct:1449785395287:0:32:' of framework 20151210-214154-50331658-5050-6563-0000
I1210 22:10:14.150874 11730 gc.cpp:56] Scheduling '/var/lib/mesos/slave/slaves/20151210-220817-50331658-5050-7060-S1/frameworks/20151210-214154-50331658-5050-6563-0000/executors/ct:1449785395287:0:32:/runs/f71c7534-684c-4641-b52f-9c5af13dd616' for gc 6.99999825504593days in the future
I1210 22:10:14.150913 11730 gc.cpp:56] Scheduling '/var/lib/mesos/slave/slaves/20151210-220817-50331658-5050-7060-S1/frameworks/20151210-214154-50331658-5050-6563-0000/executors/ct:1449785395287:0:32:' for gc 6.99999825471111days in the future
I1210 22:10:14.150938 11730 gc.cpp:56] Scheduling '/var/lib/mesos/slave/meta/slaves/20151210-220817-50331658-5050-7060-S1/frameworks/20151210-214154-50331658-5050-6563-0000/executors/ct:1449785395287:0:32:/runs/f71c7534-684c-4641-b52f-9c5af13dd616' for gc 6.99999825444444days in the future
I1210 22:10:14.150979 11730 gc.cpp:56] Scheduling '/var/lib/mesos/slave/meta/slaves/20151210-220817-50331658-5050-7060-S1/frameworks/20151210-214154-50331658-5050-6563-0000/executors/ct:1449785395287:0:32:' for gc 6.99999825423407days in the future
I1210 22:10:14.248255 11725 containerizer.cpp:1111] Executor for container '5392e3a4-d978-4a0b-a4e6-a1728926bf81' has exited
I1210 22:10:14.248313 11725 containerizer.cpp:906] Destroying container '5392e3a4-d978-4a0b-a4e6-a1728926bf81'
I1210 22:10:14.251514 11731 slave.cpp:3193] Executor 'ct:1449785393464:0:13:' of framework 20151210-214154-50331658-5050-6563-0000 exited with status 0
I1210 22:10:14.251557 11731 slave.cpp:3302] Cleaning up executor 'ct:1449785393464:0:13:' of framework 20151210-214154-50331658-5050-6563-0000
I1210 22:10:14.251818 11731 gc.cpp:56] Scheduling '/var/lib/mesos/slave/slaves/20151210-220817-50331658-5050-7060-S1/frameworks/20151210-214154-50331658-5050-6563-0000/executors/ct:1449785393464:0:13:/runs/5392e3a4-d978-4a0b-a4e6-a1728926bf81' for gc 6.99999708687407days in the future
I1210 22:10:14.251854 11731 gc.cpp:56] Scheduling '/var/lib/mesos/slave/slaves/20151210-220817-50331658-5050-7060-S1/frameworks/20151210-214154-50331658-5050-6563-0000/executors/ct:1449785393464:0:13:' for gc 6.99999708656296days in the future
I1210 22:10:14.251904 11731 gc.cpp:56] Scheduling '/var/lib/mesos/slave/meta/slaves/20151210-220817-50331658-5050-7060-S1/frameworks/20151210-214154-50331658-5050-6563-0000/executors/ct:1449785393464:0:13:/runs/5392e3a4-d978-4a0b-a4e6-a1728926bf81' for gc 6.99999708630815days in the future
I1210 22:10:14.251926 11731 gc.cpp:56] Scheduling '/var/lib/mesos/slave/meta/slaves/20151210-220817-50331658-5050-7060-S1/frameworks/20151210-214154-50331658-5050-6563-0000/executors/ct:1449785393464:0:13:' for gc 6.99999708610074days in the future
I1210 22:10:14.942487 11729 slave.cpp:1121] Got assigned task ct:1449785413133:0:23: for framework 20151210-214154-50331658-5050-6563-0000
I1210 22:10:14.942881 11729 slave.cpp:1121] Got assigned task ct:1449785413247:0:9: for framework 20151210-214154-50331658-5050-6563-0000
I1210 22:10:14.943012 11729 slave.cpp:1121] Got assigned task ct:1449785413368:0:34: for framework 20151210-214154-50331658-5050-6563-0000
I1210 22:10:14.943130 11729 slave.cpp:1231] Launching task ct:1449785413133:0:23: for framework 20151210-214154-50331658-5050-6563-0000
I1210 22:10:14.944113 11729 slave.cpp:4160] Launching executor ct:1449785413133:0:23: of framework 20151210-214154-50331658-5050-6563-0000 in work directory '/var/lib/mesos/slave/slaves/20151210-220817-50331658-5050-7060-S1/frameworks/20151210-214154-50331658-5050-6563-0000/executors/ct:1449785413133:0:23:/runs/a7236e06-2b88-44d4-8376-8fc78be53331'
I1210 22:10:14.944316 11730 containerizer.cpp:472] Starting container 'a7236e06-2b88-44d4-8376-8fc78be53331' for executor 'ct:1449785413133:0:23:' of framework '20151210-214154-50331658-5050-6563-0000'
I1210 22:10:14.946388 11730 launcher.cpp:130] Forked child with pid '13961' for container 'a7236e06-2b88-44d4-8376-8fc78be53331'
I1210 22:10:14.946735 11730 containerizer.cpp:682] Checkpointing executor's forked pid 13961 to '/var/lib/mesos/slave/meta/slaves/20151210-220817-50331658-5050-7060-S1/frameworks/20151210-214154-50331658-5050-6563-0000/executors/ct:1449785413133:0:23:/runs/a7236e06-2b88-44d4-8376-8fc78be53331/pids/forked.pid'
I1210 22:10:14.948145 11729 slave.cpp:1378] Queuing task 'ct:1449785413133:0:23:' for executor ct:1449785413133:0:23: of framework '20151210-214154-50331658-5050-6563-0000
I1210 22:10:14.948209 11729 slave.cpp:1231] Launching task ct:1449785413247:0:9: for framework 20151210-214154-50331658-5050-6563-0000
I1210 22:10:14.949468 11729 slave.cpp:4160] Launching executor ct:1449785413247:0:9: of framework 20151210-214154-50331658-5050-6563-0000 in work directory '/var/lib/mesos/slave/slaves/20151210-220817-50331658-5050-7060-S1/frameworks/20151210-214154-50331658-5050-6563-0000/executors/ct:1449785413247:0:9:/runs/a16ff752-6a6a-47c7-b925-7d891358533c'
I1210 22:10:14.949668 11731 containerizer.cpp:472] Starting container 'a16ff752-6a6a-47c7-b925-7d891358533c' for executor 'ct:1449785413247:0:9:' of framework '20151210-214154-50331658-5050-6563-0000'
I1210 22:10:14.950572 11731 launcher.cpp:130] Forked child with pid '13962' for container 'a16ff752-6a6a-47c7-b925-7d891358533c'
I1210 22:10:14.950769 11731 containerizer.cpp:682] Checkpointing executor's forked pid 13962 to '/var/lib/mesos/slave/meta/slaves/20151210-220817-50331658-5050-7060-S1/frameworks/20151210-214154-50331658-5050-6563-0000/executors/ct:1449785413247:0:9:/runs/a16ff752-6a6a-47c7-b925-7d891358533c/pids/forked.pid'
I1210 22:10:14.952220 11729 slave.cpp:1378] Queuing task 'ct:1449785413247:0:9:' for executor ct:1449785413247:0:9: of framework '20151210-214154-50331658-5050-6563-0000
I1210 22:10:14.952338 11729 slave.cpp:1231] Launching task ct:1449785413368:0:34: for framework 20151210-214154-50331658-5050-6563-0000
I1210 22:10:14.964587 11729 slave.cpp:4160] Launching executor ct:1449785413368:0:34: of framework 20151210-214154-50331658-5050-6563-0000 in work directory '/var/lib/mesos/slave/slaves/20151210-220817-50331658-5050-7060-S1/frameworks/20151210-214154-50331658-5050-6563-0000/executors/ct:1449785413368:0:34:/runs/de018dc5-2e98-40dd-b1ea-1f453dc57b62'
I1210 22:10:14.969292 11727 containerizer.cpp:472] Starting container 'de018dc5-2e98-40dd-b1ea-1f453dc57b62' for executor 'ct:1449785413368:0:34:' of framework '20151210-214154-50331658-5050-6563-0000'
I1210 22:10:14.969705 11729 slave.cpp:1378] Queuing task 'ct:1449785413368:0:34:' for executor ct:1449785413368:0:34: of framework '20151210-214154-50331658-5050-6563-0000
I1210 22:10:14.969784 11729 slave.cpp:2508] Handling status update TASK_FINISHED (UUID: a1cea77e-c090-4b6b-a55d-94404ed34285) for task ct:1449785383073:0:20: of framework 20151210-214154-50331658-5050-6563-0000 from executor(1)@10.0.0.6:44367
I1210 22:10:14.974830 11727 launcher.cpp:130] Forked child with pid '13963' for container 'de018dc5-2e98-40dd-b1ea-1f453dc57b62'
I1210 22:10:14.975021 11727 containerizer.cpp:682] Checkpointing executor's forked pid 13963 to '/var/lib/mesos/slave/meta/slaves/20151210-220817-50331658-5050-7060-S1/frameworks/20151210-214154-50331658-5050-6563-0000/executors/ct:1449785413368:0:34:/runs/de018dc5-2e98-40dd-b1ea-1f453dc57b62/pids/forked.pid'
I1210 22:10:14.976377 11729 slave.cpp:3135] Monitoring executor 'ct:1449785413133:0:23:' of framework '20151210-214154-50331658-5050-6563-0000' in container 'a7236e06-2b88-44d4-8376-8fc78be53331'
I1210 22:10:14.976557 11729 slave.cpp:3135] Monitoring executor 'ct:1449785413247:0:9:' of framework '20151210-214154-50331658-5050-6563-0000' in container 'a16ff752-6a6a-47c7-b925-7d891358533c'
I1210 22:10:14.976699 11729 slave.cpp:3135] Monitoring executor 'ct:1449785413368:0:34:' of framework '20151210-214154-50331658-5050-6563-0000' in container 'de018dc5-2e98-40dd-b1ea-1f453dc57b62'
I1210 22:10:14.976845 11731 status_update_manager.cpp:317] Received status update TASK_FINISHED (UUID: a1cea77e-c090-4b6b-a55d-94404ed34285) for task ct:1449785383073:0:20: of framework 20151210-214154-50331658-5050-6563-0000
I1210 22:10:14.976871 11731 status_update_manager.hpp:346] Checkpointing UPDATE for status update TASK_FINISHED (UUID: a1cea77e-c090-4b6b-a55d-94404ed34285) for task ct:1449785383073:0:20: of framework 20151210-214154-50331658-5050-6563-0000
I1210 22:10:14.985550 11731 slave.cpp:2753] Forwarding the update TASK_FINISHED (UUID: a1cea77e-c090-4b6b-a55d-94404ed34285) for task ct:1449785383073:0:20: of framework 20151210-214154-50331658-5050-6563-0000 to master@10.0.0.3:5050
I1210 22:10:14.985677 11731 slave.cpp:2686] Sending acknowledgement for status update TASK_FINISHED (UUID: a1cea77e-c090-4b6b-a55d-94404ed34285) for task ct:1449785383073:0:20: of framework 20151210-214154-50331658-5050-6563-0000 to executor(1)@10.0.0.6:44367
I1210 22:10:15.024471 11729 status_update_manager.cpp:389] Received status update acknowledgement (UUID: a1cea77e-c090-4b6b-a55d-94404ed34285) for task ct:1449785383073:0:20: of framework 20151210-214154-50331658-5050-6563-0000
I1210 22:10:15.024587 11729 status_update_manager.hpp:346] Checkpointing ACK for status update TASK_FINISHED (UUID: a1cea77e-c090-4b6b-a55d-94404ed34285) for task ct:1449785383073:0:20: of framework 20151210-214154-50331658-5050-6563-0000
I1210 22:10:15.058346 11726 containerizer.cpp:1111] Executor for container '5f51d2dc-101e-4415-90ee-098d4ae5acd6' has exited
I1210 22:10:15.058468 11726 containerizer.cpp:906] Destroying container '5f51d2dc-101e-4415-90ee-098d4ae5acd6'
I1210 22:10:15.060235 11726 containerizer.cpp:1111] Executor for container '1a05dabe-4984-4036-ba75-366bd8508788' has exited
I1210 22:10:15.060250 11726 containerizer.cpp:906] Destroying container '1a05dabe-4984-4036-ba75-366bd8508788'
I1210 22:10:15.064059 11724 slave.cpp:3193] Executor 'ct:1449785385875:0:6:' of framework 20151210-214154-50331658-5050-6563-0000 exited with status 0
I1210 22:10:15.064101 11724 slave.cpp:3302] Cleaning up executor 'ct:1449785385875:0:6:' of framework 20151210-214154-50331658-5050-6563-0000
I1210 22:10:15.064311 11724 gc.cpp:56] Scheduling '/var/lib/mesos/slave/slaves/20151210-220817-50331658-5050-7060-S1/frameworks/20151210-214154-50331658-5050-6563-0000/executors/ct:1449785385875:0:6:/runs/5f51d2dc-101e-4415-90ee-098d4ae5acd6' for gc 6.99999925674667days in the future
I1210 22:10:15.064435 11724 gc.cpp:56] Scheduling '/var/lib/mesos/slave/slaves/20151210-220817-50331658-5050-7060-S1/frameworks/20151210-214154-50331658-5050-6563-0000/executors/ct:1449785385875:0:6:' for gc 6.9999992565037days in the future
I1210 22:10:15.064465 11724 gc.cpp:56] Scheduling '/var/lib/mesos/slave/meta/slaves/20151210-220817-50331658-5050-7060-S1/frameworks/20151210-214154-50331658-5050-6563-0000/executors/ct:1449785385875:0:6:/runs/5f51d2dc-101e-4415-90ee-098d4ae5acd6' for gc 6.99999925632days in the future
I1210 22:10:15.064477 11724 gc.cpp:56] Scheduling '/var/lib/mesos/slave/meta/slaves/20151210-220817-50331658-5050-7060-S1/frameworks/20151210-214154-50331658-5050-6563-0000/executors/ct:1449785385875:0:6:' for gc 6.99999925615704days in the future
I1210 22:10:15.064576 11725 slave.cpp:3193] Executor 'ct:1449785386328:0:29:' of framework 20151210-214154-50331658-5050-6563-0000 exited with status 0
I1210 22:10:15.064600 11725 slave.cpp:3302] Cleaning up executor 'ct:1449785386328:0:29:' of framework 20151210-214154-50331658-5050-6563-0000
I1210 22:10:15.064803 11725 gc.cpp:56] Scheduling '/var/lib/mesos/slave/slaves/20151210-220817-50331658-5050-7060-S1/frameworks/20151210-214154-50331658-5050-6563-0000/executors/ct:1449785386328:0:29:/runs/1a05dabe-4984-4036-ba75-366bd8508788' for gc 6.99999925125037days in the future
I1210 22:10:15.064823 11725 gc.cpp:56] Scheduling '/var/lib/mesos/slave/slaves/20151210-220817-50331658-5050-7060-S1/frameworks/20151210-214154-50331658-5050-6563-0000/executors/ct:1449785386328:0:29:' for gc 6.99999925078519days in the future
I1210 22:10:15.064834 11725 gc.cpp:56] Scheduling '/var/lib/mesos/slave/meta/slaves/20151210-220817-50331658-5050-7060-S1/frameworks/20151210-214154-50331658-5050-6563-0000/executors/ct:1449785386328:0:29:/runs/1a05dabe-4984-4036-ba75-366bd8508788' for gc 6.99999925048593days in the future
I1210 22:10:15.064847 11725 gc.cpp:56] Scheduling '/var/lib/mesos/slave/meta/slaves/20151210-220817-50331658-5050-7060-S1/frameworks/20151210-214154-50331658-5050-6563-0000/executors/ct:1449785386328:0:29:' for gc 6.99999925033778days in the future
I1210 22:10:15.124008 11725 slave.cpp:2141] Got registration for executor 'ct:1449785413247:0:9:' of framework 20151210-214154-50331658-5050-6563-0000 from executor(1)@10.0.0.6:45477
I1210 22:10:15.124716 11725 slave.cpp:1532] Sending queued task 'ct:1449785413247:0:9:' to executor 'ct:1449785413247:0:9:' of framework 20151210-214154-50331658-5050-6563-0000
I1210 22:10:15.130184 11725 slave.cpp:2141] Got registration for executor 'ct:1449785413133:0:23:' of framework 20151210-214154-50331658-5050-6563-0000 from executor(1)@10.0.0.6:51292
I1210 22:10:15.130926 11725 slave.cpp:1532] Sending queued task 'ct:1449785413133:0:23:' to executor 'ct:1449785413133:0:23:' of framework 20151210-214154-50331658-5050-6563-0000
I1210 22:10:15.134233 11728 slave.cpp:2508] Handling status update TASK_RUNNING (UUID: 8a5b0fbe-aed8-4917-a636-b97430786c97) for task ct:1449785413247:0:9: of framework 20151210-214154-50331658-5050-6563-0000 from executor(1)@10.0.0.6:45477
I1210 22:10:15.134322 11728 status_update_manager.cpp:317] Received status update TASK_RUNNING (UUID: 8a5b0fbe-aed8-4917-a636-b97430786c97) for task ct:1449785413247:0:9: of framework 20151210-214154-50331658-5050-6563-0000
I1210 22:10:15.134460 11728 status_update_manager.hpp:346] Checkpointing UPDATE for status update TASK_RUNNING (UUID: 8a5b0fbe-aed8-4917-a636-b97430786c97) for task ct:1449785413247:0:9: of framework 20151210-214154-50331658-5050-6563-0000
I1210 22:10:15.136775 11727 slave.cpp:2508] Handling status update TASK_RUNNING (UUID: 0610cf23-4b17-4446-b82e-d8ee770921e5) for task ct:1449785413133:0:23: of framework 20151210-214154-50331658-5050-6563-0000 from executor(1)@10.0.0.6:51292
I1210 22:10:15.137461 11728 status_update_manager.cpp:317] Received status update TASK_RUNNING (UUID: 0610cf23-4b17-4446-b82e-d8ee770921e5) for task ct:1449785413133:0:23: of framework 20151210-214154-50331658-5050-6563-0000
I1210 22:10:15.137647 11728 status_update_manager.hpp:346] Checkpointing UPDATE for status update TASK_RUNNING (UUID: 0610cf23-4b17-4446-b82e-d8ee770921e5) for task ct:1449785413133:0:23: of framework 20151210-214154-50331658-5050-6563-0000
I1210 22:10:15.137506 11731 slave.cpp:2753] Forwarding the update TASK_RUNNING (UUID: 8a5b0fbe-aed8-4917-a636-b97430786c97) for task ct:1449785413247:0:9: of framework 20151210-214154-50331658-5050-6563-0000 to master@10.0.0.3:5050
I1210 22:10:15.137763 11731 slave.cpp:2686] Sending acknowledgement for status update TASK_RUNNING (UUID: 8a5b0fbe-aed8-4917-a636-b97430786c97) for task ct:1449785413247:0:9: of framework 20151210-214154-50331658-5050-6563-0000 to executor(1)@10.0.0.6:45477
I1210 22:10:15.141770 11728 status_update_manager.cpp:389] Received status update acknowledgement (UUID: 8a5b0fbe-aed8-4917-a636-b97430786c97) for task ct:1449785413247:0:9: of framework 20151210-214154-50331658-5050-6563-0000
I1210 22:10:15.141845 11728 status_update_manager.hpp:346] Checkpointing ACK for status update TASK_RUNNING (UUID: 8a5b0fbe-aed8-4917-a636-b97430786c97) for task ct:1449785413247:0:9: of framework 20151210-214154-50331658-5050-6563-0000
I1210 22:10:15.141809 11724 slave.cpp:2753] Forwarding the update TASK_RUNNING (UUID: 0610cf23-4b17-4446-b82e-d8ee770921e5) for task ct:1449785413133:0:23: of framework 20151210-214154-50331658-5050-6563-0000 to master@10.0.0.3:5050
I1210 22:10:15.142017 11724 slave.cpp:2686] Sending acknowledgement for status update TASK_RUNNING (UUID: 0610cf23-4b17-4446-b82e-d8ee770921e5) for task ct:1449785413133:0:23: of framework 20151210-214154-50331658-5050-6563-0000 to executor(1)@10.0.0.6:51292
I1210 22:10:15.145411 11728 status_update_manager.cpp:389] Received status update acknowledgement (UUID: 0610cf23-4b17-4446-b82e-d8ee770921e5) for task ct:1449785413133:0:23: of framework 20151210-214154-50331658-5050-6563-0000
I1210 22:10:15.145475 11728 status_update_manager.hpp:346] Checkpointing ACK for status update TASK_RUNNING (UUID: 0610cf23-4b17-4446-b82e-d8ee770921e5) for task ct:1449785413133:0:23: of framework 20151210-214154-50331658-5050-6563-0000
I1210 22:10:15.158326 11728 slave.cpp:2141] Got registration for executor 'ct:1449785413368:0:34:' of framework 20151210-214154-50331658-5050-6563-0000 from executor(1)@10.0.0.6:39303
I1210 22:10:15.159152 11728 slave.cpp:1532] Sending queued task 'ct:1449785413368:0:34:' to executor 'ct:1449785413368:0:34:' of framework 20151210-214154-50331658-5050-6563-0000
I1210 22:10:15.161869 11730 slave.cpp:2508] Handling status update TASK_RUNNING (UUID: 19523ecb-f7be-4aad-8eb3-c035f6203800) for task ct:1449785413368:0:34: of framework 20151210-214154-50331658-5050-6563-0000 from executor(1)@10.0.0.6:39303
I1210 22:10:15.161967 11730 status_update_manager.cpp:317] Received status update TASK_RUNNING (UUID: 19523ecb-f7be-4aad-8eb3-c035f6203800) for task ct:1449785413368:0:34: of framework 20151210-214154-50331658-5050-6563-0000
I1210 22:10:15.162122 11730 status_update_manager.hpp:346] Checkpointing UPDATE for status update TASK_RUNNING (UUID: 19523ecb-f7be-4aad-8eb3-c035f6203800) for task ct:1449785413368:0:34: of framework 20151210-214154-50331658-5050-6563-0000
I1210 22:10:15.164616 11730 slave.cpp:2753] Forwarding the update TASK_RUNNING (UUID: 19523ecb-f7be-4aad-8eb3-c035f6203800) for task ct:1449785413368:0:34: of framework 20151210-214154-50331658-5050-6563-0000 to master@10.0.0.3:5050
I1210 22:10:15.164669 11730 slave.cpp:2686] Sending acknowledgement for status update TASK_RUNNING (UUID: 19523ecb-f7be-4aad-8eb3-c035f6203800) for task ct:1449785413368:0:34: of framework 20151210-214154-50331658-5050-6563-0000 to executor(1)@10.0.0.6:39303
I1210 22:10:15.166648 11730 status_update_manager.cpp:389] Received status update acknowledgement (UUID: 19523ecb-f7be-4aad-8eb3-c035f6203800) for task ct:1449785413368:0:34: of framework 20151210-214154-50331658-5050-6563-0000
I1210 22:10:15.166674 11730 status_update_manager.hpp:346] Checkpointing ACK for status update TASK_RUNNING (UUID: 19523ecb-f7be-4aad-8eb3-c035f6203800) for task ct:1449785413368:0:34: of framework 20151210-214154-50331658-5050-6563-0000
I1210 22:10:15.262048 11730 slave.cpp:2508] Handling status update TASK_FINISHED (UUID: 2baf393d-8f72-49c9-9acc-30cb8cc2a0e2) for task ct:1449785403188:0:18: of framework 20151210-214154-50331658-5050-6563-0000 from executor(1)@10.0.0.6:38705
I1210 22:10:15.262346 11730 status_update_manager.cpp:317] Received status update TASK_FINISHED (UUID: 2baf393d-8f72-49c9-9acc-30cb8cc2a0e2) for task ct:1449785403188:0:18: of framework 20151210-214154-50331658-5050-6563-0000
I1210 22:10:15.262372 11730 status_update_manager.hpp:346] Checkpointing UPDATE for status update TASK_FINISHED (UUID: 2baf393d-8f72-49c9-9acc-30cb8cc2a0e2) for task ct:1449785403188:0:18: of framework 20151210-214154-50331658-5050-6563-0000
I1210 22:10:15.268326 11730 slave.cpp:2753] Forwarding the update TASK_FINISHED (UUID: 2baf393d-8f72-49c9-9acc-30cb8cc2a0e2) for task ct:1449785403188:0:18: of framework 20151210-214154-50331658-5050-6563-0000 to master@10.0.0.3:5050
I1210 22:10:15.268535 11730 slave.cpp:2686] Sending acknowledgement for status update TASK_FINISHED (UUID: 2baf393d-8f72-49c9-9acc-30cb8cc2a0e2) for task ct:1449785403188:0:18: of framework 20151210-214154-50331658-5050-6563-0000 to executor(1)@10.0.0.6:38705
I1210 22:10:15.279886 11726 status_update_manager.cpp:389] Received status update acknowledgement (UUID: 2baf393d-8f72-49c9-9acc-30cb8cc2a0e2) for task ct:1449785403188:0:18: of framework 20151210-214154-50331658-5050-6563-0000
I1210 22:10:15.279922 11726 status_update_manager.hpp:346] Checkpointing ACK for status update TASK_FINISHED (UUID: 2baf393d-8f72-49c9-9acc-30cb8cc2a0e2) for task ct:1449785403188:0:18: of framework 20151210-214154-50331658-5050-6563-0000
I1210 22:10:15.297255 11726 slave.cpp:2508] Handling status update TASK_FINISHED (UUID: 914aca2c-48e3-4401-b011-78d695d1c59f) for task ct:1449785407452:0:26: of framework 20151210-214154-50331658-5050-6563-0000 from executor(1)@10.0.0.6:42646
I1210 22:10:15.298842 11727 status_update_manager.cpp:317] Received status update TASK_FINISHED (UUID: 914aca2c-48e3-4401-b011-78d695d1c59f) for task ct:1449785407452:0:26: of framework 20151210-214154-50331658-5050-6563-0000
I1210 22:10:15.298874 11727 status_update_manager.hpp:346] Checkpointing UPDATE for status update TASK_FINISHED (UUID: 914aca2c-48e3-4401-b011-78d695d1c59f) for task ct:1449785407452:0:26: of framework 20151210-214154-50331658-5050-6563-0000
I1210 22:10:15.302057 11727 slave.cpp:2753] Forwarding the update TASK_FINISHED (UUID: 914aca2c-48e3-4401-b011-78d695d1c59f) for task ct:1449785407452:0:26: of framework 20151210-214154-50331658-5050-6563-0000 to master@10.0.0.3:5050
I1210 22:10:15.302198 11727 slave.cpp:2686] Sending acknowledgement for status update TASK_FINISHED (UUID: 914aca2c-48e3-4401-b011-78d695d1c59f) for task ct:1449785407452:0:26: of framework 20151210-214154-50331658-5050-6563-0000 to executor(1)@10.0.0.6:42646
I1210 22:10:15.313470 11728 status_update_manager.cpp:389] Received status update acknowledgement (UUID: 914aca2c-48e3-4401-b011-78d695d1c59f) for task ct:1449785407452:0:26: of framework 20151210-214154-50331658-5050-6563-0000
I1210 22:10:15.313508 11728 status_update_manager.hpp:346] Checkpointing ACK for status update TASK_FINISHED (UUID: 914aca2c-48e3-4401-b011-78d695d1c59f) for task ct:1449785407452:0:26: of framework 20151210-214154-50331658-5050-6563-0000
I1210 22:10:15.320586 11728 slave.cpp:2508] Handling status update TASK_FINISHED (UUID: 4bed605a-52a8-4271-a673-3577d147c4d6) for task ct:1449785411705:0:16: of framework 20151210-214154-50331658-5050-6563-0000 from executor(1)@10.0.0.6:42274
I1210 22:10:15.320813 11728 status_update_manager.cpp:317] Received status update TASK_FINISHED (UUID: 4bed605a-52a8-4271-a673-3577d147c4d6) for task ct:1449785411705:0:16: of framework 20151210-214154-50331658-5050-6563-0000
I1210 22:10:15.320834 11728 status_update_manager.hpp:346] Checkpointing UPDATE for status update TASK_FINISHED (UUID: 4bed605a-52a8-4271-a673-3577d147c4d6) for task ct:1449785411705:0:16: of framework 20151210-214154-50331658-5050-6563-0000
I1210 22:10:15.323659 11728 slave.cpp:2753] Forwarding the update TASK_FINISHED (UUID: 4bed605a-52a8-4271-a673-3577d147c4d6) for task ct:1449785411705:0:16: of framework 20151210-214154-50331658-5050-6563-0000 to master@10.0.0.3:5050
I1210 22:10:15.323798 11728 slave.cpp:2686] Sending acknowledgement for status update TASK_FINISHED (UUID: 4bed605a-52a8-4271-a673-3577d147c4d6) for task ct:1449785411705:0:16: of framework 20151210-214154-50331658-5050-6563-0000 to executor(1)@10.0.0.6:42274
I1210 22:10:15.330991 11730 status_update_manager.cpp:389] Received status update acknowledgement (UUID: 4bed605a-52a8-4271-a673-3577d147c4d6) for task ct:1449785411705:0:16: of framework 20151210-214154-50331658-5050-6563-0000
I1210 22:10:15.331033 11730 status_update_manager.hpp:346] Checkpointing ACK for status update TASK_FINISHED (UUID: 4bed605a-52a8-4271-a673-3577d147c4d6) for task ct:1449785411705:0:16: of framework 20151210-214154-50331658-5050-6563-0000
I1210 22:10:15.360858 11730 slave.cpp:2508] Handling status update TASK_FINISHED (UUID: 5b24bd21-2ff9-41f8-8b7e-664d6e9eb2a7) for task ct:1449785403595:0:21: of framework 20151210-214154-50331658-5050-6563-0000 from executor(1)@10.0.0.6:38392
I1210 22:10:15.361115 11730 status_update_manager.cpp:317] Received status update TASK_FINISHED (UUID: 5b24bd21-2ff9-41f8-8b7e-664d6e9eb2a7) for task ct:1449785403595:0:21: of framework 20151210-214154-50331658-5050-6563-0000
I1210 22:10:15.361142 11730 status_update_manager.hpp:346] Checkpointing UPDATE for status update TASK_FINISHED (UUID: 5b24bd21-2ff9-41f8-8b7e-664d6e9eb2a7) for task ct:1449785403595:0:21: of framework 20151210-214154-50331658-5050-6563-0000
I1210 22:10:15.364416 11730 slave.cpp:2753] Forwarding the update TASK_FINISHED (UUID: 5b24bd21-2ff9-41f8-8b7e-664d6e9eb2a7) for task ct:1449785403595:0:21: of framework 20151210-214154-50331658-5050-6563-0000 to master@10.0.0.3:5050
I1210 22:10:15.364542 11730 slave.cpp:2686] Sending acknowledgement for status update TASK_FINISHED (UUID: 5b24bd21-2ff9-41f8-8b7e-664d6e9eb2a7) for task ct:1449785403595:0:21: of framework 20151210-214154-50331658-5050-6563-0000 to executor(1)@10.0.0.6:38392
I1210 22:10:15.375357 11727 status_update_manager.cpp:389] Received status update acknowledgement (UUID: 5b24bd21-2ff9-41f8-8b7e-664d6e9eb2a7) for task ct:1449785403595:0:21: of framework 20151210-214154-50331658-5050-6563-0000
I1210 22:10:15.375396 11727 status_update_manager.hpp:346] Checkpointing ACK for status update TASK_FINISHED (UUID: 5b24bd21-2ff9-41f8-8b7e-664d6e9eb2a7) for task ct:1449785403595:0:21: of framework 20151210-214154-50331658-5050-6563-0000
I1210 22:10:15.966845 11727 containerizer.cpp:1111] Executor for container 'febdebaa-12e0-46e1-851c-70c07b2909e6' has exited
I1210 22:10:15.966904 11727 containerizer.cpp:906] Destroying container 'febdebaa-12e0-46e1-851c-70c07b2909e6'
I1210 22:10:15.973307 11727 slave.cpp:3193] Executor 'ct:1449785383073:0:20:' of framework 20151210-214154-50331658-5050-6563-0000 exited with status 0
I1210 22:10:15.973342 11727 slave.cpp:3302] Cleaning up executor 'ct:1449785383073:0:20:' of framework 20151210-214154-50331658-5050-6563-0000
I1210 22:10:15.973825 11727 gc.cpp:56] Scheduling '/var/lib/mesos/slave/slaves/20151210-220817-50331658-5050-7060-S1/frameworks/20151210-214154-50331658-5050-6563-0000/executors/ct:1449785383073:0:20:/runs/febdebaa-12e0-46e1-851c-70c07b2909e6' for gc 6.99998872964148days in the future
I1210 22:10:15.973856 11727 gc.cpp:56] Scheduling '/var/lib/mesos/slave/slaves/20151210-220817-50331658-5050-7060-S1/frameworks/20151210-214154-50331658-5050-6563-0000/executors/ct:1449785383073:0:20:' for gc 6.99998872934222days in the future
