I1210 22:09:12.970455 11731 slave.cpp:3381] Cleaning up framework 20151210-214154-50331658-5050-6563-0000
I1210 22:09:12.970589 11731 status_update_manager.cpp:279] Closing status update streams for framework 20151210-214154-50331658-5050-6563-0000
I1210 22:09:12.970516 11729 gc.cpp:56] Scheduling '/var/lib/mesos/slave/slaves/20151210-220817-50331658-5050-7060-S1/frameworks/20151210-214154-50331658-5050-6563-0000/executors/ct:1449785336798:0:17:/runs/64cb1c44-fbce-4dac-b594-425a09800059' for gc 6.99998876853037days in the future
I1210 22:09:12.970623 11729 gc.cpp:56] Scheduling '/var/lib/mesos/slave/slaves/20151210-220817-50331658-5050-7060-S1/frameworks/20151210-214154-50331658-5050-6563-0000/executors/ct:1449785336798:0:17:' for gc 6.99998876828741days in the future
I1210 22:09:12.970638 11729 gc.cpp:56] Scheduling '/var/lib/mesos/slave/meta/slaves/20151210-220817-50331658-5050-7060-S1/frameworks/20151210-214154-50331658-5050-6563-0000/executors/ct:1449785336798:0:17:/runs/64cb1c44-fbce-4dac-b594-425a09800059' for gc 6.99998876808889days in the future
I1210 22:09:12.970648 11729 gc.cpp:56] Scheduling '/var/lib/mesos/slave/meta/slaves/20151210-220817-50331658-5050-7060-S1/frameworks/20151210-214154-50331658-5050-6563-0000/executors/ct:1449785336798:0:17:' for gc 6.99998876792593days in the future
I1210 22:09:12.970657 11729 gc.cpp:56] Scheduling '/var/lib/mesos/slave/slaves/20151210-220817-50331658-5050-7060-S1/frameworks/20151210-214154-50331658-5050-6563-0000' for gc 6.99998876658667days in the future
I1210 22:09:12.970666 11729 gc.cpp:56] Scheduling '/var/lib/mesos/slave/meta/slaves/20151210-220817-50331658-5050-7060-S1/frameworks/20151210-214154-50331658-5050-6563-0000' for gc 6.99998876644741days in the future
I1210 22:09:32.489369 11727 slave.cpp:1121] Got assigned task ct:1449785369055:0:31: for framework 20151210-214154-50331658-5050-6563-0000
I1210 22:09:32.490134 11727 slave.cpp:1121] Got assigned task ct:1449785369188:0:18: for framework 20151210-214154-50331658-5050-6563-0000
I1210 22:09:32.490667 11727 slave.cpp:1121] Got assigned task ct:1449785369368:0:34: for framework 20151210-214154-50331658-5050-6563-0000
I1210 22:09:32.490885 11724 gc.cpp:84] Unscheduling '/var/lib/mesos/slave/slaves/20151210-220817-50331658-5050-7060-S1/frameworks/20151210-214154-50331658-5050-6563-0000' from gc
I1210 22:09:32.490963 11727 slave.cpp:1121] Got assigned task ct:1449785369527:0:15: for framework 20151210-214154-50331658-5050-6563-0000
I1210 22:09:32.491107 11727 slave.cpp:1121] Got assigned task ct:1449785371333:0:28: for framework 20151210-214154-50331658-5050-6563-0000
I1210 22:09:32.491243 11727 slave.cpp:1231] Launching task ct:1449785369188:0:18: for framework 20151210-214154-50331658-5050-6563-0000
I1210 22:09:32.492590 11727 slave.cpp:4160] Launching executor ct:1449785369188:0:18: of framework 20151210-214154-50331658-5050-6563-0000 in work directory '/var/lib/mesos/slave/slaves/20151210-220817-50331658-5050-7060-S1/frameworks/20151210-214154-50331658-5050-6563-0000/executors/ct:1449785369188:0:18:/runs/9ecff53d-ef79-4320-8073-779fe22bd3ca'
I1210 22:09:32.492902 11725 containerizer.cpp:472] Starting container '9ecff53d-ef79-4320-8073-779fe22bd3ca' for executor 'ct:1449785369188:0:18:' of framework '20151210-214154-50331658-5050-6563-0000'
I1210 22:09:32.493943 11725 launcher.cpp:130] Forked child with pid '13125' for container '9ecff53d-ef79-4320-8073-779fe22bd3ca'
I1210 22:09:32.494187 11725 containerizer.cpp:682] Checkpointing executor's forked pid 13125 to '/var/lib/mesos/slave/meta/slaves/20151210-220817-50331658-5050-7060-S1/frameworks/20151210-214154-50331658-5050-6563-0000/executors/ct:1449785369188:0:18:/runs/9ecff53d-ef79-4320-8073-779fe22bd3ca/pids/forked.pid'
I1210 22:09:32.497436 11727 slave.cpp:1378] Queuing task 'ct:1449785369188:0:18:' for executor ct:1449785369188:0:18: of framework '20151210-214154-50331658-5050-6563-0000
I1210 22:09:32.500095 11727 slave.cpp:1231] Launching task ct:1449785369368:0:34: for framework 20151210-214154-50331658-5050-6563-0000
I1210 22:09:32.504190 11727 slave.cpp:4160] Launching executor ct:1449785369368:0:34: of framework 20151210-214154-50331658-5050-6563-0000 in work directory '/var/lib/mesos/slave/slaves/20151210-220817-50331658-5050-7060-S1/frameworks/20151210-214154-50331658-5050-6563-0000/executors/ct:1449785369368:0:34:/runs/0ae65ae4-b9d4-4f82-b71e-c7b3bc7a4bdc'
I1210 22:09:32.506186 11728 containerizer.cpp:472] Starting container '0ae65ae4-b9d4-4f82-b71e-c7b3bc7a4bdc' for executor 'ct:1449785369368:0:34:' of framework '20151210-214154-50331658-5050-6563-0000'
I1210 22:09:32.507266 11728 launcher.cpp:130] Forked child with pid '13126' for container '0ae65ae4-b9d4-4f82-b71e-c7b3bc7a4bdc'
I1210 22:09:32.507444 11728 containerizer.cpp:682] Checkpointing executor's forked pid 13126 to '/var/lib/mesos/slave/meta/slaves/20151210-220817-50331658-5050-7060-S1/frameworks/20151210-214154-50331658-5050-6563-0000/executors/ct:1449785369368:0:34:/runs/0ae65ae4-b9d4-4f82-b71e-c7b3bc7a4bdc/pids/forked.pid'
I1210 22:09:32.511466 11727 slave.cpp:1378] Queuing task 'ct:1449785369368:0:34:' for executor ct:1449785369368:0:34: of framework '20151210-214154-50331658-5050-6563-0000
I1210 22:09:32.512790 11725 gc.cpp:84] Unscheduling '/var/lib/mesos/slave/meta/slaves/20151210-220817-50331658-5050-7060-S1/frameworks/20151210-214154-50331658-5050-6563-0000' from gc
I1210 22:09:32.512886 11727 slave.cpp:1231] Launching task ct:1449785369527:0:15: for framework 20151210-214154-50331658-5050-6563-0000
I1210 22:09:32.517856 11727 slave.cpp:4160] Launching executor ct:1449785369527:0:15: of framework 20151210-214154-50331658-5050-6563-0000 in work directory '/var/lib/mesos/slave/slaves/20151210-220817-50331658-5050-7060-S1/frameworks/20151210-214154-50331658-5050-6563-0000/executors/ct:1449785369527:0:15:/runs/2422e16a-a656-4489-84bb-2cc9965adcad'
I1210 22:09:32.522613 11731 containerizer.cpp:472] Starting container '2422e16a-a656-4489-84bb-2cc9965adcad' for executor 'ct:1449785369527:0:15:' of framework '20151210-214154-50331658-5050-6563-0000'
I1210 22:09:32.523844 11731 launcher.cpp:130] Forked child with pid '13127' for container '2422e16a-a656-4489-84bb-2cc9965adcad'
I1210 22:09:32.524288 11731 containerizer.cpp:682] Checkpointing executor's forked pid 13127 to '/var/lib/mesos/slave/meta/slaves/20151210-220817-50331658-5050-7060-S1/frameworks/20151210-214154-50331658-5050-6563-0000/executors/ct:1449785369527:0:15:/runs/2422e16a-a656-4489-84bb-2cc9965adcad/pids/forked.pid'
I1210 22:09:32.526789 11727 slave.cpp:1378] Queuing task 'ct:1449785369527:0:15:' for executor ct:1449785369527:0:15: of framework '20151210-214154-50331658-5050-6563-0000
I1210 22:09:32.535507 11727 slave.cpp:1231] Launching task ct:1449785371333:0:28: for framework 20151210-214154-50331658-5050-6563-0000
I1210 22:09:32.560660 11727 slave.cpp:4160] Launching executor ct:1449785371333:0:28: of framework 20151210-214154-50331658-5050-6563-0000 in work directory '/var/lib/mesos/slave/slaves/20151210-220817-50331658-5050-7060-S1/frameworks/20151210-214154-50331658-5050-6563-0000/executors/ct:1449785371333:0:28:/runs/63742adf-fdf6-4642-9629-8e57e25b7950'
I1210 22:09:32.593803 11724 containerizer.cpp:472] Starting container '63742adf-fdf6-4642-9629-8e57e25b7950' for executor 'ct:1449785371333:0:28:' of framework '20151210-214154-50331658-5050-6563-0000'
I1210 22:09:32.594889 11724 launcher.cpp:130] Forked child with pid '13128' for container '63742adf-fdf6-4642-9629-8e57e25b7950'
I1210 22:09:32.595115 11724 containerizer.cpp:682] Checkpointing executor's forked pid 13128 to '/var/lib/mesos/slave/meta/slaves/20151210-220817-50331658-5050-7060-S1/frameworks/20151210-214154-50331658-5050-6563-0000/executors/ct:1449785371333:0:28:/runs/63742adf-fdf6-4642-9629-8e57e25b7950/pids/forked.pid'
I1210 22:09:32.598072 11727 slave.cpp:1378] Queuing task 'ct:1449785371333:0:28:' for executor ct:1449785371333:0:28: of framework '20151210-214154-50331658-5050-6563-0000
I1210 22:09:32.602560 11727 slave.cpp:3135] Monitoring executor 'ct:1449785369188:0:18:' of framework '20151210-214154-50331658-5050-6563-0000' in container '9ecff53d-ef79-4320-8073-779fe22bd3ca'
I1210 22:09:32.605398 11727 slave.cpp:3135] Monitoring executor 'ct:1449785369368:0:34:' of framework '20151210-214154-50331658-5050-6563-0000' in container '0ae65ae4-b9d4-4f82-b71e-c7b3bc7a4bdc'
I1210 22:09:32.605515 11727 slave.cpp:1231] Launching task ct:1449785369055:0:31: for framework 20151210-214154-50331658-5050-6563-0000
I1210 22:09:32.614611 11727 slave.cpp:4160] Launching executor ct:1449785369055:0:31: of framework 20151210-214154-50331658-5050-6563-0000 in work directory '/var/lib/mesos/slave/slaves/20151210-220817-50331658-5050-7060-S1/frameworks/20151210-214154-50331658-5050-6563-0000/executors/ct:1449785369055:0:31:/runs/dd2e7874-6958-4226-86bd-3775680b01d3'
I1210 22:09:32.641700 11731 containerizer.cpp:472] Starting container 'dd2e7874-6958-4226-86bd-3775680b01d3' for executor 'ct:1449785369055:0:31:' of framework '20151210-214154-50331658-5050-6563-0000'
I1210 22:09:32.642709 11731 launcher.cpp:130] Forked child with pid '13129' for container 'dd2e7874-6958-4226-86bd-3775680b01d3'
I1210 22:09:32.645648 11731 containerizer.cpp:682] Checkpointing executor's forked pid 13129 to '/var/lib/mesos/slave/meta/slaves/20151210-220817-50331658-5050-7060-S1/frameworks/20151210-214154-50331658-5050-6563-0000/executors/ct:1449785369055:0:31:/runs/dd2e7874-6958-4226-86bd-3775680b01d3/pids/forked.pid'
I1210 22:09:32.646992 11727 slave.cpp:1378] Queuing task 'ct:1449785369055:0:31:' for executor ct:1449785369055:0:31: of framework '20151210-214154-50331658-5050-6563-0000
I1210 22:09:32.658260 11727 slave.cpp:3135] Monitoring executor 'ct:1449785369527:0:15:' of framework '20151210-214154-50331658-5050-6563-0000' in container '2422e16a-a656-4489-84bb-2cc9965adcad'
I1210 22:09:32.661227 11727 slave.cpp:3135] Monitoring executor 'ct:1449785371333:0:28:' of framework '20151210-214154-50331658-5050-6563-0000' in container '63742adf-fdf6-4642-9629-8e57e25b7950'
I1210 22:09:32.661355 11727 slave.cpp:3135] Monitoring executor 'ct:1449785369055:0:31:' of framework '20151210-214154-50331658-5050-6563-0000' in container 'dd2e7874-6958-4226-86bd-3775680b01d3'
I1210 22:09:33.048141 11724 slave.cpp:2141] Got registration for executor 'ct:1449785369368:0:34:' of framework 20151210-214154-50331658-5050-6563-0000 from executor(1)@10.0.0.6:34636
I1210 22:09:33.048998 11724 slave.cpp:1532] Sending queued task 'ct:1449785369368:0:34:' to executor 'ct:1449785369368:0:34:' of framework 20151210-214154-50331658-5050-6563-0000
I1210 22:09:33.062685 11724 slave.cpp:2508] Handling status update TASK_RUNNING (UUID: c9c0bffb-b8dc-4e88-a543-7bd0e8f6943d) for task ct:1449785369368:0:34: of framework 20151210-214154-50331658-5050-6563-0000 from executor(1)@10.0.0.6:34636
I1210 22:09:33.062824 11724 status_update_manager.cpp:317] Received status update TASK_RUNNING (UUID: c9c0bffb-b8dc-4e88-a543-7bd0e8f6943d) for task ct:1449785369368:0:34: of framework 20151210-214154-50331658-5050-6563-0000
I1210 22:09:33.063040 11724 status_update_manager.hpp:346] Checkpointing UPDATE for status update TASK_RUNNING (UUID: c9c0bffb-b8dc-4e88-a543-7bd0e8f6943d) for task ct:1449785369368:0:34: of framework 20151210-214154-50331658-5050-6563-0000
I1210 22:09:33.065696 11724 slave.cpp:2753] Forwarding the update TASK_RUNNING (UUID: c9c0bffb-b8dc-4e88-a543-7bd0e8f6943d) for task ct:1449785369368:0:34: of framework 20151210-214154-50331658-5050-6563-0000 to master@10.0.0.3:5050
I1210 22:09:33.065790 11724 slave.cpp:2686] Sending acknowledgement for status update TASK_RUNNING (UUID: c9c0bffb-b8dc-4e88-a543-7bd0e8f6943d) for task ct:1449785369368:0:34: of framework 20151210-214154-50331658-5050-6563-0000 to executor(1)@10.0.0.6:34636
I1210 22:09:33.067672 11725 status_update_manager.cpp:389] Received status update acknowledgement (UUID: c9c0bffb-b8dc-4e88-a543-7bd0e8f6943d) for task ct:1449785369368:0:34: of framework 20151210-214154-50331658-5050-6563-0000
I1210 22:09:33.067695 11725 status_update_manager.hpp:346] Checkpointing ACK for status update TASK_RUNNING (UUID: c9c0bffb-b8dc-4e88-a543-7bd0e8f6943d) for task ct:1449785369368:0:34: of framework 20151210-214154-50331658-5050-6563-0000
I1210 22:09:33.102620 11725 slave.cpp:2141] Got registration for executor 'ct:1449785369188:0:18:' of framework 20151210-214154-50331658-5050-6563-0000 from executor(1)@10.0.0.6:52774
I1210 22:09:33.103973 11725 slave.cpp:1532] Sending queued task 'ct:1449785369188:0:18:' to executor 'ct:1449785369188:0:18:' of framework 20151210-214154-50331658-5050-6563-0000
I1210 22:09:33.116775 11725 slave.cpp:2141] Got registration for executor 'ct:1449785371333:0:28:' of framework 20151210-214154-50331658-5050-6563-0000 from executor(1)@10.0.0.6:55206
I1210 22:09:33.119410 11725 slave.cpp:1532] Sending queued task 'ct:1449785371333:0:28:' to executor 'ct:1449785371333:0:28:' of framework 20151210-214154-50331658-5050-6563-0000
I1210 22:09:33.125913 11726 slave.cpp:2508] Handling status update TASK_RUNNING (UUID: 31adac0e-8012-448c-bafd-b8cfabd529db) for task ct:1449785369188:0:18: of framework 20151210-214154-50331658-5050-6563-0000 from executor(1)@10.0.0.6:52774
I1210 22:09:33.126034 11726 status_update_manager.cpp:317] Received status update TASK_RUNNING (UUID: 31adac0e-8012-448c-bafd-b8cfabd529db) for task ct:1449785369188:0:18: of framework 20151210-214154-50331658-5050-6563-0000
I1210 22:09:33.126199 11726 status_update_manager.hpp:346] Checkpointing UPDATE for status update TASK_RUNNING (UUID: 31adac0e-8012-448c-bafd-b8cfabd529db) for task ct:1449785369188:0:18: of framework 20151210-214154-50331658-5050-6563-0000
I1210 22:09:33.132601 11726 slave.cpp:2753] Forwarding the update TASK_RUNNING (UUID: 31adac0e-8012-448c-bafd-b8cfabd529db) for task ct:1449785369188:0:18: of framework 20151210-214154-50331658-5050-6563-0000 to master@10.0.0.3:5050
I1210 22:09:33.132681 11726 slave.cpp:2686] Sending acknowledgement for status update TASK_RUNNING (UUID: 31adac0e-8012-448c-bafd-b8cfabd529db) for task ct:1449785369188:0:18: of framework 20151210-214154-50331658-5050-6563-0000 to executor(1)@10.0.0.6:52774
I1210 22:09:33.134549 11726 status_update_manager.cpp:389] Received status update acknowledgement (UUID: 31adac0e-8012-448c-bafd-b8cfabd529db) for task ct:1449785369188:0:18: of framework 20151210-214154-50331658-5050-6563-0000
I1210 22:09:33.134574 11726 status_update_manager.hpp:346] Checkpointing ACK for status update TASK_RUNNING (UUID: 31adac0e-8012-448c-bafd-b8cfabd529db) for task ct:1449785369188:0:18: of framework 20151210-214154-50331658-5050-6563-0000
I1210 22:09:33.144737 11726 slave.cpp:2141] Got registration for executor 'ct:1449785369527:0:15:' of framework 20151210-214154-50331658-5050-6563-0000 from executor(1)@10.0.0.6:49770
I1210 22:09:33.145442 11726 slave.cpp:1532] Sending queued task 'ct:1449785369527:0:15:' to executor 'ct:1449785369527:0:15:' of framework 20151210-214154-50331658-5050-6563-0000
I1210 22:09:33.146777 11730 slave.cpp:2141] Got registration for executor 'ct:1449785369055:0:31:' of framework 20151210-214154-50331658-5050-6563-0000 from executor(1)@10.0.0.6:37084
I1210 22:09:33.147227 11730 slave.cpp:1532] Sending queued task 'ct:1449785369055:0:31:' to executor 'ct:1449785369055:0:31:' of framework 20151210-214154-50331658-5050-6563-0000
I1210 22:09:33.150199 11727 slave.cpp:2508] Handling status update TASK_RUNNING (UUID: 751fe2f5-84d0-4649-918d-1d5f30b19631) for task ct:1449785371333:0:28: of framework 20151210-214154-50331658-5050-6563-0000 from executor(1)@10.0.0.6:55206
I1210 22:09:33.150284 11727 status_update_manager.cpp:317] Received status update TASK_RUNNING (UUID: 751fe2f5-84d0-4649-918d-1d5f30b19631) for task ct:1449785371333:0:28: of framework 20151210-214154-50331658-5050-6563-0000
I1210 22:09:33.150434 11727 status_update_manager.hpp:346] Checkpointing UPDATE for status update TASK_RUNNING (UUID: 751fe2f5-84d0-4649-918d-1d5f30b19631) for task ct:1449785371333:0:28: of framework 20151210-214154-50331658-5050-6563-0000
I1210 22:09:33.154856 11727 slave.cpp:2753] Forwarding the update TASK_RUNNING (UUID: 751fe2f5-84d0-4649-918d-1d5f30b19631) for task ct:1449785371333:0:28: of framework 20151210-214154-50331658-5050-6563-0000 to master@10.0.0.3:5050
I1210 22:09:33.154952 11727 slave.cpp:2686] Sending acknowledgement for status update TASK_RUNNING (UUID: 751fe2f5-84d0-4649-918d-1d5f30b19631) for task ct:1449785371333:0:28: of framework 20151210-214154-50331658-5050-6563-0000 to executor(1)@10.0.0.6:55206
I1210 22:09:33.157430 11728 status_update_manager.cpp:389] Received status update acknowledgement (UUID: 751fe2f5-84d0-4649-918d-1d5f30b19631) for task ct:1449785371333:0:28: of framework 20151210-214154-50331658-5050-6563-0000
I1210 22:09:33.157461 11728 status_update_manager.hpp:346] Checkpointing ACK for status update TASK_RUNNING (UUID: 751fe2f5-84d0-4649-918d-1d5f30b19631) for task ct:1449785371333:0:28: of framework 20151210-214154-50331658-5050-6563-0000
I1210 22:09:33.161012 11731 slave.cpp:2508] Handling status update TASK_RUNNING (UUID: beb17c8b-2ab1-4661-9fba-9878f402cc39) for task ct:1449785369527:0:15: of framework 20151210-214154-50331658-5050-6563-0000 from executor(1)@10.0.0.6:49770
I1210 22:09:33.166599 11728 status_update_manager.cpp:317] Received status update TASK_RUNNING (UUID: beb17c8b-2ab1-4661-9fba-9878f402cc39) for task ct:1449785369527:0:15: of framework 20151210-214154-50331658-5050-6563-0000
I1210 22:09:33.166808 11728 status_update_manager.hpp:346] Checkpointing UPDATE for status update TASK_RUNNING (UUID: beb17c8b-2ab1-4661-9fba-9878f402cc39) for task ct:1449785369527:0:15: of framework 20151210-214154-50331658-5050-6563-0000
I1210 22:09:33.169241 11728 slave.cpp:2753] Forwarding the update TASK_RUNNING (UUID: beb17c8b-2ab1-4661-9fba-9878f402cc39) for task ct:1449785369527:0:15: of framework 20151210-214154-50331658-5050-6563-0000 to master@10.0.0.3:5050
I1210 22:09:33.169338 11728 slave.cpp:2686] Sending acknowledgement for status update TASK_RUNNING (UUID: beb17c8b-2ab1-4661-9fba-9878f402cc39) for task ct:1449785369527:0:15: of framework 20151210-214154-50331658-5050-6563-0000 to executor(1)@10.0.0.6:49770
I1210 22:09:33.172338 11728 status_update_manager.cpp:389] Received status update acknowledgement (UUID: beb17c8b-2ab1-4661-9fba-9878f402cc39) for task ct:1449785369527:0:15: of framework 20151210-214154-50331658-5050-6563-0000
I1210 22:09:33.175470 11728 status_update_manager.hpp:346] Checkpointing ACK for status update TASK_RUNNING (UUID: beb17c8b-2ab1-4661-9fba-9878f402cc39) for task ct:1449785369527:0:15: of framework 20151210-214154-50331658-5050-6563-0000
I1210 22:09:33.181826 11728 slave.cpp:2508] Handling status update TASK_RUNNING (UUID: 48b65872-c398-456c-a9c9-51d5c306e7e4) for task ct:1449785369055:0:31: of framework 20151210-214154-50331658-5050-6563-0000 from executor(1)@10.0.0.6:37084
I1210 22:09:33.181931 11728 status_update_manager.cpp:317] Received status update TASK_RUNNING (UUID: 48b65872-c398-456c-a9c9-51d5c306e7e4) for task ct:1449785369055:0:31: of framework 20151210-214154-50331658-5050-6563-0000
I1210 22:09:33.182080 11728 status_update_manager.hpp:346] Checkpointing UPDATE for status update TASK_RUNNING (UUID: 48b65872-c398-456c-a9c9-51d5c306e7e4) for task ct:1449785369055:0:31: of framework 20151210-214154-50331658-5050-6563-0000
I1210 22:09:33.186321 11728 slave.cpp:2753] Forwarding the update TASK_RUNNING (UUID: 48b65872-c398-456c-a9c9-51d5c306e7e4) for task ct:1449785369055:0:31: of framework 20151210-214154-50331658-5050-6563-0000 to master@10.0.0.3:5050
I1210 22:09:33.186398 11728 slave.cpp:2686] Sending acknowledgement for status update TASK_RUNNING (UUID: 48b65872-c398-456c-a9c9-51d5c306e7e4) for task ct:1449785369055:0:31: of framework 20151210-214154-50331658-5050-6563-0000 to executor(1)@10.0.0.6:37084
I1210 22:09:33.188642 11728 status_update_manager.cpp:389] Received status update acknowledgement (UUID: 48b65872-c398-456c-a9c9-51d5c306e7e4) for task ct:1449785369055:0:31: of framework 20151210-214154-50331658-5050-6563-0000
I1210 22:09:33.188689 11728 status_update_manager.hpp:346] Checkpointing ACK for status update TASK_RUNNING (UUID: 48b65872-c398-456c-a9c9-51d5c306e7e4) for task ct:1449785369055:0:31: of framework 20151210-214154-50331658-5050-6563-0000
I1210 22:09:33.285581 11728 slave.cpp:2508] Handling status update TASK_FINISHED (UUID: ce40c119-b9c0-45b1-82c1-026b4e66186a) for task ct:1449785369055:0:31: of framework 20151210-214154-50331658-5050-6563-0000 from executor(1)@10.0.0.6:37084
I1210 22:09:33.286589 11728 status_update_manager.cpp:317] Received status update TASK_FINISHED (UUID: ce40c119-b9c0-45b1-82c1-026b4e66186a) for task ct:1449785369055:0:31: of framework 20151210-214154-50331658-5050-6563-0000
I1210 22:09:33.286617 11728 status_update_manager.hpp:346] Checkpointing UPDATE for status update TASK_FINISHED (UUID: ce40c119-b9c0-45b1-82c1-026b4e66186a) for task ct:1449785369055:0:31: of framework 20151210-214154-50331658-5050-6563-0000
I1210 22:09:33.292193 11728 slave.cpp:2753] Forwarding the update TASK_FINISHED (UUID: ce40c119-b9c0-45b1-82c1-026b4e66186a) for task ct:1449785369055:0:31: of framework 20151210-214154-50331658-5050-6563-0000 to master@10.0.0.3:5050
I1210 22:09:33.293129 11728 slave.cpp:2686] Sending acknowledgement for status update TASK_FINISHED (UUID: ce40c119-b9c0-45b1-82c1-026b4e66186a) for task ct:1449785369055:0:31: of framework 20151210-214154-50331658-5050-6563-0000 to executor(1)@10.0.0.6:37084
I1210 22:09:33.376420 11725 status_update_manager.cpp:389] Received status update acknowledgement (UUID: ce40c119-b9c0-45b1-82c1-026b4e66186a) for task ct:1449785369055:0:31: of framework 20151210-214154-50331658-5050-6563-0000
I1210 22:09:33.376540 11725 status_update_manager.hpp:346] Checkpointing ACK for status update TASK_FINISHED (UUID: ce40c119-b9c0-45b1-82c1-026b4e66186a) for task ct:1449785369055:0:31: of framework 20151210-214154-50331658-5050-6563-0000
I1210 22:09:33.403537 11725 slave.cpp:1121] Got assigned task ct:1449785373133:0:23: for framework 20151210-214154-50331658-5050-6563-0000
I1210 22:09:33.404022 11725 slave.cpp:1231] Launching task ct:1449785373133:0:23: for framework 20151210-214154-50331658-5050-6563-0000
I1210 22:09:33.405714 11725 slave.cpp:4160] Launching executor ct:1449785373133:0:23: of framework 20151210-214154-50331658-5050-6563-0000 in work directory '/var/lib/mesos/slave/slaves/20151210-220817-50331658-5050-7060-S1/frameworks/20151210-214154-50331658-5050-6563-0000/executors/ct:1449785373133:0:23:/runs/5241d12b-4847-437f-a173-e1866818f008'
I1210 22:09:33.406108 11727 containerizer.cpp:472] Starting container '5241d12b-4847-437f-a173-e1866818f008' for executor 'ct:1449785373133:0:23:' of framework '20151210-214154-50331658-5050-6563-0000'
I1210 22:09:33.407172 11727 launcher.cpp:130] Forked child with pid '13201' for container '5241d12b-4847-437f-a173-e1866818f008'
I1210 22:09:33.407335 11727 containerizer.cpp:682] Checkpointing executor's forked pid 13201 to '/var/lib/mesos/slave/meta/slaves/20151210-220817-50331658-5050-7060-S1/frameworks/20151210-214154-50331658-5050-6563-0000/executors/ct:1449785373133:0:23:/runs/5241d12b-4847-437f-a173-e1866818f008/pids/forked.pid'
I1210 22:09:33.408460 11725 slave.cpp:1378] Queuing task 'ct:1449785373133:0:23:' for executor ct:1449785373133:0:23: of framework '20151210-214154-50331658-5050-6563-0000
I1210 22:09:33.408555 11725 slave.cpp:3135] Monitoring executor 'ct:1449785373133:0:23:' of framework '20151210-214154-50331658-5050-6563-0000' in container '5241d12b-4847-437f-a173-e1866818f008'
I1210 22:09:33.553190 11730 slave.cpp:2141] Got registration for executor 'ct:1449785373133:0:23:' of framework 20151210-214154-50331658-5050-6563-0000 from executor(1)@10.0.0.6:56834
I1210 22:09:33.553761 11730 slave.cpp:1532] Sending queued task 'ct:1449785373133:0:23:' to executor 'ct:1449785373133:0:23:' of framework 20151210-214154-50331658-5050-6563-0000
I1210 22:09:33.558020 11731 slave.cpp:2508] Handling status update TASK_RUNNING (UUID: 76a96a1a-f40f-40b2-8969-6bacace2b6f5) for task ct:1449785373133:0:23: of framework 20151210-214154-50331658-5050-6563-0000 from executor(1)@10.0.0.6:56834
I1210 22:09:33.558120 11731 status_update_manager.cpp:317] Received status update TASK_RUNNING (UUID: 76a96a1a-f40f-40b2-8969-6bacace2b6f5) for task ct:1449785373133:0:23: of framework 20151210-214154-50331658-5050-6563-0000
I1210 22:09:33.558275 11731 status_update_manager.hpp:346] Checkpointing UPDATE for status update TASK_RUNNING (UUID: 76a96a1a-f40f-40b2-8969-6bacace2b6f5) for task ct:1449785373133:0:23: of framework 20151210-214154-50331658-5050-6563-0000
I1210 22:09:33.561291 11731 slave.cpp:2753] Forwarding the update TASK_RUNNING (UUID: 76a96a1a-f40f-40b2-8969-6bacace2b6f5) for task ct:1449785373133:0:23: of framework 20151210-214154-50331658-5050-6563-0000 to master@10.0.0.3:5050
I1210 22:09:33.561384 11731 slave.cpp:2686] Sending acknowledgement for status update TASK_RUNNING (UUID: 76a96a1a-f40f-40b2-8969-6bacace2b6f5) for task ct:1449785373133:0:23: of framework 20151210-214154-50331658-5050-6563-0000 to executor(1)@10.0.0.6:56834
I1210 22:09:33.563315 11724 status_update_manager.cpp:389] Received status update acknowledgement (UUID: 76a96a1a-f40f-40b2-8969-6bacace2b6f5) for task ct:1449785373133:0:23: of framework 20151210-214154-50331658-5050-6563-0000
I1210 22:09:33.563343 11724 status_update_manager.hpp:346] Checkpointing ACK for status update TASK_RUNNING (UUID: 76a96a1a-f40f-40b2-8969-6bacace2b6f5) for task ct:1449785373133:0:23: of framework 20151210-214154-50331658-5050-6563-0000
I1210 22:09:34.266433 11726 slave.cpp:2508] Handling status update TASK_FINISHED (UUID: 2ffa7adf-587a-4267-80b3-c793b08c1c1f) for task ct:1449785371333:0:28: of framework 20151210-214154-50331658-5050-6563-0000 from executor(1)@10.0.0.6:55206
I1210 22:09:34.267451 11726 status_update_manager.cpp:317] Received status update TASK_FINISHED (UUID: 2ffa7adf-587a-4267-80b3-c793b08c1c1f) for task ct:1449785371333:0:28: of framework 20151210-214154-50331658-5050-6563-0000
I1210 22:09:34.267480 11726 status_update_manager.hpp:346] Checkpointing UPDATE for status update TASK_FINISHED (UUID: 2ffa7adf-587a-4267-80b3-c793b08c1c1f) for task ct:1449785371333:0:28: of framework 20151210-214154-50331658-5050-6563-0000
I1210 22:09:34.279430 11726 slave.cpp:2753] Forwarding the update TASK_FINISHED (UUID: 2ffa7adf-587a-4267-80b3-c793b08c1c1f) for task ct:1449785371333:0:28: of framework 20151210-214154-50331658-5050-6563-0000 to master@10.0.0.3:5050
I1210 22:09:34.279754 11726 slave.cpp:2686] Sending acknowledgement for status update TASK_FINISHED (UUID: 2ffa7adf-587a-4267-80b3-c793b08c1c1f) for task ct:1449785371333:0:28: of framework 20151210-214154-50331658-5050-6563-0000 to executor(1)@10.0.0.6:55206
I1210 22:09:34.317222 11727 containerizer.cpp:1111] Executor for container 'dd2e7874-6958-4226-86bd-3775680b01d3' has exited
I1210 22:09:34.317260 11727 containerizer.cpp:906] Destroying container 'dd2e7874-6958-4226-86bd-3775680b01d3'
I1210 22:09:34.318830 11727 slave.cpp:3193] Executor 'ct:1449785369055:0:31:' of framework 20151210-214154-50331658-5050-6563-0000 exited with status 0
I1210 22:09:34.318863 11727 slave.cpp:3302] Cleaning up executor 'ct:1449785369055:0:31:' of framework 20151210-214154-50331658-5050-6563-0000
I1210 22:09:34.319067 11727 gc.cpp:56] Scheduling '/var/lib/mesos/slave/slaves/20151210-220817-50331658-5050-7060-S1/frameworks/20151210-214154-50331658-5050-6563-0000/executors/ct:1449785369055:0:31:/runs/dd2e7874-6958-4226-86bd-3775680b01d3' for gc 6.99999630812444days in the future
I1210 22:09:34.319097 11727 gc.cpp:56] Scheduling '/var/lib/mesos/slave/slaves/20151210-220817-50331658-5050-7060-S1/frameworks/20151210-214154-50331658-5050-6563-0000/executors/ct:1449785369055:0:31:' for gc 6.99999630786074days in the future
I1210 22:09:34.324661 11727 gc.cpp:56] Scheduling '/var/lib/mesos/slave/meta/slaves/20151210-220817-50331658-5050-7060-S1/frameworks/20151210-214154-50331658-5050-6563-0000/executors/ct:1449785369055:0:31:/runs/dd2e7874-6958-4226-86bd-3775680b01d3' for gc 6.99999630765037days in the future
I1210 22:09:34.324687 11727 gc.cpp:56] Scheduling '/var/lib/mesos/slave/meta/slaves/20151210-220817-50331658-5050-7060-S1/frameworks/20151210-214154-50331658-5050-6563-0000/executors/ct:1449785369055:0:31:' for gc 6.99999630747556days in the future
I1210 22:09:34.337368 11729 status_update_manager.cpp:389] Received status update acknowledgement (UUID: 2ffa7adf-587a-4267-80b3-c793b08c1c1f) for task ct:1449785371333:0:28: of framework 20151210-214154-50331658-5050-6563-0000
I1210 22:09:34.337853 11729 status_update_manager.hpp:346] Checkpointing ACK for status update TASK_FINISHED (UUID: 2ffa7adf-587a-4267-80b3-c793b08c1c1f) for task ct:1449785371333:0:28: of framework 20151210-214154-50331658-5050-6563-0000
I1210 22:09:34.444937 11727 slave.cpp:1121] Got assigned task ct:1449785373705:0:16: for framework 20151210-214154-50331658-5050-6563-0000
I1210 22:09:34.446722 11727 slave.cpp:1231] Launching task ct:1449785373705:0:16: for framework 20151210-214154-50331658-5050-6563-0000
I1210 22:09:34.448693 11727 slave.cpp:4160] Launching executor ct:1449785373705:0:16: of framework 20151210-214154-50331658-5050-6563-0000 in work directory '/var/lib/mesos/slave/slaves/20151210-220817-50331658-5050-7060-S1/frameworks/20151210-214154-50331658-5050-6563-0000/executors/ct:1449785373705:0:16:/runs/668291bf-b42d-4993-814a-f5f97316bcba'
I1210 22:09:34.452463 11725 containerizer.cpp:472] Starting container '668291bf-b42d-4993-814a-f5f97316bcba' for executor 'ct:1449785373705:0:16:' of framework '20151210-214154-50331658-5050-6563-0000'
I1210 22:09:34.453773 11725 launcher.cpp:130] Forked child with pid '13217' for container '668291bf-b42d-4993-814a-f5f97316bcba'
I1210 22:09:34.454141 11725 containerizer.cpp:682] Checkpointing executor's forked pid 13217 to '/var/lib/mesos/slave/meta/slaves/20151210-220817-50331658-5050-7060-S1/frameworks/20151210-214154-50331658-5050-6563-0000/executors/ct:1449785373705:0:16:/runs/668291bf-b42d-4993-814a-f5f97316bcba/pids/forked.pid'
I1210 22:09:34.456610 11727 slave.cpp:1378] Queuing task 'ct:1449785373705:0:16:' for executor ct:1449785373705:0:16: of framework '20151210-214154-50331658-5050-6563-0000
I1210 22:09:34.456789 11727 slave.cpp:3135] Monitoring executor 'ct:1449785373705:0:16:' of framework '20151210-214154-50331658-5050-6563-0000' in container '668291bf-b42d-4993-814a-f5f97316bcba'
I1210 22:09:34.653946 11727 slave.cpp:2141] Got registration for executor 'ct:1449785373705:0:16:' of framework 20151210-214154-50331658-5050-6563-0000 from executor(1)@10.0.0.6:38678
I1210 22:09:34.657124 11727 slave.cpp:1532] Sending queued task 'ct:1449785373705:0:16:' to executor 'ct:1449785373705:0:16:' of framework 20151210-214154-50331658-5050-6563-0000
I1210 22:09:34.660827 11725 slave.cpp:2508] Handling status update TASK_RUNNING (UUID: c8c7a4d7-2577-42aa-9e11-26d4a9ed7311) for task ct:1449785373705:0:16: of framework 20151210-214154-50331658-5050-6563-0000 from executor(1)@10.0.0.6:38678
I1210 22:09:34.661254 11725 status_update_manager.cpp:317] Received status update TASK_RUNNING (UUID: c8c7a4d7-2577-42aa-9e11-26d4a9ed7311) for task ct:1449785373705:0:16: of framework 20151210-214154-50331658-5050-6563-0000
I1210 22:09:34.661922 11725 status_update_manager.hpp:346] Checkpointing UPDATE for status update TASK_RUNNING (UUID: c8c7a4d7-2577-42aa-9e11-26d4a9ed7311) for task ct:1449785373705:0:16: of framework 20151210-214154-50331658-5050-6563-0000
I1210 22:09:34.664988 11725 slave.cpp:2753] Forwarding the update TASK_RUNNING (UUID: c8c7a4d7-2577-42aa-9e11-26d4a9ed7311) for task ct:1449785373705:0:16: of framework 20151210-214154-50331658-5050-6563-0000 to master@10.0.0.3:5050
I1210 22:09:34.665204 11725 slave.cpp:2686] Sending acknowledgement for status update TASK_RUNNING (UUID: c8c7a4d7-2577-42aa-9e11-26d4a9ed7311) for task ct:1449785373705:0:16: of framework 20151210-214154-50331658-5050-6563-0000 to executor(1)@10.0.0.6:38678
I1210 22:09:34.675330 11729 status_update_manager.cpp:389] Received status update acknowledgement (UUID: c8c7a4d7-2577-42aa-9e11-26d4a9ed7311) for task ct:1449785373705:0:16: of framework 20151210-214154-50331658-5050-6563-0000
I1210 22:09:34.675487 11729 status_update_manager.hpp:346] Checkpointing ACK for status update TASK_RUNNING (UUID: c8c7a4d7-2577-42aa-9e11-26d4a9ed7311) for task ct:1449785373705:0:16: of framework 20151210-214154-50331658-5050-6563-0000
I1210 22:09:35.330482 11728 containerizer.cpp:1111] Executor for container '63742adf-fdf6-4642-9629-8e57e25b7950' has exited
I1210 22:09:35.330638 11728 containerizer.cpp:906] Destroying container '63742adf-fdf6-4642-9629-8e57e25b7950'
I1210 22:09:35.333461 11726 slave.cpp:3193] Executor 'ct:1449785371333:0:28:' of framework 20151210-214154-50331658-5050-6563-0000 exited with status 0
I1210 22:09:35.333511 11726 slave.cpp:3302] Cleaning up executor 'ct:1449785371333:0:28:' of framework 20151210-214154-50331658-5050-6563-0000
I1210 22:09:35.333803 11726 gc.cpp:56] Scheduling '/var/lib/mesos/slave/slaves/20151210-220817-50331658-5050-7060-S1/frameworks/20151210-214154-50331658-5050-6563-0000/executors/ct:1449785371333:0:28:/runs/63742adf-fdf6-4642-9629-8e57e25b7950' for gc 6.99999613792889days in the future
I1210 22:09:35.333844 11726 gc.cpp:56] Scheduling '/var/lib/mesos/slave/slaves/20151210-220817-50331658-5050-7060-S1/frameworks/20151210-214154-50331658-5050-6563-0000/executors/ct:1449785371333:0:28:' for gc 6.99999613751111days in the future
I1210 22:09:35.333858 11726 gc.cpp:56] Scheduling '/var/lib/mesos/slave/meta/slaves/20151210-220817-50331658-5050-7060-S1/frameworks/20151210-214154-50331658-5050-6563-0000/executors/ct:1449785371333:0:28:/runs/63742adf-fdf6-4642-9629-8e57e25b7950' for gc 6.99999613729185days in the future
I1210 22:09:35.333868 11726 gc.cpp:56] Scheduling '/var/lib/mesos/slave/meta/slaves/20151210-220817-50331658-5050-7060-S1/frameworks/20151210-214154-50331658-5050-6563-0000/executors/ct:1449785371333:0:28:' for gc 6.99999613713185days in the future
I1210 22:09:36.782026 11725 slave.cpp:2508] Handling status update TASK_FINISHED (UUID: a999d92b-084b-4138-b795-f0a7faf2452b) for task ct:1449785373705:0:16: of framework 20151210-214154-50331658-5050-6563-0000 from executor(1)@10.0.0.6:38678
I1210 22:09:36.782254 11725 status_update_manager.cpp:317] Received status update TASK_FINISHED (UUID: a999d92b-084b-4138-b795-f0a7faf2452b) for task ct:1449785373705:0:16: of framework 20151210-214154-50331658-5050-6563-0000
I1210 22:09:36.782279 11725 status_update_manager.hpp:346] Checkpointing UPDATE for status update TASK_FINISHED (UUID: a999d92b-084b-4138-b795-f0a7faf2452b) for task ct:1449785373705:0:16: of framework 20151210-214154-50331658-5050-6563-0000
I1210 22:09:36.785928 11725 slave.cpp:2753] Forwarding the update TASK_FINISHED (UUID: a999d92b-084b-4138-b795-f0a7faf2452b) for task ct:1449785373705:0:16: of framework 20151210-214154-50331658-5050-6563-0000 to master@10.0.0.3:5050
I1210 22:09:36.786113 11725 slave.cpp:2686] Sending acknowledgement for status update TASK_FINISHED (UUID: a999d92b-084b-4138-b795-f0a7faf2452b) for task ct:1449785373705:0:16: of framework 20151210-214154-50331658-5050-6563-0000 to executor(1)@10.0.0.6:38678
I1210 22:09:36.824882 11726 status_update_manager.cpp:389] Received status update acknowledgement (UUID: a999d92b-084b-4138-b795-f0a7faf2452b) for task ct:1449785373705:0:16: of framework 20151210-214154-50331658-5050-6563-0000
I1210 22:09:36.824921 11726 status_update_manager.hpp:346] Checkpointing ACK for status update TASK_FINISHED (UUID: a999d92b-084b-4138-b795-f0a7faf2452b) for task ct:1449785373705:0:16: of framework 20151210-214154-50331658-5050-6563-0000
I1210 22:09:37.317752 11726 slave.cpp:2508] Handling status update TASK_FINISHED (UUID: bcbc508f-0d77-467b-a78d-5a317638fd00) for task ct:1449785369527:0:15: of framework 20151210-214154-50331658-5050-6563-0000 from executor(1)@10.0.0.6:49770
I1210 22:09:37.318166 11726 status_update_manager.cpp:317] Received status update TASK_FINISHED (UUID: bcbc508f-0d77-467b-a78d-5a317638fd00) for task ct:1449785369527:0:15: of framework 20151210-214154-50331658-5050-6563-0000
I1210 22:09:37.318231 11726 status_update_manager.hpp:346] Checkpointing UPDATE for status update TASK_FINISHED (UUID: bcbc508f-0d77-467b-a78d-5a317638fd00) for task ct:1449785369527:0:15: of framework 20151210-214154-50331658-5050-6563-0000
I1210 22:09:37.322294 11726 slave.cpp:2753] Forwarding the update TASK_FINISHED (UUID: bcbc508f-0d77-467b-a78d-5a317638fd00) for task ct:1449785369527:0:15: of framework 20151210-214154-50331658-5050-6563-0000 to master@10.0.0.3:5050
I1210 22:09:37.322427 11726 slave.cpp:2686] Sending acknowledgement for status update TASK_FINISHED (UUID: bcbc508f-0d77-467b-a78d-5a317638fd00) for task ct:1449785369527:0:15: of framework 20151210-214154-50331658-5050-6563-0000 to executor(1)@10.0.0.6:49770
I1210 22:09:37.343813 11729 status_update_manager.cpp:389] Received status update acknowledgement (UUID: bcbc508f-0d77-467b-a78d-5a317638fd00) for task ct:1449785369527:0:15: of framework 20151210-214154-50331658-5050-6563-0000
I1210 22:09:37.343878 11729 status_update_manager.hpp:346] Checkpointing ACK for status update TASK_FINISHED (UUID: bcbc508f-0d77-467b-a78d-5a317638fd00) for task ct:1449785369527:0:15: of framework 20151210-214154-50331658-5050-6563-0000
I1210 22:09:37.850419 11727 containerizer.cpp:1111] Executor for container '668291bf-b42d-4993-814a-f5f97316bcba' has exited
I1210 22:09:37.850452 11727 containerizer.cpp:906] Destroying container '668291bf-b42d-4993-814a-f5f97316bcba'
I1210 22:09:37.852130 11727 slave.cpp:3193] Executor 'ct:1449785373705:0:16:' of framework 20151210-214154-50331658-5050-6563-0000 exited with status 0
I1210 22:09:37.852174 11727 slave.cpp:3302] Cleaning up executor 'ct:1449785373705:0:16:' of framework 20151210-214154-50331658-5050-6563-0000
I1210 22:09:37.852529 11727 gc.cpp:56] Scheduling '/var/lib/mesos/slave/slaves/20151210-220817-50331658-5050-7060-S1/frameworks/20151210-214154-50331658-5050-6563-0000/executors/ct:1449785373705:0:16:/runs/668291bf-b42d-4993-814a-f5f97316bcba' for gc 6.99999013410963days in the future
I1210 22:09:37.852768 11727 gc.cpp:56] Scheduling '/var/lib/mesos/slave/slaves/20151210-220817-50331658-5050-7060-S1/frameworks/20151210-214154-50331658-5050-6563-0000/executors/ct:1449785373705:0:16:' for gc 6.99999013372741days in the future
I1210 22:09:37.852934 11727 gc.cpp:56] Scheduling '/var/lib/mesos/slave/meta/slaves/20151210-220817-50331658-5050-7060-S1/frameworks/20151210-214154-50331658-5050-6563-0000/executors/ct:1449785373705:0:16:/runs/668291bf-b42d-4993-814a-f5f97316bcba' for gc 6.99999013352days in the future
I1210 22:09:37.852965 11727 gc.cpp:56] Scheduling '/var/lib/mesos/slave/meta/slaves/20151210-220817-50331658-5050-7060-S1/frameworks/20151210-214154-50331658-5050-6563-0000/executors/ct:1449785373705:0:16:' for gc 6.99999013335704days in the future
I1210 22:09:38.358117 11729 containerizer.cpp:1111] Executor for container '2422e16a-a656-4489-84bb-2cc9965adcad' has exited
I1210 22:09:38.358201 11729 containerizer.cpp:906] Destroying container '2422e16a-a656-4489-84bb-2cc9965adcad'
I1210 22:09:38.360486 11727 slave.cpp:3193] Executor 'ct:1449785369527:0:15:' of framework 20151210-214154-50331658-5050-6563-0000 exited with status 0
I1210 22:09:38.360538 11727 slave.cpp:3302] Cleaning up executor 'ct:1449785369527:0:15:' of framework 20151210-214154-50331658-5050-6563-0000
I1210 22:09:38.361018 11727 gc.cpp:56] Scheduling '/var/lib/mesos/slave/slaves/20151210-220817-50331658-5050-7060-S1/frameworks/20151210-214154-50331658-5050-6563-0000/executors/ct:1449785369527:0:15:/runs/2422e16a-a656-4489-84bb-2cc9965adcad' for gc 6.99999582264days in the future
I1210 22:09:38.361064 11727 gc.cpp:56] Scheduling '/var/lib/mesos/slave/slaves/20151210-220817-50331658-5050-7060-S1/frameworks/20151210-214154-50331658-5050-6563-0000/executors/ct:1449785369527:0:15:' for gc 6.99999582220148days in the future
I1210 22:09:38.361112 11727 gc.cpp:56] Scheduling '/var/lib/mesos/slave/meta/slaves/20151210-220817-50331658-5050-7060-S1/frameworks/20151210-214154-50331658-5050-6563-0000/executors/ct:1449785369527:0:15:/runs/2422e16a-a656-4489-84bb-2cc9965adcad' for gc 6.99999582187556days in the future
I1210 22:09:38.361135 11727 gc.cpp:56] Scheduling '/var/lib/mesos/slave/meta/slaves/20151210-220817-50331658-5050-7060-S1/frameworks/20151210-214154-50331658-5050-6563-0000/executors/ct:1449785369527:0:15:' for gc 6.99999582168days in the future
I1210 22:09:40.149807 11726 slave.cpp:2508] Handling status update TASK_FINISHED (UUID: f986243b-6f93-4090-9d8a-5f9bd25ad08a) for task ct:1449785369368:0:34: of framework 20151210-214154-50331658-5050-6563-0000 from executor(1)@10.0.0.6:34636
I1210 22:09:40.154096 11726 status_update_manager.cpp:317] Received status update TASK_FINISHED (UUID: f986243b-6f93-4090-9d8a-5f9bd25ad08a) for task ct:1449785369368:0:34: of framework 20151210-214154-50331658-5050-6563-0000
I1210 22:09:40.154139 11726 status_update_manager.hpp:346] Checkpointing UPDATE for status update TASK_FINISHED (UUID: f986243b-6f93-4090-9d8a-5f9bd25ad08a) for task ct:1449785369368:0:34: of framework 20151210-214154-50331658-5050-6563-0000
I1210 22:09:40.337023 11726 slave.cpp:2753] Forwarding the update TASK_FINISHED (UUID: f986243b-6f93-4090-9d8a-5f9bd25ad08a) for task ct:1449785369368:0:34: of framework 20151210-214154-50331658-5050-6563-0000 to master@10.0.0.3:5050
I1210 22:09:40.337123 11726 slave.cpp:2686] Sending acknowledgement for status update TASK_FINISHED (UUID: f986243b-6f93-4090-9d8a-5f9bd25ad08a) for task ct:1449785369368:0:34: of framework 20151210-214154-50331658-5050-6563-0000 to executor(1)@10.0.0.6:34636
I1210 22:09:40.364852 11726 status_update_manager.cpp:389] Received status update acknowledgement (UUID: f986243b-6f93-4090-9d8a-5f9bd25ad08a) for task ct:1449785369368:0:34: of framework 20151210-214154-50331658-5050-6563-0000
I1210 22:09:40.364895 11726 status_update_manager.hpp:346] Checkpointing ACK for status update TASK_FINISHED (UUID: f986243b-6f93-4090-9d8a-5f9bd25ad08a) for task ct:1449785369368:0:34: of framework 20151210-214154-50331658-5050-6563-0000
I1210 22:09:41.189074 11727 containerizer.cpp:1111] Executor for container '0ae65ae4-b9d4-4f82-b71e-c7b3bc7a4bdc' has exited
I1210 22:09:41.189172 11727 containerizer.cpp:906] Destroying container '0ae65ae4-b9d4-4f82-b71e-c7b3bc7a4bdc'
I1210 22:09:41.190731 11730 slave.cpp:3193] Executor 'ct:1449785369368:0:34:' of framework 20151210-214154-50331658-5050-6563-0000 exited with status 0
I1210 22:09:41.190776 11730 slave.cpp:3302] Cleaning up executor 'ct:1449785369368:0:34:' of framework 20151210-214154-50331658-5050-6563-0000
I1210 22:09:41.191045 11730 gc.cpp:56] Scheduling '/var/lib/mesos/slave/slaves/20151210-220817-50331658-5050-7060-S1/frameworks/20151210-214154-50331658-5050-6563-0000/executors/ct:1449785369368:0:34:/runs/0ae65ae4-b9d4-4f82-b71e-c7b3bc7a4bdc' for gc 6.99999778967407days in the future
I1210 22:09:41.191098 11730 gc.cpp:56] Scheduling '/var/lib/mesos/slave/slaves/20151210-220817-50331658-5050-7060-S1/frameworks/20151210-214154-50331658-5050-6563-0000/executors/ct:1449785369368:0:34:' for gc 6.99999778934222days in the future
I1210 22:09:41.191113 11730 gc.cpp:56] Scheduling '/var/lib/mesos/slave/meta/slaves/20151210-220817-50331658-5050-7060-S1/frameworks/20151210-214154-50331658-5050-6563-0000/executors/ct:1449785369368:0:34:/runs/0ae65ae4-b9d4-4f82-b71e-c7b3bc7a4bdc' for gc 6.99999778909926days in the future
I1210 22:09:41.191128 11730 gc.cpp:56] Scheduling '/var/lib/mesos/slave/meta/slaves/20151210-220817-50331658-5050-7060-S1/frameworks/20151210-214154-50331658-5050-6563-0000/executors/ct:1449785369368:0:34:' for gc 6.99999778891259days in the future
I1210 22:09:41.305021 11731 slave.cpp:2508] Handling status update TASK_FINISHED (UUID: 4fd1446b-8f77-4b70-916d-799aa38c18cd) for task ct:1449785369188:0:18: of framework 20151210-214154-50331658-5050-6563-0000 from executor(1)@10.0.0.6:52774
I1210 22:09:41.305680 11728 status_update_manager.cpp:317] Received status update TASK_FINISHED (UUID: 4fd1446b-8f77-4b70-916d-799aa38c18cd) for task ct:1449785369188:0:18: of framework 20151210-214154-50331658-5050-6563-0000
I1210 22:09:41.305785 11728 status_update_manager.hpp:346] Checkpointing UPDATE for status update TASK_FINISHED (UUID: 4fd1446b-8f77-4b70-916d-799aa38c18cd) for task ct:1449785369188:0:18: of framework 20151210-214154-50331658-5050-6563-0000
I1210 22:09:41.309991 11729 slave.cpp:2753] Forwarding the update TASK_FINISHED (UUID: 4fd1446b-8f77-4b70-916d-799aa38c18cd) for task ct:1449785369188:0:18: of framework 20151210-214154-50331658-5050-6563-0000 to master@10.0.0.3:5050
I1210 22:09:41.316774 11728 slave.cpp:2686] Sending acknowledgement for status update TASK_FINISHED (UUID: 4fd1446b-8f77-4b70-916d-799aa38c18cd) for task ct:1449785369188:0:18: of framework 20151210-214154-50331658-5050-6563-0000 to executor(1)@10.0.0.6:52774
I1210 22:09:41.319716 11728 status_update_manager.cpp:389] Received status update acknowledgement (UUID: 4fd1446b-8f77-4b70-916d-799aa38c18cd) for task ct:1449785369188:0:18: of framework 20151210-214154-50331658-5050-6563-0000
I1210 22:09:41.319743 11728 status_update_manager.hpp:346] Checkpointing ACK for status update TASK_FINISHED (UUID: 4fd1446b-8f77-4b70-916d-799aa38c18cd) for task ct:1449785369188:0:18: of framework 20151210-214154-50331658-5050-6563-0000
I1210 22:09:42.313071 11727 containerizer.cpp:1111] Executor for container '9ecff53d-ef79-4320-8073-779fe22bd3ca' has exited
I1210 22:09:42.313117 11727 containerizer.cpp:906] Destroying container '9ecff53d-ef79-4320-8073-779fe22bd3ca'
I1210 22:09:42.314178 11727 slave.cpp:3193] Executor 'ct:1449785369188:0:18:' of framework 20151210-214154-50331658-5050-6563-0000 exited with status 0
I1210 22:09:42.314214 11727 slave.cpp:3302] Cleaning up executor 'ct:1449785369188:0:18:' of framework 20151210-214154-50331658-5050-6563-0000
I1210 22:09:42.314417 11727 gc.cpp:56] Scheduling '/var/lib/mesos/slave/slaves/20151210-220817-50331658-5050-7060-S1/frameworks/20151210-214154-50331658-5050-6563-0000/executors/ct:1449785369188:0:18:/runs/9ecff53d-ef79-4320-8073-779fe22bd3ca' for gc 6.9999963619437days in the future
I1210 22:09:42.314445 11727 gc.cpp:56] Scheduling '/var/lib/mesos/slave/slaves/20151210-220817-50331658-5050-7060-S1/frameworks/20151210-214154-50331658-5050-6563-0000/executors/ct:1449785369188:0:18:' for gc 6.99999636169185days in the future
I1210 22:09:42.314456 11727 gc.cpp:56] Scheduling '/var/lib/mesos/slave/meta/slaves/20151210-220817-50331658-5050-7060-S1/frameworks/20151210-214154-50331658-5050-6563-0000/executors/ct:1449785369188:0:18:/runs/9ecff53d-ef79-4320-8073-779fe22bd3ca' for gc 6.99999636148148days in the future
I1210 22:09:42.314472 11727 gc.cpp:56] Scheduling '/var/lib/mesos/slave/meta/slaves/20151210-220817-50331658-5050-7060-S1/frameworks/20151210-214154-50331658-5050-6563-0000/executors/ct:1449785369188:0:18:' for gc 6.99999636131852days in the future
I1210 22:09:42.578722 11726 slave.cpp:2508] Handling status update TASK_FINISHED (UUID: e981df9a-bf5f-428d-8540-f953231f65b3) for task ct:1449785373133:0:23: of framework 20151210-214154-50331658-5050-6563-0000 from executor(1)@10.0.0.6:56834
I1210 22:09:42.578910 11726 status_update_manager.cpp:317] Received status update TASK_FINISHED (UUID: e981df9a-bf5f-428d-8540-f953231f65b3) for task ct:1449785373133:0:23: of framework 20151210-214154-50331658-5050-6563-0000
I1210 22:09:42.578928 11726 status_update_manager.hpp:346] Checkpointing UPDATE for status update TASK_FINISHED (UUID: e981df9a-bf5f-428d-8540-f953231f65b3) for task ct:1449785373133:0:23: of framework 20151210-214154-50331658-5050-6563-0000
I1210 22:09:42.581763 11726 slave.cpp:2753] Forwarding the update TASK_FINISHED (UUID: e981df9a-bf5f-428d-8540-f953231f65b3) for task ct:1449785373133:0:23: of framework 20151210-214154-50331658-5050-6563-0000 to master@10.0.0.3:5050
I1210 22:09:42.581846 11726 slave.cpp:2686] Sending acknowledgement for status update TASK_FINISHED (UUID: e981df9a-bf5f-428d-8540-f953231f65b3) for task ct:1449785373133:0:23: of framework 20151210-214154-50331658-5050-6563-0000 to executor(1)@10.0.0.6:56834
I1210 22:09:42.601282 11731 status_update_manager.cpp:389] Received status update acknowledgement (UUID: e981df9a-bf5f-428d-8540-f953231f65b3) for task ct:1449785373133:0:23: of framework 20151210-214154-50331658-5050-6563-0000
I1210 22:09:42.601343 11731 status_update_manager.hpp:346] Checkpointing ACK for status update TASK_FINISHED (UUID: e981df9a-bf5f-428d-8540-f953231f65b3) for task ct:1449785373133:0:23: of framework 20151210-214154-50331658-5050-6563-0000
I1210 22:09:43.641799 11729 containerizer.cpp:1111] Executor for container '5241d12b-4847-437f-a173-e1866818f008' has exited
I1210 22:09:43.641958 11729 containerizer.cpp:906] Destroying container '5241d12b-4847-437f-a173-e1866818f008'
I1210 22:09:43.643190 11727 slave.cpp:3193] Executor 'ct:1449785373133:0:23:' of framework 20151210-214154-50331658-5050-6563-0000 exited with status 0
I1210 22:09:43.643229 11727 slave.cpp:3302] Cleaning up executor 'ct:1449785373133:0:23:' of framework 20151210-214154-50331658-5050-6563-0000
I1210 22:09:43.643437 11727 slave.cpp:3381] Cleaning up framework 20151210-214154-50331658-5050-6563-0000
I1210 22:09:43.643528 11727 gc.cpp:56] Scheduling '/var/lib/mesos/slave/slaves/20151210-220817-50331658-5050-7060-S1/frameworks/20151210-214154-50331658-5050-6563-0000/executors/ct:1449785373133:0:23:/runs/5241d12b-4847-437f-a173-e1866818f008' for gc 6.9999925536days in the future
