I1210 22:11:00.264536 11725 gc.cpp:56] Scheduling '/var/lib/mesos/slave/slaves/20151210-220817-50331658-5050-7060-S1/frameworks/20151210-214154-50331658-5050-6563-0000' for gc 6.99999693998815days in the future
I1210 22:11:00.264550 11725 gc.cpp:56] Scheduling '/var/lib/mesos/slave/meta/slaves/20151210-220817-50331658-5050-7060-S1/frameworks/20151210-214154-50331658-5050-6563-0000' for gc 6.99999693976889days in the future
I1210 22:11:01.346698 11725 slave.cpp:3618] Current disk usage 26.70%. Max allowed age: 4.430677485023727days
I1210 22:11:06.028640 11726 slave.cpp:3534] Framework 20151210-214154-50331658-5050-6563-0000 seems to have exited. Ignoring registration timeout for executor 'ct:1449785382804:0:4:'
I1210 22:11:06.036484 11726 slave.cpp:3534] Framework 20151210-214154-50331658-5050-6563-0000 seems to have exited. Ignoring registration timeout for executor 'ct:1449785383073:0:20:'
I1210 22:11:06.043869 11726 slave.cpp:3534] Framework 20151210-214154-50331658-5050-6563-0000 seems to have exited. Ignoring registration timeout for executor 'ct:1449785384292:0:27:'
I1210 22:11:06.066390 11726 slave.cpp:3534] Framework 20151210-214154-50331658-5050-6563-0000 seems to have exited. Ignoring registration timeout for executor 'ct:1449785385208:0:30:'
I1210 22:11:06.072722 11726 slave.cpp:3534] Framework 20151210-214154-50331658-5050-6563-0000 seems to have exited. Ignoring registration timeout for executor 'ct:1449785385875:0:6:'
I1210 22:11:06.094386 11726 slave.cpp:3534] Framework 20151210-214154-50331658-5050-6563-0000 seems to have exited. Ignoring registration timeout for executor 'ct:1449785386357:0:38:'
I1210 22:11:06.114868 11726 slave.cpp:3534] Framework 20151210-214154-50331658-5050-6563-0000 seems to have exited. Ignoring registration timeout for executor 'ct:1449785386328:0:29:'
I1210 22:11:06.127858 11726 slave.cpp:3534] Framework 20151210-214154-50331658-5050-6563-0000 seems to have exited. Ignoring registration timeout for executor 'ct:1449785389945:0:22:'
I1210 22:11:06.147424 11726 slave.cpp:3534] Framework 20151210-214154-50331658-5050-6563-0000 seems to have exited. Ignoring registration timeout for executor 'ct:1449785393464:0:13:'
I1210 22:11:06.168833 11726 slave.cpp:3534] Framework 20151210-214154-50331658-5050-6563-0000 seems to have exited. Ignoring registration timeout for executor 'ct:1449785395287:0:32:'
I1210 22:11:06.192121 11731 slave.cpp:3534] Framework 20151210-214154-50331658-5050-6563-0000 seems to have exited. Ignoring registration timeout for executor 'ct:1449785400585:0:1:'
I1210 22:11:06.220109 11727 slave.cpp:3534] Framework 20151210-214154-50331658-5050-6563-0000 seems to have exited. Ignoring registration timeout for executor 'ct:1449785401055:0:31:'
I1210 22:11:06.249784 11725 slave.cpp:3534] Framework 20151210-214154-50331658-5050-6563-0000 seems to have exited. Ignoring registration timeout for executor 'ct:1449785401108:0:12:'
I1210 22:11:06.289408 11726 slave.cpp:3534] Framework 20151210-214154-50331658-5050-6563-0000 seems to have exited. Ignoring registration timeout for executor 'ct:1449785402370:0:7:'
I1210 22:11:06.328004 11726 slave.cpp:3534] Framework 20151210-214154-50331658-5050-6563-0000 seems to have exited. Ignoring registration timeout for executor 'ct:1449785403333:0:28:'
I1210 22:11:06.359344 11726 slave.cpp:3534] Framework 20151210-214154-50331658-5050-6563-0000 seems to have exited. Ignoring registration timeout for executor 'ct:1449785403188:0:18:'
I1210 22:11:06.400765 11726 slave.cpp:3534] Framework 20151210-214154-50331658-5050-6563-0000 seems to have exited. Ignoring registration timeout for executor 'ct:1449785403595:0:21:'
I1210 22:11:06.445730 11727 slave.cpp:3534] Framework 20151210-214154-50331658-5050-6563-0000 seems to have exited. Ignoring registration timeout for executor 'ct:1449785381620:0:8:'
I1210 22:11:12.947616 11730 slave.cpp:3534] Framework 20151210-214154-50331658-5050-6563-0000 seems to have exited. Ignoring registration timeout for executor 'ct:1449785407452:0:26:'
I1210 22:11:12.955972 11725 slave.cpp:3534] Framework 20151210-214154-50331658-5050-6563-0000 seems to have exited. Ignoring registration timeout for executor 'ct:1449785410620:0:8:'
I1210 22:11:12.967025 11725 slave.cpp:3534] Framework 20151210-214154-50331658-5050-6563-0000 seems to have exited. Ignoring registration timeout for executor 'ct:1449785410689:0:3:'
I1210 22:11:12.975548 11725 slave.cpp:3534] Framework 20151210-214154-50331658-5050-6563-0000 seems to have exited. Ignoring registration timeout for executor 'ct:1449785411705:0:16:'
I1210 22:11:14.948941 11725 slave.cpp:3534] Framework 20151210-214154-50331658-5050-6563-0000 seems to have exited. Ignoring registration timeout for executor 'ct:1449785413133:0:23:'
I1210 22:11:14.952311 11725 slave.cpp:3534] Framework 20151210-214154-50331658-5050-6563-0000 seems to have exited. Ignoring registration timeout for executor 'ct:1449785413247:0:9:'
I1210 22:11:14.969804 11725 slave.cpp:3534] Framework 20151210-214154-50331658-5050-6563-0000 seems to have exited. Ignoring registration timeout for executor 'ct:1449785413368:0:34:'
I1210 22:11:16.938230 11725 slave.cpp:3534] Framework 20151210-214154-50331658-5050-6563-0000 seems to have exited. Ignoring registration timeout for executor 'ct:1449785416798:0:17:'
I1210 22:11:21.087183 11731 slave.cpp:1121] Got assigned task ct:1449785456292:0:27: for framework 20151210-214154-50331658-5050-6563-0000
I1210 22:11:21.087944 11731 gc.cpp:84] Unscheduling '/var/lib/mesos/slave/slaves/20151210-220817-50331658-5050-7060-S1/frameworks/20151210-214154-50331658-5050-6563-0000' from gc
I1210 22:11:21.087985 11731 gc.cpp:84] Unscheduling '/var/lib/mesos/slave/meta/slaves/20151210-220817-50331658-5050-7060-S1/frameworks/20151210-214154-50331658-5050-6563-0000' from gc
I1210 22:11:21.088022 11731 slave.cpp:1231] Launching task ct:1449785456292:0:27: for framework 20151210-214154-50331658-5050-6563-0000
I1210 22:11:21.089125 11731 slave.cpp:4160] Launching executor ct:1449785456292:0:27: of framework 20151210-214154-50331658-5050-6563-0000 in work directory '/var/lib/mesos/slave/slaves/20151210-220817-50331658-5050-7060-S1/frameworks/20151210-214154-50331658-5050-6563-0000/executors/ct:1449785456292:0:27:/runs/9ca92407-8b62-4d98-a35d-9e0c43eaf210'
I1210 22:11:21.089311 11728 containerizer.cpp:472] Starting container '9ca92407-8b62-4d98-a35d-9e0c43eaf210' for executor 'ct:1449785456292:0:27:' of framework '20151210-214154-50331658-5050-6563-0000'
I1210 22:11:21.090776 11728 launcher.cpp:130] Forked child with pid '14064' for container '9ca92407-8b62-4d98-a35d-9e0c43eaf210'
I1210 22:11:21.123692 11728 containerizer.cpp:682] Checkpointing executor's forked pid 14064 to '/var/lib/mesos/slave/meta/slaves/20151210-220817-50331658-5050-7060-S1/frameworks/20151210-214154-50331658-5050-6563-0000/executors/ct:1449785456292:0:27:/runs/9ca92407-8b62-4d98-a35d-9e0c43eaf210/pids/forked.pid'
I1210 22:11:21.092820 11731 slave.cpp:1378] Queuing task 'ct:1449785456292:0:27:' for executor ct:1449785456292:0:27: of framework '20151210-214154-50331658-5050-6563-0000
I1210 22:11:21.124454 11731 slave.cpp:1121] Got assigned task ct:1449785456798:0:17: for framework 20151210-214154-50331658-5050-6563-0000
I1210 22:11:21.124626 11731 slave.cpp:1121] Got assigned task ct:1449785457368:0:34: for framework 20151210-214154-50331658-5050-6563-0000
I1210 22:11:21.124760 11731 slave.cpp:1121] Got assigned task ct:1449785458689:0:3: for framework 20151210-214154-50331658-5050-6563-0000
I1210 22:11:21.124902 11731 slave.cpp:1121] Got assigned task ct:1449785462946:0:35: for framework 20151210-214154-50331658-5050-6563-0000
I1210 22:11:21.125432 11731 slave.cpp:1121] Got assigned task ct:1449785464328:0:29: for framework 20151210-214154-50331658-5050-6563-0000
I1210 22:11:21.125591 11731 slave.cpp:1121] Got assigned task ct:1449785464452:0:26: for framework 20151210-214154-50331658-5050-6563-0000
I1210 22:11:21.125723 11731 slave.cpp:1121] Got assigned task ct:1449785465055:0:31: for framework 20151210-214154-50331658-5050-6563-0000
I1210 22:11:21.125864 11731 slave.cpp:1121] Got assigned task ct:1449785467333:0:28: for framework 20151210-214154-50331658-5050-6563-0000
I1210 22:11:21.126001 11731 slave.cpp:1121] Got assigned task ct:1449785467464:0:13: for framework 20151210-214154-50331658-5050-6563-0000
I1210 22:11:21.126135 11731 slave.cpp:1121] Got assigned task ct:1449785468620:0:8: for framework 20151210-214154-50331658-5050-6563-0000
I1210 22:11:21.126271 11731 slave.cpp:1121] Got assigned task ct:1449785469945:0:22: for framework 20151210-214154-50331658-5050-6563-0000
I1210 22:11:21.126407 11731 slave.cpp:1121] Got assigned task ct:1449785471188:0:18: for framework 20151210-214154-50331658-5050-6563-0000
I1210 22:11:21.126543 11731 slave.cpp:1121] Got assigned task ct:1449785472585:0:1: for framework 20151210-214154-50331658-5050-6563-0000
I1210 22:11:21.126677 11731 slave.cpp:1121] Got assigned task ct:1449785473073:0:20: for framework 20151210-214154-50331658-5050-6563-0000
I1210 22:11:21.126809 11731 slave.cpp:1121] Got assigned task ct:1449785475875:0:6: for framework 20151210-214154-50331658-5050-6563-0000
I1210 22:11:21.126943 11731 slave.cpp:1121] Got assigned task ct:1449785477287:0:32: for framework 20151210-214154-50331658-5050-6563-0000
I1210 22:11:21.127120 11731 slave.cpp:3135] Monitoring executor 'ct:1449785456292:0:27:' of framework '20151210-214154-50331658-5050-6563-0000' in container '9ca92407-8b62-4d98-a35d-9e0c43eaf210'
I1210 22:11:21.127220 11731 slave.cpp:1121] Got assigned task ct:1449785479047:0:37: for framework 20151210-214154-50331658-5050-6563-0000
I1210 22:11:21.127360 11731 slave.cpp:1121] Got assigned task ct:1449785479595:0:21: for framework 20151210-214154-50331658-5050-6563-0000
I1210 22:11:21.127491 11731 slave.cpp:1231] Launching task ct:1449785456798:0:17: for framework 20151210-214154-50331658-5050-6563-0000
I1210 22:11:21.131587 11731 slave.cpp:4160] Launching executor ct:1449785456798:0:17: of framework 20151210-214154-50331658-5050-6563-0000 in work directory '/var/lib/mesos/slave/slaves/20151210-220817-50331658-5050-7060-S1/frameworks/20151210-214154-50331658-5050-6563-0000/executors/ct:1449785456798:0:17:/runs/d6163f85-200e-43da-b31b-1bf57960491c'
I1210 22:11:21.131814 11728 containerizer.cpp:472] Starting container 'd6163f85-200e-43da-b31b-1bf57960491c' for executor 'ct:1449785456798:0:17:' of framework '20151210-214154-50331658-5050-6563-0000'
I1210 22:11:21.132794 11728 launcher.cpp:130] Forked child with pid '14065' for container 'd6163f85-200e-43da-b31b-1bf57960491c'
I1210 22:11:21.133044 11728 containerizer.cpp:682] Checkpointing executor's forked pid 14065 to '/var/lib/mesos/slave/meta/slaves/20151210-220817-50331658-5050-7060-S1/frameworks/20151210-214154-50331658-5050-6563-0000/executors/ct:1449785456798:0:17:/runs/d6163f85-200e-43da-b31b-1bf57960491c/pids/forked.pid'
I1210 22:11:21.134454 11731 slave.cpp:1378] Queuing task 'ct:1449785456798:0:17:' for executor ct:1449785456798:0:17: of framework '20151210-214154-50331658-5050-6563-0000
I1210 22:11:21.134528 11731 slave.cpp:1231] Launching task ct:1449785457368:0:34: for framework 20151210-214154-50331658-5050-6563-0000
I1210 22:11:21.137771 11731 slave.cpp:4160] Launching executor ct:1449785457368:0:34: of framework 20151210-214154-50331658-5050-6563-0000 in work directory '/var/lib/mesos/slave/slaves/20151210-220817-50331658-5050-7060-S1/frameworks/20151210-214154-50331658-5050-6563-0000/executors/ct:1449785457368:0:34:/runs/a572e891-cdd2-4ce3-a2c7-952f9009c85c'
I1210 22:11:21.139614 11724 containerizer.cpp:472] Starting container 'a572e891-cdd2-4ce3-a2c7-952f9009c85c' for executor 'ct:1449785457368:0:34:' of framework '20151210-214154-50331658-5050-6563-0000'
I1210 22:11:21.140425 11724 launcher.cpp:130] Forked child with pid '14067' for container 'a572e891-cdd2-4ce3-a2c7-952f9009c85c'
I1210 22:11:21.140626 11724 containerizer.cpp:682] Checkpointing executor's forked pid 14067 to '/var/lib/mesos/slave/meta/slaves/20151210-220817-50331658-5050-7060-S1/frameworks/20151210-214154-50331658-5050-6563-0000/executors/ct:1449785457368:0:34:/runs/a572e891-cdd2-4ce3-a2c7-952f9009c85c/pids/forked.pid'
I1210 22:11:21.142068 11731 slave.cpp:1378] Queuing task 'ct:1449785457368:0:34:' for executor ct:1449785457368:0:34: of framework '20151210-214154-50331658-5050-6563-0000
I1210 22:11:21.142200 11731 slave.cpp:1231] Launching task ct:1449785458689:0:3: for framework 20151210-214154-50331658-5050-6563-0000
I1210 22:11:21.150488 11731 slave.cpp:4160] Launching executor ct:1449785458689:0:3: of framework 20151210-214154-50331658-5050-6563-0000 in work directory '/var/lib/mesos/slave/slaves/20151210-220817-50331658-5050-7060-S1/frameworks/20151210-214154-50331658-5050-6563-0000/executors/ct:1449785458689:0:3:/runs/f47ec056-ffe9-4069-8a68-e53ef6ece066'
I1210 22:11:21.155752 11725 containerizer.cpp:472] Starting container 'f47ec056-ffe9-4069-8a68-e53ef6ece066' for executor 'ct:1449785458689:0:3:' of framework '20151210-214154-50331658-5050-6563-0000'
I1210 22:11:21.156806 11725 launcher.cpp:130] Forked child with pid '14068' for container 'f47ec056-ffe9-4069-8a68-e53ef6ece066'
I1210 22:11:21.157086 11725 containerizer.cpp:682] Checkpointing executor's forked pid 14068 to '/var/lib/mesos/slave/meta/slaves/20151210-220817-50331658-5050-7060-S1/frameworks/20151210-214154-50331658-5050-6563-0000/executors/ct:1449785458689:0:3:/runs/f47ec056-ffe9-4069-8a68-e53ef6ece066/pids/forked.pid'
I1210 22:11:21.158488 11731 slave.cpp:1378] Queuing task 'ct:1449785458689:0:3:' for executor ct:1449785458689:0:3: of framework '20151210-214154-50331658-5050-6563-0000
I1210 22:11:21.158558 11731 slave.cpp:1231] Launching task ct:1449785462946:0:35: for framework 20151210-214154-50331658-5050-6563-0000
I1210 22:11:21.169981 11731 slave.cpp:4160] Launching executor ct:1449785462946:0:35: of framework 20151210-214154-50331658-5050-6563-0000 in work directory '/var/lib/mesos/slave/slaves/20151210-220817-50331658-5050-7060-S1/frameworks/20151210-214154-50331658-5050-6563-0000/executors/ct:1449785462946:0:35:/runs/1cb3793a-3b48-4651-b526-a32d6b25994d'
I1210 22:11:21.170245 11728 containerizer.cpp:472] Starting container '1cb3793a-3b48-4651-b526-a32d6b25994d' for executor 'ct:1449785462946:0:35:' of framework '20151210-214154-50331658-5050-6563-0000'
I1210 22:11:21.171206 11728 launcher.cpp:130] Forked child with pid '14069' for container '1cb3793a-3b48-4651-b526-a32d6b25994d'
I1210 22:11:21.171404 11728 containerizer.cpp:682] Checkpointing executor's forked pid 14069 to '/var/lib/mesos/slave/meta/slaves/20151210-220817-50331658-5050-7060-S1/frameworks/20151210-214154-50331658-5050-6563-0000/executors/ct:1449785462946:0:35:/runs/1cb3793a-3b48-4651-b526-a32d6b25994d/pids/forked.pid'
I1210 22:11:21.172626 11731 slave.cpp:1378] Queuing task 'ct:1449785462946:0:35:' for executor ct:1449785462946:0:35: of framework '20151210-214154-50331658-5050-6563-0000
I1210 22:11:21.172695 11731 slave.cpp:1231] Launching task ct:1449785464328:0:29: for framework 20151210-214154-50331658-5050-6563-0000
I1210 22:11:21.173857 11731 slave.cpp:4160] Launching executor ct:1449785464328:0:29: of framework 20151210-214154-50331658-5050-6563-0000 in work directory '/var/lib/mesos/slave/slaves/20151210-220817-50331658-5050-7060-S1/frameworks/20151210-214154-50331658-5050-6563-0000/executors/ct:1449785464328:0:29:/runs/647e07c7-546c-454e-8834-259508c0b987'
I1210 22:11:21.179756 11724 containerizer.cpp:472] Starting container '647e07c7-546c-454e-8834-259508c0b987' for executor 'ct:1449785464328:0:29:' of framework '20151210-214154-50331658-5050-6563-0000'
I1210 22:11:21.180665 11724 launcher.cpp:130] Forked child with pid '14070' for container '647e07c7-546c-454e-8834-259508c0b987'
I1210 22:11:21.180858 11724 containerizer.cpp:682] Checkpointing executor's forked pid 14070 to '/var/lib/mesos/slave/meta/slaves/20151210-220817-50331658-5050-7060-S1/frameworks/20151210-214154-50331658-5050-6563-0000/executors/ct:1449785464328:0:29:/runs/647e07c7-546c-454e-8834-259508c0b987/pids/forked.pid'
I1210 22:11:21.182131 11731 slave.cpp:1378] Queuing task 'ct:1449785464328:0:29:' for executor ct:1449785464328:0:29: of framework '20151210-214154-50331658-5050-6563-0000
I1210 22:11:21.182191 11731 slave.cpp:1231] Launching task ct:1449785464452:0:26: for framework 20151210-214154-50331658-5050-6563-0000
I1210 22:11:21.183346 11731 slave.cpp:4160] Launching executor ct:1449785464452:0:26: of framework 20151210-214154-50331658-5050-6563-0000 in work directory '/var/lib/mesos/slave/slaves/20151210-220817-50331658-5050-7060-S1/frameworks/20151210-214154-50331658-5050-6563-0000/executors/ct:1449785464452:0:26:/runs/116ca201-4293-4191-9f19-2f74cdb677f1'
I1210 22:11:21.199923 11725 containerizer.cpp:472] Starting container '116ca201-4293-4191-9f19-2f74cdb677f1' for executor 'ct:1449785464452:0:26:' of framework '20151210-214154-50331658-5050-6563-0000'
I1210 22:11:21.200974 11725 launcher.cpp:130] Forked child with pid '14071' for container '116ca201-4293-4191-9f19-2f74cdb677f1'
I1210 22:11:21.201170 11725 containerizer.cpp:682] Checkpointing executor's forked pid 14071 to '/var/lib/mesos/slave/meta/slaves/20151210-220817-50331658-5050-7060-S1/frameworks/20151210-214154-50331658-5050-6563-0000/executors/ct:1449785464452:0:26:/runs/116ca201-4293-4191-9f19-2f74cdb677f1/pids/forked.pid'
I1210 22:11:21.202440 11731 slave.cpp:1378] Queuing task 'ct:1449785464452:0:26:' for executor ct:1449785464452:0:26: of framework '20151210-214154-50331658-5050-6563-0000
I1210 22:11:21.202492 11731 slave.cpp:1231] Launching task ct:1449785465055:0:31: for framework 20151210-214154-50331658-5050-6563-0000
I1210 22:11:21.203665 11731 slave.cpp:4160] Launching executor ct:1449785465055:0:31: of framework 20151210-214154-50331658-5050-6563-0000 in work directory '/var/lib/mesos/slave/slaves/20151210-220817-50331658-5050-7060-S1/frameworks/20151210-214154-50331658-5050-6563-0000/executors/ct:1449785465055:0:31:/runs/b80a1734-386d-4cc2-87f3-4cd9e8c8f3fe'
I1210 22:11:21.210523 11728 containerizer.cpp:472] Starting container 'b80a1734-386d-4cc2-87f3-4cd9e8c8f3fe' for executor 'ct:1449785465055:0:31:' of framework '20151210-214154-50331658-5050-6563-0000'
I1210 22:11:21.211514 11728 launcher.cpp:130] Forked child with pid '14072' for container 'b80a1734-386d-4cc2-87f3-4cd9e8c8f3fe'
I1210 22:11:21.211705 11728 containerizer.cpp:682] Checkpointing executor's forked pid 14072 to '/var/lib/mesos/slave/meta/slaves/20151210-220817-50331658-5050-7060-S1/frameworks/20151210-214154-50331658-5050-6563-0000/executors/ct:1449785465055:0:31:/runs/b80a1734-386d-4cc2-87f3-4cd9e8c8f3fe/pids/forked.pid'
I1210 22:11:21.213913 11731 slave.cpp:1378] Queuing task 'ct:1449785465055:0:31:' for executor ct:1449785465055:0:31: of framework '20151210-214154-50331658-5050-6563-0000
I1210 22:11:21.224805 11731 slave.cpp:1231] Launching task ct:1449785467333:0:28: for framework 20151210-214154-50331658-5050-6563-0000
I1210 22:11:21.226865 11731 slave.cpp:4160] Launching executor ct:1449785467333:0:28: of framework 20151210-214154-50331658-5050-6563-0000 in work directory '/var/lib/mesos/slave/slaves/20151210-220817-50331658-5050-7060-S1/frameworks/20151210-214154-50331658-5050-6563-0000/executors/ct:1449785467333:0:28:/runs/7d66767c-6663-4344-8b06-90c01e99b8ec'
I1210 22:11:21.240734 11724 containerizer.cpp:472] Starting container '7d66767c-6663-4344-8b06-90c01e99b8ec' for executor 'ct:1449785467333:0:28:' of framework '20151210-214154-50331658-5050-6563-0000'
I1210 22:11:21.241664 11724 launcher.cpp:130] Forked child with pid '14073' for container '7d66767c-6663-4344-8b06-90c01e99b8ec'
I1210 22:11:21.241848 11724 containerizer.cpp:682] Checkpointing executor's forked pid 14073 to '/var/lib/mesos/slave/meta/slaves/20151210-220817-50331658-5050-7060-S1/frameworks/20151210-214154-50331658-5050-6563-0000/executors/ct:1449785467333:0:28:/runs/7d66767c-6663-4344-8b06-90c01e99b8ec/pids/forked.pid'
I1210 22:11:21.250277 11731 slave.cpp:1378] Queuing task 'ct:1449785467333:0:28:' for executor ct:1449785467333:0:28: of framework '20151210-214154-50331658-5050-6563-0000
I1210 22:11:21.250358 11731 slave.cpp:1231] Launching task ct:1449785467464:0:13: for framework 20151210-214154-50331658-5050-6563-0000
I1210 22:11:21.254482 11731 slave.cpp:4160] Launching executor ct:1449785467464:0:13: of framework 20151210-214154-50331658-5050-6563-0000 in work directory '/var/lib/mesos/slave/slaves/20151210-220817-50331658-5050-7060-S1/frameworks/20151210-214154-50331658-5050-6563-0000/executors/ct:1449785467464:0:13:/runs/a8f5f648-8b73-4ff6-82e9-f61e04705021'
I1210 22:11:21.260047 11725 containerizer.cpp:472] Starting container 'a8f5f648-8b73-4ff6-82e9-f61e04705021' for executor 'ct:1449785467464:0:13:' of framework '20151210-214154-50331658-5050-6563-0000'
I1210 22:11:21.261198 11725 launcher.cpp:130] Forked child with pid '14074' for container 'a8f5f648-8b73-4ff6-82e9-f61e04705021'
I1210 22:11:21.261509 11725 containerizer.cpp:682] Checkpointing executor's forked pid 14074 to '/var/lib/mesos/slave/meta/slaves/20151210-220817-50331658-5050-7060-S1/frameworks/20151210-214154-50331658-5050-6563-0000/executors/ct:1449785467464:0:13:/runs/a8f5f648-8b73-4ff6-82e9-f61e04705021/pids/forked.pid'
I1210 22:11:21.263530 11731 slave.cpp:1378] Queuing task 'ct:1449785467464:0:13:' for executor ct:1449785467464:0:13: of framework '20151210-214154-50331658-5050-6563-0000
I1210 22:11:21.269026 11731 slave.cpp:1231] Launching task ct:1449785468620:0:8: for framework 20151210-214154-50331658-5050-6563-0000
I1210 22:11:21.293620 11731 slave.cpp:4160] Launching executor ct:1449785468620:0:8: of framework 20151210-214154-50331658-5050-6563-0000 in work directory '/var/lib/mesos/slave/slaves/20151210-220817-50331658-5050-7060-S1/frameworks/20151210-214154-50331658-5050-6563-0000/executors/ct:1449785468620:0:8:/runs/a31e8801-57f7-44fc-99b5-3acf1c16859d'
I1210 22:11:21.293911 11728 containerizer.cpp:472] Starting container 'a31e8801-57f7-44fc-99b5-3acf1c16859d' for executor 'ct:1449785468620:0:8:' of framework '20151210-214154-50331658-5050-6563-0000'
I1210 22:11:21.294941 11728 launcher.cpp:130] Forked child with pid '14075' for container 'a31e8801-57f7-44fc-99b5-3acf1c16859d'
I1210 22:11:21.295150 11728 containerizer.cpp:682] Checkpointing executor's forked pid 14075 to '/var/lib/mesos/slave/meta/slaves/20151210-220817-50331658-5050-7060-S1/frameworks/20151210-214154-50331658-5050-6563-0000/executors/ct:1449785468620:0:8:/runs/a31e8801-57f7-44fc-99b5-3acf1c16859d/pids/forked.pid'
I1210 22:11:21.296536 11731 slave.cpp:1378] Queuing task 'ct:1449785468620:0:8:' for executor ct:1449785468620:0:8: of framework '20151210-214154-50331658-5050-6563-0000
I1210 22:11:21.296663 11731 slave.cpp:1231] Launching task ct:1449785469945:0:22: for framework 20151210-214154-50331658-5050-6563-0000
I1210 22:11:21.305270 11731 slave.cpp:4160] Launching executor ct:1449785469945:0:22: of framework 20151210-214154-50331658-5050-6563-0000 in work directory '/var/lib/mesos/slave/slaves/20151210-220817-50331658-5050-7060-S1/frameworks/20151210-214154-50331658-5050-6563-0000/executors/ct:1449785469945:0:22:/runs/5eca8abe-6792-4fac-8e04-2483743f1427'
I1210 22:11:21.307027 11724 containerizer.cpp:472] Starting container '5eca8abe-6792-4fac-8e04-2483743f1427' for executor 'ct:1449785469945:0:22:' of framework '20151210-214154-50331658-5050-6563-0000'
I1210 22:11:21.307909 11724 launcher.cpp:130] Forked child with pid '14086' for container '5eca8abe-6792-4fac-8e04-2483743f1427'
I1210 22:11:21.308110 11724 containerizer.cpp:682] Checkpointing executor's forked pid 14086 to '/var/lib/mesos/slave/meta/slaves/20151210-220817-50331658-5050-7060-S1/frameworks/20151210-214154-50331658-5050-6563-0000/executors/ct:1449785469945:0:22:/runs/5eca8abe-6792-4fac-8e04-2483743f1427/pids/forked.pid'
I1210 22:11:21.311112 11731 slave.cpp:1378] Queuing task 'ct:1449785469945:0:22:' for executor ct:1449785469945:0:22: of framework '20151210-214154-50331658-5050-6563-0000
I1210 22:11:21.313261 11731 slave.cpp:1231] Launching task ct:1449785471188:0:18: for framework 20151210-214154-50331658-5050-6563-0000
I1210 22:11:21.314918 11731 slave.cpp:4160] Launching executor ct:1449785471188:0:18: of framework 20151210-214154-50331658-5050-6563-0000 in work directory '/var/lib/mesos/slave/slaves/20151210-220817-50331658-5050-7060-S1/frameworks/20151210-214154-50331658-5050-6563-0000/executors/ct:1449785471188:0:18:/runs/c57efd0b-7137-4da5-8008-2749b392912e'
I1210 22:11:21.336357 11725 containerizer.cpp:472] Starting container 'c57efd0b-7137-4da5-8008-2749b392912e' for executor 'ct:1449785471188:0:18:' of framework '20151210-214154-50331658-5050-6563-0000'
I1210 22:11:21.337577 11725 launcher.cpp:130] Forked child with pid '14088' for container 'c57efd0b-7137-4da5-8008-2749b392912e'
I1210 22:11:21.337854 11725 containerizer.cpp:682] Checkpointing executor's forked pid 14088 to '/var/lib/mesos/slave/meta/slaves/20151210-220817-50331658-5050-7060-S1/frameworks/20151210-214154-50331658-5050-6563-0000/executors/ct:1449785471188:0:18:/runs/c57efd0b-7137-4da5-8008-2749b392912e/pids/forked.pid'
I1210 22:11:21.343163 11731 slave.cpp:1378] Queuing task 'ct:1449785471188:0:18:' for executor ct:1449785471188:0:18: of framework '20151210-214154-50331658-5050-6563-0000
I1210 22:11:21.343212 11731 slave.cpp:1231] Launching task ct:1449785472585:0:1: for framework 20151210-214154-50331658-5050-6563-0000
I1210 22:11:21.370923 11731 slave.cpp:4160] Launching executor ct:1449785472585:0:1: of framework 20151210-214154-50331658-5050-6563-0000 in work directory '/var/lib/mesos/slave/slaves/20151210-220817-50331658-5050-7060-S1/frameworks/20151210-214154-50331658-5050-6563-0000/executors/ct:1449785472585:0:1:/runs/08b2e5ef-7870-4cac-907e-3247ceff722c'
I1210 22:11:21.371183 11728 containerizer.cpp:472] Starting container '08b2e5ef-7870-4cac-907e-3247ceff722c' for executor 'ct:1449785472585:0:1:' of framework '20151210-214154-50331658-5050-6563-0000'
I1210 22:11:21.372212 11728 launcher.cpp:130] Forked child with pid '14092' for container '08b2e5ef-7870-4cac-907e-3247ceff722c'
I1210 22:11:21.372406 11728 containerizer.cpp:682] Checkpointing executor's forked pid 14092 to '/var/lib/mesos/slave/meta/slaves/20151210-220817-50331658-5050-7060-S1/frameworks/20151210-214154-50331658-5050-6563-0000/executors/ct:1449785472585:0:1:/runs/08b2e5ef-7870-4cac-907e-3247ceff722c/pids/forked.pid'
I1210 22:11:21.377878 11731 slave.cpp:1378] Queuing task 'ct:1449785472585:0:1:' for executor ct:1449785472585:0:1: of framework '20151210-214154-50331658-5050-6563-0000
I1210 22:11:21.381893 11731 slave.cpp:1231] Launching task ct:1449785473073:0:20: for framework 20151210-214154-50331658-5050-6563-0000
I1210 22:11:21.384686 11731 slave.cpp:4160] Launching executor ct:1449785473073:0:20: of framework 20151210-214154-50331658-5050-6563-0000 in work directory '/var/lib/mesos/slave/slaves/20151210-220817-50331658-5050-7060-S1/frameworks/20151210-214154-50331658-5050-6563-0000/executors/ct:1449785473073:0:20:/runs/aa4904f4-7fe8-490e-80ab-8eceeb2af760'
I1210 22:11:21.399138 11724 containerizer.cpp:472] Starting container 'aa4904f4-7fe8-490e-80ab-8eceeb2af760' for executor 'ct:1449785473073:0:20:' of framework '20151210-214154-50331658-5050-6563-0000'
I1210 22:11:21.400287 11724 launcher.cpp:130] Forked child with pid '14093' for container 'aa4904f4-7fe8-490e-80ab-8eceeb2af760'
I1210 22:11:21.400516 11724 containerizer.cpp:682] Checkpointing executor's forked pid 14093 to '/var/lib/mesos/slave/meta/slaves/20151210-220817-50331658-5050-7060-S1/frameworks/20151210-214154-50331658-5050-6563-0000/executors/ct:1449785473073:0:20:/runs/aa4904f4-7fe8-490e-80ab-8eceeb2af760/pids/forked.pid'
I1210 22:11:21.401870 11731 slave.cpp:1378] Queuing task 'ct:1449785473073:0:20:' for executor ct:1449785473073:0:20: of framework '20151210-214154-50331658-5050-6563-0000
I1210 22:11:21.415195 11731 slave.cpp:1231] Launching task ct:1449785475875:0:6: for framework 20151210-214154-50331658-5050-6563-0000
I1210 22:11:21.423192 11731 slave.cpp:4160] Launching executor ct:1449785475875:0:6: of framework 20151210-214154-50331658-5050-6563-0000 in work directory '/var/lib/mesos/slave/slaves/20151210-220817-50331658-5050-7060-S1/frameworks/20151210-214154-50331658-5050-6563-0000/executors/ct:1449785475875:0:6:/runs/78f175fb-37b1-4f2a-984b-3b1a20a166d1'
I1210 22:11:21.441926 11725 containerizer.cpp:472] Starting container '78f175fb-37b1-4f2a-984b-3b1a20a166d1' for executor 'ct:1449785475875:0:6:' of framework '20151210-214154-50331658-5050-6563-0000'
I1210 22:11:21.442935 11725 launcher.cpp:130] Forked child with pid '14095' for container '78f175fb-37b1-4f2a-984b-3b1a20a166d1'
I1210 22:11:21.443114 11725 containerizer.cpp:682] Checkpointing executor's forked pid 14095 to '/var/lib/mesos/slave/meta/slaves/20151210-220817-50331658-5050-7060-S1/frameworks/20151210-214154-50331658-5050-6563-0000/executors/ct:1449785475875:0:6:/runs/78f175fb-37b1-4f2a-984b-3b1a20a166d1/pids/forked.pid'
I1210 22:11:21.444355 11731 slave.cpp:1378] Queuing task 'ct:1449785475875:0:6:' for executor ct:1449785475875:0:6: of framework '20151210-214154-50331658-5050-6563-0000
I1210 22:11:21.449331 11731 slave.cpp:1231] Launching task ct:1449785477287:0:32: for framework 20151210-214154-50331658-5050-6563-0000
I1210 22:11:21.480368 11731 slave.cpp:4160] Launching executor ct:1449785477287:0:32: of framework 20151210-214154-50331658-5050-6563-0000 in work directory '/var/lib/mesos/slave/slaves/20151210-220817-50331658-5050-7060-S1/frameworks/20151210-214154-50331658-5050-6563-0000/executors/ct:1449785477287:0:32:/runs/988ed1bb-0bcb-410d-b7d1-d58e6578a138'
I1210 22:11:21.483871 11728 containerizer.cpp:472] Starting container '988ed1bb-0bcb-410d-b7d1-d58e6578a138' for executor 'ct:1449785477287:0:32:' of framework '20151210-214154-50331658-5050-6563-0000'
I1210 22:11:21.484858 11728 launcher.cpp:130] Forked child with pid '14096' for container '988ed1bb-0bcb-410d-b7d1-d58e6578a138'
I1210 22:11:21.485065 11728 containerizer.cpp:682] Checkpointing executor's forked pid 14096 to '/var/lib/mesos/slave/meta/slaves/20151210-220817-50331658-5050-7060-S1/frameworks/20151210-214154-50331658-5050-6563-0000/executors/ct:1449785477287:0:32:/runs/988ed1bb-0bcb-410d-b7d1-d58e6578a138/pids/forked.pid'
I1210 22:11:21.490506 11731 slave.cpp:1378] Queuing task 'ct:1449785477287:0:32:' for executor ct:1449785477287:0:32: of framework '20151210-214154-50331658-5050-6563-0000
I1210 22:11:21.499248 11731 slave.cpp:1231] Launching task ct:1449785479047:0:37: for framework 20151210-214154-50331658-5050-6563-0000
I1210 22:11:21.517802 11731 slave.cpp:4160] Launching executor ct:1449785479047:0:37: of framework 20151210-214154-50331658-5050-6563-0000 in work directory '/var/lib/mesos/slave/slaves/20151210-220817-50331658-5050-7060-S1/frameworks/20151210-214154-50331658-5050-6563-0000/executors/ct:1449785479047:0:37:/runs/460a5f3f-fc65-41f7-b2af-a200088d0649'
I1210 22:11:21.536680 11724 containerizer.cpp:472] Starting container '460a5f3f-fc65-41f7-b2af-a200088d0649' for executor 'ct:1449785479047:0:37:' of framework '20151210-214154-50331658-5050-6563-0000'
I1210 22:11:21.537657 11724 launcher.cpp:130] Forked child with pid '14097' for container '460a5f3f-fc65-41f7-b2af-a200088d0649'
I1210 22:11:21.537833 11724 containerizer.cpp:682] Checkpointing executor's forked pid 14097 to '/var/lib/mesos/slave/meta/slaves/20151210-220817-50331658-5050-7060-S1/frameworks/20151210-214154-50331658-5050-6563-0000/executors/ct:1449785479047:0:37:/runs/460a5f3f-fc65-41f7-b2af-a200088d0649/pids/forked.pid'
I1210 22:11:21.548712 11731 slave.cpp:1378] Queuing task 'ct:1449785479047:0:37:' for executor ct:1449785479047:0:37: of framework '20151210-214154-50331658-5050-6563-0000
I1210 22:11:21.548984 11731 slave.cpp:1231] Launching task ct:1449785479595:0:21: for framework 20151210-214154-50331658-5050-6563-0000
I1210 22:11:21.581464 11731 slave.cpp:4160] Launching executor ct:1449785479595:0:21: of framework 20151210-214154-50331658-5050-6563-0000 in work directory '/var/lib/mesos/slave/slaves/20151210-220817-50331658-5050-7060-S1/frameworks/20151210-214154-50331658-5050-6563-0000/executors/ct:1449785479595:0:21:/runs/0ccc73c1-0ed3-477f-8f92-7a27491aa6ab'
I1210 22:11:21.582428 11725 containerizer.cpp:472] Starting container '0ccc73c1-0ed3-477f-8f92-7a27491aa6ab' for executor 'ct:1449785479595:0:21:' of framework '20151210-214154-50331658-5050-6563-0000'
I1210 22:11:21.583536 11725 launcher.cpp:130] Forked child with pid '14100' for container '0ccc73c1-0ed3-477f-8f92-7a27491aa6ab'
I1210 22:11:21.583745 11725 containerizer.cpp:682] Checkpointing executor's forked pid 14100 to '/var/lib/mesos/slave/meta/slaves/20151210-220817-50331658-5050-7060-S1/frameworks/20151210-214154-50331658-5050-6563-0000/executors/ct:1449785479595:0:21:/runs/0ccc73c1-0ed3-477f-8f92-7a27491aa6ab/pids/forked.pid'
I1210 22:11:21.584888 11731 slave.cpp:1378] Queuing task 'ct:1449785479595:0:21:' for executor ct:1449785479595:0:21: of framework '20151210-214154-50331658-5050-6563-0000
I1210 22:11:21.590840 11731 slave.cpp:3135] Monitoring executor 'ct:1449785456798:0:17:' of framework '20151210-214154-50331658-5050-6563-0000' in container 'd6163f85-200e-43da-b31b-1bf57960491c'
I1210 22:11:21.595163 11731 slave.cpp:3135] Monitoring executor 'ct:1449785457368:0:34:' of framework '20151210-214154-50331658-5050-6563-0000' in container 'a572e891-cdd2-4ce3-a2c7-952f9009c85c'
I1210 22:11:21.599097 11731 slave.cpp:3135] Monitoring executor 'ct:1449785458689:0:3:' of framework '20151210-214154-50331658-5050-6563-0000' in container 'f47ec056-ffe9-4069-8a68-e53ef6ece066'
I1210 22:11:21.607211 11731 slave.cpp:3135] Monitoring executor 'ct:1449785462946:0:35:' of framework '20151210-214154-50331658-5050-6563-0000' in container '1cb3793a-3b48-4651-b526-a32d6b25994d'
I1210 22:11:21.610291 11731 slave.cpp:3135] Monitoring executor 'ct:1449785464328:0:29:' of framework '20151210-214154-50331658-5050-6563-0000' in container '647e07c7-546c-454e-8834-259508c0b987'
I1210 22:11:21.612835 11731 slave.cpp:3135] Monitoring executor 'ct:1449785464452:0:26:' of framework '20151210-214154-50331658-5050-6563-0000' in container '116ca201-4293-4191-9f19-2f74cdb677f1'
I1210 22:11:21.612956 11731 slave.cpp:3135] Monitoring executor 'ct:1449785465055:0:31:' of framework '20151210-214154-50331658-5050-6563-0000' in container 'b80a1734-386d-4cc2-87f3-4cd9e8c8f3fe'
I1210 22:11:21.613066 11731 slave.cpp:3135] Monitoring executor 'ct:1449785467333:0:28:' of framework '20151210-214154-50331658-5050-6563-0000' in container '7d66767c-6663-4344-8b06-90c01e99b8ec'
I1210 22:11:21.613175 11731 slave.cpp:3135] Monitoring executor 'ct:1449785467464:0:13:' of framework '20151210-214154-50331658-5050-6563-0000' in container 'a8f5f648-8b73-4ff6-82e9-f61e04705021'
I1210 22:11:21.613292 11731 slave.cpp:3135] Monitoring executor 'ct:1449785468620:0:8:' of framework '20151210-214154-50331658-5050-6563-0000' in container 'a31e8801-57f7-44fc-99b5-3acf1c16859d'
I1210 22:11:21.620324 11731 slave.cpp:3135] Monitoring executor 'ct:1449785469945:0:22:' of framework '20151210-214154-50331658-5050-6563-0000' in container '5eca8abe-6792-4fac-8e04-2483743f1427'
I1210 22:11:21.622333 11731 slave.cpp:3135] Monitoring executor 'ct:1449785471188:0:18:' of framework '20151210-214154-50331658-5050-6563-0000' in container 'c57efd0b-7137-4da5-8008-2749b392912e'
I1210 22:11:21.622452 11731 slave.cpp:2141] Got registration for executor 'ct:1449785456292:0:27:' of framework 20151210-214154-50331658-5050-6563-0000 from executor(1)@10.0.0.6:43924
I1210 22:11:21.624315 11731 slave.cpp:3135] Monitoring executor 'ct:1449785472585:0:1:' of framework '20151210-214154-50331658-5050-6563-0000' in container '08b2e5ef-7870-4cac-907e-3247ceff722c'
I1210 22:11:21.631803 11731 slave.cpp:3135] Monitoring executor 'ct:1449785473073:0:20:' of framework '20151210-214154-50331658-5050-6563-0000' in container 'aa4904f4-7fe8-490e-80ab-8eceeb2af760'
I1210 22:11:21.632163 11731 slave.cpp:3135] Monitoring executor 'ct:1449785475875:0:6:' of framework '20151210-214154-50331658-5050-6563-0000' in container '78f175fb-37b1-4f2a-984b-3b1a20a166d1'
I1210 22:11:21.634614 11731 slave.cpp:3135] Monitoring executor 'ct:1449785477287:0:32:' of framework '20151210-214154-50331658-5050-6563-0000' in container '988ed1bb-0bcb-410d-b7d1-d58e6578a138'
I1210 22:11:21.638484 11731 slave.cpp:3135] Monitoring executor 'ct:1449785479047:0:37:' of framework '20151210-214154-50331658-5050-6563-0000' in container '460a5f3f-fc65-41f7-b2af-a200088d0649'
I1210 22:11:21.638629 11731 slave.cpp:3135] Monitoring executor 'ct:1449785479595:0:21:' of framework '20151210-214154-50331658-5050-6563-0000' in container '0ccc73c1-0ed3-477f-8f92-7a27491aa6ab'
I1210 22:11:21.638753 11731 slave.cpp:1532] Sending queued task 'ct:1449785456292:0:27:' to executor 'ct:1449785456292:0:27:' of framework 20151210-214154-50331658-5050-6563-0000
I1210 22:11:21.646566 11731 slave.cpp:2141] Got registration for executor 'ct:1449785456798:0:17:' of framework 20151210-214154-50331658-5050-6563-0000 from executor(1)@10.0.0.6:54893
I1210 22:11:21.660054 11731 slave.cpp:1532] Sending queued task 'ct:1449785456798:0:17:' to executor 'ct:1449785456798:0:17:' of framework 20151210-214154-50331658-5050-6563-0000
I1210 22:11:21.688474 11731 slave.cpp:2508] Handling status update TASK_RUNNING (UUID: a830a9a0-a0bb-40ff-abe3-2c8b2acd6924) for task ct:1449785456292:0:27: of framework 20151210-214154-50331658-5050-6563-0000 from executor(1)@10.0.0.6:43924
I1210 22:11:21.689950 11729 status_update_manager.cpp:317] Received status update TASK_RUNNING (UUID: a830a9a0-a0bb-40ff-abe3-2c8b2acd6924) for task ct:1449785456292:0:27: of framework 20151210-214154-50331658-5050-6563-0000
I1210 22:11:21.690132 11729 status_update_manager.hpp:346] Checkpointing UPDATE for status update TASK_RUNNING (UUID: a830a9a0-a0bb-40ff-abe3-2c8b2acd6924) for task ct:1449785456292:0:27: of framework 20151210-214154-50331658-5050-6563-0000
I1210 22:11:21.696208 11727 slave.cpp:2508] Handling status update TASK_RUNNING (UUID: 076570ff-d8c0-4525-a84c-cf2abc0fd9e5) for task ct:1449785456798:0:17: of framework 20151210-214154-50331658-5050-6563-0000 from executor(1)@10.0.0.6:54893
I1210 22:11:21.696589 11724 slave.cpp:2753] Forwarding the update TASK_RUNNING (UUID: a830a9a0-a0bb-40ff-abe3-2c8b2acd6924) for task ct:1449785456292:0:27: of framework 20151210-214154-50331658-5050-6563-0000 to master@10.0.0.3:5050
I1210 22:11:21.699311 11729 status_update_manager.cpp:317] Received status update TASK_RUNNING (UUID: 076570ff-d8c0-4525-a84c-cf2abc0fd9e5) for task ct:1449785456798:0:17: of framework 20151210-214154-50331658-5050-6563-0000
I1210 22:11:21.699621 11729 status_update_manager.hpp:346] Checkpointing UPDATE for status update TASK_RUNNING (UUID: 076570ff-d8c0-4525-a84c-cf2abc0fd9e5) for task ct:1449785456798:0:17: of framework 20151210-214154-50331658-5050-6563-0000
I1210 22:11:21.699734 11727 slave.cpp:2686] Sending acknowledgement for status update TASK_RUNNING (UUID: a830a9a0-a0bb-40ff-abe3-2c8b2acd6924) for task ct:1449785456292:0:27: of framework 20151210-214154-50331658-5050-6563-0000 to executor(1)@10.0.0.6:43924
I1210 22:11:21.702749 11729 status_update_manager.cpp:389] Received status update acknowledgement (UUID: a830a9a0-a0bb-40ff-abe3-2c8b2acd6924) for task ct:1449785456292:0:27: of framework 20151210-214154-50331658-5050-6563-0000
I1210 22:11:21.703101 11729 status_update_manager.hpp:346] Checkpointing ACK for status update TASK_RUNNING (UUID: a830a9a0-a0bb-40ff-abe3-2c8b2acd6924) for task ct:1449785456292:0:27: of framework 20151210-214154-50331658-5050-6563-0000
I1210 22:11:21.702927 11730 slave.cpp:2753] Forwarding the update TASK_RUNNING (UUID: 076570ff-d8c0-4525-a84c-cf2abc0fd9e5) for task ct:1449785456798:0:17: of framework 20151210-214154-50331658-5050-6563-0000 to master@10.0.0.3:5050
I1210 22:11:21.703275 11730 slave.cpp:2686] Sending acknowledgement for status update TASK_RUNNING (UUID: 076570ff-d8c0-4525-a84c-cf2abc0fd9e5) for task ct:1449785456798:0:17: of framework 20151210-214154-50331658-5050-6563-0000 to executor(1)@10.0.0.6:54893
I1210 22:11:21.710103 11729 status_update_manager.cpp:389] Received status update acknowledgement (UUID: 076570ff-d8c0-4525-a84c-cf2abc0fd9e5) for task ct:1449785456798:0:17: of framework 20151210-214154-50331658-5050-6563-0000
I1210 22:11:21.710516 11729 status_update_manager.hpp:346] Checkpointing ACK for status update TASK_RUNNING (UUID: 076570ff-d8c0-4525-a84c-cf2abc0fd9e5) for task ct:1449785456798:0:17: of framework 20151210-214154-50331658-5050-6563-0000
I1210 22:11:21.775581 11729 slave.cpp:2141] Got registration for executor 'ct:1449785457368:0:34:' of framework 20151210-214154-50331658-5050-6563-0000 from executor(1)@10.0.0.6:48690
I1210 22:11:21.776545 11729 slave.cpp:1532] Sending queued task 'ct:1449785457368:0:34:' to executor 'ct:1449785457368:0:34:' of framework 20151210-214154-50331658-5050-6563-0000
I1210 22:11:21.782027 11729 slave.cpp:2141] Got registration for executor 'ct:1449785458689:0:3:' of framework 20151210-214154-50331658-5050-6563-0000 from executor(1)@10.0.0.6:46564
I1210 22:11:21.782733 11729 slave.cpp:1532] Sending queued task 'ct:1449785458689:0:3:' to executor 'ct:1449785458689:0:3:' of framework 20151210-214154-50331658-5050-6563-0000
I1210 22:11:21.787525 11728 slave.cpp:2141] Got registration for executor 'ct:1449785462946:0:35:' of framework 20151210-214154-50331658-5050-6563-0000 from executor(1)@10.0.0.6:54083
I1210 22:11:21.788260 11728 slave.cpp:1532] Sending queued task 'ct:1449785462946:0:35:' to executor 'ct:1449785462946:0:35:' of framework 20151210-214154-50331658-5050-6563-0000
I1210 22:11:21.800627 11728 slave.cpp:2508] Handling status update TASK_RUNNING (UUID: 2424d99a-af4c-415f-aa3d-798929dfaccd) for task ct:1449785457368:0:34: of framework 20151210-214154-50331658-5050-6563-0000 from executor(1)@10.0.0.6:48690
I1210 22:11:21.800724 11728 status_update_manager.cpp:317] Received status update TASK_RUNNING (UUID: 2424d99a-af4c-415f-aa3d-798929dfaccd) for task ct:1449785457368:0:34: of framework 20151210-214154-50331658-5050-6563-0000
I1210 22:11:21.800886 11728 status_update_manager.hpp:346] Checkpointing UPDATE for status update TASK_RUNNING (UUID: 2424d99a-af4c-415f-aa3d-798929dfaccd) for task ct:1449785457368:0:34: of framework 20151210-214154-50331658-5050-6563-0000
I1210 22:11:21.803009 11728 slave.cpp:2753] Forwarding the update TASK_RUNNING (UUID: 2424d99a-af4c-415f-aa3d-798929dfaccd) for task ct:1449785457368:0:34: of framework 20151210-214154-50331658-5050-6563-0000 to master@10.0.0.3:5050
I1210 22:11:21.803091 11728 slave.cpp:2686] Sending acknowledgement for status update TASK_RUNNING (UUID: 2424d99a-af4c-415f-aa3d-798929dfaccd) for task ct:1449785457368:0:34: of framework 20151210-214154-50331658-5050-6563-0000 to executor(1)@10.0.0.6:48690
I1210 22:11:21.805428 11726 status_update_manager.cpp:389] Received status update acknowledgement (UUID: 2424d99a-af4c-415f-aa3d-798929dfaccd) for task ct:1449785457368:0:34: of framework 20151210-214154-50331658-5050-6563-0000
I1210 22:11:21.805490 11726 status_update_manager.hpp:346] Checkpointing ACK for status update TASK_RUNNING (UUID: 2424d99a-af4c-415f-aa3d-798929dfaccd) for task ct:1449785457368:0:34: of framework 20151210-214154-50331658-5050-6563-0000
I1210 22:11:21.807718 11726 slave.cpp:2508] Handling status update TASK_RUNNING (UUID: 0b4fcab0-af13-4d06-882d-9567092429cd) for task ct:1449785458689:0:3: of framework 20151210-214154-50331658-5050-6563-0000 from executor(1)@10.0.0.6:46564
I1210 22:11:21.807826 11726 status_update_manager.cpp:317] Received status update TASK_RUNNING (UUID: 0b4fcab0-af13-4d06-882d-9567092429cd) for task ct:1449785458689:0:3: of framework 20151210-214154-50331658-5050-6563-0000
I1210 22:11:21.808115 11726 status_update_manager.hpp:346] Checkpointing UPDATE for status update TASK_RUNNING (UUID: 0b4fcab0-af13-4d06-882d-9567092429cd) for task ct:1449785458689:0:3: of framework 20151210-214154-50331658-5050-6563-0000
I1210 22:11:21.810011 11726 slave.cpp:2753] Forwarding the update TASK_RUNNING (UUID: 0b4fcab0-af13-4d06-882d-9567092429cd) for task ct:1449785458689:0:3: of framework 20151210-214154-50331658-5050-6563-0000 to master@10.0.0.3:5050
I1210 22:11:21.810199 11726 slave.cpp:2686] Sending acknowledgement for status update TASK_RUNNING (UUID: 0b4fcab0-af13-4d06-882d-9567092429cd) for task ct:1449785458689:0:3: of framework 20151210-214154-50331658-5050-6563-0000 to executor(1)@10.0.0.6:46564
I1210 22:11:21.812693 11726 status_update_manager.cpp:389] Received status update acknowledgement (UUID: 0b4fcab0-af13-4d06-882d-9567092429cd) for task ct:1449785458689:0:3: of framework 20151210-214154-50331658-5050-6563-0000
I1210 22:11:21.813081 11726 status_update_manager.hpp:346] Checkpointing ACK for status update TASK_RUNNING (UUID: 0b4fcab0-af13-4d06-882d-9567092429cd) for task ct:1449785458689:0:3: of framework 20151210-214154-50331658-5050-6563-0000
I1210 22:11:21.840306 11726 slave.cpp:2508] Handling status update TASK_RUNNING (UUID: c3d644c1-49e4-4237-84a2-5bd533751192) for task ct:1449785462946:0:35: of framework 20151210-214154-50331658-5050-6563-0000 from executor(1)@10.0.0.6:54083
I1210 22:11:21.840473 11726 status_update_manager.cpp:317] Received status update TASK_RUNNING (UUID: c3d644c1-49e4-4237-84a2-5bd533751192) for task ct:1449785462946:0:35: of framework 20151210-214154-50331658-5050-6563-0000
I1210 22:11:21.840936 11726 status_update_manager.hpp:346] Checkpointing UPDATE for status update TASK_RUNNING (UUID: c3d644c1-49e4-4237-84a2-5bd533751192) for task ct:1449785462946:0:35: of framework 20151210-214154-50331658-5050-6563-0000
I1210 22:11:21.843333 11726 slave.cpp:2753] Forwarding the update TASK_RUNNING (UUID: c3d644c1-49e4-4237-84a2-5bd533751192) for task ct:1449785462946:0:35: of framework 20151210-214154-50331658-5050-6563-0000 to master@10.0.0.3:5050
I1210 22:11:21.843483 11726 slave.cpp:2686] Sending acknowledgement for status update TASK_RUNNING (UUID: c3d644c1-49e4-4237-84a2-5bd533751192) for task ct:1449785462946:0:35: of framework 20151210-214154-50331658-5050-6563-0000 to executor(1)@10.0.0.6:54083
I1210 22:11:21.845860 11729 status_update_manager.cpp:389] Received status update acknowledgement (UUID: c3d644c1-49e4-4237-84a2-5bd533751192) for task ct:1449785462946:0:35: of framework 20151210-214154-50331658-5050-6563-0000
I1210 22:11:21.845902 11729 status_update_manager.hpp:346] Checkpointing ACK for status update TASK_RUNNING (UUID: c3d644c1-49e4-4237-84a2-5bd533751192) for task ct:1449785462946:0:35: of framework 20151210-214154-50331658-5050-6563-0000
I1210 22:11:21.876852 11729 slave.cpp:2141] Got registration for executor 'ct:1449785464328:0:29:' of framework 20151210-214154-50331658-5050-6563-0000 from executor(1)@10.0.0.6:36816
I1210 22:11:21.877703 11729 slave.cpp:1532] Sending queued task 'ct:1449785464328:0:29:' to executor 'ct:1449785464328:0:29:' of framework 20151210-214154-50331658-5050-6563-0000
I1210 22:11:21.893813 11729 slave.cpp:2508] Handling status update TASK_RUNNING (UUID: 7693d385-6ab8-4a4d-a696-f29df07069cd) for task ct:1449785464328:0:29: of framework 20151210-214154-50331658-5050-6563-0000 from executor(1)@10.0.0.6:36816
I1210 22:11:21.893926 11729 status_update_manager.cpp:317] Received status update TASK_RUNNING (UUID: 7693d385-6ab8-4a4d-a696-f29df07069cd) for task ct:1449785464328:0:29: of framework 20151210-214154-50331658-5050-6563-0000
I1210 22:11:21.894098 11729 status_update_manager.hpp:346] Checkpointing UPDATE for status update TASK_RUNNING (UUID: 7693d385-6ab8-4a4d-a696-f29df07069cd) for task ct:1449785464328:0:29: of framework 20151210-214154-50331658-5050-6563-0000
I1210 22:11:21.896646 11729 slave.cpp:2753] Forwarding the update TASK_RUNNING (UUID: 7693d385-6ab8-4a4d-a696-f29df07069cd) for task ct:1449785464328:0:29: of framework 20151210-214154-50331658-5050-6563-0000 to master@10.0.0.3:5050
I1210 22:11:21.896718 11729 slave.cpp:2686] Sending acknowledgement for status update TASK_RUNNING (UUID: 7693d385-6ab8-4a4d-a696-f29df07069cd) for task ct:1449785464328:0:29: of framework 20151210-214154-50331658-5050-6563-0000 to executor(1)@10.0.0.6:36816
I1210 22:11:21.898778 11729 status_update_manager.cpp:389] Received status update acknowledgement (UUID: 7693d385-6ab8-4a4d-a696-f29df07069cd) for task ct:1449785464328:0:29: of framework 20151210-214154-50331658-5050-6563-0000
I1210 22:11:21.898829 11729 status_update_manager.hpp:346] Checkpointing ACK for status update TASK_RUNNING (UUID: 7693d385-6ab8-4a4d-a696-f29df07069cd) for task ct:1449785464328:0:29: of framework 20151210-214154-50331658-5050-6563-0000
I1210 22:11:22.013077 11729 slave.cpp:2141] Got registration for executor 'ct:1449785467333:0:28:' of framework 20151210-214154-50331658-5050-6563-0000 from executor(1)@10.0.0.6:37540
I1210 22:11:22.014040 11729 slave.cpp:1532] Sending queued task 'ct:1449785467333:0:28:' to executor 'ct:1449785467333:0:28:' of framework 20151210-214154-50331658-5050-6563-0000
I1210 22:11:22.020324 11729 slave.cpp:2141] Got registration for executor 'ct:1449785465055:0:31:' of framework 20151210-214154-50331658-5050-6563-0000 from executor(1)@10.0.0.6:50948
I1210 22:11:22.021224 11729 slave.cpp:1532] Sending queued task 'ct:1449785465055:0:31:' to executor 'ct:1449785465055:0:31:' of framework 20151210-214154-50331658-5050-6563-0000
I1210 22:11:22.024456 11727 slave.cpp:2141] Got registration for executor 'ct:1449785464452:0:26:' of framework 20151210-214154-50331658-5050-6563-0000 from executor(1)@10.0.0.6:55160
I1210 22:11:22.025048 11727 slave.cpp:1532] Sending queued task 'ct:1449785464452:0:26:' to executor 'ct:1449785464452:0:26:' of framework 20151210-214154-50331658-5050-6563-0000
