I1219 01:37:04.555495 27350 slave.cpp:2508] Handling status update TASK_FINISHED (UUID: bf710294-bfda-4b9e-9f89-2d012dbcf76b) for task 1450489020003-www-data-devel-job14-0-13eb8322-ad0a-42db-9979-0694364b9ea6 of framework 20151219-012848-50331658-5050-16921-0000 from executor(1)@10.0.0.5:34931
I1219 01:37:04.556486 27340 status_update_manager.cpp:317] Received status update TASK_FINISHED (UUID: bf710294-bfda-4b9e-9f89-2d012dbcf76b) for task 1450489020003-www-data-devel-job14-0-13eb8322-ad0a-42db-9979-0694364b9ea6 of framework 20151219-012848-50331658-5050-16921-0000
I1219 01:37:04.556583 27340 status_update_manager.hpp:346] Checkpointing UPDATE for status update TASK_FINISHED (UUID: bf710294-bfda-4b9e-9f89-2d012dbcf76b) for task 1450489020003-www-data-devel-job14-0-13eb8322-ad0a-42db-9979-0694364b9ea6 of framework 20151219-012848-50331658-5050-16921-0000
I1219 01:37:04.561242 27346 slave.cpp:2753] Forwarding the update TASK_FINISHED (UUID: bf710294-bfda-4b9e-9f89-2d012dbcf76b) for task 1450489020003-www-data-devel-job14-0-13eb8322-ad0a-42db-9979-0694364b9ea6 of framework 20151219-012848-50331658-5050-16921-0000 to master@10.0.0.3:5050
I1219 01:37:04.561442 27346 slave.cpp:2686] Sending acknowledgement for status update TASK_FINISHED (UUID: bf710294-bfda-4b9e-9f89-2d012dbcf76b) for task 1450489020003-www-data-devel-job14-0-13eb8322-ad0a-42db-9979-0694364b9ea6 of framework 20151219-012848-50331658-5050-16921-0000 to executor(1)@10.0.0.5:34931
I1219 01:37:04.572799 27340 status_update_manager.cpp:389] Received status update acknowledgement (UUID: bf710294-bfda-4b9e-9f89-2d012dbcf76b) for task 1450489020003-www-data-devel-job14-0-13eb8322-ad0a-42db-9979-0694364b9ea6 of framework 20151219-012848-50331658-5050-16921-0000
I1219 01:37:04.572849 27340 status_update_manager.hpp:346] Checkpointing ACK for status update TASK_FINISHED (UUID: bf710294-bfda-4b9e-9f89-2d012dbcf76b) for task 1450489020003-www-data-devel-job14-0-13eb8322-ad0a-42db-9979-0694364b9ea6 of framework 20151219-012848-50331658-5050-16921-0000
I1219 01:37:05.753139 27343 slave.cpp:1121] Got assigned task 1450489020207-www-data-devel-job5-0-6bfc7dd6-d253-4066-9b2f-180c074f1367 for framework 20151219-012848-50331658-5050-16921-0000
I1219 01:37:05.753430 27343 slave.cpp:1231] Launching task 1450489020207-www-data-devel-job5-0-6bfc7dd6-d253-4066-9b2f-180c074f1367 for framework 20151219-012848-50331658-5050-16921-0000
I1219 01:37:05.757745 27343 slave.cpp:4160] Launching executor thermos-1450489020207-www-data-devel-job5-0-6bfc7dd6-d253-4066-9b2f-180c074f1367 of framework 20151219-012848-50331658-5050-16921-0000 in work directory '/var/lib/mesos/slave/slaves/20151219-012848-50331658-5050-16921-S1/frameworks/20151219-012848-50331658-5050-16921-0000/executors/thermos-1450489020207-www-data-devel-job5-0-6bfc7dd6-d253-4066-9b2f-180c074f1367/runs/2d0466f5-7cd4-4f08-9df9-248a21dde9ec'
I1219 01:37:05.757901 27337 containerizer.cpp:472] Starting container '2d0466f5-7cd4-4f08-9df9-248a21dde9ec' for executor 'thermos-1450489020207-www-data-devel-job5-0-6bfc7dd6-d253-4066-9b2f-180c074f1367' of framework '20151219-012848-50331658-5050-16921-0000'
I1219 01:37:05.758687 27343 slave.cpp:1378] Queuing task '1450489020207-www-data-devel-job5-0-6bfc7dd6-d253-4066-9b2f-180c074f1367' for executor thermos-1450489020207-www-data-devel-job5-0-6bfc7dd6-d253-4066-9b2f-180c074f1367 of framework '20151219-012848-50331658-5050-16921-0000
I1219 01:37:05.759845 27338 launcher.cpp:130] Forked child with pid '28883' for container '2d0466f5-7cd4-4f08-9df9-248a21dde9ec'
I1219 01:37:05.760084 27338 containerizer.cpp:682] Checkpointing executor's forked pid 28883 to '/var/lib/mesos/slave/meta/slaves/20151219-012848-50331658-5050-16921-S1/frameworks/20151219-012848-50331658-5050-16921-0000/executors/thermos-1450489020207-www-data-devel-job5-0-6bfc7dd6-d253-4066-9b2f-180c074f1367/runs/2d0466f5-7cd4-4f08-9df9-248a21dde9ec/pids/forked.pid'
I1219 01:37:05.764621 27346 fetcher.cpp:238] Fetching URIs using command '/usr/libexec/mesos/mesos-fetcher'
I1219 01:37:05.846914 27344 slave.cpp:3135] Monitoring executor 'thermos-1450489020207-www-data-devel-job5-0-6bfc7dd6-d253-4066-9b2f-180c074f1367' of framework '20151219-012848-50331658-5050-16921-0000' in container '2d0466f5-7cd4-4f08-9df9-248a21dde9ec'
I1219 01:37:06.347389 27338 slave.cpp:2141] Got registration for executor 'thermos-1450489020207-www-data-devel-job5-0-6bfc7dd6-d253-4066-9b2f-180c074f1367' of framework 20151219-012848-50331658-5050-16921-0000 from executor(1)@10.0.0.5:39933
I1219 01:37:06.348292 27348 slave.cpp:1532] Sending queued task '1450489020207-www-data-devel-job5-0-6bfc7dd6-d253-4066-9b2f-180c074f1367' to executor 'thermos-1450489020207-www-data-devel-job5-0-6bfc7dd6-d253-4066-9b2f-180c074f1367' of framework 20151219-012848-50331658-5050-16921-0000
I1219 01:37:06.353864 27347 slave.cpp:2508] Handling status update TASK_STARTING (UUID: 11afdbba-a658-4827-a26e-903838051102) for task 1450489020207-www-data-devel-job5-0-6bfc7dd6-d253-4066-9b2f-180c074f1367 of framework 20151219-012848-50331658-5050-16921-0000 from executor(1)@10.0.0.5:39933
I1219 01:37:06.354017 27347 status_update_manager.cpp:317] Received status update TASK_STARTING (UUID: 11afdbba-a658-4827-a26e-903838051102) for task 1450489020207-www-data-devel-job5-0-6bfc7dd6-d253-4066-9b2f-180c074f1367 of framework 20151219-012848-50331658-5050-16921-0000
I1219 01:37:06.354348 27347 status_update_manager.hpp:346] Checkpointing UPDATE for status update TASK_STARTING (UUID: 11afdbba-a658-4827-a26e-903838051102) for task 1450489020207-www-data-devel-job5-0-6bfc7dd6-d253-4066-9b2f-180c074f1367 of framework 20151219-012848-50331658-5050-16921-0000
I1219 01:37:06.361698 27347 slave.cpp:2753] Forwarding the update TASK_STARTING (UUID: 11afdbba-a658-4827-a26e-903838051102) for task 1450489020207-www-data-devel-job5-0-6bfc7dd6-d253-4066-9b2f-180c074f1367 of framework 20151219-012848-50331658-5050-16921-0000 to master@10.0.0.3:5050
I1219 01:37:06.361801 27347 slave.cpp:2686] Sending acknowledgement for status update TASK_STARTING (UUID: 11afdbba-a658-4827-a26e-903838051102) for task 1450489020207-www-data-devel-job5-0-6bfc7dd6-d253-4066-9b2f-180c074f1367 of framework 20151219-012848-50331658-5050-16921-0000 to executor(1)@10.0.0.5:39933
I1219 01:37:06.371275 27343 status_update_manager.cpp:389] Received status update acknowledgement (UUID: 11afdbba-a658-4827-a26e-903838051102) for task 1450489020207-www-data-devel-job5-0-6bfc7dd6-d253-4066-9b2f-180c074f1367 of framework 20151219-012848-50331658-5050-16921-0000
I1219 01:37:06.371342 27343 status_update_manager.hpp:346] Checkpointing ACK for status update TASK_STARTING (UUID: 11afdbba-a658-4827-a26e-903838051102) for task 1450489020207-www-data-devel-job5-0-6bfc7dd6-d253-4066-9b2f-180c074f1367 of framework 20151219-012848-50331658-5050-16921-0000
I1219 01:37:06.933868 27348 slave.cpp:2508] Handling status update TASK_RUNNING (UUID: d0027373-855f-421f-a6e3-dd6d84831699) for task 1450489020207-www-data-devel-job5-0-6bfc7dd6-d253-4066-9b2f-180c074f1367 of framework 20151219-012848-50331658-5050-16921-0000 from executor(1)@10.0.0.5:39933
I1219 01:37:06.934042 27338 status_update_manager.cpp:317] Received status update TASK_RUNNING (UUID: d0027373-855f-421f-a6e3-dd6d84831699) for task 1450489020207-www-data-devel-job5-0-6bfc7dd6-d253-4066-9b2f-180c074f1367 of framework 20151219-012848-50331658-5050-16921-0000
I1219 01:37:06.934123 27338 status_update_manager.hpp:346] Checkpointing UPDATE for status update TASK_RUNNING (UUID: d0027373-855f-421f-a6e3-dd6d84831699) for task 1450489020207-www-data-devel-job5-0-6bfc7dd6-d253-4066-9b2f-180c074f1367 of framework 20151219-012848-50331658-5050-16921-0000
I1219 01:37:06.938542 27342 slave.cpp:2753] Forwarding the update TASK_RUNNING (UUID: d0027373-855f-421f-a6e3-dd6d84831699) for task 1450489020207-www-data-devel-job5-0-6bfc7dd6-d253-4066-9b2f-180c074f1367 of framework 20151219-012848-50331658-5050-16921-0000 to master@10.0.0.3:5050
I1219 01:37:06.938654 27342 slave.cpp:2686] Sending acknowledgement for status update TASK_RUNNING (UUID: d0027373-855f-421f-a6e3-dd6d84831699) for task 1450489020207-www-data-devel-job5-0-6bfc7dd6-d253-4066-9b2f-180c074f1367 of framework 20151219-012848-50331658-5050-16921-0000 to executor(1)@10.0.0.5:39933
I1219 01:37:06.947738 27338 status_update_manager.cpp:389] Received status update acknowledgement (UUID: d0027373-855f-421f-a6e3-dd6d84831699) for task 1450489020207-www-data-devel-job5-0-6bfc7dd6-d253-4066-9b2f-180c074f1367 of framework 20151219-012848-50331658-5050-16921-0000
I1219 01:37:06.947780 27338 status_update_manager.hpp:346] Checkpointing ACK for status update TASK_RUNNING (UUID: d0027373-855f-421f-a6e3-dd6d84831699) for task 1450489020207-www-data-devel-job5-0-6bfc7dd6-d253-4066-9b2f-180c074f1367 of framework 20151219-012848-50331658-5050-16921-0000
I1219 01:37:09.663965 27345 containerizer.cpp:1111] Executor for container '3f97acdb-85bb-41e3-a497-8cdfa56a8af1' has exited
I1219 01:37:09.664052 27345 containerizer.cpp:906] Destroying container '3f97acdb-85bb-41e3-a497-8cdfa56a8af1'
I1219 01:37:09.665936 27344 slave.cpp:3193] Executor 'thermos-1450489020003-www-data-devel-job14-0-13eb8322-ad0a-42db-9979-0694364b9ea6' of framework 20151219-012848-50331658-5050-16921-0000 exited with status 0
I1219 01:37:09.666103 27344 slave.cpp:3302] Cleaning up executor 'thermos-1450489020003-www-data-devel-job14-0-13eb8322-ad0a-42db-9979-0694364b9ea6' of framework 20151219-012848-50331658-5050-16921-0000
I1219 01:37:09.666416 27347 gc.cpp:56] Scheduling '/var/lib/mesos/slave/slaves/20151219-012848-50331658-5050-16921-S1/frameworks/20151219-012848-50331658-5050-16921-0000/executors/thermos-1450489020003-www-data-devel-job14-0-13eb8322-ad0a-42db-9979-0694364b9ea6/runs/3f97acdb-85bb-41e3-a497-8cdfa56a8af1' for gc 6.99999228753481days in the future
I1219 01:37:09.666489 27347 gc.cpp:56] Scheduling '/var/lib/mesos/slave/slaves/20151219-012848-50331658-5050-16921-S1/frameworks/20151219-012848-50331658-5050-16921-0000/executors/thermos-1450489020003-www-data-devel-job14-0-13eb8322-ad0a-42db-9979-0694364b9ea6' for gc 6.9999922865837days in the future
I1219 01:37:09.666565 27342 gc.cpp:56] Scheduling '/var/lib/mesos/slave/meta/slaves/20151219-012848-50331658-5050-16921-S1/frameworks/20151219-012848-50331658-5050-16921-0000/executors/thermos-1450489020003-www-data-devel-job14-0-13eb8322-ad0a-42db-9979-0694364b9ea6/runs/3f97acdb-85bb-41e3-a497-8cdfa56a8af1' for gc 6.99999228564741days in the future
I1219 01:37:09.666620 27342 gc.cpp:56] Scheduling '/var/lib/mesos/slave/meta/slaves/20151219-012848-50331658-5050-16921-S1/frameworks/20151219-012848-50331658-5050-16921-0000/executors/thermos-1450489020003-www-data-devel-job14-0-13eb8322-ad0a-42db-9979-0694364b9ea6' for gc 6.99999228485037days in the future
I1219 01:37:16.092659 27346 slave.cpp:2508] Handling status update TASK_FINISHED (UUID: 9f6d95b2-c535-42c8-bbc9-a70ebb49a37c) for task 1450489020207-www-data-devel-job5-0-6bfc7dd6-d253-4066-9b2f-180c074f1367 of framework 20151219-012848-50331658-5050-16921-0000 from executor(1)@10.0.0.5:39933
I1219 01:37:16.093451 27342 status_update_manager.cpp:317] Received status update TASK_FINISHED (UUID: 9f6d95b2-c535-42c8-bbc9-a70ebb49a37c) for task 1450489020207-www-data-devel-job5-0-6bfc7dd6-d253-4066-9b2f-180c074f1367 of framework 20151219-012848-50331658-5050-16921-0000
I1219 01:37:16.093502 27342 status_update_manager.hpp:346] Checkpointing UPDATE for status update TASK_FINISHED (UUID: 9f6d95b2-c535-42c8-bbc9-a70ebb49a37c) for task 1450489020207-www-data-devel-job5-0-6bfc7dd6-d253-4066-9b2f-180c074f1367 of framework 20151219-012848-50331658-5050-16921-0000
I1219 01:37:16.100525 27340 slave.cpp:2753] Forwarding the update TASK_FINISHED (UUID: 9f6d95b2-c535-42c8-bbc9-a70ebb49a37c) for task 1450489020207-www-data-devel-job5-0-6bfc7dd6-d253-4066-9b2f-180c074f1367 of framework 20151219-012848-50331658-5050-16921-0000 to master@10.0.0.3:5050
I1219 01:37:16.100682 27340 slave.cpp:2686] Sending acknowledgement for status update TASK_FINISHED (UUID: 9f6d95b2-c535-42c8-bbc9-a70ebb49a37c) for task 1450489020207-www-data-devel-job5-0-6bfc7dd6-d253-4066-9b2f-180c074f1367 of framework 20151219-012848-50331658-5050-16921-0000 to executor(1)@10.0.0.5:39933
I1219 01:37:16.110363 27342 status_update_manager.cpp:389] Received status update acknowledgement (UUID: 9f6d95b2-c535-42c8-bbc9-a70ebb49a37c) for task 1450489020207-www-data-devel-job5-0-6bfc7dd6-d253-4066-9b2f-180c074f1367 of framework 20151219-012848-50331658-5050-16921-0000
I1219 01:37:16.110399 27342 status_update_manager.hpp:346] Checkpointing ACK for status update TASK_FINISHED (UUID: 9f6d95b2-c535-42c8-bbc9-a70ebb49a37c) for task 1450489020207-www-data-devel-job5-0-6bfc7dd6-d253-4066-9b2f-180c074f1367 of framework 20151219-012848-50331658-5050-16921-0000
I1219 01:37:16.666178 27342 slave.cpp:1121] Got assigned task 1450489020015-www-data-devel-job9-0-1d6c5bdd-30a9-4a67-9772-ff50a73be66d for framework 20151219-012848-50331658-5050-16921-0000
I1219 01:37:16.666465 27342 slave.cpp:1231] Launching task 1450489020015-www-data-devel-job9-0-1d6c5bdd-30a9-4a67-9772-ff50a73be66d for framework 20151219-012848-50331658-5050-16921-0000
I1219 01:37:16.668568 27342 slave.cpp:4160] Launching executor thermos-1450489020015-www-data-devel-job9-0-1d6c5bdd-30a9-4a67-9772-ff50a73be66d of framework 20151219-012848-50331658-5050-16921-0000 in work directory '/var/lib/mesos/slave/slaves/20151219-012848-50331658-5050-16921-S1/frameworks/20151219-012848-50331658-5050-16921-0000/executors/thermos-1450489020015-www-data-devel-job9-0-1d6c5bdd-30a9-4a67-9772-ff50a73be66d/runs/8c04ed11-f02b-44a1-a108-bb86db7bd873'
I1219 01:37:16.668730 27346 containerizer.cpp:472] Starting container '8c04ed11-f02b-44a1-a108-bb86db7bd873' for executor 'thermos-1450489020015-www-data-devel-job9-0-1d6c5bdd-30a9-4a67-9772-ff50a73be66d' of framework '20151219-012848-50331658-5050-16921-0000'
I1219 01:37:16.670987 27342 slave.cpp:1378] Queuing task '1450489020015-www-data-devel-job9-0-1d6c5bdd-30a9-4a67-9772-ff50a73be66d' for executor thermos-1450489020015-www-data-devel-job9-0-1d6c5bdd-30a9-4a67-9772-ff50a73be66d of framework '20151219-012848-50331658-5050-16921-0000
I1219 01:37:16.671979 27341 launcher.cpp:130] Forked child with pid '28940' for container '8c04ed11-f02b-44a1-a108-bb86db7bd873'
I1219 01:37:16.672293 27341 containerizer.cpp:682] Checkpointing executor's forked pid 28940 to '/var/lib/mesos/slave/meta/slaves/20151219-012848-50331658-5050-16921-S1/frameworks/20151219-012848-50331658-5050-16921-0000/executors/thermos-1450489020015-www-data-devel-job9-0-1d6c5bdd-30a9-4a67-9772-ff50a73be66d/runs/8c04ed11-f02b-44a1-a108-bb86db7bd873/pids/forked.pid'
I1219 01:37:16.677019 27348 fetcher.cpp:238] Fetching URIs using command '/usr/libexec/mesos/mesos-fetcher'
I1219 01:37:16.799427 27345 slave.cpp:3135] Monitoring executor 'thermos-1450489020015-www-data-devel-job9-0-1d6c5bdd-30a9-4a67-9772-ff50a73be66d' of framework '20151219-012848-50331658-5050-16921-0000' in container '8c04ed11-f02b-44a1-a108-bb86db7bd873'
I1219 01:37:17.303977 27350 slave.cpp:2141] Got registration for executor 'thermos-1450489020015-www-data-devel-job9-0-1d6c5bdd-30a9-4a67-9772-ff50a73be66d' of framework 20151219-012848-50331658-5050-16921-0000 from executor(1)@10.0.0.5:45041
I1219 01:37:17.304978 27335 slave.cpp:1532] Sending queued task '1450489020015-www-data-devel-job9-0-1d6c5bdd-30a9-4a67-9772-ff50a73be66d' to executor 'thermos-1450489020015-www-data-devel-job9-0-1d6c5bdd-30a9-4a67-9772-ff50a73be66d' of framework 20151219-012848-50331658-5050-16921-0000
I1219 01:37:17.310643 27339 slave.cpp:2508] Handling status update TASK_STARTING (UUID: cefb56f1-a229-458f-b6ec-03e1ee491207) for task 1450489020015-www-data-devel-job9-0-1d6c5bdd-30a9-4a67-9772-ff50a73be66d of framework 20151219-012848-50331658-5050-16921-0000 from executor(1)@10.0.0.5:45041
I1219 01:37:17.310793 27349 status_update_manager.cpp:317] Received status update TASK_STARTING (UUID: cefb56f1-a229-458f-b6ec-03e1ee491207) for task 1450489020015-www-data-devel-job9-0-1d6c5bdd-30a9-4a67-9772-ff50a73be66d of framework 20151219-012848-50331658-5050-16921-0000
I1219 01:37:17.311144 27349 status_update_manager.hpp:346] Checkpointing UPDATE for status update TASK_STARTING (UUID: cefb56f1-a229-458f-b6ec-03e1ee491207) for task 1450489020015-www-data-devel-job9-0-1d6c5bdd-30a9-4a67-9772-ff50a73be66d of framework 20151219-012848-50331658-5050-16921-0000
I1219 01:37:17.315218 27339 slave.cpp:2753] Forwarding the update TASK_STARTING (UUID: cefb56f1-a229-458f-b6ec-03e1ee491207) for task 1450489020015-www-data-devel-job9-0-1d6c5bdd-30a9-4a67-9772-ff50a73be66d of framework 20151219-012848-50331658-5050-16921-0000 to master@10.0.0.3:5050
I1219 01:37:17.315326 27339 slave.cpp:2686] Sending acknowledgement for status update TASK_STARTING (UUID: cefb56f1-a229-458f-b6ec-03e1ee491207) for task 1450489020015-www-data-devel-job9-0-1d6c5bdd-30a9-4a67-9772-ff50a73be66d of framework 20151219-012848-50331658-5050-16921-0000 to executor(1)@10.0.0.5:45041
I1219 01:37:17.324218 27349 status_update_manager.cpp:389] Received status update acknowledgement (UUID: cefb56f1-a229-458f-b6ec-03e1ee491207) for task 1450489020015-www-data-devel-job9-0-1d6c5bdd-30a9-4a67-9772-ff50a73be66d of framework 20151219-012848-50331658-5050-16921-0000
I1219 01:37:17.324290 27349 status_update_manager.hpp:346] Checkpointing ACK for status update TASK_STARTING (UUID: cefb56f1-a229-458f-b6ec-03e1ee491207) for task 1450489020015-www-data-devel-job9-0-1d6c5bdd-30a9-4a67-9772-ff50a73be66d of framework 20151219-012848-50331658-5050-16921-0000
I1219 01:37:17.890770 27346 slave.cpp:2508] Handling status update TASK_RUNNING (UUID: 412fb8eb-825a-4812-9eb3-0c5b75c45206) for task 1450489020015-www-data-devel-job9-0-1d6c5bdd-30a9-4a67-9772-ff50a73be66d of framework 20151219-012848-50331658-5050-16921-0000 from executor(1)@10.0.0.5:45041
I1219 01:37:17.890918 27346 status_update_manager.cpp:317] Received status update TASK_RUNNING (UUID: 412fb8eb-825a-4812-9eb3-0c5b75c45206) for task 1450489020015-www-data-devel-job9-0-1d6c5bdd-30a9-4a67-9772-ff50a73be66d of framework 20151219-012848-50331658-5050-16921-0000
I1219 01:37:17.890943 27346 status_update_manager.hpp:346] Checkpointing UPDATE for status update TASK_RUNNING (UUID: 412fb8eb-825a-4812-9eb3-0c5b75c45206) for task 1450489020015-www-data-devel-job9-0-1d6c5bdd-30a9-4a67-9772-ff50a73be66d of framework 20151219-012848-50331658-5050-16921-0000
I1219 01:37:17.895045 27336 slave.cpp:2753] Forwarding the update TASK_RUNNING (UUID: 412fb8eb-825a-4812-9eb3-0c5b75c45206) for task 1450489020015-www-data-devel-job9-0-1d6c5bdd-30a9-4a67-9772-ff50a73be66d of framework 20151219-012848-50331658-5050-16921-0000 to master@10.0.0.3:5050
I1219 01:37:17.895166 27336 slave.cpp:2686] Sending acknowledgement for status update TASK_RUNNING (UUID: 412fb8eb-825a-4812-9eb3-0c5b75c45206) for task 1450489020015-www-data-devel-job9-0-1d6c5bdd-30a9-4a67-9772-ff50a73be66d of framework 20151219-012848-50331658-5050-16921-0000 to executor(1)@10.0.0.5:45041
I1219 01:37:17.904299 27344 status_update_manager.cpp:389] Received status update acknowledgement (UUID: 412fb8eb-825a-4812-9eb3-0c5b75c45206) for task 1450489020015-www-data-devel-job9-0-1d6c5bdd-30a9-4a67-9772-ff50a73be66d of framework 20151219-012848-50331658-5050-16921-0000
I1219 01:37:17.904342 27344 status_update_manager.hpp:346] Checkpointing ACK for status update TASK_RUNNING (UUID: 412fb8eb-825a-4812-9eb3-0c5b75c45206) for task 1450489020015-www-data-devel-job9-0-1d6c5bdd-30a9-4a67-9772-ff50a73be66d of framework 20151219-012848-50331658-5050-16921-0000
I1219 01:37:21.218741 27349 containerizer.cpp:1111] Executor for container '2d0466f5-7cd4-4f08-9df9-248a21dde9ec' has exited
I1219 01:37:21.218801 27349 containerizer.cpp:906] Destroying container '2d0466f5-7cd4-4f08-9df9-248a21dde9ec'
I1219 01:37:21.220470 27344 slave.cpp:3193] Executor 'thermos-1450489020207-www-data-devel-job5-0-6bfc7dd6-d253-4066-9b2f-180c074f1367' of framework 20151219-012848-50331658-5050-16921-0000 exited with status 0
I1219 01:37:21.220613 27344 slave.cpp:3302] Cleaning up executor 'thermos-1450489020207-www-data-devel-job5-0-6bfc7dd6-d253-4066-9b2f-180c074f1367' of framework 20151219-012848-50331658-5050-16921-0000
I1219 01:37:21.220912 27342 gc.cpp:56] Scheduling '/var/lib/mesos/slave/slaves/20151219-012848-50331658-5050-16921-S1/frameworks/20151219-012848-50331658-5050-16921-0000/executors/thermos-1450489020207-www-data-devel-job5-0-6bfc7dd6-d253-4066-9b2f-180c074f1367/runs/2d0466f5-7cd4-4f08-9df9-248a21dde9ec' for gc 6.99999744379556days in the future
I1219 01:37:21.220979 27342 gc.cpp:56] Scheduling '/var/lib/mesos/slave/slaves/20151219-012848-50331658-5050-16921-S1/frameworks/20151219-012848-50331658-5050-16921-0000/executors/thermos-1450489020207-www-data-devel-job5-0-6bfc7dd6-d253-4066-9b2f-180c074f1367' for gc 6.9999974427437days in the future
I1219 01:37:21.221101 27343 gc.cpp:56] Scheduling '/var/lib/mesos/slave/meta/slaves/20151219-012848-50331658-5050-16921-S1/frameworks/20151219-012848-50331658-5050-16921-0000/executors/thermos-1450489020207-www-data-devel-job5-0-6bfc7dd6-d253-4066-9b2f-180c074f1367/runs/2d0466f5-7cd4-4f08-9df9-248a21dde9ec' for gc 6.99999744184days in the future
I1219 01:37:21.221204 27343 gc.cpp:56] Scheduling '/var/lib/mesos/slave/meta/slaves/20151219-012848-50331658-5050-16921-S1/frameworks/20151219-012848-50331658-5050-16921-0000/executors/thermos-1450489020207-www-data-devel-job5-0-6bfc7dd6-d253-4066-9b2f-180c074f1367' for gc 6.99999744066963days in the future
I1219 01:37:28.046238 27350 slave.cpp:2508] Handling status update TASK_FINISHED (UUID: 7416f51c-1d50-4b22-9a68-8c8bf235547a) for task 1450489020015-www-data-devel-job9-0-1d6c5bdd-30a9-4a67-9772-ff50a73be66d of framework 20151219-012848-50331658-5050-16921-0000 from executor(1)@10.0.0.5:45041
I1219 01:37:28.046850 27347 status_update_manager.cpp:317] Received status update TASK_FINISHED (UUID: 7416f51c-1d50-4b22-9a68-8c8bf235547a) for task 1450489020015-www-data-devel-job9-0-1d6c5bdd-30a9-4a67-9772-ff50a73be66d of framework 20151219-012848-50331658-5050-16921-0000
I1219 01:37:28.046911 27347 status_update_manager.hpp:346] Checkpointing UPDATE for status update TASK_FINISHED (UUID: 7416f51c-1d50-4b22-9a68-8c8bf235547a) for task 1450489020015-www-data-devel-job9-0-1d6c5bdd-30a9-4a67-9772-ff50a73be66d of framework 20151219-012848-50331658-5050-16921-0000
I1219 01:37:28.053824 27343 slave.cpp:2753] Forwarding the update TASK_FINISHED (UUID: 7416f51c-1d50-4b22-9a68-8c8bf235547a) for task 1450489020015-www-data-devel-job9-0-1d6c5bdd-30a9-4a67-9772-ff50a73be66d of framework 20151219-012848-50331658-5050-16921-0000 to master@10.0.0.3:5050
I1219 01:37:28.053926 27343 slave.cpp:2686] Sending acknowledgement for status update TASK_FINISHED (UUID: 7416f51c-1d50-4b22-9a68-8c8bf235547a) for task 1450489020015-www-data-devel-job9-0-1d6c5bdd-30a9-4a67-9772-ff50a73be66d of framework 20151219-012848-50331658-5050-16921-0000 to executor(1)@10.0.0.5:45041
I1219 01:37:28.064431 27347 status_update_manager.cpp:389] Received status update acknowledgement (UUID: 7416f51c-1d50-4b22-9a68-8c8bf235547a) for task 1450489020015-www-data-devel-job9-0-1d6c5bdd-30a9-4a67-9772-ff50a73be66d of framework 20151219-012848-50331658-5050-16921-0000
I1219 01:37:28.064512 27347 status_update_manager.hpp:346] Checkpointing ACK for status update TASK_FINISHED (UUID: 7416f51c-1d50-4b22-9a68-8c8bf235547a) for task 1450489020015-www-data-devel-job9-0-1d6c5bdd-30a9-4a67-9772-ff50a73be66d of framework 20151219-012848-50331658-5050-16921-0000
I1219 01:37:33.063210 27338 slave.cpp:1121] Got assigned task 1450489020047-www-data-devel-job18-0-68c5139c-7f8a-48a3-9aba-9f4561f7b143 for framework 20151219-012848-50331658-5050-16921-0000
I1219 01:37:33.063478 27338 slave.cpp:1231] Launching task 1450489020047-www-data-devel-job18-0-68c5139c-7f8a-48a3-9aba-9f4561f7b143 for framework 20151219-012848-50331658-5050-16921-0000
I1219 01:37:33.066504 27338 slave.cpp:4160] Launching executor thermos-1450489020047-www-data-devel-job18-0-68c5139c-7f8a-48a3-9aba-9f4561f7b143 of framework 20151219-012848-50331658-5050-16921-0000 in work directory '/var/lib/mesos/slave/slaves/20151219-012848-50331658-5050-16921-S1/frameworks/20151219-012848-50331658-5050-16921-0000/executors/thermos-1450489020047-www-data-devel-job18-0-68c5139c-7f8a-48a3-9aba-9f4561f7b143/runs/3fc36641-ef49-4c30-b364-5dd9ce475a43'
I1219 01:37:33.066951 27340 containerizer.cpp:472] Starting container '3fc36641-ef49-4c30-b364-5dd9ce475a43' for executor 'thermos-1450489020047-www-data-devel-job18-0-68c5139c-7f8a-48a3-9aba-9f4561f7b143' of framework '20151219-012848-50331658-5050-16921-0000'
I1219 01:37:33.067456 27338 slave.cpp:1378] Queuing task '1450489020047-www-data-devel-job18-0-68c5139c-7f8a-48a3-9aba-9f4561f7b143' for executor thermos-1450489020047-www-data-devel-job18-0-68c5139c-7f8a-48a3-9aba-9f4561f7b143 of framework '20151219-012848-50331658-5050-16921-0000
I1219 01:37:33.068217 27340 launcher.cpp:130] Forked child with pid '29004' for container '3fc36641-ef49-4c30-b364-5dd9ce475a43'
I1219 01:37:33.068908 27340 containerizer.cpp:682] Checkpointing executor's forked pid 29004 to '/var/lib/mesos/slave/meta/slaves/20151219-012848-50331658-5050-16921-S1/frameworks/20151219-012848-50331658-5050-16921-0000/executors/thermos-1450489020047-www-data-devel-job18-0-68c5139c-7f8a-48a3-9aba-9f4561f7b143/runs/3fc36641-ef49-4c30-b364-5dd9ce475a43/pids/forked.pid'
I1219 01:37:33.072726 27337 fetcher.cpp:238] Fetching URIs using command '/usr/libexec/mesos/mesos-fetcher'
I1219 01:37:33.174963 27335 containerizer.cpp:1111] Executor for container '8c04ed11-f02b-44a1-a108-bb86db7bd873' has exited
I1219 01:37:33.175171 27335 containerizer.cpp:906] Destroying container '8c04ed11-f02b-44a1-a108-bb86db7bd873'
I1219 01:37:33.176020 27338 slave.cpp:3135] Monitoring executor 'thermos-1450489020047-www-data-devel-job18-0-68c5139c-7f8a-48a3-9aba-9f4561f7b143' of framework '20151219-012848-50331658-5050-16921-0000' in container '3fc36641-ef49-4c30-b364-5dd9ce475a43'
I1219 01:37:33.176710 27338 slave.cpp:3193] Executor 'thermos-1450489020015-www-data-devel-job9-0-1d6c5bdd-30a9-4a67-9772-ff50a73be66d' of framework 20151219-012848-50331658-5050-16921-0000 exited with status 0
I1219 01:37:33.176851 27338 slave.cpp:3302] Cleaning up executor 'thermos-1450489020015-www-data-devel-job9-0-1d6c5bdd-30a9-4a67-9772-ff50a73be66d' of framework 20151219-012848-50331658-5050-16921-0000
I1219 01:37:33.177126 27336 gc.cpp:56] Scheduling '/var/lib/mesos/slave/slaves/20151219-012848-50331658-5050-16921-S1/frameworks/20151219-012848-50331658-5050-16921-0000/executors/thermos-1450489020015-www-data-devel-job9-0-1d6c5bdd-30a9-4a67-9772-ff50a73be66d/runs/8c04ed11-f02b-44a1-a108-bb86db7bd873' for gc 6.99999795056593days in the future
I1219 01:37:33.177196 27336 gc.cpp:56] Scheduling '/var/lib/mesos/slave/slaves/20151219-012848-50331658-5050-16921-S1/frameworks/20151219-012848-50331658-5050-16921-0000/executors/thermos-1450489020015-www-data-devel-job9-0-1d6c5bdd-30a9-4a67-9772-ff50a73be66d' for gc 6.99999794959407days in the future
I1219 01:37:33.177232 27336 gc.cpp:56] Scheduling '/var/lib/mesos/slave/meta/slaves/20151219-012848-50331658-5050-16921-S1/frameworks/20151219-012848-50331658-5050-16921-0000/executors/thermos-1450489020015-www-data-devel-job9-0-1d6c5bdd-30a9-4a67-9772-ff50a73be66d/runs/8c04ed11-f02b-44a1-a108-bb86db7bd873' for gc 6.9999979488563days in the future
I1219 01:37:33.177333 27337 gc.cpp:56] Scheduling '/var/lib/mesos/slave/meta/slaves/20151219-012848-50331658-5050-16921-S1/frameworks/20151219-012848-50331658-5050-16921-0000/executors/thermos-1450489020015-www-data-devel-job9-0-1d6c5bdd-30a9-4a67-9772-ff50a73be66d' for gc 6.99999794814815days in the future
I1219 01:37:33.674432 27341 slave.cpp:2141] Got registration for executor 'thermos-1450489020047-www-data-devel-job18-0-68c5139c-7f8a-48a3-9aba-9f4561f7b143' of framework 20151219-012848-50331658-5050-16921-0000 from executor(1)@10.0.0.5:52358
I1219 01:37:33.685044 27344 slave.cpp:1532] Sending queued task '1450489020047-www-data-devel-job18-0-68c5139c-7f8a-48a3-9aba-9f4561f7b143' to executor 'thermos-1450489020047-www-data-devel-job18-0-68c5139c-7f8a-48a3-9aba-9f4561f7b143' of framework 20151219-012848-50331658-5050-16921-0000
I1219 01:37:33.690588 27336 slave.cpp:2508] Handling status update TASK_STARTING (UUID: 5b774c82-724c-442e-b426-3ac10c6894a8) for task 1450489020047-www-data-devel-job18-0-68c5139c-7f8a-48a3-9aba-9f4561f7b143 of framework 20151219-012848-50331658-5050-16921-0000 from executor(1)@10.0.0.5:52358
I1219 01:37:33.690811 27349 status_update_manager.cpp:317] Received status update TASK_STARTING (UUID: 5b774c82-724c-442e-b426-3ac10c6894a8) for task 1450489020047-www-data-devel-job18-0-68c5139c-7f8a-48a3-9aba-9f4561f7b143 of framework 20151219-012848-50331658-5050-16921-0000
I1219 01:37:33.691220 27349 status_update_manager.hpp:346] Checkpointing UPDATE for status update TASK_STARTING (UUID: 5b774c82-724c-442e-b426-3ac10c6894a8) for task 1450489020047-www-data-devel-job18-0-68c5139c-7f8a-48a3-9aba-9f4561f7b143 of framework 20151219-012848-50331658-5050-16921-0000
I1219 01:37:33.696192 27340 slave.cpp:2753] Forwarding the update TASK_STARTING (UUID: 5b774c82-724c-442e-b426-3ac10c6894a8) for task 1450489020047-www-data-devel-job18-0-68c5139c-7f8a-48a3-9aba-9f4561f7b143 of framework 20151219-012848-50331658-5050-16921-0000 to master@10.0.0.3:5050
I1219 01:37:33.696311 27340 slave.cpp:2686] Sending acknowledgement for status update TASK_STARTING (UUID: 5b774c82-724c-442e-b426-3ac10c6894a8) for task 1450489020047-www-data-devel-job18-0-68c5139c-7f8a-48a3-9aba-9f4561f7b143 of framework 20151219-012848-50331658-5050-16921-0000 to executor(1)@10.0.0.5:52358
I1219 01:37:33.707370 27349 status_update_manager.cpp:389] Received status update acknowledgement (UUID: 5b774c82-724c-442e-b426-3ac10c6894a8) for task 1450489020047-www-data-devel-job18-0-68c5139c-7f8a-48a3-9aba-9f4561f7b143 of framework 20151219-012848-50331658-5050-16921-0000
I1219 01:37:33.707399 27349 status_update_manager.hpp:346] Checkpointing ACK for status update TASK_STARTING (UUID: 5b774c82-724c-442e-b426-3ac10c6894a8) for task 1450489020047-www-data-devel-job18-0-68c5139c-7f8a-48a3-9aba-9f4561f7b143 of framework 20151219-012848-50331658-5050-16921-0000
I1219 01:37:34.272433 27350 slave.cpp:2508] Handling status update TASK_RUNNING (UUID: 9e3ff1c0-28b4-4503-885e-fb55361ad17f) for task 1450489020047-www-data-devel-job18-0-68c5139c-7f8a-48a3-9aba-9f4561f7b143 of framework 20151219-012848-50331658-5050-16921-0000 from executor(1)@10.0.0.5:52358
I1219 01:37:34.272608 27344 status_update_manager.cpp:317] Received status update TASK_RUNNING (UUID: 9e3ff1c0-28b4-4503-885e-fb55361ad17f) for task 1450489020047-www-data-devel-job18-0-68c5139c-7f8a-48a3-9aba-9f4561f7b143 of framework 20151219-012848-50331658-5050-16921-0000
I1219 01:37:34.272673 27344 status_update_manager.hpp:346] Checkpointing UPDATE for status update TASK_RUNNING (UUID: 9e3ff1c0-28b4-4503-885e-fb55361ad17f) for task 1450489020047-www-data-devel-job18-0-68c5139c-7f8a-48a3-9aba-9f4561f7b143 of framework 20151219-012848-50331658-5050-16921-0000
I1219 01:37:34.277132 27339 slave.cpp:2753] Forwarding the update TASK_RUNNING (UUID: 9e3ff1c0-28b4-4503-885e-fb55361ad17f) for task 1450489020047-www-data-devel-job18-0-68c5139c-7f8a-48a3-9aba-9f4561f7b143 of framework 20151219-012848-50331658-5050-16921-0000 to master@10.0.0.3:5050
I1219 01:37:34.277254 27339 slave.cpp:2686] Sending acknowledgement for status update TASK_RUNNING (UUID: 9e3ff1c0-28b4-4503-885e-fb55361ad17f) for task 1450489020047-www-data-devel-job18-0-68c5139c-7f8a-48a3-9aba-9f4561f7b143 of framework 20151219-012848-50331658-5050-16921-0000 to executor(1)@10.0.0.5:52358
I1219 01:37:34.286309 27341 status_update_manager.cpp:389] Received status update acknowledgement (UUID: 9e3ff1c0-28b4-4503-885e-fb55361ad17f) for task 1450489020047-www-data-devel-job18-0-68c5139c-7f8a-48a3-9aba-9f4561f7b143 of framework 20151219-012848-50331658-5050-16921-0000
I1219 01:37:34.286383 27341 status_update_manager.hpp:346] Checkpointing ACK for status update TASK_RUNNING (UUID: 9e3ff1c0-28b4-4503-885e-fb55361ad17f) for task 1450489020047-www-data-devel-job18-0-68c5139c-7f8a-48a3-9aba-9f4561f7b143 of framework 20151219-012848-50331658-5050-16921-0000
I1219 01:37:42.437739 27344 slave.cpp:2508] Handling status update TASK_FINISHED (UUID: c2e93044-b5bd-4b1f-9e2e-e847535bf4b9) for task 1450489020047-www-data-devel-job18-0-68c5139c-7f8a-48a3-9aba-9f4561f7b143 of framework 20151219-012848-50331658-5050-16921-0000 from executor(1)@10.0.0.5:52358
I1219 01:37:42.438592 27339 status_update_manager.cpp:317] Received status update TASK_FINISHED (UUID: c2e93044-b5bd-4b1f-9e2e-e847535bf4b9) for task 1450489020047-www-data-devel-job18-0-68c5139c-7f8a-48a3-9aba-9f4561f7b143 of framework 20151219-012848-50331658-5050-16921-0000
I1219 01:37:42.438648 27339 status_update_manager.hpp:346] Checkpointing UPDATE for status update TASK_FINISHED (UUID: c2e93044-b5bd-4b1f-9e2e-e847535bf4b9) for task 1450489020047-www-data-devel-job18-0-68c5139c-7f8a-48a3-9aba-9f4561f7b143 of framework 20151219-012848-50331658-5050-16921-0000
I1219 01:37:42.443203 27336 slave.cpp:2753] Forwarding the update TASK_FINISHED (UUID: c2e93044-b5bd-4b1f-9e2e-e847535bf4b9) for task 1450489020047-www-data-devel-job18-0-68c5139c-7f8a-48a3-9aba-9f4561f7b143 of framework 20151219-012848-50331658-5050-16921-0000 to master@10.0.0.3:5050
I1219 01:37:42.443347 27336 slave.cpp:2686] Sending acknowledgement for status update TASK_FINISHED (UUID: c2e93044-b5bd-4b1f-9e2e-e847535bf4b9) for task 1450489020047-www-data-devel-job18-0-68c5139c-7f8a-48a3-9aba-9f4561f7b143 of framework 20151219-012848-50331658-5050-16921-0000 to executor(1)@10.0.0.5:52358
I1219 01:37:42.453130 27339 status_update_manager.cpp:389] Received status update acknowledgement (UUID: c2e93044-b5bd-4b1f-9e2e-e847535bf4b9) for task 1450489020047-www-data-devel-job18-0-68c5139c-7f8a-48a3-9aba-9f4561f7b143 of framework 20151219-012848-50331658-5050-16921-0000
I1219 01:37:42.453181 27339 status_update_manager.hpp:346] Checkpointing ACK for status update TASK_FINISHED (UUID: c2e93044-b5bd-4b1f-9e2e-e847535bf4b9) for task 1450489020047-www-data-devel-job18-0-68c5139c-7f8a-48a3-9aba-9f4561f7b143 of framework 20151219-012848-50331658-5050-16921-0000
I1219 01:37:47.543689 27339 containerizer.cpp:1111] Executor for container '3fc36641-ef49-4c30-b364-5dd9ce475a43' has exited
I1219 01:37:47.543786 27339 containerizer.cpp:906] Destroying container '3fc36641-ef49-4c30-b364-5dd9ce475a43'
I1219 01:37:47.545243 27345 slave.cpp:3193] Executor 'thermos-1450489020047-www-data-devel-job18-0-68c5139c-7f8a-48a3-9aba-9f4561f7b143' of framework 20151219-012848-50331658-5050-16921-0000 exited with status 0
I1219 01:37:47.545400 27345 slave.cpp:3302] Cleaning up executor 'thermos-1450489020047-www-data-devel-job18-0-68c5139c-7f8a-48a3-9aba-9f4561f7b143' of framework 20151219-012848-50331658-5050-16921-0000
I1219 01:37:47.545761 27338 gc.cpp:56] Scheduling '/var/lib/mesos/slave/slaves/20151219-012848-50331658-5050-16921-S1/frameworks/20151219-012848-50331658-5050-16921-0000/executors/thermos-1450489020047-www-data-devel-job18-0-68c5139c-7f8a-48a3-9aba-9f4561f7b143/runs/3fc36641-ef49-4c30-b364-5dd9ce475a43' for gc 6.99999368408593days in the future
I1219 01:37:47.545843 27338 gc.cpp:56] Scheduling '/var/lib/mesos/slave/slaves/20151219-012848-50331658-5050-16921-S1/frameworks/20151219-012848-50331658-5050-16921-0000/executors/thermos-1450489020047-www-data-devel-job18-0-68c5139c-7f8a-48a3-9aba-9f4561f7b143' for gc 6.99999368309037days in the future
I1219 01:37:47.545878 27338 gc.cpp:56] Scheduling '/var/lib/mesos/slave/meta/slaves/20151219-012848-50331658-5050-16921-S1/frameworks/20151219-012848-50331658-5050-16921-0000/executors/thermos-1450489020047-www-data-devel-job18-0-68c5139c-7f8a-48a3-9aba-9f4561f7b143/runs/3fc36641-ef49-4c30-b364-5dd9ce475a43' for gc 6.99999368226963days in the future
I1219 01:37:47.545945 27345 slave.cpp:3381] Cleaning up framework 20151219-012848-50331658-5050-16921-0000
I1219 01:37:47.545963 27342 gc.cpp:56] Scheduling '/var/lib/mesos/slave/meta/slaves/20151219-012848-50331658-5050-16921-S1/frameworks/20151219-012848-50331658-5050-16921-0000/executors/thermos-1450489020047-www-data-devel-job18-0-68c5139c-7f8a-48a3-9aba-9f4561f7b143' for gc 6.99999368164148days in the future
I1219 01:37:47.546022 27336 status_update_manager.cpp:279] Closing status update streams for framework 20151219-012848-50331658-5050-16921-0000
I1219 01:37:47.546109 27336 gc.cpp:56] Scheduling '/var/lib/mesos/slave/slaves/20151219-012848-50331658-5050-16921-S1/frameworks/20151219-012848-50331658-5050-16921-0000' for gc 6.99999367998815days in the future
I1219 01:37:47.546164 27336 gc.cpp:56] Scheduling '/var/lib/mesos/slave/meta/slaves/20151219-012848-50331658-5050-16921-S1/frameworks/20151219-012848-50331658-5050-16921-0000' for gc 6.99999367884148days in the future
I1219 01:37:48.596530 27335 slave.cpp:3618] Current disk usage 70.92%. Max allowed age: 1.335267118352662days
I1219 01:38:00.162473 27345 slave.cpp:1121] Got assigned task 1450489080004-www-data-devel-job14-0-6746f277-a166-4d20-8ea3-1df070d0d520 for framework 20151219-012848-50331658-5050-16921-0000
I1219 01:38:00.163364 27345 gc.cpp:84] Unscheduling '/var/lib/mesos/slave/slaves/20151219-012848-50331658-5050-16921-S1/frameworks/20151219-012848-50331658-5050-16921-0000' from gc
I1219 01:38:00.163588 27348 gc.cpp:84] Unscheduling '/var/lib/mesos/slave/meta/slaves/20151219-012848-50331658-5050-16921-S1/frameworks/20151219-012848-50331658-5050-16921-0000' from gc
I1219 01:38:00.163697 27348 slave.cpp:1231] Launching task 1450489080004-www-data-devel-job14-0-6746f277-a166-4d20-8ea3-1df070d0d520 for framework 20151219-012848-50331658-5050-16921-0000
I1219 01:38:00.166621 27348 slave.cpp:4160] Launching executor thermos-1450489080004-www-data-devel-job14-0-6746f277-a166-4d20-8ea3-1df070d0d520 of framework 20151219-012848-50331658-5050-16921-0000 in work directory '/var/lib/mesos/slave/slaves/20151219-012848-50331658-5050-16921-S1/frameworks/20151219-012848-50331658-5050-16921-0000/executors/thermos-1450489080004-www-data-devel-job14-0-6746f277-a166-4d20-8ea3-1df070d0d520/runs/0fb3351f-8b15-433b-a816-36b6aaf47c8e'
I1219 01:38:00.166771 27345 containerizer.cpp:472] Starting container '0fb3351f-8b15-433b-a816-36b6aaf47c8e' for executor 'thermos-1450489080004-www-data-devel-job14-0-6746f277-a166-4d20-8ea3-1df070d0d520' of framework '20151219-012848-50331658-5050-16921-0000'
I1219 01:38:00.168198 27345 launcher.cpp:130] Forked child with pid '29062' for container '0fb3351f-8b15-433b-a816-36b6aaf47c8e'
I1219 01:38:00.168251 27348 slave.cpp:1378] Queuing task '1450489080004-www-data-devel-job14-0-6746f277-a166-4d20-8ea3-1df070d0d520' for executor thermos-1450489080004-www-data-devel-job14-0-6746f277-a166-4d20-8ea3-1df070d0d520 of framework '20151219-012848-50331658-5050-16921-0000
I1219 01:38:00.168406 27345 containerizer.cpp:682] Checkpointing executor's forked pid 29062 to '/var/lib/mesos/slave/meta/slaves/20151219-012848-50331658-5050-16921-S1/frameworks/20151219-012848-50331658-5050-16921-0000/executors/thermos-1450489080004-www-data-devel-job14-0-6746f277-a166-4d20-8ea3-1df070d0d520/runs/0fb3351f-8b15-433b-a816-36b6aaf47c8e/pids/forked.pid'
I1219 01:38:00.172009 27347 fetcher.cpp:238] Fetching URIs using command '/usr/libexec/mesos/mesos-fetcher'
I1219 01:38:00.301007 27342 slave.cpp:3135] Monitoring executor 'thermos-1450489080004-www-data-devel-job14-0-6746f277-a166-4d20-8ea3-1df070d0d520' of framework '20151219-012848-50331658-5050-16921-0000' in container '0fb3351f-8b15-433b-a816-36b6aaf47c8e'
I1219 01:38:00.802616 27344 slave.cpp:2141] Got registration for executor 'thermos-1450489080004-www-data-devel-job14-0-6746f277-a166-4d20-8ea3-1df070d0d520' of framework 20151219-012848-50331658-5050-16921-0000 from executor(1)@10.0.0.5:38485
I1219 01:38:00.803594 27346 slave.cpp:1532] Sending queued task '1450489080004-www-data-devel-job14-0-6746f277-a166-4d20-8ea3-1df070d0d520' to executor 'thermos-1450489080004-www-data-devel-job14-0-6746f277-a166-4d20-8ea3-1df070d0d520' of framework 20151219-012848-50331658-5050-16921-0000
I1219 01:38:00.809211 27338 slave.cpp:2508] Handling status update TASK_STARTING (UUID: c0b74100-15e3-4e58-b0b4-704b304969c2) for task 1450489080004-www-data-devel-job14-0-6746f277-a166-4d20-8ea3-1df070d0d520 of framework 20151219-012848-50331658-5050-16921-0000 from executor(1)@10.0.0.5:38485
I1219 01:38:00.809345 27338 status_update_manager.cpp:317] Received status update TASK_STARTING (UUID: c0b74100-15e3-4e58-b0b4-704b304969c2) for task 1450489080004-www-data-devel-job14-0-6746f277-a166-4d20-8ea3-1df070d0d520 of framework 20151219-012848-50331658-5050-16921-0000
I1219 01:38:00.809700 27338 status_update_manager.hpp:346] Checkpointing UPDATE for status update TASK_STARTING (UUID: c0b74100-15e3-4e58-b0b4-704b304969c2) for task 1450489080004-www-data-devel-job14-0-6746f277-a166-4d20-8ea3-1df070d0d520 of framework 20151219-012848-50331658-5050-16921-0000
I1219 01:38:00.813611 27349 slave.cpp:2753] Forwarding the update TASK_STARTING (UUID: c0b74100-15e3-4e58-b0b4-704b304969c2) for task 1450489080004-www-data-devel-job14-0-6746f277-a166-4d20-8ea3-1df070d0d520 of framework 20151219-012848-50331658-5050-16921-0000 to master@10.0.0.3:5050
I1219 01:38:00.813735 27349 slave.cpp:2686] Sending acknowledgement for status update TASK_STARTING (UUID: c0b74100-15e3-4e58-b0b4-704b304969c2) for task 1450489080004-www-data-devel-job14-0-6746f277-a166-4d20-8ea3-1df070d0d520 of framework 20151219-012848-50331658-5050-16921-0000 to executor(1)@10.0.0.5:38485
I1219 01:38:00.822803 27338 status_update_manager.cpp:389] Received status update acknowledgement (UUID: c0b74100-15e3-4e58-b0b4-704b304969c2) for task 1450489080004-www-data-devel-job14-0-6746f277-a166-4d20-8ea3-1df070d0d520 of framework 20151219-012848-50331658-5050-16921-0000
I1219 01:38:00.822871 27338 status_update_manager.hpp:346] Checkpointing ACK for status update TASK_STARTING (UUID: c0b74100-15e3-4e58-b0b4-704b304969c2) for task 1450489080004-www-data-devel-job14-0-6746f277-a166-4d20-8ea3-1df070d0d520 of framework 20151219-012848-50331658-5050-16921-0000
I1219 01:38:01.391945 27341 slave.cpp:2508] Handling status update TASK_RUNNING (UUID: 0057e61b-2af3-4ed8-8063-49346ede4687) for task 1450489080004-www-data-devel-job14-0-6746f277-a166-4d20-8ea3-1df070d0d520 of framework 20151219-012848-50331658-5050-16921-0000 from executor(1)@10.0.0.5:38485
I1219 01:38:01.392134 27336 status_update_manager.cpp:317] Received status update TASK_RUNNING (UUID: 0057e61b-2af3-4ed8-8063-49346ede4687) for task 1450489080004-www-data-devel-job14-0-6746f277-a166-4d20-8ea3-1df070d0d520 of framework 20151219-012848-50331658-5050-16921-0000
I1219 01:38:01.392209 27336 status_update_manager.hpp:346] Checkpointing UPDATE for status update TASK_RUNNING (UUID: 0057e61b-2af3-4ed8-8063-49346ede4687) for task 1450489080004-www-data-devel-job14-0-6746f277-a166-4d20-8ea3-1df070d0d520 of framework 20151219-012848-50331658-5050-16921-0000
I1219 01:38:01.395777 27348 slave.cpp:2753] Forwarding the update TASK_RUNNING (UUID: 0057e61b-2af3-4ed8-8063-49346ede4687) for task 1450489080004-www-data-devel-job14-0-6746f277-a166-4d20-8ea3-1df070d0d520 of framework 20151219-012848-50331658-5050-16921-0000 to master@10.0.0.3:5050
I1219 01:38:01.395902 27348 slave.cpp:2686] Sending acknowledgement for status update TASK_RUNNING (UUID: 0057e61b-2af3-4ed8-8063-49346ede4687) for task 1450489080004-www-data-devel-job14-0-6746f277-a166-4d20-8ea3-1df070d0d520 of framework 20151219-012848-50331658-5050-16921-0000 to executor(1)@10.0.0.5:38485
I1219 01:38:01.404323 27344 status_update_manager.cpp:389] Received status update acknowledgement (UUID: 0057e61b-2af3-4ed8-8063-49346ede4687) for task 1450489080004-www-data-devel-job14-0-6746f277-a166-4d20-8ea3-1df070d0d520 of framework 20151219-012848-50331658-5050-16921-0000
I1219 01:38:01.404367 27344 status_update_manager.hpp:346] Checkpointing ACK for status update TASK_RUNNING (UUID: 0057e61b-2af3-4ed8-8063-49346ede4687) for task 1450489080004-www-data-devel-job14-0-6746f277-a166-4d20-8ea3-1df070d0d520 of framework 20151219-012848-50331658-5050-16921-0000
I1219 01:38:04.542275 27341 slave.cpp:2508] Handling status update TASK_FINISHED (UUID: b6f2c0f7-7ad4-454e-943b-e36c01c9b6e6) for task 1450489080004-www-data-devel-job14-0-6746f277-a166-4d20-8ea3-1df070d0d520 of framework 20151219-012848-50331658-5050-16921-0000 from executor(1)@10.0.0.5:38485
I1219 01:38:04.543318 27347 status_update_manager.cpp:317] Received status update TASK_FINISHED (UUID: b6f2c0f7-7ad4-454e-943b-e36c01c9b6e6) for task 1450489080004-www-data-devel-job14-0-6746f277-a166-4d20-8ea3-1df070d0d520 of framework 20151219-012848-50331658-5050-16921-0000
I1219 01:38:04.543356 27347 status_update_manager.hpp:346] Checkpointing UPDATE for status update TASK_FINISHED (UUID: b6f2c0f7-7ad4-454e-943b-e36c01c9b6e6) for task 1450489080004-www-data-devel-job14-0-6746f277-a166-4d20-8ea3-1df070d0d520 of framework 20151219-012848-50331658-5050-16921-0000
I1219 01:38:04.547765 27337 slave.cpp:2753] Forwarding the update TASK_FINISHED (UUID: b6f2c0f7-7ad4-454e-943b-e36c01c9b6e6) for task 1450489080004-www-data-devel-job14-0-6746f277-a166-4d20-8ea3-1df070d0d520 of framework 20151219-012848-50331658-5050-16921-0000 to master@10.0.0.3:5050
I1219 01:38:04.547966 27337 slave.cpp:2686] Sending acknowledgement for status update TASK_FINISHED (UUID: b6f2c0f7-7ad4-454e-943b-e36c01c9b6e6) for task 1450489080004-www-data-devel-job14-0-6746f277-a166-4d20-8ea3-1df070d0d520 of framework 20151219-012848-50331658-5050-16921-0000 to executor(1)@10.0.0.5:38485
I1219 01:38:04.559185 27347 status_update_manager.cpp:389] Received status update acknowledgement (UUID: b6f2c0f7-7ad4-454e-943b-e36c01c9b6e6) for task 1450489080004-www-data-devel-job14-0-6746f277-a166-4d20-8ea3-1df070d0d520 of framework 20151219-012848-50331658-5050-16921-0000
I1219 01:38:04.559234 27347 status_update_manager.hpp:346] Checkpointing ACK for status update TASK_FINISHED (UUID: b6f2c0f7-7ad4-454e-943b-e36c01c9b6e6) for task 1450489080004-www-data-devel-job14-0-6746f277-a166-4d20-8ea3-1df070d0d520 of framework 20151219-012848-50331658-5050-16921-0000
I1219 01:38:05.765625 27346 slave.cpp:1121] Got assigned task 1450489080215-www-data-devel-job10-0-c872efc5-f5d1-4eb8-99c7-3b24ddef831e for framework 20151219-012848-50331658-5050-16921-0000
I1219 01:38:05.765951 27346 slave.cpp:1231] Launching task 1450489080215-www-data-devel-job10-0-c872efc5-f5d1-4eb8-99c7-3b24ddef831e for framework 20151219-012848-50331658-5050-16921-0000
I1219 01:38:05.768082 27346 slave.cpp:4160] Launching executor thermos-1450489080215-www-data-devel-job10-0-c872efc5-f5d1-4eb8-99c7-3b24ddef831e of framework 20151219-012848-50331658-5050-16921-0000 in work directory '/var/lib/mesos/slave/slaves/20151219-012848-50331658-5050-16921-S1/frameworks/20151219-012848-50331658-5050-16921-0000/executors/thermos-1450489080215-www-data-devel-job10-0-c872efc5-f5d1-4eb8-99c7-3b24ddef831e/runs/4e5ceaf6-5f70-412a-a08e-f4985261e3c0'
I1219 01:38:05.768252 27339 containerizer.cpp:472] Starting container '4e5ceaf6-5f70-412a-a08e-f4985261e3c0' for executor 'thermos-1450489080215-www-data-devel-job10-0-c872efc5-f5d1-4eb8-99c7-3b24ddef831e' of framework '20151219-012848-50331658-5050-16921-0000'
I1219 01:38:05.770052 27349 launcher.cpp:130] Forked child with pid '29119' for container '4e5ceaf6-5f70-412a-a08e-f4985261e3c0'
I1219 01:38:05.773465 27346 slave.cpp:1378] Queuing task '1450489080215-www-data-devel-job10-0-c872efc5-f5d1-4eb8-99c7-3b24ddef831e' for executor thermos-1450489080215-www-data-devel-job10-0-c872efc5-f5d1-4eb8-99c7-3b24ddef831e of framework '20151219-012848-50331658-5050-16921-0000
I1219 01:38:05.773608 27349 containerizer.cpp:682] Checkpointing executor's forked pid 29119 to '/var/lib/mesos/slave/meta/slaves/20151219-012848-50331658-5050-16921-S1/frameworks/20151219-012848-50331658-5050-16921-0000/executors/thermos-1450489080215-www-data-devel-job10-0-c872efc5-f5d1-4eb8-99c7-3b24ddef831e/runs/4e5ceaf6-5f70-412a-a08e-f4985261e3c0/pids/forked.pid'
I1219 01:38:05.778221 27335 fetcher.cpp:238] Fetching URIs using command '/usr/libexec/mesos/mesos-fetcher'
I1219 01:38:05.926667 27345 slave.cpp:3135] Monitoring executor 'thermos-1450489080215-www-data-devel-job10-0-c872efc5-f5d1-4eb8-99c7-3b24ddef831e' of framework '20151219-012848-50331658-5050-16921-0000' in container '4e5ceaf6-5f70-412a-a08e-f4985261e3c0'
I1219 01:38:06.422976 27350 slave.cpp:2141] Got registration for executor 'thermos-1450489080215-www-data-devel-job10-0-c872efc5-f5d1-4eb8-99c7-3b24ddef831e' of framework 20151219-012848-50331658-5050-16921-0000 from executor(1)@10.0.0.5:60364
I1219 01:38:06.424103 27337 slave.cpp:1532] Sending queued task '1450489080215-www-data-devel-job10-0-c872efc5-f5d1-4eb8-99c7-3b24ddef831e' to executor 'thermos-1450489080215-www-data-devel-job10-0-c872efc5-f5d1-4eb8-99c7-3b24ddef831e' of framework 20151219-012848-50331658-5050-16921-0000
I1219 01:38:06.429639 27336 slave.cpp:2508] Handling status update TASK_STARTING (UUID: 1b880b4b-8ead-47e5-97b5-7241cc7f4bb0) for task 1450489080215-www-data-devel-job10-0-c872efc5-f5d1-4eb8-99c7-3b24ddef831e of framework 20151219-012848-50331658-5050-16921-0000 from executor(1)@10.0.0.5:60364
I1219 01:38:06.429821 27342 status_update_manager.cpp:317] Received status update TASK_STARTING (UUID: 1b880b4b-8ead-47e5-97b5-7241cc7f4bb0) for task 1450489080215-www-data-devel-job10-0-c872efc5-f5d1-4eb8-99c7-3b24ddef831e of framework 20151219-012848-50331658-5050-16921-0000
