I1219 01:40:17.357046 27350 slave.cpp:1532] Sending queued task '1450489200123-www-data-devel-job11-0-5ade5e3c-1fe4-470d-86e5-9ab0c1f689b0' to executor 'thermos-1450489200123-www-data-devel-job11-0-5ade5e3c-1fe4-470d-86e5-9ab0c1f689b0' of framework 20151219-012848-50331658-5050-16921-0000
I1219 01:40:17.362665 27341 slave.cpp:2508] Handling status update TASK_STARTING (UUID: 4528a2a7-e8be-4ef9-b54a-4bdb67821056) for task 1450489200123-www-data-devel-job11-0-5ade5e3c-1fe4-470d-86e5-9ab0c1f689b0 of framework 20151219-012848-50331658-5050-16921-0000 from executor(1)@10.0.0.5:41442
I1219 01:40:17.362843 27349 status_update_manager.cpp:317] Received status update TASK_STARTING (UUID: 4528a2a7-e8be-4ef9-b54a-4bdb67821056) for task 1450489200123-www-data-devel-job11-0-5ade5e3c-1fe4-470d-86e5-9ab0c1f689b0 of framework 20151219-012848-50331658-5050-16921-0000
I1219 01:40:17.363210 27349 status_update_manager.hpp:346] Checkpointing UPDATE for status update TASK_STARTING (UUID: 4528a2a7-e8be-4ef9-b54a-4bdb67821056) for task 1450489200123-www-data-devel-job11-0-5ade5e3c-1fe4-470d-86e5-9ab0c1f689b0 of framework 20151219-012848-50331658-5050-16921-0000
I1219 01:40:17.367877 27341 slave.cpp:2753] Forwarding the update TASK_STARTING (UUID: 4528a2a7-e8be-4ef9-b54a-4bdb67821056) for task 1450489200123-www-data-devel-job11-0-5ade5e3c-1fe4-470d-86e5-9ab0c1f689b0 of framework 20151219-012848-50331658-5050-16921-0000 to master@10.0.0.3:5050
I1219 01:40:17.367969 27341 slave.cpp:2686] Sending acknowledgement for status update TASK_STARTING (UUID: 4528a2a7-e8be-4ef9-b54a-4bdb67821056) for task 1450489200123-www-data-devel-job11-0-5ade5e3c-1fe4-470d-86e5-9ab0c1f689b0 of framework 20151219-012848-50331658-5050-16921-0000 to executor(1)@10.0.0.5:41442
I1219 01:40:17.376807 27349 status_update_manager.cpp:389] Received status update acknowledgement (UUID: 4528a2a7-e8be-4ef9-b54a-4bdb67821056) for task 1450489200123-www-data-devel-job11-0-5ade5e3c-1fe4-470d-86e5-9ab0c1f689b0 of framework 20151219-012848-50331658-5050-16921-0000
I1219 01:40:17.376868 27349 status_update_manager.hpp:346] Checkpointing ACK for status update TASK_STARTING (UUID: 4528a2a7-e8be-4ef9-b54a-4bdb67821056) for task 1450489200123-www-data-devel-job11-0-5ade5e3c-1fe4-470d-86e5-9ab0c1f689b0 of framework 20151219-012848-50331658-5050-16921-0000
I1219 01:40:17.860602 27343 slave.cpp:2508] Handling status update TASK_FINISHED (UUID: 67d20a34-f3b3-40b7-a6b9-ee3002b20bff) for task 1450489200046-www-data-devel-job18-0-aac1a40a-6a48-47f6-81f0-8e5ba7dad3f7 of framework 20151219-012848-50331658-5050-16921-0000 from executor(1)@10.0.0.5:58916
I1219 01:40:17.861131 27342 status_update_manager.cpp:317] Received status update TASK_FINISHED (UUID: 67d20a34-f3b3-40b7-a6b9-ee3002b20bff) for task 1450489200046-www-data-devel-job18-0-aac1a40a-6a48-47f6-81f0-8e5ba7dad3f7 of framework 20151219-012848-50331658-5050-16921-0000
I1219 01:40:17.861178 27342 status_update_manager.hpp:346] Checkpointing UPDATE for status update TASK_FINISHED (UUID: 67d20a34-f3b3-40b7-a6b9-ee3002b20bff) for task 1450489200046-www-data-devel-job18-0-aac1a40a-6a48-47f6-81f0-8e5ba7dad3f7 of framework 20151219-012848-50331658-5050-16921-0000
I1219 01:40:17.868716 27335 slave.cpp:2753] Forwarding the update TASK_FINISHED (UUID: 67d20a34-f3b3-40b7-a6b9-ee3002b20bff) for task 1450489200046-www-data-devel-job18-0-aac1a40a-6a48-47f6-81f0-8e5ba7dad3f7 of framework 20151219-012848-50331658-5050-16921-0000 to master@10.0.0.3:5050
I1219 01:40:17.868806 27335 slave.cpp:2686] Sending acknowledgement for status update TASK_FINISHED (UUID: 67d20a34-f3b3-40b7-a6b9-ee3002b20bff) for task 1450489200046-www-data-devel-job18-0-aac1a40a-6a48-47f6-81f0-8e5ba7dad3f7 of framework 20151219-012848-50331658-5050-16921-0000 to executor(1)@10.0.0.5:58916
I1219 01:40:17.878219 27344 status_update_manager.cpp:389] Received status update acknowledgement (UUID: 67d20a34-f3b3-40b7-a6b9-ee3002b20bff) for task 1450489200046-www-data-devel-job18-0-aac1a40a-6a48-47f6-81f0-8e5ba7dad3f7 of framework 20151219-012848-50331658-5050-16921-0000
I1219 01:40:17.878248 27344 status_update_manager.hpp:346] Checkpointing ACK for status update TASK_FINISHED (UUID: 67d20a34-f3b3-40b7-a6b9-ee3002b20bff) for task 1450489200046-www-data-devel-job18-0-aac1a40a-6a48-47f6-81f0-8e5ba7dad3f7 of framework 20151219-012848-50331658-5050-16921-0000
I1219 01:40:17.943209 27342 slave.cpp:2508] Handling status update TASK_RUNNING (UUID: 376db7c3-9b62-4e85-bf0f-49a8d6940cca) for task 1450489200123-www-data-devel-job11-0-5ade5e3c-1fe4-470d-86e5-9ab0c1f689b0 of framework 20151219-012848-50331658-5050-16921-0000 from executor(1)@10.0.0.5:41442
I1219 01:40:17.943359 27338 status_update_manager.cpp:317] Received status update TASK_RUNNING (UUID: 376db7c3-9b62-4e85-bf0f-49a8d6940cca) for task 1450489200123-www-data-devel-job11-0-5ade5e3c-1fe4-470d-86e5-9ab0c1f689b0 of framework 20151219-012848-50331658-5050-16921-0000
I1219 01:40:17.943389 27338 status_update_manager.hpp:346] Checkpointing UPDATE for status update TASK_RUNNING (UUID: 376db7c3-9b62-4e85-bf0f-49a8d6940cca) for task 1450489200123-www-data-devel-job11-0-5ade5e3c-1fe4-470d-86e5-9ab0c1f689b0 of framework 20151219-012848-50331658-5050-16921-0000
I1219 01:40:17.947695 27344 slave.cpp:2753] Forwarding the update TASK_RUNNING (UUID: 376db7c3-9b62-4e85-bf0f-49a8d6940cca) for task 1450489200123-www-data-devel-job11-0-5ade5e3c-1fe4-470d-86e5-9ab0c1f689b0 of framework 20151219-012848-50331658-5050-16921-0000 to master@10.0.0.3:5050
I1219 01:40:17.947808 27344 slave.cpp:2686] Sending acknowledgement for status update TASK_RUNNING (UUID: 376db7c3-9b62-4e85-bf0f-49a8d6940cca) for task 1450489200123-www-data-devel-job11-0-5ade5e3c-1fe4-470d-86e5-9ab0c1f689b0 of framework 20151219-012848-50331658-5050-16921-0000 to executor(1)@10.0.0.5:41442
I1219 01:40:17.956405 27338 status_update_manager.cpp:389] Received status update acknowledgement (UUID: 376db7c3-9b62-4e85-bf0f-49a8d6940cca) for task 1450489200123-www-data-devel-job11-0-5ade5e3c-1fe4-470d-86e5-9ab0c1f689b0 of framework 20151219-012848-50331658-5050-16921-0000
I1219 01:40:17.956434 27338 status_update_manager.hpp:346] Checkpointing ACK for status update TASK_RUNNING (UUID: 376db7c3-9b62-4e85-bf0f-49a8d6940cca) for task 1450489200123-www-data-devel-job11-0-5ade5e3c-1fe4-470d-86e5-9ab0c1f689b0 of framework 20151219-012848-50331658-5050-16921-0000
I1219 01:40:22.091805 27349 slave.cpp:2508] Handling status update TASK_FINISHED (UUID: 212bfeb5-069c-44e2-b7fa-f8761c5df440) for task 1450489200123-www-data-devel-job11-0-5ade5e3c-1fe4-470d-86e5-9ab0c1f689b0 of framework 20151219-012848-50331658-5050-16921-0000 from executor(1)@10.0.0.5:41442
I1219 01:40:22.092517 27346 status_update_manager.cpp:317] Received status update TASK_FINISHED (UUID: 212bfeb5-069c-44e2-b7fa-f8761c5df440) for task 1450489200123-www-data-devel-job11-0-5ade5e3c-1fe4-470d-86e5-9ab0c1f689b0 of framework 20151219-012848-50331658-5050-16921-0000
I1219 01:40:22.092586 27346 status_update_manager.hpp:346] Checkpointing UPDATE for status update TASK_FINISHED (UUID: 212bfeb5-069c-44e2-b7fa-f8761c5df440) for task 1450489200123-www-data-devel-job11-0-5ade5e3c-1fe4-470d-86e5-9ab0c1f689b0 of framework 20151219-012848-50331658-5050-16921-0000
I1219 01:40:22.097697 27343 slave.cpp:2753] Forwarding the update TASK_FINISHED (UUID: 212bfeb5-069c-44e2-b7fa-f8761c5df440) for task 1450489200123-www-data-devel-job11-0-5ade5e3c-1fe4-470d-86e5-9ab0c1f689b0 of framework 20151219-012848-50331658-5050-16921-0000 to master@10.0.0.3:5050
I1219 01:40:22.097883 27343 slave.cpp:2686] Sending acknowledgement for status update TASK_FINISHED (UUID: 212bfeb5-069c-44e2-b7fa-f8761c5df440) for task 1450489200123-www-data-devel-job11-0-5ade5e3c-1fe4-470d-86e5-9ab0c1f689b0 of framework 20151219-012848-50331658-5050-16921-0000 to executor(1)@10.0.0.5:41442
I1219 01:40:22.108283 27346 status_update_manager.cpp:389] Received status update acknowledgement (UUID: 212bfeb5-069c-44e2-b7fa-f8761c5df440) for task 1450489200123-www-data-devel-job11-0-5ade5e3c-1fe4-470d-86e5-9ab0c1f689b0 of framework 20151219-012848-50331658-5050-16921-0000
I1219 01:40:22.108325 27346 status_update_manager.hpp:346] Checkpointing ACK for status update TASK_FINISHED (UUID: 212bfeb5-069c-44e2-b7fa-f8761c5df440) for task 1450489200123-www-data-devel-job11-0-5ade5e3c-1fe4-470d-86e5-9ab0c1f689b0 of framework 20151219-012848-50331658-5050-16921-0000
I1219 01:40:22.993746 27343 containerizer.cpp:1111] Executor for container 'f0e05b0f-07fa-4562-b0ba-3dd70879394a' has exited
I1219 01:40:22.993820 27343 containerizer.cpp:906] Destroying container 'f0e05b0f-07fa-4562-b0ba-3dd70879394a'
I1219 01:40:22.995249 27348 slave.cpp:3193] Executor 'thermos-1450489200046-www-data-devel-job18-0-aac1a40a-6a48-47f6-81f0-8e5ba7dad3f7' of framework 20151219-012848-50331658-5050-16921-0000 exited with status 0
I1219 01:40:22.995406 27348 slave.cpp:3302] Cleaning up executor 'thermos-1450489200046-www-data-devel-job18-0-aac1a40a-6a48-47f6-81f0-8e5ba7dad3f7' of framework 20151219-012848-50331658-5050-16921-0000
I1219 01:40:22.995800 27341 gc.cpp:56] Scheduling '/var/lib/mesos/slave/slaves/20151219-012848-50331658-5050-16921-S1/frameworks/20151219-012848-50331658-5050-16921-0000/executors/thermos-1450489200046-www-data-devel-job18-0-aac1a40a-6a48-47f6-81f0-8e5ba7dad3f7/runs/f0e05b0f-07fa-4562-b0ba-3dd70879394a' for gc 6.99998847520593days in the future
I1219 01:40:22.995887 27341 gc.cpp:56] Scheduling '/var/lib/mesos/slave/slaves/20151219-012848-50331658-5050-16921-S1/frameworks/20151219-012848-50331658-5050-16921-0000/executors/thermos-1450489200046-www-data-devel-job18-0-aac1a40a-6a48-47f6-81f0-8e5ba7dad3f7' for gc 6.99998847413037days in the future
I1219 01:40:22.995918 27341 gc.cpp:56] Scheduling '/var/lib/mesos/slave/meta/slaves/20151219-012848-50331658-5050-16921-S1/frameworks/20151219-012848-50331658-5050-16921-0000/executors/thermos-1450489200046-www-data-devel-job18-0-aac1a40a-6a48-47f6-81f0-8e5ba7dad3f7/runs/f0e05b0f-07fa-4562-b0ba-3dd70879394a' for gc 6.99998847336593days in the future
I1219 01:40:22.996014 27348 gc.cpp:56] Scheduling '/var/lib/mesos/slave/meta/slaves/20151219-012848-50331658-5050-16921-S1/frameworks/20151219-012848-50331658-5050-16921-0000/executors/thermos-1450489200046-www-data-devel-job18-0-aac1a40a-6a48-47f6-81f0-8e5ba7dad3f7' for gc 6.99998847250074days in the future
I1219 01:40:27.213264 27345 containerizer.cpp:1111] Executor for container 'c1129414-586c-422a-a2fc-9b70a4ba3450' has exited
I1219 01:40:27.213347 27345 containerizer.cpp:906] Destroying container 'c1129414-586c-422a-a2fc-9b70a4ba3450'
I1219 01:40:27.214936 27348 slave.cpp:3193] Executor 'thermos-1450489200123-www-data-devel-job11-0-5ade5e3c-1fe4-470d-86e5-9ab0c1f689b0' of framework 20151219-012848-50331658-5050-16921-0000 exited with status 0
I1219 01:40:27.215152 27348 slave.cpp:3302] Cleaning up executor 'thermos-1450489200123-www-data-devel-job11-0-5ade5e3c-1fe4-470d-86e5-9ab0c1f689b0' of framework 20151219-012848-50331658-5050-16921-0000
I1219 01:40:27.215487 27347 gc.cpp:56] Scheduling '/var/lib/mesos/slave/slaves/20151219-012848-50331658-5050-16921-S1/frameworks/20151219-012848-50331658-5050-16921-0000/executors/thermos-1450489200123-www-data-devel-job11-0-5ade5e3c-1fe4-470d-86e5-9ab0c1f689b0/runs/c1129414-586c-422a-a2fc-9b70a4ba3450' for gc 6.99999750658667days in the future
I1219 01:40:27.215553 27347 gc.cpp:56] Scheduling '/var/lib/mesos/slave/slaves/20151219-012848-50331658-5050-16921-S1/frameworks/20151219-012848-50331658-5050-16921-0000/executors/thermos-1450489200123-www-data-devel-job11-0-5ade5e3c-1fe4-470d-86e5-9ab0c1f689b0' for gc 6.99999750559111days in the future
I1219 01:40:27.215647 27341 gc.cpp:56] Scheduling '/var/lib/mesos/slave/meta/slaves/20151219-012848-50331658-5050-16921-S1/frameworks/20151219-012848-50331658-5050-16921-0000/executors/thermos-1450489200123-www-data-devel-job11-0-5ade5e3c-1fe4-470d-86e5-9ab0c1f689b0/runs/c1129414-586c-422a-a2fc-9b70a4ba3450' for gc 6.99999750461926days in the future
I1219 01:40:27.215680 27348 slave.cpp:3381] Cleaning up framework 20151219-012848-50331658-5050-16921-0000
I1219 01:40:27.215739 27341 gc.cpp:56] Scheduling '/var/lib/mesos/slave/meta/slaves/20151219-012848-50331658-5050-16921-S1/frameworks/20151219-012848-50331658-5050-16921-0000/executors/thermos-1450489200123-www-data-devel-job11-0-5ade5e3c-1fe4-470d-86e5-9ab0c1f689b0' for gc 6.99999750380741days in the future
I1219 01:40:27.215939 27350 gc.cpp:56] Scheduling '/var/lib/mesos/slave/slaves/20151219-012848-50331658-5050-16921-S1/frameworks/20151219-012848-50331658-5050-16921-0000' for gc 6.99999750154963days in the future
I1219 01:40:27.215981 27346 status_update_manager.cpp:279] Closing status update streams for framework 20151219-012848-50331658-5050-16921-0000
I1219 01:40:27.216029 27350 gc.cpp:56] Scheduling '/var/lib/mesos/slave/meta/slaves/20151219-012848-50331658-5050-16921-S1/frameworks/20151219-012848-50331658-5050-16921-0000' for gc 6.99999750039407days in the future
I1219 01:40:33.058997 27336 slave.cpp:3534] Framework 20151219-012848-50331658-5050-16921-0000 seems to have exited. Ignoring registration timeout for executor 'thermos-1450489140047-www-data-devel-job18-0-6b7dc47b-8a7b-4b21-b9bc-e81e3ffbc6a9'
I1219 01:40:48.599520 27339 slave.cpp:3618] Current disk usage 72.42%. Max allowed age: 1.230754687989896days
I1219 01:41:00.151976 27347 slave.cpp:1121] Got assigned task 1450489260003-www-data-devel-job14-0-fb678f89-4984-4b07-adc0-25ef9753db74 for framework 20151219-012848-50331658-5050-16921-0000
I1219 01:41:00.154116 27347 gc.cpp:84] Unscheduling '/var/lib/mesos/slave/slaves/20151219-012848-50331658-5050-16921-S1/frameworks/20151219-012848-50331658-5050-16921-0000' from gc
I1219 01:41:00.154199 27347 gc.cpp:84] Unscheduling '/var/lib/mesos/slave/meta/slaves/20151219-012848-50331658-5050-16921-S1/frameworks/20151219-012848-50331658-5050-16921-0000' from gc
I1219 01:41:00.154286 27335 slave.cpp:1231] Launching task 1450489260003-www-data-devel-job14-0-fb678f89-4984-4b07-adc0-25ef9753db74 for framework 20151219-012848-50331658-5050-16921-0000
I1219 01:41:00.156045 27335 slave.cpp:4160] Launching executor thermos-1450489260003-www-data-devel-job14-0-fb678f89-4984-4b07-adc0-25ef9753db74 of framework 20151219-012848-50331658-5050-16921-0000 in work directory '/var/lib/mesos/slave/slaves/20151219-012848-50331658-5050-16921-S1/frameworks/20151219-012848-50331658-5050-16921-0000/executors/thermos-1450489260003-www-data-devel-job14-0-fb678f89-4984-4b07-adc0-25ef9753db74/runs/5f22787e-2c9d-4084-9446-4e10c736f655'
I1219 01:41:00.156182 27342 containerizer.cpp:472] Starting container '5f22787e-2c9d-4084-9446-4e10c736f655' for executor 'thermos-1450489260003-www-data-devel-job14-0-fb678f89-4984-4b07-adc0-25ef9753db74' of framework '20151219-012848-50331658-5050-16921-0000'
I1219 01:41:00.156693 27335 slave.cpp:1378] Queuing task '1450489260003-www-data-devel-job14-0-fb678f89-4984-4b07-adc0-25ef9753db74' for executor thermos-1450489260003-www-data-devel-job14-0-fb678f89-4984-4b07-adc0-25ef9753db74 of framework '20151219-012848-50331658-5050-16921-0000
I1219 01:41:00.157493 27342 launcher.cpp:130] Forked child with pid '29883' for container '5f22787e-2c9d-4084-9446-4e10c736f655'
I1219 01:41:00.157665 27342 containerizer.cpp:682] Checkpointing executor's forked pid 29883 to '/var/lib/mesos/slave/meta/slaves/20151219-012848-50331658-5050-16921-S1/frameworks/20151219-012848-50331658-5050-16921-0000/executors/thermos-1450489260003-www-data-devel-job14-0-fb678f89-4984-4b07-adc0-25ef9753db74/runs/5f22787e-2c9d-4084-9446-4e10c736f655/pids/forked.pid'
I1219 01:41:00.162552 27339 fetcher.cpp:238] Fetching URIs using command '/usr/libexec/mesos/mesos-fetcher'
I1219 01:41:00.257134 27344 slave.cpp:3135] Monitoring executor 'thermos-1450489260003-www-data-devel-job14-0-fb678f89-4984-4b07-adc0-25ef9753db74' of framework '20151219-012848-50331658-5050-16921-0000' in container '5f22787e-2c9d-4084-9446-4e10c736f655'
I1219 01:41:00.773418 27344 slave.cpp:2141] Got registration for executor 'thermos-1450489260003-www-data-devel-job14-0-fb678f89-4984-4b07-adc0-25ef9753db74' of framework 20151219-012848-50331658-5050-16921-0000 from executor(1)@10.0.0.5:50107
I1219 01:41:00.774394 27337 slave.cpp:1532] Sending queued task '1450489260003-www-data-devel-job14-0-fb678f89-4984-4b07-adc0-25ef9753db74' to executor 'thermos-1450489260003-www-data-devel-job14-0-fb678f89-4984-4b07-adc0-25ef9753db74' of framework 20151219-012848-50331658-5050-16921-0000
I1219 01:41:00.780073 27338 slave.cpp:2508] Handling status update TASK_STARTING (UUID: 5dec3413-5f05-4b89-b13a-e585df5c09ce) for task 1450489260003-www-data-devel-job14-0-fb678f89-4984-4b07-adc0-25ef9753db74 of framework 20151219-012848-50331658-5050-16921-0000 from executor(1)@10.0.0.5:50107
I1219 01:41:00.780246 27339 status_update_manager.cpp:317] Received status update TASK_STARTING (UUID: 5dec3413-5f05-4b89-b13a-e585df5c09ce) for task 1450489260003-www-data-devel-job14-0-fb678f89-4984-4b07-adc0-25ef9753db74 of framework 20151219-012848-50331658-5050-16921-0000
I1219 01:41:00.780613 27339 status_update_manager.hpp:346] Checkpointing UPDATE for status update TASK_STARTING (UUID: 5dec3413-5f05-4b89-b13a-e585df5c09ce) for task 1450489260003-www-data-devel-job14-0-fb678f89-4984-4b07-adc0-25ef9753db74 of framework 20151219-012848-50331658-5050-16921-0000
I1219 01:41:00.785004 27338 slave.cpp:2753] Forwarding the update TASK_STARTING (UUID: 5dec3413-5f05-4b89-b13a-e585df5c09ce) for task 1450489260003-www-data-devel-job14-0-fb678f89-4984-4b07-adc0-25ef9753db74 of framework 20151219-012848-50331658-5050-16921-0000 to master@10.0.0.3:5050
I1219 01:41:00.785135 27338 slave.cpp:2686] Sending acknowledgement for status update TASK_STARTING (UUID: 5dec3413-5f05-4b89-b13a-e585df5c09ce) for task 1450489260003-www-data-devel-job14-0-fb678f89-4984-4b07-adc0-25ef9753db74 of framework 20151219-012848-50331658-5050-16921-0000 to executor(1)@10.0.0.5:50107
I1219 01:41:00.795295 27339 status_update_manager.cpp:389] Received status update acknowledgement (UUID: 5dec3413-5f05-4b89-b13a-e585df5c09ce) for task 1450489260003-www-data-devel-job14-0-fb678f89-4984-4b07-adc0-25ef9753db74 of framework 20151219-012848-50331658-5050-16921-0000
I1219 01:41:00.795333 27339 status_update_manager.hpp:346] Checkpointing ACK for status update TASK_STARTING (UUID: 5dec3413-5f05-4b89-b13a-e585df5c09ce) for task 1450489260003-www-data-devel-job14-0-fb678f89-4984-4b07-adc0-25ef9753db74 of framework 20151219-012848-50331658-5050-16921-0000
I1219 01:41:01.363551 27343 slave.cpp:2508] Handling status update TASK_RUNNING (UUID: 8c491a61-34a6-483d-9ac5-b8f588cb9a54) for task 1450489260003-www-data-devel-job14-0-fb678f89-4984-4b07-adc0-25ef9753db74 of framework 20151219-012848-50331658-5050-16921-0000 from executor(1)@10.0.0.5:50107
I1219 01:41:01.363761 27347 status_update_manager.cpp:317] Received status update TASK_RUNNING (UUID: 8c491a61-34a6-483d-9ac5-b8f588cb9a54) for task 1450489260003-www-data-devel-job14-0-fb678f89-4984-4b07-adc0-25ef9753db74 of framework 20151219-012848-50331658-5050-16921-0000
I1219 01:41:01.363842 27347 status_update_manager.hpp:346] Checkpointing UPDATE for status update TASK_RUNNING (UUID: 8c491a61-34a6-483d-9ac5-b8f588cb9a54) for task 1450489260003-www-data-devel-job14-0-fb678f89-4984-4b07-adc0-25ef9753db74 of framework 20151219-012848-50331658-5050-16921-0000
I1219 01:41:01.367986 27339 slave.cpp:2753] Forwarding the update TASK_RUNNING (UUID: 8c491a61-34a6-483d-9ac5-b8f588cb9a54) for task 1450489260003-www-data-devel-job14-0-fb678f89-4984-4b07-adc0-25ef9753db74 of framework 20151219-012848-50331658-5050-16921-0000 to master@10.0.0.3:5050
I1219 01:41:01.368106 27339 slave.cpp:2686] Sending acknowledgement for status update TASK_RUNNING (UUID: 8c491a61-34a6-483d-9ac5-b8f588cb9a54) for task 1450489260003-www-data-devel-job14-0-fb678f89-4984-4b07-adc0-25ef9753db74 of framework 20151219-012848-50331658-5050-16921-0000 to executor(1)@10.0.0.5:50107
I1219 01:41:01.379533 27347 status_update_manager.cpp:389] Received status update acknowledgement (UUID: 8c491a61-34a6-483d-9ac5-b8f588cb9a54) for task 1450489260003-www-data-devel-job14-0-fb678f89-4984-4b07-adc0-25ef9753db74 of framework 20151219-012848-50331658-5050-16921-0000
I1219 01:41:01.379586 27347 status_update_manager.hpp:346] Checkpointing ACK for status update TASK_RUNNING (UUID: 8c491a61-34a6-483d-9ac5-b8f588cb9a54) for task 1450489260003-www-data-devel-job14-0-fb678f89-4984-4b07-adc0-25ef9753db74 of framework 20151219-012848-50331658-5050-16921-0000
I1219 01:41:04.508301 27340 slave.cpp:2508] Handling status update TASK_FINISHED (UUID: c4a43f13-e545-4c1d-87ef-01195a06aed6) for task 1450489260003-www-data-devel-job14-0-fb678f89-4984-4b07-adc0-25ef9753db74 of framework 20151219-012848-50331658-5050-16921-0000 from executor(1)@10.0.0.5:50107
I1219 01:41:04.508934 27342 status_update_manager.cpp:317] Received status update TASK_FINISHED (UUID: c4a43f13-e545-4c1d-87ef-01195a06aed6) for task 1450489260003-www-data-devel-job14-0-fb678f89-4984-4b07-adc0-25ef9753db74 of framework 20151219-012848-50331658-5050-16921-0000
I1219 01:41:04.508963 27342 status_update_manager.hpp:346] Checkpointing UPDATE for status update TASK_FINISHED (UUID: c4a43f13-e545-4c1d-87ef-01195a06aed6) for task 1450489260003-www-data-devel-job14-0-fb678f89-4984-4b07-adc0-25ef9753db74 of framework 20151219-012848-50331658-5050-16921-0000
I1219 01:41:04.513525 27336 slave.cpp:2753] Forwarding the update TASK_FINISHED (UUID: c4a43f13-e545-4c1d-87ef-01195a06aed6) for task 1450489260003-www-data-devel-job14-0-fb678f89-4984-4b07-adc0-25ef9753db74 of framework 20151219-012848-50331658-5050-16921-0000 to master@10.0.0.3:5050
I1219 01:41:04.513628 27336 slave.cpp:2686] Sending acknowledgement for status update TASK_FINISHED (UUID: c4a43f13-e545-4c1d-87ef-01195a06aed6) for task 1450489260003-www-data-devel-job14-0-fb678f89-4984-4b07-adc0-25ef9753db74 of framework 20151219-012848-50331658-5050-16921-0000 to executor(1)@10.0.0.5:50107
I1219 01:41:04.523686 27342 status_update_manager.cpp:389] Received status update acknowledgement (UUID: c4a43f13-e545-4c1d-87ef-01195a06aed6) for task 1450489260003-www-data-devel-job14-0-fb678f89-4984-4b07-adc0-25ef9753db74 of framework 20151219-012848-50331658-5050-16921-0000
I1219 01:41:04.523720 27342 status_update_manager.hpp:346] Checkpointing ACK for status update TASK_FINISHED (UUID: c4a43f13-e545-4c1d-87ef-01195a06aed6) for task 1450489260003-www-data-devel-job14-0-fb678f89-4984-4b07-adc0-25ef9753db74 of framework 20151219-012848-50331658-5050-16921-0000
I1219 01:41:05.801345 27339 slave.cpp:1121] Got assigned task 1450489260176-www-data-devel-job7-0-f6f0111a-8c1e-4c74-8541-8d1bada5c9e6 for framework 20151219-012848-50331658-5050-16921-0000
I1219 01:41:05.801637 27339 slave.cpp:1231] Launching task 1450489260176-www-data-devel-job7-0-f6f0111a-8c1e-4c74-8541-8d1bada5c9e6 for framework 20151219-012848-50331658-5050-16921-0000
I1219 01:41:05.803683 27339 slave.cpp:4160] Launching executor thermos-1450489260176-www-data-devel-job7-0-f6f0111a-8c1e-4c74-8541-8d1bada5c9e6 of framework 20151219-012848-50331658-5050-16921-0000 in work directory '/var/lib/mesos/slave/slaves/20151219-012848-50331658-5050-16921-S1/frameworks/20151219-012848-50331658-5050-16921-0000/executors/thermos-1450489260176-www-data-devel-job7-0-f6f0111a-8c1e-4c74-8541-8d1bada5c9e6/runs/bf254c4f-7759-4647-8b4a-29ded19fb41f'
I1219 01:41:05.803810 27344 containerizer.cpp:472] Starting container 'bf254c4f-7759-4647-8b4a-29ded19fb41f' for executor 'thermos-1450489260176-www-data-devel-job7-0-f6f0111a-8c1e-4c74-8541-8d1bada5c9e6' of framework '20151219-012848-50331658-5050-16921-0000'
I1219 01:41:05.806481 27341 launcher.cpp:130] Forked child with pid '29940' for container 'bf254c4f-7759-4647-8b4a-29ded19fb41f'
I1219 01:41:05.806804 27339 slave.cpp:1378] Queuing task '1450489260176-www-data-devel-job7-0-f6f0111a-8c1e-4c74-8541-8d1bada5c9e6' for executor thermos-1450489260176-www-data-devel-job7-0-f6f0111a-8c1e-4c74-8541-8d1bada5c9e6 of framework '20151219-012848-50331658-5050-16921-0000
I1219 01:41:05.806821 27341 containerizer.cpp:682] Checkpointing executor's forked pid 29940 to '/var/lib/mesos/slave/meta/slaves/20151219-012848-50331658-5050-16921-S1/frameworks/20151219-012848-50331658-5050-16921-0000/executors/thermos-1450489260176-www-data-devel-job7-0-f6f0111a-8c1e-4c74-8541-8d1bada5c9e6/runs/bf254c4f-7759-4647-8b4a-29ded19fb41f/pids/forked.pid'
I1219 01:41:05.814352 27342 fetcher.cpp:238] Fetching URIs using command '/usr/libexec/mesos/mesos-fetcher'
I1219 01:41:05.883999 27346 slave.cpp:3135] Monitoring executor 'thermos-1450489260176-www-data-devel-job7-0-f6f0111a-8c1e-4c74-8541-8d1bada5c9e6' of framework '20151219-012848-50331658-5050-16921-0000' in container 'bf254c4f-7759-4647-8b4a-29ded19fb41f'
I1219 01:41:06.376381 27348 slave.cpp:2141] Got registration for executor 'thermos-1450489260176-www-data-devel-job7-0-f6f0111a-8c1e-4c74-8541-8d1bada5c9e6' of framework 20151219-012848-50331658-5050-16921-0000 from executor(1)@10.0.0.5:53250
I1219 01:41:06.377336 27345 slave.cpp:1532] Sending queued task '1450489260176-www-data-devel-job7-0-f6f0111a-8c1e-4c74-8541-8d1bada5c9e6' to executor 'thermos-1450489260176-www-data-devel-job7-0-f6f0111a-8c1e-4c74-8541-8d1bada5c9e6' of framework 20151219-012848-50331658-5050-16921-0000
I1219 01:41:06.382793 27343 slave.cpp:2508] Handling status update TASK_STARTING (UUID: 7c572b3c-b7ca-4641-a283-30b0dfc1402a) for task 1450489260176-www-data-devel-job7-0-f6f0111a-8c1e-4c74-8541-8d1bada5c9e6 of framework 20151219-012848-50331658-5050-16921-0000 from executor(1)@10.0.0.5:53250
I1219 01:41:06.382947 27342 status_update_manager.cpp:317] Received status update TASK_STARTING (UUID: 7c572b3c-b7ca-4641-a283-30b0dfc1402a) for task 1450489260176-www-data-devel-job7-0-f6f0111a-8c1e-4c74-8541-8d1bada5c9e6 of framework 20151219-012848-50331658-5050-16921-0000
I1219 01:41:06.383290 27342 status_update_manager.hpp:346] Checkpointing UPDATE for status update TASK_STARTING (UUID: 7c572b3c-b7ca-4641-a283-30b0dfc1402a) for task 1450489260176-www-data-devel-job7-0-f6f0111a-8c1e-4c74-8541-8d1bada5c9e6 of framework 20151219-012848-50331658-5050-16921-0000
I1219 01:41:06.387584 27339 slave.cpp:2753] Forwarding the update TASK_STARTING (UUID: 7c572b3c-b7ca-4641-a283-30b0dfc1402a) for task 1450489260176-www-data-devel-job7-0-f6f0111a-8c1e-4c74-8541-8d1bada5c9e6 of framework 20151219-012848-50331658-5050-16921-0000 to master@10.0.0.3:5050
I1219 01:41:06.387687 27339 slave.cpp:2686] Sending acknowledgement for status update TASK_STARTING (UUID: 7c572b3c-b7ca-4641-a283-30b0dfc1402a) for task 1450489260176-www-data-devel-job7-0-f6f0111a-8c1e-4c74-8541-8d1bada5c9e6 of framework 20151219-012848-50331658-5050-16921-0000 to executor(1)@10.0.0.5:53250
I1219 01:41:06.396571 27342 status_update_manager.cpp:389] Received status update acknowledgement (UUID: 7c572b3c-b7ca-4641-a283-30b0dfc1402a) for task 1450489260176-www-data-devel-job7-0-f6f0111a-8c1e-4c74-8541-8d1bada5c9e6 of framework 20151219-012848-50331658-5050-16921-0000
I1219 01:41:06.396616 27342 status_update_manager.hpp:346] Checkpointing ACK for status update TASK_STARTING (UUID: 7c572b3c-b7ca-4641-a283-30b0dfc1402a) for task 1450489260176-www-data-devel-job7-0-f6f0111a-8c1e-4c74-8541-8d1bada5c9e6 of framework 20151219-012848-50331658-5050-16921-0000
I1219 01:41:06.962785 27344 slave.cpp:2508] Handling status update TASK_RUNNING (UUID: be38b5ac-f202-4036-85a2-cb99e9e92cdb) for task 1450489260176-www-data-devel-job7-0-f6f0111a-8c1e-4c74-8541-8d1bada5c9e6 of framework 20151219-012848-50331658-5050-16921-0000 from executor(1)@10.0.0.5:53250
I1219 01:41:06.962941 27348 status_update_manager.cpp:317] Received status update TASK_RUNNING (UUID: be38b5ac-f202-4036-85a2-cb99e9e92cdb) for task 1450489260176-www-data-devel-job7-0-f6f0111a-8c1e-4c74-8541-8d1bada5c9e6 of framework 20151219-012848-50331658-5050-16921-0000
I1219 01:41:06.963001 27348 status_update_manager.hpp:346] Checkpointing UPDATE for status update TASK_RUNNING (UUID: be38b5ac-f202-4036-85a2-cb99e9e92cdb) for task 1450489260176-www-data-devel-job7-0-f6f0111a-8c1e-4c74-8541-8d1bada5c9e6 of framework 20151219-012848-50331658-5050-16921-0000
I1219 01:41:06.967221 27344 slave.cpp:2753] Forwarding the update TASK_RUNNING (UUID: be38b5ac-f202-4036-85a2-cb99e9e92cdb) for task 1450489260176-www-data-devel-job7-0-f6f0111a-8c1e-4c74-8541-8d1bada5c9e6 of framework 20151219-012848-50331658-5050-16921-0000 to master@10.0.0.3:5050
I1219 01:41:06.967331 27344 slave.cpp:2686] Sending acknowledgement for status update TASK_RUNNING (UUID: be38b5ac-f202-4036-85a2-cb99e9e92cdb) for task 1450489260176-www-data-devel-job7-0-f6f0111a-8c1e-4c74-8541-8d1bada5c9e6 of framework 20151219-012848-50331658-5050-16921-0000 to executor(1)@10.0.0.5:53250
I1219 01:41:06.976500 27348 status_update_manager.cpp:389] Received status update acknowledgement (UUID: be38b5ac-f202-4036-85a2-cb99e9e92cdb) for task 1450489260176-www-data-devel-job7-0-f6f0111a-8c1e-4c74-8541-8d1bada5c9e6 of framework 20151219-012848-50331658-5050-16921-0000
I1219 01:41:06.976575 27348 status_update_manager.hpp:346] Checkpointing ACK for status update TASK_RUNNING (UUID: be38b5ac-f202-4036-85a2-cb99e9e92cdb) for task 1450489260176-www-data-devel-job7-0-f6f0111a-8c1e-4c74-8541-8d1bada5c9e6 of framework 20151219-012848-50331658-5050-16921-0000
I1219 01:41:09.601457 27344 containerizer.cpp:1111] Executor for container '5f22787e-2c9d-4084-9446-4e10c736f655' has exited
I1219 01:41:09.601632 27344 containerizer.cpp:906] Destroying container '5f22787e-2c9d-4084-9446-4e10c736f655'
I1219 01:41:09.603011 27345 slave.cpp:3193] Executor 'thermos-1450489260003-www-data-devel-job14-0-fb678f89-4984-4b07-adc0-25ef9753db74' of framework 20151219-012848-50331658-5050-16921-0000 exited with status 0
I1219 01:41:09.603155 27345 slave.cpp:3302] Cleaning up executor 'thermos-1450489260003-www-data-devel-job14-0-fb678f89-4984-4b07-adc0-25ef9753db74' of framework 20151219-012848-50331658-5050-16921-0000
I1219 01:41:09.603374 27347 gc.cpp:56] Scheduling '/var/lib/mesos/slave/slaves/20151219-012848-50331658-5050-16921-S1/frameworks/20151219-012848-50331658-5050-16921-0000/executors/thermos-1450489260003-www-data-devel-job14-0-fb678f89-4984-4b07-adc0-25ef9753db74/runs/5f22787e-2c9d-4084-9446-4e10c736f655' for gc 6.99999301698963days in the future
I1219 01:41:09.603425 27347 gc.cpp:56] Scheduling '/var/lib/mesos/slave/slaves/20151219-012848-50331658-5050-16921-S1/frameworks/20151219-012848-50331658-5050-16921-0000/executors/thermos-1450489260003-www-data-devel-job14-0-fb678f89-4984-4b07-adc0-25ef9753db74' for gc 6.99999301627259days in the future
I1219 01:41:09.603446 27347 gc.cpp:56] Scheduling '/var/lib/mesos/slave/meta/slaves/20151219-012848-50331658-5050-16921-S1/frameworks/20151219-012848-50331658-5050-16921-0000/executors/thermos-1450489260003-www-data-devel-job14-0-fb678f89-4984-4b07-adc0-25ef9753db74/runs/5f22787e-2c9d-4084-9446-4e10c736f655' for gc 6.99999301573926days in the future
I1219 01:41:09.603477 27347 gc.cpp:56] Scheduling '/var/lib/mesos/slave/meta/slaves/20151219-012848-50331658-5050-16921-S1/frameworks/20151219-012848-50331658-5050-16921-0000/executors/thermos-1450489260003-www-data-devel-job14-0-fb678f89-4984-4b07-adc0-25ef9753db74' for gc 6.99999301536days in the future
I1219 01:41:14.112905 27348 slave.cpp:2508] Handling status update TASK_FINISHED (UUID: 322ce220-a222-4e72-83a0-6e8837d9ec73) for task 1450489260176-www-data-devel-job7-0-f6f0111a-8c1e-4c74-8541-8d1bada5c9e6 of framework 20151219-012848-50331658-5050-16921-0000 from executor(1)@10.0.0.5:53250
I1219 01:41:14.113876 27337 status_update_manager.cpp:317] Received status update TASK_FINISHED (UUID: 322ce220-a222-4e72-83a0-6e8837d9ec73) for task 1450489260176-www-data-devel-job7-0-f6f0111a-8c1e-4c74-8541-8d1bada5c9e6 of framework 20151219-012848-50331658-5050-16921-0000
I1219 01:41:14.113942 27337 status_update_manager.hpp:346] Checkpointing UPDATE for status update TASK_FINISHED (UUID: 322ce220-a222-4e72-83a0-6e8837d9ec73) for task 1450489260176-www-data-devel-job7-0-f6f0111a-8c1e-4c74-8541-8d1bada5c9e6 of framework 20151219-012848-50331658-5050-16921-0000
I1219 01:41:14.118432 27349 slave.cpp:2753] Forwarding the update TASK_FINISHED (UUID: 322ce220-a222-4e72-83a0-6e8837d9ec73) for task 1450489260176-www-data-devel-job7-0-f6f0111a-8c1e-4c74-8541-8d1bada5c9e6 of framework 20151219-012848-50331658-5050-16921-0000 to master@10.0.0.3:5050
I1219 01:41:14.118590 27349 slave.cpp:2686] Sending acknowledgement for status update TASK_FINISHED (UUID: 322ce220-a222-4e72-83a0-6e8837d9ec73) for task 1450489260176-www-data-devel-job7-0-f6f0111a-8c1e-4c74-8541-8d1bada5c9e6 of framework 20151219-012848-50331658-5050-16921-0000 to executor(1)@10.0.0.5:53250
I1219 01:41:14.129657 27338 status_update_manager.cpp:389] Received status update acknowledgement (UUID: 322ce220-a222-4e72-83a0-6e8837d9ec73) for task 1450489260176-www-data-devel-job7-0-f6f0111a-8c1e-4c74-8541-8d1bada5c9e6 of framework 20151219-012848-50331658-5050-16921-0000
I1219 01:41:14.129709 27338 status_update_manager.hpp:346] Checkpointing ACK for status update TASK_FINISHED (UUID: 322ce220-a222-4e72-83a0-6e8837d9ec73) for task 1450489260176-www-data-devel-job7-0-f6f0111a-8c1e-4c74-8541-8d1bada5c9e6 of framework 20151219-012848-50331658-5050-16921-0000
I1219 01:41:16.687392 27337 slave.cpp:1121] Got assigned task 1450489260048-www-data-devel-job18-0-2c9b6359-be40-45b3-aee6-e7f39fd2620d for framework 20151219-012848-50331658-5050-16921-0000
I1219 01:41:16.687790 27337 slave.cpp:1231] Launching task 1450489260048-www-data-devel-job18-0-2c9b6359-be40-45b3-aee6-e7f39fd2620d for framework 20151219-012848-50331658-5050-16921-0000
I1219 01:41:16.692447 27337 slave.cpp:4160] Launching executor thermos-1450489260048-www-data-devel-job18-0-2c9b6359-be40-45b3-aee6-e7f39fd2620d of framework 20151219-012848-50331658-5050-16921-0000 in work directory '/var/lib/mesos/slave/slaves/20151219-012848-50331658-5050-16921-S1/frameworks/20151219-012848-50331658-5050-16921-0000/executors/thermos-1450489260048-www-data-devel-job18-0-2c9b6359-be40-45b3-aee6-e7f39fd2620d/runs/66aa4c72-dc6e-4b4f-b452-8a05a706e5e2'
I1219 01:41:16.692616 27342 containerizer.cpp:472] Starting container '66aa4c72-dc6e-4b4f-b452-8a05a706e5e2' for executor 'thermos-1450489260048-www-data-devel-job18-0-2c9b6359-be40-45b3-aee6-e7f39fd2620d' of framework '20151219-012848-50331658-5050-16921-0000'
I1219 01:41:16.694527 27337 slave.cpp:1378] Queuing task '1450489260048-www-data-devel-job18-0-2c9b6359-be40-45b3-aee6-e7f39fd2620d' for executor thermos-1450489260048-www-data-devel-job18-0-2c9b6359-be40-45b3-aee6-e7f39fd2620d of framework '20151219-012848-50331658-5050-16921-0000
I1219 01:41:16.694547 27344 launcher.cpp:130] Forked child with pid '29997' for container '66aa4c72-dc6e-4b4f-b452-8a05a706e5e2'
I1219 01:41:16.694905 27344 containerizer.cpp:682] Checkpointing executor's forked pid 29997 to '/var/lib/mesos/slave/meta/slaves/20151219-012848-50331658-5050-16921-S1/frameworks/20151219-012848-50331658-5050-16921-0000/executors/thermos-1450489260048-www-data-devel-job18-0-2c9b6359-be40-45b3-aee6-e7f39fd2620d/runs/66aa4c72-dc6e-4b4f-b452-8a05a706e5e2/pids/forked.pid'
I1219 01:41:16.700228 27340 fetcher.cpp:238] Fetching URIs using command '/usr/libexec/mesos/mesos-fetcher'
I1219 01:41:16.836722 27349 slave.cpp:3135] Monitoring executor 'thermos-1450489260048-www-data-devel-job18-0-2c9b6359-be40-45b3-aee6-e7f39fd2620d' of framework '20151219-012848-50331658-5050-16921-0000' in container '66aa4c72-dc6e-4b4f-b452-8a05a706e5e2'
I1219 01:41:17.333791 27337 slave.cpp:2141] Got registration for executor 'thermos-1450489260048-www-data-devel-job18-0-2c9b6359-be40-45b3-aee6-e7f39fd2620d' of framework 20151219-012848-50331658-5050-16921-0000 from executor(1)@10.0.0.5:37175
I1219 01:41:17.335155 27341 slave.cpp:1532] Sending queued task '1450489260048-www-data-devel-job18-0-2c9b6359-be40-45b3-aee6-e7f39fd2620d' to executor 'thermos-1450489260048-www-data-devel-job18-0-2c9b6359-be40-45b3-aee6-e7f39fd2620d' of framework 20151219-012848-50331658-5050-16921-0000
I1219 01:41:17.342357 27342 slave.cpp:2508] Handling status update TASK_STARTING (UUID: 1ebec9f0-4dce-4ad5-8b50-d156ae44e208) for task 1450489260048-www-data-devel-job18-0-2c9b6359-be40-45b3-aee6-e7f39fd2620d of framework 20151219-012848-50331658-5050-16921-0000 from executor(1)@10.0.0.5:37175
I1219 01:41:17.342512 27342 status_update_manager.cpp:317] Received status update TASK_STARTING (UUID: 1ebec9f0-4dce-4ad5-8b50-d156ae44e208) for task 1450489260048-www-data-devel-job18-0-2c9b6359-be40-45b3-aee6-e7f39fd2620d of framework 20151219-012848-50331658-5050-16921-0000
I1219 01:41:17.342849 27342 status_update_manager.hpp:346] Checkpointing UPDATE for status update TASK_STARTING (UUID: 1ebec9f0-4dce-4ad5-8b50-d156ae44e208) for task 1450489260048-www-data-devel-job18-0-2c9b6359-be40-45b3-aee6-e7f39fd2620d of framework 20151219-012848-50331658-5050-16921-0000
I1219 01:41:17.347069 27347 slave.cpp:2753] Forwarding the update TASK_STARTING (UUID: 1ebec9f0-4dce-4ad5-8b50-d156ae44e208) for task 1450489260048-www-data-devel-job18-0-2c9b6359-be40-45b3-aee6-e7f39fd2620d of framework 20151219-012848-50331658-5050-16921-0000 to master@10.0.0.3:5050
I1219 01:41:17.347201 27347 slave.cpp:2686] Sending acknowledgement for status update TASK_STARTING (UUID: 1ebec9f0-4dce-4ad5-8b50-d156ae44e208) for task 1450489260048-www-data-devel-job18-0-2c9b6359-be40-45b3-aee6-e7f39fd2620d of framework 20151219-012848-50331658-5050-16921-0000 to executor(1)@10.0.0.5:37175
I1219 01:41:17.355736 27340 status_update_manager.cpp:389] Received status update acknowledgement (UUID: 1ebec9f0-4dce-4ad5-8b50-d156ae44e208) for task 1450489260048-www-data-devel-job18-0-2c9b6359-be40-45b3-aee6-e7f39fd2620d of framework 20151219-012848-50331658-5050-16921-0000
I1219 01:41:17.355801 27340 status_update_manager.hpp:346] Checkpointing ACK for status update TASK_STARTING (UUID: 1ebec9f0-4dce-4ad5-8b50-d156ae44e208) for task 1450489260048-www-data-devel-job18-0-2c9b6359-be40-45b3-aee6-e7f39fd2620d of framework 20151219-012848-50331658-5050-16921-0000
I1219 01:41:17.927129 27343 slave.cpp:2508] Handling status update TASK_RUNNING (UUID: 490f6e77-247f-4672-be7d-a4b732f6a855) for task 1450489260048-www-data-devel-job18-0-2c9b6359-be40-45b3-aee6-e7f39fd2620d of framework 20151219-012848-50331658-5050-16921-0000 from executor(1)@10.0.0.5:37175
I1219 01:41:17.927278 27346 status_update_manager.cpp:317] Received status update TASK_RUNNING (UUID: 490f6e77-247f-4672-be7d-a4b732f6a855) for task 1450489260048-www-data-devel-job18-0-2c9b6359-be40-45b3-aee6-e7f39fd2620d of framework 20151219-012848-50331658-5050-16921-0000
I1219 01:41:17.927314 27346 status_update_manager.hpp:346] Checkpointing UPDATE for status update TASK_RUNNING (UUID: 490f6e77-247f-4672-be7d-a4b732f6a855) for task 1450489260048-www-data-devel-job18-0-2c9b6359-be40-45b3-aee6-e7f39fd2620d of framework 20151219-012848-50331658-5050-16921-0000
I1219 01:41:17.931161 27343 slave.cpp:2753] Forwarding the update TASK_RUNNING (UUID: 490f6e77-247f-4672-be7d-a4b732f6a855) for task 1450489260048-www-data-devel-job18-0-2c9b6359-be40-45b3-aee6-e7f39fd2620d of framework 20151219-012848-50331658-5050-16921-0000 to master@10.0.0.3:5050
I1219 01:41:17.931280 27343 slave.cpp:2686] Sending acknowledgement for status update TASK_RUNNING (UUID: 490f6e77-247f-4672-be7d-a4b732f6a855) for task 1450489260048-www-data-devel-job18-0-2c9b6359-be40-45b3-aee6-e7f39fd2620d of framework 20151219-012848-50331658-5050-16921-0000 to executor(1)@10.0.0.5:37175
I1219 01:41:17.939339 27341 status_update_manager.cpp:389] Received status update acknowledgement (UUID: 490f6e77-247f-4672-be7d-a4b732f6a855) for task 1450489260048-www-data-devel-job18-0-2c9b6359-be40-45b3-aee6-e7f39fd2620d of framework 20151219-012848-50331658-5050-16921-0000
I1219 01:41:17.939370 27341 status_update_manager.hpp:346] Checkpointing ACK for status update TASK_RUNNING (UUID: 490f6e77-247f-4672-be7d-a4b732f6a855) for task 1450489260048-www-data-devel-job18-0-2c9b6359-be40-45b3-aee6-e7f39fd2620d of framework 20151219-012848-50331658-5050-16921-0000
I1219 01:41:19.146898 27341 containerizer.cpp:1111] Executor for container 'bf254c4f-7759-4647-8b4a-29ded19fb41f' has exited
I1219 01:41:19.146967 27341 containerizer.cpp:906] Destroying container 'bf254c4f-7759-4647-8b4a-29ded19fb41f'
I1219 01:41:19.148471 27349 slave.cpp:3193] Executor 'thermos-1450489260176-www-data-devel-job7-0-f6f0111a-8c1e-4c74-8541-8d1bada5c9e6' of framework 20151219-012848-50331658-5050-16921-0000 exited with status 0
I1219 01:41:19.148596 27349 slave.cpp:3302] Cleaning up executor 'thermos-1450489260176-www-data-devel-job7-0-f6f0111a-8c1e-4c74-8541-8d1bada5c9e6' of framework 20151219-012848-50331658-5050-16921-0000
I1219 01:41:19.148900 27335 gc.cpp:56] Scheduling '/var/lib/mesos/slave/slaves/20151219-012848-50331658-5050-16921-S1/frameworks/20151219-012848-50331658-5050-16921-0000/executors/thermos-1450489260176-www-data-devel-job7-0-f6f0111a-8c1e-4c74-8541-8d1bada5c9e6/runs/bf254c4f-7759-4647-8b4a-29ded19fb41f' for gc 6.9999982772563days in the future
I1219 01:41:19.148953 27335 gc.cpp:56] Scheduling '/var/lib/mesos/slave/slaves/20151219-012848-50331658-5050-16921-S1/frameworks/20151219-012848-50331658-5050-16921-0000/executors/thermos-1450489260176-www-data-devel-job7-0-f6f0111a-8c1e-4c74-8541-8d1bada5c9e6' for gc 6.99999827632889days in the future
I1219 01:41:19.149055 27339 gc.cpp:56] Scheduling '/var/lib/mesos/slave/meta/slaves/20151219-012848-50331658-5050-16921-S1/frameworks/20151219-012848-50331658-5050-16921-0000/executors/thermos-1450489260176-www-data-devel-job7-0-f6f0111a-8c1e-4c74-8541-8d1bada5c9e6/runs/bf254c4f-7759-4647-8b4a-29ded19fb41f' for gc 6.99999827542815days in the future
I1219 01:41:19.149116 27339 gc.cpp:56] Scheduling '/var/lib/mesos/slave/meta/slaves/20151219-012848-50331658-5050-16921-S1/frameworks/20151219-012848-50331658-5050-16921-0000/executors/thermos-1450489260176-www-data-devel-job7-0-f6f0111a-8c1e-4c74-8541-8d1bada5c9e6' for gc 6.9999982745363days in the future
I1219 01:41:26.078095 27336 slave.cpp:2508] Handling status update TASK_FINISHED (UUID: 029a8f64-317d-40f1-a2b3-ccc07e40681c) for task 1450489260048-www-data-devel-job18-0-2c9b6359-be40-45b3-aee6-e7f39fd2620d of framework 20151219-012848-50331658-5050-16921-0000 from executor(1)@10.0.0.5:37175
I1219 01:41:26.078547 27339 status_update_manager.cpp:317] Received status update TASK_FINISHED (UUID: 029a8f64-317d-40f1-a2b3-ccc07e40681c) for task 1450489260048-www-data-devel-job18-0-2c9b6359-be40-45b3-aee6-e7f39fd2620d of framework 20151219-012848-50331658-5050-16921-0000
I1219 01:41:26.078588 27339 status_update_manager.hpp:346] Checkpointing UPDATE for status update TASK_FINISHED (UUID: 029a8f64-317d-40f1-a2b3-ccc07e40681c) for task 1450489260048-www-data-devel-job18-0-2c9b6359-be40-45b3-aee6-e7f39fd2620d of framework 20151219-012848-50331658-5050-16921-0000
I1219 01:41:26.085229 27337 slave.cpp:2753] Forwarding the update TASK_FINISHED (UUID: 029a8f64-317d-40f1-a2b3-ccc07e40681c) for task 1450489260048-www-data-devel-job18-0-2c9b6359-be40-45b3-aee6-e7f39fd2620d of framework 20151219-012848-50331658-5050-16921-0000 to master@10.0.0.3:5050
I1219 01:41:26.085316 27337 slave.cpp:2686] Sending acknowledgement for status update TASK_FINISHED (UUID: 029a8f64-317d-40f1-a2b3-ccc07e40681c) for task 1450489260048-www-data-devel-job18-0-2c9b6359-be40-45b3-aee6-e7f39fd2620d of framework 20151219-012848-50331658-5050-16921-0000 to executor(1)@10.0.0.5:37175
I1219 01:41:26.092339 27339 status_update_manager.cpp:389] Received status update acknowledgement (UUID: 029a8f64-317d-40f1-a2b3-ccc07e40681c) for task 1450489260048-www-data-devel-job18-0-2c9b6359-be40-45b3-aee6-e7f39fd2620d of framework 20151219-012848-50331658-5050-16921-0000
I1219 01:41:26.092377 27339 status_update_manager.hpp:346] Checkpointing ACK for status update TASK_FINISHED (UUID: 029a8f64-317d-40f1-a2b3-ccc07e40681c) for task 1450489260048-www-data-devel-job18-0-2c9b6359-be40-45b3-aee6-e7f39fd2620d of framework 20151219-012848-50331658-5050-16921-0000
I1219 01:41:31.199092 27340 containerizer.cpp:1111] Executor for container '66aa4c72-dc6e-4b4f-b452-8a05a706e5e2' has exited
I1219 01:41:31.199146 27340 containerizer.cpp:906] Destroying container '66aa4c72-dc6e-4b4f-b452-8a05a706e5e2'
I1219 01:41:31.200527 27335 slave.cpp:3193] Executor 'thermos-1450489260048-www-data-devel-job18-0-2c9b6359-be40-45b3-aee6-e7f39fd2620d' of framework 20151219-012848-50331658-5050-16921-0000 exited with status 0
I1219 01:41:31.200661 27335 slave.cpp:3302] Cleaning up executor 'thermos-1450489260048-www-data-devel-job18-0-2c9b6359-be40-45b3-aee6-e7f39fd2620d' of framework 20151219-012848-50331658-5050-16921-0000
I1219 01:41:31.200898 27340 gc.cpp:56] Scheduling '/var/lib/mesos/slave/slaves/20151219-012848-50331658-5050-16921-S1/frameworks/20151219-012848-50331658-5050-16921-0000/executors/thermos-1450489260048-www-data-devel-job18-0-2c9b6359-be40-45b3-aee6-e7f39fd2620d/runs/66aa4c72-dc6e-4b4f-b452-8a05a706e5e2' for gc 6.99999767526815days in the future
I1219 01:41:31.200947 27340 gc.cpp:56] Scheduling '/var/lib/mesos/slave/slaves/20151219-012848-50331658-5050-16921-S1/frameworks/20151219-012848-50331658-5050-16921-0000/executors/thermos-1450489260048-www-data-devel-job18-0-2c9b6359-be40-45b3-aee6-e7f39fd2620d' for gc 6.99999767434074days in the future
I1219 01:41:31.201059 27343 gc.cpp:56] Scheduling '/var/lib/mesos/slave/meta/slaves/20151219-012848-50331658-5050-16921-S1/frameworks/20151219-012848-50331658-5050-16921-0000/executors/thermos-1450489260048-www-data-devel-job18-0-2c9b6359-be40-45b3-aee6-e7f39fd2620d/runs/66aa4c72-dc6e-4b4f-b452-8a05a706e5e2' for gc 6.99999767343704days in the future
I1219 01:41:31.201091 27335 slave.cpp:3381] Cleaning up framework 20151219-012848-50331658-5050-16921-0000
I1219 01:41:31.201110 27343 gc.cpp:56] Scheduling '/var/lib/mesos/slave/meta/slaves/20151219-012848-50331658-5050-16921-S1/frameworks/20151219-012848-50331658-5050-16921-0000/executors/thermos-1450489260048-www-data-devel-job18-0-2c9b6359-be40-45b3-aee6-e7f39fd2620d' for gc 6.99999767267259days in the future
I1219 01:41:31.201156 27339 status_update_manager.cpp:279] Closing status update streams for framework 20151219-012848-50331658-5050-16921-0000
I1219 01:41:31.201237 27344 gc.cpp:56] Scheduling '/var/lib/mesos/slave/slaves/20151219-012848-50331658-5050-16921-S1/frameworks/20151219-012848-50331658-5050-16921-0000' for gc 6.99999767140148days in the future
I1219 01:41:31.201280 27344 gc.cpp:56] Scheduling '/var/lib/mesos/slave/meta/slaves/20151219-012848-50331658-5050-16921-S1/frameworks/20151219-012848-50331658-5050-16921-0000' for gc 6.99999767047407days in the future
I1219 01:41:48.600666 27348 slave.cpp:3618] Current disk usage 73.11%. Max allowed age: 1.182383804710509days
I1219 01:42:00.134548 27348 slave.cpp:1121] Got assigned task 1450489320003-www-data-devel-job14-0-b0713a67-67d5-430f-b41d-e835541387a2 for framework 20151219-012848-50331658-5050-16921-0000
I1219 01:42:00.136188 27348 gc.cpp:84] Unscheduling '/var/lib/mesos/slave/slaves/20151219-012848-50331658-5050-16921-S1/frameworks/20151219-012848-50331658-5050-16921-0000' from gc
I1219 01:42:00.136344 27345 gc.cpp:84] Unscheduling '/var/lib/mesos/slave/meta/slaves/20151219-012848-50331658-5050-16921-S1/frameworks/20151219-012848-50331658-5050-16921-0000' from gc
I1219 01:42:00.136556 27350 slave.cpp:1231] Launching task 1450489320003-www-data-devel-job14-0-b0713a67-67d5-430f-b41d-e835541387a2 for framework 20151219-012848-50331658-5050-16921-0000
I1219 01:42:00.138267 27350 slave.cpp:4160] Launching executor thermos-1450489320003-www-data-devel-job14-0-b0713a67-67d5-430f-b41d-e835541387a2 of framework 20151219-012848-50331658-5050-16921-0000 in work directory '/var/lib/mesos/slave/slaves/20151219-012848-50331658-5050-16921-S1/frameworks/20151219-012848-50331658-5050-16921-0000/executors/thermos-1450489320003-www-data-devel-job14-0-b0713a67-67d5-430f-b41d-e835541387a2/runs/e79450bc-46cc-4d9c-b800-1d59091a072a'
I1219 01:42:00.138381 27340 containerizer.cpp:472] Starting container 'e79450bc-46cc-4d9c-b800-1d59091a072a' for executor 'thermos-1450489320003-www-data-devel-job14-0-b0713a67-67d5-430f-b41d-e835541387a2' of framework '20151219-012848-50331658-5050-16921-0000'
I1219 01:42:00.138905 27350 slave.cpp:1378] Queuing task '1450489320003-www-data-devel-job14-0-b0713a67-67d5-430f-b41d-e835541387a2' for executor thermos-1450489320003-www-data-devel-job14-0-b0713a67-67d5-430f-b41d-e835541387a2 of framework '20151219-012848-50331658-5050-16921-0000
I1219 01:42:00.139698 27340 launcher.cpp:130] Forked child with pid '30055' for container 'e79450bc-46cc-4d9c-b800-1d59091a072a'
I1219 01:42:00.139891 27340 containerizer.cpp:682] Checkpointing executor's forked pid 30055 to '/var/lib/mesos/slave/meta/slaves/20151219-012848-50331658-5050-16921-S1/frameworks/20151219-012848-50331658-5050-16921-0000/executors/thermos-1450489320003-www-data-devel-job14-0-b0713a67-67d5-430f-b41d-e835541387a2/runs/e79450bc-46cc-4d9c-b800-1d59091a072a/pids/forked.pid'
I1219 01:42:00.145007 27338 fetcher.cpp:238] Fetching URIs using command '/usr/libexec/mesos/mesos-fetcher'
I1219 01:42:00.220633 27337 slave.cpp:3135] Monitoring executor 'thermos-1450489320003-www-data-devel-job14-0-b0713a67-67d5-430f-b41d-e835541387a2' of framework '20151219-012848-50331658-5050-16921-0000' in container 'e79450bc-46cc-4d9c-b800-1d59091a072a'
I1219 01:42:00.709311 27337 slave.cpp:2141] Got registration for executor 'thermos-1450489320003-www-data-devel-job14-0-b0713a67-67d5-430f-b41d-e835541387a2' of framework 20151219-012848-50331658-5050-16921-0000 from executor(1)@10.0.0.5:33690
