I1219 01:34:01.280622 27346 slave.cpp:2508] Handling status update TASK_RUNNING (UUID: d234c25c-b09a-4bc0-96d7-c442cf292e69) for task 1450488840017-www-data-devel-job6-0-e6a4b8b4-00f5-4d72-a933-009b8c72947a of framework 20151219-012848-50331658-5050-16921-0000 from executor(1)@10.0.0.5:44147
I1219 01:34:01.280788 27346 status_update_manager.cpp:317] Received status update TASK_RUNNING (UUID: d234c25c-b09a-4bc0-96d7-c442cf292e69) for task 1450488840017-www-data-devel-job6-0-e6a4b8b4-00f5-4d72-a933-009b8c72947a of framework 20151219-012848-50331658-5050-16921-0000
I1219 01:34:01.280829 27346 status_update_manager.hpp:346] Checkpointing UPDATE for status update TASK_RUNNING (UUID: d234c25c-b09a-4bc0-96d7-c442cf292e69) for task 1450488840017-www-data-devel-job6-0-e6a4b8b4-00f5-4d72-a933-009b8c72947a of framework 20151219-012848-50331658-5050-16921-0000
I1219 01:34:01.284667 27347 slave.cpp:2753] Forwarding the update TASK_RUNNING (UUID: d234c25c-b09a-4bc0-96d7-c442cf292e69) for task 1450488840017-www-data-devel-job6-0-e6a4b8b4-00f5-4d72-a933-009b8c72947a of framework 20151219-012848-50331658-5050-16921-0000 to master@10.0.0.3:5050
I1219 01:34:01.284785 27347 slave.cpp:2686] Sending acknowledgement for status update TASK_RUNNING (UUID: d234c25c-b09a-4bc0-96d7-c442cf292e69) for task 1450488840017-www-data-devel-job6-0-e6a4b8b4-00f5-4d72-a933-009b8c72947a of framework 20151219-012848-50331658-5050-16921-0000 to executor(1)@10.0.0.5:44147
I1219 01:34:01.293562 27350 status_update_manager.cpp:389] Received status update acknowledgement (UUID: d234c25c-b09a-4bc0-96d7-c442cf292e69) for task 1450488840017-www-data-devel-job6-0-e6a4b8b4-00f5-4d72-a933-009b8c72947a of framework 20151219-012848-50331658-5050-16921-0000
I1219 01:34:01.293599 27350 status_update_manager.hpp:346] Checkpointing ACK for status update TASK_RUNNING (UUID: d234c25c-b09a-4bc0-96d7-c442cf292e69) for task 1450488840017-www-data-devel-job6-0-e6a4b8b4-00f5-4d72-a933-009b8c72947a of framework 20151219-012848-50331658-5050-16921-0000
I1219 01:34:03.424624 27347 slave.cpp:2508] Handling status update TASK_FINISHED (UUID: 63ab913a-c835-4ff2-b921-76898f9ea43d) for task 1450488840017-www-data-devel-job6-0-e6a4b8b4-00f5-4d72-a933-009b8c72947a of framework 20151219-012848-50331658-5050-16921-0000 from executor(1)@10.0.0.5:44147
I1219 01:34:03.425169 27344 status_update_manager.cpp:317] Received status update TASK_FINISHED (UUID: 63ab913a-c835-4ff2-b921-76898f9ea43d) for task 1450488840017-www-data-devel-job6-0-e6a4b8b4-00f5-4d72-a933-009b8c72947a of framework 20151219-012848-50331658-5050-16921-0000
I1219 01:34:03.425256 27344 status_update_manager.hpp:346] Checkpointing UPDATE for status update TASK_FINISHED (UUID: 63ab913a-c835-4ff2-b921-76898f9ea43d) for task 1450488840017-www-data-devel-job6-0-e6a4b8b4-00f5-4d72-a933-009b8c72947a of framework 20151219-012848-50331658-5050-16921-0000
I1219 01:34:03.429745 27337 slave.cpp:2753] Forwarding the update TASK_FINISHED (UUID: 63ab913a-c835-4ff2-b921-76898f9ea43d) for task 1450488840017-www-data-devel-job6-0-e6a4b8b4-00f5-4d72-a933-009b8c72947a of framework 20151219-012848-50331658-5050-16921-0000 to master@10.0.0.3:5050
I1219 01:34:03.429838 27337 slave.cpp:2686] Sending acknowledgement for status update TASK_FINISHED (UUID: 63ab913a-c835-4ff2-b921-76898f9ea43d) for task 1450488840017-www-data-devel-job6-0-e6a4b8b4-00f5-4d72-a933-009b8c72947a of framework 20151219-012848-50331658-5050-16921-0000 to executor(1)@10.0.0.5:44147
I1219 01:34:03.439529 27344 status_update_manager.cpp:389] Received status update acknowledgement (UUID: 63ab913a-c835-4ff2-b921-76898f9ea43d) for task 1450488840017-www-data-devel-job6-0-e6a4b8b4-00f5-4d72-a933-009b8c72947a of framework 20151219-012848-50331658-5050-16921-0000
I1219 01:34:03.439566 27344 status_update_manager.hpp:346] Checkpointing ACK for status update TASK_FINISHED (UUID: 63ab913a-c835-4ff2-b921-76898f9ea43d) for task 1450488840017-www-data-devel-job6-0-e6a4b8b4-00f5-4d72-a933-009b8c72947a of framework 20151219-012848-50331658-5050-16921-0000
I1219 01:34:04.267750 27348 slave.cpp:1121] Got assigned task 1450488840030-www-data-devel-job7-0-c15706b7-6006-4e4b-926c-4f286990e9dc for framework 20151219-012848-50331658-5050-16921-0000
I1219 01:34:04.268018 27348 slave.cpp:1231] Launching task 1450488840030-www-data-devel-job7-0-c15706b7-6006-4e4b-926c-4f286990e9dc for framework 20151219-012848-50331658-5050-16921-0000
I1219 01:34:04.272006 27348 slave.cpp:4160] Launching executor thermos-1450488840030-www-data-devel-job7-0-c15706b7-6006-4e4b-926c-4f286990e9dc of framework 20151219-012848-50331658-5050-16921-0000 in work directory '/var/lib/mesos/slave/slaves/20151219-012848-50331658-5050-16921-S1/frameworks/20151219-012848-50331658-5050-16921-0000/executors/thermos-1450488840030-www-data-devel-job7-0-c15706b7-6006-4e4b-926c-4f286990e9dc/runs/5924d502-d5fb-4939-83dc-0d6fd4b4942c'
I1219 01:34:04.272177 27346 containerizer.cpp:472] Starting container '5924d502-d5fb-4939-83dc-0d6fd4b4942c' for executor 'thermos-1450488840030-www-data-devel-job7-0-c15706b7-6006-4e4b-926c-4f286990e9dc' of framework '20151219-012848-50331658-5050-16921-0000'
I1219 01:34:04.273836 27348 slave.cpp:1378] Queuing task '1450488840030-www-data-devel-job7-0-c15706b7-6006-4e4b-926c-4f286990e9dc' for executor thermos-1450488840030-www-data-devel-job7-0-c15706b7-6006-4e4b-926c-4f286990e9dc of framework '20151219-012848-50331658-5050-16921-0000
I1219 01:34:04.273905 27346 launcher.cpp:130] Forked child with pid '28140' for container '5924d502-d5fb-4939-83dc-0d6fd4b4942c'
I1219 01:34:04.274178 27346 containerizer.cpp:682] Checkpointing executor's forked pid 28140 to '/var/lib/mesos/slave/meta/slaves/20151219-012848-50331658-5050-16921-S1/frameworks/20151219-012848-50331658-5050-16921-0000/executors/thermos-1450488840030-www-data-devel-job7-0-c15706b7-6006-4e4b-926c-4f286990e9dc/runs/5924d502-d5fb-4939-83dc-0d6fd4b4942c/pids/forked.pid'
I1219 01:34:04.278766 27335 fetcher.cpp:238] Fetching URIs using command '/usr/libexec/mesos/mesos-fetcher'
I1219 01:34:04.412003 27348 slave.cpp:3135] Monitoring executor 'thermos-1450488840030-www-data-devel-job7-0-c15706b7-6006-4e4b-926c-4f286990e9dc' of framework '20151219-012848-50331658-5050-16921-0000' in container '5924d502-d5fb-4939-83dc-0d6fd4b4942c'
I1219 01:34:04.911667 27349 slave.cpp:2141] Got registration for executor 'thermos-1450488840030-www-data-devel-job7-0-c15706b7-6006-4e4b-926c-4f286990e9dc' of framework 20151219-012848-50331658-5050-16921-0000 from executor(1)@10.0.0.5:47040
I1219 01:34:04.912678 27338 slave.cpp:1532] Sending queued task '1450488840030-www-data-devel-job7-0-c15706b7-6006-4e4b-926c-4f286990e9dc' to executor 'thermos-1450488840030-www-data-devel-job7-0-c15706b7-6006-4e4b-926c-4f286990e9dc' of framework 20151219-012848-50331658-5050-16921-0000
I1219 01:34:04.918161 27343 slave.cpp:2508] Handling status update TASK_STARTING (UUID: 07e0c18e-0db4-4ae4-9705-6a30c63070e2) for task 1450488840030-www-data-devel-job7-0-c15706b7-6006-4e4b-926c-4f286990e9dc of framework 20151219-012848-50331658-5050-16921-0000 from executor(1)@10.0.0.5:47040
I1219 01:34:04.918314 27343 status_update_manager.cpp:317] Received status update TASK_STARTING (UUID: 07e0c18e-0db4-4ae4-9705-6a30c63070e2) for task 1450488840030-www-data-devel-job7-0-c15706b7-6006-4e4b-926c-4f286990e9dc of framework 20151219-012848-50331658-5050-16921-0000
I1219 01:34:04.918632 27343 status_update_manager.hpp:346] Checkpointing UPDATE for status update TASK_STARTING (UUID: 07e0c18e-0db4-4ae4-9705-6a30c63070e2) for task 1450488840030-www-data-devel-job7-0-c15706b7-6006-4e4b-926c-4f286990e9dc of framework 20151219-012848-50331658-5050-16921-0000
I1219 01:34:04.923385 27340 slave.cpp:2753] Forwarding the update TASK_STARTING (UUID: 07e0c18e-0db4-4ae4-9705-6a30c63070e2) for task 1450488840030-www-data-devel-job7-0-c15706b7-6006-4e4b-926c-4f286990e9dc of framework 20151219-012848-50331658-5050-16921-0000 to master@10.0.0.3:5050
I1219 01:34:04.923496 27340 slave.cpp:2686] Sending acknowledgement for status update TASK_STARTING (UUID: 07e0c18e-0db4-4ae4-9705-6a30c63070e2) for task 1450488840030-www-data-devel-job7-0-c15706b7-6006-4e4b-926c-4f286990e9dc of framework 20151219-012848-50331658-5050-16921-0000 to executor(1)@10.0.0.5:47040
I1219 01:34:04.933411 27346 status_update_manager.cpp:389] Received status update acknowledgement (UUID: 07e0c18e-0db4-4ae4-9705-6a30c63070e2) for task 1450488840030-www-data-devel-job7-0-c15706b7-6006-4e4b-926c-4f286990e9dc of framework 20151219-012848-50331658-5050-16921-0000
I1219 01:34:04.933465 27346 status_update_manager.hpp:346] Checkpointing ACK for status update TASK_STARTING (UUID: 07e0c18e-0db4-4ae4-9705-6a30c63070e2) for task 1450488840030-www-data-devel-job7-0-c15706b7-6006-4e4b-926c-4f286990e9dc of framework 20151219-012848-50331658-5050-16921-0000
I1219 01:34:05.500170 27337 slave.cpp:2508] Handling status update TASK_RUNNING (UUID: 020e2c23-a459-4a98-a924-41d0607ed55d) for task 1450488840030-www-data-devel-job7-0-c15706b7-6006-4e4b-926c-4f286990e9dc of framework 20151219-012848-50331658-5050-16921-0000 from executor(1)@10.0.0.5:47040
I1219 01:34:05.500321 27349 status_update_manager.cpp:317] Received status update TASK_RUNNING (UUID: 020e2c23-a459-4a98-a924-41d0607ed55d) for task 1450488840030-www-data-devel-job7-0-c15706b7-6006-4e4b-926c-4f286990e9dc of framework 20151219-012848-50331658-5050-16921-0000
I1219 01:34:05.500387 27349 status_update_manager.hpp:346] Checkpointing UPDATE for status update TASK_RUNNING (UUID: 020e2c23-a459-4a98-a924-41d0607ed55d) for task 1450488840030-www-data-devel-job7-0-c15706b7-6006-4e4b-926c-4f286990e9dc of framework 20151219-012848-50331658-5050-16921-0000
I1219 01:34:05.507010 27338 slave.cpp:2753] Forwarding the update TASK_RUNNING (UUID: 020e2c23-a459-4a98-a924-41d0607ed55d) for task 1450488840030-www-data-devel-job7-0-c15706b7-6006-4e4b-926c-4f286990e9dc of framework 20151219-012848-50331658-5050-16921-0000 to master@10.0.0.3:5050
I1219 01:34:05.507119 27338 slave.cpp:2686] Sending acknowledgement for status update TASK_RUNNING (UUID: 020e2c23-a459-4a98-a924-41d0607ed55d) for task 1450488840030-www-data-devel-job7-0-c15706b7-6006-4e4b-926c-4f286990e9dc of framework 20151219-012848-50331658-5050-16921-0000 to executor(1)@10.0.0.5:47040
I1219 01:34:05.515904 27336 status_update_manager.cpp:389] Received status update acknowledgement (UUID: 020e2c23-a459-4a98-a924-41d0607ed55d) for task 1450488840030-www-data-devel-job7-0-c15706b7-6006-4e4b-926c-4f286990e9dc of framework 20151219-012848-50331658-5050-16921-0000
I1219 01:34:05.515979 27336 status_update_manager.hpp:346] Checkpointing ACK for status update TASK_RUNNING (UUID: 020e2c23-a459-4a98-a924-41d0607ed55d) for task 1450488840030-www-data-devel-job7-0-c15706b7-6006-4e4b-926c-4f286990e9dc of framework 20151219-012848-50331658-5050-16921-0000
I1219 01:34:08.530362 27337 containerizer.cpp:1111] Executor for container '8b8ad01d-f37f-4e1c-826e-40bd44784c0f' has exited
I1219 01:34:08.530448 27337 containerizer.cpp:906] Destroying container '8b8ad01d-f37f-4e1c-826e-40bd44784c0f'
I1219 01:34:08.531781 27344 slave.cpp:3193] Executor 'thermos-1450488840017-www-data-devel-job6-0-e6a4b8b4-00f5-4d72-a933-009b8c72947a' of framework 20151219-012848-50331658-5050-16921-0000 exited with status 0
I1219 01:34:08.531889 27344 slave.cpp:3302] Cleaning up executor 'thermos-1450488840017-www-data-devel-job6-0-e6a4b8b4-00f5-4d72-a933-009b8c72947a' of framework 20151219-012848-50331658-5050-16921-0000
I1219 01:34:08.532167 27336 gc.cpp:56] Scheduling '/var/lib/mesos/slave/slaves/20151219-012848-50331658-5050-16921-S1/frameworks/20151219-012848-50331658-5050-16921-0000/executors/thermos-1450488840017-www-data-devel-job6-0-e6a4b8b4-00f5-4d72-a933-009b8c72947a/runs/8b8ad01d-f37f-4e1c-826e-40bd44784c0f' for gc 6.99999384107556days in the future
I1219 01:34:08.532318 27336 gc.cpp:56] Scheduling '/var/lib/mesos/slave/slaves/20151219-012848-50331658-5050-16921-S1/frameworks/20151219-012848-50331658-5050-16921-0000/executors/thermos-1450488840017-www-data-devel-job6-0-e6a4b8b4-00f5-4d72-a933-009b8c72947a' for gc 6.99999384018667days in the future
I1219 01:34:08.532354 27336 gc.cpp:56] Scheduling '/var/lib/mesos/slave/meta/slaves/20151219-012848-50331658-5050-16921-S1/frameworks/20151219-012848-50331658-5050-16921-0000/executors/thermos-1450488840017-www-data-devel-job6-0-e6a4b8b4-00f5-4d72-a933-009b8c72947a/runs/8b8ad01d-f37f-4e1c-826e-40bd44784c0f' for gc 6.99999383934222days in the future
I1219 01:34:08.532372 27336 gc.cpp:56] Scheduling '/var/lib/mesos/slave/meta/slaves/20151219-012848-50331658-5050-16921-S1/frameworks/20151219-012848-50331658-5050-16921-0000/executors/thermos-1450488840017-www-data-devel-job6-0-e6a4b8b4-00f5-4d72-a933-009b8c72947a' for gc 6.99999383874074days in the future
I1219 01:34:12.653705 27343 slave.cpp:2508] Handling status update TASK_FINISHED (UUID: 2081d436-e0bf-45a9-a3ee-a8560ba812f4) for task 1450488840030-www-data-devel-job7-0-c15706b7-6006-4e4b-926c-4f286990e9dc of framework 20151219-012848-50331658-5050-16921-0000 from executor(1)@10.0.0.5:47040
I1219 01:34:12.654616 27336 status_update_manager.cpp:317] Received status update TASK_FINISHED (UUID: 2081d436-e0bf-45a9-a3ee-a8560ba812f4) for task 1450488840030-www-data-devel-job7-0-c15706b7-6006-4e4b-926c-4f286990e9dc of framework 20151219-012848-50331658-5050-16921-0000
I1219 01:34:12.654654 27336 status_update_manager.hpp:346] Checkpointing UPDATE for status update TASK_FINISHED (UUID: 2081d436-e0bf-45a9-a3ee-a8560ba812f4) for task 1450488840030-www-data-devel-job7-0-c15706b7-6006-4e4b-926c-4f286990e9dc of framework 20151219-012848-50331658-5050-16921-0000
I1219 01:34:12.658869 27343 slave.cpp:2753] Forwarding the update TASK_FINISHED (UUID: 2081d436-e0bf-45a9-a3ee-a8560ba812f4) for task 1450488840030-www-data-devel-job7-0-c15706b7-6006-4e4b-926c-4f286990e9dc of framework 20151219-012848-50331658-5050-16921-0000 to master@10.0.0.3:5050
I1219 01:34:12.659088 27343 slave.cpp:2686] Sending acknowledgement for status update TASK_FINISHED (UUID: 2081d436-e0bf-45a9-a3ee-a8560ba812f4) for task 1450488840030-www-data-devel-job7-0-c15706b7-6006-4e4b-926c-4f286990e9dc of framework 20151219-012848-50331658-5050-16921-0000 to executor(1)@10.0.0.5:47040
I1219 01:34:12.670980 27339 status_update_manager.cpp:389] Received status update acknowledgement (UUID: 2081d436-e0bf-45a9-a3ee-a8560ba812f4) for task 1450488840030-www-data-devel-job7-0-c15706b7-6006-4e4b-926c-4f286990e9dc of framework 20151219-012848-50331658-5050-16921-0000
I1219 01:34:12.671054 27339 status_update_manager.hpp:346] Checkpointing ACK for status update TASK_FINISHED (UUID: 2081d436-e0bf-45a9-a3ee-a8560ba812f4) for task 1450488840030-www-data-devel-job7-0-c15706b7-6006-4e4b-926c-4f286990e9dc of framework 20151219-012848-50331658-5050-16921-0000
I1219 01:34:16.578853 27336 slave.cpp:1121] Got assigned task 1450488840066-www-data-devel-job10-0-e4e4d862-8373-4643-986d-eafd787695a3 for framework 20151219-012848-50331658-5050-16921-0000
I1219 01:34:16.579167 27336 slave.cpp:1231] Launching task 1450488840066-www-data-devel-job10-0-e4e4d862-8373-4643-986d-eafd787695a3 for framework 20151219-012848-50331658-5050-16921-0000
I1219 01:34:16.581197 27336 slave.cpp:4160] Launching executor thermos-1450488840066-www-data-devel-job10-0-e4e4d862-8373-4643-986d-eafd787695a3 of framework 20151219-012848-50331658-5050-16921-0000 in work directory '/var/lib/mesos/slave/slaves/20151219-012848-50331658-5050-16921-S1/frameworks/20151219-012848-50331658-5050-16921-0000/executors/thermos-1450488840066-www-data-devel-job10-0-e4e4d862-8373-4643-986d-eafd787695a3/runs/5cea732a-c10a-41e1-9b6c-cee1e83b3aec'
I1219 01:34:16.581449 27349 containerizer.cpp:472] Starting container '5cea732a-c10a-41e1-9b6c-cee1e83b3aec' for executor 'thermos-1450488840066-www-data-devel-job10-0-e4e4d862-8373-4643-986d-eafd787695a3' of framework '20151219-012848-50331658-5050-16921-0000'
I1219 01:34:16.584749 27336 slave.cpp:1378] Queuing task '1450488840066-www-data-devel-job10-0-e4e4d862-8373-4643-986d-eafd787695a3' for executor thermos-1450488840066-www-data-devel-job10-0-e4e4d862-8373-4643-986d-eafd787695a3 of framework '20151219-012848-50331658-5050-16921-0000
I1219 01:34:16.584877 27349 launcher.cpp:130] Forked child with pid '28197' for container '5cea732a-c10a-41e1-9b6c-cee1e83b3aec'
I1219 01:34:16.585145 27349 containerizer.cpp:682] Checkpointing executor's forked pid 28197 to '/var/lib/mesos/slave/meta/slaves/20151219-012848-50331658-5050-16921-S1/frameworks/20151219-012848-50331658-5050-16921-0000/executors/thermos-1450488840066-www-data-devel-job10-0-e4e4d862-8373-4643-986d-eafd787695a3/runs/5cea732a-c10a-41e1-9b6c-cee1e83b3aec/pids/forked.pid'
I1219 01:34:16.589556 27341 fetcher.cpp:238] Fetching URIs using command '/usr/libexec/mesos/mesos-fetcher'
I1219 01:34:16.670871 27349 slave.cpp:3135] Monitoring executor 'thermos-1450488840066-www-data-devel-job10-0-e4e4d862-8373-4643-986d-eafd787695a3' of framework '20151219-012848-50331658-5050-16921-0000' in container '5cea732a-c10a-41e1-9b6c-cee1e83b3aec'
I1219 01:34:17.169515 27349 slave.cpp:2141] Got registration for executor 'thermos-1450488840066-www-data-devel-job10-0-e4e4d862-8373-4643-986d-eafd787695a3' of framework 20151219-012848-50331658-5050-16921-0000 from executor(1)@10.0.0.5:53444
I1219 01:34:17.170465 27344 slave.cpp:1532] Sending queued task '1450488840066-www-data-devel-job10-0-e4e4d862-8373-4643-986d-eafd787695a3' to executor 'thermos-1450488840066-www-data-devel-job10-0-e4e4d862-8373-4643-986d-eafd787695a3' of framework 20151219-012848-50331658-5050-16921-0000
I1219 01:34:17.176230 27338 slave.cpp:2508] Handling status update TASK_STARTING (UUID: 0d9f6a39-44ed-4b12-be0e-f2d63cde5a79) for task 1450488840066-www-data-devel-job10-0-e4e4d862-8373-4643-986d-eafd787695a3 of framework 20151219-012848-50331658-5050-16921-0000 from executor(1)@10.0.0.5:53444
I1219 01:34:17.176394 27336 status_update_manager.cpp:317] Received status update TASK_STARTING (UUID: 0d9f6a39-44ed-4b12-be0e-f2d63cde5a79) for task 1450488840066-www-data-devel-job10-0-e4e4d862-8373-4643-986d-eafd787695a3 of framework 20151219-012848-50331658-5050-16921-0000
I1219 01:34:17.176746 27336 status_update_manager.hpp:346] Checkpointing UPDATE for status update TASK_STARTING (UUID: 0d9f6a39-44ed-4b12-be0e-f2d63cde5a79) for task 1450488840066-www-data-devel-job10-0-e4e4d862-8373-4643-986d-eafd787695a3 of framework 20151219-012848-50331658-5050-16921-0000
I1219 01:34:17.180812 27345 slave.cpp:2753] Forwarding the update TASK_STARTING (UUID: 0d9f6a39-44ed-4b12-be0e-f2d63cde5a79) for task 1450488840066-www-data-devel-job10-0-e4e4d862-8373-4643-986d-eafd787695a3 of framework 20151219-012848-50331658-5050-16921-0000 to master@10.0.0.3:5050
I1219 01:34:17.180938 27345 slave.cpp:2686] Sending acknowledgement for status update TASK_STARTING (UUID: 0d9f6a39-44ed-4b12-be0e-f2d63cde5a79) for task 1450488840066-www-data-devel-job10-0-e4e4d862-8373-4643-986d-eafd787695a3 of framework 20151219-012848-50331658-5050-16921-0000 to executor(1)@10.0.0.5:53444
I1219 01:34:17.190292 27338 status_update_manager.cpp:389] Received status update acknowledgement (UUID: 0d9f6a39-44ed-4b12-be0e-f2d63cde5a79) for task 1450488840066-www-data-devel-job10-0-e4e4d862-8373-4643-986d-eafd787695a3 of framework 20151219-012848-50331658-5050-16921-0000
I1219 01:34:17.190343 27338 status_update_manager.hpp:346] Checkpointing ACK for status update TASK_STARTING (UUID: 0d9f6a39-44ed-4b12-be0e-f2d63cde5a79) for task 1450488840066-www-data-devel-job10-0-e4e4d862-8373-4643-986d-eafd787695a3 of framework 20151219-012848-50331658-5050-16921-0000
I1219 01:34:17.756873 27341 slave.cpp:2508] Handling status update TASK_RUNNING (UUID: 945162c0-cc96-43ec-9b58-e928adb4d331) for task 1450488840066-www-data-devel-job10-0-e4e4d862-8373-4643-986d-eafd787695a3 of framework 20151219-012848-50331658-5050-16921-0000 from executor(1)@10.0.0.5:53444
I1219 01:34:17.757027 27340 status_update_manager.cpp:317] Received status update TASK_RUNNING (UUID: 945162c0-cc96-43ec-9b58-e928adb4d331) for task 1450488840066-www-data-devel-job10-0-e4e4d862-8373-4643-986d-eafd787695a3 of framework 20151219-012848-50331658-5050-16921-0000
I1219 01:34:17.757091 27340 status_update_manager.hpp:346] Checkpointing UPDATE for status update TASK_RUNNING (UUID: 945162c0-cc96-43ec-9b58-e928adb4d331) for task 1450488840066-www-data-devel-job10-0-e4e4d862-8373-4643-986d-eafd787695a3 of framework 20151219-012848-50331658-5050-16921-0000
I1219 01:34:17.763789 27341 slave.cpp:2753] Forwarding the update TASK_RUNNING (UUID: 945162c0-cc96-43ec-9b58-e928adb4d331) for task 1450488840066-www-data-devel-job10-0-e4e4d862-8373-4643-986d-eafd787695a3 of framework 20151219-012848-50331658-5050-16921-0000 to master@10.0.0.3:5050
I1219 01:34:17.763901 27341 slave.cpp:2686] Sending acknowledgement for status update TASK_RUNNING (UUID: 945162c0-cc96-43ec-9b58-e928adb4d331) for task 1450488840066-www-data-devel-job10-0-e4e4d862-8373-4643-986d-eafd787695a3 of framework 20151219-012848-50331658-5050-16921-0000 to executor(1)@10.0.0.5:53444
I1219 01:34:17.774153 27346 status_update_manager.cpp:389] Received status update acknowledgement (UUID: 945162c0-cc96-43ec-9b58-e928adb4d331) for task 1450488840066-www-data-devel-job10-0-e4e4d862-8373-4643-986d-eafd787695a3 of framework 20151219-012848-50331658-5050-16921-0000
I1219 01:34:17.774194 27346 status_update_manager.hpp:346] Checkpointing ACK for status update TASK_RUNNING (UUID: 945162c0-cc96-43ec-9b58-e928adb4d331) for task 1450488840066-www-data-devel-job10-0-e4e4d862-8373-4643-986d-eafd787695a3 of framework 20151219-012848-50331658-5050-16921-0000
I1219 01:34:17.776409 27349 containerizer.cpp:1111] Executor for container '5924d502-d5fb-4939-83dc-0d6fd4b4942c' has exited
I1219 01:34:17.776478 27349 containerizer.cpp:906] Destroying container '5924d502-d5fb-4939-83dc-0d6fd4b4942c'
I1219 01:34:17.777864 27340 slave.cpp:3193] Executor 'thermos-1450488840030-www-data-devel-job7-0-c15706b7-6006-4e4b-926c-4f286990e9dc' of framework 20151219-012848-50331658-5050-16921-0000 exited with status 0
I1219 01:34:17.777979 27340 slave.cpp:3302] Cleaning up executor 'thermos-1450488840030-www-data-devel-job7-0-c15706b7-6006-4e4b-926c-4f286990e9dc' of framework 20151219-012848-50331658-5050-16921-0000
I1219 01:34:17.778203 27342 gc.cpp:56] Scheduling '/var/lib/mesos/slave/slaves/20151219-012848-50331658-5050-16921-S1/frameworks/20151219-012848-50331658-5050-16921-0000/executors/thermos-1450488840030-www-data-devel-job7-0-c15706b7-6006-4e4b-926c-4f286990e9dc/runs/5924d502-d5fb-4939-83dc-0d6fd4b4942c' for gc 6.9999909935763days in the future
I1219 01:34:17.778254 27342 gc.cpp:56] Scheduling '/var/lib/mesos/slave/slaves/20151219-012848-50331658-5050-16921-S1/frameworks/20151219-012848-50331658-5050-16921-0000/executors/thermos-1450488840030-www-data-devel-job7-0-c15706b7-6006-4e4b-926c-4f286990e9dc' for gc 6.99999099266074days in the future
I1219 01:34:17.778345 27350 gc.cpp:56] Scheduling '/var/lib/mesos/slave/meta/slaves/20151219-012848-50331658-5050-16921-S1/frameworks/20151219-012848-50331658-5050-16921-0000/executors/thermos-1450488840030-www-data-devel-job7-0-c15706b7-6006-4e4b-926c-4f286990e9dc/runs/5924d502-d5fb-4939-83dc-0d6fd4b4942c' for gc 6.9999909918963days in the future
I1219 01:34:17.778456 27350 gc.cpp:56] Scheduling '/var/lib/mesos/slave/meta/slaves/20151219-012848-50331658-5050-16921-S1/frameworks/20151219-012848-50331658-5050-16921-0000/executors/thermos-1450488840030-www-data-devel-job7-0-c15706b7-6006-4e4b-926c-4f286990e9dc' for gc 6.99999099111111days in the future
I1219 01:34:21.902393 27343 slave.cpp:2508] Handling status update TASK_FINISHED (UUID: 7806d316-b8d3-4598-841e-df67a2b106ef) for task 1450488840066-www-data-devel-job10-0-e4e4d862-8373-4643-986d-eafd787695a3 of framework 20151219-012848-50331658-5050-16921-0000 from executor(1)@10.0.0.5:53444
I1219 01:34:21.903326 27349 status_update_manager.cpp:317] Received status update TASK_FINISHED (UUID: 7806d316-b8d3-4598-841e-df67a2b106ef) for task 1450488840066-www-data-devel-job10-0-e4e4d862-8373-4643-986d-eafd787695a3 of framework 20151219-012848-50331658-5050-16921-0000
I1219 01:34:21.903369 27349 status_update_manager.hpp:346] Checkpointing UPDATE for status update TASK_FINISHED (UUID: 7806d316-b8d3-4598-841e-df67a2b106ef) for task 1450488840066-www-data-devel-job10-0-e4e4d862-8373-4643-986d-eafd787695a3 of framework 20151219-012848-50331658-5050-16921-0000
I1219 01:34:21.907905 27349 slave.cpp:2753] Forwarding the update TASK_FINISHED (UUID: 7806d316-b8d3-4598-841e-df67a2b106ef) for task 1450488840066-www-data-devel-job10-0-e4e4d862-8373-4643-986d-eafd787695a3 of framework 20151219-012848-50331658-5050-16921-0000 to master@10.0.0.3:5050
I1219 01:34:21.907999 27349 slave.cpp:2686] Sending acknowledgement for status update TASK_FINISHED (UUID: 7806d316-b8d3-4598-841e-df67a2b106ef) for task 1450488840066-www-data-devel-job10-0-e4e4d862-8373-4643-986d-eafd787695a3 of framework 20151219-012848-50331658-5050-16921-0000 to executor(1)@10.0.0.5:53444
I1219 01:34:21.920478 27342 status_update_manager.cpp:389] Received status update acknowledgement (UUID: 7806d316-b8d3-4598-841e-df67a2b106ef) for task 1450488840066-www-data-devel-job10-0-e4e4d862-8373-4643-986d-eafd787695a3 of framework 20151219-012848-50331658-5050-16921-0000
I1219 01:34:21.920559 27342 status_update_manager.hpp:346] Checkpointing ACK for status update TASK_FINISHED (UUID: 7806d316-b8d3-4598-841e-df67a2b106ef) for task 1450488840066-www-data-devel-job10-0-e4e4d862-8373-4643-986d-eafd787695a3 of framework 20151219-012848-50331658-5050-16921-0000
I1219 01:34:27.019989 27338 containerizer.cpp:1111] Executor for container '5cea732a-c10a-41e1-9b6c-cee1e83b3aec' has exited
I1219 01:34:27.020099 27338 containerizer.cpp:906] Destroying container '5cea732a-c10a-41e1-9b6c-cee1e83b3aec'
I1219 01:34:27.023054 27345 slave.cpp:3193] Executor 'thermos-1450488840066-www-data-devel-job10-0-e4e4d862-8373-4643-986d-eafd787695a3' of framework 20151219-012848-50331658-5050-16921-0000 exited with status 0
I1219 01:34:27.023243 27345 slave.cpp:3302] Cleaning up executor 'thermos-1450488840066-www-data-devel-job10-0-e4e4d862-8373-4643-986d-eafd787695a3' of framework 20151219-012848-50331658-5050-16921-0000
I1219 01:34:27.023561 27338 gc.cpp:56] Scheduling '/var/lib/mesos/slave/slaves/20151219-012848-50331658-5050-16921-S1/frameworks/20151219-012848-50331658-5050-16921-0000/executors/thermos-1450488840066-www-data-devel-job10-0-e4e4d862-8373-4643-986d-eafd787695a3/runs/5cea732a-c10a-41e1-9b6c-cee1e83b3aec' for gc 6.99999972788148days in the future
I1219 01:34:27.023632 27338 gc.cpp:56] Scheduling '/var/lib/mesos/slave/slaves/20151219-012848-50331658-5050-16921-S1/frameworks/20151219-012848-50331658-5050-16921-0000/executors/thermos-1450488840066-www-data-devel-job10-0-e4e4d862-8373-4643-986d-eafd787695a3' for gc 6.99999972698074days in the future
I1219 01:34:27.023702 27338 gc.cpp:56] Scheduling '/var/lib/mesos/slave/meta/slaves/20151219-012848-50331658-5050-16921-S1/frameworks/20151219-012848-50331658-5050-16921-0000/executors/thermos-1450488840066-www-data-devel-job10-0-e4e4d862-8373-4643-986d-eafd787695a3/runs/5cea732a-c10a-41e1-9b6c-cee1e83b3aec' for gc 6.99999972630815days in the future
I1219 01:34:27.023716 27345 slave.cpp:3381] Cleaning up framework 20151219-012848-50331658-5050-16921-0000
I1219 01:34:27.023775 27338 gc.cpp:56] Scheduling '/var/lib/mesos/slave/meta/slaves/20151219-012848-50331658-5050-16921-S1/frameworks/20151219-012848-50331658-5050-16921-0000/executors/thermos-1450488840066-www-data-devel-job10-0-e4e4d862-8373-4643-986d-eafd787695a3' for gc 6.99999972563556days in the future
I1219 01:34:27.023919 27341 status_update_manager.cpp:279] Closing status update streams for framework 20151219-012848-50331658-5050-16921-0000
I1219 01:34:27.023972 27338 gc.cpp:56] Scheduling '/var/lib/mesos/slave/slaves/20151219-012848-50331658-5050-16921-S1/frameworks/20151219-012848-50331658-5050-16921-0000' for gc 6.99999972291556days in the future
I1219 01:34:27.024022 27338 gc.cpp:56] Scheduling '/var/lib/mesos/slave/meta/slaves/20151219-012848-50331658-5050-16921-S1/frameworks/20151219-012848-50331658-5050-16921-0000' for gc 6.99999972244148days in the future
I1219 01:34:38.897539 27336 slave.cpp:1121] Got assigned task 1450488878860-www-data-devel-job5-0-a6434e5f-3af8-4dd2-b4fb-737385a6e602 for framework 20151219-012848-50331658-5050-16921-0000
I1219 01:34:38.898962 27336 gc.cpp:84] Unscheduling '/var/lib/mesos/slave/slaves/20151219-012848-50331658-5050-16921-S1/frameworks/20151219-012848-50331658-5050-16921-0000' from gc
I1219 01:34:38.899047 27336 gc.cpp:84] Unscheduling '/var/lib/mesos/slave/meta/slaves/20151219-012848-50331658-5050-16921-S1/frameworks/20151219-012848-50331658-5050-16921-0000' from gc
I1219 01:34:38.899147 27338 slave.cpp:1231] Launching task 1450488878860-www-data-devel-job5-0-a6434e5f-3af8-4dd2-b4fb-737385a6e602 for framework 20151219-012848-50331658-5050-16921-0000
I1219 01:34:38.901628 27338 slave.cpp:4160] Launching executor thermos-1450488878860-www-data-devel-job5-0-a6434e5f-3af8-4dd2-b4fb-737385a6e602 of framework 20151219-012848-50331658-5050-16921-0000 in work directory '/var/lib/mesos/slave/slaves/20151219-012848-50331658-5050-16921-S1/frameworks/20151219-012848-50331658-5050-16921-0000/executors/thermos-1450488878860-www-data-devel-job5-0-a6434e5f-3af8-4dd2-b4fb-737385a6e602/runs/a602620c-e474-4a5f-844b-c17812fd824a'
I1219 01:34:38.901824 27336 containerizer.cpp:472] Starting container 'a602620c-e474-4a5f-844b-c17812fd824a' for executor 'thermos-1450488878860-www-data-devel-job5-0-a6434e5f-3af8-4dd2-b4fb-737385a6e602' of framework '20151219-012848-50331658-5050-16921-0000'
I1219 01:34:38.902341 27338 slave.cpp:1378] Queuing task '1450488878860-www-data-devel-job5-0-a6434e5f-3af8-4dd2-b4fb-737385a6e602' for executor thermos-1450488878860-www-data-devel-job5-0-a6434e5f-3af8-4dd2-b4fb-737385a6e602 of framework '20151219-012848-50331658-5050-16921-0000
I1219 01:34:38.903003 27345 launcher.cpp:130] Forked child with pid '28254' for container 'a602620c-e474-4a5f-844b-c17812fd824a'
I1219 01:34:38.903254 27345 containerizer.cpp:682] Checkpointing executor's forked pid 28254 to '/var/lib/mesos/slave/meta/slaves/20151219-012848-50331658-5050-16921-S1/frameworks/20151219-012848-50331658-5050-16921-0000/executors/thermos-1450488878860-www-data-devel-job5-0-a6434e5f-3af8-4dd2-b4fb-737385a6e602/runs/a602620c-e474-4a5f-844b-c17812fd824a/pids/forked.pid'
I1219 01:34:38.906834 27335 fetcher.cpp:238] Fetching URIs using command '/usr/libexec/mesos/mesos-fetcher'
I1219 01:34:38.973193 27345 slave.cpp:3135] Monitoring executor 'thermos-1450488878860-www-data-devel-job5-0-a6434e5f-3af8-4dd2-b4fb-737385a6e602' of framework '20151219-012848-50331658-5050-16921-0000' in container 'a602620c-e474-4a5f-844b-c17812fd824a'
I1219 01:34:39.456923 27341 slave.cpp:2141] Got registration for executor 'thermos-1450488878860-www-data-devel-job5-0-a6434e5f-3af8-4dd2-b4fb-737385a6e602' of framework 20151219-012848-50331658-5050-16921-0000 from executor(1)@10.0.0.5:37223
I1219 01:34:39.458014 27346 slave.cpp:1532] Sending queued task '1450488878860-www-data-devel-job5-0-a6434e5f-3af8-4dd2-b4fb-737385a6e602' to executor 'thermos-1450488878860-www-data-devel-job5-0-a6434e5f-3af8-4dd2-b4fb-737385a6e602' of framework 20151219-012848-50331658-5050-16921-0000
I1219 01:34:39.463486 27338 slave.cpp:2508] Handling status update TASK_STARTING (UUID: f3a4ac68-f22a-47db-8ca9-32ccaa45ad2a) for task 1450488878860-www-data-devel-job5-0-a6434e5f-3af8-4dd2-b4fb-737385a6e602 of framework 20151219-012848-50331658-5050-16921-0000 from executor(1)@10.0.0.5:37223
I1219 01:34:39.463636 27343 status_update_manager.cpp:317] Received status update TASK_STARTING (UUID: f3a4ac68-f22a-47db-8ca9-32ccaa45ad2a) for task 1450488878860-www-data-devel-job5-0-a6434e5f-3af8-4dd2-b4fb-737385a6e602 of framework 20151219-012848-50331658-5050-16921-0000
I1219 01:34:39.463970 27343 status_update_manager.hpp:346] Checkpointing UPDATE for status update TASK_STARTING (UUID: f3a4ac68-f22a-47db-8ca9-32ccaa45ad2a) for task 1450488878860-www-data-devel-job5-0-a6434e5f-3af8-4dd2-b4fb-737385a6e602 of framework 20151219-012848-50331658-5050-16921-0000
I1219 01:34:39.468801 27338 slave.cpp:2753] Forwarding the update TASK_STARTING (UUID: f3a4ac68-f22a-47db-8ca9-32ccaa45ad2a) for task 1450488878860-www-data-devel-job5-0-a6434e5f-3af8-4dd2-b4fb-737385a6e602 of framework 20151219-012848-50331658-5050-16921-0000 to master@10.0.0.3:5050
I1219 01:34:39.468912 27338 slave.cpp:2686] Sending acknowledgement for status update TASK_STARTING (UUID: f3a4ac68-f22a-47db-8ca9-32ccaa45ad2a) for task 1450488878860-www-data-devel-job5-0-a6434e5f-3af8-4dd2-b4fb-737385a6e602 of framework 20151219-012848-50331658-5050-16921-0000 to executor(1)@10.0.0.5:37223
I1219 01:34:39.480196 27337 status_update_manager.cpp:389] Received status update acknowledgement (UUID: f3a4ac68-f22a-47db-8ca9-32ccaa45ad2a) for task 1450488878860-www-data-devel-job5-0-a6434e5f-3af8-4dd2-b4fb-737385a6e602 of framework 20151219-012848-50331658-5050-16921-0000
I1219 01:34:39.480255 27337 status_update_manager.hpp:346] Checkpointing ACK for status update TASK_STARTING (UUID: f3a4ac68-f22a-47db-8ca9-32ccaa45ad2a) for task 1450488878860-www-data-devel-job5-0-a6434e5f-3af8-4dd2-b4fb-737385a6e602 of framework 20151219-012848-50331658-5050-16921-0000
I1219 01:34:40.043822 27337 slave.cpp:2508] Handling status update TASK_RUNNING (UUID: 0119cfd2-59eb-43d5-95d9-c82dccb87867) for task 1450488878860-www-data-devel-job5-0-a6434e5f-3af8-4dd2-b4fb-737385a6e602 of framework 20151219-012848-50331658-5050-16921-0000 from executor(1)@10.0.0.5:37223
I1219 01:34:40.043988 27345 status_update_manager.cpp:317] Received status update TASK_RUNNING (UUID: 0119cfd2-59eb-43d5-95d9-c82dccb87867) for task 1450488878860-www-data-devel-job5-0-a6434e5f-3af8-4dd2-b4fb-737385a6e602 of framework 20151219-012848-50331658-5050-16921-0000
I1219 01:34:40.044051 27345 status_update_manager.hpp:346] Checkpointing UPDATE for status update TASK_RUNNING (UUID: 0119cfd2-59eb-43d5-95d9-c82dccb87867) for task 1450488878860-www-data-devel-job5-0-a6434e5f-3af8-4dd2-b4fb-737385a6e602 of framework 20151219-012848-50331658-5050-16921-0000
I1219 01:34:40.048210 27348 slave.cpp:2753] Forwarding the update TASK_RUNNING (UUID: 0119cfd2-59eb-43d5-95d9-c82dccb87867) for task 1450488878860-www-data-devel-job5-0-a6434e5f-3af8-4dd2-b4fb-737385a6e602 of framework 20151219-012848-50331658-5050-16921-0000 to master@10.0.0.3:5050
I1219 01:34:40.048331 27348 slave.cpp:2686] Sending acknowledgement for status update TASK_RUNNING (UUID: 0119cfd2-59eb-43d5-95d9-c82dccb87867) for task 1450488878860-www-data-devel-job5-0-a6434e5f-3af8-4dd2-b4fb-737385a6e602 of framework 20151219-012848-50331658-5050-16921-0000 to executor(1)@10.0.0.5:37223
I1219 01:34:40.058744 27345 status_update_manager.cpp:389] Received status update acknowledgement (UUID: 0119cfd2-59eb-43d5-95d9-c82dccb87867) for task 1450488878860-www-data-devel-job5-0-a6434e5f-3af8-4dd2-b4fb-737385a6e602 of framework 20151219-012848-50331658-5050-16921-0000
I1219 01:34:40.058814 27345 status_update_manager.hpp:346] Checkpointing ACK for status update TASK_RUNNING (UUID: 0119cfd2-59eb-43d5-95d9-c82dccb87867) for task 1450488878860-www-data-devel-job5-0-a6434e5f-3af8-4dd2-b4fb-737385a6e602 of framework 20151219-012848-50331658-5050-16921-0000
I1219 01:34:47.106462 27338 slave.cpp:1121] Got assigned task 1450488878876-www-data-devel-job9-0-1b298847-ca2c-4f80-bf41-9489c36cdb7d for framework 20151219-012848-50331658-5050-16921-0000
I1219 01:34:47.106859 27338 slave.cpp:1231] Launching task 1450488878876-www-data-devel-job9-0-1b298847-ca2c-4f80-bf41-9489c36cdb7d for framework 20151219-012848-50331658-5050-16921-0000
I1219 01:34:47.110034 27338 slave.cpp:4160] Launching executor thermos-1450488878876-www-data-devel-job9-0-1b298847-ca2c-4f80-bf41-9489c36cdb7d of framework 20151219-012848-50331658-5050-16921-0000 in work directory '/var/lib/mesos/slave/slaves/20151219-012848-50331658-5050-16921-S1/frameworks/20151219-012848-50331658-5050-16921-0000/executors/thermos-1450488878876-www-data-devel-job9-0-1b298847-ca2c-4f80-bf41-9489c36cdb7d/runs/6beab1ea-b277-4da2-ade6-da5ddb28e569'
I1219 01:34:47.110246 27342 containerizer.cpp:472] Starting container '6beab1ea-b277-4da2-ade6-da5ddb28e569' for executor 'thermos-1450488878876-www-data-devel-job9-0-1b298847-ca2c-4f80-bf41-9489c36cdb7d' of framework '20151219-012848-50331658-5050-16921-0000'
I1219 01:34:47.111876 27341 launcher.cpp:130] Forked child with pid '28307' for container '6beab1ea-b277-4da2-ade6-da5ddb28e569'
I1219 01:34:47.112393 27338 slave.cpp:1378] Queuing task '1450488878876-www-data-devel-job9-0-1b298847-ca2c-4f80-bf41-9489c36cdb7d' for executor thermos-1450488878876-www-data-devel-job9-0-1b298847-ca2c-4f80-bf41-9489c36cdb7d of framework '20151219-012848-50331658-5050-16921-0000
I1219 01:34:47.112401 27341 containerizer.cpp:682] Checkpointing executor's forked pid 28307 to '/var/lib/mesos/slave/meta/slaves/20151219-012848-50331658-5050-16921-S1/frameworks/20151219-012848-50331658-5050-16921-0000/executors/thermos-1450488878876-www-data-devel-job9-0-1b298847-ca2c-4f80-bf41-9489c36cdb7d/runs/6beab1ea-b277-4da2-ade6-da5ddb28e569/pids/forked.pid'
I1219 01:34:47.117274 27343 fetcher.cpp:238] Fetching URIs using command '/usr/libexec/mesos/mesos-fetcher'
I1219 01:34:47.211827 27350 slave.cpp:3135] Monitoring executor 'thermos-1450488878876-www-data-devel-job9-0-1b298847-ca2c-4f80-bf41-9489c36cdb7d' of framework '20151219-012848-50331658-5050-16921-0000' in container '6beab1ea-b277-4da2-ade6-da5ddb28e569'
I1219 01:34:47.705767 27345 slave.cpp:2141] Got registration for executor 'thermos-1450488878876-www-data-devel-job9-0-1b298847-ca2c-4f80-bf41-9489c36cdb7d' of framework 20151219-012848-50331658-5050-16921-0000 from executor(1)@10.0.0.5:44003
I1219 01:34:47.706746 27337 slave.cpp:1532] Sending queued task '1450488878876-www-data-devel-job9-0-1b298847-ca2c-4f80-bf41-9489c36cdb7d' to executor 'thermos-1450488878876-www-data-devel-job9-0-1b298847-ca2c-4f80-bf41-9489c36cdb7d' of framework 20151219-012848-50331658-5050-16921-0000
I1219 01:34:47.712245 27346 slave.cpp:2508] Handling status update TASK_STARTING (UUID: 4345400b-7420-4832-ba36-c431c09882ae) for task 1450488878876-www-data-devel-job9-0-1b298847-ca2c-4f80-bf41-9489c36cdb7d of framework 20151219-012848-50331658-5050-16921-0000 from executor(1)@10.0.0.5:44003
I1219 01:34:47.712383 27345 status_update_manager.cpp:317] Received status update TASK_STARTING (UUID: 4345400b-7420-4832-ba36-c431c09882ae) for task 1450488878876-www-data-devel-job9-0-1b298847-ca2c-4f80-bf41-9489c36cdb7d of framework 20151219-012848-50331658-5050-16921-0000
I1219 01:34:47.712702 27345 status_update_manager.hpp:346] Checkpointing UPDATE for status update TASK_STARTING (UUID: 4345400b-7420-4832-ba36-c431c09882ae) for task 1450488878876-www-data-devel-job9-0-1b298847-ca2c-4f80-bf41-9489c36cdb7d of framework 20151219-012848-50331658-5050-16921-0000
I1219 01:34:47.717000 27346 slave.cpp:2753] Forwarding the update TASK_STARTING (UUID: 4345400b-7420-4832-ba36-c431c09882ae) for task 1450488878876-www-data-devel-job9-0-1b298847-ca2c-4f80-bf41-9489c36cdb7d of framework 20151219-012848-50331658-5050-16921-0000 to master@10.0.0.3:5050
I1219 01:34:47.717118 27346 slave.cpp:2686] Sending acknowledgement for status update TASK_STARTING (UUID: 4345400b-7420-4832-ba36-c431c09882ae) for task 1450488878876-www-data-devel-job9-0-1b298847-ca2c-4f80-bf41-9489c36cdb7d of framework 20151219-012848-50331658-5050-16921-0000 to executor(1)@10.0.0.5:44003
I1219 01:34:47.726452 27347 status_update_manager.cpp:389] Received status update acknowledgement (UUID: 4345400b-7420-4832-ba36-c431c09882ae) for task 1450488878876-www-data-devel-job9-0-1b298847-ca2c-4f80-bf41-9489c36cdb7d of framework 20151219-012848-50331658-5050-16921-0000
I1219 01:34:47.726485 27347 status_update_manager.hpp:346] Checkpointing ACK for status update TASK_STARTING (UUID: 4345400b-7420-4832-ba36-c431c09882ae) for task 1450488878876-www-data-devel-job9-0-1b298847-ca2c-4f80-bf41-9489c36cdb7d of framework 20151219-012848-50331658-5050-16921-0000
I1219 01:34:48.293871 27344 slave.cpp:2508] Handling status update TASK_RUNNING (UUID: 3e52a0d6-ff5d-4c16-a744-1c8be0c5ac93) for task 1450488878876-www-data-devel-job9-0-1b298847-ca2c-4f80-bf41-9489c36cdb7d of framework 20151219-012848-50331658-5050-16921-0000 from executor(1)@10.0.0.5:44003
I1219 01:34:48.294044 27350 status_update_manager.cpp:317] Received status update TASK_RUNNING (UUID: 3e52a0d6-ff5d-4c16-a744-1c8be0c5ac93) for task 1450488878876-www-data-devel-job9-0-1b298847-ca2c-4f80-bf41-9489c36cdb7d of framework 20151219-012848-50331658-5050-16921-0000
I1219 01:34:48.294121 27350 status_update_manager.hpp:346] Checkpointing UPDATE for status update TASK_RUNNING (UUID: 3e52a0d6-ff5d-4c16-a744-1c8be0c5ac93) for task 1450488878876-www-data-devel-job9-0-1b298847-ca2c-4f80-bf41-9489c36cdb7d of framework 20151219-012848-50331658-5050-16921-0000
I1219 01:34:48.298729 27339 slave.cpp:2753] Forwarding the update TASK_RUNNING (UUID: 3e52a0d6-ff5d-4c16-a744-1c8be0c5ac93) for task 1450488878876-www-data-devel-job9-0-1b298847-ca2c-4f80-bf41-9489c36cdb7d of framework 20151219-012848-50331658-5050-16921-0000 to master@10.0.0.3:5050
I1219 01:34:48.298846 27339 slave.cpp:2686] Sending acknowledgement for status update TASK_RUNNING (UUID: 3e52a0d6-ff5d-4c16-a744-1c8be0c5ac93) for task 1450488878876-www-data-devel-job9-0-1b298847-ca2c-4f80-bf41-9489c36cdb7d of framework 20151219-012848-50331658-5050-16921-0000 to executor(1)@10.0.0.5:44003
I1219 01:34:48.308220 27350 status_update_manager.cpp:389] Received status update acknowledgement (UUID: 3e52a0d6-ff5d-4c16-a744-1c8be0c5ac93) for task 1450488878876-www-data-devel-job9-0-1b298847-ca2c-4f80-bf41-9489c36cdb7d of framework 20151219-012848-50331658-5050-16921-0000
I1219 01:34:48.308253 27350 status_update_manager.hpp:346] Checkpointing ACK for status update TASK_RUNNING (UUID: 3e52a0d6-ff5d-4c16-a744-1c8be0c5ac93) for task 1450488878876-www-data-devel-job9-0-1b298847-ca2c-4f80-bf41-9489c36cdb7d of framework 20151219-012848-50331658-5050-16921-0000
I1219 01:34:48.593545 27342 slave.cpp:3618] Current disk usage 69.55%. Max allowed age: 1.431809939929769days
I1219 01:34:49.197197 27348 slave.cpp:2508] Handling status update TASK_FINISHED (UUID: 325c3c11-47cf-47e5-a26f-53afcdc6dce7) for task 1450488878860-www-data-devel-job5-0-a6434e5f-3af8-4dd2-b4fb-737385a6e602 of framework 20151219-012848-50331658-5050-16921-0000 from executor(1)@10.0.0.5:37223
I1219 01:34:49.197873 27342 status_update_manager.cpp:317] Received status update TASK_FINISHED (UUID: 325c3c11-47cf-47e5-a26f-53afcdc6dce7) for task 1450488878860-www-data-devel-job5-0-a6434e5f-3af8-4dd2-b4fb-737385a6e602 of framework 20151219-012848-50331658-5050-16921-0000
I1219 01:34:49.197928 27342 status_update_manager.hpp:346] Checkpointing UPDATE for status update TASK_FINISHED (UUID: 325c3c11-47cf-47e5-a26f-53afcdc6dce7) for task 1450488878860-www-data-devel-job5-0-a6434e5f-3af8-4dd2-b4fb-737385a6e602 of framework 20151219-012848-50331658-5050-16921-0000
I1219 01:34:49.202327 27345 slave.cpp:2753] Forwarding the update TASK_FINISHED (UUID: 325c3c11-47cf-47e5-a26f-53afcdc6dce7) for task 1450488878860-www-data-devel-job5-0-a6434e5f-3af8-4dd2-b4fb-737385a6e602 of framework 20151219-012848-50331658-5050-16921-0000 to master@10.0.0.3:5050
I1219 01:34:49.202450 27345 slave.cpp:2686] Sending acknowledgement for status update TASK_FINISHED (UUID: 325c3c11-47cf-47e5-a26f-53afcdc6dce7) for task 1450488878860-www-data-devel-job5-0-a6434e5f-3af8-4dd2-b4fb-737385a6e602 of framework 20151219-012848-50331658-5050-16921-0000 to executor(1)@10.0.0.5:37223
I1219 01:34:49.215517 27349 status_update_manager.cpp:389] Received status update acknowledgement (UUID: 325c3c11-47cf-47e5-a26f-53afcdc6dce7) for task 1450488878860-www-data-devel-job5-0-a6434e5f-3af8-4dd2-b4fb-737385a6e602 of framework 20151219-012848-50331658-5050-16921-0000
I1219 01:34:49.215574 27349 status_update_manager.hpp:346] Checkpointing ACK for status update TASK_FINISHED (UUID: 325c3c11-47cf-47e5-a26f-53afcdc6dce7) for task 1450488878860-www-data-devel-job5-0-a6434e5f-3af8-4dd2-b4fb-737385a6e602 of framework 20151219-012848-50331658-5050-16921-0000
I1219 01:34:54.243913 27350 containerizer.cpp:1111] Executor for container 'a602620c-e474-4a5f-844b-c17812fd824a' has exited
I1219 01:34:54.243964 27350 containerizer.cpp:906] Destroying container 'a602620c-e474-4a5f-844b-c17812fd824a'
I1219 01:34:54.245309 27348 slave.cpp:3193] Executor 'thermos-1450488878860-www-data-devel-job5-0-a6434e5f-3af8-4dd2-b4fb-737385a6e602' of framework 20151219-012848-50331658-5050-16921-0000 exited with status 0
I1219 01:34:54.245434 27348 slave.cpp:3302] Cleaning up executor 'thermos-1450488878860-www-data-devel-job5-0-a6434e5f-3af8-4dd2-b4fb-737385a6e602' of framework 20151219-012848-50331658-5050-16921-0000
I1219 01:34:54.245705 27339 gc.cpp:56] Scheduling '/var/lib/mesos/slave/slaves/20151219-012848-50331658-5050-16921-S1/frameworks/20151219-012848-50331658-5050-16921-0000/executors/thermos-1450488878860-www-data-devel-job5-0-a6434e5f-3af8-4dd2-b4fb-737385a6e602/runs/a602620c-e474-4a5f-844b-c17812fd824a' for gc 6.99999715664296days in the future
I1219 01:34:54.245765 27339 gc.cpp:56] Scheduling '/var/lib/mesos/slave/slaves/20151219-012848-50331658-5050-16921-S1/frameworks/20151219-012848-50331658-5050-16921-0000/executors/thermos-1450488878860-www-data-devel-job5-0-a6434e5f-3af8-4dd2-b4fb-737385a6e602' for gc 6.99999715592593days in the future
I1219 01:34:54.245792 27339 gc.cpp:56] Scheduling '/var/lib/mesos/slave/meta/slaves/20151219-012848-50331658-5050-16921-S1/frameworks/20151219-012848-50331658-5050-16921-0000/executors/thermos-1450488878860-www-data-devel-job5-0-a6434e5f-3af8-4dd2-b4fb-737385a6e602/runs/a602620c-e474-4a5f-844b-c17812fd824a' for gc 6.99999715536days in the future
I1219 01:34:54.245849 27348 gc.cpp:56] Scheduling '/var/lib/mesos/slave/meta/slaves/20151219-012848-50331658-5050-16921-S1/frameworks/20151219-012848-50331658-5050-16921-0000/executors/thermos-1450488878860-www-data-devel-job5-0-a6434e5f-3af8-4dd2-b4fb-737385a6e602' for gc 6.99999715483852days in the future
I1219 01:34:58.448479 27339 slave.cpp:2508] Handling status update TASK_FINISHED (UUID: ad736787-f854-4229-8c21-058768426b0f) for task 1450488878876-www-data-devel-job9-0-1b298847-ca2c-4f80-bf41-9489c36cdb7d of framework 20151219-012848-50331658-5050-16921-0000 from executor(1)@10.0.0.5:44003
I1219 01:34:58.449079 27349 status_update_manager.cpp:317] Received status update TASK_FINISHED (UUID: ad736787-f854-4229-8c21-058768426b0f) for task 1450488878876-www-data-devel-job9-0-1b298847-ca2c-4f80-bf41-9489c36cdb7d of framework 20151219-012848-50331658-5050-16921-0000
I1219 01:34:58.449151 27349 status_update_manager.hpp:346] Checkpointing UPDATE for status update TASK_FINISHED (UUID: ad736787-f854-4229-8c21-058768426b0f) for task 1450488878876-www-data-devel-job9-0-1b298847-ca2c-4f80-bf41-9489c36cdb7d of framework 20151219-012848-50331658-5050-16921-0000
I1219 01:34:58.453586 27347 slave.cpp:2753] Forwarding the update TASK_FINISHED (UUID: ad736787-f854-4229-8c21-058768426b0f) for task 1450488878876-www-data-devel-job9-0-1b298847-ca2c-4f80-bf41-9489c36cdb7d of framework 20151219-012848-50331658-5050-16921-0000 to master@10.0.0.3:5050
I1219 01:34:58.453716 27347 slave.cpp:2686] Sending acknowledgement for status update TASK_FINISHED (UUID: ad736787-f854-4229-8c21-058768426b0f) for task 1450488878876-www-data-devel-job9-0-1b298847-ca2c-4f80-bf41-9489c36cdb7d of framework 20151219-012848-50331658-5050-16921-0000 to executor(1)@10.0.0.5:44003
I1219 01:34:58.464108 27345 status_update_manager.cpp:389] Received status update acknowledgement (UUID: ad736787-f854-4229-8c21-058768426b0f) for task 1450488878876-www-data-devel-job9-0-1b298847-ca2c-4f80-bf41-9489c36cdb7d of framework 20151219-012848-50331658-5050-16921-0000
I1219 01:34:58.464140 27345 status_update_manager.hpp:346] Checkpointing ACK for status update TASK_FINISHED (UUID: ad736787-f854-4229-8c21-058768426b0f) for task 1450488878876-www-data-devel-job9-0-1b298847-ca2c-4f80-bf41-9489c36cdb7d of framework 20151219-012848-50331658-5050-16921-0000
I1219 01:35:01.165868 27341 slave.cpp:1121] Got assigned task 1450488900004-www-data-devel-job9-0-b8e5c26d-74d2-4520-a90f-95f1620d6865 for framework 20151219-012848-50331658-5050-16921-0000
I1219 01:35:01.166194 27341 slave.cpp:1231] Launching task 1450488900004-www-data-devel-job9-0-b8e5c26d-74d2-4520-a90f-95f1620d6865 for framework 20151219-012848-50331658-5050-16921-0000
I1219 01:35:01.168393 27341 slave.cpp:4160] Launching executor thermos-1450488900004-www-data-devel-job9-0-b8e5c26d-74d2-4520-a90f-95f1620d6865 of framework 20151219-012848-50331658-5050-16921-0000 in work directory '/var/lib/mesos/slave/slaves/20151219-012848-50331658-5050-16921-S1/frameworks/20151219-012848-50331658-5050-16921-0000/executors/thermos-1450488900004-www-data-devel-job9-0-b8e5c26d-74d2-4520-a90f-95f1620d6865/runs/67859b81-687e-43fa-ad68-7d4ce0be31c3'
I1219 01:35:01.168591 27348 containerizer.cpp:472] Starting container '67859b81-687e-43fa-ad68-7d4ce0be31c3' for executor 'thermos-1450488900004-www-data-devel-job9-0-b8e5c26d-74d2-4520-a90f-95f1620d6865' of framework '20151219-012848-50331658-5050-16921-0000'
I1219 01:35:01.171072 27342 launcher.cpp:130] Forked child with pid '28368' for container '67859b81-687e-43fa-ad68-7d4ce0be31c3'
