I1219 01:32:17.125928 27337 slave.cpp:2508] Handling status update TASK_STARTING (UUID: b8385c84-d212-4f56-b900-8a7ba7a31a7b) for task 1450488720065-www-data-devel-job3-0-c2381043-3cf4-47ee-9c23-9dbfdcc922ba of framework 20151219-012848-50331658-5050-16921-0000 from executor(1)@10.0.0.5:36470
I1219 01:32:17.126070 27340 status_update_manager.cpp:317] Received status update TASK_STARTING (UUID: b8385c84-d212-4f56-b900-8a7ba7a31a7b) for task 1450488720065-www-data-devel-job3-0-c2381043-3cf4-47ee-9c23-9dbfdcc922ba of framework 20151219-012848-50331658-5050-16921-0000
I1219 01:32:17.126405 27340 status_update_manager.hpp:346] Checkpointing UPDATE for status update TASK_STARTING (UUID: b8385c84-d212-4f56-b900-8a7ba7a31a7b) for task 1450488720065-www-data-devel-job3-0-c2381043-3cf4-47ee-9c23-9dbfdcc922ba of framework 20151219-012848-50331658-5050-16921-0000
I1219 01:32:17.130913 27342 slave.cpp:2753] Forwarding the update TASK_STARTING (UUID: b8385c84-d212-4f56-b900-8a7ba7a31a7b) for task 1450488720065-www-data-devel-job3-0-c2381043-3cf4-47ee-9c23-9dbfdcc922ba of framework 20151219-012848-50331658-5050-16921-0000 to master@10.0.0.3:5050
I1219 01:32:17.131038 27342 slave.cpp:2686] Sending acknowledgement for status update TASK_STARTING (UUID: b8385c84-d212-4f56-b900-8a7ba7a31a7b) for task 1450488720065-www-data-devel-job3-0-c2381043-3cf4-47ee-9c23-9dbfdcc922ba of framework 20151219-012848-50331658-5050-16921-0000 to executor(1)@10.0.0.5:36470
I1219 01:32:17.143766 27349 status_update_manager.cpp:389] Received status update acknowledgement (UUID: b8385c84-d212-4f56-b900-8a7ba7a31a7b) for task 1450488720065-www-data-devel-job3-0-c2381043-3cf4-47ee-9c23-9dbfdcc922ba of framework 20151219-012848-50331658-5050-16921-0000
I1219 01:32:17.143824 27349 status_update_manager.hpp:346] Checkpointing ACK for status update TASK_STARTING (UUID: b8385c84-d212-4f56-b900-8a7ba7a31a7b) for task 1450488720065-www-data-devel-job3-0-c2381043-3cf4-47ee-9c23-9dbfdcc922ba of framework 20151219-012848-50331658-5050-16921-0000
I1219 01:32:17.707937 27338 slave.cpp:2508] Handling status update TASK_RUNNING (UUID: 060ba6ea-8501-4c2e-a312-df91c1d9fe31) for task 1450488720065-www-data-devel-job3-0-c2381043-3cf4-47ee-9c23-9dbfdcc922ba of framework 20151219-012848-50331658-5050-16921-0000 from executor(1)@10.0.0.5:36470
I1219 01:32:17.708088 27336 status_update_manager.cpp:317] Received status update TASK_RUNNING (UUID: 060ba6ea-8501-4c2e-a312-df91c1d9fe31) for task 1450488720065-www-data-devel-job3-0-c2381043-3cf4-47ee-9c23-9dbfdcc922ba of framework 20151219-012848-50331658-5050-16921-0000
I1219 01:32:17.708164 27336 status_update_manager.hpp:346] Checkpointing UPDATE for status update TASK_RUNNING (UUID: 060ba6ea-8501-4c2e-a312-df91c1d9fe31) for task 1450488720065-www-data-devel-job3-0-c2381043-3cf4-47ee-9c23-9dbfdcc922ba of framework 20151219-012848-50331658-5050-16921-0000
I1219 01:32:17.712409 27338 slave.cpp:2753] Forwarding the update TASK_RUNNING (UUID: 060ba6ea-8501-4c2e-a312-df91c1d9fe31) for task 1450488720065-www-data-devel-job3-0-c2381043-3cf4-47ee-9c23-9dbfdcc922ba of framework 20151219-012848-50331658-5050-16921-0000 to master@10.0.0.3:5050
I1219 01:32:17.712528 27338 slave.cpp:2686] Sending acknowledgement for status update TASK_RUNNING (UUID: 060ba6ea-8501-4c2e-a312-df91c1d9fe31) for task 1450488720065-www-data-devel-job3-0-c2381043-3cf4-47ee-9c23-9dbfdcc922ba of framework 20151219-012848-50331658-5050-16921-0000 to executor(1)@10.0.0.5:36470
I1219 01:32:17.723981 27350 status_update_manager.cpp:389] Received status update acknowledgement (UUID: 060ba6ea-8501-4c2e-a312-df91c1d9fe31) for task 1450488720065-www-data-devel-job3-0-c2381043-3cf4-47ee-9c23-9dbfdcc922ba of framework 20151219-012848-50331658-5050-16921-0000
I1219 01:32:17.724020 27350 status_update_manager.hpp:346] Checkpointing ACK for status update TASK_RUNNING (UUID: 060ba6ea-8501-4c2e-a312-df91c1d9fe31) for task 1450488720065-www-data-devel-job3-0-c2381043-3cf4-47ee-9c23-9dbfdcc922ba of framework 20151219-012848-50331658-5050-16921-0000
I1219 01:32:18.851073 27346 slave.cpp:2508] Handling status update TASK_FINISHED (UUID: a2ba0b48-c3cd-4f60-8dee-847fa220aea3) for task 1450488720065-www-data-devel-job3-0-c2381043-3cf4-47ee-9c23-9dbfdcc922ba of framework 20151219-012848-50331658-5050-16921-0000 from executor(1)@10.0.0.5:36470
I1219 01:32:18.851977 27343 status_update_manager.cpp:317] Received status update TASK_FINISHED (UUID: a2ba0b48-c3cd-4f60-8dee-847fa220aea3) for task 1450488720065-www-data-devel-job3-0-c2381043-3cf4-47ee-9c23-9dbfdcc922ba of framework 20151219-012848-50331658-5050-16921-0000
I1219 01:32:18.852042 27343 status_update_manager.hpp:346] Checkpointing UPDATE for status update TASK_FINISHED (UUID: a2ba0b48-c3cd-4f60-8dee-847fa220aea3) for task 1450488720065-www-data-devel-job3-0-c2381043-3cf4-47ee-9c23-9dbfdcc922ba of framework 20151219-012848-50331658-5050-16921-0000
I1219 01:32:18.856652 27335 slave.cpp:2753] Forwarding the update TASK_FINISHED (UUID: a2ba0b48-c3cd-4f60-8dee-847fa220aea3) for task 1450488720065-www-data-devel-job3-0-c2381043-3cf4-47ee-9c23-9dbfdcc922ba of framework 20151219-012848-50331658-5050-16921-0000 to master@10.0.0.3:5050
I1219 01:32:18.856783 27335 slave.cpp:2686] Sending acknowledgement for status update TASK_FINISHED (UUID: a2ba0b48-c3cd-4f60-8dee-847fa220aea3) for task 1450488720065-www-data-devel-job3-0-c2381043-3cf4-47ee-9c23-9dbfdcc922ba of framework 20151219-012848-50331658-5050-16921-0000 to executor(1)@10.0.0.5:36470
I1219 01:32:18.869833 27343 status_update_manager.cpp:389] Received status update acknowledgement (UUID: a2ba0b48-c3cd-4f60-8dee-847fa220aea3) for task 1450488720065-www-data-devel-job3-0-c2381043-3cf4-47ee-9c23-9dbfdcc922ba of framework 20151219-012848-50331658-5050-16921-0000
I1219 01:32:18.869884 27343 status_update_manager.hpp:346] Checkpointing ACK for status update TASK_FINISHED (UUID: a2ba0b48-c3cd-4f60-8dee-847fa220aea3) for task 1450488720065-www-data-devel-job3-0-c2381043-3cf4-47ee-9c23-9dbfdcc922ba of framework 20151219-012848-50331658-5050-16921-0000
I1219 01:32:23.967110 27349 containerizer.cpp:1111] Executor for container '7e631513-c894-4bfe-81d4-2bb06f577eb5' has exited
I1219 01:32:23.967216 27349 containerizer.cpp:906] Destroying container '7e631513-c894-4bfe-81d4-2bb06f577eb5'
I1219 01:32:23.968924 27340 slave.cpp:3193] Executor 'thermos-1450488720065-www-data-devel-job3-0-c2381043-3cf4-47ee-9c23-9dbfdcc922ba' of framework 20151219-012848-50331658-5050-16921-0000 exited with status 0
I1219 01:32:23.969101 27340 slave.cpp:3302] Cleaning up executor 'thermos-1450488720065-www-data-devel-job3-0-c2381043-3cf4-47ee-9c23-9dbfdcc922ba' of framework 20151219-012848-50331658-5050-16921-0000
I1219 01:32:23.969458 27349 gc.cpp:56] Scheduling '/var/lib/mesos/slave/slaves/20151219-012848-50331658-5050-16921-S1/frameworks/20151219-012848-50331658-5050-16921-0000/executors/thermos-1450488720065-www-data-devel-job3-0-c2381043-3cf4-47ee-9c23-9dbfdcc922ba/runs/7e631513-c894-4bfe-81d4-2bb06f577eb5' for gc 6.99998878011556days in the future
I1219 01:32:23.969534 27349 gc.cpp:56] Scheduling '/var/lib/mesos/slave/slaves/20151219-012848-50331658-5050-16921-S1/frameworks/20151219-012848-50331658-5050-16921-0000/executors/thermos-1450488720065-www-data-devel-job3-0-c2381043-3cf4-47ee-9c23-9dbfdcc922ba' for gc 6.99998877904889days in the future
I1219 01:32:23.969621 27348 gc.cpp:56] Scheduling '/var/lib/mesos/slave/meta/slaves/20151219-012848-50331658-5050-16921-S1/frameworks/20151219-012848-50331658-5050-16921-0000/executors/thermos-1450488720065-www-data-devel-job3-0-c2381043-3cf4-47ee-9c23-9dbfdcc922ba/runs/7e631513-c894-4bfe-81d4-2bb06f577eb5' for gc 6.99998877806815days in the future
I1219 01:32:23.969671 27340 slave.cpp:3381] Cleaning up framework 20151219-012848-50331658-5050-16921-0000
I1219 01:32:23.969816 27348 gc.cpp:56] Scheduling '/var/lib/mesos/slave/meta/slaves/20151219-012848-50331658-5050-16921-S1/frameworks/20151219-012848-50331658-5050-16921-0000/executors/thermos-1450488720065-www-data-devel-job3-0-c2381043-3cf4-47ee-9c23-9dbfdcc922ba' for gc 6.99998877709333days in the future
I1219 01:32:23.969907 27341 status_update_manager.cpp:279] Closing status update streams for framework 20151219-012848-50331658-5050-16921-0000
I1219 01:32:23.969959 27341 gc.cpp:56] Scheduling '/var/lib/mesos/slave/slaves/20151219-012848-50331658-5050-16921-S1/frameworks/20151219-012848-50331658-5050-16921-0000' for gc 6.99998877400296days in the future
I1219 01:32:23.970078 27337 gc.cpp:56] Scheduling '/var/lib/mesos/slave/meta/slaves/20151219-012848-50331658-5050-16921-S1/frameworks/20151219-012848-50331658-5050-16921-0000' for gc 6.99998877304296days in the future
I1219 01:32:48.591930 27349 slave.cpp:3618] Current disk usage 68.39%. Max allowed age: 1.512390833321215days
I1219 01:33:00.090247 27335 slave.cpp:3534] Framework 20151219-012848-50331658-5050-16921-0000 seems to have exited. Ignoring registration timeout for executor 'thermos-1450488720007-www-data-devel-job2-0-28c4c185-f301-4321-9f2e-39a0896fdec5'
I1219 01:33:00.162564 27338 slave.cpp:1121] Got assigned task 1450488780023-www-data-devel-job9-0-6cf4632c-bb10-4b74-a4b7-9cf408fa59c4 for framework 20151219-012848-50331658-5050-16921-0000
I1219 01:33:00.164577 27338 gc.cpp:84] Unscheduling '/var/lib/mesos/slave/slaves/20151219-012848-50331658-5050-16921-S1/frameworks/20151219-012848-50331658-5050-16921-0000' from gc
I1219 01:33:00.164695 27338 gc.cpp:84] Unscheduling '/var/lib/mesos/slave/meta/slaves/20151219-012848-50331658-5050-16921-S1/frameworks/20151219-012848-50331658-5050-16921-0000' from gc
I1219 01:33:00.164847 27338 slave.cpp:1231] Launching task 1450488780023-www-data-devel-job9-0-6cf4632c-bb10-4b74-a4b7-9cf408fa59c4 for framework 20151219-012848-50331658-5050-16921-0000
I1219 01:33:00.167682 27338 slave.cpp:4160] Launching executor thermos-1450488780023-www-data-devel-job9-0-6cf4632c-bb10-4b74-a4b7-9cf408fa59c4 of framework 20151219-012848-50331658-5050-16921-0000 in work directory '/var/lib/mesos/slave/slaves/20151219-012848-50331658-5050-16921-S1/frameworks/20151219-012848-50331658-5050-16921-0000/executors/thermos-1450488780023-www-data-devel-job9-0-6cf4632c-bb10-4b74-a4b7-9cf408fa59c4/runs/018df7df-7541-4a1e-aa63-b0ac1b4c784e'
I1219 01:33:00.167917 27348 containerizer.cpp:472] Starting container '018df7df-7541-4a1e-aa63-b0ac1b4c784e' for executor 'thermos-1450488780023-www-data-devel-job9-0-6cf4632c-bb10-4b74-a4b7-9cf408fa59c4' of framework '20151219-012848-50331658-5050-16921-0000'
I1219 01:33:00.169102 27348 launcher.cpp:130] Forked child with pid '27887' for container '018df7df-7541-4a1e-aa63-b0ac1b4c784e'
I1219 01:33:00.169271 27348 containerizer.cpp:682] Checkpointing executor's forked pid 27887 to '/var/lib/mesos/slave/meta/slaves/20151219-012848-50331658-5050-16921-S1/frameworks/20151219-012848-50331658-5050-16921-0000/executors/thermos-1450488780023-www-data-devel-job9-0-6cf4632c-bb10-4b74-a4b7-9cf408fa59c4/runs/018df7df-7541-4a1e-aa63-b0ac1b4c784e/pids/forked.pid'
I1219 01:33:00.169371 27338 slave.cpp:1378] Queuing task '1450488780023-www-data-devel-job9-0-6cf4632c-bb10-4b74-a4b7-9cf408fa59c4' for executor thermos-1450488780023-www-data-devel-job9-0-6cf4632c-bb10-4b74-a4b7-9cf408fa59c4 of framework '20151219-012848-50331658-5050-16921-0000
I1219 01:33:00.173040 27335 fetcher.cpp:238] Fetching URIs using command '/usr/libexec/mesos/mesos-fetcher'
I1219 01:33:00.318493 27347 slave.cpp:3135] Monitoring executor 'thermos-1450488780023-www-data-devel-job9-0-6cf4632c-bb10-4b74-a4b7-9cf408fa59c4' of framework '20151219-012848-50331658-5050-16921-0000' in container '018df7df-7541-4a1e-aa63-b0ac1b4c784e'
I1219 01:33:00.813226 27347 slave.cpp:2141] Got registration for executor 'thermos-1450488780023-www-data-devel-job9-0-6cf4632c-bb10-4b74-a4b7-9cf408fa59c4' of framework 20151219-012848-50331658-5050-16921-0000 from executor(1)@10.0.0.5:42227
I1219 01:33:00.814249 27346 slave.cpp:1532] Sending queued task '1450488780023-www-data-devel-job9-0-6cf4632c-bb10-4b74-a4b7-9cf408fa59c4' to executor 'thermos-1450488780023-www-data-devel-job9-0-6cf4632c-bb10-4b74-a4b7-9cf408fa59c4' of framework 20151219-012848-50331658-5050-16921-0000
I1219 01:33:00.819881 27347 slave.cpp:2508] Handling status update TASK_STARTING (UUID: 8cf20ef4-4015-42a6-8566-00db9c9f8837) for task 1450488780023-www-data-devel-job9-0-6cf4632c-bb10-4b74-a4b7-9cf408fa59c4 of framework 20151219-012848-50331658-5050-16921-0000 from executor(1)@10.0.0.5:42227
I1219 01:33:00.820016 27342 status_update_manager.cpp:317] Received status update TASK_STARTING (UUID: 8cf20ef4-4015-42a6-8566-00db9c9f8837) for task 1450488780023-www-data-devel-job9-0-6cf4632c-bb10-4b74-a4b7-9cf408fa59c4 of framework 20151219-012848-50331658-5050-16921-0000
I1219 01:33:00.820376 27342 status_update_manager.hpp:346] Checkpointing UPDATE for status update TASK_STARTING (UUID: 8cf20ef4-4015-42a6-8566-00db9c9f8837) for task 1450488780023-www-data-devel-job9-0-6cf4632c-bb10-4b74-a4b7-9cf408fa59c4 of framework 20151219-012848-50331658-5050-16921-0000
I1219 01:33:00.824260 27341 slave.cpp:2753] Forwarding the update TASK_STARTING (UUID: 8cf20ef4-4015-42a6-8566-00db9c9f8837) for task 1450488780023-www-data-devel-job9-0-6cf4632c-bb10-4b74-a4b7-9cf408fa59c4 of framework 20151219-012848-50331658-5050-16921-0000 to master@10.0.0.3:5050
I1219 01:33:00.824378 27341 slave.cpp:2686] Sending acknowledgement for status update TASK_STARTING (UUID: 8cf20ef4-4015-42a6-8566-00db9c9f8837) for task 1450488780023-www-data-devel-job9-0-6cf4632c-bb10-4b74-a4b7-9cf408fa59c4 of framework 20151219-012848-50331658-5050-16921-0000 to executor(1)@10.0.0.5:42227
I1219 01:33:00.835073 27342 status_update_manager.cpp:389] Received status update acknowledgement (UUID: 8cf20ef4-4015-42a6-8566-00db9c9f8837) for task 1450488780023-www-data-devel-job9-0-6cf4632c-bb10-4b74-a4b7-9cf408fa59c4 of framework 20151219-012848-50331658-5050-16921-0000
I1219 01:33:00.835140 27342 status_update_manager.hpp:346] Checkpointing ACK for status update TASK_STARTING (UUID: 8cf20ef4-4015-42a6-8566-00db9c9f8837) for task 1450488780023-www-data-devel-job9-0-6cf4632c-bb10-4b74-a4b7-9cf408fa59c4 of framework 20151219-012848-50331658-5050-16921-0000
I1219 01:33:01.401317 27339 slave.cpp:2508] Handling status update TASK_RUNNING (UUID: f8fc1374-38f3-4689-aad5-c55ea5794566) for task 1450488780023-www-data-devel-job9-0-6cf4632c-bb10-4b74-a4b7-9cf408fa59c4 of framework 20151219-012848-50331658-5050-16921-0000 from executor(1)@10.0.0.5:42227
I1219 01:33:01.401450 27339 status_update_manager.cpp:317] Received status update TASK_RUNNING (UUID: f8fc1374-38f3-4689-aad5-c55ea5794566) for task 1450488780023-www-data-devel-job9-0-6cf4632c-bb10-4b74-a4b7-9cf408fa59c4 of framework 20151219-012848-50331658-5050-16921-0000
I1219 01:33:01.401478 27339 status_update_manager.hpp:346] Checkpointing UPDATE for status update TASK_RUNNING (UUID: f8fc1374-38f3-4689-aad5-c55ea5794566) for task 1450488780023-www-data-devel-job9-0-6cf4632c-bb10-4b74-a4b7-9cf408fa59c4 of framework 20151219-012848-50331658-5050-16921-0000
I1219 01:33:01.405397 27337 slave.cpp:2753] Forwarding the update TASK_RUNNING (UUID: f8fc1374-38f3-4689-aad5-c55ea5794566) for task 1450488780023-www-data-devel-job9-0-6cf4632c-bb10-4b74-a4b7-9cf408fa59c4 of framework 20151219-012848-50331658-5050-16921-0000 to master@10.0.0.3:5050
I1219 01:33:01.405514 27337 slave.cpp:2686] Sending acknowledgement for status update TASK_RUNNING (UUID: f8fc1374-38f3-4689-aad5-c55ea5794566) for task 1450488780023-www-data-devel-job9-0-6cf4632c-bb10-4b74-a4b7-9cf408fa59c4 of framework 20151219-012848-50331658-5050-16921-0000 to executor(1)@10.0.0.5:42227
I1219 01:33:01.416812 27335 status_update_manager.cpp:389] Received status update acknowledgement (UUID: f8fc1374-38f3-4689-aad5-c55ea5794566) for task 1450488780023-www-data-devel-job9-0-6cf4632c-bb10-4b74-a4b7-9cf408fa59c4 of framework 20151219-012848-50331658-5050-16921-0000
I1219 01:33:01.416898 27335 status_update_manager.hpp:346] Checkpointing ACK for status update TASK_RUNNING (UUID: f8fc1374-38f3-4689-aad5-c55ea5794566) for task 1450488780023-www-data-devel-job9-0-6cf4632c-bb10-4b74-a4b7-9cf408fa59c4 of framework 20151219-012848-50331658-5050-16921-0000
I1219 01:33:08.392628 27346 slave.cpp:1121] Got assigned task 1450488780042-www-data-devel-job7-0-d19eada8-463e-4244-bebf-17c04cd8b445 for framework 20151219-012848-50331658-5050-16921-0000
I1219 01:33:08.392891 27346 slave.cpp:1231] Launching task 1450488780042-www-data-devel-job7-0-d19eada8-463e-4244-bebf-17c04cd8b445 for framework 20151219-012848-50331658-5050-16921-0000
I1219 01:33:08.394675 27346 slave.cpp:4160] Launching executor thermos-1450488780042-www-data-devel-job7-0-d19eada8-463e-4244-bebf-17c04cd8b445 of framework 20151219-012848-50331658-5050-16921-0000 in work directory '/var/lib/mesos/slave/slaves/20151219-012848-50331658-5050-16921-S1/frameworks/20151219-012848-50331658-5050-16921-0000/executors/thermos-1450488780042-www-data-devel-job7-0-d19eada8-463e-4244-bebf-17c04cd8b445/runs/f5d8d3a2-9559-4326-9e45-4e5733c14c1b'
I1219 01:33:08.394845 27340 containerizer.cpp:472] Starting container 'f5d8d3a2-9559-4326-9e45-4e5733c14c1b' for executor 'thermos-1450488780042-www-data-devel-job7-0-d19eada8-463e-4244-bebf-17c04cd8b445' of framework '20151219-012848-50331658-5050-16921-0000'
I1219 01:33:08.396267 27346 slave.cpp:1378] Queuing task '1450488780042-www-data-devel-job7-0-d19eada8-463e-4244-bebf-17c04cd8b445' for executor thermos-1450488780042-www-data-devel-job7-0-d19eada8-463e-4244-bebf-17c04cd8b445 of framework '20151219-012848-50331658-5050-16921-0000
I1219 01:33:08.396303 27340 launcher.cpp:130] Forked child with pid '27940' for container 'f5d8d3a2-9559-4326-9e45-4e5733c14c1b'
I1219 01:33:08.397646 27340 containerizer.cpp:682] Checkpointing executor's forked pid 27940 to '/var/lib/mesos/slave/meta/slaves/20151219-012848-50331658-5050-16921-S1/frameworks/20151219-012848-50331658-5050-16921-0000/executors/thermos-1450488780042-www-data-devel-job7-0-d19eada8-463e-4244-bebf-17c04cd8b445/runs/f5d8d3a2-9559-4326-9e45-4e5733c14c1b/pids/forked.pid'
I1219 01:33:08.401536 27348 fetcher.cpp:238] Fetching URIs using command '/usr/libexec/mesos/mesos-fetcher'
I1219 01:33:08.555732 27335 slave.cpp:3135] Monitoring executor 'thermos-1450488780042-www-data-devel-job7-0-d19eada8-463e-4244-bebf-17c04cd8b445' of framework '20151219-012848-50331658-5050-16921-0000' in container 'f5d8d3a2-9559-4326-9e45-4e5733c14c1b'
I1219 01:33:09.043992 27339 slave.cpp:2141] Got registration for executor 'thermos-1450488780042-www-data-devel-job7-0-d19eada8-463e-4244-bebf-17c04cd8b445' of framework 20151219-012848-50331658-5050-16921-0000 from executor(1)@10.0.0.5:56797
I1219 01:33:09.045068 27338 slave.cpp:1532] Sending queued task '1450488780042-www-data-devel-job7-0-d19eada8-463e-4244-bebf-17c04cd8b445' to executor 'thermos-1450488780042-www-data-devel-job7-0-d19eada8-463e-4244-bebf-17c04cd8b445' of framework 20151219-012848-50331658-5050-16921-0000
I1219 01:33:09.050449 27348 slave.cpp:2508] Handling status update TASK_STARTING (UUID: 276ea855-1607-424b-baf5-5a3de10cad53) for task 1450488780042-www-data-devel-job7-0-d19eada8-463e-4244-bebf-17c04cd8b445 of framework 20151219-012848-50331658-5050-16921-0000 from executor(1)@10.0.0.5:56797
I1219 01:33:09.050570 27348 status_update_manager.cpp:317] Received status update TASK_STARTING (UUID: 276ea855-1607-424b-baf5-5a3de10cad53) for task 1450488780042-www-data-devel-job7-0-d19eada8-463e-4244-bebf-17c04cd8b445 of framework 20151219-012848-50331658-5050-16921-0000
I1219 01:33:09.050900 27348 status_update_manager.hpp:346] Checkpointing UPDATE for status update TASK_STARTING (UUID: 276ea855-1607-424b-baf5-5a3de10cad53) for task 1450488780042-www-data-devel-job7-0-d19eada8-463e-4244-bebf-17c04cd8b445 of framework 20151219-012848-50331658-5050-16921-0000
I1219 01:33:09.055398 27346 slave.cpp:2753] Forwarding the update TASK_STARTING (UUID: 276ea855-1607-424b-baf5-5a3de10cad53) for task 1450488780042-www-data-devel-job7-0-d19eada8-463e-4244-bebf-17c04cd8b445 of framework 20151219-012848-50331658-5050-16921-0000 to master@10.0.0.3:5050
I1219 01:33:09.055516 27346 slave.cpp:2686] Sending acknowledgement for status update TASK_STARTING (UUID: 276ea855-1607-424b-baf5-5a3de10cad53) for task 1450488780042-www-data-devel-job7-0-d19eada8-463e-4244-bebf-17c04cd8b445 of framework 20151219-012848-50331658-5050-16921-0000 to executor(1)@10.0.0.5:56797
I1219 01:33:09.064151 27339 status_update_manager.cpp:389] Received status update acknowledgement (UUID: 276ea855-1607-424b-baf5-5a3de10cad53) for task 1450488780042-www-data-devel-job7-0-d19eada8-463e-4244-bebf-17c04cd8b445 of framework 20151219-012848-50331658-5050-16921-0000
I1219 01:33:09.064184 27339 status_update_manager.hpp:346] Checkpointing ACK for status update TASK_STARTING (UUID: 276ea855-1607-424b-baf5-5a3de10cad53) for task 1450488780042-www-data-devel-job7-0-d19eada8-463e-4244-bebf-17c04cd8b445 of framework 20151219-012848-50331658-5050-16921-0000
I1219 01:33:09.633224 27338 slave.cpp:2508] Handling status update TASK_RUNNING (UUID: 8ca885d9-e844-4849-85e0-9216acd56e77) for task 1450488780042-www-data-devel-job7-0-d19eada8-463e-4244-bebf-17c04cd8b445 of framework 20151219-012848-50331658-5050-16921-0000 from executor(1)@10.0.0.5:56797
I1219 01:33:09.633394 27339 status_update_manager.cpp:317] Received status update TASK_RUNNING (UUID: 8ca885d9-e844-4849-85e0-9216acd56e77) for task 1450488780042-www-data-devel-job7-0-d19eada8-463e-4244-bebf-17c04cd8b445 of framework 20151219-012848-50331658-5050-16921-0000
I1219 01:33:09.633431 27339 status_update_manager.hpp:346] Checkpointing UPDATE for status update TASK_RUNNING (UUID: 8ca885d9-e844-4849-85e0-9216acd56e77) for task 1450488780042-www-data-devel-job7-0-d19eada8-463e-4244-bebf-17c04cd8b445 of framework 20151219-012848-50331658-5050-16921-0000
I1219 01:33:09.637914 27337 slave.cpp:2753] Forwarding the update TASK_RUNNING (UUID: 8ca885d9-e844-4849-85e0-9216acd56e77) for task 1450488780042-www-data-devel-job7-0-d19eada8-463e-4244-bebf-17c04cd8b445 of framework 20151219-012848-50331658-5050-16921-0000 to master@10.0.0.3:5050
I1219 01:33:09.638031 27337 slave.cpp:2686] Sending acknowledgement for status update TASK_RUNNING (UUID: 8ca885d9-e844-4849-85e0-9216acd56e77) for task 1450488780042-www-data-devel-job7-0-d19eada8-463e-4244-bebf-17c04cd8b445 of framework 20151219-012848-50331658-5050-16921-0000 to executor(1)@10.0.0.5:56797
I1219 01:33:09.648283 27339 status_update_manager.cpp:389] Received status update acknowledgement (UUID: 8ca885d9-e844-4849-85e0-9216acd56e77) for task 1450488780042-www-data-devel-job7-0-d19eada8-463e-4244-bebf-17c04cd8b445 of framework 20151219-012848-50331658-5050-16921-0000
I1219 01:33:09.648309 27339 status_update_manager.hpp:346] Checkpointing ACK for status update TASK_RUNNING (UUID: 8ca885d9-e844-4849-85e0-9216acd56e77) for task 1450488780042-www-data-devel-job7-0-d19eada8-463e-4244-bebf-17c04cd8b445 of framework 20151219-012848-50331658-5050-16921-0000
I1219 01:33:11.552960 27347 slave.cpp:2508] Handling status update TASK_FINISHED (UUID: 59c741b4-4e30-43d2-9f08-eedc19b0363c) for task 1450488780023-www-data-devel-job9-0-6cf4632c-bb10-4b74-a4b7-9cf408fa59c4 of framework 20151219-012848-50331658-5050-16921-0000 from executor(1)@10.0.0.5:42227
I1219 01:33:11.553458 27344 status_update_manager.cpp:317] Received status update TASK_FINISHED (UUID: 59c741b4-4e30-43d2-9f08-eedc19b0363c) for task 1450488780023-www-data-devel-job9-0-6cf4632c-bb10-4b74-a4b7-9cf408fa59c4 of framework 20151219-012848-50331658-5050-16921-0000
I1219 01:33:11.553503 27344 status_update_manager.hpp:346] Checkpointing UPDATE for status update TASK_FINISHED (UUID: 59c741b4-4e30-43d2-9f08-eedc19b0363c) for task 1450488780023-www-data-devel-job9-0-6cf4632c-bb10-4b74-a4b7-9cf408fa59c4 of framework 20151219-012848-50331658-5050-16921-0000
I1219 01:33:11.557603 27342 slave.cpp:2753] Forwarding the update TASK_FINISHED (UUID: 59c741b4-4e30-43d2-9f08-eedc19b0363c) for task 1450488780023-www-data-devel-job9-0-6cf4632c-bb10-4b74-a4b7-9cf408fa59c4 of framework 20151219-012848-50331658-5050-16921-0000 to master@10.0.0.3:5050
I1219 01:33:11.557710 27342 slave.cpp:2686] Sending acknowledgement for status update TASK_FINISHED (UUID: 59c741b4-4e30-43d2-9f08-eedc19b0363c) for task 1450488780023-www-data-devel-job9-0-6cf4632c-bb10-4b74-a4b7-9cf408fa59c4 of framework 20151219-012848-50331658-5050-16921-0000 to executor(1)@10.0.0.5:42227
I1219 01:33:11.569414 27344 status_update_manager.cpp:389] Received status update acknowledgement (UUID: 59c741b4-4e30-43d2-9f08-eedc19b0363c) for task 1450488780023-www-data-devel-job9-0-6cf4632c-bb10-4b74-a4b7-9cf408fa59c4 of framework 20151219-012848-50331658-5050-16921-0000
I1219 01:33:11.569445 27344 status_update_manager.hpp:346] Checkpointing ACK for status update TASK_FINISHED (UUID: 59c741b4-4e30-43d2-9f08-eedc19b0363c) for task 1450488780023-www-data-devel-job9-0-6cf4632c-bb10-4b74-a4b7-9cf408fa59c4 of framework 20151219-012848-50331658-5050-16921-0000
I1219 01:33:15.256201 27342 group.cpp:418] Lost connection to ZooKeeper, attempting to reconnect ...
I1219 01:33:16.591887 27347 containerizer.cpp:1111] Executor for container '018df7df-7541-4a1e-aa63-b0ac1b4c784e' has exited
I1219 01:33:16.591930 27347 containerizer.cpp:906] Destroying container '018df7df-7541-4a1e-aa63-b0ac1b4c784e'
I1219 01:33:16.593152 27337 slave.cpp:3193] Executor 'thermos-1450488780023-www-data-devel-job9-0-6cf4632c-bb10-4b74-a4b7-9cf408fa59c4' of framework 20151219-012848-50331658-5050-16921-0000 exited with status 0
I1219 01:33:16.593262 27337 slave.cpp:3302] Cleaning up executor 'thermos-1450488780023-www-data-devel-job9-0-6cf4632c-bb10-4b74-a4b7-9cf408fa59c4' of framework 20151219-012848-50331658-5050-16921-0000
I1219 01:33:16.593511 27341 gc.cpp:56] Scheduling '/var/lib/mesos/slave/slaves/20151219-012848-50331658-5050-16921-S1/frameworks/20151219-012848-50331658-5050-16921-0000/executors/thermos-1450488780023-www-data-devel-job9-0-6cf4632c-bb10-4b74-a4b7-9cf408fa59c4/runs/018df7df-7541-4a1e-aa63-b0ac1b4c784e' for gc 6.99999313112296days in the future
I1219 01:33:16.593567 27341 gc.cpp:56] Scheduling '/var/lib/mesos/slave/slaves/20151219-012848-50331658-5050-16921-S1/frameworks/20151219-012848-50331658-5050-16921-0000/executors/thermos-1450488780023-www-data-devel-job9-0-6cf4632c-bb10-4b74-a4b7-9cf408fa59c4' for gc 6.99999313021926days in the future
I1219 01:33:16.593605 27341 gc.cpp:56] Scheduling '/var/lib/mesos/slave/meta/slaves/20151219-012848-50331658-5050-16921-S1/frameworks/20151219-012848-50331658-5050-16921-0000/executors/thermos-1450488780023-www-data-devel-job9-0-6cf4632c-bb10-4b74-a4b7-9cf408fa59c4/runs/018df7df-7541-4a1e-aa63-b0ac1b4c784e' for gc 6.99999312973333days in the future
I1219 01:33:16.593664 27337 gc.cpp:56] Scheduling '/var/lib/mesos/slave/meta/slaves/20151219-012848-50331658-5050-16921-S1/frameworks/20151219-012848-50331658-5050-16921-0000/executors/thermos-1450488780023-www-data-devel-job9-0-6cf4632c-bb10-4b74-a4b7-9cf408fa59c4' for gc 6.99999312919111days in the future
I1219 01:33:16.607923 27344 slave.cpp:1121] Got assigned task 1450488780072-www-data-devel-job5-0-4a8cc232-adf2-4ea7-ba8e-73e4ca3ae3cc for framework 20151219-012848-50331658-5050-16921-0000
I1219 01:33:16.608125 27344 slave.cpp:1231] Launching task 1450488780072-www-data-devel-job5-0-4a8cc232-adf2-4ea7-ba8e-73e4ca3ae3cc for framework 20151219-012848-50331658-5050-16921-0000
I1219 01:33:16.609674 27344 slave.cpp:4160] Launching executor thermos-1450488780072-www-data-devel-job5-0-4a8cc232-adf2-4ea7-ba8e-73e4ca3ae3cc of framework 20151219-012848-50331658-5050-16921-0000 in work directory '/var/lib/mesos/slave/slaves/20151219-012848-50331658-5050-16921-S1/frameworks/20151219-012848-50331658-5050-16921-0000/executors/thermos-1450488780072-www-data-devel-job5-0-4a8cc232-adf2-4ea7-ba8e-73e4ca3ae3cc/runs/27fe06c3-97fa-41d9-8c01-388618504397'
I1219 01:33:16.609766 27339 containerizer.cpp:472] Starting container '27fe06c3-97fa-41d9-8c01-388618504397' for executor 'thermos-1450488780072-www-data-devel-job5-0-4a8cc232-adf2-4ea7-ba8e-73e4ca3ae3cc' of framework '20151219-012848-50331658-5050-16921-0000'
I1219 01:33:16.610868 27344 slave.cpp:1378] Queuing task '1450488780072-www-data-devel-job5-0-4a8cc232-adf2-4ea7-ba8e-73e4ca3ae3cc' for executor thermos-1450488780072-www-data-devel-job5-0-4a8cc232-adf2-4ea7-ba8e-73e4ca3ae3cc of framework '20151219-012848-50331658-5050-16921-0000
I1219 01:33:16.610918 27339 launcher.cpp:130] Forked child with pid '28014' for container '27fe06c3-97fa-41d9-8c01-388618504397'
I1219 01:33:16.611172 27339 containerizer.cpp:682] Checkpointing executor's forked pid 28014 to '/var/lib/mesos/slave/meta/slaves/20151219-012848-50331658-5050-16921-S1/frameworks/20151219-012848-50331658-5050-16921-0000/executors/thermos-1450488780072-www-data-devel-job5-0-4a8cc232-adf2-4ea7-ba8e-73e4ca3ae3cc/runs/27fe06c3-97fa-41d9-8c01-388618504397/pids/forked.pid'
I1219 01:33:16.614650 27338 fetcher.cpp:238] Fetching URIs using command '/usr/libexec/mesos/mesos-fetcher'
I1219 01:33:16.692589 27343 slave.cpp:3135] Monitoring executor 'thermos-1450488780072-www-data-devel-job5-0-4a8cc232-adf2-4ea7-ba8e-73e4ca3ae3cc' of framework '20151219-012848-50331658-5050-16921-0000' in container '27fe06c3-97fa-41d9-8c01-388618504397'
I1219 01:33:16.785013 27349 slave.cpp:2508] Handling status update TASK_FINISHED (UUID: 9a216f70-dbdc-43b7-8f0a-ede1073c4234) for task 1450488780042-www-data-devel-job7-0-d19eada8-463e-4244-bebf-17c04cd8b445 of framework 20151219-012848-50331658-5050-16921-0000 from executor(1)@10.0.0.5:56797
I1219 01:33:16.785573 27350 status_update_manager.cpp:317] Received status update TASK_FINISHED (UUID: 9a216f70-dbdc-43b7-8f0a-ede1073c4234) for task 1450488780042-www-data-devel-job7-0-d19eada8-463e-4244-bebf-17c04cd8b445 of framework 20151219-012848-50331658-5050-16921-0000
I1219 01:33:16.785624 27350 status_update_manager.hpp:346] Checkpointing UPDATE for status update TASK_FINISHED (UUID: 9a216f70-dbdc-43b7-8f0a-ede1073c4234) for task 1450488780042-www-data-devel-job7-0-d19eada8-463e-4244-bebf-17c04cd8b445 of framework 20151219-012848-50331658-5050-16921-0000
I1219 01:33:16.790398 27345 slave.cpp:2753] Forwarding the update TASK_FINISHED (UUID: 9a216f70-dbdc-43b7-8f0a-ede1073c4234) for task 1450488780042-www-data-devel-job7-0-d19eada8-463e-4244-bebf-17c04cd8b445 of framework 20151219-012848-50331658-5050-16921-0000 to master@10.0.0.3:5050
I1219 01:33:16.790487 27345 slave.cpp:2686] Sending acknowledgement for status update TASK_FINISHED (UUID: 9a216f70-dbdc-43b7-8f0a-ede1073c4234) for task 1450488780042-www-data-devel-job7-0-d19eada8-463e-4244-bebf-17c04cd8b445 of framework 20151219-012848-50331658-5050-16921-0000 to executor(1)@10.0.0.5:56797
I1219 01:33:16.800532 27344 status_update_manager.cpp:389] Received status update acknowledgement (UUID: 9a216f70-dbdc-43b7-8f0a-ede1073c4234) for task 1450488780042-www-data-devel-job7-0-d19eada8-463e-4244-bebf-17c04cd8b445 of framework 20151219-012848-50331658-5050-16921-0000
I1219 01:33:16.800565 27344 status_update_manager.hpp:346] Checkpointing ACK for status update TASK_FINISHED (UUID: 9a216f70-dbdc-43b7-8f0a-ede1073c4234) for task 1450488780042-www-data-devel-job7-0-d19eada8-463e-4244-bebf-17c04cd8b445 of framework 20151219-012848-50331658-5050-16921-0000
I1219 01:33:17.190738 27350 slave.cpp:2141] Got registration for executor 'thermos-1450488780072-www-data-devel-job5-0-4a8cc232-adf2-4ea7-ba8e-73e4ca3ae3cc' of framework 20151219-012848-50331658-5050-16921-0000 from executor(1)@10.0.0.5:59156
I1219 01:33:17.191660 27345 slave.cpp:1532] Sending queued task '1450488780072-www-data-devel-job5-0-4a8cc232-adf2-4ea7-ba8e-73e4ca3ae3cc' to executor 'thermos-1450488780072-www-data-devel-job5-0-4a8cc232-adf2-4ea7-ba8e-73e4ca3ae3cc' of framework 20151219-012848-50331658-5050-16921-0000
I1219 01:33:17.197299 27336 slave.cpp:2508] Handling status update TASK_STARTING (UUID: 27f00e2c-179d-4edd-a1ea-51fce8d6cd0d) for task 1450488780072-www-data-devel-job5-0-4a8cc232-adf2-4ea7-ba8e-73e4ca3ae3cc of framework 20151219-012848-50331658-5050-16921-0000 from executor(1)@10.0.0.5:59156
I1219 01:33:17.197455 27350 status_update_manager.cpp:317] Received status update TASK_STARTING (UUID: 27f00e2c-179d-4edd-a1ea-51fce8d6cd0d) for task 1450488780072-www-data-devel-job5-0-4a8cc232-adf2-4ea7-ba8e-73e4ca3ae3cc of framework 20151219-012848-50331658-5050-16921-0000
I1219 01:33:17.197816 27350 status_update_manager.hpp:346] Checkpointing UPDATE for status update TASK_STARTING (UUID: 27f00e2c-179d-4edd-a1ea-51fce8d6cd0d) for task 1450488780072-www-data-devel-job5-0-4a8cc232-adf2-4ea7-ba8e-73e4ca3ae3cc of framework 20151219-012848-50331658-5050-16921-0000
I1219 01:33:17.201680 27336 slave.cpp:2753] Forwarding the update TASK_STARTING (UUID: 27f00e2c-179d-4edd-a1ea-51fce8d6cd0d) for task 1450488780072-www-data-devel-job5-0-4a8cc232-adf2-4ea7-ba8e-73e4ca3ae3cc of framework 20151219-012848-50331658-5050-16921-0000 to master@10.0.0.3:5050
I1219 01:33:17.201772 27336 slave.cpp:2686] Sending acknowledgement for status update TASK_STARTING (UUID: 27f00e2c-179d-4edd-a1ea-51fce8d6cd0d) for task 1450488780072-www-data-devel-job5-0-4a8cc232-adf2-4ea7-ba8e-73e4ca3ae3cc of framework 20151219-012848-50331658-5050-16921-0000 to executor(1)@10.0.0.5:59156
I1219 01:33:17.211060 27345 status_update_manager.cpp:389] Received status update acknowledgement (UUID: 27f00e2c-179d-4edd-a1ea-51fce8d6cd0d) for task 1450488780072-www-data-devel-job5-0-4a8cc232-adf2-4ea7-ba8e-73e4ca3ae3cc of framework 20151219-012848-50331658-5050-16921-0000
I1219 01:33:17.211107 27345 status_update_manager.hpp:346] Checkpointing ACK for status update TASK_STARTING (UUID: 27f00e2c-179d-4edd-a1ea-51fce8d6cd0d) for task 1450488780072-www-data-devel-job5-0-4a8cc232-adf2-4ea7-ba8e-73e4ca3ae3cc of framework 20151219-012848-50331658-5050-16921-0000
I1219 01:33:17.777139 27339 slave.cpp:2508] Handling status update TASK_RUNNING (UUID: e331b8da-e203-4aa1-b894-6f29b106b24f) for task 1450488780072-www-data-devel-job5-0-4a8cc232-adf2-4ea7-ba8e-73e4ca3ae3cc of framework 20151219-012848-50331658-5050-16921-0000 from executor(1)@10.0.0.5:59156
I1219 01:33:17.777323 27337 status_update_manager.cpp:317] Received status update TASK_RUNNING (UUID: e331b8da-e203-4aa1-b894-6f29b106b24f) for task 1450488780072-www-data-devel-job5-0-4a8cc232-adf2-4ea7-ba8e-73e4ca3ae3cc of framework 20151219-012848-50331658-5050-16921-0000
I1219 01:33:17.777405 27337 status_update_manager.hpp:346] Checkpointing UPDATE for status update TASK_RUNNING (UUID: e331b8da-e203-4aa1-b894-6f29b106b24f) for task 1450488780072-www-data-devel-job5-0-4a8cc232-adf2-4ea7-ba8e-73e4ca3ae3cc of framework 20151219-012848-50331658-5050-16921-0000
I1219 01:33:17.781435 27348 slave.cpp:2753] Forwarding the update TASK_RUNNING (UUID: e331b8da-e203-4aa1-b894-6f29b106b24f) for task 1450488780072-www-data-devel-job5-0-4a8cc232-adf2-4ea7-ba8e-73e4ca3ae3cc of framework 20151219-012848-50331658-5050-16921-0000 to master@10.0.0.3:5050
I1219 01:33:17.781550 27348 slave.cpp:2686] Sending acknowledgement for status update TASK_RUNNING (UUID: e331b8da-e203-4aa1-b894-6f29b106b24f) for task 1450488780072-www-data-devel-job5-0-4a8cc232-adf2-4ea7-ba8e-73e4ca3ae3cc of framework 20151219-012848-50331658-5050-16921-0000 to executor(1)@10.0.0.5:59156
I1219 01:33:17.791172 27337 status_update_manager.cpp:389] Received status update acknowledgement (UUID: e331b8da-e203-4aa1-b894-6f29b106b24f) for task 1450488780072-www-data-devel-job5-0-4a8cc232-adf2-4ea7-ba8e-73e4ca3ae3cc of framework 20151219-012848-50331658-5050-16921-0000
I1219 01:33:17.791200 27337 status_update_manager.hpp:346] Checkpointing ACK for status update TASK_RUNNING (UUID: e331b8da-e203-4aa1-b894-6f29b106b24f) for task 1450488780072-www-data-devel-job5-0-4a8cc232-adf2-4ea7-ba8e-73e4ca3ae3cc of framework 20151219-012848-50331658-5050-16921-0000
I1219 01:33:21.919009 27341 containerizer.cpp:1111] Executor for container 'f5d8d3a2-9559-4326-9e45-4e5733c14c1b' has exited
I1219 01:33:21.919129 27341 containerizer.cpp:906] Destroying container 'f5d8d3a2-9559-4326-9e45-4e5733c14c1b'
I1219 01:33:21.921087 27336 slave.cpp:3193] Executor 'thermos-1450488780042-www-data-devel-job7-0-d19eada8-463e-4244-bebf-17c04cd8b445' of framework 20151219-012848-50331658-5050-16921-0000 exited with status 0
I1219 01:33:21.921283 27336 slave.cpp:3302] Cleaning up executor 'thermos-1450488780042-www-data-devel-job7-0-d19eada8-463e-4244-bebf-17c04cd8b445' of framework 20151219-012848-50331658-5050-16921-0000
I1219 01:33:21.921622 27347 gc.cpp:56] Scheduling '/var/lib/mesos/slave/slaves/20151219-012848-50331658-5050-16921-S1/frameworks/20151219-012848-50331658-5050-16921-0000/executors/thermos-1450488780042-www-data-devel-job7-0-d19eada8-463e-4244-bebf-17c04cd8b445/runs/f5d8d3a2-9559-4326-9e45-4e5733c14c1b' for gc 6.99998933389926days in the future
I1219 01:33:21.921700 27347 gc.cpp:56] Scheduling '/var/lib/mesos/slave/slaves/20151219-012848-50331658-5050-16921-S1/frameworks/20151219-012848-50331658-5050-16921-0000/executors/thermos-1450488780042-www-data-devel-job7-0-d19eada8-463e-4244-bebf-17c04cd8b445' for gc 6.99998933272days in the future
I1219 01:33:21.921733 27347 gc.cpp:56] Scheduling '/var/lib/mesos/slave/meta/slaves/20151219-012848-50331658-5050-16921-S1/frameworks/20151219-012848-50331658-5050-16921-0000/executors/thermos-1450488780042-www-data-devel-job7-0-d19eada8-463e-4244-bebf-17c04cd8b445/runs/f5d8d3a2-9559-4326-9e45-4e5733c14c1b' for gc 6.99998933197926days in the future
I1219 01:33:21.921845 27336 gc.cpp:56] Scheduling '/var/lib/mesos/slave/meta/slaves/20151219-012848-50331658-5050-16921-S1/frameworks/20151219-012848-50331658-5050-16921-0000/executors/thermos-1450488780042-www-data-devel-job7-0-d19eada8-463e-4244-bebf-17c04cd8b445' for gc 6.99998933107852days in the future
W1219 01:33:25.257277 27344 group.cpp:456] Timed out waiting to reconnect to ZooKeeper. Forcing ZooKeeper session (sessionId=151b7da7e110000) expiration
I1219 01:33:25.257809 27344 group.cpp:472] ZooKeeper session expired
I1219 01:33:25.258079 27349 detector.cpp:138] Detected a new leader: None
I1219 01:33:25.258374 27350 slave.cpp:617] Lost leading master
I1219 01:33:25.258541 27350 slave.cpp:660] Detecting new master
I1219 01:33:25.258404 27337 status_update_manager.cpp:171] Pausing sending status updates
I1219 01:33:25.263622 27343 group.cpp:313] Group process (group(1)@10.0.0.5:5051) connected to ZooKeeper
I1219 01:33:25.263705 27343 group.cpp:790] Syncing group operations: queue size (joins, cancels, datas) = (0, 0, 0)
I1219 01:33:25.263720 27343 group.cpp:385] Trying to create path '/mesos' in ZooKeeper
I1219 01:33:25.265185 27340 detector.cpp:138] Detected a new leader: (id='0')
I1219 01:33:25.265367 27345 group.cpp:659] Trying to get '/mesos/info_0000000000' in ZooKeeper
I1219 01:33:25.266155 27345 detector.cpp:452] A new leading master (UPID=master@10.0.0.3:5050) is detected
I1219 01:33:25.266322 27337 status_update_manager.cpp:171] Pausing sending status updates
I1219 01:33:25.266331 27335 slave.cpp:624] New master detected at master@10.0.0.3:5050
I1219 01:33:25.266420 27335 slave.cpp:649] No credentials provided. Attempting to register without authentication
I1219 01:33:25.266443 27335 slave.cpp:660] Detecting new master
I1219 01:33:25.575676 27349 slave.cpp:860] Re-registered with master master@10.0.0.3:5050
I1219 01:33:25.575774 27349 slave.cpp:1922] Updating framework 20151219-012848-50331658-5050-16921-0000 pid to scheduler-b89fdd31-37df-40f9-b911-208c2f68fbb7@10.0.0.4:8083
I1219 01:33:25.575778 27343 status_update_manager.cpp:178] Resuming sending status updates
I1219 01:33:25.576279 27341 status_update_manager.cpp:178] Resuming sending status updates
I1219 01:33:25.576493 27349 slave.cpp:2010] Updated checkpointed resources from  to 
I1219 01:33:26.931776 27340 slave.cpp:2508] Handling status update TASK_FINISHED (UUID: 377eee36-3b43-4d1a-b695-96a206cb7252) for task 1450488780072-www-data-devel-job5-0-4a8cc232-adf2-4ea7-ba8e-73e4ca3ae3cc of framework 20151219-012848-50331658-5050-16921-0000 from executor(1)@10.0.0.5:59156
I1219 01:33:26.932521 27340 status_update_manager.cpp:317] Received status update TASK_FINISHED (UUID: 377eee36-3b43-4d1a-b695-96a206cb7252) for task 1450488780072-www-data-devel-job5-0-4a8cc232-adf2-4ea7-ba8e-73e4ca3ae3cc of framework 20151219-012848-50331658-5050-16921-0000
I1219 01:33:26.932575 27340 status_update_manager.hpp:346] Checkpointing UPDATE for status update TASK_FINISHED (UUID: 377eee36-3b43-4d1a-b695-96a206cb7252) for task 1450488780072-www-data-devel-job5-0-4a8cc232-adf2-4ea7-ba8e-73e4ca3ae3cc of framework 20151219-012848-50331658-5050-16921-0000
I1219 01:33:26.937221 27348 slave.cpp:2753] Forwarding the update TASK_FINISHED (UUID: 377eee36-3b43-4d1a-b695-96a206cb7252) for task 1450488780072-www-data-devel-job5-0-4a8cc232-adf2-4ea7-ba8e-73e4ca3ae3cc of framework 20151219-012848-50331658-5050-16921-0000 to master@10.0.0.3:5050
I1219 01:33:26.937430 27348 slave.cpp:2686] Sending acknowledgement for status update TASK_FINISHED (UUID: 377eee36-3b43-4d1a-b695-96a206cb7252) for task 1450488780072-www-data-devel-job5-0-4a8cc232-adf2-4ea7-ba8e-73e4ca3ae3cc of framework 20151219-012848-50331658-5050-16921-0000 to executor(1)@10.0.0.5:59156
I1219 01:33:26.949692 27343 status_update_manager.cpp:389] Received status update acknowledgement (UUID: 377eee36-3b43-4d1a-b695-96a206cb7252) for task 1450488780072-www-data-devel-job5-0-4a8cc232-adf2-4ea7-ba8e-73e4ca3ae3cc of framework 20151219-012848-50331658-5050-16921-0000
I1219 01:33:26.949759 27343 status_update_manager.hpp:346] Checkpointing ACK for status update TASK_FINISHED (UUID: 377eee36-3b43-4d1a-b695-96a206cb7252) for task 1450488780072-www-data-devel-job5-0-4a8cc232-adf2-4ea7-ba8e-73e4ca3ae3cc of framework 20151219-012848-50331658-5050-16921-0000
I1219 01:33:31.968446 27344 containerizer.cpp:1111] Executor for container '27fe06c3-97fa-41d9-8c01-388618504397' has exited
I1219 01:33:31.968556 27344 containerizer.cpp:906] Destroying container '27fe06c3-97fa-41d9-8c01-388618504397'
I1219 01:33:31.969812 27337 slave.cpp:3193] Executor 'thermos-1450488780072-www-data-devel-job5-0-4a8cc232-adf2-4ea7-ba8e-73e4ca3ae3cc' of framework 20151219-012848-50331658-5050-16921-0000 exited with status 0
I1219 01:33:31.969920 27337 slave.cpp:3302] Cleaning up executor 'thermos-1450488780072-www-data-devel-job5-0-4a8cc232-adf2-4ea7-ba8e-73e4ca3ae3cc' of framework 20151219-012848-50331658-5050-16921-0000
I1219 01:33:31.970165 27339 gc.cpp:56] Scheduling '/var/lib/mesos/slave/slaves/20151219-012848-50331658-5050-16921-S1/frameworks/20151219-012848-50331658-5050-16921-0000/executors/thermos-1450488780072-www-data-devel-job5-0-4a8cc232-adf2-4ea7-ba8e-73e4ca3ae3cc/runs/27fe06c3-97fa-41d9-8c01-388618504397' for gc 6.99998877174815days in the future
I1219 01:33:31.970212 27339 gc.cpp:56] Scheduling '/var/lib/mesos/slave/slaves/20151219-012848-50331658-5050-16921-S1/frameworks/20151219-012848-50331658-5050-16921-0000/executors/thermos-1450488780072-www-data-devel-job5-0-4a8cc232-adf2-4ea7-ba8e-73e4ca3ae3cc' for gc 6.9999887708days in the future
I1219 01:33:31.970312 27341 gc.cpp:56] Scheduling '/var/lib/mesos/slave/meta/slaves/20151219-012848-50331658-5050-16921-S1/frameworks/20151219-012848-50331658-5050-16921-0000/executors/thermos-1450488780072-www-data-devel-job5-0-4a8cc232-adf2-4ea7-ba8e-73e4ca3ae3cc/runs/27fe06c3-97fa-41d9-8c01-388618504397' for gc 6.99998876988444days in the future
I1219 01:33:31.970346 27337 slave.cpp:3381] Cleaning up framework 20151219-012848-50331658-5050-16921-0000
I1219 01:33:31.970356 27341 gc.cpp:56] Scheduling '/var/lib/mesos/slave/meta/slaves/20151219-012848-50331658-5050-16921-S1/frameworks/20151219-012848-50331658-5050-16921-0000/executors/thermos-1450488780072-www-data-devel-job5-0-4a8cc232-adf2-4ea7-ba8e-73e4ca3ae3cc' for gc 6.9999887692237days in the future
I1219 01:33:31.970424 27339 status_update_manager.cpp:279] Closing status update streams for framework 20151219-012848-50331658-5050-16921-0000
I1219 01:33:31.970521 27342 gc.cpp:56] Scheduling '/var/lib/mesos/slave/slaves/20151219-012848-50331658-5050-16921-S1/frameworks/20151219-012848-50331658-5050-16921-0000' for gc 6.99998876778963days in the future
I1219 01:33:31.970619 27342 gc.cpp:56] Scheduling '/var/lib/mesos/slave/meta/slaves/20151219-012848-50331658-5050-16921-S1/frameworks/20151219-012848-50331658-5050-16921-0000' for gc 6.99998876689778days in the future
I1219 01:33:48.592944 27342 slave.cpp:3618] Current disk usage 68.97%. Max allowed age: 1.472084943407743days
I1219 01:34:00.119223 27345 slave.cpp:1121] Got assigned task 1450488840017-www-data-devel-job6-0-e6a4b8b4-00f5-4d72-a933-009b8c72947a for framework 20151219-012848-50331658-5050-16921-0000
I1219 01:34:00.120488 27345 gc.cpp:84] Unscheduling '/var/lib/mesos/slave/slaves/20151219-012848-50331658-5050-16921-S1/frameworks/20151219-012848-50331658-5050-16921-0000' from gc
I1219 01:34:00.120606 27338 gc.cpp:84] Unscheduling '/var/lib/mesos/slave/meta/slaves/20151219-012848-50331658-5050-16921-S1/frameworks/20151219-012848-50331658-5050-16921-0000' from gc
I1219 01:34:00.120728 27349 slave.cpp:1231] Launching task 1450488840017-www-data-devel-job6-0-e6a4b8b4-00f5-4d72-a933-009b8c72947a for framework 20151219-012848-50331658-5050-16921-0000
I1219 01:34:00.123942 27349 slave.cpp:4160] Launching executor thermos-1450488840017-www-data-devel-job6-0-e6a4b8b4-00f5-4d72-a933-009b8c72947a of framework 20151219-012848-50331658-5050-16921-0000 in work directory '/var/lib/mesos/slave/slaves/20151219-012848-50331658-5050-16921-S1/frameworks/20151219-012848-50331658-5050-16921-0000/executors/thermos-1450488840017-www-data-devel-job6-0-e6a4b8b4-00f5-4d72-a933-009b8c72947a/runs/8b8ad01d-f37f-4e1c-826e-40bd44784c0f'
I1219 01:34:00.124090 27338 containerizer.cpp:472] Starting container '8b8ad01d-f37f-4e1c-826e-40bd44784c0f' for executor 'thermos-1450488840017-www-data-devel-job6-0-e6a4b8b4-00f5-4d72-a933-009b8c72947a' of framework '20151219-012848-50331658-5050-16921-0000'
I1219 01:34:00.125403 27338 launcher.cpp:130] Forked child with pid '28082' for container '8b8ad01d-f37f-4e1c-826e-40bd44784c0f'
I1219 01:34:00.125531 27349 slave.cpp:1378] Queuing task '1450488840017-www-data-devel-job6-0-e6a4b8b4-00f5-4d72-a933-009b8c72947a' for executor thermos-1450488840017-www-data-devel-job6-0-e6a4b8b4-00f5-4d72-a933-009b8c72947a of framework '20151219-012848-50331658-5050-16921-0000
I1219 01:34:00.125689 27338 containerizer.cpp:682] Checkpointing executor's forked pid 28082 to '/var/lib/mesos/slave/meta/slaves/20151219-012848-50331658-5050-16921-S1/frameworks/20151219-012848-50331658-5050-16921-0000/executors/thermos-1450488840017-www-data-devel-job6-0-e6a4b8b4-00f5-4d72-a933-009b8c72947a/runs/8b8ad01d-f37f-4e1c-826e-40bd44784c0f/pids/forked.pid'
I1219 01:34:00.129465 27347 fetcher.cpp:238] Fetching URIs using command '/usr/libexec/mesos/mesos-fetcher'
I1219 01:34:00.193060 27338 slave.cpp:3135] Monitoring executor 'thermos-1450488840017-www-data-devel-job6-0-e6a4b8b4-00f5-4d72-a933-009b8c72947a' of framework '20151219-012848-50331658-5050-16921-0000' in container '8b8ad01d-f37f-4e1c-826e-40bd44784c0f'
I1219 01:34:00.692431 27335 slave.cpp:2141] Got registration for executor 'thermos-1450488840017-www-data-devel-job6-0-e6a4b8b4-00f5-4d72-a933-009b8c72947a' of framework 20151219-012848-50331658-5050-16921-0000 from executor(1)@10.0.0.5:44147
I1219 01:34:00.693356 27335 slave.cpp:1532] Sending queued task '1450488840017-www-data-devel-job6-0-e6a4b8b4-00f5-4d72-a933-009b8c72947a' to executor 'thermos-1450488840017-www-data-devel-job6-0-e6a4b8b4-00f5-4d72-a933-009b8c72947a' of framework 20151219-012848-50331658-5050-16921-0000
I1219 01:34:00.699035 27346 slave.cpp:2508] Handling status update TASK_STARTING (UUID: 71af9e2a-4ed5-47a5-8dc2-f9f59f96d8df) for task 1450488840017-www-data-devel-job6-0-e6a4b8b4-00f5-4d72-a933-009b8c72947a of framework 20151219-012848-50331658-5050-16921-0000 from executor(1)@10.0.0.5:44147
I1219 01:34:00.699206 27345 status_update_manager.cpp:317] Received status update TASK_STARTING (UUID: 71af9e2a-4ed5-47a5-8dc2-f9f59f96d8df) for task 1450488840017-www-data-devel-job6-0-e6a4b8b4-00f5-4d72-a933-009b8c72947a of framework 20151219-012848-50331658-5050-16921-0000
I1219 01:34:00.699592 27345 status_update_manager.hpp:346] Checkpointing UPDATE for status update TASK_STARTING (UUID: 71af9e2a-4ed5-47a5-8dc2-f9f59f96d8df) for task 1450488840017-www-data-devel-job6-0-e6a4b8b4-00f5-4d72-a933-009b8c72947a of framework 20151219-012848-50331658-5050-16921-0000
I1219 01:34:00.704566 27346 slave.cpp:2753] Forwarding the update TASK_STARTING (UUID: 71af9e2a-4ed5-47a5-8dc2-f9f59f96d8df) for task 1450488840017-www-data-devel-job6-0-e6a4b8b4-00f5-4d72-a933-009b8c72947a of framework 20151219-012848-50331658-5050-16921-0000 to master@10.0.0.3:5050
I1219 01:34:00.704695 27346 slave.cpp:2686] Sending acknowledgement for status update TASK_STARTING (UUID: 71af9e2a-4ed5-47a5-8dc2-f9f59f96d8df) for task 1450488840017-www-data-devel-job6-0-e6a4b8b4-00f5-4d72-a933-009b8c72947a of framework 20151219-012848-50331658-5050-16921-0000 to executor(1)@10.0.0.5:44147
I1219 01:34:00.714051 27345 status_update_manager.cpp:389] Received status update acknowledgement (UUID: 71af9e2a-4ed5-47a5-8dc2-f9f59f96d8df) for task 1450488840017-www-data-devel-job6-0-e6a4b8b4-00f5-4d72-a933-009b8c72947a of framework 20151219-012848-50331658-5050-16921-0000
I1219 01:34:00.714088 27345 status_update_manager.hpp:346] Checkpointing ACK for status update TASK_STARTING (UUID: 71af9e2a-4ed5-47a5-8dc2-f9f59f96d8df) for task 1450488840017-www-data-devel-job6-0-e6a4b8b4-00f5-4d72-a933-009b8c72947a of framework 20151219-012848-50331658-5050-16921-0000
