I1219 01:51:26.967615 28189 status_update_manager.cpp:389] Received status update acknowledgement (UUID: 5d8c7f03-f7af-4f08-9475-3bd93d89a7bc) for task 1450489860036-www-data-devel-job15-0-ed919106-f312-4215-b6f2-c954940f239e of framework 20151219-012848-50331658-5050-16921-0000
I1219 01:51:26.967643 28189 status_update_manager.hpp:346] Checkpointing ACK for status update TASK_FINISHED (UUID: 5d8c7f03-f7af-4f08-9475-3bd93d89a7bc) for task 1450489860036-www-data-devel-job15-0-ed919106-f312-4215-b6f2-c954940f239e of framework 20151219-012848-50331658-5050-16921-0000
I1219 01:51:31.994393 28185 containerizer.cpp:1111] Executor for container '43cc4612-472f-4905-a99f-a0e328dfc40f' has exited
I1219 01:51:31.994458 28185 containerizer.cpp:906] Destroying container '43cc4612-472f-4905-a99f-a0e328dfc40f'
I1219 01:51:31.995923 28196 slave.cpp:3193] Executor 'thermos-1450489860036-www-data-devel-job15-0-ed919106-f312-4215-b6f2-c954940f239e' of framework 20151219-012848-50331658-5050-16921-0000 exited with status 0
I1219 01:51:31.996069 28196 slave.cpp:3302] Cleaning up executor 'thermos-1450489860036-www-data-devel-job15-0-ed919106-f312-4215-b6f2-c954940f239e' of framework 20151219-012848-50331658-5050-16921-0000
I1219 01:51:31.996402 28186 gc.cpp:56] Scheduling '/var/lib/mesos/slave/slaves/20151219-012848-50331658-5050-16921-S2/frameworks/20151219-012848-50331658-5050-16921-0000/executors/thermos-1450489860036-www-data-devel-job15-0-ed919106-f312-4215-b6f2-c954940f239e/runs/43cc4612-472f-4905-a99f-a0e328dfc40f' for gc 6.99998846824days in the future
I1219 01:51:31.996469 28186 gc.cpp:56] Scheduling '/var/lib/mesos/slave/slaves/20151219-012848-50331658-5050-16921-S2/frameworks/20151219-012848-50331658-5050-16921-0000/executors/thermos-1450489860036-www-data-devel-job15-0-ed919106-f312-4215-b6f2-c954940f239e' for gc 6.99998846729185days in the future
I1219 01:51:31.996507 28186 gc.cpp:56] Scheduling '/var/lib/mesos/slave/meta/slaves/20151219-012848-50331658-5050-16921-S2/frameworks/20151219-012848-50331658-5050-16921-0000/executors/thermos-1450489860036-www-data-devel-job15-0-ed919106-f312-4215-b6f2-c954940f239e/runs/43cc4612-472f-4905-a99f-a0e328dfc40f' for gc 6.99998846660741days in the future
I1219 01:51:31.996584 28186 gc.cpp:56] Scheduling '/var/lib/mesos/slave/meta/slaves/20151219-012848-50331658-5050-16921-S2/frameworks/20151219-012848-50331658-5050-16921-0000/executors/thermos-1450489860036-www-data-devel-job15-0-ed919106-f312-4215-b6f2-c954940f239e' for gc 6.99998846613333days in the future
I1219 01:51:31.996536 28196 slave.cpp:3381] Cleaning up framework 20151219-012848-50331658-5050-16921-0000
I1219 01:51:31.996726 28185 status_update_manager.cpp:279] Closing status update streams for framework 20151219-012848-50331658-5050-16921-0000
I1219 01:51:31.996812 28190 gc.cpp:56] Scheduling '/var/lib/mesos/slave/slaves/20151219-012848-50331658-5050-16921-S2/frameworks/20151219-012848-50331658-5050-16921-0000' for gc 6.99998846359704days in the future
I1219 01:51:31.996873 28190 gc.cpp:56] Scheduling '/var/lib/mesos/slave/meta/slaves/20151219-012848-50331658-5050-16921-S2/frameworks/20151219-012848-50331658-5050-16921-0000' for gc 6.99998846247704days in the future
I1219 01:51:33.031955 28183 slave.cpp:3534] Framework 20151219-012848-50331658-5050-16921-0000 seems to have exited. Ignoring registration timeout for executor 'thermos-1450489800030-www-data-devel-job7-0-d0a5df4e-53a7-42a8-a6d2-21d43faf9aad'
I1219 01:51:54.155022 28187 slave.cpp:3618] Current disk usage 81.50%. Max allowed age: 14.277844199475277hrs
I1219 01:52:00.160225 28182 slave.cpp:1121] Got assigned task 1450489920013-www-data-devel-job9-0-26cdffce-3688-4466-8d46-f5a94649d433 for framework 20151219-012848-50331658-5050-16921-0000
I1219 01:52:00.161414 28182 gc.cpp:84] Unscheduling '/var/lib/mesos/slave/slaves/20151219-012848-50331658-5050-16921-S2/frameworks/20151219-012848-50331658-5050-16921-0000' from gc
I1219 01:52:00.161576 28189 gc.cpp:84] Unscheduling '/var/lib/mesos/slave/meta/slaves/20151219-012848-50331658-5050-16921-S2/frameworks/20151219-012848-50331658-5050-16921-0000' from gc
I1219 01:52:00.161727 28189 slave.cpp:1231] Launching task 1450489920013-www-data-devel-job9-0-26cdffce-3688-4466-8d46-f5a94649d433 for framework 20151219-012848-50331658-5050-16921-0000
I1219 01:52:00.164155 28189 slave.cpp:4160] Launching executor thermos-1450489920013-www-data-devel-job9-0-26cdffce-3688-4466-8d46-f5a94649d433 of framework 20151219-012848-50331658-5050-16921-0000 in work directory '/var/lib/mesos/slave/slaves/20151219-012848-50331658-5050-16921-S2/frameworks/20151219-012848-50331658-5050-16921-0000/executors/thermos-1450489920013-www-data-devel-job9-0-26cdffce-3688-4466-8d46-f5a94649d433/runs/951a6b17-8d1c-4872-9a85-b22f7bc51c41'
I1219 01:52:00.164415 28195 containerizer.cpp:472] Starting container '951a6b17-8d1c-4872-9a85-b22f7bc51c41' for executor 'thermos-1450489920013-www-data-devel-job9-0-26cdffce-3688-4466-8d46-f5a94649d433' of framework '20151219-012848-50331658-5050-16921-0000'
I1219 01:52:00.165518 28195 launcher.cpp:130] Forked child with pid '30714' for container '951a6b17-8d1c-4872-9a85-b22f7bc51c41'
I1219 01:52:00.166409 28195 containerizer.cpp:682] Checkpointing executor's forked pid 30714 to '/var/lib/mesos/slave/meta/slaves/20151219-012848-50331658-5050-16921-S2/frameworks/20151219-012848-50331658-5050-16921-0000/executors/thermos-1450489920013-www-data-devel-job9-0-26cdffce-3688-4466-8d46-f5a94649d433/runs/951a6b17-8d1c-4872-9a85-b22f7bc51c41/pids/forked.pid'
I1219 01:52:00.166447 28189 slave.cpp:1378] Queuing task '1450489920013-www-data-devel-job9-0-26cdffce-3688-4466-8d46-f5a94649d433' for executor thermos-1450489920013-www-data-devel-job9-0-26cdffce-3688-4466-8d46-f5a94649d433 of framework '20151219-012848-50331658-5050-16921-0000
I1219 01:52:00.169812 28186 fetcher.cpp:238] Fetching URIs using command '/usr/libexec/mesos/mesos-fetcher'
I1219 01:52:00.320474 28186 slave.cpp:3135] Monitoring executor 'thermos-1450489920013-www-data-devel-job9-0-26cdffce-3688-4466-8d46-f5a94649d433' of framework '20151219-012848-50331658-5050-16921-0000' in container '951a6b17-8d1c-4872-9a85-b22f7bc51c41'
I1219 01:52:00.821063 28183 slave.cpp:2141] Got registration for executor 'thermos-1450489920013-www-data-devel-job9-0-26cdffce-3688-4466-8d46-f5a94649d433' of framework 20151219-012848-50331658-5050-16921-0000 from executor(1)@10.0.0.6:33819
I1219 01:52:00.822370 28196 slave.cpp:1532] Sending queued task '1450489920013-www-data-devel-job9-0-26cdffce-3688-4466-8d46-f5a94649d433' to executor 'thermos-1450489920013-www-data-devel-job9-0-26cdffce-3688-4466-8d46-f5a94649d433' of framework 20151219-012848-50331658-5050-16921-0000
I1219 01:52:00.828049 28186 slave.cpp:2508] Handling status update TASK_STARTING (UUID: f821f6d7-f577-4819-ad75-35f8e1b8a5ca) for task 1450489920013-www-data-devel-job9-0-26cdffce-3688-4466-8d46-f5a94649d433 of framework 20151219-012848-50331658-5050-16921-0000 from executor(1)@10.0.0.6:33819
I1219 01:52:00.828199 28186 status_update_manager.cpp:317] Received status update TASK_STARTING (UUID: f821f6d7-f577-4819-ad75-35f8e1b8a5ca) for task 1450489920013-www-data-devel-job9-0-26cdffce-3688-4466-8d46-f5a94649d433 of framework 20151219-012848-50331658-5050-16921-0000
I1219 01:52:00.828554 28186 status_update_manager.hpp:346] Checkpointing UPDATE for status update TASK_STARTING (UUID: f821f6d7-f577-4819-ad75-35f8e1b8a5ca) for task 1450489920013-www-data-devel-job9-0-26cdffce-3688-4466-8d46-f5a94649d433 of framework 20151219-012848-50331658-5050-16921-0000
I1219 01:52:00.832923 28189 slave.cpp:2753] Forwarding the update TASK_STARTING (UUID: f821f6d7-f577-4819-ad75-35f8e1b8a5ca) for task 1450489920013-www-data-devel-job9-0-26cdffce-3688-4466-8d46-f5a94649d433 of framework 20151219-012848-50331658-5050-16921-0000 to master@10.0.0.3:5050
I1219 01:52:00.833030 28189 slave.cpp:2686] Sending acknowledgement for status update TASK_STARTING (UUID: f821f6d7-f577-4819-ad75-35f8e1b8a5ca) for task 1450489920013-www-data-devel-job9-0-26cdffce-3688-4466-8d46-f5a94649d433 of framework 20151219-012848-50331658-5050-16921-0000 to executor(1)@10.0.0.6:33819
I1219 01:52:00.840008 28186 status_update_manager.cpp:389] Received status update acknowledgement (UUID: f821f6d7-f577-4819-ad75-35f8e1b8a5ca) for task 1450489920013-www-data-devel-job9-0-26cdffce-3688-4466-8d46-f5a94649d433 of framework 20151219-012848-50331658-5050-16921-0000
I1219 01:52:00.840045 28186 status_update_manager.hpp:346] Checkpointing ACK for status update TASK_STARTING (UUID: f821f6d7-f577-4819-ad75-35f8e1b8a5ca) for task 1450489920013-www-data-devel-job9-0-26cdffce-3688-4466-8d46-f5a94649d433 of framework 20151219-012848-50331658-5050-16921-0000
I1219 01:52:01.408707 28192 slave.cpp:2508] Handling status update TASK_RUNNING (UUID: 81d45a68-88ab-4dd8-8c11-dfe5081cac4d) for task 1450489920013-www-data-devel-job9-0-26cdffce-3688-4466-8d46-f5a94649d433 of framework 20151219-012848-50331658-5050-16921-0000 from executor(1)@10.0.0.6:33819
I1219 01:52:01.408877 28184 status_update_manager.cpp:317] Received status update TASK_RUNNING (UUID: 81d45a68-88ab-4dd8-8c11-dfe5081cac4d) for task 1450489920013-www-data-devel-job9-0-26cdffce-3688-4466-8d46-f5a94649d433 of framework 20151219-012848-50331658-5050-16921-0000
I1219 01:52:01.408931 28184 status_update_manager.hpp:346] Checkpointing UPDATE for status update TASK_RUNNING (UUID: 81d45a68-88ab-4dd8-8c11-dfe5081cac4d) for task 1450489920013-www-data-devel-job9-0-26cdffce-3688-4466-8d46-f5a94649d433 of framework 20151219-012848-50331658-5050-16921-0000
I1219 01:52:01.413310 28190 slave.cpp:2753] Forwarding the update TASK_RUNNING (UUID: 81d45a68-88ab-4dd8-8c11-dfe5081cac4d) for task 1450489920013-www-data-devel-job9-0-26cdffce-3688-4466-8d46-f5a94649d433 of framework 20151219-012848-50331658-5050-16921-0000 to master@10.0.0.3:5050
I1219 01:52:01.413425 28190 slave.cpp:2686] Sending acknowledgement for status update TASK_RUNNING (UUID: 81d45a68-88ab-4dd8-8c11-dfe5081cac4d) for task 1450489920013-www-data-devel-job9-0-26cdffce-3688-4466-8d46-f5a94649d433 of framework 20151219-012848-50331658-5050-16921-0000 to executor(1)@10.0.0.6:33819
I1219 01:52:01.421149 28184 status_update_manager.cpp:389] Received status update acknowledgement (UUID: 81d45a68-88ab-4dd8-8c11-dfe5081cac4d) for task 1450489920013-www-data-devel-job9-0-26cdffce-3688-4466-8d46-f5a94649d433 of framework 20151219-012848-50331658-5050-16921-0000
I1219 01:52:01.421196 28184 status_update_manager.hpp:346] Checkpointing ACK for status update TASK_RUNNING (UUID: 81d45a68-88ab-4dd8-8c11-dfe5081cac4d) for task 1450489920013-www-data-devel-job9-0-26cdffce-3688-4466-8d46-f5a94649d433 of framework 20151219-012848-50331658-5050-16921-0000
I1219 01:52:05.834297 28195 slave.cpp:1121] Got assigned task 1450489920230-www-data-devel-job20-0-e5285ce6-bdb2-4270-9347-15d6c9c811cd for framework 20151219-012848-50331658-5050-16921-0000
I1219 01:52:05.834601 28195 slave.cpp:1231] Launching task 1450489920230-www-data-devel-job20-0-e5285ce6-bdb2-4270-9347-15d6c9c811cd for framework 20151219-012848-50331658-5050-16921-0000
I1219 01:52:05.836917 28195 slave.cpp:4160] Launching executor thermos-1450489920230-www-data-devel-job20-0-e5285ce6-bdb2-4270-9347-15d6c9c811cd of framework 20151219-012848-50331658-5050-16921-0000 in work directory '/var/lib/mesos/slave/slaves/20151219-012848-50331658-5050-16921-S2/frameworks/20151219-012848-50331658-5050-16921-0000/executors/thermos-1450489920230-www-data-devel-job20-0-e5285ce6-bdb2-4270-9347-15d6c9c811cd/runs/fff1d17c-3ff1-4c65-8dcc-98d533a0c243'
I1219 01:52:05.837137 28191 containerizer.cpp:472] Starting container 'fff1d17c-3ff1-4c65-8dcc-98d533a0c243' for executor 'thermos-1450489920230-www-data-devel-job20-0-e5285ce6-bdb2-4270-9347-15d6c9c811cd' of framework '20151219-012848-50331658-5050-16921-0000'
I1219 01:52:05.837891 28195 slave.cpp:1378] Queuing task '1450489920230-www-data-devel-job20-0-e5285ce6-bdb2-4270-9347-15d6c9c811cd' for executor thermos-1450489920230-www-data-devel-job20-0-e5285ce6-bdb2-4270-9347-15d6c9c811cd of framework '20151219-012848-50331658-5050-16921-0000
I1219 01:52:05.839015 28191 launcher.cpp:130] Forked child with pid '30767' for container 'fff1d17c-3ff1-4c65-8dcc-98d533a0c243'
I1219 01:52:05.839377 28191 containerizer.cpp:682] Checkpointing executor's forked pid 30767 to '/var/lib/mesos/slave/meta/slaves/20151219-012848-50331658-5050-16921-S2/frameworks/20151219-012848-50331658-5050-16921-0000/executors/thermos-1450489920230-www-data-devel-job20-0-e5285ce6-bdb2-4270-9347-15d6c9c811cd/runs/fff1d17c-3ff1-4c65-8dcc-98d533a0c243/pids/forked.pid'
I1219 01:52:05.846067 28185 fetcher.cpp:238] Fetching URIs using command '/usr/libexec/mesos/mesos-fetcher'
I1219 01:52:05.944576 28195 slave.cpp:3135] Monitoring executor 'thermos-1450489920230-www-data-devel-job20-0-e5285ce6-bdb2-4270-9347-15d6c9c811cd' of framework '20151219-012848-50331658-5050-16921-0000' in container 'fff1d17c-3ff1-4c65-8dcc-98d533a0c243'
I1219 01:52:06.450582 28191 slave.cpp:2141] Got registration for executor 'thermos-1450489920230-www-data-devel-job20-0-e5285ce6-bdb2-4270-9347-15d6c9c811cd' of framework 20151219-012848-50331658-5050-16921-0000 from executor(1)@10.0.0.6:35576
I1219 01:52:06.458855 28196 slave.cpp:1532] Sending queued task '1450489920230-www-data-devel-job20-0-e5285ce6-bdb2-4270-9347-15d6c9c811cd' to executor 'thermos-1450489920230-www-data-devel-job20-0-e5285ce6-bdb2-4270-9347-15d6c9c811cd' of framework 20151219-012848-50331658-5050-16921-0000
I1219 01:52:06.464712 28183 slave.cpp:2508] Handling status update TASK_STARTING (UUID: 560c6bb1-8577-49e7-9ac8-9388e5791743) for task 1450489920230-www-data-devel-job20-0-e5285ce6-bdb2-4270-9347-15d6c9c811cd of framework 20151219-012848-50331658-5050-16921-0000 from executor(1)@10.0.0.6:35576
I1219 01:52:06.464893 28191 status_update_manager.cpp:317] Received status update TASK_STARTING (UUID: 560c6bb1-8577-49e7-9ac8-9388e5791743) for task 1450489920230-www-data-devel-job20-0-e5285ce6-bdb2-4270-9347-15d6c9c811cd of framework 20151219-012848-50331658-5050-16921-0000
I1219 01:52:06.465283 28191 status_update_manager.hpp:346] Checkpointing UPDATE for status update TASK_STARTING (UUID: 560c6bb1-8577-49e7-9ac8-9388e5791743) for task 1450489920230-www-data-devel-job20-0-e5285ce6-bdb2-4270-9347-15d6c9c811cd of framework 20151219-012848-50331658-5050-16921-0000
I1219 01:52:06.470124 28183 slave.cpp:2753] Forwarding the update TASK_STARTING (UUID: 560c6bb1-8577-49e7-9ac8-9388e5791743) for task 1450489920230-www-data-devel-job20-0-e5285ce6-bdb2-4270-9347-15d6c9c811cd of framework 20151219-012848-50331658-5050-16921-0000 to master@10.0.0.3:5050
I1219 01:52:06.470244 28183 slave.cpp:2686] Sending acknowledgement for status update TASK_STARTING (UUID: 560c6bb1-8577-49e7-9ac8-9388e5791743) for task 1450489920230-www-data-devel-job20-0-e5285ce6-bdb2-4270-9347-15d6c9c811cd of framework 20151219-012848-50331658-5050-16921-0000 to executor(1)@10.0.0.6:35576
I1219 01:52:06.482000 28191 status_update_manager.cpp:389] Received status update acknowledgement (UUID: 560c6bb1-8577-49e7-9ac8-9388e5791743) for task 1450489920230-www-data-devel-job20-0-e5285ce6-bdb2-4270-9347-15d6c9c811cd of framework 20151219-012848-50331658-5050-16921-0000
I1219 01:52:06.482082 28191 status_update_manager.hpp:346] Checkpointing ACK for status update TASK_STARTING (UUID: 560c6bb1-8577-49e7-9ac8-9388e5791743) for task 1450489920230-www-data-devel-job20-0-e5285ce6-bdb2-4270-9347-15d6c9c811cd of framework 20151219-012848-50331658-5050-16921-0000
I1219 01:52:07.046541 28190 slave.cpp:2508] Handling status update TASK_RUNNING (UUID: 93f6f024-2d00-44c1-bdc7-e664b67a16df) for task 1450489920230-www-data-devel-job20-0-e5285ce6-bdb2-4270-9347-15d6c9c811cd of framework 20151219-012848-50331658-5050-16921-0000 from executor(1)@10.0.0.6:35576
I1219 01:52:07.046694 28190 status_update_manager.cpp:317] Received status update TASK_RUNNING (UUID: 93f6f024-2d00-44c1-bdc7-e664b67a16df) for task 1450489920230-www-data-devel-job20-0-e5285ce6-bdb2-4270-9347-15d6c9c811cd of framework 20151219-012848-50331658-5050-16921-0000
I1219 01:52:07.046741 28190 status_update_manager.hpp:346] Checkpointing UPDATE for status update TASK_RUNNING (UUID: 93f6f024-2d00-44c1-bdc7-e664b67a16df) for task 1450489920230-www-data-devel-job20-0-e5285ce6-bdb2-4270-9347-15d6c9c811cd of framework 20151219-012848-50331658-5050-16921-0000
I1219 01:52:07.050964 28182 slave.cpp:2753] Forwarding the update TASK_RUNNING (UUID: 93f6f024-2d00-44c1-bdc7-e664b67a16df) for task 1450489920230-www-data-devel-job20-0-e5285ce6-bdb2-4270-9347-15d6c9c811cd of framework 20151219-012848-50331658-5050-16921-0000 to master@10.0.0.3:5050
I1219 01:52:07.051090 28182 slave.cpp:2686] Sending acknowledgement for status update TASK_RUNNING (UUID: 93f6f024-2d00-44c1-bdc7-e664b67a16df) for task 1450489920230-www-data-devel-job20-0-e5285ce6-bdb2-4270-9347-15d6c9c811cd of framework 20151219-012848-50331658-5050-16921-0000 to executor(1)@10.0.0.6:35576
I1219 01:52:07.059875 28190 status_update_manager.cpp:389] Received status update acknowledgement (UUID: 93f6f024-2d00-44c1-bdc7-e664b67a16df) for task 1450489920230-www-data-devel-job20-0-e5285ce6-bdb2-4270-9347-15d6c9c811cd of framework 20151219-012848-50331658-5050-16921-0000
I1219 01:52:07.059908 28190 status_update_manager.hpp:346] Checkpointing ACK for status update TASK_RUNNING (UUID: 93f6f024-2d00-44c1-bdc7-e664b67a16df) for task 1450489920230-www-data-devel-job20-0-e5285ce6-bdb2-4270-9347-15d6c9c811cd of framework 20151219-012848-50331658-5050-16921-0000
I1219 01:52:11.563421 28197 slave.cpp:2508] Handling status update TASK_FINISHED (UUID: 9755fd59-f2b4-465d-b57a-661a3a439279) for task 1450489920013-www-data-devel-job9-0-26cdffce-3688-4466-8d46-f5a94649d433 of framework 20151219-012848-50331658-5050-16921-0000 from executor(1)@10.0.0.6:33819
I1219 01:52:11.564033 28197 status_update_manager.cpp:317] Received status update TASK_FINISHED (UUID: 9755fd59-f2b4-465d-b57a-661a3a439279) for task 1450489920013-www-data-devel-job9-0-26cdffce-3688-4466-8d46-f5a94649d433 of framework 20151219-012848-50331658-5050-16921-0000
I1219 01:52:11.564075 28197 status_update_manager.hpp:346] Checkpointing UPDATE for status update TASK_FINISHED (UUID: 9755fd59-f2b4-465d-b57a-661a3a439279) for task 1450489920013-www-data-devel-job9-0-26cdffce-3688-4466-8d46-f5a94649d433 of framework 20151219-012848-50331658-5050-16921-0000
I1219 01:52:11.568516 28190 slave.cpp:2753] Forwarding the update TASK_FINISHED (UUID: 9755fd59-f2b4-465d-b57a-661a3a439279) for task 1450489920013-www-data-devel-job9-0-26cdffce-3688-4466-8d46-f5a94649d433 of framework 20151219-012848-50331658-5050-16921-0000 to master@10.0.0.3:5050
I1219 01:52:11.568693 28190 slave.cpp:2686] Sending acknowledgement for status update TASK_FINISHED (UUID: 9755fd59-f2b4-465d-b57a-661a3a439279) for task 1450489920013-www-data-devel-job9-0-26cdffce-3688-4466-8d46-f5a94649d433 of framework 20151219-012848-50331658-5050-16921-0000 to executor(1)@10.0.0.6:33819
I1219 01:52:11.578416 28183 status_update_manager.cpp:389] Received status update acknowledgement (UUID: 9755fd59-f2b4-465d-b57a-661a3a439279) for task 1450489920013-www-data-devel-job9-0-26cdffce-3688-4466-8d46-f5a94649d433 of framework 20151219-012848-50331658-5050-16921-0000
I1219 01:52:11.578521 28183 status_update_manager.hpp:346] Checkpointing ACK for status update TASK_FINISHED (UUID: 9755fd59-f2b4-465d-b57a-661a3a439279) for task 1450489920013-www-data-devel-job9-0-26cdffce-3688-4466-8d46-f5a94649d433 of framework 20151219-012848-50331658-5050-16921-0000
I1219 01:52:16.667064 28187 slave.cpp:1121] Got assigned task 1450489920031-www-data-devel-job15-0-f8f56ede-2592-465b-9e39-f2d0b4aefa16 for framework 20151219-012848-50331658-5050-16921-0000
I1219 01:52:16.667450 28187 slave.cpp:1231] Launching task 1450489920031-www-data-devel-job15-0-f8f56ede-2592-465b-9e39-f2d0b4aefa16 for framework 20151219-012848-50331658-5050-16921-0000
I1219 01:52:16.672158 28187 slave.cpp:4160] Launching executor thermos-1450489920031-www-data-devel-job15-0-f8f56ede-2592-465b-9e39-f2d0b4aefa16 of framework 20151219-012848-50331658-5050-16921-0000 in work directory '/var/lib/mesos/slave/slaves/20151219-012848-50331658-5050-16921-S2/frameworks/20151219-012848-50331658-5050-16921-0000/executors/thermos-1450489920031-www-data-devel-job15-0-f8f56ede-2592-465b-9e39-f2d0b4aefa16/runs/ff693f98-fa4a-4d5a-a6e2-182b51ea9eed'
I1219 01:52:16.672411 28184 containerizer.cpp:472] Starting container 'ff693f98-fa4a-4d5a-a6e2-182b51ea9eed' for executor 'thermos-1450489920031-www-data-devel-job15-0-f8f56ede-2592-465b-9e39-f2d0b4aefa16' of framework '20151219-012848-50331658-5050-16921-0000'
I1219 01:52:16.673148 28187 slave.cpp:1378] Queuing task '1450489920031-www-data-devel-job15-0-f8f56ede-2592-465b-9e39-f2d0b4aefa16' for executor thermos-1450489920031-www-data-devel-job15-0-f8f56ede-2592-465b-9e39-f2d0b4aefa16 of framework '20151219-012848-50331658-5050-16921-0000
I1219 01:52:16.674155 28196 launcher.cpp:130] Forked child with pid '30825' for container 'ff693f98-fa4a-4d5a-a6e2-182b51ea9eed'
I1219 01:52:16.674371 28196 containerizer.cpp:682] Checkpointing executor's forked pid 30825 to '/var/lib/mesos/slave/meta/slaves/20151219-012848-50331658-5050-16921-S2/frameworks/20151219-012848-50331658-5050-16921-0000/executors/thermos-1450489920031-www-data-devel-job15-0-f8f56ede-2592-465b-9e39-f2d0b4aefa16/runs/ff693f98-fa4a-4d5a-a6e2-182b51ea9eed/pids/forked.pid'
I1219 01:52:16.678620 28185 fetcher.cpp:238] Fetching URIs using command '/usr/libexec/mesos/mesos-fetcher'
I1219 01:52:16.696233 28190 containerizer.cpp:1111] Executor for container '951a6b17-8d1c-4872-9a85-b22f7bc51c41' has exited
I1219 01:52:16.696425 28190 containerizer.cpp:906] Destroying container '951a6b17-8d1c-4872-9a85-b22f7bc51c41'
I1219 01:52:16.698635 28189 slave.cpp:3193] Executor 'thermos-1450489920013-www-data-devel-job9-0-26cdffce-3688-4466-8d46-f5a94649d433' of framework 20151219-012848-50331658-5050-16921-0000 exited with status 0
I1219 01:52:16.698807 28189 slave.cpp:3302] Cleaning up executor 'thermos-1450489920013-www-data-devel-job9-0-26cdffce-3688-4466-8d46-f5a94649d433' of framework 20151219-012848-50331658-5050-16921-0000
I1219 01:52:16.699189 28195 gc.cpp:56] Scheduling '/var/lib/mesos/slave/slaves/20151219-012848-50331658-5050-16921-S2/frameworks/20151219-012848-50331658-5050-16921-0000/executors/thermos-1450489920013-www-data-devel-job9-0-26cdffce-3688-4466-8d46-f5a94649d433/runs/951a6b17-8d1c-4872-9a85-b22f7bc51c41' for gc 6.99999190844741days in the future
I1219 01:52:16.699297 28195 gc.cpp:56] Scheduling '/var/lib/mesos/slave/slaves/20151219-012848-50331658-5050-16921-S2/frameworks/20151219-012848-50331658-5050-16921-0000/executors/thermos-1450489920013-www-data-devel-job9-0-26cdffce-3688-4466-8d46-f5a94649d433' for gc 6.99999190737185days in the future
I1219 01:52:16.699363 28195 gc.cpp:56] Scheduling '/var/lib/mesos/slave/meta/slaves/20151219-012848-50331658-5050-16921-S2/frameworks/20151219-012848-50331658-5050-16921-0000/executors/thermos-1450489920013-www-data-devel-job9-0-26cdffce-3688-4466-8d46-f5a94649d433/runs/951a6b17-8d1c-4872-9a85-b22f7bc51c41' for gc 6.99999190685037days in the future
I1219 01:52:16.699447 28195 gc.cpp:56] Scheduling '/var/lib/mesos/slave/meta/slaves/20151219-012848-50331658-5050-16921-S2/frameworks/20151219-012848-50331658-5050-16921-0000/executors/thermos-1450489920013-www-data-devel-job9-0-26cdffce-3688-4466-8d46-f5a94649d433' for gc 6.99999190635556days in the future
I1219 01:52:16.797526 28187 slave.cpp:3135] Monitoring executor 'thermos-1450489920031-www-data-devel-job15-0-f8f56ede-2592-465b-9e39-f2d0b4aefa16' of framework '20151219-012848-50331658-5050-16921-0000' in container 'ff693f98-fa4a-4d5a-a6e2-182b51ea9eed'
I1219 01:52:17.203308 28197 slave.cpp:2508] Handling status update TASK_FINISHED (UUID: de09c80e-c607-4b23-8e2e-4f9a7a668270) for task 1450489920230-www-data-devel-job20-0-e5285ce6-bdb2-4270-9347-15d6c9c811cd of framework 20151219-012848-50331658-5050-16921-0000 from executor(1)@10.0.0.6:35576
I1219 01:52:17.203898 28184 status_update_manager.cpp:317] Received status update TASK_FINISHED (UUID: de09c80e-c607-4b23-8e2e-4f9a7a668270) for task 1450489920230-www-data-devel-job20-0-e5285ce6-bdb2-4270-9347-15d6c9c811cd of framework 20151219-012848-50331658-5050-16921-0000
I1219 01:52:17.203963 28184 status_update_manager.hpp:346] Checkpointing UPDATE for status update TASK_FINISHED (UUID: de09c80e-c607-4b23-8e2e-4f9a7a668270) for task 1450489920230-www-data-devel-job20-0-e5285ce6-bdb2-4270-9347-15d6c9c811cd of framework 20151219-012848-50331658-5050-16921-0000
I1219 01:52:17.208312 28192 slave.cpp:2753] Forwarding the update TASK_FINISHED (UUID: de09c80e-c607-4b23-8e2e-4f9a7a668270) for task 1450489920230-www-data-devel-job20-0-e5285ce6-bdb2-4270-9347-15d6c9c811cd of framework 20151219-012848-50331658-5050-16921-0000 to master@10.0.0.3:5050
I1219 01:52:17.208436 28192 slave.cpp:2686] Sending acknowledgement for status update TASK_FINISHED (UUID: de09c80e-c607-4b23-8e2e-4f9a7a668270) for task 1450489920230-www-data-devel-job20-0-e5285ce6-bdb2-4270-9347-15d6c9c811cd of framework 20151219-012848-50331658-5050-16921-0000 to executor(1)@10.0.0.6:35576
I1219 01:52:17.218245 28185 status_update_manager.cpp:389] Received status update acknowledgement (UUID: de09c80e-c607-4b23-8e2e-4f9a7a668270) for task 1450489920230-www-data-devel-job20-0-e5285ce6-bdb2-4270-9347-15d6c9c811cd of framework 20151219-012848-50331658-5050-16921-0000
I1219 01:52:17.218298 28185 status_update_manager.hpp:346] Checkpointing ACK for status update TASK_FINISHED (UUID: de09c80e-c607-4b23-8e2e-4f9a7a668270) for task 1450489920230-www-data-devel-job20-0-e5285ce6-bdb2-4270-9347-15d6c9c811cd of framework 20151219-012848-50331658-5050-16921-0000
I1219 01:52:17.300603 28191 slave.cpp:2141] Got registration for executor 'thermos-1450489920031-www-data-devel-job15-0-f8f56ede-2592-465b-9e39-f2d0b4aefa16' of framework 20151219-012848-50331658-5050-16921-0000 from executor(1)@10.0.0.6:49938
I1219 01:52:17.301833 28189 slave.cpp:1532] Sending queued task '1450489920031-www-data-devel-job15-0-f8f56ede-2592-465b-9e39-f2d0b4aefa16' to executor 'thermos-1450489920031-www-data-devel-job15-0-f8f56ede-2592-465b-9e39-f2d0b4aefa16' of framework 20151219-012848-50331658-5050-16921-0000
I1219 01:52:17.307401 28197 slave.cpp:2508] Handling status update TASK_STARTING (UUID: 96180d78-37b8-49df-a3a1-8c7d076ed415) for task 1450489920031-www-data-devel-job15-0-f8f56ede-2592-465b-9e39-f2d0b4aefa16 of framework 20151219-012848-50331658-5050-16921-0000 from executor(1)@10.0.0.6:49938
I1219 01:52:17.307605 28194 status_update_manager.cpp:317] Received status update TASK_STARTING (UUID: 96180d78-37b8-49df-a3a1-8c7d076ed415) for task 1450489920031-www-data-devel-job15-0-f8f56ede-2592-465b-9e39-f2d0b4aefa16 of framework 20151219-012848-50331658-5050-16921-0000
I1219 01:52:17.307952 28194 status_update_manager.hpp:346] Checkpointing UPDATE for status update TASK_STARTING (UUID: 96180d78-37b8-49df-a3a1-8c7d076ed415) for task 1450489920031-www-data-devel-job15-0-f8f56ede-2592-465b-9e39-f2d0b4aefa16 of framework 20151219-012848-50331658-5050-16921-0000
I1219 01:52:17.313045 28189 slave.cpp:2753] Forwarding the update TASK_STARTING (UUID: 96180d78-37b8-49df-a3a1-8c7d076ed415) for task 1450489920031-www-data-devel-job15-0-f8f56ede-2592-465b-9e39-f2d0b4aefa16 of framework 20151219-012848-50331658-5050-16921-0000 to master@10.0.0.3:5050
I1219 01:52:17.313168 28189 slave.cpp:2686] Sending acknowledgement for status update TASK_STARTING (UUID: 96180d78-37b8-49df-a3a1-8c7d076ed415) for task 1450489920031-www-data-devel-job15-0-f8f56ede-2592-465b-9e39-f2d0b4aefa16 of framework 20151219-012848-50331658-5050-16921-0000 to executor(1)@10.0.0.6:49938
I1219 01:52:17.320019 28194 status_update_manager.cpp:389] Received status update acknowledgement (UUID: 96180d78-37b8-49df-a3a1-8c7d076ed415) for task 1450489920031-www-data-devel-job15-0-f8f56ede-2592-465b-9e39-f2d0b4aefa16 of framework 20151219-012848-50331658-5050-16921-0000
I1219 01:52:17.320086 28194 status_update_manager.hpp:346] Checkpointing ACK for status update TASK_STARTING (UUID: 96180d78-37b8-49df-a3a1-8c7d076ed415) for task 1450489920031-www-data-devel-job15-0-f8f56ede-2592-465b-9e39-f2d0b4aefa16 of framework 20151219-012848-50331658-5050-16921-0000
I1219 01:52:17.890322 28187 slave.cpp:2508] Handling status update TASK_RUNNING (UUID: f77ac249-6af1-45b4-8a4a-9bf1579aaaa3) for task 1450489920031-www-data-devel-job15-0-f8f56ede-2592-465b-9e39-f2d0b4aefa16 of framework 20151219-012848-50331658-5050-16921-0000 from executor(1)@10.0.0.6:49938
I1219 01:52:17.890514 28186 status_update_manager.cpp:317] Received status update TASK_RUNNING (UUID: f77ac249-6af1-45b4-8a4a-9bf1579aaaa3) for task 1450489920031-www-data-devel-job15-0-f8f56ede-2592-465b-9e39-f2d0b4aefa16 of framework 20151219-012848-50331658-5050-16921-0000
I1219 01:52:17.890581 28186 status_update_manager.hpp:346] Checkpointing UPDATE for status update TASK_RUNNING (UUID: f77ac249-6af1-45b4-8a4a-9bf1579aaaa3) for task 1450489920031-www-data-devel-job15-0-f8f56ede-2592-465b-9e39-f2d0b4aefa16 of framework 20151219-012848-50331658-5050-16921-0000
I1219 01:52:17.896916 28192 slave.cpp:2753] Forwarding the update TASK_RUNNING (UUID: f77ac249-6af1-45b4-8a4a-9bf1579aaaa3) for task 1450489920031-www-data-devel-job15-0-f8f56ede-2592-465b-9e39-f2d0b4aefa16 of framework 20151219-012848-50331658-5050-16921-0000 to master@10.0.0.3:5050
I1219 01:52:17.897017 28192 slave.cpp:2686] Sending acknowledgement for status update TASK_RUNNING (UUID: f77ac249-6af1-45b4-8a4a-9bf1579aaaa3) for task 1450489920031-www-data-devel-job15-0-f8f56ede-2592-465b-9e39-f2d0b4aefa16 of framework 20151219-012848-50331658-5050-16921-0000 to executor(1)@10.0.0.6:49938
I1219 01:52:17.904819 28187 status_update_manager.cpp:389] Received status update acknowledgement (UUID: f77ac249-6af1-45b4-8a4a-9bf1579aaaa3) for task 1450489920031-www-data-devel-job15-0-f8f56ede-2592-465b-9e39-f2d0b4aefa16 of framework 20151219-012848-50331658-5050-16921-0000
I1219 01:52:17.904896 28187 status_update_manager.hpp:346] Checkpointing ACK for status update TASK_RUNNING (UUID: f77ac249-6af1-45b4-8a4a-9bf1579aaaa3) for task 1450489920031-www-data-devel-job15-0-f8f56ede-2592-465b-9e39-f2d0b4aefa16 of framework 20151219-012848-50331658-5050-16921-0000
I1219 01:52:22.323962 28191 containerizer.cpp:1111] Executor for container 'fff1d17c-3ff1-4c65-8dcc-98d533a0c243' has exited
I1219 01:52:22.324061 28191 containerizer.cpp:906] Destroying container 'fff1d17c-3ff1-4c65-8dcc-98d533a0c243'
I1219 01:52:22.325518 28187 slave.cpp:3193] Executor 'thermos-1450489920230-www-data-devel-job20-0-e5285ce6-bdb2-4270-9347-15d6c9c811cd' of framework 20151219-012848-50331658-5050-16921-0000 exited with status 0
I1219 01:52:22.325641 28187 slave.cpp:3302] Cleaning up executor 'thermos-1450489920230-www-data-devel-job20-0-e5285ce6-bdb2-4270-9347-15d6c9c811cd' of framework 20151219-012848-50331658-5050-16921-0000
I1219 01:52:22.325922 28197 gc.cpp:56] Scheduling '/var/lib/mesos/slave/slaves/20151219-012848-50331658-5050-16921-S2/frameworks/20151219-012848-50331658-5050-16921-0000/executors/thermos-1450489920230-www-data-devel-job20-0-e5285ce6-bdb2-4270-9347-15d6c9c811cd/runs/fff1d17c-3ff1-4c65-8dcc-98d533a0c243' for gc 6.99999622832296days in the future
I1219 01:52:22.325978 28197 gc.cpp:56] Scheduling '/var/lib/mesos/slave/slaves/20151219-012848-50331658-5050-16921-S2/frameworks/20151219-012848-50331658-5050-16921-0000/executors/thermos-1450489920230-www-data-devel-job20-0-e5285ce6-bdb2-4270-9347-15d6c9c811cd' for gc 6.99999622754667days in the future
I1219 01:52:22.326017 28197 gc.cpp:56] Scheduling '/var/lib/mesos/slave/meta/slaves/20151219-012848-50331658-5050-16921-S2/frameworks/20151219-012848-50331658-5050-16921-0000/executors/thermos-1450489920230-www-data-devel-job20-0-e5285ce6-bdb2-4270-9347-15d6c9c811cd/runs/fff1d17c-3ff1-4c65-8dcc-98d533a0c243' for gc 6.99999622695704days in the future
I1219 01:52:22.326056 28197 gc.cpp:56] Scheduling '/var/lib/mesos/slave/meta/slaves/20151219-012848-50331658-5050-16921-S2/frameworks/20151219-012848-50331658-5050-16921-0000/executors/thermos-1450489920230-www-data-devel-job20-0-e5285ce6-bdb2-4270-9347-15d6c9c811cd' for gc 6.99999622644741days in the future
I1219 01:52:27.042732 28191 slave.cpp:2508] Handling status update TASK_FINISHED (UUID: 26202867-d704-41b4-8a05-d78a8e1373a2) for task 1450489920031-www-data-devel-job15-0-f8f56ede-2592-465b-9e39-f2d0b4aefa16 of framework 20151219-012848-50331658-5050-16921-0000 from executor(1)@10.0.0.6:49938
I1219 01:52:27.043606 28195 status_update_manager.cpp:317] Received status update TASK_FINISHED (UUID: 26202867-d704-41b4-8a05-d78a8e1373a2) for task 1450489920031-www-data-devel-job15-0-f8f56ede-2592-465b-9e39-f2d0b4aefa16 of framework 20151219-012848-50331658-5050-16921-0000
I1219 01:52:27.043660 28195 status_update_manager.hpp:346] Checkpointing UPDATE for status update TASK_FINISHED (UUID: 26202867-d704-41b4-8a05-d78a8e1373a2) for task 1450489920031-www-data-devel-job15-0-f8f56ede-2592-465b-9e39-f2d0b4aefa16 of framework 20151219-012848-50331658-5050-16921-0000
I1219 01:52:27.048491 28190 slave.cpp:2753] Forwarding the update TASK_FINISHED (UUID: 26202867-d704-41b4-8a05-d78a8e1373a2) for task 1450489920031-www-data-devel-job15-0-f8f56ede-2592-465b-9e39-f2d0b4aefa16 of framework 20151219-012848-50331658-5050-16921-0000 to master@10.0.0.3:5050
I1219 01:52:27.048616 28190 slave.cpp:2686] Sending acknowledgement for status update TASK_FINISHED (UUID: 26202867-d704-41b4-8a05-d78a8e1373a2) for task 1450489920031-www-data-devel-job15-0-f8f56ede-2592-465b-9e39-f2d0b4aefa16 of framework 20151219-012848-50331658-5050-16921-0000 to executor(1)@10.0.0.6:49938
I1219 01:52:27.059775 28195 status_update_manager.cpp:389] Received status update acknowledgement (UUID: 26202867-d704-41b4-8a05-d78a8e1373a2) for task 1450489920031-www-data-devel-job15-0-f8f56ede-2592-465b-9e39-f2d0b4aefa16 of framework 20151219-012848-50331658-5050-16921-0000
I1219 01:52:27.059818 28195 status_update_manager.hpp:346] Checkpointing ACK for status update TASK_FINISHED (UUID: 26202867-d704-41b4-8a05-d78a8e1373a2) for task 1450489920031-www-data-devel-job15-0-f8f56ede-2592-465b-9e39-f2d0b4aefa16 of framework 20151219-012848-50331658-5050-16921-0000
I1219 01:52:32.172297 28190 containerizer.cpp:1111] Executor for container 'ff693f98-fa4a-4d5a-a6e2-182b51ea9eed' has exited
I1219 01:52:32.172421 28190 containerizer.cpp:906] Destroying container 'ff693f98-fa4a-4d5a-a6e2-182b51ea9eed'
I1219 01:52:32.174160 28197 slave.cpp:3193] Executor 'thermos-1450489920031-www-data-devel-job15-0-f8f56ede-2592-465b-9e39-f2d0b4aefa16' of framework 20151219-012848-50331658-5050-16921-0000 exited with status 0
I1219 01:52:32.174352 28197 slave.cpp:3302] Cleaning up executor 'thermos-1450489920031-www-data-devel-job15-0-f8f56ede-2592-465b-9e39-f2d0b4aefa16' of framework 20151219-012848-50331658-5050-16921-0000
I1219 01:52:32.174700 28184 gc.cpp:56] Scheduling '/var/lib/mesos/slave/slaves/20151219-012848-50331658-5050-16921-S2/frameworks/20151219-012848-50331658-5050-16921-0000/executors/thermos-1450489920031-www-data-devel-job15-0-f8f56ede-2592-465b-9e39-f2d0b4aefa16/runs/ff693f98-fa4a-4d5a-a6e2-182b51ea9eed' for gc 6.99999797878518days in the future
I1219 01:52:32.174777 28184 gc.cpp:56] Scheduling '/var/lib/mesos/slave/slaves/20151219-012848-50331658-5050-16921-S2/frameworks/20151219-012848-50331658-5050-16921-0000/executors/thermos-1450489920031-www-data-devel-job15-0-f8f56ede-2592-465b-9e39-f2d0b4aefa16' for gc 6.99999797784593days in the future
I1219 01:52:32.174816 28197 slave.cpp:3381] Cleaning up framework 20151219-012848-50331658-5050-16921-0000
I1219 01:52:32.174834 28184 gc.cpp:56] Scheduling '/var/lib/mesos/slave/meta/slaves/20151219-012848-50331658-5050-16921-S2/frameworks/20151219-012848-50331658-5050-16921-0000/executors/thermos-1450489920031-www-data-devel-job15-0-f8f56ede-2592-465b-9e39-f2d0b4aefa16/runs/ff693f98-fa4a-4d5a-a6e2-182b51ea9eed' for gc 6.9999979770963days in the future
I1219 01:52:32.175043 28195 status_update_manager.cpp:279] Closing status update streams for framework 20151219-012848-50331658-5050-16921-0000
I1219 01:52:32.175057 28184 gc.cpp:56] Scheduling '/var/lib/mesos/slave/meta/slaves/20151219-012848-50331658-5050-16921-S2/frameworks/20151219-012848-50331658-5050-16921-0000/executors/thermos-1450489920031-www-data-devel-job15-0-f8f56ede-2592-465b-9e39-f2d0b4aefa16' for gc 6.99999797674667days in the future
I1219 01:52:32.175142 28184 gc.cpp:56] Scheduling '/var/lib/mesos/slave/slaves/20151219-012848-50331658-5050-16921-S2/frameworks/20151219-012848-50331658-5050-16921-0000' for gc 6.99999797385185days in the future
I1219 01:52:32.175168 28184 gc.cpp:56] Scheduling '/var/lib/mesos/slave/meta/slaves/20151219-012848-50331658-5050-16921-S2/frameworks/20151219-012848-50331658-5050-16921-0000' for gc 6.99999797317037days in the future
I1219 01:52:54.156317 28183 slave.cpp:3618] Current disk usage 82.31%. Max allowed age: 12.925694192104167hrs
I1219 01:53:00.145409 28189 slave.cpp:1121] Got assigned task 1450489980002-www-data-devel-job14-0-f43990b8-d246-48d7-ba03-f4a62acc3246 for framework 20151219-012848-50331658-5050-16921-0000
I1219 01:53:00.147423 28189 gc.cpp:84] Unscheduling '/var/lib/mesos/slave/slaves/20151219-012848-50331658-5050-16921-S2/frameworks/20151219-012848-50331658-5050-16921-0000' from gc
I1219 01:53:00.147496 28189 gc.cpp:84] Unscheduling '/var/lib/mesos/slave/meta/slaves/20151219-012848-50331658-5050-16921-S2/frameworks/20151219-012848-50331658-5050-16921-0000' from gc
I1219 01:53:00.147603 28188 slave.cpp:1231] Launching task 1450489980002-www-data-devel-job14-0-f43990b8-d246-48d7-ba03-f4a62acc3246 for framework 20151219-012848-50331658-5050-16921-0000
I1219 01:53:00.150480 28188 slave.cpp:4160] Launching executor thermos-1450489980002-www-data-devel-job14-0-f43990b8-d246-48d7-ba03-f4a62acc3246 of framework 20151219-012848-50331658-5050-16921-0000 in work directory '/var/lib/mesos/slave/slaves/20151219-012848-50331658-5050-16921-S2/frameworks/20151219-012848-50331658-5050-16921-0000/executors/thermos-1450489980002-www-data-devel-job14-0-f43990b8-d246-48d7-ba03-f4a62acc3246/runs/af89ab36-8dec-4f67-b15f-c42da9cf1c6d'
I1219 01:53:00.150621 28184 containerizer.cpp:472] Starting container 'af89ab36-8dec-4f67-b15f-c42da9cf1c6d' for executor 'thermos-1450489980002-www-data-devel-job14-0-f43990b8-d246-48d7-ba03-f4a62acc3246' of framework '20151219-012848-50331658-5050-16921-0000'
I1219 01:53:00.151170 28188 slave.cpp:1378] Queuing task '1450489980002-www-data-devel-job14-0-f43990b8-d246-48d7-ba03-f4a62acc3246' for executor thermos-1450489980002-www-data-devel-job14-0-f43990b8-d246-48d7-ba03-f4a62acc3246 of framework '20151219-012848-50331658-5050-16921-0000
I1219 01:53:00.151940 28184 launcher.cpp:130] Forked child with pid '30886' for container 'af89ab36-8dec-4f67-b15f-c42da9cf1c6d'
I1219 01:53:00.152117 28184 containerizer.cpp:682] Checkpointing executor's forked pid 30886 to '/var/lib/mesos/slave/meta/slaves/20151219-012848-50331658-5050-16921-S2/frameworks/20151219-012848-50331658-5050-16921-0000/executors/thermos-1450489980002-www-data-devel-job14-0-f43990b8-d246-48d7-ba03-f4a62acc3246/runs/af89ab36-8dec-4f67-b15f-c42da9cf1c6d/pids/forked.pid'
I1219 01:53:00.155819 28184 fetcher.cpp:238] Fetching URIs using command '/usr/libexec/mesos/mesos-fetcher'
I1219 01:53:00.295712 28189 slave.cpp:3135] Monitoring executor 'thermos-1450489980002-www-data-devel-job14-0-f43990b8-d246-48d7-ba03-f4a62acc3246' of framework '20151219-012848-50331658-5050-16921-0000' in container 'af89ab36-8dec-4f67-b15f-c42da9cf1c6d'
I1219 01:53:00.795974 28186 slave.cpp:2141] Got registration for executor 'thermos-1450489980002-www-data-devel-job14-0-f43990b8-d246-48d7-ba03-f4a62acc3246' of framework 20151219-012848-50331658-5050-16921-0000 from executor(1)@10.0.0.6:34024
I1219 01:53:00.797027 28192 slave.cpp:1532] Sending queued task '1450489980002-www-data-devel-job14-0-f43990b8-d246-48d7-ba03-f4a62acc3246' to executor 'thermos-1450489980002-www-data-devel-job14-0-f43990b8-d246-48d7-ba03-f4a62acc3246' of framework 20151219-012848-50331658-5050-16921-0000
I1219 01:53:00.802546 28194 slave.cpp:2508] Handling status update TASK_STARTING (UUID: e750d024-3033-400f-b35b-c372a11906f8) for task 1450489980002-www-data-devel-job14-0-f43990b8-d246-48d7-ba03-f4a62acc3246 of framework 20151219-012848-50331658-5050-16921-0000 from executor(1)@10.0.0.6:34024
I1219 01:53:00.802691 28186 status_update_manager.cpp:317] Received status update TASK_STARTING (UUID: e750d024-3033-400f-b35b-c372a11906f8) for task 1450489980002-www-data-devel-job14-0-f43990b8-d246-48d7-ba03-f4a62acc3246 of framework 20151219-012848-50331658-5050-16921-0000
I1219 01:53:00.803077 28186 status_update_manager.hpp:346] Checkpointing UPDATE for status update TASK_STARTING (UUID: e750d024-3033-400f-b35b-c372a11906f8) for task 1450489980002-www-data-devel-job14-0-f43990b8-d246-48d7-ba03-f4a62acc3246 of framework 20151219-012848-50331658-5050-16921-0000
I1219 01:53:00.809833 28196 slave.cpp:2753] Forwarding the update TASK_STARTING (UUID: e750d024-3033-400f-b35b-c372a11906f8) for task 1450489980002-www-data-devel-job14-0-f43990b8-d246-48d7-ba03-f4a62acc3246 of framework 20151219-012848-50331658-5050-16921-0000 to master@10.0.0.3:5050
I1219 01:53:00.809950 28196 slave.cpp:2686] Sending acknowledgement for status update TASK_STARTING (UUID: e750d024-3033-400f-b35b-c372a11906f8) for task 1450489980002-www-data-devel-job14-0-f43990b8-d246-48d7-ba03-f4a62acc3246 of framework 20151219-012848-50331658-5050-16921-0000 to executor(1)@10.0.0.6:34024
I1219 01:53:00.818824 28186 status_update_manager.cpp:389] Received status update acknowledgement (UUID: e750d024-3033-400f-b35b-c372a11906f8) for task 1450489980002-www-data-devel-job14-0-f43990b8-d246-48d7-ba03-f4a62acc3246 of framework 20151219-012848-50331658-5050-16921-0000
I1219 01:53:00.818883 28186 status_update_manager.hpp:346] Checkpointing ACK for status update TASK_STARTING (UUID: e750d024-3033-400f-b35b-c372a11906f8) for task 1450489980002-www-data-devel-job14-0-f43990b8-d246-48d7-ba03-f4a62acc3246 of framework 20151219-012848-50331658-5050-16921-0000
I1219 01:53:01.385332 28189 slave.cpp:2508] Handling status update TASK_RUNNING (UUID: c12d6e74-5681-4dfb-84b9-5271702fae2e) for task 1450489980002-www-data-devel-job14-0-f43990b8-d246-48d7-ba03-f4a62acc3246 of framework 20151219-012848-50331658-5050-16921-0000 from executor(1)@10.0.0.6:34024
I1219 01:53:01.385506 28195 status_update_manager.cpp:317] Received status update TASK_RUNNING (UUID: c12d6e74-5681-4dfb-84b9-5271702fae2e) for task 1450489980002-www-data-devel-job14-0-f43990b8-d246-48d7-ba03-f4a62acc3246 of framework 20151219-012848-50331658-5050-16921-0000
I1219 01:53:01.385577 28195 status_update_manager.hpp:346] Checkpointing UPDATE for status update TASK_RUNNING (UUID: c12d6e74-5681-4dfb-84b9-5271702fae2e) for task 1450489980002-www-data-devel-job14-0-f43990b8-d246-48d7-ba03-f4a62acc3246 of framework 20151219-012848-50331658-5050-16921-0000
I1219 01:53:01.389575 28191 slave.cpp:2753] Forwarding the update TASK_RUNNING (UUID: c12d6e74-5681-4dfb-84b9-5271702fae2e) for task 1450489980002-www-data-devel-job14-0-f43990b8-d246-48d7-ba03-f4a62acc3246 of framework 20151219-012848-50331658-5050-16921-0000 to master@10.0.0.3:5050
I1219 01:53:01.389694 28191 slave.cpp:2686] Sending acknowledgement for status update TASK_RUNNING (UUID: c12d6e74-5681-4dfb-84b9-5271702fae2e) for task 1450489980002-www-data-devel-job14-0-f43990b8-d246-48d7-ba03-f4a62acc3246 of framework 20151219-012848-50331658-5050-16921-0000 to executor(1)@10.0.0.6:34024
I1219 01:53:01.400674 28195 status_update_manager.cpp:389] Received status update acknowledgement (UUID: c12d6e74-5681-4dfb-84b9-5271702fae2e) for task 1450489980002-www-data-devel-job14-0-f43990b8-d246-48d7-ba03-f4a62acc3246 of framework 20151219-012848-50331658-5050-16921-0000
I1219 01:53:01.400745 28195 status_update_manager.hpp:346] Checkpointing ACK for status update TASK_RUNNING (UUID: c12d6e74-5681-4dfb-84b9-5271702fae2e) for task 1450489980002-www-data-devel-job14-0-f43990b8-d246-48d7-ba03-f4a62acc3246 of framework 20151219-012848-50331658-5050-16921-0000
I1219 01:53:04.532819 28182 slave.cpp:2508] Handling status update TASK_FINISHED (UUID: c49f500a-0a67-44eb-89e5-e56e88b1953c) for task 1450489980002-www-data-devel-job14-0-f43990b8-d246-48d7-ba03-f4a62acc3246 of framework 20151219-012848-50331658-5050-16921-0000 from executor(1)@10.0.0.6:34024
I1219 01:53:04.533888 28196 status_update_manager.cpp:317] Received status update TASK_FINISHED (UUID: c49f500a-0a67-44eb-89e5-e56e88b1953c) for task 1450489980002-www-data-devel-job14-0-f43990b8-d246-48d7-ba03-f4a62acc3246 of framework 20151219-012848-50331658-5050-16921-0000
I1219 01:53:04.533947 28196 status_update_manager.hpp:346] Checkpointing UPDATE for status update TASK_FINISHED (UUID: c49f500a-0a67-44eb-89e5-e56e88b1953c) for task 1450489980002-www-data-devel-job14-0-f43990b8-d246-48d7-ba03-f4a62acc3246 of framework 20151219-012848-50331658-5050-16921-0000
I1219 01:53:04.538290 28183 slave.cpp:2753] Forwarding the update TASK_FINISHED (UUID: c49f500a-0a67-44eb-89e5-e56e88b1953c) for task 1450489980002-www-data-devel-job14-0-f43990b8-d246-48d7-ba03-f4a62acc3246 of framework 20151219-012848-50331658-5050-16921-0000 to master@10.0.0.3:5050
I1219 01:53:04.538470 28183 slave.cpp:2686] Sending acknowledgement for status update TASK_FINISHED (UUID: c49f500a-0a67-44eb-89e5-e56e88b1953c) for task 1450489980002-www-data-devel-job14-0-f43990b8-d246-48d7-ba03-f4a62acc3246 of framework 20151219-012848-50331658-5050-16921-0000 to executor(1)@10.0.0.6:34024
I1219 01:53:04.548818 28196 status_update_manager.cpp:389] Received status update acknowledgement (UUID: c49f500a-0a67-44eb-89e5-e56e88b1953c) for task 1450489980002-www-data-devel-job14-0-f43990b8-d246-48d7-ba03-f4a62acc3246 of framework 20151219-012848-50331658-5050-16921-0000
I1219 01:53:04.548861 28196 status_update_manager.hpp:346] Checkpointing ACK for status update TASK_FINISHED (UUID: c49f500a-0a67-44eb-89e5-e56e88b1953c) for task 1450489980002-www-data-devel-job14-0-f43990b8-d246-48d7-ba03-f4a62acc3246 of framework 20151219-012848-50331658-5050-16921-0000
I1219 01:53:05.849344 28188 slave.cpp:1121] Got assigned task 1450489980229-www-data-devel-job8-0-9ac11348-fbff-456c-8bb5-8c6ed6c5a736 for framework 20151219-012848-50331658-5050-16921-0000
I1219 01:53:05.849624 28188 slave.cpp:1231] Launching task 1450489980229-www-data-devel-job8-0-9ac11348-fbff-456c-8bb5-8c6ed6c5a736 for framework 20151219-012848-50331658-5050-16921-0000
I1219 01:53:05.852234 28188 slave.cpp:4160] Launching executor thermos-1450489980229-www-data-devel-job8-0-9ac11348-fbff-456c-8bb5-8c6ed6c5a736 of framework 20151219-012848-50331658-5050-16921-0000 in work directory '/var/lib/mesos/slave/slaves/20151219-012848-50331658-5050-16921-S2/frameworks/20151219-012848-50331658-5050-16921-0000/executors/thermos-1450489980229-www-data-devel-job8-0-9ac11348-fbff-456c-8bb5-8c6ed6c5a736/runs/589f92b0-716a-46bb-a083-ed4a5dc5d41c'
I1219 01:53:05.852821 28186 containerizer.cpp:472] Starting container '589f92b0-716a-46bb-a083-ed4a5dc5d41c' for executor 'thermos-1450489980229-www-data-devel-job8-0-9ac11348-fbff-456c-8bb5-8c6ed6c5a736' of framework '20151219-012848-50331658-5050-16921-0000'
I1219 01:53:05.854095 28188 slave.cpp:1378] Queuing task '1450489980229-www-data-devel-job8-0-9ac11348-fbff-456c-8bb5-8c6ed6c5a736' for executor thermos-1450489980229-www-data-devel-job8-0-9ac11348-fbff-456c-8bb5-8c6ed6c5a736 of framework '20151219-012848-50331658-5050-16921-0000
I1219 01:53:05.854938 28184 launcher.cpp:130] Forked child with pid '30944' for container '589f92b0-716a-46bb-a083-ed4a5dc5d41c'
I1219 01:53:05.855164 28184 containerizer.cpp:682] Checkpointing executor's forked pid 30944 to '/var/lib/mesos/slave/meta/slaves/20151219-012848-50331658-5050-16921-S2/frameworks/20151219-012848-50331658-5050-16921-0000/executors/thermos-1450489980229-www-data-devel-job8-0-9ac11348-fbff-456c-8bb5-8c6ed6c5a736/runs/589f92b0-716a-46bb-a083-ed4a5dc5d41c/pids/forked.pid'
I1219 01:53:05.858916 28186 fetcher.cpp:238] Fetching URIs using command '/usr/libexec/mesos/mesos-fetcher'
I1219 01:53:05.921098 28196 slave.cpp:3135] Monitoring executor 'thermos-1450489980229-www-data-devel-job8-0-9ac11348-fbff-456c-8bb5-8c6ed6c5a736' of framework '20151219-012848-50331658-5050-16921-0000' in container '589f92b0-716a-46bb-a083-ed4a5dc5d41c'
I1219 01:53:06.424530 28194 slave.cpp:2141] Got registration for executor 'thermos-1450489980229-www-data-devel-job8-0-9ac11348-fbff-456c-8bb5-8c6ed6c5a736' of framework 20151219-012848-50331658-5050-16921-0000 from executor(1)@10.0.0.6:60965
I1219 01:53:06.425467 28197 slave.cpp:1532] Sending queued task '1450489980229-www-data-devel-job8-0-9ac11348-fbff-456c-8bb5-8c6ed6c5a736' to executor 'thermos-1450489980229-www-data-devel-job8-0-9ac11348-fbff-456c-8bb5-8c6ed6c5a736' of framework 20151219-012848-50331658-5050-16921-0000
I1219 01:53:06.431128 28186 slave.cpp:2508] Handling status update TASK_STARTING (UUID: df3d0f28-27ff-4323-bbd8-ec09ca22bd36) for task 1450489980229-www-data-devel-job8-0-9ac11348-fbff-456c-8bb5-8c6ed6c5a736 of framework 20151219-012848-50331658-5050-16921-0000 from executor(1)@10.0.0.6:60965
I1219 01:53:06.431294 28193 status_update_manager.cpp:317] Received status update TASK_STARTING (UUID: df3d0f28-27ff-4323-bbd8-ec09ca22bd36) for task 1450489980229-www-data-devel-job8-0-9ac11348-fbff-456c-8bb5-8c6ed6c5a736 of framework 20151219-012848-50331658-5050-16921-0000
