I1219 01:45:17.298331 28188 slave.cpp:2753] Forwarding the update TASK_STARTING (UUID: c3b4789b-534d-4eaf-a08c-35b832dc3e89) for task 1450489500020-www-data-devel-job6-0-f071fe65-55e4-4174-89fb-7ab4fd63d4e0 of framework 20151219-012848-50331658-5050-16921-0000 to master@10.0.0.3:5050
I1219 01:45:17.298442 28188 slave.cpp:2686] Sending acknowledgement for status update TASK_STARTING (UUID: c3b4789b-534d-4eaf-a08c-35b832dc3e89) for task 1450489500020-www-data-devel-job6-0-f071fe65-55e4-4174-89fb-7ab4fd63d4e0 of framework 20151219-012848-50331658-5050-16921-0000 to executor(1)@10.0.0.6:48038
I1219 01:45:17.306980 28194 status_update_manager.cpp:389] Received status update acknowledgement (UUID: c3b4789b-534d-4eaf-a08c-35b832dc3e89) for task 1450489500020-www-data-devel-job6-0-f071fe65-55e4-4174-89fb-7ab4fd63d4e0 of framework 20151219-012848-50331658-5050-16921-0000
I1219 01:45:17.307032 28194 status_update_manager.hpp:346] Checkpointing ACK for status update TASK_STARTING (UUID: c3b4789b-534d-4eaf-a08c-35b832dc3e89) for task 1450489500020-www-data-devel-job6-0-f071fe65-55e4-4174-89fb-7ab4fd63d4e0 of framework 20151219-012848-50331658-5050-16921-0000
I1219 01:45:17.383262 28195 containerizer.cpp:1111] Executor for container '340b0085-d526-4c63-8561-0191d75022a2' has exited
I1219 01:45:17.383350 28195 containerizer.cpp:906] Destroying container '340b0085-d526-4c63-8561-0191d75022a2'
I1219 01:45:17.385067 28186 slave.cpp:3193] Executor 'thermos-1450489500233-www-data-devel-job1-0-6b1c4769-5132-4ba0-97d4-36e454d92e8f' of framework 20151219-012848-50331658-5050-16921-0000 exited with status 0
I1219 01:45:17.385220 28186 slave.cpp:3302] Cleaning up executor 'thermos-1450489500233-www-data-devel-job1-0-6b1c4769-5132-4ba0-97d4-36e454d92e8f' of framework 20151219-012848-50331658-5050-16921-0000
I1219 01:45:17.385465 28195 gc.cpp:56] Scheduling '/var/lib/mesos/slave/slaves/20151219-012848-50331658-5050-16921-S2/frameworks/20151219-012848-50331658-5050-16921-0000/executors/thermos-1450489500233-www-data-devel-job1-0-6b1c4769-5132-4ba0-97d4-36e454d92e8f/runs/340b0085-d526-4c63-8561-0191d75022a2' for gc 6.99999553899259days in the future
I1219 01:45:17.385567 28191 gc.cpp:56] Scheduling '/var/lib/mesos/slave/slaves/20151219-012848-50331658-5050-16921-S2/frameworks/20151219-012848-50331658-5050-16921-0000/executors/thermos-1450489500233-www-data-devel-job1-0-6b1c4769-5132-4ba0-97d4-36e454d92e8f' for gc 6.99999553790519days in the future
I1219 01:45:17.385689 28184 gc.cpp:56] Scheduling '/var/lib/mesos/slave/meta/slaves/20151219-012848-50331658-5050-16921-S2/frameworks/20151219-012848-50331658-5050-16921-0000/executors/thermos-1450489500233-www-data-devel-job1-0-6b1c4769-5132-4ba0-97d4-36e454d92e8f/runs/340b0085-d526-4c63-8561-0191d75022a2' for gc 6.99999553653926days in the future
I1219 01:45:17.385742 28184 gc.cpp:56] Scheduling '/var/lib/mesos/slave/meta/slaves/20151219-012848-50331658-5050-16921-S2/frameworks/20151219-012848-50331658-5050-16921-0000/executors/thermos-1450489500233-www-data-devel-job1-0-6b1c4769-5132-4ba0-97d4-36e454d92e8f' for gc 6.9999955354637days in the future
I1219 01:45:17.876181 28186 slave.cpp:2508] Handling status update TASK_RUNNING (UUID: 24b21cd1-eb66-4c1f-b959-514ca536c05c) for task 1450489500020-www-data-devel-job6-0-f071fe65-55e4-4174-89fb-7ab4fd63d4e0 of framework 20151219-012848-50331658-5050-16921-0000 from executor(1)@10.0.0.6:48038
I1219 01:45:17.876343 28196 status_update_manager.cpp:317] Received status update TASK_RUNNING (UUID: 24b21cd1-eb66-4c1f-b959-514ca536c05c) for task 1450489500020-www-data-devel-job6-0-f071fe65-55e4-4174-89fb-7ab4fd63d4e0 of framework 20151219-012848-50331658-5050-16921-0000
I1219 01:45:17.876416 28196 status_update_manager.hpp:346] Checkpointing UPDATE for status update TASK_RUNNING (UUID: 24b21cd1-eb66-4c1f-b959-514ca536c05c) for task 1450489500020-www-data-devel-job6-0-f071fe65-55e4-4174-89fb-7ab4fd63d4e0 of framework 20151219-012848-50331658-5050-16921-0000
I1219 01:45:17.880153 28186 slave.cpp:2753] Forwarding the update TASK_RUNNING (UUID: 24b21cd1-eb66-4c1f-b959-514ca536c05c) for task 1450489500020-www-data-devel-job6-0-f071fe65-55e4-4174-89fb-7ab4fd63d4e0 of framework 20151219-012848-50331658-5050-16921-0000 to master@10.0.0.3:5050
I1219 01:45:17.880260 28186 slave.cpp:2686] Sending acknowledgement for status update TASK_RUNNING (UUID: 24b21cd1-eb66-4c1f-b959-514ca536c05c) for task 1450489500020-www-data-devel-job6-0-f071fe65-55e4-4174-89fb-7ab4fd63d4e0 of framework 20151219-012848-50331658-5050-16921-0000 to executor(1)@10.0.0.6:48038
I1219 01:45:17.888095 28189 status_update_manager.cpp:389] Received status update acknowledgement (UUID: 24b21cd1-eb66-4c1f-b959-514ca536c05c) for task 1450489500020-www-data-devel-job6-0-f071fe65-55e4-4174-89fb-7ab4fd63d4e0 of framework 20151219-012848-50331658-5050-16921-0000
I1219 01:45:17.888128 28189 status_update_manager.hpp:346] Checkpointing ACK for status update TASK_RUNNING (UUID: 24b21cd1-eb66-4c1f-b959-514ca536c05c) for task 1450489500020-www-data-devel-job6-0-f071fe65-55e4-4174-89fb-7ab4fd63d4e0 of framework 20151219-012848-50331658-5050-16921-0000
I1219 01:45:20.021302 28186 slave.cpp:2508] Handling status update TASK_FINISHED (UUID: 4ebfad56-1f7a-48bd-b70a-089b601952a1) for task 1450489500020-www-data-devel-job6-0-f071fe65-55e4-4174-89fb-7ab4fd63d4e0 of framework 20151219-012848-50331658-5050-16921-0000 from executor(1)@10.0.0.6:48038
I1219 01:45:20.022169 28189 status_update_manager.cpp:317] Received status update TASK_FINISHED (UUID: 4ebfad56-1f7a-48bd-b70a-089b601952a1) for task 1450489500020-www-data-devel-job6-0-f071fe65-55e4-4174-89fb-7ab4fd63d4e0 of framework 20151219-012848-50331658-5050-16921-0000
I1219 01:45:20.022248 28189 status_update_manager.hpp:346] Checkpointing UPDATE for status update TASK_FINISHED (UUID: 4ebfad56-1f7a-48bd-b70a-089b601952a1) for task 1450489500020-www-data-devel-job6-0-f071fe65-55e4-4174-89fb-7ab4fd63d4e0 of framework 20151219-012848-50331658-5050-16921-0000
I1219 01:45:20.026787 28193 slave.cpp:2753] Forwarding the update TASK_FINISHED (UUID: 4ebfad56-1f7a-48bd-b70a-089b601952a1) for task 1450489500020-www-data-devel-job6-0-f071fe65-55e4-4174-89fb-7ab4fd63d4e0 of framework 20151219-012848-50331658-5050-16921-0000 to master@10.0.0.3:5050
I1219 01:45:20.026942 28193 slave.cpp:2686] Sending acknowledgement for status update TASK_FINISHED (UUID: 4ebfad56-1f7a-48bd-b70a-089b601952a1) for task 1450489500020-www-data-devel-job6-0-f071fe65-55e4-4174-89fb-7ab4fd63d4e0 of framework 20151219-012848-50331658-5050-16921-0000 to executor(1)@10.0.0.6:48038
I1219 01:45:20.036564 28196 status_update_manager.cpp:389] Received status update acknowledgement (UUID: 4ebfad56-1f7a-48bd-b70a-089b601952a1) for task 1450489500020-www-data-devel-job6-0-f071fe65-55e4-4174-89fb-7ab4fd63d4e0 of framework 20151219-012848-50331658-5050-16921-0000
I1219 01:45:20.036633 28196 status_update_manager.hpp:346] Checkpointing ACK for status update TASK_FINISHED (UUID: 4ebfad56-1f7a-48bd-b70a-089b601952a1) for task 1450489500020-www-data-devel-job6-0-f071fe65-55e4-4174-89fb-7ab4fd63d4e0 of framework 20151219-012848-50331658-5050-16921-0000
I1219 01:45:25.120061 28196 containerizer.cpp:1111] Executor for container '1a573213-a401-4407-b1ba-c0422373017a' has exited
I1219 01:45:25.120157 28196 containerizer.cpp:906] Destroying container '1a573213-a401-4407-b1ba-c0422373017a'
I1219 01:45:25.121970 28183 slave.cpp:3193] Executor 'thermos-1450489500020-www-data-devel-job6-0-f071fe65-55e4-4174-89fb-7ab4fd63d4e0' of framework 20151219-012848-50331658-5050-16921-0000 exited with status 0
I1219 01:45:25.122135 28183 slave.cpp:3302] Cleaning up executor 'thermos-1450489500020-www-data-devel-job6-0-f071fe65-55e4-4174-89fb-7ab4fd63d4e0' of framework 20151219-012848-50331658-5050-16921-0000
I1219 01:45:25.122474 28196 gc.cpp:56] Scheduling '/var/lib/mesos/slave/slaves/20151219-012848-50331658-5050-16921-S2/frameworks/20151219-012848-50331658-5050-16921-0000/executors/thermos-1450489500020-www-data-devel-job6-0-f071fe65-55e4-4174-89fb-7ab4fd63d4e0/runs/1a573213-a401-4407-b1ba-c0422373017a' for gc 6.99999858334519days in the future
I1219 01:45:25.122539 28196 gc.cpp:56] Scheduling '/var/lib/mesos/slave/slaves/20151219-012848-50331658-5050-16921-S2/frameworks/20151219-012848-50331658-5050-16921-0000/executors/thermos-1450489500020-www-data-devel-job6-0-f071fe65-55e4-4174-89fb-7ab4fd63d4e0' for gc 6.99999858188741days in the future
I1219 01:45:25.122696 28189 gc.cpp:56] Scheduling '/var/lib/mesos/slave/meta/slaves/20151219-012848-50331658-5050-16921-S2/frameworks/20151219-012848-50331658-5050-16921-0000/executors/thermos-1450489500020-www-data-devel-job6-0-f071fe65-55e4-4174-89fb-7ab4fd63d4e0/runs/1a573213-a401-4407-b1ba-c0422373017a' for gc 6.99999858091556days in the future
I1219 01:45:25.122741 28183 slave.cpp:3381] Cleaning up framework 20151219-012848-50331658-5050-16921-0000
I1219 01:45:25.122792 28189 gc.cpp:56] Scheduling '/var/lib/mesos/slave/meta/slaves/20151219-012848-50331658-5050-16921-S2/frameworks/20151219-012848-50331658-5050-16921-0000/executors/thermos-1450489500020-www-data-devel-job6-0-f071fe65-55e4-4174-89fb-7ab4fd63d4e0' for gc 6.99999857954963days in the future
I1219 01:45:25.122833 28189 status_update_manager.cpp:279] Closing status update streams for framework 20151219-012848-50331658-5050-16921-0000
I1219 01:45:25.122931 28192 gc.cpp:56] Scheduling '/var/lib/mesos/slave/slaves/20151219-012848-50331658-5050-16921-S2/frameworks/20151219-012848-50331658-5050-16921-0000' for gc 6.99999857780148days in the future
I1219 01:45:25.123023 28192 gc.cpp:56] Scheduling '/var/lib/mesos/slave/meta/slaves/20151219-012848-50331658-5050-16921-S2/frameworks/20151219-012848-50331658-5050-16921-0000' for gc 6.99999857674963days in the future
I1219 01:45:33.056100 28197 slave.cpp:1121] Got assigned task 1450489500095-www-data-devel-job13-0-ba5a5847-6c0f-49d3-bead-3598d9596ba2 for framework 20151219-012848-50331658-5050-16921-0000
I1219 01:45:33.058573 28197 gc.cpp:84] Unscheduling '/var/lib/mesos/slave/slaves/20151219-012848-50331658-5050-16921-S2/frameworks/20151219-012848-50331658-5050-16921-0000' from gc
I1219 01:45:33.058992 28196 gc.cpp:84] Unscheduling '/var/lib/mesos/slave/meta/slaves/20151219-012848-50331658-5050-16921-S2/frameworks/20151219-012848-50331658-5050-16921-0000' from gc
I1219 01:45:33.059183 28196 slave.cpp:1231] Launching task 1450489500095-www-data-devel-job13-0-ba5a5847-6c0f-49d3-bead-3598d9596ba2 for framework 20151219-012848-50331658-5050-16921-0000
I1219 01:45:33.062186 28196 slave.cpp:4160] Launching executor thermos-1450489500095-www-data-devel-job13-0-ba5a5847-6c0f-49d3-bead-3598d9596ba2 of framework 20151219-012848-50331658-5050-16921-0000 in work directory '/var/lib/mesos/slave/slaves/20151219-012848-50331658-5050-16921-S2/frameworks/20151219-012848-50331658-5050-16921-0000/executors/thermos-1450489500095-www-data-devel-job13-0-ba5a5847-6c0f-49d3-bead-3598d9596ba2/runs/60ad678a-2a57-4849-a9ec-ad588af0f47e'
I1219 01:45:33.062451 28183 containerizer.cpp:472] Starting container '60ad678a-2a57-4849-a9ec-ad588af0f47e' for executor 'thermos-1450489500095-www-data-devel-job13-0-ba5a5847-6c0f-49d3-bead-3598d9596ba2' of framework '20151219-012848-50331658-5050-16921-0000'
I1219 01:45:33.064116 28196 slave.cpp:1378] Queuing task '1450489500095-www-data-devel-job13-0-ba5a5847-6c0f-49d3-bead-3598d9596ba2' for executor thermos-1450489500095-www-data-devel-job13-0-ba5a5847-6c0f-49d3-bead-3598d9596ba2 of framework '20151219-012848-50331658-5050-16921-0000
I1219 01:45:33.064374 28183 launcher.cpp:130] Forked child with pid '29441' for container '60ad678a-2a57-4849-a9ec-ad588af0f47e'
I1219 01:45:33.064505 28183 containerizer.cpp:682] Checkpointing executor's forked pid 29441 to '/var/lib/mesos/slave/meta/slaves/20151219-012848-50331658-5050-16921-S2/frameworks/20151219-012848-50331658-5050-16921-0000/executors/thermos-1450489500095-www-data-devel-job13-0-ba5a5847-6c0f-49d3-bead-3598d9596ba2/runs/60ad678a-2a57-4849-a9ec-ad588af0f47e/pids/forked.pid'
I1219 01:45:33.068919 28188 fetcher.cpp:238] Fetching URIs using command '/usr/libexec/mesos/mesos-fetcher'
I1219 01:45:33.156909 28190 slave.cpp:3135] Monitoring executor 'thermos-1450489500095-www-data-devel-job13-0-ba5a5847-6c0f-49d3-bead-3598d9596ba2' of framework '20151219-012848-50331658-5050-16921-0000' in container '60ad678a-2a57-4849-a9ec-ad588af0f47e'
I1219 01:45:33.661658 28190 slave.cpp:2141] Got registration for executor 'thermos-1450489500095-www-data-devel-job13-0-ba5a5847-6c0f-49d3-bead-3598d9596ba2' of framework 20151219-012848-50331658-5050-16921-0000 from executor(1)@10.0.0.6:56464
I1219 01:45:33.662842 28184 slave.cpp:1532] Sending queued task '1450489500095-www-data-devel-job13-0-ba5a5847-6c0f-49d3-bead-3598d9596ba2' to executor 'thermos-1450489500095-www-data-devel-job13-0-ba5a5847-6c0f-49d3-bead-3598d9596ba2' of framework 20151219-012848-50331658-5050-16921-0000
I1219 01:45:33.668264 28196 slave.cpp:2508] Handling status update TASK_STARTING (UUID: d2f6dc0d-42ff-409f-a716-53c50b548e26) for task 1450489500095-www-data-devel-job13-0-ba5a5847-6c0f-49d3-bead-3598d9596ba2 of framework 20151219-012848-50331658-5050-16921-0000 from executor(1)@10.0.0.6:56464
I1219 01:45:33.668407 28195 status_update_manager.cpp:317] Received status update TASK_STARTING (UUID: d2f6dc0d-42ff-409f-a716-53c50b548e26) for task 1450489500095-www-data-devel-job13-0-ba5a5847-6c0f-49d3-bead-3598d9596ba2 of framework 20151219-012848-50331658-5050-16921-0000
I1219 01:45:33.668746 28195 status_update_manager.hpp:346] Checkpointing UPDATE for status update TASK_STARTING (UUID: d2f6dc0d-42ff-409f-a716-53c50b548e26) for task 1450489500095-www-data-devel-job13-0-ba5a5847-6c0f-49d3-bead-3598d9596ba2 of framework 20151219-012848-50331658-5050-16921-0000
I1219 01:45:33.673246 28182 slave.cpp:2753] Forwarding the update TASK_STARTING (UUID: d2f6dc0d-42ff-409f-a716-53c50b548e26) for task 1450489500095-www-data-devel-job13-0-ba5a5847-6c0f-49d3-bead-3598d9596ba2 of framework 20151219-012848-50331658-5050-16921-0000 to master@10.0.0.3:5050
I1219 01:45:33.673357 28182 slave.cpp:2686] Sending acknowledgement for status update TASK_STARTING (UUID: d2f6dc0d-42ff-409f-a716-53c50b548e26) for task 1450489500095-www-data-devel-job13-0-ba5a5847-6c0f-49d3-bead-3598d9596ba2 of framework 20151219-012848-50331658-5050-16921-0000 to executor(1)@10.0.0.6:56464
I1219 01:45:33.688940 28195 status_update_manager.cpp:389] Received status update acknowledgement (UUID: d2f6dc0d-42ff-409f-a716-53c50b548e26) for task 1450489500095-www-data-devel-job13-0-ba5a5847-6c0f-49d3-bead-3598d9596ba2 of framework 20151219-012848-50331658-5050-16921-0000
I1219 01:45:33.689009 28195 status_update_manager.hpp:346] Checkpointing ACK for status update TASK_STARTING (UUID: d2f6dc0d-42ff-409f-a716-53c50b548e26) for task 1450489500095-www-data-devel-job13-0-ba5a5847-6c0f-49d3-bead-3598d9596ba2 of framework 20151219-012848-50331658-5050-16921-0000
I1219 01:45:34.753635 28193 slave.cpp:2508] Handling status update TASK_RUNNING (UUID: bd37532b-72e0-4ef9-a3ee-e48d5ba50cc7) for task 1450489500095-www-data-devel-job13-0-ba5a5847-6c0f-49d3-bead-3598d9596ba2 of framework 20151219-012848-50331658-5050-16921-0000 from executor(1)@10.0.0.6:56464
I1219 01:45:34.753862 28192 status_update_manager.cpp:317] Received status update TASK_RUNNING (UUID: bd37532b-72e0-4ef9-a3ee-e48d5ba50cc7) for task 1450489500095-www-data-devel-job13-0-ba5a5847-6c0f-49d3-bead-3598d9596ba2 of framework 20151219-012848-50331658-5050-16921-0000
I1219 01:45:34.753945 28192 status_update_manager.hpp:346] Checkpointing UPDATE for status update TASK_RUNNING (UUID: bd37532b-72e0-4ef9-a3ee-e48d5ba50cc7) for task 1450489500095-www-data-devel-job13-0-ba5a5847-6c0f-49d3-bead-3598d9596ba2 of framework 20151219-012848-50331658-5050-16921-0000
I1219 01:45:34.758018 28193 slave.cpp:2753] Forwarding the update TASK_RUNNING (UUID: bd37532b-72e0-4ef9-a3ee-e48d5ba50cc7) for task 1450489500095-www-data-devel-job13-0-ba5a5847-6c0f-49d3-bead-3598d9596ba2 of framework 20151219-012848-50331658-5050-16921-0000 to master@10.0.0.3:5050
I1219 01:45:34.758153 28193 slave.cpp:2686] Sending acknowledgement for status update TASK_RUNNING (UUID: bd37532b-72e0-4ef9-a3ee-e48d5ba50cc7) for task 1450489500095-www-data-devel-job13-0-ba5a5847-6c0f-49d3-bead-3598d9596ba2 of framework 20151219-012848-50331658-5050-16921-0000 to executor(1)@10.0.0.6:56464
I1219 01:45:34.767483 28186 status_update_manager.cpp:389] Received status update acknowledgement (UUID: bd37532b-72e0-4ef9-a3ee-e48d5ba50cc7) for task 1450489500095-www-data-devel-job13-0-ba5a5847-6c0f-49d3-bead-3598d9596ba2 of framework 20151219-012848-50331658-5050-16921-0000
I1219 01:45:34.767524 28186 status_update_manager.hpp:346] Checkpointing ACK for status update TASK_RUNNING (UUID: bd37532b-72e0-4ef9-a3ee-e48d5ba50cc7) for task 1450489500095-www-data-devel-job13-0-ba5a5847-6c0f-49d3-bead-3598d9596ba2 of framework 20151219-012848-50331658-5050-16921-0000
I1219 01:45:44.913249 28184 slave.cpp:2508] Handling status update TASK_FINISHED (UUID: f9f63997-6ac3-4e1f-8f44-dd7ba14cf39a) for task 1450489500095-www-data-devel-job13-0-ba5a5847-6c0f-49d3-bead-3598d9596ba2 of framework 20151219-012848-50331658-5050-16921-0000 from executor(1)@10.0.0.6:56464
I1219 01:45:44.914098 28183 status_update_manager.cpp:317] Received status update TASK_FINISHED (UUID: f9f63997-6ac3-4e1f-8f44-dd7ba14cf39a) for task 1450489500095-www-data-devel-job13-0-ba5a5847-6c0f-49d3-bead-3598d9596ba2 of framework 20151219-012848-50331658-5050-16921-0000
I1219 01:45:44.914168 28183 status_update_manager.hpp:346] Checkpointing UPDATE for status update TASK_FINISHED (UUID: f9f63997-6ac3-4e1f-8f44-dd7ba14cf39a) for task 1450489500095-www-data-devel-job13-0-ba5a5847-6c0f-49d3-bead-3598d9596ba2 of framework 20151219-012848-50331658-5050-16921-0000
I1219 01:45:44.919179 28191 slave.cpp:2753] Forwarding the update TASK_FINISHED (UUID: f9f63997-6ac3-4e1f-8f44-dd7ba14cf39a) for task 1450489500095-www-data-devel-job13-0-ba5a5847-6c0f-49d3-bead-3598d9596ba2 of framework 20151219-012848-50331658-5050-16921-0000 to master@10.0.0.3:5050
I1219 01:45:44.919325 28191 slave.cpp:2686] Sending acknowledgement for status update TASK_FINISHED (UUID: f9f63997-6ac3-4e1f-8f44-dd7ba14cf39a) for task 1450489500095-www-data-devel-job13-0-ba5a5847-6c0f-49d3-bead-3598d9596ba2 of framework 20151219-012848-50331658-5050-16921-0000 to executor(1)@10.0.0.6:56464
I1219 01:45:44.930757 28183 status_update_manager.cpp:389] Received status update acknowledgement (UUID: f9f63997-6ac3-4e1f-8f44-dd7ba14cf39a) for task 1450489500095-www-data-devel-job13-0-ba5a5847-6c0f-49d3-bead-3598d9596ba2 of framework 20151219-012848-50331658-5050-16921-0000
I1219 01:45:44.930811 28183 status_update_manager.hpp:346] Checkpointing ACK for status update TASK_FINISHED (UUID: f9f63997-6ac3-4e1f-8f44-dd7ba14cf39a) for task 1450489500095-www-data-devel-job13-0-ba5a5847-6c0f-49d3-bead-3598d9596ba2 of framework 20151219-012848-50331658-5050-16921-0000
I1219 01:45:50.034729 28182 containerizer.cpp:1111] Executor for container '60ad678a-2a57-4849-a9ec-ad588af0f47e' has exited
I1219 01:45:50.117771 28182 containerizer.cpp:906] Destroying container '60ad678a-2a57-4849-a9ec-ad588af0f47e'
I1219 01:45:50.119552 28187 slave.cpp:3193] Executor 'thermos-1450489500095-www-data-devel-job13-0-ba5a5847-6c0f-49d3-bead-3598d9596ba2' of framework 20151219-012848-50331658-5050-16921-0000 exited with status 0
I1219 01:45:50.119742 28187 slave.cpp:3302] Cleaning up executor 'thermos-1450489500095-www-data-devel-job13-0-ba5a5847-6c0f-49d3-bead-3598d9596ba2' of framework 20151219-012848-50331658-5050-16921-0000
I1219 01:45:50.120139 28183 gc.cpp:56] Scheduling '/var/lib/mesos/slave/slaves/20151219-012848-50331658-5050-16921-S2/frameworks/20151219-012848-50331658-5050-16921-0000/executors/thermos-1450489500095-www-data-devel-job13-0-ba5a5847-6c0f-49d3-bead-3598d9596ba2/runs/60ad678a-2a57-4849-a9ec-ad588af0f47e' for gc 6.99999861047407days in the future
I1219 01:45:50.120230 28183 gc.cpp:56] Scheduling '/var/lib/mesos/slave/slaves/20151219-012848-50331658-5050-16921-S2/frameworks/20151219-012848-50331658-5050-16921-0000/executors/thermos-1450489500095-www-data-devel-job13-0-ba5a5847-6c0f-49d3-bead-3598d9596ba2' for gc 6.99999860939852days in the future
I1219 01:45:50.120261 28187 slave.cpp:3381] Cleaning up framework 20151219-012848-50331658-5050-16921-0000
I1219 01:45:50.120280 28183 gc.cpp:56] Scheduling '/var/lib/mesos/slave/meta/slaves/20151219-012848-50331658-5050-16921-S2/frameworks/20151219-012848-50331658-5050-16921-0000/executors/thermos-1450489500095-www-data-devel-job13-0-ba5a5847-6c0f-49d3-bead-3598d9596ba2/runs/60ad678a-2a57-4849-a9ec-ad588af0f47e' for gc 6.99999860872593days in the future
I1219 01:45:50.120321 28183 gc.cpp:56] Scheduling '/var/lib/mesos/slave/meta/slaves/20151219-012848-50331658-5050-16921-S2/frameworks/20151219-012848-50331658-5050-16921-0000/executors/thermos-1450489500095-www-data-devel-job13-0-ba5a5847-6c0f-49d3-bead-3598d9596ba2' for gc 6.99999860820741days in the future
I1219 01:45:50.120353 28182 status_update_manager.cpp:279] Closing status update streams for framework 20151219-012848-50331658-5050-16921-0000
I1219 01:45:50.120466 28184 gc.cpp:56] Scheduling '/var/lib/mesos/slave/slaves/20151219-012848-50331658-5050-16921-S2/frameworks/20151219-012848-50331658-5050-16921-0000' for gc 6.99999860657185days in the future
I1219 01:45:50.120530 28184 gc.cpp:56] Scheduling '/var/lib/mesos/slave/meta/slaves/20151219-012848-50331658-5050-16921-S2/frameworks/20151219-012848-50331658-5050-16921-0000' for gc 6.9999986054637days in the future
I1219 01:45:54.151067 28190 slave.cpp:3618] Current disk usage 76.67%. Max allowed age: 22.389893958301666hrs
I1219 01:46:00.140661 28194 slave.cpp:3534] Framework 20151219-012848-50331658-5050-16921-0000 seems to have exited. Ignoring registration timeout for executor 'thermos-1450489500003-www-data-devel-job14-0-9c4fe08d-ab83-425e-8304-dd356f4179e9'
I1219 01:46:00.146004 28182 slave.cpp:1121] Got assigned task 1450489560003-www-data-devel-job14-0-2911e1fb-b40a-48d4-8370-2efd961860ee for framework 20151219-012848-50331658-5050-16921-0000
I1219 01:46:00.146899 28182 gc.cpp:84] Unscheduling '/var/lib/mesos/slave/slaves/20151219-012848-50331658-5050-16921-S2/frameworks/20151219-012848-50331658-5050-16921-0000' from gc
I1219 01:46:00.147137 28182 gc.cpp:84] Unscheduling '/var/lib/mesos/slave/meta/slaves/20151219-012848-50331658-5050-16921-S2/frameworks/20151219-012848-50331658-5050-16921-0000' from gc
I1219 01:46:00.147245 28187 slave.cpp:1231] Launching task 1450489560003-www-data-devel-job14-0-2911e1fb-b40a-48d4-8370-2efd961860ee for framework 20151219-012848-50331658-5050-16921-0000
I1219 01:46:00.150310 28187 slave.cpp:4160] Launching executor thermos-1450489560003-www-data-devel-job14-0-2911e1fb-b40a-48d4-8370-2efd961860ee of framework 20151219-012848-50331658-5050-16921-0000 in work directory '/var/lib/mesos/slave/slaves/20151219-012848-50331658-5050-16921-S2/frameworks/20151219-012848-50331658-5050-16921-0000/executors/thermos-1450489560003-www-data-devel-job14-0-2911e1fb-b40a-48d4-8370-2efd961860ee/runs/39c9ac10-8218-4812-a16a-ff6eff5005e4'
I1219 01:46:00.150426 28182 containerizer.cpp:472] Starting container '39c9ac10-8218-4812-a16a-ff6eff5005e4' for executor 'thermos-1450489560003-www-data-devel-job14-0-2911e1fb-b40a-48d4-8370-2efd961860ee' of framework '20151219-012848-50331658-5050-16921-0000'
I1219 01:46:00.151042 28187 slave.cpp:1378] Queuing task '1450489560003-www-data-devel-job14-0-2911e1fb-b40a-48d4-8370-2efd961860ee' for executor thermos-1450489560003-www-data-devel-job14-0-2911e1fb-b40a-48d4-8370-2efd961860ee of framework '20151219-012848-50331658-5050-16921-0000
I1219 01:46:00.151787 28184 launcher.cpp:130] Forked child with pid '29499' for container '39c9ac10-8218-4812-a16a-ff6eff5005e4'
I1219 01:46:00.152061 28184 containerizer.cpp:682] Checkpointing executor's forked pid 29499 to '/var/lib/mesos/slave/meta/slaves/20151219-012848-50331658-5050-16921-S2/frameworks/20151219-012848-50331658-5050-16921-0000/executors/thermos-1450489560003-www-data-devel-job14-0-2911e1fb-b40a-48d4-8370-2efd961860ee/runs/39c9ac10-8218-4812-a16a-ff6eff5005e4/pids/forked.pid'
I1219 01:46:00.156622 28192 fetcher.cpp:238] Fetching URIs using command '/usr/libexec/mesos/mesos-fetcher'
I1219 01:46:00.280052 28195 slave.cpp:3135] Monitoring executor 'thermos-1450489560003-www-data-devel-job14-0-2911e1fb-b40a-48d4-8370-2efd961860ee' of framework '20151219-012848-50331658-5050-16921-0000' in container '39c9ac10-8218-4812-a16a-ff6eff5005e4'
I1219 01:46:00.779542 28187 slave.cpp:2141] Got registration for executor 'thermos-1450489560003-www-data-devel-job14-0-2911e1fb-b40a-48d4-8370-2efd961860ee' of framework 20151219-012848-50331658-5050-16921-0000 from executor(1)@10.0.0.6:54887
I1219 01:46:00.780525 28192 slave.cpp:1532] Sending queued task '1450489560003-www-data-devel-job14-0-2911e1fb-b40a-48d4-8370-2efd961860ee' to executor 'thermos-1450489560003-www-data-devel-job14-0-2911e1fb-b40a-48d4-8370-2efd961860ee' of framework 20151219-012848-50331658-5050-16921-0000
I1219 01:46:00.786175 28191 slave.cpp:2508] Handling status update TASK_STARTING (UUID: 47e23726-58d0-4889-89e3-7b70968a30c5) for task 1450489560003-www-data-devel-job14-0-2911e1fb-b40a-48d4-8370-2efd961860ee of framework 20151219-012848-50331658-5050-16921-0000 from executor(1)@10.0.0.6:54887
I1219 01:46:00.786345 28197 status_update_manager.cpp:317] Received status update TASK_STARTING (UUID: 47e23726-58d0-4889-89e3-7b70968a30c5) for task 1450489560003-www-data-devel-job14-0-2911e1fb-b40a-48d4-8370-2efd961860ee of framework 20151219-012848-50331658-5050-16921-0000
I1219 01:46:00.786872 28197 status_update_manager.hpp:346] Checkpointing UPDATE for status update TASK_STARTING (UUID: 47e23726-58d0-4889-89e3-7b70968a30c5) for task 1450489560003-www-data-devel-job14-0-2911e1fb-b40a-48d4-8370-2efd961860ee of framework 20151219-012848-50331658-5050-16921-0000
I1219 01:46:00.791270 28188 slave.cpp:2753] Forwarding the update TASK_STARTING (UUID: 47e23726-58d0-4889-89e3-7b70968a30c5) for task 1450489560003-www-data-devel-job14-0-2911e1fb-b40a-48d4-8370-2efd961860ee of framework 20151219-012848-50331658-5050-16921-0000 to master@10.0.0.3:5050
I1219 01:46:00.791379 28188 slave.cpp:2686] Sending acknowledgement for status update TASK_STARTING (UUID: 47e23726-58d0-4889-89e3-7b70968a30c5) for task 1450489560003-www-data-devel-job14-0-2911e1fb-b40a-48d4-8370-2efd961860ee of framework 20151219-012848-50331658-5050-16921-0000 to executor(1)@10.0.0.6:54887
I1219 01:46:00.800727 28193 status_update_manager.cpp:389] Received status update acknowledgement (UUID: 47e23726-58d0-4889-89e3-7b70968a30c5) for task 1450489560003-www-data-devel-job14-0-2911e1fb-b40a-48d4-8370-2efd961860ee of framework 20151219-012848-50331658-5050-16921-0000
I1219 01:46:00.800766 28193 status_update_manager.hpp:346] Checkpointing ACK for status update TASK_STARTING (UUID: 47e23726-58d0-4889-89e3-7b70968a30c5) for task 1450489560003-www-data-devel-job14-0-2911e1fb-b40a-48d4-8370-2efd961860ee of framework 20151219-012848-50331658-5050-16921-0000
I1219 01:46:01.368520 28195 slave.cpp:2508] Handling status update TASK_RUNNING (UUID: 3c8f5c5b-8247-4e7e-8729-a558a59fbd4b) for task 1450489560003-www-data-devel-job14-0-2911e1fb-b40a-48d4-8370-2efd961860ee of framework 20151219-012848-50331658-5050-16921-0000 from executor(1)@10.0.0.6:54887
I1219 01:46:01.368674 28186 status_update_manager.cpp:317] Received status update TASK_RUNNING (UUID: 3c8f5c5b-8247-4e7e-8729-a558a59fbd4b) for task 1450489560003-www-data-devel-job14-0-2911e1fb-b40a-48d4-8370-2efd961860ee of framework 20151219-012848-50331658-5050-16921-0000
I1219 01:46:01.368746 28186 status_update_manager.hpp:346] Checkpointing UPDATE for status update TASK_RUNNING (UUID: 3c8f5c5b-8247-4e7e-8729-a558a59fbd4b) for task 1450489560003-www-data-devel-job14-0-2911e1fb-b40a-48d4-8370-2efd961860ee of framework 20151219-012848-50331658-5050-16921-0000
I1219 01:46:01.372331 28193 slave.cpp:2753] Forwarding the update TASK_RUNNING (UUID: 3c8f5c5b-8247-4e7e-8729-a558a59fbd4b) for task 1450489560003-www-data-devel-job14-0-2911e1fb-b40a-48d4-8370-2efd961860ee of framework 20151219-012848-50331658-5050-16921-0000 to master@10.0.0.3:5050
I1219 01:46:01.372453 28193 slave.cpp:2686] Sending acknowledgement for status update TASK_RUNNING (UUID: 3c8f5c5b-8247-4e7e-8729-a558a59fbd4b) for task 1450489560003-www-data-devel-job14-0-2911e1fb-b40a-48d4-8370-2efd961860ee of framework 20151219-012848-50331658-5050-16921-0000 to executor(1)@10.0.0.6:54887
I1219 01:46:01.380095 28186 status_update_manager.cpp:389] Received status update acknowledgement (UUID: 3c8f5c5b-8247-4e7e-8729-a558a59fbd4b) for task 1450489560003-www-data-devel-job14-0-2911e1fb-b40a-48d4-8370-2efd961860ee of framework 20151219-012848-50331658-5050-16921-0000
I1219 01:46:01.380125 28186 status_update_manager.hpp:346] Checkpointing ACK for status update TASK_RUNNING (UUID: 3c8f5c5b-8247-4e7e-8729-a558a59fbd4b) for task 1450489560003-www-data-devel-job14-0-2911e1fb-b40a-48d4-8370-2efd961860ee of framework 20151219-012848-50331658-5050-16921-0000
I1219 01:46:04.511569 28184 slave.cpp:2508] Handling status update TASK_FINISHED (UUID: 1116025b-2b84-47d4-9966-5624d5c05f26) for task 1450489560003-www-data-devel-job14-0-2911e1fb-b40a-48d4-8370-2efd961860ee of framework 20151219-012848-50331658-5050-16921-0000 from executor(1)@10.0.0.6:54887
I1219 01:46:04.512132 28197 status_update_manager.cpp:317] Received status update TASK_FINISHED (UUID: 1116025b-2b84-47d4-9966-5624d5c05f26) for task 1450489560003-www-data-devel-job14-0-2911e1fb-b40a-48d4-8370-2efd961860ee of framework 20151219-012848-50331658-5050-16921-0000
I1219 01:46:04.512176 28197 status_update_manager.hpp:346] Checkpointing UPDATE for status update TASK_FINISHED (UUID: 1116025b-2b84-47d4-9966-5624d5c05f26) for task 1450489560003-www-data-devel-job14-0-2911e1fb-b40a-48d4-8370-2efd961860ee of framework 20151219-012848-50331658-5050-16921-0000
I1219 01:46:04.516758 28186 slave.cpp:2753] Forwarding the update TASK_FINISHED (UUID: 1116025b-2b84-47d4-9966-5624d5c05f26) for task 1450489560003-www-data-devel-job14-0-2911e1fb-b40a-48d4-8370-2efd961860ee of framework 20151219-012848-50331658-5050-16921-0000 to master@10.0.0.3:5050
I1219 01:46:04.516914 28186 slave.cpp:2686] Sending acknowledgement for status update TASK_FINISHED (UUID: 1116025b-2b84-47d4-9966-5624d5c05f26) for task 1450489560003-www-data-devel-job14-0-2911e1fb-b40a-48d4-8370-2efd961860ee of framework 20151219-012848-50331658-5050-16921-0000 to executor(1)@10.0.0.6:54887
I1219 01:46:04.524312 28197 status_update_manager.cpp:389] Received status update acknowledgement (UUID: 1116025b-2b84-47d4-9966-5624d5c05f26) for task 1450489560003-www-data-devel-job14-0-2911e1fb-b40a-48d4-8370-2efd961860ee of framework 20151219-012848-50331658-5050-16921-0000
I1219 01:46:04.524344 28197 status_update_manager.hpp:346] Checkpointing ACK for status update TASK_FINISHED (UUID: 1116025b-2b84-47d4-9966-5624d5c05f26) for task 1450489560003-www-data-devel-job14-0-2911e1fb-b40a-48d4-8370-2efd961860ee of framework 20151219-012848-50331658-5050-16921-0000
I1219 01:46:05.834908 28195 slave.cpp:1121] Got assigned task 1450489560222-www-data-devel-job11-0-b8fa4ef3-fb69-4ce3-85e5-6e2d17e600d0 for framework 20151219-012848-50331658-5050-16921-0000
I1219 01:46:05.835162 28195 slave.cpp:1231] Launching task 1450489560222-www-data-devel-job11-0-b8fa4ef3-fb69-4ce3-85e5-6e2d17e600d0 for framework 20151219-012848-50331658-5050-16921-0000
I1219 01:46:05.837473 28195 slave.cpp:4160] Launching executor thermos-1450489560222-www-data-devel-job11-0-b8fa4ef3-fb69-4ce3-85e5-6e2d17e600d0 of framework 20151219-012848-50331658-5050-16921-0000 in work directory '/var/lib/mesos/slave/slaves/20151219-012848-50331658-5050-16921-S2/frameworks/20151219-012848-50331658-5050-16921-0000/executors/thermos-1450489560222-www-data-devel-job11-0-b8fa4ef3-fb69-4ce3-85e5-6e2d17e600d0/runs/4902cb96-2752-48f2-9444-1b84e2472547'
I1219 01:46:05.837622 28182 containerizer.cpp:472] Starting container '4902cb96-2752-48f2-9444-1b84e2472547' for executor 'thermos-1450489560222-www-data-devel-job11-0-b8fa4ef3-fb69-4ce3-85e5-6e2d17e600d0' of framework '20151219-012848-50331658-5050-16921-0000'
I1219 01:46:05.838819 28195 slave.cpp:1378] Queuing task '1450489560222-www-data-devel-job11-0-b8fa4ef3-fb69-4ce3-85e5-6e2d17e600d0' for executor thermos-1450489560222-www-data-devel-job11-0-b8fa4ef3-fb69-4ce3-85e5-6e2d17e600d0 of framework '20151219-012848-50331658-5050-16921-0000
I1219 01:46:05.838819 28182 launcher.cpp:130] Forked child with pid '29556' for container '4902cb96-2752-48f2-9444-1b84e2472547'
I1219 01:46:05.840049 28182 containerizer.cpp:682] Checkpointing executor's forked pid 29556 to '/var/lib/mesos/slave/meta/slaves/20151219-012848-50331658-5050-16921-S2/frameworks/20151219-012848-50331658-5050-16921-0000/executors/thermos-1450489560222-www-data-devel-job11-0-b8fa4ef3-fb69-4ce3-85e5-6e2d17e600d0/runs/4902cb96-2752-48f2-9444-1b84e2472547/pids/forked.pid'
I1219 01:46:05.844544 28194 fetcher.cpp:238] Fetching URIs using command '/usr/libexec/mesos/mesos-fetcher'
I1219 01:46:05.903718 28196 slave.cpp:3135] Monitoring executor 'thermos-1450489560222-www-data-devel-job11-0-b8fa4ef3-fb69-4ce3-85e5-6e2d17e600d0' of framework '20151219-012848-50331658-5050-16921-0000' in container '4902cb96-2752-48f2-9444-1b84e2472547'
I1219 01:46:06.401547 28192 slave.cpp:2141] Got registration for executor 'thermos-1450489560222-www-data-devel-job11-0-b8fa4ef3-fb69-4ce3-85e5-6e2d17e600d0' of framework 20151219-012848-50331658-5050-16921-0000 from executor(1)@10.0.0.6:52837
I1219 01:46:06.414840 28196 slave.cpp:1532] Sending queued task '1450489560222-www-data-devel-job11-0-b8fa4ef3-fb69-4ce3-85e5-6e2d17e600d0' to executor 'thermos-1450489560222-www-data-devel-job11-0-b8fa4ef3-fb69-4ce3-85e5-6e2d17e600d0' of framework 20151219-012848-50331658-5050-16921-0000
I1219 01:46:06.420493 28190 slave.cpp:2508] Handling status update TASK_STARTING (UUID: ff6cdf36-34ce-4661-b780-a708ef83d768) for task 1450489560222-www-data-devel-job11-0-b8fa4ef3-fb69-4ce3-85e5-6e2d17e600d0 of framework 20151219-012848-50331658-5050-16921-0000 from executor(1)@10.0.0.6:52837
I1219 01:46:06.420650 28187 status_update_manager.cpp:317] Received status update TASK_STARTING (UUID: ff6cdf36-34ce-4661-b780-a708ef83d768) for task 1450489560222-www-data-devel-job11-0-b8fa4ef3-fb69-4ce3-85e5-6e2d17e600d0 of framework 20151219-012848-50331658-5050-16921-0000
I1219 01:46:06.421007 28187 status_update_manager.hpp:346] Checkpointing UPDATE for status update TASK_STARTING (UUID: ff6cdf36-34ce-4661-b780-a708ef83d768) for task 1450489560222-www-data-devel-job11-0-b8fa4ef3-fb69-4ce3-85e5-6e2d17e600d0 of framework 20151219-012848-50331658-5050-16921-0000
I1219 01:46:06.425791 28190 slave.cpp:2753] Forwarding the update TASK_STARTING (UUID: ff6cdf36-34ce-4661-b780-a708ef83d768) for task 1450489560222-www-data-devel-job11-0-b8fa4ef3-fb69-4ce3-85e5-6e2d17e600d0 of framework 20151219-012848-50331658-5050-16921-0000 to master@10.0.0.3:5050
I1219 01:46:06.425905 28190 slave.cpp:2686] Sending acknowledgement for status update TASK_STARTING (UUID: ff6cdf36-34ce-4661-b780-a708ef83d768) for task 1450489560222-www-data-devel-job11-0-b8fa4ef3-fb69-4ce3-85e5-6e2d17e600d0 of framework 20151219-012848-50331658-5050-16921-0000 to executor(1)@10.0.0.6:52837
I1219 01:46:06.434909 28193 status_update_manager.cpp:389] Received status update acknowledgement (UUID: ff6cdf36-34ce-4661-b780-a708ef83d768) for task 1450489560222-www-data-devel-job11-0-b8fa4ef3-fb69-4ce3-85e5-6e2d17e600d0 of framework 20151219-012848-50331658-5050-16921-0000
I1219 01:46:06.434947 28193 status_update_manager.hpp:346] Checkpointing ACK for status update TASK_STARTING (UUID: ff6cdf36-34ce-4661-b780-a708ef83d768) for task 1450489560222-www-data-devel-job11-0-b8fa4ef3-fb69-4ce3-85e5-6e2d17e600d0 of framework 20151219-012848-50331658-5050-16921-0000
I1219 01:46:07.001137 28186 slave.cpp:2508] Handling status update TASK_RUNNING (UUID: bb723a7f-3646-4564-96ed-829da9085998) for task 1450489560222-www-data-devel-job11-0-b8fa4ef3-fb69-4ce3-85e5-6e2d17e600d0 of framework 20151219-012848-50331658-5050-16921-0000 from executor(1)@10.0.0.6:52837
I1219 01:46:07.001317 28196 status_update_manager.cpp:317] Received status update TASK_RUNNING (UUID: bb723a7f-3646-4564-96ed-829da9085998) for task 1450489560222-www-data-devel-job11-0-b8fa4ef3-fb69-4ce3-85e5-6e2d17e600d0 of framework 20151219-012848-50331658-5050-16921-0000
I1219 01:46:07.001384 28196 status_update_manager.hpp:346] Checkpointing UPDATE for status update TASK_RUNNING (UUID: bb723a7f-3646-4564-96ed-829da9085998) for task 1450489560222-www-data-devel-job11-0-b8fa4ef3-fb69-4ce3-85e5-6e2d17e600d0 of framework 20151219-012848-50331658-5050-16921-0000
I1219 01:46:07.005430 28186 slave.cpp:2753] Forwarding the update TASK_RUNNING (UUID: bb723a7f-3646-4564-96ed-829da9085998) for task 1450489560222-www-data-devel-job11-0-b8fa4ef3-fb69-4ce3-85e5-6e2d17e600d0 of framework 20151219-012848-50331658-5050-16921-0000 to master@10.0.0.3:5050
I1219 01:46:07.005537 28186 slave.cpp:2686] Sending acknowledgement for status update TASK_RUNNING (UUID: bb723a7f-3646-4564-96ed-829da9085998) for task 1450489560222-www-data-devel-job11-0-b8fa4ef3-fb69-4ce3-85e5-6e2d17e600d0 of framework 20151219-012848-50331658-5050-16921-0000 to executor(1)@10.0.0.6:52837
I1219 01:46:07.014729 28196 status_update_manager.cpp:389] Received status update acknowledgement (UUID: bb723a7f-3646-4564-96ed-829da9085998) for task 1450489560222-www-data-devel-job11-0-b8fa4ef3-fb69-4ce3-85e5-6e2d17e600d0 of framework 20151219-012848-50331658-5050-16921-0000
I1219 01:46:07.014770 28196 status_update_manager.hpp:346] Checkpointing ACK for status update TASK_RUNNING (UUID: bb723a7f-3646-4564-96ed-829da9085998) for task 1450489560222-www-data-devel-job11-0-b8fa4ef3-fb69-4ce3-85e5-6e2d17e600d0 of framework 20151219-012848-50331658-5050-16921-0000
I1219 01:46:09.620805 28197 containerizer.cpp:1111] Executor for container '39c9ac10-8218-4812-a16a-ff6eff5005e4' has exited
I1219 01:46:09.620934 28197 containerizer.cpp:906] Destroying container '39c9ac10-8218-4812-a16a-ff6eff5005e4'
I1219 01:46:09.622395 28194 slave.cpp:3193] Executor 'thermos-1450489560003-www-data-devel-job14-0-2911e1fb-b40a-48d4-8370-2efd961860ee' of framework 20151219-012848-50331658-5050-16921-0000 exited with status 0
I1219 01:46:09.622656 28194 slave.cpp:3302] Cleaning up executor 'thermos-1450489560003-www-data-devel-job14-0-2911e1fb-b40a-48d4-8370-2efd961860ee' of framework 20151219-012848-50331658-5050-16921-0000
I1219 01:46:09.622997 28195 gc.cpp:56] Scheduling '/var/lib/mesos/slave/slaves/20151219-012848-50331658-5050-16921-S2/frameworks/20151219-012848-50331658-5050-16921-0000/executors/thermos-1450489560003-www-data-devel-job14-0-2911e1fb-b40a-48d4-8370-2efd961860ee/runs/39c9ac10-8218-4812-a16a-ff6eff5005e4' for gc 6.9999927900237days in the future
I1219 01:46:09.623065 28195 gc.cpp:56] Scheduling '/var/lib/mesos/slave/slaves/20151219-012848-50331658-5050-16921-S2/frameworks/20151219-012848-50331658-5050-16921-0000/executors/thermos-1450489560003-www-data-devel-job14-0-2911e1fb-b40a-48d4-8370-2efd961860ee' for gc 6.99999278916444days in the future
I1219 01:46:09.623102 28195 gc.cpp:56] Scheduling '/var/lib/mesos/slave/meta/slaves/20151219-012848-50331658-5050-16921-S2/frameworks/20151219-012848-50331658-5050-16921-0000/executors/thermos-1450489560003-www-data-devel-job14-0-2911e1fb-b40a-48d4-8370-2efd961860ee/runs/39c9ac10-8218-4812-a16a-ff6eff5005e4' for gc 6.99999278832days in the future
I1219 01:46:09.623162 28195 gc.cpp:56] Scheduling '/var/lib/mesos/slave/meta/slaves/20151219-012848-50331658-5050-16921-S2/frameworks/20151219-012848-50331658-5050-16921-0000/executors/thermos-1450489560003-www-data-devel-job14-0-2911e1fb-b40a-48d4-8370-2efd961860ee' for gc 6.99999278773037days in the future
I1219 01:46:11.147119 28192 slave.cpp:2508] Handling status update TASK_FINISHED (UUID: 43109521-ccc5-4428-a723-96a9b4f89345) for task 1450489560222-www-data-devel-job11-0-b8fa4ef3-fb69-4ce3-85e5-6e2d17e600d0 of framework 20151219-012848-50331658-5050-16921-0000 from executor(1)@10.0.0.6:52837
I1219 01:46:11.147912 28195 status_update_manager.cpp:317] Received status update TASK_FINISHED (UUID: 43109521-ccc5-4428-a723-96a9b4f89345) for task 1450489560222-www-data-devel-job11-0-b8fa4ef3-fb69-4ce3-85e5-6e2d17e600d0 of framework 20151219-012848-50331658-5050-16921-0000
I1219 01:46:11.147986 28195 status_update_manager.hpp:346] Checkpointing UPDATE for status update TASK_FINISHED (UUID: 43109521-ccc5-4428-a723-96a9b4f89345) for task 1450489560222-www-data-devel-job11-0-b8fa4ef3-fb69-4ce3-85e5-6e2d17e600d0 of framework 20151219-012848-50331658-5050-16921-0000
I1219 01:46:11.153003 28197 slave.cpp:2753] Forwarding the update TASK_FINISHED (UUID: 43109521-ccc5-4428-a723-96a9b4f89345) for task 1450489560222-www-data-devel-job11-0-b8fa4ef3-fb69-4ce3-85e5-6e2d17e600d0 of framework 20151219-012848-50331658-5050-16921-0000 to master@10.0.0.3:5050
I1219 01:46:11.153133 28197 slave.cpp:2686] Sending acknowledgement for status update TASK_FINISHED (UUID: 43109521-ccc5-4428-a723-96a9b4f89345) for task 1450489560222-www-data-devel-job11-0-b8fa4ef3-fb69-4ce3-85e5-6e2d17e600d0 of framework 20151219-012848-50331658-5050-16921-0000 to executor(1)@10.0.0.6:52837
I1219 01:46:11.164608 28195 status_update_manager.cpp:389] Received status update acknowledgement (UUID: 43109521-ccc5-4428-a723-96a9b4f89345) for task 1450489560222-www-data-devel-job11-0-b8fa4ef3-fb69-4ce3-85e5-6e2d17e600d0 of framework 20151219-012848-50331658-5050-16921-0000
I1219 01:46:11.164649 28195 status_update_manager.hpp:346] Checkpointing ACK for status update TASK_FINISHED (UUID: 43109521-ccc5-4428-a723-96a9b4f89345) for task 1450489560222-www-data-devel-job11-0-b8fa4ef3-fb69-4ce3-85e5-6e2d17e600d0 of framework 20151219-012848-50331658-5050-16921-0000
I1219 01:46:16.251451 28188 containerizer.cpp:1111] Executor for container '4902cb96-2752-48f2-9444-1b84e2472547' has exited
I1219 01:46:16.251610 28188 containerizer.cpp:906] Destroying container '4902cb96-2752-48f2-9444-1b84e2472547'
I1219 01:46:16.253336 28182 slave.cpp:3193] Executor 'thermos-1450489560222-www-data-devel-job11-0-b8fa4ef3-fb69-4ce3-85e5-6e2d17e600d0' of framework 20151219-012848-50331658-5050-16921-0000 exited with status 0
I1219 01:46:16.253489 28182 slave.cpp:3302] Cleaning up executor 'thermos-1450489560222-www-data-devel-job11-0-b8fa4ef3-fb69-4ce3-85e5-6e2d17e600d0' of framework 20151219-012848-50331658-5050-16921-0000
I1219 01:46:16.253834 28192 gc.cpp:56] Scheduling '/var/lib/mesos/slave/slaves/20151219-012848-50331658-5050-16921-S2/frameworks/20151219-012848-50331658-5050-16921-0000/executors/thermos-1450489560222-www-data-devel-job11-0-b8fa4ef3-fb69-4ce3-85e5-6e2d17e600d0/runs/4902cb96-2752-48f2-9444-1b84e2472547' for gc 6.99999706283556days in the future
I1219 01:46:16.253937 28192 gc.cpp:56] Scheduling '/var/lib/mesos/slave/slaves/20151219-012848-50331658-5050-16921-S2/frameworks/20151219-012848-50331658-5050-16921-0000/executors/thermos-1450489560222-www-data-devel-job11-0-b8fa4ef3-fb69-4ce3-85e5-6e2d17e600d0' for gc 6.9999970618163days in the future
I1219 01:46:16.254012 28192 gc.cpp:56] Scheduling '/var/lib/mesos/slave/meta/slaves/20151219-012848-50331658-5050-16921-S2/frameworks/20151219-012848-50331658-5050-16921-0000/executors/thermos-1450489560222-www-data-devel-job11-0-b8fa4ef3-fb69-4ce3-85e5-6e2d17e600d0/runs/4902cb96-2752-48f2-9444-1b84e2472547' for gc 6.9999970607763days in the future
I1219 01:46:16.254034 28182 slave.cpp:3381] Cleaning up framework 20151219-012848-50331658-5050-16921-0000
I1219 01:46:16.254045 28192 gc.cpp:56] Scheduling '/var/lib/mesos/slave/meta/slaves/20151219-012848-50331658-5050-16921-S2/frameworks/20151219-012848-50331658-5050-16921-0000/executors/thermos-1450489560222-www-data-devel-job11-0-b8fa4ef3-fb69-4ce3-85e5-6e2d17e600d0' for gc 6.99999705995259days in the future
I1219 01:46:16.254173 28184 status_update_manager.cpp:279] Closing status update streams for framework 20151219-012848-50331658-5050-16921-0000
I1219 01:46:16.254281 28195 gc.cpp:56] Scheduling '/var/lib/mesos/slave/slaves/20151219-012848-50331658-5050-16921-S2/frameworks/20151219-012848-50331658-5050-16921-0000' for gc 6.99999705809185days in the future
I1219 01:46:16.254353 28195 gc.cpp:56] Scheduling '/var/lib/mesos/slave/meta/slaves/20151219-012848-50331658-5050-16921-S2/frameworks/20151219-012848-50331658-5050-16921-0000' for gc 6.99999705695704days in the future
I1219 01:46:16.640404 28183 slave.cpp:3534] Framework 20151219-012848-50331658-5050-16921-0000 seems to have exited. Ignoring registration timeout for executor 'thermos-1450489500020-www-data-devel-job6-0-f071fe65-55e4-4174-89fb-7ab4fd63d4e0'
I1219 01:46:33.048938 28193 slave.cpp:1121] Got assigned task 1450489560035-www-data-devel-job15-0-0b2ef88b-8aaa-4b4f-8e06-a0af9668ec6e for framework 20151219-012848-50331658-5050-16921-0000
I1219 01:46:33.055524 28193 gc.cpp:84] Unscheduling '/var/lib/mesos/slave/slaves/20151219-012848-50331658-5050-16921-S2/frameworks/20151219-012848-50331658-5050-16921-0000' from gc
I1219 01:46:33.055824 28185 gc.cpp:84] Unscheduling '/var/lib/mesos/slave/meta/slaves/20151219-012848-50331658-5050-16921-S2/frameworks/20151219-012848-50331658-5050-16921-0000' from gc
I1219 01:46:33.055968 28185 slave.cpp:1231] Launching task 1450489560035-www-data-devel-job15-0-0b2ef88b-8aaa-4b4f-8e06-a0af9668ec6e for framework 20151219-012848-50331658-5050-16921-0000
I1219 01:46:33.058683 28185 slave.cpp:4160] Launching executor thermos-1450489560035-www-data-devel-job15-0-0b2ef88b-8aaa-4b4f-8e06-a0af9668ec6e of framework 20151219-012848-50331658-5050-16921-0000 in work directory '/var/lib/mesos/slave/slaves/20151219-012848-50331658-5050-16921-S2/frameworks/20151219-012848-50331658-5050-16921-0000/executors/thermos-1450489560035-www-data-devel-job15-0-0b2ef88b-8aaa-4b4f-8e06-a0af9668ec6e/runs/3d7ad85c-4058-41d4-9f55-a46574a162d4'
I1219 01:46:33.058903 28195 containerizer.cpp:472] Starting container '3d7ad85c-4058-41d4-9f55-a46574a162d4' for executor 'thermos-1450489560035-www-data-devel-job15-0-0b2ef88b-8aaa-4b4f-8e06-a0af9668ec6e' of framework '20151219-012848-50331658-5050-16921-0000'
I1219 01:46:33.060391 28185 slave.cpp:1378] Queuing task '1450489560035-www-data-devel-job15-0-0b2ef88b-8aaa-4b4f-8e06-a0af9668ec6e' for executor thermos-1450489560035-www-data-devel-job15-0-0b2ef88b-8aaa-4b4f-8e06-a0af9668ec6e of framework '20151219-012848-50331658-5050-16921-0000
I1219 01:46:33.060573 28195 launcher.cpp:130] Forked child with pid '29613' for container '3d7ad85c-4058-41d4-9f55-a46574a162d4'
I1219 01:46:33.060756 28195 containerizer.cpp:682] Checkpointing executor's forked pid 29613 to '/var/lib/mesos/slave/meta/slaves/20151219-012848-50331658-5050-16921-S2/frameworks/20151219-012848-50331658-5050-16921-0000/executors/thermos-1450489560035-www-data-devel-job15-0-0b2ef88b-8aaa-4b4f-8e06-a0af9668ec6e/runs/3d7ad85c-4058-41d4-9f55-a46574a162d4/pids/forked.pid'
I1219 01:46:33.065099 28183 fetcher.cpp:238] Fetching URIs using command '/usr/libexec/mesos/mesos-fetcher'
I1219 01:46:33.125140 28190 slave.cpp:3135] Monitoring executor 'thermos-1450489560035-www-data-devel-job15-0-0b2ef88b-8aaa-4b4f-8e06-a0af9668ec6e' of framework '20151219-012848-50331658-5050-16921-0000' in container '3d7ad85c-4058-41d4-9f55-a46574a162d4'
I1219 01:46:33.630447 28189 slave.cpp:2141] Got registration for executor 'thermos-1450489560035-www-data-devel-job15-0-0b2ef88b-8aaa-4b4f-8e06-a0af9668ec6e' of framework 20151219-012848-50331658-5050-16921-0000 from executor(1)@10.0.0.6:48847
I1219 01:46:33.631335 28197 slave.cpp:1532] Sending queued task '1450489560035-www-data-devel-job15-0-0b2ef88b-8aaa-4b4f-8e06-a0af9668ec6e' to executor 'thermos-1450489560035-www-data-devel-job15-0-0b2ef88b-8aaa-4b4f-8e06-a0af9668ec6e' of framework 20151219-012848-50331658-5050-16921-0000
I1219 01:46:33.636973 28190 slave.cpp:2508] Handling status update TASK_STARTING (UUID: be3a4bad-1ca4-48bc-96ce-a3122d59c64a) for task 1450489560035-www-data-devel-job15-0-0b2ef88b-8aaa-4b4f-8e06-a0af9668ec6e of framework 20151219-012848-50331658-5050-16921-0000 from executor(1)@10.0.0.6:48847
I1219 01:46:33.637140 28191 status_update_manager.cpp:317] Received status update TASK_STARTING (UUID: be3a4bad-1ca4-48bc-96ce-a3122d59c64a) for task 1450489560035-www-data-devel-job15-0-0b2ef88b-8aaa-4b4f-8e06-a0af9668ec6e of framework 20151219-012848-50331658-5050-16921-0000
I1219 01:46:33.637475 28191 status_update_manager.hpp:346] Checkpointing UPDATE for status update TASK_STARTING (UUID: be3a4bad-1ca4-48bc-96ce-a3122d59c64a) for task 1450489560035-www-data-devel-job15-0-0b2ef88b-8aaa-4b4f-8e06-a0af9668ec6e of framework 20151219-012848-50331658-5050-16921-0000
I1219 01:46:33.641986 28191 slave.cpp:2753] Forwarding the update TASK_STARTING (UUID: be3a4bad-1ca4-48bc-96ce-a3122d59c64a) for task 1450489560035-www-data-devel-job15-0-0b2ef88b-8aaa-4b4f-8e06-a0af9668ec6e of framework 20151219-012848-50331658-5050-16921-0000 to master@10.0.0.3:5050
I1219 01:46:33.642088 28191 slave.cpp:2686] Sending acknowledgement for status update TASK_STARTING (UUID: be3a4bad-1ca4-48bc-96ce-a3122d59c64a) for task 1450489560035-www-data-devel-job15-0-0b2ef88b-8aaa-4b4f-8e06-a0af9668ec6e of framework 20151219-012848-50331658-5050-16921-0000 to executor(1)@10.0.0.6:48847
I1219 01:46:33.651181 28185 status_update_manager.cpp:389] Received status update acknowledgement (UUID: be3a4bad-1ca4-48bc-96ce-a3122d59c64a) for task 1450489560035-www-data-devel-job15-0-0b2ef88b-8aaa-4b4f-8e06-a0af9668ec6e of framework 20151219-012848-50331658-5050-16921-0000
