Log file created at: 2015/12/19 01:28:48
Running on machine: cbd0a574e606
Log line format: [IWEF]mmdd hh:mm:ss.uuuuuu threadid file:line] msg
I1219 01:28:48.575186 27508 logging.cpp:172] INFO level logging started!
I1219 01:28:48.575428 27508 main.cpp:156] Build: 2015-03-26 13:36:52 by root
I1219 01:28:48.575441 27508 main.cpp:158] Version: 0.22.0
I1219 01:28:48.575448 27508 main.cpp:161] Git tag: 0.22.0
I1219 01:28:48.575456 27508 main.cpp:165] Git SHA: e890e2414903bb69cab730d5204f10b10d2e91bb
I1219 01:28:48.575526 27508 containerizer.cpp:110] Using isolation: posix/cpu,posix/mem
I1219 01:28:48.575974 27508 main.cpp:200] Starting Mesos slave
I1219 01:28:48.577009 27508 slave.cpp:174] Slave started on 1)@10.0.0.6:5051
I1219 01:28:48.577364 27508 slave.cpp:299] Slave resources: cpus(*):16; mem(*):63395; disk(*):24980; ports(*):[31000-32000]
I1219 01:28:48.577395 27508 slave.cpp:328] Slave hostname: n5
I1219 01:28:48.577404 27508 slave.cpp:329] Slave checkpoint: true
I1219 01:28:48.579740 27518 state.cpp:35] Recovering state from '/var/lib/mesos/slave/meta'
I1219 01:28:48.579962 27511 status_update_manager.cpp:197] Recovering status update manager
I1219 01:28:48.580109 27509 containerizer.cpp:307] Recovering containerizer
I1219 01:28:48.580322 27509 slave.cpp:3778] Finished recovery
I1219 01:28:48.599423 27514 group.cpp:313] Group process (group(1)@10.0.0.6:5051) connected to ZooKeeper
I1219 01:28:48.599462 27514 group.cpp:790] Syncing group operations: queue size (joins, cancels, datas) = (0, 0, 0)
I1219 01:28:48.599475 27514 group.cpp:385] Trying to create path '/mesos' in ZooKeeper
I1219 01:28:48.640193 27515 detector.cpp:138] Detected a new leader: (id='0')
I1219 01:28:48.640317 27515 group.cpp:659] Trying to get '/mesos/info_0000000000' in ZooKeeper
I1219 01:28:48.642951 27510 detector.cpp:452] A new leading master (UPID=master@10.0.0.3:5050) is detected
I1219 01:28:48.643175 27519 status_update_manager.cpp:171] Pausing sending status updates
I1219 01:28:48.643172 27522 slave.cpp:624] New master detected at master@10.0.0.3:5050
I1219 01:28:48.643425 27522 slave.cpp:649] No credentials provided. Attempting to register without authentication
I1219 01:28:48.643470 27522 slave.cpp:660] Detecting new master
I1219 01:28:53.831497 27512 slave.cpp:792] Registered with master master@10.0.0.3:5050; given slave ID 20151219-012848-50331658-5050-16921-S0
I1219 01:28:53.832209 27512 status_update_manager.cpp:178] Resuming sending status updates
I1219 01:29:48.586516 27519 slave.cpp:3618] Current disk usage 67.36%. Max allowed age: 1.584881297458692days
I1219 01:30:48.594327 27510 slave.cpp:3618] Current disk usage 67.36%. Max allowed age: 1.584852227872326days
I1219 01:31:00.197078 27514 slave.cpp:1121] Got assigned task 1450488660070-www-data-devel-job4-0-f8618869-2feb-48da-89b8-9af3c64fe60a for framework 20151219-012848-50331658-5050-16921-0000
I1219 01:31:00.198079 27514 slave.cpp:1231] Launching task 1450488660070-www-data-devel-job4-0-f8618869-2feb-48da-89b8-9af3c64fe60a for framework 20151219-012848-50331658-5050-16921-0000
I1219 01:31:00.200791 27514 slave.cpp:4160] Launching executor thermos-1450488660070-www-data-devel-job4-0-f8618869-2feb-48da-89b8-9af3c64fe60a of framework 20151219-012848-50331658-5050-16921-0000 in work directory '/var/lib/mesos/slave/slaves/20151219-012848-50331658-5050-16921-S0/frameworks/20151219-012848-50331658-5050-16921-0000/executors/thermos-1450488660070-www-data-devel-job4-0-f8618869-2feb-48da-89b8-9af3c64fe60a/runs/4ccfb4d0-a2b6-41fd-998e-daadb7bd3a3c'
I1219 01:31:00.200963 27516 containerizer.cpp:472] Starting container '4ccfb4d0-a2b6-41fd-998e-daadb7bd3a3c' for executor 'thermos-1450488660070-www-data-devel-job4-0-f8618869-2feb-48da-89b8-9af3c64fe60a' of framework '20151219-012848-50331658-5050-16921-0000'
I1219 01:31:00.203291 27516 launcher.cpp:130] Forked child with pid '27774' for container '4ccfb4d0-a2b6-41fd-998e-daadb7bd3a3c'
I1219 01:31:00.203474 27514 slave.cpp:1378] Queuing task '1450488660070-www-data-devel-job4-0-f8618869-2feb-48da-89b8-9af3c64fe60a' for executor thermos-1450488660070-www-data-devel-job4-0-f8618869-2feb-48da-89b8-9af3c64fe60a of framework '20151219-012848-50331658-5050-16921-0000
I1219 01:31:00.203485 27516 containerizer.cpp:682] Checkpointing executor's forked pid 27774 to '/var/lib/mesos/slave/meta/slaves/20151219-012848-50331658-5050-16921-S0/frameworks/20151219-012848-50331658-5050-16921-0000/executors/thermos-1450488660070-www-data-devel-job4-0-f8618869-2feb-48da-89b8-9af3c64fe60a/runs/4ccfb4d0-a2b6-41fd-998e-daadb7bd3a3c/pids/forked.pid'
I1219 01:31:00.207260 27520 fetcher.cpp:238] Fetching URIs using command '/usr/libexec/mesos/mesos-fetcher'
I1219 01:31:00.304127 27511 slave.cpp:3135] Monitoring executor 'thermos-1450488660070-www-data-devel-job4-0-f8618869-2feb-48da-89b8-9af3c64fe60a' of framework '20151219-012848-50331658-5050-16921-0000' in container '4ccfb4d0-a2b6-41fd-998e-daadb7bd3a3c'
I1219 01:31:00.808717 27521 slave.cpp:2141] Got registration for executor 'thermos-1450488660070-www-data-devel-job4-0-f8618869-2feb-48da-89b8-9af3c64fe60a' of framework 20151219-012848-50331658-5050-16921-0000 from executor(1)@10.0.0.6:52335
I1219 01:31:00.809826 27510 slave.cpp:1532] Sending queued task '1450488660070-www-data-devel-job4-0-f8618869-2feb-48da-89b8-9af3c64fe60a' to executor 'thermos-1450488660070-www-data-devel-job4-0-f8618869-2feb-48da-89b8-9af3c64fe60a' of framework 20151219-012848-50331658-5050-16921-0000
I1219 01:31:00.816612 27512 slave.cpp:2508] Handling status update TASK_STARTING (UUID: 0f59ce23-f8fd-4042-93dc-c7ac5f302858) for task 1450488660070-www-data-devel-job4-0-f8618869-2feb-48da-89b8-9af3c64fe60a of framework 20151219-012848-50331658-5050-16921-0000 from executor(1)@10.0.0.6:52335
I1219 01:31:00.817414 27516 status_update_manager.cpp:317] Received status update TASK_STARTING (UUID: 0f59ce23-f8fd-4042-93dc-c7ac5f302858) for task 1450488660070-www-data-devel-job4-0-f8618869-2feb-48da-89b8-9af3c64fe60a of framework 20151219-012848-50331658-5050-16921-0000
I1219 01:31:00.817806 27516 status_update_manager.hpp:346] Checkpointing UPDATE for status update TASK_STARTING (UUID: 0f59ce23-f8fd-4042-93dc-c7ac5f302858) for task 1450488660070-www-data-devel-job4-0-f8618869-2feb-48da-89b8-9af3c64fe60a of framework 20151219-012848-50331658-5050-16921-0000
I1219 01:31:00.821575 27516 slave.cpp:2753] Forwarding the update TASK_STARTING (UUID: 0f59ce23-f8fd-4042-93dc-c7ac5f302858) for task 1450488660070-www-data-devel-job4-0-f8618869-2feb-48da-89b8-9af3c64fe60a of framework 20151219-012848-50331658-5050-16921-0000 to master@10.0.0.3:5050
I1219 01:31:00.821676 27516 slave.cpp:2686] Sending acknowledgement for status update TASK_STARTING (UUID: 0f59ce23-f8fd-4042-93dc-c7ac5f302858) for task 1450488660070-www-data-devel-job4-0-f8618869-2feb-48da-89b8-9af3c64fe60a of framework 20151219-012848-50331658-5050-16921-0000 to executor(1)@10.0.0.6:52335
I1219 01:31:00.835883 27515 status_update_manager.cpp:389] Received status update acknowledgement (UUID: 0f59ce23-f8fd-4042-93dc-c7ac5f302858) for task 1450488660070-www-data-devel-job4-0-f8618869-2feb-48da-89b8-9af3c64fe60a of framework 20151219-012848-50331658-5050-16921-0000
I1219 01:31:00.835945 27515 status_update_manager.hpp:346] Checkpointing ACK for status update TASK_STARTING (UUID: 0f59ce23-f8fd-4042-93dc-c7ac5f302858) for task 1450488660070-www-data-devel-job4-0-f8618869-2feb-48da-89b8-9af3c64fe60a of framework 20151219-012848-50331658-5050-16921-0000
I1219 01:31:01.402107 27510 slave.cpp:2508] Handling status update TASK_RUNNING (UUID: f2b84403-2c7f-4fef-97ab-780bcd695c2e) for task 1450488660070-www-data-devel-job4-0-f8618869-2feb-48da-89b8-9af3c64fe60a of framework 20151219-012848-50331658-5050-16921-0000 from executor(1)@10.0.0.6:52335
I1219 01:31:01.402261 27517 status_update_manager.cpp:317] Received status update TASK_RUNNING (UUID: f2b84403-2c7f-4fef-97ab-780bcd695c2e) for task 1450488660070-www-data-devel-job4-0-f8618869-2feb-48da-89b8-9af3c64fe60a of framework 20151219-012848-50331658-5050-16921-0000
I1219 01:31:01.402307 27517 status_update_manager.hpp:346] Checkpointing UPDATE for status update TASK_RUNNING (UUID: f2b84403-2c7f-4fef-97ab-780bcd695c2e) for task 1450488660070-www-data-devel-job4-0-f8618869-2feb-48da-89b8-9af3c64fe60a of framework 20151219-012848-50331658-5050-16921-0000
I1219 01:31:01.406374 27510 slave.cpp:2753] Forwarding the update TASK_RUNNING (UUID: f2b84403-2c7f-4fef-97ab-780bcd695c2e) for task 1450488660070-www-data-devel-job4-0-f8618869-2feb-48da-89b8-9af3c64fe60a of framework 20151219-012848-50331658-5050-16921-0000 to master@10.0.0.3:5050
I1219 01:31:01.406503 27510 slave.cpp:2686] Sending acknowledgement for status update TASK_RUNNING (UUID: f2b84403-2c7f-4fef-97ab-780bcd695c2e) for task 1450488660070-www-data-devel-job4-0-f8618869-2feb-48da-89b8-9af3c64fe60a of framework 20151219-012848-50331658-5050-16921-0000 to executor(1)@10.0.0.6:52335
I1219 01:31:01.422757 27517 status_update_manager.cpp:389] Received status update acknowledgement (UUID: f2b84403-2c7f-4fef-97ab-780bcd695c2e) for task 1450488660070-www-data-devel-job4-0-f8618869-2feb-48da-89b8-9af3c64fe60a of framework 20151219-012848-50331658-5050-16921-0000
I1219 01:31:01.422807 27517 status_update_manager.hpp:346] Checkpointing ACK for status update TASK_RUNNING (UUID: f2b84403-2c7f-4fef-97ab-780bcd695c2e) for task 1450488660070-www-data-devel-job4-0-f8618869-2feb-48da-89b8-9af3c64fe60a of framework 20151219-012848-50331658-5050-16921-0000
I1219 01:31:03.550060 27511 slave.cpp:2508] Handling status update TASK_FINISHED (UUID: 6c0b6027-df7a-427f-ac1c-c4fadc9dfcbf) for task 1450488660070-www-data-devel-job4-0-f8618869-2feb-48da-89b8-9af3c64fe60a of framework 20151219-012848-50331658-5050-16921-0000 from executor(1)@10.0.0.6:52335
I1219 01:31:03.551010 27524 status_update_manager.cpp:317] Received status update TASK_FINISHED (UUID: 6c0b6027-df7a-427f-ac1c-c4fadc9dfcbf) for task 1450488660070-www-data-devel-job4-0-f8618869-2feb-48da-89b8-9af3c64fe60a of framework 20151219-012848-50331658-5050-16921-0000
I1219 01:31:03.551120 27524 status_update_manager.hpp:346] Checkpointing UPDATE for status update TASK_FINISHED (UUID: 6c0b6027-df7a-427f-ac1c-c4fadc9dfcbf) for task 1450488660070-www-data-devel-job4-0-f8618869-2feb-48da-89b8-9af3c64fe60a of framework 20151219-012848-50331658-5050-16921-0000
I1219 01:31:03.555199 27523 slave.cpp:2753] Forwarding the update TASK_FINISHED (UUID: 6c0b6027-df7a-427f-ac1c-c4fadc9dfcbf) for task 1450488660070-www-data-devel-job4-0-f8618869-2feb-48da-89b8-9af3c64fe60a of framework 20151219-012848-50331658-5050-16921-0000 to master@10.0.0.3:5050
I1219 01:31:03.555325 27523 slave.cpp:2686] Sending acknowledgement for status update TASK_FINISHED (UUID: 6c0b6027-df7a-427f-ac1c-c4fadc9dfcbf) for task 1450488660070-www-data-devel-job4-0-f8618869-2feb-48da-89b8-9af3c64fe60a of framework 20151219-012848-50331658-5050-16921-0000 to executor(1)@10.0.0.6:52335
I1219 01:31:03.568490 27524 status_update_manager.cpp:389] Received status update acknowledgement (UUID: 6c0b6027-df7a-427f-ac1c-c4fadc9dfcbf) for task 1450488660070-www-data-devel-job4-0-f8618869-2feb-48da-89b8-9af3c64fe60a of framework 20151219-012848-50331658-5050-16921-0000
I1219 01:31:03.568578 27524 status_update_manager.hpp:346] Checkpointing ACK for status update TASK_FINISHED (UUID: 6c0b6027-df7a-427f-ac1c-c4fadc9dfcbf) for task 1450488660070-www-data-devel-job4-0-f8618869-2feb-48da-89b8-9af3c64fe60a of framework 20151219-012848-50331658-5050-16921-0000
I1219 01:31:04.320417 27516 slave.cpp:1121] Got assigned task 1450488660101-www-data-devel-job2-0-227cea51-488f-4c8f-8ee5-f12099e4983a for framework 20151219-012848-50331658-5050-16921-0000
I1219 01:31:04.320641 27516 slave.cpp:1231] Launching task 1450488660101-www-data-devel-job2-0-227cea51-488f-4c8f-8ee5-f12099e4983a for framework 20151219-012848-50331658-5050-16921-0000
I1219 01:31:04.322471 27516 slave.cpp:4160] Launching executor thermos-1450488660101-www-data-devel-job2-0-227cea51-488f-4c8f-8ee5-f12099e4983a of framework 20151219-012848-50331658-5050-16921-0000 in work directory '/var/lib/mesos/slave/slaves/20151219-012848-50331658-5050-16921-S0/frameworks/20151219-012848-50331658-5050-16921-0000/executors/thermos-1450488660101-www-data-devel-job2-0-227cea51-488f-4c8f-8ee5-f12099e4983a/runs/61e330fd-2408-4560-b3fe-bed99d0a8d79'
I1219 01:31:04.322731 27518 containerizer.cpp:472] Starting container '61e330fd-2408-4560-b3fe-bed99d0a8d79' for executor 'thermos-1450488660101-www-data-devel-job2-0-227cea51-488f-4c8f-8ee5-f12099e4983a' of framework '20151219-012848-50331658-5050-16921-0000'
I1219 01:31:04.323282 27516 slave.cpp:1378] Queuing task '1450488660101-www-data-devel-job2-0-227cea51-488f-4c8f-8ee5-f12099e4983a' for executor thermos-1450488660101-www-data-devel-job2-0-227cea51-488f-4c8f-8ee5-f12099e4983a of framework '20151219-012848-50331658-5050-16921-0000
I1219 01:31:04.324070 27523 launcher.cpp:130] Forked child with pid '27831' for container '61e330fd-2408-4560-b3fe-bed99d0a8d79'
I1219 01:31:04.324873 27523 containerizer.cpp:682] Checkpointing executor's forked pid 27831 to '/var/lib/mesos/slave/meta/slaves/20151219-012848-50331658-5050-16921-S0/frameworks/20151219-012848-50331658-5050-16921-0000/executors/thermos-1450488660101-www-data-devel-job2-0-227cea51-488f-4c8f-8ee5-f12099e4983a/runs/61e330fd-2408-4560-b3fe-bed99d0a8d79/pids/forked.pid'
I1219 01:31:04.328577 27513 fetcher.cpp:238] Fetching URIs using command '/usr/libexec/mesos/mesos-fetcher'
I1219 01:31:04.425076 27522 slave.cpp:3135] Monitoring executor 'thermos-1450488660101-www-data-devel-job2-0-227cea51-488f-4c8f-8ee5-f12099e4983a' of framework '20151219-012848-50331658-5050-16921-0000' in container '61e330fd-2408-4560-b3fe-bed99d0a8d79'
I1219 01:31:04.924453 27522 slave.cpp:2141] Got registration for executor 'thermos-1450488660101-www-data-devel-job2-0-227cea51-488f-4c8f-8ee5-f12099e4983a' of framework 20151219-012848-50331658-5050-16921-0000 from executor(1)@10.0.0.6:41218
I1219 01:31:04.925457 27516 slave.cpp:1532] Sending queued task '1450488660101-www-data-devel-job2-0-227cea51-488f-4c8f-8ee5-f12099e4983a' to executor 'thermos-1450488660101-www-data-devel-job2-0-227cea51-488f-4c8f-8ee5-f12099e4983a' of framework 20151219-012848-50331658-5050-16921-0000
I1219 01:31:04.931124 27520 slave.cpp:2508] Handling status update TASK_STARTING (UUID: 3f0dfb8a-9ec5-433c-bc0d-c71641c22523) for task 1450488660101-www-data-devel-job2-0-227cea51-488f-4c8f-8ee5-f12099e4983a of framework 20151219-012848-50331658-5050-16921-0000 from executor(1)@10.0.0.6:41218
I1219 01:31:04.931265 27520 status_update_manager.cpp:317] Received status update TASK_STARTING (UUID: 3f0dfb8a-9ec5-433c-bc0d-c71641c22523) for task 1450488660101-www-data-devel-job2-0-227cea51-488f-4c8f-8ee5-f12099e4983a of framework 20151219-012848-50331658-5050-16921-0000
I1219 01:31:04.931604 27520 status_update_manager.hpp:346] Checkpointing UPDATE for status update TASK_STARTING (UUID: 3f0dfb8a-9ec5-433c-bc0d-c71641c22523) for task 1450488660101-www-data-devel-job2-0-227cea51-488f-4c8f-8ee5-f12099e4983a of framework 20151219-012848-50331658-5050-16921-0000
I1219 01:31:04.936210 27509 slave.cpp:2753] Forwarding the update TASK_STARTING (UUID: 3f0dfb8a-9ec5-433c-bc0d-c71641c22523) for task 1450488660101-www-data-devel-job2-0-227cea51-488f-4c8f-8ee5-f12099e4983a of framework 20151219-012848-50331658-5050-16921-0000 to master@10.0.0.3:5050
I1219 01:31:04.936326 27509 slave.cpp:2686] Sending acknowledgement for status update TASK_STARTING (UUID: 3f0dfb8a-9ec5-433c-bc0d-c71641c22523) for task 1450488660101-www-data-devel-job2-0-227cea51-488f-4c8f-8ee5-f12099e4983a of framework 20151219-012848-50331658-5050-16921-0000 to executor(1)@10.0.0.6:41218
I1219 01:31:04.950359 27512 status_update_manager.cpp:389] Received status update acknowledgement (UUID: 3f0dfb8a-9ec5-433c-bc0d-c71641c22523) for task 1450488660101-www-data-devel-job2-0-227cea51-488f-4c8f-8ee5-f12099e4983a of framework 20151219-012848-50331658-5050-16921-0000
I1219 01:31:04.950393 27512 status_update_manager.hpp:346] Checkpointing ACK for status update TASK_STARTING (UUID: 3f0dfb8a-9ec5-433c-bc0d-c71641c22523) for task 1450488660101-www-data-devel-job2-0-227cea51-488f-4c8f-8ee5-f12099e4983a of framework 20151219-012848-50331658-5050-16921-0000
I1219 01:31:05.515733 27509 slave.cpp:2508] Handling status update TASK_RUNNING (UUID: 94f170a5-af08-4dcb-aa76-16a89605598b) for task 1450488660101-www-data-devel-job2-0-227cea51-488f-4c8f-8ee5-f12099e4983a of framework 20151219-012848-50331658-5050-16921-0000 from executor(1)@10.0.0.6:41218
I1219 01:31:05.515954 27518 status_update_manager.cpp:317] Received status update TASK_RUNNING (UUID: 94f170a5-af08-4dcb-aa76-16a89605598b) for task 1450488660101-www-data-devel-job2-0-227cea51-488f-4c8f-8ee5-f12099e4983a of framework 20151219-012848-50331658-5050-16921-0000
I1219 01:31:05.516036 27518 status_update_manager.hpp:346] Checkpointing UPDATE for status update TASK_RUNNING (UUID: 94f170a5-af08-4dcb-aa76-16a89605598b) for task 1450488660101-www-data-devel-job2-0-227cea51-488f-4c8f-8ee5-f12099e4983a of framework 20151219-012848-50331658-5050-16921-0000
I1219 01:31:05.520207 27509 slave.cpp:2753] Forwarding the update TASK_RUNNING (UUID: 94f170a5-af08-4dcb-aa76-16a89605598b) for task 1450488660101-www-data-devel-job2-0-227cea51-488f-4c8f-8ee5-f12099e4983a of framework 20151219-012848-50331658-5050-16921-0000 to master@10.0.0.3:5050
I1219 01:31:05.520314 27509 slave.cpp:2686] Sending acknowledgement for status update TASK_RUNNING (UUID: 94f170a5-af08-4dcb-aa76-16a89605598b) for task 1450488660101-www-data-devel-job2-0-227cea51-488f-4c8f-8ee5-f12099e4983a of framework 20151219-012848-50331658-5050-16921-0000 to executor(1)@10.0.0.6:41218
I1219 01:31:05.535151 27518 status_update_manager.cpp:389] Received status update acknowledgement (UUID: 94f170a5-af08-4dcb-aa76-16a89605598b) for task 1450488660101-www-data-devel-job2-0-227cea51-488f-4c8f-8ee5-f12099e4983a of framework 20151219-012848-50331658-5050-16921-0000
I1219 01:31:05.535186 27518 status_update_manager.hpp:346] Checkpointing ACK for status update TASK_RUNNING (UUID: 94f170a5-af08-4dcb-aa76-16a89605598b) for task 1450488660101-www-data-devel-job2-0-227cea51-488f-4c8f-8ee5-f12099e4983a of framework 20151219-012848-50331658-5050-16921-0000
I1219 01:31:08.644543 27509 containerizer.cpp:1111] Executor for container '4ccfb4d0-a2b6-41fd-998e-daadb7bd3a3c' has exited
I1219 01:31:08.644651 27509 containerizer.cpp:906] Destroying container '4ccfb4d0-a2b6-41fd-998e-daadb7bd3a3c'
I1219 01:31:08.646023 27513 slave.cpp:3193] Executor 'thermos-1450488660070-www-data-devel-job4-0-f8618869-2feb-48da-89b8-9af3c64fe60a' of framework 20151219-012848-50331658-5050-16921-0000 exited with status 0
I1219 01:31:08.646217 27513 slave.cpp:3302] Cleaning up executor 'thermos-1450488660070-www-data-devel-job4-0-f8618869-2feb-48da-89b8-9af3c64fe60a' of framework 20151219-012848-50331658-5050-16921-0000
I1219 01:31:08.646469 27521 gc.cpp:56] Scheduling '/var/lib/mesos/slave/slaves/20151219-012848-50331658-5050-16921-S0/frameworks/20151219-012848-50331658-5050-16921-0000/executors/thermos-1450488660070-www-data-devel-job4-0-f8618869-2feb-48da-89b8-9af3c64fe60a/runs/4ccfb4d0-a2b6-41fd-998e-daadb7bd3a3c' for gc 6.99999251821926days in the future
I1219 01:31:08.646561 27521 gc.cpp:56] Scheduling '/var/lib/mesos/slave/slaves/20151219-012848-50331658-5050-16921-S0/frameworks/20151219-012848-50331658-5050-16921-0000/executors/thermos-1450488660070-www-data-devel-job4-0-f8618869-2feb-48da-89b8-9af3c64fe60a' for gc 6.9999925172days in the future
I1219 01:31:08.646589 27521 gc.cpp:56] Scheduling '/var/lib/mesos/slave/meta/slaves/20151219-012848-50331658-5050-16921-S0/frameworks/20151219-012848-50331658-5050-16921-0000/executors/thermos-1450488660070-www-data-devel-job4-0-f8618869-2feb-48da-89b8-9af3c64fe60a/runs/4ccfb4d0-a2b6-41fd-998e-daadb7bd3a3c' for gc 6.99999251653926days in the future
I1219 01:31:08.646657 27518 gc.cpp:56] Scheduling '/var/lib/mesos/slave/meta/slaves/20151219-012848-50331658-5050-16921-S0/frameworks/20151219-012848-50331658-5050-16921-0000/executors/thermos-1450488660070-www-data-devel-job4-0-f8618869-2feb-48da-89b8-9af3c64fe60a' for gc 6.99999251602963days in the future
I1219 01:31:09.665787 27519 slave.cpp:2508] Handling status update TASK_FINISHED (UUID: eea75f0a-90b5-4e19-9ee8-deb462a0e9b4) for task 1450488660101-www-data-devel-job2-0-227cea51-488f-4c8f-8ee5-f12099e4983a of framework 20151219-012848-50331658-5050-16921-0000 from executor(1)@10.0.0.6:41218
I1219 01:31:09.666364 27518 status_update_manager.cpp:317] Received status update TASK_FINISHED (UUID: eea75f0a-90b5-4e19-9ee8-deb462a0e9b4) for task 1450488660101-www-data-devel-job2-0-227cea51-488f-4c8f-8ee5-f12099e4983a of framework 20151219-012848-50331658-5050-16921-0000
I1219 01:31:09.666409 27518 status_update_manager.hpp:346] Checkpointing UPDATE for status update TASK_FINISHED (UUID: eea75f0a-90b5-4e19-9ee8-deb462a0e9b4) for task 1450488660101-www-data-devel-job2-0-227cea51-488f-4c8f-8ee5-f12099e4983a of framework 20151219-012848-50331658-5050-16921-0000
I1219 01:31:09.670369 27516 slave.cpp:2753] Forwarding the update TASK_FINISHED (UUID: eea75f0a-90b5-4e19-9ee8-deb462a0e9b4) for task 1450488660101-www-data-devel-job2-0-227cea51-488f-4c8f-8ee5-f12099e4983a of framework 20151219-012848-50331658-5050-16921-0000 to master@10.0.0.3:5050
I1219 01:31:09.670441 27516 slave.cpp:2686] Sending acknowledgement for status update TASK_FINISHED (UUID: eea75f0a-90b5-4e19-9ee8-deb462a0e9b4) for task 1450488660101-www-data-devel-job2-0-227cea51-488f-4c8f-8ee5-f12099e4983a of framework 20151219-012848-50331658-5050-16921-0000 to executor(1)@10.0.0.6:41218
I1219 01:31:09.681625 27518 status_update_manager.cpp:389] Received status update acknowledgement (UUID: eea75f0a-90b5-4e19-9ee8-deb462a0e9b4) for task 1450488660101-www-data-devel-job2-0-227cea51-488f-4c8f-8ee5-f12099e4983a of framework 20151219-012848-50331658-5050-16921-0000
I1219 01:31:09.681653 27518 status_update_manager.hpp:346] Checkpointing ACK for status update TASK_FINISHED (UUID: eea75f0a-90b5-4e19-9ee8-deb462a0e9b4) for task 1450488660101-www-data-devel-job2-0-227cea51-488f-4c8f-8ee5-f12099e4983a of framework 20151219-012848-50331658-5050-16921-0000
I1219 01:31:14.774157 27517 containerizer.cpp:1111] Executor for container '61e330fd-2408-4560-b3fe-bed99d0a8d79' has exited
I1219 01:31:14.774284 27517 containerizer.cpp:906] Destroying container '61e330fd-2408-4560-b3fe-bed99d0a8d79'
I1219 01:31:14.775951 27511 slave.cpp:3193] Executor 'thermos-1450488660101-www-data-devel-job2-0-227cea51-488f-4c8f-8ee5-f12099e4983a' of framework 20151219-012848-50331658-5050-16921-0000 exited with status 0
I1219 01:31:14.776130 27511 slave.cpp:3302] Cleaning up executor 'thermos-1450488660101-www-data-devel-job2-0-227cea51-488f-4c8f-8ee5-f12099e4983a' of framework 20151219-012848-50331658-5050-16921-0000
I1219 01:31:14.776468 27524 gc.cpp:56] Scheduling '/var/lib/mesos/slave/slaves/20151219-012848-50331658-5050-16921-S0/frameworks/20151219-012848-50331658-5050-16921-0000/executors/thermos-1450488660101-www-data-devel-job2-0-227cea51-488f-4c8f-8ee5-f12099e4983a/runs/61e330fd-2408-4560-b3fe-bed99d0a8d79' for gc 6.99999101377185days in the future
I1219 01:31:14.776552 27524 gc.cpp:56] Scheduling '/var/lib/mesos/slave/slaves/20151219-012848-50331658-5050-16921-S0/frameworks/20151219-012848-50331658-5050-16921-0000/executors/thermos-1450488660101-www-data-devel-job2-0-227cea51-488f-4c8f-8ee5-f12099e4983a' for gc 6.99999101263704days in the future
I1219 01:31:14.776631 27511 slave.cpp:3381] Cleaning up framework 20151219-012848-50331658-5050-16921-0000
I1219 01:31:14.776680 27524 gc.cpp:56] Scheduling '/var/lib/mesos/slave/meta/slaves/20151219-012848-50331658-5050-16921-S0/frameworks/20151219-012848-50331658-5050-16921-0000/executors/thermos-1450488660101-www-data-devel-job2-0-227cea51-488f-4c8f-8ee5-f12099e4983a/runs/61e330fd-2408-4560-b3fe-bed99d0a8d79' for gc 6.99999101194667days in the future
I1219 01:31:14.776765 27524 gc.cpp:56] Scheduling '/var/lib/mesos/slave/meta/slaves/20151219-012848-50331658-5050-16921-S0/frameworks/20151219-012848-50331658-5050-16921-0000/executors/thermos-1450488660101-www-data-devel-job2-0-227cea51-488f-4c8f-8ee5-f12099e4983a' for gc 6.99999101130667days in the future
I1219 01:31:14.776794 27518 status_update_manager.cpp:279] Closing status update streams for framework 20151219-012848-50331658-5050-16921-0000
I1219 01:31:14.776893 27510 gc.cpp:56] Scheduling '/var/lib/mesos/slave/slaves/20151219-012848-50331658-5050-16921-S0/frameworks/20151219-012848-50331658-5050-16921-0000' for gc 6.99999100893333days in the future
I1219 01:31:14.776973 27510 gc.cpp:56] Scheduling '/var/lib/mesos/slave/meta/slaves/20151219-012848-50331658-5050-16921-S0/frameworks/20151219-012848-50331658-5050-16921-0000' for gc 6.99999100792593days in the future
I1219 01:31:48.595551 27518 slave.cpp:3618] Current disk usage 67.82%. Max allowed age: 1.552638584061968days
I1219 01:32:00.097316 27513 slave.cpp:1121] Got assigned task 1450488720025-www-data-devel-job5-0-c831a4ca-6629-4ebd-9933-3a25cee932eb for framework 20151219-012848-50331658-5050-16921-0000
I1219 01:32:00.099704 27513 gc.cpp:84] Unscheduling '/var/lib/mesos/slave/slaves/20151219-012848-50331658-5050-16921-S0/frameworks/20151219-012848-50331658-5050-16921-0000' from gc
I1219 01:32:00.099838 27513 gc.cpp:84] Unscheduling '/var/lib/mesos/slave/meta/slaves/20151219-012848-50331658-5050-16921-S0/frameworks/20151219-012848-50331658-5050-16921-0000' from gc
I1219 01:32:00.099993 27514 slave.cpp:1231] Launching task 1450488720025-www-data-devel-job5-0-c831a4ca-6629-4ebd-9933-3a25cee932eb for framework 20151219-012848-50331658-5050-16921-0000
I1219 01:32:00.102372 27514 slave.cpp:4160] Launching executor thermos-1450488720025-www-data-devel-job5-0-c831a4ca-6629-4ebd-9933-3a25cee932eb of framework 20151219-012848-50331658-5050-16921-0000 in work directory '/var/lib/mesos/slave/slaves/20151219-012848-50331658-5050-16921-S0/frameworks/20151219-012848-50331658-5050-16921-0000/executors/thermos-1450488720025-www-data-devel-job5-0-c831a4ca-6629-4ebd-9933-3a25cee932eb/runs/506ef5db-6315-44f7-9953-9727a1753ade'
I1219 01:32:00.102540 27521 containerizer.cpp:472] Starting container '506ef5db-6315-44f7-9953-9727a1753ade' for executor 'thermos-1450488720025-www-data-devel-job5-0-c831a4ca-6629-4ebd-9933-3a25cee932eb' of framework '20151219-012848-50331658-5050-16921-0000'
I1219 01:32:00.103773 27514 slave.cpp:1378] Queuing task '1450488720025-www-data-devel-job5-0-c831a4ca-6629-4ebd-9933-3a25cee932eb' for executor thermos-1450488720025-www-data-devel-job5-0-c831a4ca-6629-4ebd-9933-3a25cee932eb of framework '20151219-012848-50331658-5050-16921-0000
I1219 01:32:00.103826 27520 launcher.cpp:130] Forked child with pid '27889' for container '506ef5db-6315-44f7-9953-9727a1753ade'
I1219 01:32:00.104143 27520 containerizer.cpp:682] Checkpointing executor's forked pid 27889 to '/var/lib/mesos/slave/meta/slaves/20151219-012848-50331658-5050-16921-S0/frameworks/20151219-012848-50331658-5050-16921-0000/executors/thermos-1450488720025-www-data-devel-job5-0-c831a4ca-6629-4ebd-9933-3a25cee932eb/runs/506ef5db-6315-44f7-9953-9727a1753ade/pids/forked.pid'
I1219 01:32:00.108342 27517 fetcher.cpp:238] Fetching URIs using command '/usr/libexec/mesos/mesos-fetcher'
I1219 01:32:00.172915 27524 slave.cpp:3135] Monitoring executor 'thermos-1450488720025-www-data-devel-job5-0-c831a4ca-6629-4ebd-9933-3a25cee932eb' of framework '20151219-012848-50331658-5050-16921-0000' in container '506ef5db-6315-44f7-9953-9727a1753ade'
I1219 01:32:00.668849 27524 slave.cpp:2141] Got registration for executor 'thermos-1450488720025-www-data-devel-job5-0-c831a4ca-6629-4ebd-9933-3a25cee932eb' of framework 20151219-012848-50331658-5050-16921-0000 from executor(1)@10.0.0.6:53100
I1219 01:32:00.669828 27522 slave.cpp:1532] Sending queued task '1450488720025-www-data-devel-job5-0-c831a4ca-6629-4ebd-9933-3a25cee932eb' to executor 'thermos-1450488720025-www-data-devel-job5-0-c831a4ca-6629-4ebd-9933-3a25cee932eb' of framework 20151219-012848-50331658-5050-16921-0000
I1219 01:32:00.675545 27517 slave.cpp:2508] Handling status update TASK_STARTING (UUID: 25bf9e50-98b5-438d-8fd2-a9ee7bc51cbb) for task 1450488720025-www-data-devel-job5-0-c831a4ca-6629-4ebd-9933-3a25cee932eb of framework 20151219-012848-50331658-5050-16921-0000 from executor(1)@10.0.0.6:53100
I1219 01:32:00.676045 27517 status_update_manager.cpp:317] Received status update TASK_STARTING (UUID: 25bf9e50-98b5-438d-8fd2-a9ee7bc51cbb) for task 1450488720025-www-data-devel-job5-0-c831a4ca-6629-4ebd-9933-3a25cee932eb of framework 20151219-012848-50331658-5050-16921-0000
I1219 01:32:00.676406 27517 status_update_manager.hpp:346] Checkpointing UPDATE for status update TASK_STARTING (UUID: 25bf9e50-98b5-438d-8fd2-a9ee7bc51cbb) for task 1450488720025-www-data-devel-job5-0-c831a4ca-6629-4ebd-9933-3a25cee932eb of framework 20151219-012848-50331658-5050-16921-0000
I1219 01:32:00.680639 27520 slave.cpp:2753] Forwarding the update TASK_STARTING (UUID: 25bf9e50-98b5-438d-8fd2-a9ee7bc51cbb) for task 1450488720025-www-data-devel-job5-0-c831a4ca-6629-4ebd-9933-3a25cee932eb of framework 20151219-012848-50331658-5050-16921-0000 to master@10.0.0.3:5050
I1219 01:32:00.680783 27520 slave.cpp:2686] Sending acknowledgement for status update TASK_STARTING (UUID: 25bf9e50-98b5-438d-8fd2-a9ee7bc51cbb) for task 1450488720025-www-data-devel-job5-0-c831a4ca-6629-4ebd-9933-3a25cee932eb of framework 20151219-012848-50331658-5050-16921-0000 to executor(1)@10.0.0.6:53100
I1219 01:32:00.692033 27517 status_update_manager.cpp:389] Received status update acknowledgement (UUID: 25bf9e50-98b5-438d-8fd2-a9ee7bc51cbb) for task 1450488720025-www-data-devel-job5-0-c831a4ca-6629-4ebd-9933-3a25cee932eb of framework 20151219-012848-50331658-5050-16921-0000
I1219 01:32:00.692097 27517 status_update_manager.hpp:346] Checkpointing ACK for status update TASK_STARTING (UUID: 25bf9e50-98b5-438d-8fd2-a9ee7bc51cbb) for task 1450488720025-www-data-devel-job5-0-c831a4ca-6629-4ebd-9933-3a25cee932eb of framework 20151219-012848-50331658-5050-16921-0000
I1219 01:32:01.256192 27524 slave.cpp:2508] Handling status update TASK_RUNNING (UUID: 232ef28e-f80f-4b63-88d0-cec57f79f38f) for task 1450488720025-www-data-devel-job5-0-c831a4ca-6629-4ebd-9933-3a25cee932eb of framework 20151219-012848-50331658-5050-16921-0000 from executor(1)@10.0.0.6:53100
I1219 01:32:01.256371 27511 status_update_manager.cpp:317] Received status update TASK_RUNNING (UUID: 232ef28e-f80f-4b63-88d0-cec57f79f38f) for task 1450488720025-www-data-devel-job5-0-c831a4ca-6629-4ebd-9933-3a25cee932eb of framework 20151219-012848-50331658-5050-16921-0000
I1219 01:32:01.256412 27511 status_update_manager.hpp:346] Checkpointing UPDATE for status update TASK_RUNNING (UUID: 232ef28e-f80f-4b63-88d0-cec57f79f38f) for task 1450488720025-www-data-devel-job5-0-c831a4ca-6629-4ebd-9933-3a25cee932eb of framework 20151219-012848-50331658-5050-16921-0000
I1219 01:32:01.260622 27524 slave.cpp:2753] Forwarding the update TASK_RUNNING (UUID: 232ef28e-f80f-4b63-88d0-cec57f79f38f) for task 1450488720025-www-data-devel-job5-0-c831a4ca-6629-4ebd-9933-3a25cee932eb of framework 20151219-012848-50331658-5050-16921-0000 to master@10.0.0.3:5050
I1219 01:32:01.260725 27524 slave.cpp:2686] Sending acknowledgement for status update TASK_RUNNING (UUID: 232ef28e-f80f-4b63-88d0-cec57f79f38f) for task 1450488720025-www-data-devel-job5-0-c831a4ca-6629-4ebd-9933-3a25cee932eb of framework 20151219-012848-50331658-5050-16921-0000 to executor(1)@10.0.0.6:53100
I1219 01:32:01.271759 27521 status_update_manager.cpp:389] Received status update acknowledgement (UUID: 232ef28e-f80f-4b63-88d0-cec57f79f38f) for task 1450488720025-www-data-devel-job5-0-c831a4ca-6629-4ebd-9933-3a25cee932eb of framework 20151219-012848-50331658-5050-16921-0000
I1219 01:32:01.271836 27521 status_update_manager.hpp:346] Checkpointing ACK for status update TASK_RUNNING (UUID: 232ef28e-f80f-4b63-88d0-cec57f79f38f) for task 1450488720025-www-data-devel-job5-0-c831a4ca-6629-4ebd-9933-3a25cee932eb of framework 20151219-012848-50331658-5050-16921-0000
I1219 01:32:08.320574 27522 slave.cpp:1121] Got assigned task 1450488720054-www-data-devel-job1-0-ef0916ac-1916-4827-87f8-611dc4970a5b for framework 20151219-012848-50331658-5050-16921-0000
I1219 01:32:08.320874 27522 slave.cpp:1231] Launching task 1450488720054-www-data-devel-job1-0-ef0916ac-1916-4827-87f8-611dc4970a5b for framework 20151219-012848-50331658-5050-16921-0000
I1219 01:32:08.323637 27522 slave.cpp:4160] Launching executor thermos-1450488720054-www-data-devel-job1-0-ef0916ac-1916-4827-87f8-611dc4970a5b of framework 20151219-012848-50331658-5050-16921-0000 in work directory '/var/lib/mesos/slave/slaves/20151219-012848-50331658-5050-16921-S0/frameworks/20151219-012848-50331658-5050-16921-0000/executors/thermos-1450488720054-www-data-devel-job1-0-ef0916ac-1916-4827-87f8-611dc4970a5b/runs/3b87ea60-3b60-436d-bfea-54056f5fea37'
I1219 01:32:08.325021 27512 containerizer.cpp:472] Starting container '3b87ea60-3b60-436d-bfea-54056f5fea37' for executor 'thermos-1450488720054-www-data-devel-job1-0-ef0916ac-1916-4827-87f8-611dc4970a5b' of framework '20151219-012848-50331658-5050-16921-0000'
I1219 01:32:08.326112 27512 launcher.cpp:130] Forked child with pid '27942' for container '3b87ea60-3b60-436d-bfea-54056f5fea37'
I1219 01:32:08.326273 27522 slave.cpp:1378] Queuing task '1450488720054-www-data-devel-job1-0-ef0916ac-1916-4827-87f8-611dc4970a5b' for executor thermos-1450488720054-www-data-devel-job1-0-ef0916ac-1916-4827-87f8-611dc4970a5b of framework '20151219-012848-50331658-5050-16921-0000
I1219 01:32:08.326848 27512 containerizer.cpp:682] Checkpointing executor's forked pid 27942 to '/var/lib/mesos/slave/meta/slaves/20151219-012848-50331658-5050-16921-S0/frameworks/20151219-012848-50331658-5050-16921-0000/executors/thermos-1450488720054-www-data-devel-job1-0-ef0916ac-1916-4827-87f8-611dc4970a5b/runs/3b87ea60-3b60-436d-bfea-54056f5fea37/pids/forked.pid'
I1219 01:32:08.330519 27519 fetcher.cpp:238] Fetching URIs using command '/usr/libexec/mesos/mesos-fetcher'
I1219 01:32:08.411137 27521 slave.cpp:3135] Monitoring executor 'thermos-1450488720054-www-data-devel-job1-0-ef0916ac-1916-4827-87f8-611dc4970a5b' of framework '20151219-012848-50331658-5050-16921-0000' in container '3b87ea60-3b60-436d-bfea-54056f5fea37'
I1219 01:32:08.919486 27510 slave.cpp:2141] Got registration for executor 'thermos-1450488720054-www-data-devel-job1-0-ef0916ac-1916-4827-87f8-611dc4970a5b' of framework 20151219-012848-50331658-5050-16921-0000 from executor(1)@10.0.0.6:57805
I1219 01:32:08.920393 27519 slave.cpp:1532] Sending queued task '1450488720054-www-data-devel-job1-0-ef0916ac-1916-4827-87f8-611dc4970a5b' to executor 'thermos-1450488720054-www-data-devel-job1-0-ef0916ac-1916-4827-87f8-611dc4970a5b' of framework 20151219-012848-50331658-5050-16921-0000
I1219 01:32:08.926028 27510 slave.cpp:2508] Handling status update TASK_STARTING (UUID: e3a5c785-df5b-4f44-ad9b-9f8c61f6b8f9) for task 1450488720054-www-data-devel-job1-0-ef0916ac-1916-4827-87f8-611dc4970a5b of framework 20151219-012848-50331658-5050-16921-0000 from executor(1)@10.0.0.6:57805
I1219 01:32:08.926245 27516 status_update_manager.cpp:317] Received status update TASK_STARTING (UUID: e3a5c785-df5b-4f44-ad9b-9f8c61f6b8f9) for task 1450488720054-www-data-devel-job1-0-ef0916ac-1916-4827-87f8-611dc4970a5b of framework 20151219-012848-50331658-5050-16921-0000
I1219 01:32:08.926594 27516 status_update_manager.hpp:346] Checkpointing UPDATE for status update TASK_STARTING (UUID: e3a5c785-df5b-4f44-ad9b-9f8c61f6b8f9) for task 1450488720054-www-data-devel-job1-0-ef0916ac-1916-4827-87f8-611dc4970a5b of framework 20151219-012848-50331658-5050-16921-0000
I1219 01:32:08.930829 27509 slave.cpp:2753] Forwarding the update TASK_STARTING (UUID: e3a5c785-df5b-4f44-ad9b-9f8c61f6b8f9) for task 1450488720054-www-data-devel-job1-0-ef0916ac-1916-4827-87f8-611dc4970a5b of framework 20151219-012848-50331658-5050-16921-0000 to master@10.0.0.3:5050
I1219 01:32:08.930939 27509 slave.cpp:2686] Sending acknowledgement for status update TASK_STARTING (UUID: e3a5c785-df5b-4f44-ad9b-9f8c61f6b8f9) for task 1450488720054-www-data-devel-job1-0-ef0916ac-1916-4827-87f8-611dc4970a5b of framework 20151219-012848-50331658-5050-16921-0000 to executor(1)@10.0.0.6:57805
I1219 01:32:08.944607 27520 status_update_manager.cpp:389] Received status update acknowledgement (UUID: e3a5c785-df5b-4f44-ad9b-9f8c61f6b8f9) for task 1450488720054-www-data-devel-job1-0-ef0916ac-1916-4827-87f8-611dc4970a5b of framework 20151219-012848-50331658-5050-16921-0000
I1219 01:32:08.944679 27520 status_update_manager.hpp:346] Checkpointing ACK for status update TASK_STARTING (UUID: e3a5c785-df5b-4f44-ad9b-9f8c61f6b8f9) for task 1450488720054-www-data-devel-job1-0-ef0916ac-1916-4827-87f8-611dc4970a5b of framework 20151219-012848-50331658-5050-16921-0000
I1219 01:32:09.508147 27520 slave.cpp:2508] Handling status update TASK_RUNNING (UUID: 7d122e33-8d03-429e-bae0-cc39768f6a6a) for task 1450488720054-www-data-devel-job1-0-ef0916ac-1916-4827-87f8-611dc4970a5b of framework 20151219-012848-50331658-5050-16921-0000 from executor(1)@10.0.0.6:57805
I1219 01:32:09.508307 27511 status_update_manager.cpp:317] Received status update TASK_RUNNING (UUID: 7d122e33-8d03-429e-bae0-cc39768f6a6a) for task 1450488720054-www-data-devel-job1-0-ef0916ac-1916-4827-87f8-611dc4970a5b of framework 20151219-012848-50331658-5050-16921-0000
I1219 01:32:09.508355 27511 status_update_manager.hpp:346] Checkpointing UPDATE for status update TASK_RUNNING (UUID: 7d122e33-8d03-429e-bae0-cc39768f6a6a) for task 1450488720054-www-data-devel-job1-0-ef0916ac-1916-4827-87f8-611dc4970a5b of framework 20151219-012848-50331658-5050-16921-0000
I1219 01:32:09.512290 27520 slave.cpp:2753] Forwarding the update TASK_RUNNING (UUID: 7d122e33-8d03-429e-bae0-cc39768f6a6a) for task 1450488720054-www-data-devel-job1-0-ef0916ac-1916-4827-87f8-611dc4970a5b of framework 20151219-012848-50331658-5050-16921-0000 to master@10.0.0.3:5050
I1219 01:32:09.512393 27520 slave.cpp:2686] Sending acknowledgement for status update TASK_RUNNING (UUID: 7d122e33-8d03-429e-bae0-cc39768f6a6a) for task 1450488720054-www-data-devel-job1-0-ef0916ac-1916-4827-87f8-611dc4970a5b of framework 20151219-012848-50331658-5050-16921-0000 to executor(1)@10.0.0.6:57805
I1219 01:32:09.522639 27524 status_update_manager.cpp:389] Received status update acknowledgement (UUID: 7d122e33-8d03-429e-bae0-cc39768f6a6a) for task 1450488720054-www-data-devel-job1-0-ef0916ac-1916-4827-87f8-611dc4970a5b of framework 20151219-012848-50331658-5050-16921-0000
I1219 01:32:09.522709 27524 status_update_manager.hpp:346] Checkpointing ACK for status update TASK_RUNNING (UUID: 7d122e33-8d03-429e-bae0-cc39768f6a6a) for task 1450488720054-www-data-devel-job1-0-ef0916ac-1916-4827-87f8-611dc4970a5b of framework 20151219-012848-50331658-5050-16921-0000
I1219 01:32:10.411664 27524 slave.cpp:2508] Handling status update TASK_FINISHED (UUID: 2a4a9cf1-d681-46c0-983c-d4504f3c1bf6) for task 1450488720025-www-data-devel-job5-0-c831a4ca-6629-4ebd-9933-3a25cee932eb of framework 20151219-012848-50331658-5050-16921-0000 from executor(1)@10.0.0.6:53100
I1219 01:32:10.412207 27514 status_update_manager.cpp:317] Received status update TASK_FINISHED (UUID: 2a4a9cf1-d681-46c0-983c-d4504f3c1bf6) for task 1450488720025-www-data-devel-job5-0-c831a4ca-6629-4ebd-9933-3a25cee932eb of framework 20151219-012848-50331658-5050-16921-0000
I1219 01:32:10.412286 27514 status_update_manager.hpp:346] Checkpointing UPDATE for status update TASK_FINISHED (UUID: 2a4a9cf1-d681-46c0-983c-d4504f3c1bf6) for task 1450488720025-www-data-devel-job5-0-c831a4ca-6629-4ebd-9933-3a25cee932eb of framework 20151219-012848-50331658-5050-16921-0000
I1219 01:32:10.416477 27511 slave.cpp:2753] Forwarding the update TASK_FINISHED (UUID: 2a4a9cf1-d681-46c0-983c-d4504f3c1bf6) for task 1450488720025-www-data-devel-job5-0-c831a4ca-6629-4ebd-9933-3a25cee932eb of framework 20151219-012848-50331658-5050-16921-0000 to master@10.0.0.3:5050
I1219 01:32:10.416597 27511 slave.cpp:2686] Sending acknowledgement for status update TASK_FINISHED (UUID: 2a4a9cf1-d681-46c0-983c-d4504f3c1bf6) for task 1450488720025-www-data-devel-job5-0-c831a4ca-6629-4ebd-9933-3a25cee932eb of framework 20151219-012848-50331658-5050-16921-0000 to executor(1)@10.0.0.6:53100
I1219 01:32:10.432271 27520 status_update_manager.cpp:389] Received status update acknowledgement (UUID: 2a4a9cf1-d681-46c0-983c-d4504f3c1bf6) for task 1450488720025-www-data-devel-job5-0-c831a4ca-6629-4ebd-9933-3a25cee932eb of framework 20151219-012848-50331658-5050-16921-0000
I1219 01:32:10.432320 27520 status_update_manager.hpp:346] Checkpointing ACK for status update TASK_FINISHED (UUID: 2a4a9cf1-d681-46c0-983c-d4504f3c1bf6) for task 1450488720025-www-data-devel-job5-0-c831a4ca-6629-4ebd-9933-3a25cee932eb of framework 20151219-012848-50331658-5050-16921-0000
I1219 01:32:14.657171 27522 slave.cpp:2508] Handling status update TASK_FINISHED (UUID: b6e51a4e-b7d0-42c2-9d7d-4150d8a38d2d) for task 1450488720054-www-data-devel-job1-0-ef0916ac-1916-4827-87f8-611dc4970a5b of framework 20151219-012848-50331658-5050-16921-0000 from executor(1)@10.0.0.6:57805
I1219 01:32:14.657964 27519 status_update_manager.cpp:317] Received status update TASK_FINISHED (UUID: b6e51a4e-b7d0-42c2-9d7d-4150d8a38d2d) for task 1450488720054-www-data-devel-job1-0-ef0916ac-1916-4827-87f8-611dc4970a5b of framework 20151219-012848-50331658-5050-16921-0000
I1219 01:32:14.658011 27519 status_update_manager.hpp:346] Checkpointing UPDATE for status update TASK_FINISHED (UUID: b6e51a4e-b7d0-42c2-9d7d-4150d8a38d2d) for task 1450488720054-www-data-devel-job1-0-ef0916ac-1916-4827-87f8-611dc4970a5b of framework 20151219-012848-50331658-5050-16921-0000
I1219 01:32:14.662516 27521 slave.cpp:2753] Forwarding the update TASK_FINISHED (UUID: b6e51a4e-b7d0-42c2-9d7d-4150d8a38d2d) for task 1450488720054-www-data-devel-job1-0-ef0916ac-1916-4827-87f8-611dc4970a5b of framework 20151219-012848-50331658-5050-16921-0000 to master@10.0.0.3:5050
I1219 01:32:14.662633 27521 slave.cpp:2686] Sending acknowledgement for status update TASK_FINISHED (UUID: b6e51a4e-b7d0-42c2-9d7d-4150d8a38d2d) for task 1450488720054-www-data-devel-job1-0-ef0916ac-1916-4827-87f8-611dc4970a5b of framework 20151219-012848-50331658-5050-16921-0000 to executor(1)@10.0.0.6:57805
I1219 01:32:14.676396 27519 status_update_manager.cpp:389] Received status update acknowledgement (UUID: b6e51a4e-b7d0-42c2-9d7d-4150d8a38d2d) for task 1450488720054-www-data-devel-job1-0-ef0916ac-1916-4827-87f8-611dc4970a5b of framework 20151219-012848-50331658-5050-16921-0000
I1219 01:32:14.676443 27519 status_update_manager.hpp:346] Checkpointing ACK for status update TASK_FINISHED (UUID: b6e51a4e-b7d0-42c2-9d7d-4150d8a38d2d) for task 1450488720054-www-data-devel-job1-0-ef0916ac-1916-4827-87f8-611dc4970a5b of framework 20151219-012848-50331658-5050-16921-0000
I1219 01:32:15.446841 27517 containerizer.cpp:1111] Executor for container '506ef5db-6315-44f7-9953-9727a1753ade' has exited
I1219 01:32:15.446933 27517 containerizer.cpp:906] Destroying container '506ef5db-6315-44f7-9953-9727a1753ade'
I1219 01:32:15.448580 27514 slave.cpp:3193] Executor 'thermos-1450488720025-www-data-devel-job5-0-c831a4ca-6629-4ebd-9933-3a25cee932eb' of framework 20151219-012848-50331658-5050-16921-0000 exited with status 0
I1219 01:32:15.448761 27514 slave.cpp:3302] Cleaning up executor 'thermos-1450488720025-www-data-devel-job5-0-c831a4ca-6629-4ebd-9933-3a25cee932eb' of framework 20151219-012848-50331658-5050-16921-0000
I1219 01:32:15.449100 27516 gc.cpp:56] Scheduling '/var/lib/mesos/slave/slaves/20151219-012848-50331658-5050-16921-S0/frameworks/20151219-012848-50331658-5050-16921-0000/executors/thermos-1450488720025-www-data-devel-job5-0-c831a4ca-6629-4ebd-9933-3a25cee932eb/runs/506ef5db-6315-44f7-9953-9727a1753ade' for gc 6.99999480292741days in the future
I1219 01:32:15.449198 27516 gc.cpp:56] Scheduling '/var/lib/mesos/slave/slaves/20151219-012848-50331658-5050-16921-S0/frameworks/20151219-012848-50331658-5050-16921-0000/executors/thermos-1450488720025-www-data-devel-job5-0-c831a4ca-6629-4ebd-9933-3a25cee932eb' for gc 6.99999480187556days in the future
I1219 01:32:15.449234 27516 gc.cpp:56] Scheduling '/var/lib/mesos/slave/meta/slaves/20151219-012848-50331658-5050-16921-S0/frameworks/20151219-012848-50331658-5050-16921-0000/executors/thermos-1450488720025-www-data-devel-job5-0-c831a4ca-6629-4ebd-9933-3a25cee932eb/runs/506ef5db-6315-44f7-9953-9727a1753ade' for gc 6.99999480122667days in the future
I1219 01:32:15.449266 27516 gc.cpp:56] Scheduling '/var/lib/mesos/slave/meta/slaves/20151219-012848-50331658-5050-16921-S0/frameworks/20151219-012848-50331658-5050-16921-0000/executors/thermos-1450488720025-www-data-devel-job5-0-c831a4ca-6629-4ebd-9933-3a25cee932eb' for gc 6.99999480071704days in the future
I1219 01:32:19.765698 27524 containerizer.cpp:1111] Executor for container '3b87ea60-3b60-436d-bfea-54056f5fea37' has exited
I1219 01:32:19.765786 27524 containerizer.cpp:906] Destroying container '3b87ea60-3b60-436d-bfea-54056f5fea37'
I1219 01:32:19.767071 27512 slave.cpp:3193] Executor 'thermos-1450488720054-www-data-devel-job1-0-ef0916ac-1916-4827-87f8-611dc4970a5b' of framework 20151219-012848-50331658-5050-16921-0000 exited with status 0
I1219 01:32:19.767235 27512 slave.cpp:3302] Cleaning up executor 'thermos-1450488720054-www-data-devel-job1-0-ef0916ac-1916-4827-87f8-611dc4970a5b' of framework 20151219-012848-50331658-5050-16921-0000
I1219 01:32:19.767482 27521 gc.cpp:56] Scheduling '/var/lib/mesos/slave/slaves/20151219-012848-50331658-5050-16921-S0/frameworks/20151219-012848-50331658-5050-16921-0000/executors/thermos-1450488720054-www-data-devel-job1-0-ef0916ac-1916-4827-87f8-611dc4970a5b/runs/3b87ea60-3b60-436d-bfea-54056f5fea37' for gc 6.99999111757037days in the future
I1219 01:32:19.767544 27521 gc.cpp:56] Scheduling '/var/lib/mesos/slave/slaves/20151219-012848-50331658-5050-16921-S0/frameworks/20151219-012848-50331658-5050-16921-0000/executors/thermos-1450488720054-www-data-devel-job1-0-ef0916ac-1916-4827-87f8-611dc4970a5b' for gc 6.99999111674667days in the future
I1219 01:32:19.767618 27523 gc.cpp:56] Scheduling '/var/lib/mesos/slave/meta/slaves/20151219-012848-50331658-5050-16921-S0/frameworks/20151219-012848-50331658-5050-16921-0000/executors/thermos-1450488720054-www-data-devel-job1-0-ef0916ac-1916-4827-87f8-611dc4970a5b/runs/3b87ea60-3b60-436d-bfea-54056f5fea37' for gc 6.99999111604148days in the future
I1219 01:32:19.767648 27512 slave.cpp:3381] Cleaning up framework 20151219-012848-50331658-5050-16921-0000
I1219 01:32:19.767673 27523 gc.cpp:56] Scheduling '/var/lib/mesos/slave/meta/slaves/20151219-012848-50331658-5050-16921-S0/frameworks/20151219-012848-50331658-5050-16921-0000/executors/thermos-1450488720054-www-data-devel-job1-0-ef0916ac-1916-4827-87f8-611dc4970a5b' for gc 6.99999111527704days in the future
I1219 01:32:19.767731 27521 status_update_manager.cpp:279] Closing status update streams for framework 20151219-012848-50331658-5050-16921-0000
I1219 01:32:19.767812 27519 gc.cpp:56] Scheduling '/var/lib/mesos/slave/slaves/20151219-012848-50331658-5050-16921-S0/frameworks/20151219-012848-50331658-5050-16921-0000' for gc 6.99999111393481days in the future
I1219 01:32:19.767875 27519 gc.cpp:56] Scheduling '/var/lib/mesos/slave/meta/slaves/20151219-012848-50331658-5050-16921-S0/frameworks/20151219-012848-50331658-5050-16921-0000' for gc 6.99999111305481days in the future
I1219 01:32:48.596423 27520 slave.cpp:3618] Current disk usage 68.39%. Max allowed age: 1.512390833321215days
I1219 01:33:00.103051 27522 slave.cpp:3534] Framework 20151219-012848-50331658-5050-16921-0000 seems to have exited. Ignoring registration timeout for executor 'thermos-1450488720025-www-data-devel-job5-0-c831a4ca-6629-4ebd-9933-3a25cee932eb'
I1219 01:33:00.151042 27521 slave.cpp:1121] Got assigned task 1450488780006-www-data-devel-job6-0-f143de51-b635-494e-89bd-7dfec4f9bcb6 for framework 20151219-012848-50331658-5050-16921-0000
I1219 01:33:00.152745 27521 gc.cpp:84] Unscheduling '/var/lib/mesos/slave/slaves/20151219-012848-50331658-5050-16921-S0/frameworks/20151219-012848-50331658-5050-16921-0000' from gc
I1219 01:33:00.152899 27509 gc.cpp:84] Unscheduling '/var/lib/mesos/slave/meta/slaves/20151219-012848-50331658-5050-16921-S0/frameworks/20151219-012848-50331658-5050-16921-0000' from gc
I1219 01:33:00.152997 27520 slave.cpp:1231] Launching task 1450488780006-www-data-devel-job6-0-f143de51-b635-494e-89bd-7dfec4f9bcb6 for framework 20151219-012848-50331658-5050-16921-0000
I1219 01:33:00.157053 27520 slave.cpp:4160] Launching executor thermos-1450488780006-www-data-devel-job6-0-f143de51-b635-494e-89bd-7dfec4f9bcb6 of framework 20151219-012848-50331658-5050-16921-0000 in work directory '/var/lib/mesos/slave/slaves/20151219-012848-50331658-5050-16921-S0/frameworks/20151219-012848-50331658-5050-16921-0000/executors/thermos-1450488780006-www-data-devel-job6-0-f143de51-b635-494e-89bd-7dfec4f9bcb6/runs/f2834bcf-1fec-4b4c-8b57-ca3a9ad4faed'
I1219 01:33:00.157246 27512 containerizer.cpp:472] Starting container 'f2834bcf-1fec-4b4c-8b57-ca3a9ad4faed' for executor 'thermos-1450488780006-www-data-devel-job6-0-f143de51-b635-494e-89bd-7dfec4f9bcb6' of framework '20151219-012848-50331658-5050-16921-0000'
I1219 01:33:00.157768 27520 slave.cpp:1378] Queuing task '1450488780006-www-data-devel-job6-0-f143de51-b635-494e-89bd-7dfec4f9bcb6' for executor thermos-1450488780006-www-data-devel-job6-0-f143de51-b635-494e-89bd-7dfec4f9bcb6 of framework '20151219-012848-50331658-5050-16921-0000
