I1219 01:42:34.260679 28190 status_update_manager.cpp:389] Received status update acknowledgement (UUID: 0553c93a-1402-42db-8518-f2b54d1e8542) for task 1450489320107-www-data-devel-job11-0-7ed3ab42-c6f5-45c6-b461-709445e85a66 of framework 20151219-012848-50331658-5050-16921-0000
I1219 01:42:34.260720 28190 status_update_manager.hpp:346] Checkpointing ACK for status update TASK_RUNNING (UUID: 0553c93a-1402-42db-8518-f2b54d1e8542) for task 1450489320107-www-data-devel-job11-0-7ed3ab42-c6f5-45c6-b461-709445e85a66 of framework 20151219-012848-50331658-5050-16921-0000
I1219 01:42:37.895591 28196 slave.cpp:2508] Handling status update TASK_FINISHED (UUID: 473a3b48-2b5d-487d-88a1-eb03d43cea04) for task 1450489320107-www-data-devel-job11-0-7ed3ab42-c6f5-45c6-b461-709445e85a66 of framework 20151219-012848-50331658-5050-16921-0000 from executor(1)@10.0.0.6:59977
I1219 01:42:37.896479 28182 status_update_manager.cpp:317] Received status update TASK_FINISHED (UUID: 473a3b48-2b5d-487d-88a1-eb03d43cea04) for task 1450489320107-www-data-devel-job11-0-7ed3ab42-c6f5-45c6-b461-709445e85a66 of framework 20151219-012848-50331658-5050-16921-0000
I1219 01:42:37.896549 28182 status_update_manager.hpp:346] Checkpointing UPDATE for status update TASK_FINISHED (UUID: 473a3b48-2b5d-487d-88a1-eb03d43cea04) for task 1450489320107-www-data-devel-job11-0-7ed3ab42-c6f5-45c6-b461-709445e85a66 of framework 20151219-012848-50331658-5050-16921-0000
I1219 01:42:37.912431 28184 slave.cpp:2753] Forwarding the update TASK_FINISHED (UUID: 473a3b48-2b5d-487d-88a1-eb03d43cea04) for task 1450489320107-www-data-devel-job11-0-7ed3ab42-c6f5-45c6-b461-709445e85a66 of framework 20151219-012848-50331658-5050-16921-0000 to master@10.0.0.3:5050
I1219 01:42:37.912571 28184 slave.cpp:2686] Sending acknowledgement for status update TASK_FINISHED (UUID: 473a3b48-2b5d-487d-88a1-eb03d43cea04) for task 1450489320107-www-data-devel-job11-0-7ed3ab42-c6f5-45c6-b461-709445e85a66 of framework 20151219-012848-50331658-5050-16921-0000 to executor(1)@10.0.0.6:59977
I1219 01:42:37.923967 28182 status_update_manager.cpp:389] Received status update acknowledgement (UUID: 473a3b48-2b5d-487d-88a1-eb03d43cea04) for task 1450489320107-www-data-devel-job11-0-7ed3ab42-c6f5-45c6-b461-709445e85a66 of framework 20151219-012848-50331658-5050-16921-0000
I1219 01:42:37.924018 28182 status_update_manager.hpp:346] Checkpointing ACK for status update TASK_FINISHED (UUID: 473a3b48-2b5d-487d-88a1-eb03d43cea04) for task 1450489320107-www-data-devel-job11-0-7ed3ab42-c6f5-45c6-b461-709445e85a66 of framework 20151219-012848-50331658-5050-16921-0000
I1219 01:42:42.984166 28193 containerizer.cpp:1111] Executor for container '1c4d1e98-87cc-48ea-aece-ffc17078e2ff' has exited
I1219 01:42:42.984278 28193 containerizer.cpp:906] Destroying container '1c4d1e98-87cc-48ea-aece-ffc17078e2ff'
I1219 01:42:42.986532 28186 slave.cpp:3193] Executor 'thermos-1450489320107-www-data-devel-job11-0-7ed3ab42-c6f5-45c6-b461-709445e85a66' of framework 20151219-012848-50331658-5050-16921-0000 exited with status 0
I1219 01:42:42.986748 28186 slave.cpp:3302] Cleaning up executor 'thermos-1450489320107-www-data-devel-job11-0-7ed3ab42-c6f5-45c6-b461-709445e85a66' of framework 20151219-012848-50331658-5050-16921-0000
I1219 01:42:42.987124 28187 gc.cpp:56] Scheduling '/var/lib/mesos/slave/slaves/20151219-012848-50331658-5050-16921-S2/frameworks/20151219-012848-50331658-5050-16921-0000/executors/thermos-1450489320107-www-data-devel-job11-0-7ed3ab42-c6f5-45c6-b461-709445e85a66/runs/1c4d1e98-87cc-48ea-aece-ffc17078e2ff' for gc 6.99998857573037days in the future
I1219 01:42:42.987218 28187 gc.cpp:56] Scheduling '/var/lib/mesos/slave/slaves/20151219-012848-50331658-5050-16921-S2/frameworks/20151219-012848-50331658-5050-16921-0000/executors/thermos-1450489320107-www-data-devel-job11-0-7ed3ab42-c6f5-45c6-b461-709445e85a66' for gc 6.99998857469926days in the future
I1219 01:42:42.987272 28186 slave.cpp:3381] Cleaning up framework 20151219-012848-50331658-5050-16921-0000
I1219 01:42:42.987282 28187 gc.cpp:56] Scheduling '/var/lib/mesos/slave/meta/slaves/20151219-012848-50331658-5050-16921-S2/frameworks/20151219-012848-50331658-5050-16921-0000/executors/thermos-1450489320107-www-data-devel-job11-0-7ed3ab42-c6f5-45c6-b461-709445e85a66/runs/1c4d1e98-87cc-48ea-aece-ffc17078e2ff' for gc 6.99998857398222days in the future
I1219 01:42:42.987444 28196 status_update_manager.cpp:279] Closing status update streams for framework 20151219-012848-50331658-5050-16921-0000
I1219 01:42:42.987444 28187 gc.cpp:56] Scheduling '/var/lib/mesos/slave/meta/slaves/20151219-012848-50331658-5050-16921-S2/frameworks/20151219-012848-50331658-5050-16921-0000/executors/thermos-1450489320107-www-data-devel-job11-0-7ed3ab42-c6f5-45c6-b461-709445e85a66' for gc 6.99998857339259days in the future
I1219 01:42:42.987550 28187 gc.cpp:56] Scheduling '/var/lib/mesos/slave/slaves/20151219-012848-50331658-5050-16921-S2/frameworks/20151219-012848-50331658-5050-16921-0000' for gc 6.99998857101926days in the future
I1219 01:42:42.987574 28187 gc.cpp:56] Scheduling '/var/lib/mesos/slave/meta/slaves/20151219-012848-50331658-5050-16921-S2/frameworks/20151219-012848-50331658-5050-16921-0000' for gc 6.99998857046222days in the future
I1219 01:42:54.148216 28188 slave.cpp:3618] Current disk usage 74.03%. Max allowed age: 1.118008297290498days
I1219 01:43:00.151605 28197 slave.cpp:3534] Framework 20151219-012848-50331658-5050-16921-0000 seems to have exited. Ignoring registration timeout for executor 'thermos-1450489320012-www-data-devel-job9-0-45fb8e0e-a965-4611-9f73-b4894cafe3c6'
I1219 01:43:00.154330 28189 slave.cpp:1121] Got assigned task 1450489380003-www-data-devel-job14-0-1d7e589f-5f48-4806-affe-4e1a19bf8104 for framework 20151219-012848-50331658-5050-16921-0000
I1219 01:43:00.156327 28188 gc.cpp:84] Unscheduling '/var/lib/mesos/slave/slaves/20151219-012848-50331658-5050-16921-S2/frameworks/20151219-012848-50331658-5050-16921-0000' from gc
I1219 01:43:00.156401 28188 gc.cpp:84] Unscheduling '/var/lib/mesos/slave/meta/slaves/20151219-012848-50331658-5050-16921-S2/frameworks/20151219-012848-50331658-5050-16921-0000' from gc
I1219 01:43:00.156515 28184 slave.cpp:1231] Launching task 1450489380003-www-data-devel-job14-0-1d7e589f-5f48-4806-affe-4e1a19bf8104 for framework 20151219-012848-50331658-5050-16921-0000
I1219 01:43:00.159287 28184 slave.cpp:4160] Launching executor thermos-1450489380003-www-data-devel-job14-0-1d7e589f-5f48-4806-affe-4e1a19bf8104 of framework 20151219-012848-50331658-5050-16921-0000 in work directory '/var/lib/mesos/slave/slaves/20151219-012848-50331658-5050-16921-S2/frameworks/20151219-012848-50331658-5050-16921-0000/executors/thermos-1450489380003-www-data-devel-job14-0-1d7e589f-5f48-4806-affe-4e1a19bf8104/runs/db624154-9725-4b01-912e-48de9257a618'
I1219 01:43:00.159426 28196 containerizer.cpp:472] Starting container 'db624154-9725-4b01-912e-48de9257a618' for executor 'thermos-1450489380003-www-data-devel-job14-0-1d7e589f-5f48-4806-affe-4e1a19bf8104' of framework '20151219-012848-50331658-5050-16921-0000'
I1219 01:43:00.159953 28184 slave.cpp:1378] Queuing task '1450489380003-www-data-devel-job14-0-1d7e589f-5f48-4806-affe-4e1a19bf8104' for executor thermos-1450489380003-www-data-devel-job14-0-1d7e589f-5f48-4806-affe-4e1a19bf8104 of framework '20151219-012848-50331658-5050-16921-0000
I1219 01:43:00.161015 28196 launcher.cpp:130] Forked child with pid '28926' for container 'db624154-9725-4b01-912e-48de9257a618'
I1219 01:43:00.161253 28196 containerizer.cpp:682] Checkpointing executor's forked pid 28926 to '/var/lib/mesos/slave/meta/slaves/20151219-012848-50331658-5050-16921-S2/frameworks/20151219-012848-50331658-5050-16921-0000/executors/thermos-1450489380003-www-data-devel-job14-0-1d7e589f-5f48-4806-affe-4e1a19bf8104/runs/db624154-9725-4b01-912e-48de9257a618/pids/forked.pid'
I1219 01:43:00.165236 28184 fetcher.cpp:238] Fetching URIs using command '/usr/libexec/mesos/mesos-fetcher'
I1219 01:43:00.260347 28184 slave.cpp:3135] Monitoring executor 'thermos-1450489380003-www-data-devel-job14-0-1d7e589f-5f48-4806-affe-4e1a19bf8104' of framework '20151219-012848-50331658-5050-16921-0000' in container 'db624154-9725-4b01-912e-48de9257a618'
I1219 01:43:00.783879 28188 slave.cpp:2141] Got registration for executor 'thermos-1450489380003-www-data-devel-job14-0-1d7e589f-5f48-4806-affe-4e1a19bf8104' of framework 20151219-012848-50331658-5050-16921-0000 from executor(1)@10.0.0.6:45809
I1219 01:43:00.789644 28182 slave.cpp:1532] Sending queued task '1450489380003-www-data-devel-job14-0-1d7e589f-5f48-4806-affe-4e1a19bf8104' to executor 'thermos-1450489380003-www-data-devel-job14-0-1d7e589f-5f48-4806-affe-4e1a19bf8104' of framework 20151219-012848-50331658-5050-16921-0000
I1219 01:43:00.795374 28194 slave.cpp:2508] Handling status update TASK_STARTING (UUID: 8bfee0ed-2728-4c82-afdc-f1753af37bb9) for task 1450489380003-www-data-devel-job14-0-1d7e589f-5f48-4806-affe-4e1a19bf8104 of framework 20151219-012848-50331658-5050-16921-0000 from executor(1)@10.0.0.6:45809
I1219 01:43:00.795528 28194 status_update_manager.cpp:317] Received status update TASK_STARTING (UUID: 8bfee0ed-2728-4c82-afdc-f1753af37bb9) for task 1450489380003-www-data-devel-job14-0-1d7e589f-5f48-4806-affe-4e1a19bf8104 of framework 20151219-012848-50331658-5050-16921-0000
I1219 01:43:00.795871 28194 status_update_manager.hpp:346] Checkpointing UPDATE for status update TASK_STARTING (UUID: 8bfee0ed-2728-4c82-afdc-f1753af37bb9) for task 1450489380003-www-data-devel-job14-0-1d7e589f-5f48-4806-affe-4e1a19bf8104 of framework 20151219-012848-50331658-5050-16921-0000
I1219 01:43:00.800570 28194 slave.cpp:2753] Forwarding the update TASK_STARTING (UUID: 8bfee0ed-2728-4c82-afdc-f1753af37bb9) for task 1450489380003-www-data-devel-job14-0-1d7e589f-5f48-4806-affe-4e1a19bf8104 of framework 20151219-012848-50331658-5050-16921-0000 to master@10.0.0.3:5050
I1219 01:43:00.800673 28194 slave.cpp:2686] Sending acknowledgement for status update TASK_STARTING (UUID: 8bfee0ed-2728-4c82-afdc-f1753af37bb9) for task 1450489380003-www-data-devel-job14-0-1d7e589f-5f48-4806-affe-4e1a19bf8104 of framework 20151219-012848-50331658-5050-16921-0000 to executor(1)@10.0.0.6:45809
I1219 01:43:00.809470 28190 status_update_manager.cpp:389] Received status update acknowledgement (UUID: 8bfee0ed-2728-4c82-afdc-f1753af37bb9) for task 1450489380003-www-data-devel-job14-0-1d7e589f-5f48-4806-affe-4e1a19bf8104 of framework 20151219-012848-50331658-5050-16921-0000
I1219 01:43:00.809531 28190 status_update_manager.hpp:346] Checkpointing ACK for status update TASK_STARTING (UUID: 8bfee0ed-2728-4c82-afdc-f1753af37bb9) for task 1450489380003-www-data-devel-job14-0-1d7e589f-5f48-4806-affe-4e1a19bf8104 of framework 20151219-012848-50331658-5050-16921-0000
I1219 01:43:01.380388 28190 slave.cpp:2508] Handling status update TASK_RUNNING (UUID: 7ddc31e1-7213-4867-ab21-3ccd3ce8f4b6) for task 1450489380003-www-data-devel-job14-0-1d7e589f-5f48-4806-affe-4e1a19bf8104 of framework 20151219-012848-50331658-5050-16921-0000 from executor(1)@10.0.0.6:45809
I1219 01:43:01.380586 28186 status_update_manager.cpp:317] Received status update TASK_RUNNING (UUID: 7ddc31e1-7213-4867-ab21-3ccd3ce8f4b6) for task 1450489380003-www-data-devel-job14-0-1d7e589f-5f48-4806-affe-4e1a19bf8104 of framework 20151219-012848-50331658-5050-16921-0000
I1219 01:43:01.380635 28186 status_update_manager.hpp:346] Checkpointing UPDATE for status update TASK_RUNNING (UUID: 7ddc31e1-7213-4867-ab21-3ccd3ce8f4b6) for task 1450489380003-www-data-devel-job14-0-1d7e589f-5f48-4806-affe-4e1a19bf8104 of framework 20151219-012848-50331658-5050-16921-0000
I1219 01:43:01.384850 28190 slave.cpp:2753] Forwarding the update TASK_RUNNING (UUID: 7ddc31e1-7213-4867-ab21-3ccd3ce8f4b6) for task 1450489380003-www-data-devel-job14-0-1d7e589f-5f48-4806-affe-4e1a19bf8104 of framework 20151219-012848-50331658-5050-16921-0000 to master@10.0.0.3:5050
I1219 01:43:01.384948 28190 slave.cpp:2686] Sending acknowledgement for status update TASK_RUNNING (UUID: 7ddc31e1-7213-4867-ab21-3ccd3ce8f4b6) for task 1450489380003-www-data-devel-job14-0-1d7e589f-5f48-4806-affe-4e1a19bf8104 of framework 20151219-012848-50331658-5050-16921-0000 to executor(1)@10.0.0.6:45809
I1219 01:43:01.400143 28188 status_update_manager.cpp:389] Received status update acknowledgement (UUID: 7ddc31e1-7213-4867-ab21-3ccd3ce8f4b6) for task 1450489380003-www-data-devel-job14-0-1d7e589f-5f48-4806-affe-4e1a19bf8104 of framework 20151219-012848-50331658-5050-16921-0000
I1219 01:43:01.400178 28188 status_update_manager.hpp:346] Checkpointing ACK for status update TASK_RUNNING (UUID: 7ddc31e1-7213-4867-ab21-3ccd3ce8f4b6) for task 1450489380003-www-data-devel-job14-0-1d7e589f-5f48-4806-affe-4e1a19bf8104 of framework 20151219-012848-50331658-5050-16921-0000
I1219 01:43:04.527840 28194 slave.cpp:2508] Handling status update TASK_FINISHED (UUID: 4957de62-db2b-4171-b9d7-fd3754574a41) for task 1450489380003-www-data-devel-job14-0-1d7e589f-5f48-4806-affe-4e1a19bf8104 of framework 20151219-012848-50331658-5050-16921-0000 from executor(1)@10.0.0.6:45809
I1219 01:43:04.528650 28195 status_update_manager.cpp:317] Received status update TASK_FINISHED (UUID: 4957de62-db2b-4171-b9d7-fd3754574a41) for task 1450489380003-www-data-devel-job14-0-1d7e589f-5f48-4806-affe-4e1a19bf8104 of framework 20151219-012848-50331658-5050-16921-0000
I1219 01:43:04.528723 28195 status_update_manager.hpp:346] Checkpointing UPDATE for status update TASK_FINISHED (UUID: 4957de62-db2b-4171-b9d7-fd3754574a41) for task 1450489380003-www-data-devel-job14-0-1d7e589f-5f48-4806-affe-4e1a19bf8104 of framework 20151219-012848-50331658-5050-16921-0000
I1219 01:43:04.533228 28182 slave.cpp:2753] Forwarding the update TASK_FINISHED (UUID: 4957de62-db2b-4171-b9d7-fd3754574a41) for task 1450489380003-www-data-devel-job14-0-1d7e589f-5f48-4806-affe-4e1a19bf8104 of framework 20151219-012848-50331658-5050-16921-0000 to master@10.0.0.3:5050
I1219 01:43:04.533401 28182 slave.cpp:2686] Sending acknowledgement for status update TASK_FINISHED (UUID: 4957de62-db2b-4171-b9d7-fd3754574a41) for task 1450489380003-www-data-devel-job14-0-1d7e589f-5f48-4806-affe-4e1a19bf8104 of framework 20151219-012848-50331658-5050-16921-0000 to executor(1)@10.0.0.6:45809
I1219 01:43:04.544587 28193 status_update_manager.cpp:389] Received status update acknowledgement (UUID: 4957de62-db2b-4171-b9d7-fd3754574a41) for task 1450489380003-www-data-devel-job14-0-1d7e589f-5f48-4806-affe-4e1a19bf8104 of framework 20151219-012848-50331658-5050-16921-0000
I1219 01:43:04.544644 28193 status_update_manager.hpp:346] Checkpointing ACK for status update TASK_FINISHED (UUID: 4957de62-db2b-4171-b9d7-fd3754574a41) for task 1450489380003-www-data-devel-job14-0-1d7e589f-5f48-4806-affe-4e1a19bf8104 of framework 20151219-012848-50331658-5050-16921-0000
I1219 01:43:05.852300 28196 slave.cpp:1121] Got assigned task 1450489380231-www-data-devel-job4-0-8a053d6c-3400-431d-93ec-a9fc71dbdfae for framework 20151219-012848-50331658-5050-16921-0000
I1219 01:43:05.852660 28196 slave.cpp:1231] Launching task 1450489380231-www-data-devel-job4-0-8a053d6c-3400-431d-93ec-a9fc71dbdfae for framework 20151219-012848-50331658-5050-16921-0000
I1219 01:43:05.855779 28196 slave.cpp:4160] Launching executor thermos-1450489380231-www-data-devel-job4-0-8a053d6c-3400-431d-93ec-a9fc71dbdfae of framework 20151219-012848-50331658-5050-16921-0000 in work directory '/var/lib/mesos/slave/slaves/20151219-012848-50331658-5050-16921-S2/frameworks/20151219-012848-50331658-5050-16921-0000/executors/thermos-1450489380231-www-data-devel-job4-0-8a053d6c-3400-431d-93ec-a9fc71dbdfae/runs/f3cb1b90-043f-4769-ae83-81d09d678893'
I1219 01:43:05.857774 28183 containerizer.cpp:472] Starting container 'f3cb1b90-043f-4769-ae83-81d09d678893' for executor 'thermos-1450489380231-www-data-devel-job4-0-8a053d6c-3400-431d-93ec-a9fc71dbdfae' of framework '20151219-012848-50331658-5050-16921-0000'
I1219 01:43:05.859391 28187 launcher.cpp:130] Forked child with pid '28983' for container 'f3cb1b90-043f-4769-ae83-81d09d678893'
I1219 01:43:05.859524 28196 slave.cpp:1378] Queuing task '1450489380231-www-data-devel-job4-0-8a053d6c-3400-431d-93ec-a9fc71dbdfae' for executor thermos-1450489380231-www-data-devel-job4-0-8a053d6c-3400-431d-93ec-a9fc71dbdfae of framework '20151219-012848-50331658-5050-16921-0000
I1219 01:43:05.859661 28187 containerizer.cpp:682] Checkpointing executor's forked pid 28983 to '/var/lib/mesos/slave/meta/slaves/20151219-012848-50331658-5050-16921-S2/frameworks/20151219-012848-50331658-5050-16921-0000/executors/thermos-1450489380231-www-data-devel-job4-0-8a053d6c-3400-431d-93ec-a9fc71dbdfae/runs/f3cb1b90-043f-4769-ae83-81d09d678893/pids/forked.pid'
I1219 01:43:05.864267 28194 fetcher.cpp:238] Fetching URIs using command '/usr/libexec/mesos/mesos-fetcher'
I1219 01:43:05.986274 28188 slave.cpp:3135] Monitoring executor 'thermos-1450489380231-www-data-devel-job4-0-8a053d6c-3400-431d-93ec-a9fc71dbdfae' of framework '20151219-012848-50331658-5050-16921-0000' in container 'f3cb1b90-043f-4769-ae83-81d09d678893'
I1219 01:43:06.486094 28182 slave.cpp:2141] Got registration for executor 'thermos-1450489380231-www-data-devel-job4-0-8a053d6c-3400-431d-93ec-a9fc71dbdfae' of framework 20151219-012848-50331658-5050-16921-0000 from executor(1)@10.0.0.6:57695
I1219 01:43:06.487021 28186 slave.cpp:1532] Sending queued task '1450489380231-www-data-devel-job4-0-8a053d6c-3400-431d-93ec-a9fc71dbdfae' to executor 'thermos-1450489380231-www-data-devel-job4-0-8a053d6c-3400-431d-93ec-a9fc71dbdfae' of framework 20151219-012848-50331658-5050-16921-0000
I1219 01:43:06.492933 28194 slave.cpp:2508] Handling status update TASK_STARTING (UUID: abe7cce5-4f33-46e6-8135-092d9e8d8300) for task 1450489380231-www-data-devel-job4-0-8a053d6c-3400-431d-93ec-a9fc71dbdfae of framework 20151219-012848-50331658-5050-16921-0000 from executor(1)@10.0.0.6:57695
I1219 01:43:06.493083 28190 status_update_manager.cpp:317] Received status update TASK_STARTING (UUID: abe7cce5-4f33-46e6-8135-092d9e8d8300) for task 1450489380231-www-data-devel-job4-0-8a053d6c-3400-431d-93ec-a9fc71dbdfae of framework 20151219-012848-50331658-5050-16921-0000
I1219 01:43:06.493422 28190 status_update_manager.hpp:346] Checkpointing UPDATE for status update TASK_STARTING (UUID: abe7cce5-4f33-46e6-8135-092d9e8d8300) for task 1450489380231-www-data-devel-job4-0-8a053d6c-3400-431d-93ec-a9fc71dbdfae of framework 20151219-012848-50331658-5050-16921-0000
I1219 01:43:06.497720 28184 slave.cpp:2753] Forwarding the update TASK_STARTING (UUID: abe7cce5-4f33-46e6-8135-092d9e8d8300) for task 1450489380231-www-data-devel-job4-0-8a053d6c-3400-431d-93ec-a9fc71dbdfae of framework 20151219-012848-50331658-5050-16921-0000 to master@10.0.0.3:5050
I1219 01:43:06.497831 28184 slave.cpp:2686] Sending acknowledgement for status update TASK_STARTING (UUID: abe7cce5-4f33-46e6-8135-092d9e8d8300) for task 1450489380231-www-data-devel-job4-0-8a053d6c-3400-431d-93ec-a9fc71dbdfae of framework 20151219-012848-50331658-5050-16921-0000 to executor(1)@10.0.0.6:57695
I1219 01:43:06.506742 28194 status_update_manager.cpp:389] Received status update acknowledgement (UUID: abe7cce5-4f33-46e6-8135-092d9e8d8300) for task 1450489380231-www-data-devel-job4-0-8a053d6c-3400-431d-93ec-a9fc71dbdfae of framework 20151219-012848-50331658-5050-16921-0000
I1219 01:43:06.506814 28194 status_update_manager.hpp:346] Checkpointing ACK for status update TASK_STARTING (UUID: abe7cce5-4f33-46e6-8135-092d9e8d8300) for task 1450489380231-www-data-devel-job4-0-8a053d6c-3400-431d-93ec-a9fc71dbdfae of framework 20151219-012848-50331658-5050-16921-0000
I1219 01:43:07.075115 28196 slave.cpp:2508] Handling status update TASK_RUNNING (UUID: ca77c581-2bd9-4b90-be43-5cf5aea2794d) for task 1450489380231-www-data-devel-job4-0-8a053d6c-3400-431d-93ec-a9fc71dbdfae of framework 20151219-012848-50331658-5050-16921-0000 from executor(1)@10.0.0.6:57695
I1219 01:43:07.075253 28182 status_update_manager.cpp:317] Received status update TASK_RUNNING (UUID: ca77c581-2bd9-4b90-be43-5cf5aea2794d) for task 1450489380231-www-data-devel-job4-0-8a053d6c-3400-431d-93ec-a9fc71dbdfae of framework 20151219-012848-50331658-5050-16921-0000
I1219 01:43:07.075307 28182 status_update_manager.hpp:346] Checkpointing UPDATE for status update TASK_RUNNING (UUID: ca77c581-2bd9-4b90-be43-5cf5aea2794d) for task 1450489380231-www-data-devel-job4-0-8a053d6c-3400-431d-93ec-a9fc71dbdfae of framework 20151219-012848-50331658-5050-16921-0000
I1219 01:43:07.079109 28192 slave.cpp:2753] Forwarding the update TASK_RUNNING (UUID: ca77c581-2bd9-4b90-be43-5cf5aea2794d) for task 1450489380231-www-data-devel-job4-0-8a053d6c-3400-431d-93ec-a9fc71dbdfae of framework 20151219-012848-50331658-5050-16921-0000 to master@10.0.0.3:5050
I1219 01:43:07.079210 28192 slave.cpp:2686] Sending acknowledgement for status update TASK_RUNNING (UUID: ca77c581-2bd9-4b90-be43-5cf5aea2794d) for task 1450489380231-www-data-devel-job4-0-8a053d6c-3400-431d-93ec-a9fc71dbdfae of framework 20151219-012848-50331658-5050-16921-0000 to executor(1)@10.0.0.6:57695
I1219 01:43:07.086489 28182 status_update_manager.cpp:389] Received status update acknowledgement (UUID: ca77c581-2bd9-4b90-be43-5cf5aea2794d) for task 1450489380231-www-data-devel-job4-0-8a053d6c-3400-431d-93ec-a9fc71dbdfae of framework 20151219-012848-50331658-5050-16921-0000
I1219 01:43:07.086560 28182 status_update_manager.hpp:346] Checkpointing ACK for status update TASK_RUNNING (UUID: ca77c581-2bd9-4b90-be43-5cf5aea2794d) for task 1450489380231-www-data-devel-job4-0-8a053d6c-3400-431d-93ec-a9fc71dbdfae of framework 20151219-012848-50331658-5050-16921-0000
I1219 01:43:09.218379 28191 slave.cpp:2508] Handling status update TASK_FINISHED (UUID: f3565458-6f4d-4b27-9982-0e698e180d86) for task 1450489380231-www-data-devel-job4-0-8a053d6c-3400-431d-93ec-a9fc71dbdfae of framework 20151219-012848-50331658-5050-16921-0000 from executor(1)@10.0.0.6:57695
I1219 01:43:09.218901 28195 status_update_manager.cpp:317] Received status update TASK_FINISHED (UUID: f3565458-6f4d-4b27-9982-0e698e180d86) for task 1450489380231-www-data-devel-job4-0-8a053d6c-3400-431d-93ec-a9fc71dbdfae of framework 20151219-012848-50331658-5050-16921-0000
I1219 01:43:09.218951 28195 status_update_manager.hpp:346] Checkpointing UPDATE for status update TASK_FINISHED (UUID: f3565458-6f4d-4b27-9982-0e698e180d86) for task 1450489380231-www-data-devel-job4-0-8a053d6c-3400-431d-93ec-a9fc71dbdfae of framework 20151219-012848-50331658-5050-16921-0000
I1219 01:43:09.222975 28184 slave.cpp:2753] Forwarding the update TASK_FINISHED (UUID: f3565458-6f4d-4b27-9982-0e698e180d86) for task 1450489380231-www-data-devel-job4-0-8a053d6c-3400-431d-93ec-a9fc71dbdfae of framework 20151219-012848-50331658-5050-16921-0000 to master@10.0.0.3:5050
I1219 01:43:09.223069 28184 slave.cpp:2686] Sending acknowledgement for status update TASK_FINISHED (UUID: f3565458-6f4d-4b27-9982-0e698e180d86) for task 1450489380231-www-data-devel-job4-0-8a053d6c-3400-431d-93ec-a9fc71dbdfae of framework 20151219-012848-50331658-5050-16921-0000 to executor(1)@10.0.0.6:57695
I1219 01:43:09.232666 28189 status_update_manager.cpp:389] Received status update acknowledgement (UUID: f3565458-6f4d-4b27-9982-0e698e180d86) for task 1450489380231-www-data-devel-job4-0-8a053d6c-3400-431d-93ec-a9fc71dbdfae of framework 20151219-012848-50331658-5050-16921-0000
I1219 01:43:09.232713 28189 status_update_manager.hpp:346] Checkpointing ACK for status update TASK_FINISHED (UUID: f3565458-6f4d-4b27-9982-0e698e180d86) for task 1450489380231-www-data-devel-job4-0-8a053d6c-3400-431d-93ec-a9fc71dbdfae of framework 20151219-012848-50331658-5050-16921-0000
I1219 01:43:09.603036 28195 containerizer.cpp:1111] Executor for container 'db624154-9725-4b01-912e-48de9257a618' has exited
I1219 01:43:09.603143 28195 containerizer.cpp:906] Destroying container 'db624154-9725-4b01-912e-48de9257a618'
I1219 01:43:09.604363 28186 slave.cpp:3193] Executor 'thermos-1450489380003-www-data-devel-job14-0-1d7e589f-5f48-4806-affe-4e1a19bf8104' of framework 20151219-012848-50331658-5050-16921-0000 exited with status 0
I1219 01:43:09.604486 28186 slave.cpp:3302] Cleaning up executor 'thermos-1450489380003-www-data-devel-job14-0-1d7e589f-5f48-4806-affe-4e1a19bf8104' of framework 20151219-012848-50331658-5050-16921-0000
I1219 01:43:09.604749 28185 gc.cpp:56] Scheduling '/var/lib/mesos/slave/slaves/20151219-012848-50331658-5050-16921-S2/frameworks/20151219-012848-50331658-5050-16921-0000/executors/thermos-1450489380003-www-data-devel-job14-0-1d7e589f-5f48-4806-affe-4e1a19bf8104/runs/db624154-9725-4b01-912e-48de9257a618' for gc 6.99999300107556days in the future
I1219 01:43:09.604827 28185 gc.cpp:56] Scheduling '/var/lib/mesos/slave/slaves/20151219-012848-50331658-5050-16921-S2/frameworks/20151219-012848-50331658-5050-16921-0000/executors/thermos-1450489380003-www-data-devel-job14-0-1d7e589f-5f48-4806-affe-4e1a19bf8104' for gc 6.99999300017481days in the future
I1219 01:43:09.604898 28185 gc.cpp:56] Scheduling '/var/lib/mesos/slave/meta/slaves/20151219-012848-50331658-5050-16921-S2/frameworks/20151219-012848-50331658-5050-16921-0000/executors/thermos-1450489380003-www-data-devel-job14-0-1d7e589f-5f48-4806-affe-4e1a19bf8104/runs/db624154-9725-4b01-912e-48de9257a618' for gc 6.99999299958222days in the future
I1219 01:43:09.604918 28185 gc.cpp:56] Scheduling '/var/lib/mesos/slave/meta/slaves/20151219-012848-50331658-5050-16921-S2/frameworks/20151219-012848-50331658-5050-16921-0000/executors/thermos-1450489380003-www-data-devel-job14-0-1d7e589f-5f48-4806-affe-4e1a19bf8104' for gc 6.9999929990163days in the future
I1219 01:43:14.325351 28196 containerizer.cpp:1111] Executor for container 'f3cb1b90-043f-4769-ae83-81d09d678893' has exited
I1219 01:43:14.325415 28196 containerizer.cpp:906] Destroying container 'f3cb1b90-043f-4769-ae83-81d09d678893'
I1219 01:43:14.327136 28197 slave.cpp:3193] Executor 'thermos-1450489380231-www-data-devel-job4-0-8a053d6c-3400-431d-93ec-a9fc71dbdfae' of framework 20151219-012848-50331658-5050-16921-0000 exited with status 0
I1219 01:43:14.327296 28197 slave.cpp:3302] Cleaning up executor 'thermos-1450489380231-www-data-devel-job4-0-8a053d6c-3400-431d-93ec-a9fc71dbdfae' of framework 20151219-012848-50331658-5050-16921-0000
I1219 01:43:14.327677 28196 gc.cpp:56] Scheduling '/var/lib/mesos/slave/slaves/20151219-012848-50331658-5050-16921-S2/frameworks/20151219-012848-50331658-5050-16921-0000/executors/thermos-1450489380231-www-data-devel-job4-0-8a053d6c-3400-431d-93ec-a9fc71dbdfae/runs/f3cb1b90-043f-4769-ae83-81d09d678893' for gc 6.99999620798518days in the future
I1219 01:43:14.327777 28196 gc.cpp:56] Scheduling '/var/lib/mesos/slave/slaves/20151219-012848-50331658-5050-16921-S2/frameworks/20151219-012848-50331658-5050-16921-0000/executors/thermos-1450489380231-www-data-devel-job4-0-8a053d6c-3400-431d-93ec-a9fc71dbdfae' for gc 6.99999620712889days in the future
I1219 01:43:14.327808 28196 gc.cpp:56] Scheduling '/var/lib/mesos/slave/meta/slaves/20151219-012848-50331658-5050-16921-S2/frameworks/20151219-012848-50331658-5050-16921-0000/executors/thermos-1450489380231-www-data-devel-job4-0-8a053d6c-3400-431d-93ec-a9fc71dbdfae/runs/f3cb1b90-043f-4769-ae83-81d09d678893' for gc 6.99999620611259days in the future
I1219 01:43:14.327854 28197 slave.cpp:3381] Cleaning up framework 20151219-012848-50331658-5050-16921-0000
I1219 01:43:14.327905 28196 gc.cpp:56] Scheduling '/var/lib/mesos/slave/meta/slaves/20151219-012848-50331658-5050-16921-S2/frameworks/20151219-012848-50331658-5050-16921-0000/executors/thermos-1450489380231-www-data-devel-job4-0-8a053d6c-3400-431d-93ec-a9fc71dbdfae' for gc 6.9999962054963days in the future
I1219 01:43:14.327998 28188 status_update_manager.cpp:279] Closing status update streams for framework 20151219-012848-50331658-5050-16921-0000
I1219 01:43:14.328090 28185 gc.cpp:56] Scheduling '/var/lib/mesos/slave/slaves/20151219-012848-50331658-5050-16921-S2/frameworks/20151219-012848-50331658-5050-16921-0000' for gc 6.99999620348444days in the future
I1219 01:43:14.328163 28185 gc.cpp:56] Scheduling '/var/lib/mesos/slave/meta/slaves/20151219-012848-50331658-5050-16921-S2/frameworks/20151219-012848-50331658-5050-16921-0000' for gc 6.99999620245333days in the future
I1219 01:43:16.645066 28188 slave.cpp:3534] Framework 20151219-012848-50331658-5050-16921-0000 seems to have exited. Ignoring registration timeout for executor 'thermos-1450489320019-www-data-devel-job6-0-abee9fb7-9556-434d-838c-a33841fc1a36'
I1219 01:43:33.063460 28191 slave.cpp:3534] Framework 20151219-012848-50331658-5050-16921-0000 seems to have exited. Ignoring registration timeout for executor 'thermos-1450489320107-www-data-devel-job11-0-7ed3ab42-c6f5-45c6-b461-709445e85a66'
I1219 01:43:33.064831 28195 slave.cpp:1121] Got assigned task 1450489380050-www-data-devel-job18-0-fafcc1bf-560d-4c4f-979b-b91e0542899e for framework 20151219-012848-50331658-5050-16921-0000
I1219 01:43:33.065995 28195 gc.cpp:84] Unscheduling '/var/lib/mesos/slave/slaves/20151219-012848-50331658-5050-16921-S2/frameworks/20151219-012848-50331658-5050-16921-0000' from gc
I1219 01:43:33.066167 28193 gc.cpp:84] Unscheduling '/var/lib/mesos/slave/meta/slaves/20151219-012848-50331658-5050-16921-S2/frameworks/20151219-012848-50331658-5050-16921-0000' from gc
I1219 01:43:33.066288 28193 slave.cpp:1231] Launching task 1450489380050-www-data-devel-job18-0-fafcc1bf-560d-4c4f-979b-b91e0542899e for framework 20151219-012848-50331658-5050-16921-0000
I1219 01:43:33.070169 28193 slave.cpp:4160] Launching executor thermos-1450489380050-www-data-devel-job18-0-fafcc1bf-560d-4c4f-979b-b91e0542899e of framework 20151219-012848-50331658-5050-16921-0000 in work directory '/var/lib/mesos/slave/slaves/20151219-012848-50331658-5050-16921-S2/frameworks/20151219-012848-50331658-5050-16921-0000/executors/thermos-1450489380050-www-data-devel-job18-0-fafcc1bf-560d-4c4f-979b-b91e0542899e/runs/7a224b2f-334b-4ca9-9509-1625a08702df'
I1219 01:43:33.070358 28195 containerizer.cpp:472] Starting container '7a224b2f-334b-4ca9-9509-1625a08702df' for executor 'thermos-1450489380050-www-data-devel-job18-0-fafcc1bf-560d-4c4f-979b-b91e0542899e' of framework '20151219-012848-50331658-5050-16921-0000'
I1219 01:43:33.072070 28194 launcher.cpp:130] Forked child with pid '29040' for container '7a224b2f-334b-4ca9-9509-1625a08702df'
I1219 01:43:33.072198 28193 slave.cpp:1378] Queuing task '1450489380050-www-data-devel-job18-0-fafcc1bf-560d-4c4f-979b-b91e0542899e' for executor thermos-1450489380050-www-data-devel-job18-0-fafcc1bf-560d-4c4f-979b-b91e0542899e of framework '20151219-012848-50331658-5050-16921-0000
I1219 01:43:33.072847 28194 containerizer.cpp:682] Checkpointing executor's forked pid 29040 to '/var/lib/mesos/slave/meta/slaves/20151219-012848-50331658-5050-16921-S2/frameworks/20151219-012848-50331658-5050-16921-0000/executors/thermos-1450489380050-www-data-devel-job18-0-fafcc1bf-560d-4c4f-979b-b91e0542899e/runs/7a224b2f-334b-4ca9-9509-1625a08702df/pids/forked.pid'
I1219 01:43:33.078121 28182 fetcher.cpp:238] Fetching URIs using command '/usr/libexec/mesos/mesos-fetcher'
I1219 01:43:33.207888 28185 slave.cpp:3135] Monitoring executor 'thermos-1450489380050-www-data-devel-job18-0-fafcc1bf-560d-4c4f-979b-b91e0542899e' of framework '20151219-012848-50331658-5050-16921-0000' in container '7a224b2f-334b-4ca9-9509-1625a08702df'
I1219 01:43:33.709877 28186 slave.cpp:2141] Got registration for executor 'thermos-1450489380050-www-data-devel-job18-0-fafcc1bf-560d-4c4f-979b-b91e0542899e' of framework 20151219-012848-50331658-5050-16921-0000 from executor(1)@10.0.0.6:49319
I1219 01:43:33.710929 28185 slave.cpp:1532] Sending queued task '1450489380050-www-data-devel-job18-0-fafcc1bf-560d-4c4f-979b-b91e0542899e' to executor 'thermos-1450489380050-www-data-devel-job18-0-fafcc1bf-560d-4c4f-979b-b91e0542899e' of framework 20151219-012848-50331658-5050-16921-0000
I1219 01:43:33.716462 28184 slave.cpp:2508] Handling status update TASK_STARTING (UUID: 1ab547d3-9759-4b5b-9b50-12dd07a4e00b) for task 1450489380050-www-data-devel-job18-0-fafcc1bf-560d-4c4f-979b-b91e0542899e of framework 20151219-012848-50331658-5050-16921-0000 from executor(1)@10.0.0.6:49319
I1219 01:43:33.716612 28196 status_update_manager.cpp:317] Received status update TASK_STARTING (UUID: 1ab547d3-9759-4b5b-9b50-12dd07a4e00b) for task 1450489380050-www-data-devel-job18-0-fafcc1bf-560d-4c4f-979b-b91e0542899e of framework 20151219-012848-50331658-5050-16921-0000
I1219 01:43:33.717118 28196 status_update_manager.hpp:346] Checkpointing UPDATE for status update TASK_STARTING (UUID: 1ab547d3-9759-4b5b-9b50-12dd07a4e00b) for task 1450489380050-www-data-devel-job18-0-fafcc1bf-560d-4c4f-979b-b91e0542899e of framework 20151219-012848-50331658-5050-16921-0000
I1219 01:43:33.721601 28184 slave.cpp:2753] Forwarding the update TASK_STARTING (UUID: 1ab547d3-9759-4b5b-9b50-12dd07a4e00b) for task 1450489380050-www-data-devel-job18-0-fafcc1bf-560d-4c4f-979b-b91e0542899e of framework 20151219-012848-50331658-5050-16921-0000 to master@10.0.0.3:5050
I1219 01:43:33.721704 28184 slave.cpp:2686] Sending acknowledgement for status update TASK_STARTING (UUID: 1ab547d3-9759-4b5b-9b50-12dd07a4e00b) for task 1450489380050-www-data-devel-job18-0-fafcc1bf-560d-4c4f-979b-b91e0542899e of framework 20151219-012848-50331658-5050-16921-0000 to executor(1)@10.0.0.6:49319
I1219 01:43:33.730728 28183 status_update_manager.cpp:389] Received status update acknowledgement (UUID: 1ab547d3-9759-4b5b-9b50-12dd07a4e00b) for task 1450489380050-www-data-devel-job18-0-fafcc1bf-560d-4c4f-979b-b91e0542899e of framework 20151219-012848-50331658-5050-16921-0000
I1219 01:43:33.730797 28183 status_update_manager.hpp:346] Checkpointing ACK for status update TASK_STARTING (UUID: 1ab547d3-9759-4b5b-9b50-12dd07a4e00b) for task 1450489380050-www-data-devel-job18-0-fafcc1bf-560d-4c4f-979b-b91e0542899e of framework 20151219-012848-50331658-5050-16921-0000
I1219 01:43:34.298745 28197 slave.cpp:2508] Handling status update TASK_RUNNING (UUID: 66fbcbe8-ec8e-4ac6-b206-77e4c264038e) for task 1450489380050-www-data-devel-job18-0-fafcc1bf-560d-4c4f-979b-b91e0542899e of framework 20151219-012848-50331658-5050-16921-0000 from executor(1)@10.0.0.6:49319
I1219 01:43:34.298902 28197 status_update_manager.cpp:317] Received status update TASK_RUNNING (UUID: 66fbcbe8-ec8e-4ac6-b206-77e4c264038e) for task 1450489380050-www-data-devel-job18-0-fafcc1bf-560d-4c4f-979b-b91e0542899e of framework 20151219-012848-50331658-5050-16921-0000
I1219 01:43:34.298960 28197 status_update_manager.hpp:346] Checkpointing UPDATE for status update TASK_RUNNING (UUID: 66fbcbe8-ec8e-4ac6-b206-77e4c264038e) for task 1450489380050-www-data-devel-job18-0-fafcc1bf-560d-4c4f-979b-b91e0542899e of framework 20151219-012848-50331658-5050-16921-0000
I1219 01:43:34.305241 28197 slave.cpp:2753] Forwarding the update TASK_RUNNING (UUID: 66fbcbe8-ec8e-4ac6-b206-77e4c264038e) for task 1450489380050-www-data-devel-job18-0-fafcc1bf-560d-4c4f-979b-b91e0542899e of framework 20151219-012848-50331658-5050-16921-0000 to master@10.0.0.3:5050
I1219 01:43:34.305336 28197 slave.cpp:2686] Sending acknowledgement for status update TASK_RUNNING (UUID: 66fbcbe8-ec8e-4ac6-b206-77e4c264038e) for task 1450489380050-www-data-devel-job18-0-fafcc1bf-560d-4c4f-979b-b91e0542899e of framework 20151219-012848-50331658-5050-16921-0000 to executor(1)@10.0.0.6:49319
I1219 01:43:34.314000 28183 status_update_manager.cpp:389] Received status update acknowledgement (UUID: 66fbcbe8-ec8e-4ac6-b206-77e4c264038e) for task 1450489380050-www-data-devel-job18-0-fafcc1bf-560d-4c4f-979b-b91e0542899e of framework 20151219-012848-50331658-5050-16921-0000
I1219 01:43:34.314066 28183 status_update_manager.hpp:346] Checkpointing ACK for status update TASK_RUNNING (UUID: 66fbcbe8-ec8e-4ac6-b206-77e4c264038e) for task 1450489380050-www-data-devel-job18-0-fafcc1bf-560d-4c4f-979b-b91e0542899e of framework 20151219-012848-50331658-5050-16921-0000
I1219 01:43:42.452628 28186 slave.cpp:2508] Handling status update TASK_FINISHED (UUID: 19731b1a-ebed-43fc-a0e6-758098e2e8f0) for task 1450489380050-www-data-devel-job18-0-fafcc1bf-560d-4c4f-979b-b91e0542899e of framework 20151219-012848-50331658-5050-16921-0000 from executor(1)@10.0.0.6:49319
I1219 01:43:42.453601 28186 status_update_manager.cpp:317] Received status update TASK_FINISHED (UUID: 19731b1a-ebed-43fc-a0e6-758098e2e8f0) for task 1450489380050-www-data-devel-job18-0-fafcc1bf-560d-4c4f-979b-b91e0542899e of framework 20151219-012848-50331658-5050-16921-0000
I1219 01:43:42.453672 28186 status_update_manager.hpp:346] Checkpointing UPDATE for status update TASK_FINISHED (UUID: 19731b1a-ebed-43fc-a0e6-758098e2e8f0) for task 1450489380050-www-data-devel-job18-0-fafcc1bf-560d-4c4f-979b-b91e0542899e of framework 20151219-012848-50331658-5050-16921-0000
I1219 01:43:42.458446 28195 slave.cpp:2753] Forwarding the update TASK_FINISHED (UUID: 19731b1a-ebed-43fc-a0e6-758098e2e8f0) for task 1450489380050-www-data-devel-job18-0-fafcc1bf-560d-4c4f-979b-b91e0542899e of framework 20151219-012848-50331658-5050-16921-0000 to master@10.0.0.3:5050
I1219 01:43:42.458650 28195 slave.cpp:2686] Sending acknowledgement for status update TASK_FINISHED (UUID: 19731b1a-ebed-43fc-a0e6-758098e2e8f0) for task 1450489380050-www-data-devel-job18-0-fafcc1bf-560d-4c4f-979b-b91e0542899e of framework 20151219-012848-50331658-5050-16921-0000 to executor(1)@10.0.0.6:49319
I1219 01:43:42.470116 28186 status_update_manager.cpp:389] Received status update acknowledgement (UUID: 19731b1a-ebed-43fc-a0e6-758098e2e8f0) for task 1450489380050-www-data-devel-job18-0-fafcc1bf-560d-4c4f-979b-b91e0542899e of framework 20151219-012848-50331658-5050-16921-0000
I1219 01:43:42.470154 28186 status_update_manager.hpp:346] Checkpointing ACK for status update TASK_FINISHED (UUID: 19731b1a-ebed-43fc-a0e6-758098e2e8f0) for task 1450489380050-www-data-devel-job18-0-fafcc1bf-560d-4c4f-979b-b91e0542899e of framework 20151219-012848-50331658-5050-16921-0000
I1219 01:43:47.573632 28187 containerizer.cpp:1111] Executor for container '7a224b2f-334b-4ca9-9509-1625a08702df' has exited
I1219 01:43:47.573737 28187 containerizer.cpp:906] Destroying container '7a224b2f-334b-4ca9-9509-1625a08702df'
I1219 01:43:47.575625 28187 slave.cpp:3193] Executor 'thermos-1450489380050-www-data-devel-job18-0-fafcc1bf-560d-4c4f-979b-b91e0542899e' of framework 20151219-012848-50331658-5050-16921-0000 exited with status 0
I1219 01:43:47.575775 28187 slave.cpp:3302] Cleaning up executor 'thermos-1450489380050-www-data-devel-job18-0-fafcc1bf-560d-4c4f-979b-b91e0542899e' of framework 20151219-012848-50331658-5050-16921-0000
I1219 01:43:47.576131 28185 gc.cpp:56] Scheduling '/var/lib/mesos/slave/slaves/20151219-012848-50331658-5050-16921-S2/frameworks/20151219-012848-50331658-5050-16921-0000/executors/thermos-1450489380050-www-data-devel-job18-0-fafcc1bf-560d-4c4f-979b-b91e0542899e/runs/7a224b2f-334b-4ca9-9509-1625a08702df' for gc 6.99999333245333days in the future
I1219 01:43:47.576218 28185 gc.cpp:56] Scheduling '/var/lib/mesos/slave/slaves/20151219-012848-50331658-5050-16921-S2/frameworks/20151219-012848-50331658-5050-16921-0000/executors/thermos-1450489380050-www-data-devel-job18-0-fafcc1bf-560d-4c4f-979b-b91e0542899e' for gc 6.99999333145778days in the future
I1219 01:43:47.576300 28187 slave.cpp:3381] Cleaning up framework 20151219-012848-50331658-5050-16921-0000
I1219 01:43:47.576309 28185 gc.cpp:56] Scheduling '/var/lib/mesos/slave/meta/slaves/20151219-012848-50331658-5050-16921-S2/frameworks/20151219-012848-50331658-5050-16921-0000/executors/thermos-1450489380050-www-data-devel-job18-0-fafcc1bf-560d-4c4f-979b-b91e0542899e/runs/7a224b2f-334b-4ca9-9509-1625a08702df' for gc 6.99999333058963days in the future
I1219 01:43:47.576406 28185 gc.cpp:56] Scheduling '/var/lib/mesos/slave/meta/slaves/20151219-012848-50331658-5050-16921-S2/frameworks/20151219-012848-50331658-5050-16921-0000/executors/thermos-1450489380050-www-data-devel-job18-0-fafcc1bf-560d-4c4f-979b-b91e0542899e' for gc 6.99999332996444days in the future
I1219 01:43:47.576417 28192 status_update_manager.cpp:279] Closing status update streams for framework 20151219-012848-50331658-5050-16921-0000
I1219 01:43:47.576501 28185 gc.cpp:56] Scheduling '/var/lib/mesos/slave/slaves/20151219-012848-50331658-5050-16921-S2/frameworks/20151219-012848-50331658-5050-16921-0000' for gc 6.99999332816days in the future
I1219 01:43:47.576580 28185 gc.cpp:56] Scheduling '/var/lib/mesos/slave/meta/slaves/20151219-012848-50331658-5050-16921-S2/frameworks/20151219-012848-50331658-5050-16921-0000' for gc 6.99999332747852days in the future
I1219 01:43:54.148517 28186 slave.cpp:3618] Current disk usage 74.95%. Max allowed age: 1.053630064596771days
I1219 01:44:00.159474 28184 slave.cpp:1121] Got assigned task 1450489440003-www-data-devel-job14-0-571e7669-9b17-4ef2-a745-8afa7bd4de7f for framework 20151219-012848-50331658-5050-16921-0000
I1219 01:44:00.160323 28184 gc.cpp:84] Unscheduling '/var/lib/mesos/slave/slaves/20151219-012848-50331658-5050-16921-S2/frameworks/20151219-012848-50331658-5050-16921-0000' from gc
I1219 01:44:00.160439 28191 gc.cpp:84] Unscheduling '/var/lib/mesos/slave/meta/slaves/20151219-012848-50331658-5050-16921-S2/frameworks/20151219-012848-50331658-5050-16921-0000' from gc
I1219 01:44:00.160536 28191 slave.cpp:1231] Launching task 1450489440003-www-data-devel-job14-0-571e7669-9b17-4ef2-a745-8afa7bd4de7f for framework 20151219-012848-50331658-5050-16921-0000
I1219 01:44:00.163455 28191 slave.cpp:4160] Launching executor thermos-1450489440003-www-data-devel-job14-0-571e7669-9b17-4ef2-a745-8afa7bd4de7f of framework 20151219-012848-50331658-5050-16921-0000 in work directory '/var/lib/mesos/slave/slaves/20151219-012848-50331658-5050-16921-S2/frameworks/20151219-012848-50331658-5050-16921-0000/executors/thermos-1450489440003-www-data-devel-job14-0-571e7669-9b17-4ef2-a745-8afa7bd4de7f/runs/c52198e1-4bea-41be-8dc8-f88fe95d5570'
I1219 01:44:00.163628 28187 containerizer.cpp:472] Starting container 'c52198e1-4bea-41be-8dc8-f88fe95d5570' for executor 'thermos-1450489440003-www-data-devel-job14-0-571e7669-9b17-4ef2-a745-8afa7bd4de7f' of framework '20151219-012848-50331658-5050-16921-0000'
I1219 01:44:00.165002 28191 slave.cpp:1378] Queuing task '1450489440003-www-data-devel-job14-0-571e7669-9b17-4ef2-a745-8afa7bd4de7f' for executor thermos-1450489440003-www-data-devel-job14-0-571e7669-9b17-4ef2-a745-8afa7bd4de7f of framework '20151219-012848-50331658-5050-16921-0000
I1219 01:44:00.165102 28186 launcher.cpp:130] Forked child with pid '29098' for container 'c52198e1-4bea-41be-8dc8-f88fe95d5570'
I1219 01:44:00.165323 28186 containerizer.cpp:682] Checkpointing executor's forked pid 29098 to '/var/lib/mesos/slave/meta/slaves/20151219-012848-50331658-5050-16921-S2/frameworks/20151219-012848-50331658-5050-16921-0000/executors/thermos-1450489440003-www-data-devel-job14-0-571e7669-9b17-4ef2-a745-8afa7bd4de7f/runs/c52198e1-4bea-41be-8dc8-f88fe95d5570/pids/forked.pid'
I1219 01:44:00.169446 28197 fetcher.cpp:238] Fetching URIs using command '/usr/libexec/mesos/mesos-fetcher'
I1219 01:44:00.328683 28185 slave.cpp:3135] Monitoring executor 'thermos-1450489440003-www-data-devel-job14-0-571e7669-9b17-4ef2-a745-8afa7bd4de7f' of framework '20151219-012848-50331658-5050-16921-0000' in container 'c52198e1-4bea-41be-8dc8-f88fe95d5570'
I1219 01:44:00.834771 28185 slave.cpp:2141] Got registration for executor 'thermos-1450489440003-www-data-devel-job14-0-571e7669-9b17-4ef2-a745-8afa7bd4de7f' of framework 20151219-012848-50331658-5050-16921-0000 from executor(1)@10.0.0.6:41779
I1219 01:44:00.836055 28187 slave.cpp:1532] Sending queued task '1450489440003-www-data-devel-job14-0-571e7669-9b17-4ef2-a745-8afa7bd4de7f' to executor 'thermos-1450489440003-www-data-devel-job14-0-571e7669-9b17-4ef2-a745-8afa7bd4de7f' of framework 20151219-012848-50331658-5050-16921-0000
I1219 01:44:00.842010 28182 slave.cpp:2508] Handling status update TASK_STARTING (UUID: cee77711-b37e-4904-9fd8-f9df90b07ddf) for task 1450489440003-www-data-devel-job14-0-571e7669-9b17-4ef2-a745-8afa7bd4de7f of framework 20151219-012848-50331658-5050-16921-0000 from executor(1)@10.0.0.6:41779
I1219 01:44:00.842176 28196 status_update_manager.cpp:317] Received status update TASK_STARTING (UUID: cee77711-b37e-4904-9fd8-f9df90b07ddf) for task 1450489440003-www-data-devel-job14-0-571e7669-9b17-4ef2-a745-8afa7bd4de7f of framework 20151219-012848-50331658-5050-16921-0000
I1219 01:44:00.842525 28196 status_update_manager.hpp:346] Checkpointing UPDATE for status update TASK_STARTING (UUID: cee77711-b37e-4904-9fd8-f9df90b07ddf) for task 1450489440003-www-data-devel-job14-0-571e7669-9b17-4ef2-a745-8afa7bd4de7f of framework 20151219-012848-50331658-5050-16921-0000
I1219 01:44:00.847434 28182 slave.cpp:2753] Forwarding the update TASK_STARTING (UUID: cee77711-b37e-4904-9fd8-f9df90b07ddf) for task 1450489440003-www-data-devel-job14-0-571e7669-9b17-4ef2-a745-8afa7bd4de7f of framework 20151219-012848-50331658-5050-16921-0000 to master@10.0.0.3:5050
I1219 01:44:00.847559 28182 slave.cpp:2686] Sending acknowledgement for status update TASK_STARTING (UUID: cee77711-b37e-4904-9fd8-f9df90b07ddf) for task 1450489440003-www-data-devel-job14-0-571e7669-9b17-4ef2-a745-8afa7bd4de7f of framework 20151219-012848-50331658-5050-16921-0000 to executor(1)@10.0.0.6:41779
I1219 01:44:00.856535 28196 status_update_manager.cpp:389] Received status update acknowledgement (UUID: cee77711-b37e-4904-9fd8-f9df90b07ddf) for task 1450489440003-www-data-devel-job14-0-571e7669-9b17-4ef2-a745-8afa7bd4de7f of framework 20151219-012848-50331658-5050-16921-0000
I1219 01:44:00.856580 28196 status_update_manager.hpp:346] Checkpointing ACK for status update TASK_STARTING (UUID: cee77711-b37e-4904-9fd8-f9df90b07ddf) for task 1450489440003-www-data-devel-job14-0-571e7669-9b17-4ef2-a745-8afa7bd4de7f of framework 20151219-012848-50331658-5050-16921-0000
I1219 01:44:01.424690 28189 slave.cpp:2508] Handling status update TASK_RUNNING (UUID: 489ccd96-50d0-4a9f-a033-4163cc286dcb) for task 1450489440003-www-data-devel-job14-0-571e7669-9b17-4ef2-a745-8afa7bd4de7f of framework 20151219-012848-50331658-5050-16921-0000 from executor(1)@10.0.0.6:41779
I1219 01:44:01.424832 28197 status_update_manager.cpp:317] Received status update TASK_RUNNING (UUID: 489ccd96-50d0-4a9f-a033-4163cc286dcb) for task 1450489440003-www-data-devel-job14-0-571e7669-9b17-4ef2-a745-8afa7bd4de7f of framework 20151219-012848-50331658-5050-16921-0000
I1219 01:44:01.424902 28197 status_update_manager.hpp:346] Checkpointing UPDATE for status update TASK_RUNNING (UUID: 489ccd96-50d0-4a9f-a033-4163cc286dcb) for task 1450489440003-www-data-devel-job14-0-571e7669-9b17-4ef2-a745-8afa7bd4de7f of framework 20151219-012848-50331658-5050-16921-0000
I1219 01:44:01.428870 28187 slave.cpp:2753] Forwarding the update TASK_RUNNING (UUID: 489ccd96-50d0-4a9f-a033-4163cc286dcb) for task 1450489440003-www-data-devel-job14-0-571e7669-9b17-4ef2-a745-8afa7bd4de7f of framework 20151219-012848-50331658-5050-16921-0000 to master@10.0.0.3:5050
I1219 01:44:01.428988 28187 slave.cpp:2686] Sending acknowledgement for status update TASK_RUNNING (UUID: 489ccd96-50d0-4a9f-a033-4163cc286dcb) for task 1450489440003-www-data-devel-job14-0-571e7669-9b17-4ef2-a745-8afa7bd4de7f of framework 20151219-012848-50331658-5050-16921-0000 to executor(1)@10.0.0.6:41779
I1219 01:44:01.437563 28189 status_update_manager.cpp:389] Received status update acknowledgement (UUID: 489ccd96-50d0-4a9f-a033-4163cc286dcb) for task 1450489440003-www-data-devel-job14-0-571e7669-9b17-4ef2-a745-8afa7bd4de7f of framework 20151219-012848-50331658-5050-16921-0000
I1219 01:44:01.437616 28189 status_update_manager.hpp:346] Checkpointing ACK for status update TASK_RUNNING (UUID: 489ccd96-50d0-4a9f-a033-4163cc286dcb) for task 1450489440003-www-data-devel-job14-0-571e7669-9b17-4ef2-a745-8afa7bd4de7f of framework 20151219-012848-50331658-5050-16921-0000
I1219 01:44:04.574195 28184 slave.cpp:2508] Handling status update TASK_FINISHED (UUID: be1d69f2-3d5c-4205-a63d-a1608ea4658e) for task 1450489440003-www-data-devel-job14-0-571e7669-9b17-4ef2-a745-8afa7bd4de7f of framework 20151219-012848-50331658-5050-16921-0000 from executor(1)@10.0.0.6:41779
I1219 01:44:04.574956 28184 status_update_manager.cpp:317] Received status update TASK_FINISHED (UUID: be1d69f2-3d5c-4205-a63d-a1608ea4658e) for task 1450489440003-www-data-devel-job14-0-571e7669-9b17-4ef2-a745-8afa7bd4de7f of framework 20151219-012848-50331658-5050-16921-0000
I1219 01:44:04.575026 28184 status_update_manager.hpp:346] Checkpointing UPDATE for status update TASK_FINISHED (UUID: be1d69f2-3d5c-4205-a63d-a1608ea4658e) for task 1450489440003-www-data-devel-job14-0-571e7669-9b17-4ef2-a745-8afa7bd4de7f of framework 20151219-012848-50331658-5050-16921-0000
I1219 01:44:04.579421 28193 slave.cpp:2753] Forwarding the update TASK_FINISHED (UUID: be1d69f2-3d5c-4205-a63d-a1608ea4658e) for task 1450489440003-www-data-devel-job14-0-571e7669-9b17-4ef2-a745-8afa7bd4de7f of framework 20151219-012848-50331658-5050-16921-0000 to master@10.0.0.3:5050
I1219 01:44:04.579542 28193 slave.cpp:2686] Sending acknowledgement for status update TASK_FINISHED (UUID: be1d69f2-3d5c-4205-a63d-a1608ea4658e) for task 1450489440003-www-data-devel-job14-0-571e7669-9b17-4ef2-a745-8afa7bd4de7f of framework 20151219-012848-50331658-5050-16921-0000 to executor(1)@10.0.0.6:41779
I1219 01:44:04.587766 28184 status_update_manager.cpp:389] Received status update acknowledgement (UUID: be1d69f2-3d5c-4205-a63d-a1608ea4658e) for task 1450489440003-www-data-devel-job14-0-571e7669-9b17-4ef2-a745-8afa7bd4de7f of framework 20151219-012848-50331658-5050-16921-0000
