I1219 01:47:41.456882 28188 status_update_manager.hpp:346] Checkpointing ACK for status update TASK_FINISHED (UUID: 7fa59aa3-e6b2-4923-962e-fb1ff1a883fb) for task 1450489620046-www-data-devel-job7-0-6338e449-918f-4801-a0ae-db4df30b1c4a of framework 20151219-012848-50331658-5050-16921-0000
I1219 01:47:46.560267 28186 containerizer.cpp:1111] Executor for container '269df23b-78d6-4da9-8cab-f5eb07bd9cdf' has exited
I1219 01:47:46.560334 28186 containerizer.cpp:906] Destroying container '269df23b-78d6-4da9-8cab-f5eb07bd9cdf'
I1219 01:47:46.562029 28197 slave.cpp:3193] Executor 'thermos-1450489620046-www-data-devel-job7-0-6338e449-918f-4801-a0ae-db4df30b1c4a' of framework 20151219-012848-50331658-5050-16921-0000 exited with status 0
I1219 01:47:46.562187 28197 slave.cpp:3302] Cleaning up executor 'thermos-1450489620046-www-data-devel-job7-0-6338e449-918f-4801-a0ae-db4df30b1c4a' of framework 20151219-012848-50331658-5050-16921-0000
I1219 01:47:46.562551 28196 gc.cpp:56] Scheduling '/var/lib/mesos/slave/slaves/20151219-012848-50331658-5050-16921-S2/frameworks/20151219-012848-50331658-5050-16921-0000/executors/thermos-1450489620046-www-data-devel-job7-0-6338e449-918f-4801-a0ae-db4df30b1c4a/runs/269df23b-78d6-4da9-8cab-f5eb07bd9cdf' for gc 6.99999348992days in the future
I1219 01:47:46.562657 28196 gc.cpp:56] Scheduling '/var/lib/mesos/slave/slaves/20151219-012848-50331658-5050-16921-S2/frameworks/20151219-012848-50331658-5050-16921-0000/executors/thermos-1450489620046-www-data-devel-job7-0-6338e449-918f-4801-a0ae-db4df30b1c4a' for gc 6.99999348864593days in the future
I1219 01:47:46.562753 28196 gc.cpp:56] Scheduling '/var/lib/mesos/slave/meta/slaves/20151219-012848-50331658-5050-16921-S2/frameworks/20151219-012848-50331658-5050-16921-0000/executors/thermos-1450489620046-www-data-devel-job7-0-6338e449-918f-4801-a0ae-db4df30b1c4a/runs/269df23b-78d6-4da9-8cab-f5eb07bd9cdf' for gc 6.99999348768593days in the future
I1219 01:47:46.562777 28197 slave.cpp:3381] Cleaning up framework 20151219-012848-50331658-5050-16921-0000
I1219 01:47:46.562788 28196 gc.cpp:56] Scheduling '/var/lib/mesos/slave/meta/slaves/20151219-012848-50331658-5050-16921-S2/frameworks/20151219-012848-50331658-5050-16921-0000/executors/thermos-1450489620046-www-data-devel-job7-0-6338e449-918f-4801-a0ae-db4df30b1c4a' for gc 6.99999348700444days in the future
I1219 01:47:46.562876 28195 status_update_manager.cpp:279] Closing status update streams for framework 20151219-012848-50331658-5050-16921-0000
I1219 01:47:46.563016 28191 gc.cpp:56] Scheduling '/var/lib/mesos/slave/slaves/20151219-012848-50331658-5050-16921-S2/frameworks/20151219-012848-50331658-5050-16921-0000' for gc 6.99999348438815days in the future
I1219 01:47:46.563084 28191 gc.cpp:56] Scheduling '/var/lib/mesos/slave/meta/slaves/20151219-012848-50331658-5050-16921-S2/frameworks/20151219-012848-50331658-5050-16921-0000' for gc 6.99999348328593days in the future
I1219 01:47:54.151625 28185 slave.cpp:3618] Current disk usage 78.28%. Max allowed age: 19.686335218011390hrs
I1219 01:48:00.160501 28192 slave.cpp:3534] Framework 20151219-012848-50331658-5050-16921-0000 seems to have exited. Ignoring registration timeout for executor 'thermos-1450489620018-www-data-devel-job9-0-017b9759-f742-4a23-b191-6512404ae759'
I1219 01:48:00.162869 28193 slave.cpp:1121] Got assigned task 1450489680015-www-data-devel-job9-0-80b0fd62-5dd5-41cf-91ed-7b08d1d6627b for framework 20151219-012848-50331658-5050-16921-0000
I1219 01:48:00.164964 28193 gc.cpp:84] Unscheduling '/var/lib/mesos/slave/slaves/20151219-012848-50331658-5050-16921-S2/frameworks/20151219-012848-50331658-5050-16921-0000' from gc
I1219 01:48:00.165094 28193 gc.cpp:84] Unscheduling '/var/lib/mesos/slave/meta/slaves/20151219-012848-50331658-5050-16921-S2/frameworks/20151219-012848-50331658-5050-16921-0000' from gc
I1219 01:48:00.165206 28193 slave.cpp:1231] Launching task 1450489680015-www-data-devel-job9-0-80b0fd62-5dd5-41cf-91ed-7b08d1d6627b for framework 20151219-012848-50331658-5050-16921-0000
I1219 01:48:00.168472 28193 slave.cpp:4160] Launching executor thermos-1450489680015-www-data-devel-job9-0-80b0fd62-5dd5-41cf-91ed-7b08d1d6627b of framework 20151219-012848-50331658-5050-16921-0000 in work directory '/var/lib/mesos/slave/slaves/20151219-012848-50331658-5050-16921-S2/frameworks/20151219-012848-50331658-5050-16921-0000/executors/thermos-1450489680015-www-data-devel-job9-0-80b0fd62-5dd5-41cf-91ed-7b08d1d6627b/runs/3531b8ab-a0f5-4dce-8559-809ea600c295'
I1219 01:48:00.168617 28194 containerizer.cpp:472] Starting container '3531b8ab-a0f5-4dce-8559-809ea600c295' for executor 'thermos-1450489680015-www-data-devel-job9-0-80b0fd62-5dd5-41cf-91ed-7b08d1d6627b' of framework '20151219-012848-50331658-5050-16921-0000'
I1219 01:48:00.169129 28193 slave.cpp:1378] Queuing task '1450489680015-www-data-devel-job9-0-80b0fd62-5dd5-41cf-91ed-7b08d1d6627b' for executor thermos-1450489680015-www-data-devel-job9-0-80b0fd62-5dd5-41cf-91ed-7b08d1d6627b of framework '20151219-012848-50331658-5050-16921-0000
I1219 01:48:00.169848 28194 launcher.cpp:130] Forked child with pid '29969' for container '3531b8ab-a0f5-4dce-8559-809ea600c295'
I1219 01:48:00.170019 28194 containerizer.cpp:682] Checkpointing executor's forked pid 29969 to '/var/lib/mesos/slave/meta/slaves/20151219-012848-50331658-5050-16921-S2/frameworks/20151219-012848-50331658-5050-16921-0000/executors/thermos-1450489680015-www-data-devel-job9-0-80b0fd62-5dd5-41cf-91ed-7b08d1d6627b/runs/3531b8ab-a0f5-4dce-8559-809ea600c295/pids/forked.pid'
I1219 01:48:00.178199 28182 fetcher.cpp:238] Fetching URIs using command '/usr/libexec/mesos/mesos-fetcher'
I1219 01:48:00.321836 28196 slave.cpp:3135] Monitoring executor 'thermos-1450489680015-www-data-devel-job9-0-80b0fd62-5dd5-41cf-91ed-7b08d1d6627b' of framework '20151219-012848-50331658-5050-16921-0000' in container '3531b8ab-a0f5-4dce-8559-809ea600c295'
I1219 01:48:00.825387 28183 slave.cpp:2141] Got registration for executor 'thermos-1450489680015-www-data-devel-job9-0-80b0fd62-5dd5-41cf-91ed-7b08d1d6627b' of framework 20151219-012848-50331658-5050-16921-0000 from executor(1)@10.0.0.6:48092
I1219 01:48:00.826272 28182 slave.cpp:1532] Sending queued task '1450489680015-www-data-devel-job9-0-80b0fd62-5dd5-41cf-91ed-7b08d1d6627b' to executor 'thermos-1450489680015-www-data-devel-job9-0-80b0fd62-5dd5-41cf-91ed-7b08d1d6627b' of framework 20151219-012848-50331658-5050-16921-0000
I1219 01:48:00.832041 28193 slave.cpp:2508] Handling status update TASK_STARTING (UUID: 202fc581-20eb-46dc-aace-26337b19ef46) for task 1450489680015-www-data-devel-job9-0-80b0fd62-5dd5-41cf-91ed-7b08d1d6627b of framework 20151219-012848-50331658-5050-16921-0000 from executor(1)@10.0.0.6:48092
I1219 01:48:00.832206 28192 status_update_manager.cpp:317] Received status update TASK_STARTING (UUID: 202fc581-20eb-46dc-aace-26337b19ef46) for task 1450489680015-www-data-devel-job9-0-80b0fd62-5dd5-41cf-91ed-7b08d1d6627b of framework 20151219-012848-50331658-5050-16921-0000
I1219 01:48:00.832588 28192 status_update_manager.hpp:346] Checkpointing UPDATE for status update TASK_STARTING (UUID: 202fc581-20eb-46dc-aace-26337b19ef46) for task 1450489680015-www-data-devel-job9-0-80b0fd62-5dd5-41cf-91ed-7b08d1d6627b of framework 20151219-012848-50331658-5050-16921-0000
I1219 01:48:00.838232 28192 slave.cpp:2753] Forwarding the update TASK_STARTING (UUID: 202fc581-20eb-46dc-aace-26337b19ef46) for task 1450489680015-www-data-devel-job9-0-80b0fd62-5dd5-41cf-91ed-7b08d1d6627b of framework 20151219-012848-50331658-5050-16921-0000 to master@10.0.0.3:5050
I1219 01:48:00.838340 28192 slave.cpp:2686] Sending acknowledgement for status update TASK_STARTING (UUID: 202fc581-20eb-46dc-aace-26337b19ef46) for task 1450489680015-www-data-devel-job9-0-80b0fd62-5dd5-41cf-91ed-7b08d1d6627b of framework 20151219-012848-50331658-5050-16921-0000 to executor(1)@10.0.0.6:48092
I1219 01:48:00.847273 28193 status_update_manager.cpp:389] Received status update acknowledgement (UUID: 202fc581-20eb-46dc-aace-26337b19ef46) for task 1450489680015-www-data-devel-job9-0-80b0fd62-5dd5-41cf-91ed-7b08d1d6627b of framework 20151219-012848-50331658-5050-16921-0000
I1219 01:48:00.847398 28193 status_update_manager.hpp:346] Checkpointing ACK for status update TASK_STARTING (UUID: 202fc581-20eb-46dc-aace-26337b19ef46) for task 1450489680015-www-data-devel-job9-0-80b0fd62-5dd5-41cf-91ed-7b08d1d6627b of framework 20151219-012848-50331658-5050-16921-0000
I1219 01:48:01.413514 28190 slave.cpp:2508] Handling status update TASK_RUNNING (UUID: 9714de6f-56d8-4c41-8560-fa06f8713a05) for task 1450489680015-www-data-devel-job9-0-80b0fd62-5dd5-41cf-91ed-7b08d1d6627b of framework 20151219-012848-50331658-5050-16921-0000 from executor(1)@10.0.0.6:48092
I1219 01:48:01.413667 28184 status_update_manager.cpp:317] Received status update TASK_RUNNING (UUID: 9714de6f-56d8-4c41-8560-fa06f8713a05) for task 1450489680015-www-data-devel-job9-0-80b0fd62-5dd5-41cf-91ed-7b08d1d6627b of framework 20151219-012848-50331658-5050-16921-0000
I1219 01:48:01.413723 28184 status_update_manager.hpp:346] Checkpointing UPDATE for status update TASK_RUNNING (UUID: 9714de6f-56d8-4c41-8560-fa06f8713a05) for task 1450489680015-www-data-devel-job9-0-80b0fd62-5dd5-41cf-91ed-7b08d1d6627b of framework 20151219-012848-50331658-5050-16921-0000
I1219 01:48:01.417881 28190 slave.cpp:2753] Forwarding the update TASK_RUNNING (UUID: 9714de6f-56d8-4c41-8560-fa06f8713a05) for task 1450489680015-www-data-devel-job9-0-80b0fd62-5dd5-41cf-91ed-7b08d1d6627b of framework 20151219-012848-50331658-5050-16921-0000 to master@10.0.0.3:5050
I1219 01:48:01.417974 28190 slave.cpp:2686] Sending acknowledgement for status update TASK_RUNNING (UUID: 9714de6f-56d8-4c41-8560-fa06f8713a05) for task 1450489680015-www-data-devel-job9-0-80b0fd62-5dd5-41cf-91ed-7b08d1d6627b of framework 20151219-012848-50331658-5050-16921-0000 to executor(1)@10.0.0.6:48092
I1219 01:48:01.424213 28184 status_update_manager.cpp:389] Received status update acknowledgement (UUID: 9714de6f-56d8-4c41-8560-fa06f8713a05) for task 1450489680015-www-data-devel-job9-0-80b0fd62-5dd5-41cf-91ed-7b08d1d6627b of framework 20151219-012848-50331658-5050-16921-0000
I1219 01:48:01.424278 28184 status_update_manager.hpp:346] Checkpointing ACK for status update TASK_RUNNING (UUID: 9714de6f-56d8-4c41-8560-fa06f8713a05) for task 1450489680015-www-data-devel-job9-0-80b0fd62-5dd5-41cf-91ed-7b08d1d6627b of framework 20151219-012848-50331658-5050-16921-0000
I1219 01:48:05.843708 28186 slave.cpp:1121] Got assigned task 1450489680241-www-data-devel-job11-0-94d7c583-22e9-4ef1-8812-43d13cf2ed73 for framework 20151219-012848-50331658-5050-16921-0000
I1219 01:48:05.845079 28186 slave.cpp:1231] Launching task 1450489680241-www-data-devel-job11-0-94d7c583-22e9-4ef1-8812-43d13cf2ed73 for framework 20151219-012848-50331658-5050-16921-0000
I1219 01:48:05.848552 28186 slave.cpp:4160] Launching executor thermos-1450489680241-www-data-devel-job11-0-94d7c583-22e9-4ef1-8812-43d13cf2ed73 of framework 20151219-012848-50331658-5050-16921-0000 in work directory '/var/lib/mesos/slave/slaves/20151219-012848-50331658-5050-16921-S2/frameworks/20151219-012848-50331658-5050-16921-0000/executors/thermos-1450489680241-www-data-devel-job11-0-94d7c583-22e9-4ef1-8812-43d13cf2ed73/runs/afc38404-b4b6-44dc-8016-444d4432332f'
I1219 01:48:05.848829 28187 containerizer.cpp:472] Starting container 'afc38404-b4b6-44dc-8016-444d4432332f' for executor 'thermos-1450489680241-www-data-devel-job11-0-94d7c583-22e9-4ef1-8812-43d13cf2ed73' of framework '20151219-012848-50331658-5050-16921-0000'
I1219 01:48:05.850637 28186 slave.cpp:1378] Queuing task '1450489680241-www-data-devel-job11-0-94d7c583-22e9-4ef1-8812-43d13cf2ed73' for executor thermos-1450489680241-www-data-devel-job11-0-94d7c583-22e9-4ef1-8812-43d13cf2ed73 of framework '20151219-012848-50331658-5050-16921-0000
I1219 01:48:05.850695 28187 launcher.cpp:130] Forked child with pid '30022' for container 'afc38404-b4b6-44dc-8016-444d4432332f'
I1219 01:48:05.850980 28187 containerizer.cpp:682] Checkpointing executor's forked pid 30022 to '/var/lib/mesos/slave/meta/slaves/20151219-012848-50331658-5050-16921-S2/frameworks/20151219-012848-50331658-5050-16921-0000/executors/thermos-1450489680241-www-data-devel-job11-0-94d7c583-22e9-4ef1-8812-43d13cf2ed73/runs/afc38404-b4b6-44dc-8016-444d4432332f/pids/forked.pid'
I1219 01:48:05.855482 28186 fetcher.cpp:238] Fetching URIs using command '/usr/libexec/mesos/mesos-fetcher'
I1219 01:48:05.947863 28191 slave.cpp:3135] Monitoring executor 'thermos-1450489680241-www-data-devel-job11-0-94d7c583-22e9-4ef1-8812-43d13cf2ed73' of framework '20151219-012848-50331658-5050-16921-0000' in container 'afc38404-b4b6-44dc-8016-444d4432332f'
I1219 01:48:06.447731 28185 slave.cpp:2141] Got registration for executor 'thermos-1450489680241-www-data-devel-job11-0-94d7c583-22e9-4ef1-8812-43d13cf2ed73' of framework 20151219-012848-50331658-5050-16921-0000 from executor(1)@10.0.0.6:56425
I1219 01:48:06.448635 28189 slave.cpp:1532] Sending queued task '1450489680241-www-data-devel-job11-0-94d7c583-22e9-4ef1-8812-43d13cf2ed73' to executor 'thermos-1450489680241-www-data-devel-job11-0-94d7c583-22e9-4ef1-8812-43d13cf2ed73' of framework 20151219-012848-50331658-5050-16921-0000
I1219 01:48:06.454330 28196 slave.cpp:2508] Handling status update TASK_STARTING (UUID: 3cbc11ac-3c3f-451c-9b6c-52a1a8f69bf6) for task 1450489680241-www-data-devel-job11-0-94d7c583-22e9-4ef1-8812-43d13cf2ed73 of framework 20151219-012848-50331658-5050-16921-0000 from executor(1)@10.0.0.6:56425
I1219 01:48:06.454481 28187 status_update_manager.cpp:317] Received status update TASK_STARTING (UUID: 3cbc11ac-3c3f-451c-9b6c-52a1a8f69bf6) for task 1450489680241-www-data-devel-job11-0-94d7c583-22e9-4ef1-8812-43d13cf2ed73 of framework 20151219-012848-50331658-5050-16921-0000
I1219 01:48:06.454859 28187 status_update_manager.hpp:346] Checkpointing UPDATE for status update TASK_STARTING (UUID: 3cbc11ac-3c3f-451c-9b6c-52a1a8f69bf6) for task 1450489680241-www-data-devel-job11-0-94d7c583-22e9-4ef1-8812-43d13cf2ed73 of framework 20151219-012848-50331658-5050-16921-0000
I1219 01:48:06.459756 28196 slave.cpp:2753] Forwarding the update TASK_STARTING (UUID: 3cbc11ac-3c3f-451c-9b6c-52a1a8f69bf6) for task 1450489680241-www-data-devel-job11-0-94d7c583-22e9-4ef1-8812-43d13cf2ed73 of framework 20151219-012848-50331658-5050-16921-0000 to master@10.0.0.3:5050
I1219 01:48:06.459852 28196 slave.cpp:2686] Sending acknowledgement for status update TASK_STARTING (UUID: 3cbc11ac-3c3f-451c-9b6c-52a1a8f69bf6) for task 1450489680241-www-data-devel-job11-0-94d7c583-22e9-4ef1-8812-43d13cf2ed73 of framework 20151219-012848-50331658-5050-16921-0000 to executor(1)@10.0.0.6:56425
I1219 01:48:06.467824 28187 status_update_manager.cpp:389] Received status update acknowledgement (UUID: 3cbc11ac-3c3f-451c-9b6c-52a1a8f69bf6) for task 1450489680241-www-data-devel-job11-0-94d7c583-22e9-4ef1-8812-43d13cf2ed73 of framework 20151219-012848-50331658-5050-16921-0000
I1219 01:48:06.467890 28187 status_update_manager.hpp:346] Checkpointing ACK for status update TASK_STARTING (UUID: 3cbc11ac-3c3f-451c-9b6c-52a1a8f69bf6) for task 1450489680241-www-data-devel-job11-0-94d7c583-22e9-4ef1-8812-43d13cf2ed73 of framework 20151219-012848-50331658-5050-16921-0000
I1219 01:48:07.036906 28184 slave.cpp:2508] Handling status update TASK_RUNNING (UUID: ee8d288a-7615-4b55-a3f4-9ecf1261c712) for task 1450489680241-www-data-devel-job11-0-94d7c583-22e9-4ef1-8812-43d13cf2ed73 of framework 20151219-012848-50331658-5050-16921-0000 from executor(1)@10.0.0.6:56425
I1219 01:48:07.037091 28188 status_update_manager.cpp:317] Received status update TASK_RUNNING (UUID: ee8d288a-7615-4b55-a3f4-9ecf1261c712) for task 1450489680241-www-data-devel-job11-0-94d7c583-22e9-4ef1-8812-43d13cf2ed73 of framework 20151219-012848-50331658-5050-16921-0000
I1219 01:48:07.037158 28188 status_update_manager.hpp:346] Checkpointing UPDATE for status update TASK_RUNNING (UUID: ee8d288a-7615-4b55-a3f4-9ecf1261c712) for task 1450489680241-www-data-devel-job11-0-94d7c583-22e9-4ef1-8812-43d13cf2ed73 of framework 20151219-012848-50331658-5050-16921-0000
I1219 01:48:07.045799 28193 slave.cpp:2753] Forwarding the update TASK_RUNNING (UUID: ee8d288a-7615-4b55-a3f4-9ecf1261c712) for task 1450489680241-www-data-devel-job11-0-94d7c583-22e9-4ef1-8812-43d13cf2ed73 of framework 20151219-012848-50331658-5050-16921-0000 to master@10.0.0.3:5050
I1219 01:48:07.045935 28193 slave.cpp:2686] Sending acknowledgement for status update TASK_RUNNING (UUID: ee8d288a-7615-4b55-a3f4-9ecf1261c712) for task 1450489680241-www-data-devel-job11-0-94d7c583-22e9-4ef1-8812-43d13cf2ed73 of framework 20151219-012848-50331658-5050-16921-0000 to executor(1)@10.0.0.6:56425
I1219 01:48:07.054409 28184 status_update_manager.cpp:389] Received status update acknowledgement (UUID: ee8d288a-7615-4b55-a3f4-9ecf1261c712) for task 1450489680241-www-data-devel-job11-0-94d7c583-22e9-4ef1-8812-43d13cf2ed73 of framework 20151219-012848-50331658-5050-16921-0000
I1219 01:48:07.054440 28184 status_update_manager.hpp:346] Checkpointing ACK for status update TASK_RUNNING (UUID: ee8d288a-7615-4b55-a3f4-9ecf1261c712) for task 1450489680241-www-data-devel-job11-0-94d7c583-22e9-4ef1-8812-43d13cf2ed73 of framework 20151219-012848-50331658-5050-16921-0000
I1219 01:48:11.184167 28183 slave.cpp:2508] Handling status update TASK_FINISHED (UUID: 0146d478-cb87-4f70-b3d7-fcbd66847307) for task 1450489680241-www-data-devel-job11-0-94d7c583-22e9-4ef1-8812-43d13cf2ed73 of framework 20151219-012848-50331658-5050-16921-0000 from executor(1)@10.0.0.6:56425
I1219 01:48:11.184809 28195 status_update_manager.cpp:317] Received status update TASK_FINISHED (UUID: 0146d478-cb87-4f70-b3d7-fcbd66847307) for task 1450489680241-www-data-devel-job11-0-94d7c583-22e9-4ef1-8812-43d13cf2ed73 of framework 20151219-012848-50331658-5050-16921-0000
I1219 01:48:11.184912 28195 status_update_manager.hpp:346] Checkpointing UPDATE for status update TASK_FINISHED (UUID: 0146d478-cb87-4f70-b3d7-fcbd66847307) for task 1450489680241-www-data-devel-job11-0-94d7c583-22e9-4ef1-8812-43d13cf2ed73 of framework 20151219-012848-50331658-5050-16921-0000
I1219 01:48:11.190323 28186 slave.cpp:2753] Forwarding the update TASK_FINISHED (UUID: 0146d478-cb87-4f70-b3d7-fcbd66847307) for task 1450489680241-www-data-devel-job11-0-94d7c583-22e9-4ef1-8812-43d13cf2ed73 of framework 20151219-012848-50331658-5050-16921-0000 to master@10.0.0.3:5050
I1219 01:48:11.190507 28186 slave.cpp:2686] Sending acknowledgement for status update TASK_FINISHED (UUID: 0146d478-cb87-4f70-b3d7-fcbd66847307) for task 1450489680241-www-data-devel-job11-0-94d7c583-22e9-4ef1-8812-43d13cf2ed73 of framework 20151219-012848-50331658-5050-16921-0000 to executor(1)@10.0.0.6:56425
I1219 01:48:11.203515 28195 status_update_manager.cpp:389] Received status update acknowledgement (UUID: 0146d478-cb87-4f70-b3d7-fcbd66847307) for task 1450489680241-www-data-devel-job11-0-94d7c583-22e9-4ef1-8812-43d13cf2ed73 of framework 20151219-012848-50331658-5050-16921-0000
I1219 01:48:11.203555 28195 status_update_manager.hpp:346] Checkpointing ACK for status update TASK_FINISHED (UUID: 0146d478-cb87-4f70-b3d7-fcbd66847307) for task 1450489680241-www-data-devel-job11-0-94d7c583-22e9-4ef1-8812-43d13cf2ed73 of framework 20151219-012848-50331658-5050-16921-0000
I1219 01:48:11.569031 28183 slave.cpp:2508] Handling status update TASK_FINISHED (UUID: 05d73471-1aca-4e19-a8ed-d975525ba435) for task 1450489680015-www-data-devel-job9-0-80b0fd62-5dd5-41cf-91ed-7b08d1d6627b of framework 20151219-012848-50331658-5050-16921-0000 from executor(1)@10.0.0.6:48092
I1219 01:48:11.569809 28186 status_update_manager.cpp:317] Received status update TASK_FINISHED (UUID: 05d73471-1aca-4e19-a8ed-d975525ba435) for task 1450489680015-www-data-devel-job9-0-80b0fd62-5dd5-41cf-91ed-7b08d1d6627b of framework 20151219-012848-50331658-5050-16921-0000
I1219 01:48:11.569860 28186 status_update_manager.hpp:346] Checkpointing UPDATE for status update TASK_FINISHED (UUID: 05d73471-1aca-4e19-a8ed-d975525ba435) for task 1450489680015-www-data-devel-job9-0-80b0fd62-5dd5-41cf-91ed-7b08d1d6627b of framework 20151219-012848-50331658-5050-16921-0000
I1219 01:48:11.575350 28182 slave.cpp:2753] Forwarding the update TASK_FINISHED (UUID: 05d73471-1aca-4e19-a8ed-d975525ba435) for task 1450489680015-www-data-devel-job9-0-80b0fd62-5dd5-41cf-91ed-7b08d1d6627b of framework 20151219-012848-50331658-5050-16921-0000 to master@10.0.0.3:5050
I1219 01:48:11.575510 28182 slave.cpp:2686] Sending acknowledgement for status update TASK_FINISHED (UUID: 05d73471-1aca-4e19-a8ed-d975525ba435) for task 1450489680015-www-data-devel-job9-0-80b0fd62-5dd5-41cf-91ed-7b08d1d6627b of framework 20151219-012848-50331658-5050-16921-0000 to executor(1)@10.0.0.6:48092
I1219 01:48:11.586207 28188 status_update_manager.cpp:389] Received status update acknowledgement (UUID: 05d73471-1aca-4e19-a8ed-d975525ba435) for task 1450489680015-www-data-devel-job9-0-80b0fd62-5dd5-41cf-91ed-7b08d1d6627b of framework 20151219-012848-50331658-5050-16921-0000
I1219 01:48:11.586253 28188 status_update_manager.hpp:346] Checkpointing ACK for status update TASK_FINISHED (UUID: 05d73471-1aca-4e19-a8ed-d975525ba435) for task 1450489680015-www-data-devel-job9-0-80b0fd62-5dd5-41cf-91ed-7b08d1d6627b of framework 20151219-012848-50331658-5050-16921-0000
I1219 01:48:16.298537 28192 containerizer.cpp:1111] Executor for container 'afc38404-b4b6-44dc-8016-444d4432332f' has exited
I1219 01:48:16.298647 28192 containerizer.cpp:906] Destroying container 'afc38404-b4b6-44dc-8016-444d4432332f'
I1219 01:48:16.300704 28197 slave.cpp:3193] Executor 'thermos-1450489680241-www-data-devel-job11-0-94d7c583-22e9-4ef1-8812-43d13cf2ed73' of framework 20151219-012848-50331658-5050-16921-0000 exited with status 0
I1219 01:48:16.300909 28197 slave.cpp:3302] Cleaning up executor 'thermos-1450489680241-www-data-devel-job11-0-94d7c583-22e9-4ef1-8812-43d13cf2ed73' of framework 20151219-012848-50331658-5050-16921-0000
I1219 01:48:16.301245 28187 gc.cpp:56] Scheduling '/var/lib/mesos/slave/slaves/20151219-012848-50331658-5050-16921-S2/frameworks/20151219-012848-50331658-5050-16921-0000/executors/thermos-1450489680241-www-data-devel-job11-0-94d7c583-22e9-4ef1-8812-43d13cf2ed73/runs/afc38404-b4b6-44dc-8016-444d4432332f' for gc 6.99999651415407days in the future
I1219 01:48:16.301322 28187 gc.cpp:56] Scheduling '/var/lib/mesos/slave/slaves/20151219-012848-50331658-5050-16921-S2/frameworks/20151219-012848-50331658-5050-16921-0000/executors/thermos-1450489680241-www-data-devel-job11-0-94d7c583-22e9-4ef1-8812-43d13cf2ed73' for gc 6.99999651313778days in the future
I1219 01:48:16.301419 28194 gc.cpp:56] Scheduling '/var/lib/mesos/slave/meta/slaves/20151219-012848-50331658-5050-16921-S2/frameworks/20151219-012848-50331658-5050-16921-0000/executors/thermos-1450489680241-www-data-devel-job11-0-94d7c583-22e9-4ef1-8812-43d13cf2ed73/runs/afc38404-b4b6-44dc-8016-444d4432332f' for gc 6.99999651210667days in the future
I1219 01:48:16.301506 28194 gc.cpp:56] Scheduling '/var/lib/mesos/slave/meta/slaves/20151219-012848-50331658-5050-16921-S2/frameworks/20151219-012848-50331658-5050-16921-0000/executors/thermos-1450489680241-www-data-devel-job11-0-94d7c583-22e9-4ef1-8812-43d13cf2ed73' for gc 6.99999651120593days in the future
I1219 01:48:16.600397 28197 containerizer.cpp:1111] Executor for container '3531b8ab-a0f5-4dce-8559-809ea600c295' has exited
I1219 01:48:16.600460 28197 containerizer.cpp:906] Destroying container '3531b8ab-a0f5-4dce-8559-809ea600c295'
I1219 01:48:16.601517 28195 slave.cpp:3193] Executor 'thermos-1450489680015-www-data-devel-job9-0-80b0fd62-5dd5-41cf-91ed-7b08d1d6627b' of framework 20151219-012848-50331658-5050-16921-0000 exited with status 0
I1219 01:48:16.601696 28195 slave.cpp:3302] Cleaning up executor 'thermos-1450489680015-www-data-devel-job9-0-80b0fd62-5dd5-41cf-91ed-7b08d1d6627b' of framework 20151219-012848-50331658-5050-16921-0000
I1219 01:48:16.601920 28188 gc.cpp:56] Scheduling '/var/lib/mesos/slave/slaves/20151219-012848-50331658-5050-16921-S2/frameworks/20151219-012848-50331658-5050-16921-0000/executors/thermos-1450489680015-www-data-devel-job9-0-80b0fd62-5dd5-41cf-91ed-7b08d1d6627b/runs/3531b8ab-a0f5-4dce-8559-809ea600c295' for gc 6.99999303375111days in the future
I1219 01:48:16.601971 28188 gc.cpp:56] Scheduling '/var/lib/mesos/slave/slaves/20151219-012848-50331658-5050-16921-S2/frameworks/20151219-012848-50331658-5050-16921-0000/executors/thermos-1450489680015-www-data-devel-job9-0-80b0fd62-5dd5-41cf-91ed-7b08d1d6627b' for gc 6.99999303305481days in the future
I1219 01:48:16.602035 28188 gc.cpp:56] Scheduling '/var/lib/mesos/slave/meta/slaves/20151219-012848-50331658-5050-16921-S2/frameworks/20151219-012848-50331658-5050-16921-0000/executors/thermos-1450489680015-www-data-devel-job9-0-80b0fd62-5dd5-41cf-91ed-7b08d1d6627b/runs/3531b8ab-a0f5-4dce-8559-809ea600c295' for gc 6.99999303248889days in the future
I1219 01:48:16.602056 28195 slave.cpp:3381] Cleaning up framework 20151219-012848-50331658-5050-16921-0000
I1219 01:48:16.602097 28188 gc.cpp:56] Scheduling '/var/lib/mesos/slave/meta/slaves/20151219-012848-50331658-5050-16921-S2/frameworks/20151219-012848-50331658-5050-16921-0000/executors/thermos-1450489680015-www-data-devel-job9-0-80b0fd62-5dd5-41cf-91ed-7b08d1d6627b' for gc 6.99999303185185days in the future
I1219 01:48:16.602126 28188 status_update_manager.cpp:279] Closing status update streams for framework 20151219-012848-50331658-5050-16921-0000
I1219 01:48:16.602217 28185 gc.cpp:56] Scheduling '/var/lib/mesos/slave/slaves/20151219-012848-50331658-5050-16921-S2/frameworks/20151219-012848-50331658-5050-16921-0000' for gc 6.99999303045037days in the future
I1219 01:48:16.602290 28185 gc.cpp:56] Scheduling '/var/lib/mesos/slave/meta/slaves/20151219-012848-50331658-5050-16921-S2/frameworks/20151219-012848-50331658-5050-16921-0000' for gc 6.99999302968593days in the future
I1219 01:48:16.651902 28192 slave.cpp:3534] Framework 20151219-012848-50331658-5050-16921-0000 seems to have exited. Ignoring registration timeout for executor 'thermos-1450489620028-www-data-devel-job6-0-3d16ab63-e73b-430f-b617-e02059ab8303'
I1219 01:48:16.651965 28192 slave.cpp:1121] Got assigned task 1450489680033-www-data-devel-job15-0-6472d291-6d5b-4796-8cff-def4f761cbb1 for framework 20151219-012848-50331658-5050-16921-0000
I1219 01:48:16.653882 28192 gc.cpp:84] Unscheduling '/var/lib/mesos/slave/slaves/20151219-012848-50331658-5050-16921-S2/frameworks/20151219-012848-50331658-5050-16921-0000' from gc
I1219 01:48:16.654022 28195 gc.cpp:84] Unscheduling '/var/lib/mesos/slave/meta/slaves/20151219-012848-50331658-5050-16921-S2/frameworks/20151219-012848-50331658-5050-16921-0000' from gc
I1219 01:48:16.654152 28195 slave.cpp:1231] Launching task 1450489680033-www-data-devel-job15-0-6472d291-6d5b-4796-8cff-def4f761cbb1 for framework 20151219-012848-50331658-5050-16921-0000
I1219 01:48:16.657145 28195 slave.cpp:4160] Launching executor thermos-1450489680033-www-data-devel-job15-0-6472d291-6d5b-4796-8cff-def4f761cbb1 of framework 20151219-012848-50331658-5050-16921-0000 in work directory '/var/lib/mesos/slave/slaves/20151219-012848-50331658-5050-16921-S2/frameworks/20151219-012848-50331658-5050-16921-0000/executors/thermos-1450489680033-www-data-devel-job15-0-6472d291-6d5b-4796-8cff-def4f761cbb1/runs/e9b88e5b-e6ac-4d3e-a882-b7ac91244963'
I1219 01:48:16.657272 28191 containerizer.cpp:472] Starting container 'e9b88e5b-e6ac-4d3e-a882-b7ac91244963' for executor 'thermos-1450489680033-www-data-devel-job15-0-6472d291-6d5b-4796-8cff-def4f761cbb1' of framework '20151219-012848-50331658-5050-16921-0000'
I1219 01:48:16.657816 28195 slave.cpp:1378] Queuing task '1450489680033-www-data-devel-job15-0-6472d291-6d5b-4796-8cff-def4f761cbb1' for executor thermos-1450489680033-www-data-devel-job15-0-6472d291-6d5b-4796-8cff-def4f761cbb1 of framework '20151219-012848-50331658-5050-16921-0000
I1219 01:48:16.658551 28191 launcher.cpp:130] Forked child with pid '30083' for container 'e9b88e5b-e6ac-4d3e-a882-b7ac91244963'
I1219 01:48:16.658704 28191 containerizer.cpp:682] Checkpointing executor's forked pid 30083 to '/var/lib/mesos/slave/meta/slaves/20151219-012848-50331658-5050-16921-S2/frameworks/20151219-012848-50331658-5050-16921-0000/executors/thermos-1450489680033-www-data-devel-job15-0-6472d291-6d5b-4796-8cff-def4f761cbb1/runs/e9b88e5b-e6ac-4d3e-a882-b7ac91244963/pids/forked.pid'
I1219 01:48:16.663316 28186 fetcher.cpp:238] Fetching URIs using command '/usr/libexec/mesos/mesos-fetcher'
I1219 01:48:16.802580 28191 slave.cpp:3135] Monitoring executor 'thermos-1450489680033-www-data-devel-job15-0-6472d291-6d5b-4796-8cff-def4f761cbb1' of framework '20151219-012848-50331658-5050-16921-0000' in container 'e9b88e5b-e6ac-4d3e-a882-b7ac91244963'
I1219 01:48:17.306274 28196 slave.cpp:2141] Got registration for executor 'thermos-1450489680033-www-data-devel-job15-0-6472d291-6d5b-4796-8cff-def4f761cbb1' of framework 20151219-012848-50331658-5050-16921-0000 from executor(1)@10.0.0.6:43552
I1219 01:48:17.307271 28187 slave.cpp:1532] Sending queued task '1450489680033-www-data-devel-job15-0-6472d291-6d5b-4796-8cff-def4f761cbb1' to executor 'thermos-1450489680033-www-data-devel-job15-0-6472d291-6d5b-4796-8cff-def4f761cbb1' of framework 20151219-012848-50331658-5050-16921-0000
I1219 01:48:17.312857 28183 slave.cpp:2508] Handling status update TASK_STARTING (UUID: 9fa61150-accc-4520-bb08-9bed33c1eb47) for task 1450489680033-www-data-devel-job15-0-6472d291-6d5b-4796-8cff-def4f761cbb1 of framework 20151219-012848-50331658-5050-16921-0000 from executor(1)@10.0.0.6:43552
I1219 01:48:17.313014 28185 status_update_manager.cpp:317] Received status update TASK_STARTING (UUID: 9fa61150-accc-4520-bb08-9bed33c1eb47) for task 1450489680033-www-data-devel-job15-0-6472d291-6d5b-4796-8cff-def4f761cbb1 of framework 20151219-012848-50331658-5050-16921-0000
I1219 01:48:17.313427 28185 status_update_manager.hpp:346] Checkpointing UPDATE for status update TASK_STARTING (UUID: 9fa61150-accc-4520-bb08-9bed33c1eb47) for task 1450489680033-www-data-devel-job15-0-6472d291-6d5b-4796-8cff-def4f761cbb1 of framework 20151219-012848-50331658-5050-16921-0000
I1219 01:48:17.317742 28182 slave.cpp:2753] Forwarding the update TASK_STARTING (UUID: 9fa61150-accc-4520-bb08-9bed33c1eb47) for task 1450489680033-www-data-devel-job15-0-6472d291-6d5b-4796-8cff-def4f761cbb1 of framework 20151219-012848-50331658-5050-16921-0000 to master@10.0.0.3:5050
I1219 01:48:17.317862 28182 slave.cpp:2686] Sending acknowledgement for status update TASK_STARTING (UUID: 9fa61150-accc-4520-bb08-9bed33c1eb47) for task 1450489680033-www-data-devel-job15-0-6472d291-6d5b-4796-8cff-def4f761cbb1 of framework 20151219-012848-50331658-5050-16921-0000 to executor(1)@10.0.0.6:43552
I1219 01:48:17.326253 28197 status_update_manager.cpp:389] Received status update acknowledgement (UUID: 9fa61150-accc-4520-bb08-9bed33c1eb47) for task 1450489680033-www-data-devel-job15-0-6472d291-6d5b-4796-8cff-def4f761cbb1 of framework 20151219-012848-50331658-5050-16921-0000
I1219 01:48:17.326338 28197 status_update_manager.hpp:346] Checkpointing ACK for status update TASK_STARTING (UUID: 9fa61150-accc-4520-bb08-9bed33c1eb47) for task 1450489680033-www-data-devel-job15-0-6472d291-6d5b-4796-8cff-def4f761cbb1 of framework 20151219-012848-50331658-5050-16921-0000
I1219 01:48:17.894587 28197 slave.cpp:2508] Handling status update TASK_RUNNING (UUID: 9877bcc1-3df4-43d3-9ded-a770732b0021) for task 1450489680033-www-data-devel-job15-0-6472d291-6d5b-4796-8cff-def4f761cbb1 of framework 20151219-012848-50331658-5050-16921-0000 from executor(1)@10.0.0.6:43552
I1219 01:48:17.894724 28185 status_update_manager.cpp:317] Received status update TASK_RUNNING (UUID: 9877bcc1-3df4-43d3-9ded-a770732b0021) for task 1450489680033-www-data-devel-job15-0-6472d291-6d5b-4796-8cff-def4f761cbb1 of framework 20151219-012848-50331658-5050-16921-0000
I1219 01:48:17.894768 28185 status_update_manager.hpp:346] Checkpointing UPDATE for status update TASK_RUNNING (UUID: 9877bcc1-3df4-43d3-9ded-a770732b0021) for task 1450489680033-www-data-devel-job15-0-6472d291-6d5b-4796-8cff-def4f761cbb1 of framework 20151219-012848-50331658-5050-16921-0000
I1219 01:48:17.898510 28186 slave.cpp:2753] Forwarding the update TASK_RUNNING (UUID: 9877bcc1-3df4-43d3-9ded-a770732b0021) for task 1450489680033-www-data-devel-job15-0-6472d291-6d5b-4796-8cff-def4f761cbb1 of framework 20151219-012848-50331658-5050-16921-0000 to master@10.0.0.3:5050
I1219 01:48:17.898638 28186 slave.cpp:2686] Sending acknowledgement for status update TASK_RUNNING (UUID: 9877bcc1-3df4-43d3-9ded-a770732b0021) for task 1450489680033-www-data-devel-job15-0-6472d291-6d5b-4796-8cff-def4f761cbb1 of framework 20151219-012848-50331658-5050-16921-0000 to executor(1)@10.0.0.6:43552
I1219 01:48:17.906201 28185 status_update_manager.cpp:389] Received status update acknowledgement (UUID: 9877bcc1-3df4-43d3-9ded-a770732b0021) for task 1450489680033-www-data-devel-job15-0-6472d291-6d5b-4796-8cff-def4f761cbb1 of framework 20151219-012848-50331658-5050-16921-0000
I1219 01:48:17.906231 28185 status_update_manager.hpp:346] Checkpointing ACK for status update TASK_RUNNING (UUID: 9877bcc1-3df4-43d3-9ded-a770732b0021) for task 1450489680033-www-data-devel-job15-0-6472d291-6d5b-4796-8cff-def4f761cbb1 of framework 20151219-012848-50331658-5050-16921-0000
I1219 01:48:27.047351 28185 slave.cpp:2508] Handling status update TASK_FINISHED (UUID: 038ee071-f3c0-4562-bf05-f842f44a4a49) for task 1450489680033-www-data-devel-job15-0-6472d291-6d5b-4796-8cff-def4f761cbb1 of framework 20151219-012848-50331658-5050-16921-0000 from executor(1)@10.0.0.6:43552
I1219 01:48:27.048462 28190 status_update_manager.cpp:317] Received status update TASK_FINISHED (UUID: 038ee071-f3c0-4562-bf05-f842f44a4a49) for task 1450489680033-www-data-devel-job15-0-6472d291-6d5b-4796-8cff-def4f761cbb1 of framework 20151219-012848-50331658-5050-16921-0000
I1219 01:48:27.048563 28190 status_update_manager.hpp:346] Checkpointing UPDATE for status update TASK_FINISHED (UUID: 038ee071-f3c0-4562-bf05-f842f44a4a49) for task 1450489680033-www-data-devel-job15-0-6472d291-6d5b-4796-8cff-def4f761cbb1 of framework 20151219-012848-50331658-5050-16921-0000
I1219 01:48:27.053609 28195 slave.cpp:2753] Forwarding the update TASK_FINISHED (UUID: 038ee071-f3c0-4562-bf05-f842f44a4a49) for task 1450489680033-www-data-devel-job15-0-6472d291-6d5b-4796-8cff-def4f761cbb1 of framework 20151219-012848-50331658-5050-16921-0000 to master@10.0.0.3:5050
I1219 01:48:27.053736 28195 slave.cpp:2686] Sending acknowledgement for status update TASK_FINISHED (UUID: 038ee071-f3c0-4562-bf05-f842f44a4a49) for task 1450489680033-www-data-devel-job15-0-6472d291-6d5b-4796-8cff-def4f761cbb1 of framework 20151219-012848-50331658-5050-16921-0000 to executor(1)@10.0.0.6:43552
I1219 01:48:27.064596 28190 status_update_manager.cpp:389] Received status update acknowledgement (UUID: 038ee071-f3c0-4562-bf05-f842f44a4a49) for task 1450489680033-www-data-devel-job15-0-6472d291-6d5b-4796-8cff-def4f761cbb1 of framework 20151219-012848-50331658-5050-16921-0000
I1219 01:48:27.064637 28190 status_update_manager.hpp:346] Checkpointing ACK for status update TASK_FINISHED (UUID: 038ee071-f3c0-4562-bf05-f842f44a4a49) for task 1450489680033-www-data-devel-job15-0-6472d291-6d5b-4796-8cff-def4f761cbb1 of framework 20151219-012848-50331658-5050-16921-0000
I1219 01:48:32.173372 28184 containerizer.cpp:1111] Executor for container 'e9b88e5b-e6ac-4d3e-a882-b7ac91244963' has exited
I1219 01:48:32.173475 28184 containerizer.cpp:906] Destroying container 'e9b88e5b-e6ac-4d3e-a882-b7ac91244963'
I1219 01:48:32.174899 28186 slave.cpp:3193] Executor 'thermos-1450489680033-www-data-devel-job15-0-6472d291-6d5b-4796-8cff-def4f761cbb1' of framework 20151219-012848-50331658-5050-16921-0000 exited with status 0
I1219 01:48:32.175125 28186 slave.cpp:3302] Cleaning up executor 'thermos-1450489680033-www-data-devel-job15-0-6472d291-6d5b-4796-8cff-def4f761cbb1' of framework 20151219-012848-50331658-5050-16921-0000
I1219 01:48:32.175447 28191 gc.cpp:56] Scheduling '/var/lib/mesos/slave/slaves/20151219-012848-50331658-5050-16921-S2/frameworks/20151219-012848-50331658-5050-16921-0000/executors/thermos-1450489680033-www-data-devel-job15-0-6472d291-6d5b-4796-8cff-def4f761cbb1/runs/e9b88e5b-e6ac-4d3e-a882-b7ac91244963' for gc 6.99999797days in the future
I1219 01:48:32.175516 28191 gc.cpp:56] Scheduling '/var/lib/mesos/slave/slaves/20151219-012848-50331658-5050-16921-S2/frameworks/20151219-012848-50331658-5050-16921-0000/executors/thermos-1450489680033-www-data-devel-job15-0-6472d291-6d5b-4796-8cff-def4f761cbb1' for gc 6.9999979690637days in the future
I1219 01:48:32.175576 28191 gc.cpp:56] Scheduling '/var/lib/mesos/slave/meta/slaves/20151219-012848-50331658-5050-16921-S2/frameworks/20151219-012848-50331658-5050-16921-0000/executors/thermos-1450489680033-www-data-devel-job15-0-6472d291-6d5b-4796-8cff-def4f761cbb1/runs/e9b88e5b-e6ac-4d3e-a882-b7ac91244963' for gc 6.99999796837926days in the future
I1219 01:48:32.175604 28186 slave.cpp:3381] Cleaning up framework 20151219-012848-50331658-5050-16921-0000
I1219 01:48:32.175642 28191 gc.cpp:56] Scheduling '/var/lib/mesos/slave/meta/slaves/20151219-012848-50331658-5050-16921-S2/frameworks/20151219-012848-50331658-5050-16921-0000/executors/thermos-1450489680033-www-data-devel-job15-0-6472d291-6d5b-4796-8cff-def4f761cbb1' for gc 6.99999796766222days in the future
I1219 01:48:32.175778 28195 status_update_manager.cpp:279] Closing status update streams for framework 20151219-012848-50331658-5050-16921-0000
I1219 01:48:32.175827 28190 gc.cpp:56] Scheduling '/var/lib/mesos/slave/slaves/20151219-012848-50331658-5050-16921-S2/frameworks/20151219-012848-50331658-5050-16921-0000' for gc 6.99999796550815days in the future
I1219 01:48:32.175901 28190 gc.cpp:56] Scheduling '/var/lib/mesos/slave/meta/slaves/20151219-012848-50331658-5050-16921-S2/frameworks/20151219-012848-50331658-5050-16921-0000' for gc 6.99999796462815days in the future
I1219 01:48:33.062229 28192 slave.cpp:3534] Framework 20151219-012848-50331658-5050-16921-0000 seems to have exited. Ignoring registration timeout for executor 'thermos-1450489620046-www-data-devel-job7-0-6338e449-918f-4801-a0ae-db4df30b1c4a'
I1219 01:48:54.152604 28185 slave.cpp:3618] Current disk usage 79.09%. Max allowed age: 18.334250617209445hrs
I1219 01:49:00.149533 28183 slave.cpp:1121] Got assigned task 1450489740002-www-data-devel-job14-0-c4428674-17e3-4cef-bcf3-69d5b1aa6509 for framework 20151219-012848-50331658-5050-16921-0000
I1219 01:49:00.150434 28183 gc.cpp:84] Unscheduling '/var/lib/mesos/slave/slaves/20151219-012848-50331658-5050-16921-S2/frameworks/20151219-012848-50331658-5050-16921-0000' from gc
I1219 01:49:00.150535 28184 gc.cpp:84] Unscheduling '/var/lib/mesos/slave/meta/slaves/20151219-012848-50331658-5050-16921-S2/frameworks/20151219-012848-50331658-5050-16921-0000' from gc
I1219 01:49:00.150661 28186 slave.cpp:1231] Launching task 1450489740002-www-data-devel-job14-0-c4428674-17e3-4cef-bcf3-69d5b1aa6509 for framework 20151219-012848-50331658-5050-16921-0000
I1219 01:49:00.153295 28186 slave.cpp:4160] Launching executor thermos-1450489740002-www-data-devel-job14-0-c4428674-17e3-4cef-bcf3-69d5b1aa6509 of framework 20151219-012848-50331658-5050-16921-0000 in work directory '/var/lib/mesos/slave/slaves/20151219-012848-50331658-5050-16921-S2/frameworks/20151219-012848-50331658-5050-16921-0000/executors/thermos-1450489740002-www-data-devel-job14-0-c4428674-17e3-4cef-bcf3-69d5b1aa6509/runs/57bf7a40-31f9-48dd-91b8-8474974bfbf7'
I1219 01:49:00.153470 28182 containerizer.cpp:472] Starting container '57bf7a40-31f9-48dd-91b8-8474974bfbf7' for executor 'thermos-1450489740002-www-data-devel-job14-0-c4428674-17e3-4cef-bcf3-69d5b1aa6509' of framework '20151219-012848-50331658-5050-16921-0000'
I1219 01:49:00.154978 28190 launcher.cpp:130] Forked child with pid '30141' for container '57bf7a40-31f9-48dd-91b8-8474974bfbf7'
I1219 01:49:00.155015 28186 slave.cpp:1378] Queuing task '1450489740002-www-data-devel-job14-0-c4428674-17e3-4cef-bcf3-69d5b1aa6509' for executor thermos-1450489740002-www-data-devel-job14-0-c4428674-17e3-4cef-bcf3-69d5b1aa6509 of framework '20151219-012848-50331658-5050-16921-0000
I1219 01:49:00.155903 28190 containerizer.cpp:682] Checkpointing executor's forked pid 30141 to '/var/lib/mesos/slave/meta/slaves/20151219-012848-50331658-5050-16921-S2/frameworks/20151219-012848-50331658-5050-16921-0000/executors/thermos-1450489740002-www-data-devel-job14-0-c4428674-17e3-4cef-bcf3-69d5b1aa6509/runs/57bf7a40-31f9-48dd-91b8-8474974bfbf7/pids/forked.pid'
I1219 01:49:00.159559 28188 fetcher.cpp:238] Fetching URIs using command '/usr/libexec/mesos/mesos-fetcher'
I1219 01:49:00.298643 28189 slave.cpp:3135] Monitoring executor 'thermos-1450489740002-www-data-devel-job14-0-c4428674-17e3-4cef-bcf3-69d5b1aa6509' of framework '20151219-012848-50331658-5050-16921-0000' in container '57bf7a40-31f9-48dd-91b8-8474974bfbf7'
I1219 01:49:00.807257 28189 slave.cpp:2141] Got registration for executor 'thermos-1450489740002-www-data-devel-job14-0-c4428674-17e3-4cef-bcf3-69d5b1aa6509' of framework 20151219-012848-50331658-5050-16921-0000 from executor(1)@10.0.0.6:45468
I1219 01:49:00.808306 28195 slave.cpp:1532] Sending queued task '1450489740002-www-data-devel-job14-0-c4428674-17e3-4cef-bcf3-69d5b1aa6509' to executor 'thermos-1450489740002-www-data-devel-job14-0-c4428674-17e3-4cef-bcf3-69d5b1aa6509' of framework 20151219-012848-50331658-5050-16921-0000
I1219 01:49:00.813854 28183 slave.cpp:2508] Handling status update TASK_STARTING (UUID: e5fe1c93-8dd3-4a1d-a33b-b07754e2259e) for task 1450489740002-www-data-devel-job14-0-c4428674-17e3-4cef-bcf3-69d5b1aa6509 of framework 20151219-012848-50331658-5050-16921-0000 from executor(1)@10.0.0.6:45468
I1219 01:49:00.814013 28183 status_update_manager.cpp:317] Received status update TASK_STARTING (UUID: e5fe1c93-8dd3-4a1d-a33b-b07754e2259e) for task 1450489740002-www-data-devel-job14-0-c4428674-17e3-4cef-bcf3-69d5b1aa6509 of framework 20151219-012848-50331658-5050-16921-0000
I1219 01:49:00.814362 28183 status_update_manager.hpp:346] Checkpointing UPDATE for status update TASK_STARTING (UUID: e5fe1c93-8dd3-4a1d-a33b-b07754e2259e) for task 1450489740002-www-data-devel-job14-0-c4428674-17e3-4cef-bcf3-69d5b1aa6509 of framework 20151219-012848-50331658-5050-16921-0000
I1219 01:49:00.818769 28183 slave.cpp:2753] Forwarding the update TASK_STARTING (UUID: e5fe1c93-8dd3-4a1d-a33b-b07754e2259e) for task 1450489740002-www-data-devel-job14-0-c4428674-17e3-4cef-bcf3-69d5b1aa6509 of framework 20151219-012848-50331658-5050-16921-0000 to master@10.0.0.3:5050
I1219 01:49:00.818872 28183 slave.cpp:2686] Sending acknowledgement for status update TASK_STARTING (UUID: e5fe1c93-8dd3-4a1d-a33b-b07754e2259e) for task 1450489740002-www-data-devel-job14-0-c4428674-17e3-4cef-bcf3-69d5b1aa6509 of framework 20151219-012848-50331658-5050-16921-0000 to executor(1)@10.0.0.6:45468
I1219 01:49:00.827760 28196 status_update_manager.cpp:389] Received status update acknowledgement (UUID: e5fe1c93-8dd3-4a1d-a33b-b07754e2259e) for task 1450489740002-www-data-devel-job14-0-c4428674-17e3-4cef-bcf3-69d5b1aa6509 of framework 20151219-012848-50331658-5050-16921-0000
I1219 01:49:00.827837 28196 status_update_manager.hpp:346] Checkpointing ACK for status update TASK_STARTING (UUID: e5fe1c93-8dd3-4a1d-a33b-b07754e2259e) for task 1450489740002-www-data-devel-job14-0-c4428674-17e3-4cef-bcf3-69d5b1aa6509 of framework 20151219-012848-50331658-5050-16921-0000
I1219 01:49:01.395619 28189 slave.cpp:2508] Handling status update TASK_RUNNING (UUID: a1101f94-0186-4a92-8aff-f1c17726ce7e) for task 1450489740002-www-data-devel-job14-0-c4428674-17e3-4cef-bcf3-69d5b1aa6509 of framework 20151219-012848-50331658-5050-16921-0000 from executor(1)@10.0.0.6:45468
I1219 01:49:01.395786 28184 status_update_manager.cpp:317] Received status update TASK_RUNNING (UUID: a1101f94-0186-4a92-8aff-f1c17726ce7e) for task 1450489740002-www-data-devel-job14-0-c4428674-17e3-4cef-bcf3-69d5b1aa6509 of framework 20151219-012848-50331658-5050-16921-0000
I1219 01:49:01.395846 28184 status_update_manager.hpp:346] Checkpointing UPDATE for status update TASK_RUNNING (UUID: a1101f94-0186-4a92-8aff-f1c17726ce7e) for task 1450489740002-www-data-devel-job14-0-c4428674-17e3-4cef-bcf3-69d5b1aa6509 of framework 20151219-012848-50331658-5050-16921-0000
I1219 01:49:01.399515 28189 slave.cpp:2753] Forwarding the update TASK_RUNNING (UUID: a1101f94-0186-4a92-8aff-f1c17726ce7e) for task 1450489740002-www-data-devel-job14-0-c4428674-17e3-4cef-bcf3-69d5b1aa6509 of framework 20151219-012848-50331658-5050-16921-0000 to master@10.0.0.3:5050
I1219 01:49:01.399605 28189 slave.cpp:2686] Sending acknowledgement for status update TASK_RUNNING (UUID: a1101f94-0186-4a92-8aff-f1c17726ce7e) for task 1450489740002-www-data-devel-job14-0-c4428674-17e3-4cef-bcf3-69d5b1aa6509 of framework 20151219-012848-50331658-5050-16921-0000 to executor(1)@10.0.0.6:45468
I1219 01:49:01.407502 28190 status_update_manager.cpp:389] Received status update acknowledgement (UUID: a1101f94-0186-4a92-8aff-f1c17726ce7e) for task 1450489740002-www-data-devel-job14-0-c4428674-17e3-4cef-bcf3-69d5b1aa6509 of framework 20151219-012848-50331658-5050-16921-0000
I1219 01:49:01.407551 28190 status_update_manager.hpp:346] Checkpointing ACK for status update TASK_RUNNING (UUID: a1101f94-0186-4a92-8aff-f1c17726ce7e) for task 1450489740002-www-data-devel-job14-0-c4428674-17e3-4cef-bcf3-69d5b1aa6509 of framework 20151219-012848-50331658-5050-16921-0000
I1219 01:49:04.542150 28189 slave.cpp:2508] Handling status update TASK_FINISHED (UUID: 274229a6-a9ad-4bbb-b311-44b38a5b859a) for task 1450489740002-www-data-devel-job14-0-c4428674-17e3-4cef-bcf3-69d5b1aa6509 of framework 20151219-012848-50331658-5050-16921-0000 from executor(1)@10.0.0.6:45468
I1219 01:49:04.543149 28188 status_update_manager.cpp:317] Received status update TASK_FINISHED (UUID: 274229a6-a9ad-4bbb-b311-44b38a5b859a) for task 1450489740002-www-data-devel-job14-0-c4428674-17e3-4cef-bcf3-69d5b1aa6509 of framework 20151219-012848-50331658-5050-16921-0000
I1219 01:49:04.543243 28188 status_update_manager.hpp:346] Checkpointing UPDATE for status update TASK_FINISHED (UUID: 274229a6-a9ad-4bbb-b311-44b38a5b859a) for task 1450489740002-www-data-devel-job14-0-c4428674-17e3-4cef-bcf3-69d5b1aa6509 of framework 20151219-012848-50331658-5050-16921-0000
I1219 01:49:04.547955 28196 slave.cpp:2753] Forwarding the update TASK_FINISHED (UUID: 274229a6-a9ad-4bbb-b311-44b38a5b859a) for task 1450489740002-www-data-devel-job14-0-c4428674-17e3-4cef-bcf3-69d5b1aa6509 of framework 20151219-012848-50331658-5050-16921-0000 to master@10.0.0.3:5050
I1219 01:49:04.548099 28196 slave.cpp:2686] Sending acknowledgement for status update TASK_FINISHED (UUID: 274229a6-a9ad-4bbb-b311-44b38a5b859a) for task 1450489740002-www-data-devel-job14-0-c4428674-17e3-4cef-bcf3-69d5b1aa6509 of framework 20151219-012848-50331658-5050-16921-0000 to executor(1)@10.0.0.6:45468
I1219 01:49:04.558585 28190 status_update_manager.cpp:389] Received status update acknowledgement (UUID: 274229a6-a9ad-4bbb-b311-44b38a5b859a) for task 1450489740002-www-data-devel-job14-0-c4428674-17e3-4cef-bcf3-69d5b1aa6509 of framework 20151219-012848-50331658-5050-16921-0000
I1219 01:49:04.558636 28190 status_update_manager.hpp:346] Checkpointing ACK for status update TASK_FINISHED (UUID: 274229a6-a9ad-4bbb-b311-44b38a5b859a) for task 1450489740002-www-data-devel-job14-0-c4428674-17e3-4cef-bcf3-69d5b1aa6509 of framework 20151219-012848-50331658-5050-16921-0000
I1219 01:49:05.854212 28190 slave.cpp:1121] Got assigned task 1450489740224-www-data-devel-job13-0-612373de-45f0-4c75-b3fd-158ee069cf0a for framework 20151219-012848-50331658-5050-16921-0000
I1219 01:49:05.854558 28190 slave.cpp:1231] Launching task 1450489740224-www-data-devel-job13-0-612373de-45f0-4c75-b3fd-158ee069cf0a for framework 20151219-012848-50331658-5050-16921-0000
I1219 01:49:05.859216 28190 slave.cpp:4160] Launching executor thermos-1450489740224-www-data-devel-job13-0-612373de-45f0-4c75-b3fd-158ee069cf0a of framework 20151219-012848-50331658-5050-16921-0000 in work directory '/var/lib/mesos/slave/slaves/20151219-012848-50331658-5050-16921-S2/frameworks/20151219-012848-50331658-5050-16921-0000/executors/thermos-1450489740224-www-data-devel-job13-0-612373de-45f0-4c75-b3fd-158ee069cf0a/runs/fdf9cd3b-1ac3-40d9-9769-57ce7b61731f'
I1219 01:49:05.859396 28188 containerizer.cpp:472] Starting container 'fdf9cd3b-1ac3-40d9-9769-57ce7b61731f' for executor 'thermos-1450489740224-www-data-devel-job13-0-612373de-45f0-4c75-b3fd-158ee069cf0a' of framework '20151219-012848-50331658-5050-16921-0000'
I1219 01:49:05.861109 28190 slave.cpp:1378] Queuing task '1450489740224-www-data-devel-job13-0-612373de-45f0-4c75-b3fd-158ee069cf0a' for executor thermos-1450489740224-www-data-devel-job13-0-612373de-45f0-4c75-b3fd-158ee069cf0a of framework '20151219-012848-50331658-5050-16921-0000
I1219 01:49:05.861171 28188 launcher.cpp:130] Forked child with pid '30198' for container 'fdf9cd3b-1ac3-40d9-9769-57ce7b61731f'
I1219 01:49:05.861515 28188 containerizer.cpp:682] Checkpointing executor's forked pid 30198 to '/var/lib/mesos/slave/meta/slaves/20151219-012848-50331658-5050-16921-S2/frameworks/20151219-012848-50331658-5050-16921-0000/executors/thermos-1450489740224-www-data-devel-job13-0-612373de-45f0-4c75-b3fd-158ee069cf0a/runs/fdf9cd3b-1ac3-40d9-9769-57ce7b61731f/pids/forked.pid'
I1219 01:49:05.866091 28182 fetcher.cpp:238] Fetching URIs using command '/usr/libexec/mesos/mesos-fetcher'
