I1210 22:10:22.285135  7064 hierarchical.hpp:648] Recovered cpus(*):0.001; mem(*):1; disk(*):1 (total allocatable: cpus(*):0.002; mem(*):2; disk(*):2) on slave 20151210-220817-50331658-5050-7060-S1 from framework 20151210-214154-50331658-5050-6563-0000
I1210 22:10:22.301292  7064 master.cpp:4685] Removing task ct:1449785410689:0:3: with resources cpus(*):0.001; mem(*):1; disk(*):1 of framework 20151210-214154-50331658-5050-6563-0000 on slave 20151210-220817-50331658-5050-7060-S1 at slave(1)@10.0.0.6:5051 (n5)
I1210 22:10:22.308763  7064 master.cpp:2782] Forwarding status update acknowledgement d5a0f36a-36c4-4a63-bb75-b64d64621330 for task ct:1449785410689:0:3: of framework 20151210-214154-50331658-5050-6563-0000 (chronos-2.3.4) at scheduler-f67ddb74-56cd-49d4-8d92-972e5f241df2@10.0.0.3:47306 to slave 20151210-220817-50331658-5050-7060-S1 at slave(1)@10.0.0.6:5051 (n5)
I1210 22:10:22.935487  7066 hierarchical.hpp:834] No resources available to allocate!
I1210 22:10:22.935598  7066 hierarchical.hpp:741] Performed allocation for 2 slaves in 187292ns
I1210 22:10:23.936493  7062 hierarchical.hpp:834] No resources available to allocate!
I1210 22:10:23.936606  7062 hierarchical.hpp:741] Performed allocation for 2 slaves in 189558ns
I1210 22:10:24.212221  7061 master.cpp:3295] Status update TASK_FINISHED (UUID: eb8678ef-1e75-46b8-a2b3-c9edf154c3ec) for task ct:1449785413133:0:23: of framework 20151210-214154-50331658-5050-6563-0000 from slave 20151210-220817-50331658-5050-7060-S1 at slave(1)@10.0.0.6:5051 (n5)
I1210 22:10:24.212309  7061 master.cpp:3336] Forwarding status update TASK_FINISHED (UUID: eb8678ef-1e75-46b8-a2b3-c9edf154c3ec) for task ct:1449785413133:0:23: of framework 20151210-214154-50331658-5050-6563-0000
I1210 22:10:24.212368  7061 master.cpp:4618] Updating the latest state of task ct:1449785413133:0:23: of framework 20151210-214154-50331658-5050-6563-0000 to TASK_FINISHED
I1210 22:10:24.212430  7061 hierarchical.hpp:648] Recovered cpus(*):0.001; mem(*):1; disk(*):1 (total allocatable: cpus(*):0.003; mem(*):3; disk(*):3) on slave 20151210-220817-50331658-5050-7060-S1 from framework 20151210-214154-50331658-5050-6563-0000
I1210 22:10:24.226261  7061 master.cpp:4685] Removing task ct:1449785413133:0:23: with resources cpus(*):0.001; mem(*):1; disk(*):1 of framework 20151210-214154-50331658-5050-6563-0000 on slave 20151210-220817-50331658-5050-7060-S1 at slave(1)@10.0.0.6:5051 (n5)
I1210 22:10:24.226336  7061 master.cpp:2782] Forwarding status update acknowledgement eb8678ef-1e75-46b8-a2b3-c9edf154c3ec for task ct:1449785413133:0:23: of framework 20151210-214154-50331658-5050-6563-0000 (chronos-2.3.4) at scheduler-f67ddb74-56cd-49d4-8d92-972e5f241df2@10.0.0.3:47306 to slave 20151210-220817-50331658-5050-7060-S1 at slave(1)@10.0.0.6:5051 (n5)
I1210 22:10:24.937505  7061 hierarchical.hpp:834] No resources available to allocate!
I1210 22:10:24.937628  7061 hierarchical.hpp:741] Performed allocation for 2 slaves in 200554ns
I1210 22:10:25.938755  7068 hierarchical.hpp:834] No resources available to allocate!
I1210 22:10:25.938838  7068 hierarchical.hpp:741] Performed allocation for 2 slaves in 175504ns
I1210 22:10:26.084575  7068 master.cpp:3295] Status update TASK_FINISHED (UUID: 7e319250-06f8-4b5a-9224-27f3770e48cc) for task ct:1449785416798:0:17: of framework 20151210-214154-50331658-5050-6563-0000 from slave 20151210-220817-50331658-5050-7060-S1 at slave(1)@10.0.0.6:5051 (n5)
I1210 22:10:26.084619  7068 master.cpp:3336] Forwarding status update TASK_FINISHED (UUID: 7e319250-06f8-4b5a-9224-27f3770e48cc) for task ct:1449785416798:0:17: of framework 20151210-214154-50331658-5050-6563-0000
I1210 22:10:26.084681  7068 master.cpp:4618] Updating the latest state of task ct:1449785416798:0:17: of framework 20151210-214154-50331658-5050-6563-0000 to TASK_FINISHED
I1210 22:10:26.084748  7068 hierarchical.hpp:648] Recovered cpus(*):0.001; mem(*):1; disk(*):1 (total allocatable: cpus(*):0.004; mem(*):4; disk(*):4) on slave 20151210-220817-50331658-5050-7060-S1 from framework 20151210-214154-50331658-5050-6563-0000
I1210 22:10:26.103495  7068 master.cpp:4685] Removing task ct:1449785416798:0:17: with resources cpus(*):0.001; mem(*):1; disk(*):1 of framework 20151210-214154-50331658-5050-6563-0000 on slave 20151210-220817-50331658-5050-7060-S1 at slave(1)@10.0.0.6:5051 (n5)
I1210 22:10:26.103570  7068 master.cpp:2782] Forwarding status update acknowledgement 7e319250-06f8-4b5a-9224-27f3770e48cc for task ct:1449785416798:0:17: of framework 20151210-214154-50331658-5050-6563-0000 (chronos-2.3.4) at scheduler-f67ddb74-56cd-49d4-8d92-972e5f241df2@10.0.0.3:47306 to slave 20151210-220817-50331658-5050-7060-S1 at slave(1)@10.0.0.6:5051 (n5)
I1210 22:10:26.940006  7065 hierarchical.hpp:834] No resources available to allocate!
I1210 22:10:26.940145  7065 hierarchical.hpp:741] Performed allocation for 2 slaves in 243244ns
I1210 22:10:27.940531  7067 hierarchical.hpp:834] No resources available to allocate!
I1210 22:10:27.940611  7067 hierarchical.hpp:741] Performed allocation for 2 slaves in 169099ns
I1210 22:10:28.941180  7067 hierarchical.hpp:834] No resources available to allocate!
I1210 22:10:28.941313  7067 hierarchical.hpp:741] Performed allocation for 2 slaves in 219490ns
I1210 22:10:29.941687  7063 hierarchical.hpp:834] No resources available to allocate!
I1210 22:10:29.941830  7063 hierarchical.hpp:741] Performed allocation for 2 slaves in 247524ns
I1210 22:10:30.942606  7064 hierarchical.hpp:834] No resources available to allocate!
I1210 22:10:30.942688  7064 hierarchical.hpp:741] Performed allocation for 2 slaves in 173851ns
I1210 22:10:31.943356  7064 hierarchical.hpp:834] No resources available to allocate!
I1210 22:10:31.943492  7064 hierarchical.hpp:741] Performed allocation for 2 slaves in 241582ns
I1210 22:10:32.944308  7066 hierarchical.hpp:834] No resources available to allocate!
I1210 22:10:32.944823  7066 hierarchical.hpp:741] Performed allocation for 2 slaves in 690927ns
I1210 22:10:33.945881  7062 hierarchical.hpp:834] No resources available to allocate!
I1210 22:10:33.946030  7062 hierarchical.hpp:741] Performed allocation for 2 slaves in 235777ns
I1210 22:10:34.946784  7061 hierarchical.hpp:834] No resources available to allocate!
I1210 22:10:34.946852  7061 hierarchical.hpp:741] Performed allocation for 2 slaves in 145253ns
I1210 22:10:35.947178  7061 hierarchical.hpp:834] No resources available to allocate!
I1210 22:10:35.947290  7061 hierarchical.hpp:741] Performed allocation for 2 slaves in 185228ns
I1210 22:10:36.948365  7068 hierarchical.hpp:834] No resources available to allocate!
I1210 22:10:36.948434  7068 hierarchical.hpp:741] Performed allocation for 2 slaves in 143802ns
I1210 22:10:37.949686  7068 hierarchical.hpp:834] No resources available to allocate!
I1210 22:10:37.949762  7068 hierarchical.hpp:741] Performed allocation for 2 slaves in 168404ns
I1210 22:10:38.950189  7068 hierarchical.hpp:834] No resources available to allocate!
I1210 22:10:38.950459  7068 hierarchical.hpp:741] Performed allocation for 2 slaves in 357198ns
I1210 22:10:39.950824  7065 hierarchical.hpp:834] No resources available to allocate!
I1210 22:10:39.950903  7065 hierarchical.hpp:741] Performed allocation for 2 slaves in 167678ns
I1210 22:10:40.951442  7065 hierarchical.hpp:834] No resources available to allocate!
I1210 22:10:40.951524  7065 hierarchical.hpp:741] Performed allocation for 2 slaves in 171607ns
I1210 22:10:41.951968  7065 hierarchical.hpp:834] No resources available to allocate!
I1210 22:10:41.952035  7065 hierarchical.hpp:741] Performed allocation for 2 slaves in 139252ns
I1210 22:10:42.952280  7065 hierarchical.hpp:834] No resources available to allocate!
I1210 22:10:42.952344  7065 hierarchical.hpp:741] Performed allocation for 2 slaves in 137768ns
I1210 22:10:43.925973  7065 hierarchical.hpp:648] Recovered cpus(*):1; mem(*):2927; disk(*):33172; ports(*):[31000-32000] (total allocatable: cpus(*):1; mem(*):2927; disk(*):33172; ports(*):[31000-32000]) on slave 20151210-220817-50331658-5050-7060-S0 from framework 20151210-213335-67108874-5050-4921-0000
I1210 22:10:43.953335  7065 hierarchical.hpp:741] Performed allocation for 2 slaves in 131984ns
I1210 22:10:43.953500  7067 master.cpp:3755] Sending 1 offers to framework 20151210-214154-50331658-5050-6563-0000 (chronos-2.3.4) at scheduler-f67ddb74-56cd-49d4-8d92-972e5f241df2@10.0.0.3:47306
I1210 22:10:44.044889  7063 master.cpp:2268] Processing ACCEPT call for offers: [ 20151210-220817-50331658-5050-7060-O42 ] on slave 20151210-220817-50331658-5050-7060-S0 at slave(1)@10.0.0.5:5051 (n4) for framework 20151210-214154-50331658-5050-6563-0000 (chronos-2.3.4) at scheduler-f67ddb74-56cd-49d4-8d92-972e5f241df2@10.0.0.3:47306
I1210 22:10:44.046049  7063 master.hpp:822] Adding task ct:1449785418946:0:35: with resources cpus(*):0.001; mem(*):1; disk(*):1 on slave 20151210-220817-50331658-5050-7060-S0 (n4)
I1210 22:10:44.046119  7063 master.cpp:2545] Launching task ct:1449785418946:0:35: of framework 20151210-214154-50331658-5050-6563-0000 (chronos-2.3.4) at scheduler-f67ddb74-56cd-49d4-8d92-972e5f241df2@10.0.0.3:47306 with resources cpus(*):0.001; mem(*):1; disk(*):1 on slave 20151210-220817-50331658-5050-7060-S0 at slave(1)@10.0.0.5:5051 (n4)
I1210 22:10:44.050178  7063 master.hpp:822] Adding task ct:1449785420292:0:27: with resources cpus(*):0.001; mem(*):1; disk(*):1 on slave 20151210-220817-50331658-5050-7060-S0 (n4)
I1210 22:10:44.051241  7063 master.cpp:2545] Launching task ct:1449785420292:0:27: of framework 20151210-214154-50331658-5050-6563-0000 (chronos-2.3.4) at scheduler-f67ddb74-56cd-49d4-8d92-972e5f241df2@10.0.0.3:47306 with resources cpus(*):0.001; mem(*):1; disk(*):1 on slave 20151210-220817-50331658-5050-7060-S0 at slave(1)@10.0.0.5:5051 (n4)
I1210 22:10:44.051523  7063 master.hpp:822] Adding task ct:1449785422047:0:37: with resources cpus(*):0.001; mem(*):1; disk(*):1 on slave 20151210-220817-50331658-5050-7060-S0 (n4)
I1210 22:10:44.051548  7063 master.cpp:2545] Launching task ct:1449785422047:0:37: of framework 20151210-214154-50331658-5050-6563-0000 (chronos-2.3.4) at scheduler-f67ddb74-56cd-49d4-8d92-972e5f241df2@10.0.0.3:47306 with resources cpus(*):0.001; mem(*):1; disk(*):1 on slave 20151210-220817-50331658-5050-7060-S0 at slave(1)@10.0.0.5:5051 (n4)
I1210 22:10:44.051791  7063 master.hpp:822] Adding task ct:1449785425328:0:29: with resources cpus(*):0.001; mem(*):1; disk(*):1 on slave 20151210-220817-50331658-5050-7060-S0 (n4)
I1210 22:10:44.051817  7063 master.cpp:2545] Launching task ct:1449785425328:0:29: of framework 20151210-214154-50331658-5050-6563-0000 (chronos-2.3.4) at scheduler-f67ddb74-56cd-49d4-8d92-972e5f241df2@10.0.0.3:47306 with resources cpus(*):0.001; mem(*):1; disk(*):1 on slave 20151210-220817-50331658-5050-7060-S0 at slave(1)@10.0.0.5:5051 (n4)
I1210 22:10:44.052021  7063 master.hpp:822] Adding task ct:1449785428073:0:20: with resources cpus(*):0.001; mem(*):1; disk(*):1 on slave 20151210-220817-50331658-5050-7060-S0 (n4)
I1210 22:10:44.052044  7063 master.cpp:2545] Launching task ct:1449785428073:0:20: of framework 20151210-214154-50331658-5050-6563-0000 (chronos-2.3.4) at scheduler-f67ddb74-56cd-49d4-8d92-972e5f241df2@10.0.0.3:47306 with resources cpus(*):0.001; mem(*):1; disk(*):1 on slave 20151210-220817-50331658-5050-7060-S0 at slave(1)@10.0.0.5:5051 (n4)
I1210 22:10:44.053728  7063 master.hpp:822] Adding task ct:1449785428527:0:15: with resources cpus(*):0.001; mem(*):1; disk(*):1 on slave 20151210-220817-50331658-5050-7060-S0 (n4)
I1210 22:10:44.053763  7063 master.cpp:2545] Launching task ct:1449785428527:0:15: of framework 20151210-214154-50331658-5050-6563-0000 (chronos-2.3.4) at scheduler-f67ddb74-56cd-49d4-8d92-972e5f241df2@10.0.0.3:47306 with resources cpus(*):0.001; mem(*):1; disk(*):1 on slave 20151210-220817-50331658-5050-7060-S0 at slave(1)@10.0.0.5:5051 (n4)
I1210 22:10:44.053972  7063 master.hpp:822] Adding task ct:1449785429945:0:22: with resources cpus(*):0.001; mem(*):1; disk(*):1 on slave 20151210-220817-50331658-5050-7060-S0 (n4)
I1210 22:10:44.053995  7063 master.cpp:2545] Launching task ct:1449785429945:0:22: of framework 20151210-214154-50331658-5050-6563-0000 (chronos-2.3.4) at scheduler-f67ddb74-56cd-49d4-8d92-972e5f241df2@10.0.0.3:47306 with resources cpus(*):0.001; mem(*):1; disk(*):1 on slave 20151210-220817-50331658-5050-7060-S0 at slave(1)@10.0.0.5:5051 (n4)
I1210 22:10:44.054194  7063 master.hpp:822] Adding task ct:1449785430464:0:13: with resources cpus(*):0.001; mem(*):1; disk(*):1 on slave 20151210-220817-50331658-5050-7060-S0 (n4)
I1210 22:10:44.054222  7063 master.cpp:2545] Launching task ct:1449785430464:0:13: of framework 20151210-214154-50331658-5050-6563-0000 (chronos-2.3.4) at scheduler-f67ddb74-56cd-49d4-8d92-972e5f241df2@10.0.0.3:47306 with resources cpus(*):0.001; mem(*):1; disk(*):1 on slave 20151210-220817-50331658-5050-7060-S0 at slave(1)@10.0.0.5:5051 (n4)
I1210 22:10:44.054430  7063 master.hpp:822] Adding task ct:1449785430875:0:6: with resources cpus(*):0.001; mem(*):1; disk(*):1 on slave 20151210-220817-50331658-5050-7060-S0 (n4)
I1210 22:10:44.054456  7063 master.cpp:2545] Launching task ct:1449785430875:0:6: of framework 20151210-214154-50331658-5050-6563-0000 (chronos-2.3.4) at scheduler-f67ddb74-56cd-49d4-8d92-972e5f241df2@10.0.0.3:47306 with resources cpus(*):0.001; mem(*):1; disk(*):1 on slave 20151210-220817-50331658-5050-7060-S0 at slave(1)@10.0.0.5:5051 (n4)
I1210 22:10:44.054644  7063 master.hpp:822] Adding task ct:1449785430997:0:2: with resources cpus(*):0.001; mem(*):1; disk(*):1 on slave 20151210-220817-50331658-5050-7060-S0 (n4)
I1210 22:10:44.054666  7063 master.cpp:2545] Launching task ct:1449785430997:0:2: of framework 20151210-214154-50331658-5050-6563-0000 (chronos-2.3.4) at scheduler-f67ddb74-56cd-49d4-8d92-972e5f241df2@10.0.0.3:47306 with resources cpus(*):0.001; mem(*):1; disk(*):1 on slave 20151210-220817-50331658-5050-7060-S0 at slave(1)@10.0.0.5:5051 (n4)
I1210 22:10:44.054852  7063 master.hpp:822] Adding task ct:1449785433055:0:31: with resources cpus(*):0.001; mem(*):1; disk(*):1 on slave 20151210-220817-50331658-5050-7060-S0 (n4)
I1210 22:10:44.054905  7063 master.cpp:2545] Launching task ct:1449785433055:0:31: of framework 20151210-214154-50331658-5050-6563-0000 (chronos-2.3.4) at scheduler-f67ddb74-56cd-49d4-8d92-972e5f241df2@10.0.0.3:47306 with resources cpus(*):0.001; mem(*):1; disk(*):1 on slave 20151210-220817-50331658-5050-7060-S0 at slave(1)@10.0.0.5:5051 (n4)
I1210 22:10:44.055101  7063 master.hpp:822] Adding task ct:1449785434804:0:4: with resources cpus(*):0.001; mem(*):1; disk(*):1 on slave 20151210-220817-50331658-5050-7060-S0 (n4)
I1210 22:10:44.055122  7063 master.cpp:2545] Launching task ct:1449785434804:0:4: of framework 20151210-214154-50331658-5050-6563-0000 (chronos-2.3.4) at scheduler-f67ddb74-56cd-49d4-8d92-972e5f241df2@10.0.0.3:47306 with resources cpus(*):0.001; mem(*):1; disk(*):1 on slave 20151210-220817-50331658-5050-7060-S0 at slave(1)@10.0.0.5:5051 (n4)
I1210 22:10:44.055330  7063 master.hpp:822] Adding task ct:1449785435333:0:28: with resources cpus(*):0.001; mem(*):1; disk(*):1 on slave 20151210-220817-50331658-5050-7060-S0 (n4)
I1210 22:10:44.056799  7063 master.cpp:2545] Launching task ct:1449785435333:0:28: of framework 20151210-214154-50331658-5050-6563-0000 (chronos-2.3.4) at scheduler-f67ddb74-56cd-49d4-8d92-972e5f241df2@10.0.0.3:47306 with resources cpus(*):0.001; mem(*):1; disk(*):1 on slave 20151210-220817-50331658-5050-7060-S0 at slave(1)@10.0.0.5:5051 (n4)
I1210 22:10:44.057301  7063 master.hpp:822] Adding task ct:1449785436287:0:32: with resources cpus(*):0.001; mem(*):1; disk(*):1 on slave 20151210-220817-50331658-5050-7060-S0 (n4)
I1210 22:10:44.057332  7063 master.cpp:2545] Launching task ct:1449785436287:0:32: of framework 20151210-214154-50331658-5050-6563-0000 (chronos-2.3.4) at scheduler-f67ddb74-56cd-49d4-8d92-972e5f241df2@10.0.0.3:47306 with resources cpus(*):0.001; mem(*):1; disk(*):1 on slave 20151210-220817-50331658-5050-7060-S0 at slave(1)@10.0.0.5:5051 (n4)
I1210 22:10:44.057636  7063 master.hpp:822] Adding task ct:1449785436585:0:1: with resources cpus(*):0.001; mem(*):1; disk(*):1 on slave 20151210-220817-50331658-5050-7060-S0 (n4)
I1210 22:10:44.057660  7063 master.cpp:2545] Launching task ct:1449785436585:0:1: of framework 20151210-214154-50331658-5050-6563-0000 (chronos-2.3.4) at scheduler-f67ddb74-56cd-49d4-8d92-972e5f241df2@10.0.0.3:47306 with resources cpus(*):0.001; mem(*):1; disk(*):1 on slave 20151210-220817-50331658-5050-7060-S0 at slave(1)@10.0.0.5:5051 (n4)
I1210 22:10:44.057870  7063 master.hpp:822] Adding task ct:1449785437188:0:18: with resources cpus(*):0.001; mem(*):1; disk(*):1 on slave 20151210-220817-50331658-5050-7060-S0 (n4)
I1210 22:10:44.058176  7063 master.cpp:2545] Launching task ct:1449785437188:0:18: of framework 20151210-214154-50331658-5050-6563-0000 (chronos-2.3.4) at scheduler-f67ddb74-56cd-49d4-8d92-972e5f241df2@10.0.0.3:47306 with resources cpus(*):0.001; mem(*):1; disk(*):1 on slave 20151210-220817-50331658-5050-7060-S0 at slave(1)@10.0.0.5:5051 (n4)
I1210 22:10:44.058480  7063 master.hpp:822] Adding task ct:1449785439620:0:8: with resources cpus(*):0.001; mem(*):1; disk(*):1 on slave 20151210-220817-50331658-5050-7060-S0 (n4)
I1210 22:10:44.058504  7063 master.cpp:2545] Launching task ct:1449785439620:0:8: of framework 20151210-214154-50331658-5050-6563-0000 (chronos-2.3.4) at scheduler-f67ddb74-56cd-49d4-8d92-972e5f241df2@10.0.0.3:47306 with resources cpus(*):0.001; mem(*):1; disk(*):1 on slave 20151210-220817-50331658-5050-7060-S0 at slave(1)@10.0.0.5:5051 (n4)
I1210 22:10:44.060585  7063 master.hpp:822] Adding task ct:1449785441208:0:30: with resources cpus(*):0.001; mem(*):1; disk(*):1 on slave 20151210-220817-50331658-5050-7060-S0 (n4)
I1210 22:10:44.060612  7063 master.cpp:2545] Launching task ct:1449785441208:0:30: of framework 20151210-214154-50331658-5050-6563-0000 (chronos-2.3.4) at scheduler-f67ddb74-56cd-49d4-8d92-972e5f241df2@10.0.0.3:47306 with resources cpus(*):0.001; mem(*):1; disk(*):1 on slave 20151210-220817-50331658-5050-7060-S0 at slave(1)@10.0.0.5:5051 (n4)
I1210 22:10:44.060817  7063 master.hpp:822] Adding task ct:1449785441595:0:21: with resources cpus(*):0.001; mem(*):1; disk(*):1 on slave 20151210-220817-50331658-5050-7060-S0 (n4)
I1210 22:10:44.060838  7063 master.cpp:2545] Launching task ct:1449785441595:0:21: of framework 20151210-214154-50331658-5050-6563-0000 (chronos-2.3.4) at scheduler-f67ddb74-56cd-49d4-8d92-972e5f241df2@10.0.0.3:47306 with resources cpus(*):0.001; mem(*):1; disk(*):1 on slave 20151210-220817-50331658-5050-7060-S0 at slave(1)@10.0.0.5:5051 (n4)
I1210 22:10:44.060966  7066 hierarchical.hpp:648] Recovered cpus(*):0.981; mem(*):2908; disk(*):33153; ports(*):[31000-32000] (total allocatable: cpus(*):0.981; mem(*):2908; disk(*):33153; ports(*):[31000-32000]) on slave 20151210-220817-50331658-5050-7060-S0 from framework 20151210-214154-50331658-5050-6563-0000
I1210 22:10:44.060987  7066 hierarchical.hpp:684] Framework 20151210-214154-50331658-5050-6563-0000 filtered slave 20151210-220817-50331658-5050-7060-S0 for 5secs
I1210 22:10:44.608577  7062 master.cpp:3295] Status update TASK_RUNNING (UUID: b061268e-5637-41c6-846b-792ef22a39f2) for task ct:1449785418946:0:35: of framework 20151210-214154-50331658-5050-6563-0000 from slave 20151210-220817-50331658-5050-7060-S0 at slave(1)@10.0.0.5:5051 (n4)
I1210 22:10:44.608724  7062 master.cpp:3336] Forwarding status update TASK_RUNNING (UUID: b061268e-5637-41c6-846b-792ef22a39f2) for task ct:1449785418946:0:35: of framework 20151210-214154-50331658-5050-6563-0000
I1210 22:10:44.608786  7062 master.cpp:4618] Updating the latest state of task ct:1449785418946:0:35: of framework 20151210-214154-50331658-5050-6563-0000 to TASK_RUNNING
I1210 22:10:44.609843  7061 master.cpp:2782] Forwarding status update acknowledgement b061268e-5637-41c6-846b-792ef22a39f2 for task ct:1449785418946:0:35: of framework 20151210-214154-50331658-5050-6563-0000 (chronos-2.3.4) at scheduler-f67ddb74-56cd-49d4-8d92-972e5f241df2@10.0.0.3:47306 to slave 20151210-220817-50331658-5050-7060-S0 at slave(1)@10.0.0.5:5051 (n4)
I1210 22:10:44.654268  7061 master.cpp:3295] Status update TASK_RUNNING (UUID: 6b024da2-0fce-4100-a783-476c036e61cd) for task ct:1449785420292:0:27: of framework 20151210-214154-50331658-5050-6563-0000 from slave 20151210-220817-50331658-5050-7060-S0 at slave(1)@10.0.0.5:5051 (n4)
I1210 22:10:44.654351  7061 master.cpp:3336] Forwarding status update TASK_RUNNING (UUID: 6b024da2-0fce-4100-a783-476c036e61cd) for task ct:1449785420292:0:27: of framework 20151210-214154-50331658-5050-6563-0000
I1210 22:10:44.654412  7061 master.cpp:4618] Updating the latest state of task ct:1449785420292:0:27: of framework 20151210-214154-50331658-5050-6563-0000 to TASK_RUNNING
I1210 22:10:44.655446  7068 master.cpp:2782] Forwarding status update acknowledgement 6b024da2-0fce-4100-a783-476c036e61cd for task ct:1449785420292:0:27: of framework 20151210-214154-50331658-5050-6563-0000 (chronos-2.3.4) at scheduler-f67ddb74-56cd-49d4-8d92-972e5f241df2@10.0.0.3:47306 to slave 20151210-220817-50331658-5050-7060-S0 at slave(1)@10.0.0.5:5051 (n4)
I1210 22:10:44.728296  7068 master.cpp:3295] Status update TASK_RUNNING (UUID: 6e726bba-90dc-4bdd-80d8-862a7db73cc7) for task ct:1449785425328:0:29: of framework 20151210-214154-50331658-5050-6563-0000 from slave 20151210-220817-50331658-5050-7060-S0 at slave(1)@10.0.0.5:5051 (n4)
I1210 22:10:44.728612  7068 master.cpp:3336] Forwarding status update TASK_RUNNING (UUID: 6e726bba-90dc-4bdd-80d8-862a7db73cc7) for task ct:1449785425328:0:29: of framework 20151210-214154-50331658-5050-6563-0000
I1210 22:10:44.728710  7068 master.cpp:4618] Updating the latest state of task ct:1449785425328:0:29: of framework 20151210-214154-50331658-5050-6563-0000 to TASK_RUNNING
I1210 22:10:44.730348  7065 master.cpp:2782] Forwarding status update acknowledgement 6e726bba-90dc-4bdd-80d8-862a7db73cc7 for task ct:1449785425328:0:29: of framework 20151210-214154-50331658-5050-6563-0000 (chronos-2.3.4) at scheduler-f67ddb74-56cd-49d4-8d92-972e5f241df2@10.0.0.3:47306 to slave 20151210-220817-50331658-5050-7060-S0 at slave(1)@10.0.0.5:5051 (n4)
I1210 22:10:44.740808  7064 master.cpp:3295] Status update TASK_RUNNING (UUID: de215f3a-817b-4c16-aa7e-38488fd874de) for task ct:1449785422047:0:37: of framework 20151210-214154-50331658-5050-6563-0000 from slave 20151210-220817-50331658-5050-7060-S0 at slave(1)@10.0.0.5:5051 (n4)
I1210 22:10:44.740995  7064 master.cpp:3336] Forwarding status update TASK_RUNNING (UUID: de215f3a-817b-4c16-aa7e-38488fd874de) for task ct:1449785422047:0:37: of framework 20151210-214154-50331658-5050-6563-0000
I1210 22:10:44.741051  7064 master.cpp:4618] Updating the latest state of task ct:1449785422047:0:37: of framework 20151210-214154-50331658-5050-6563-0000 to TASK_RUNNING
I1210 22:10:44.742243  7065 master.cpp:2782] Forwarding status update acknowledgement de215f3a-817b-4c16-aa7e-38488fd874de for task ct:1449785422047:0:37: of framework 20151210-214154-50331658-5050-6563-0000 (chronos-2.3.4) at scheduler-f67ddb74-56cd-49d4-8d92-972e5f241df2@10.0.0.3:47306 to slave 20151210-220817-50331658-5050-7060-S0 at slave(1)@10.0.0.5:5051 (n4)
I1210 22:10:44.873301  7061 master.cpp:3295] Status update TASK_RUNNING (UUID: 1cae41dd-7502-428e-af65-8b276edc1aa4) for task ct:1449785429945:0:22: of framework 20151210-214154-50331658-5050-6563-0000 from slave 20151210-220817-50331658-5050-7060-S0 at slave(1)@10.0.0.5:5051 (n4)
I1210 22:10:44.873345  7061 master.cpp:3336] Forwarding status update TASK_RUNNING (UUID: 1cae41dd-7502-428e-af65-8b276edc1aa4) for task ct:1449785429945:0:22: of framework 20151210-214154-50331658-5050-6563-0000
I1210 22:10:44.873399  7061 master.cpp:4618] Updating the latest state of task ct:1449785429945:0:22: of framework 20151210-214154-50331658-5050-6563-0000 to TASK_RUNNING
I1210 22:10:44.874482  7062 master.cpp:2782] Forwarding status update acknowledgement 1cae41dd-7502-428e-af65-8b276edc1aa4 for task ct:1449785429945:0:22: of framework 20151210-214154-50331658-5050-6563-0000 (chronos-2.3.4) at scheduler-f67ddb74-56cd-49d4-8d92-972e5f241df2@10.0.0.3:47306 to slave 20151210-220817-50331658-5050-7060-S0 at slave(1)@10.0.0.5:5051 (n4)
I1210 22:10:44.877099  7067 master.cpp:3295] Status update TASK_RUNNING (UUID: e17ea09e-cf1b-4b1d-8407-62a7a7303dfc) for task ct:1449785428073:0:20: of framework 20151210-214154-50331658-5050-6563-0000 from slave 20151210-220817-50331658-5050-7060-S0 at slave(1)@10.0.0.5:5051 (n4)
I1210 22:10:44.877192  7067 master.cpp:3336] Forwarding status update TASK_RUNNING (UUID: e17ea09e-cf1b-4b1d-8407-62a7a7303dfc) for task ct:1449785428073:0:20: of framework 20151210-214154-50331658-5050-6563-0000
I1210 22:10:44.877243  7067 master.cpp:4618] Updating the latest state of task ct:1449785428073:0:20: of framework 20151210-214154-50331658-5050-6563-0000 to TASK_RUNNING
I1210 22:10:44.878298  7066 master.cpp:2782] Forwarding status update acknowledgement e17ea09e-cf1b-4b1d-8407-62a7a7303dfc for task ct:1449785428073:0:20: of framework 20151210-214154-50331658-5050-6563-0000 (chronos-2.3.4) at scheduler-f67ddb74-56cd-49d4-8d92-972e5f241df2@10.0.0.3:47306 to slave 20151210-220817-50331658-5050-7060-S0 at slave(1)@10.0.0.5:5051 (n4)
I1210 22:10:44.943660  7065 master.cpp:3295] Status update TASK_RUNNING (UUID: ff864177-c0d9-4968-861a-ce990bb6085c) for task ct:1449785430464:0:13: of framework 20151210-214154-50331658-5050-6563-0000 from slave 20151210-220817-50331658-5050-7060-S0 at slave(1)@10.0.0.5:5051 (n4)
I1210 22:10:44.943698  7065 master.cpp:3336] Forwarding status update TASK_RUNNING (UUID: ff864177-c0d9-4968-861a-ce990bb6085c) for task ct:1449785430464:0:13: of framework 20151210-214154-50331658-5050-6563-0000
I1210 22:10:44.943750  7065 master.cpp:4618] Updating the latest state of task ct:1449785430464:0:13: of framework 20151210-214154-50331658-5050-6563-0000 to TASK_RUNNING
I1210 22:10:44.944823  7061 master.cpp:2782] Forwarding status update acknowledgement ff864177-c0d9-4968-861a-ce990bb6085c for task ct:1449785430464:0:13: of framework 20151210-214154-50331658-5050-6563-0000 (chronos-2.3.4) at scheduler-f67ddb74-56cd-49d4-8d92-972e5f241df2@10.0.0.3:47306 to slave 20151210-220817-50331658-5050-7060-S0 at slave(1)@10.0.0.5:5051 (n4)
I1210 22:10:44.954370  7066 hierarchical.hpp:898] Filtered cpus(*):0.981; mem(*):2908; disk(*):33153; ports(*):[31000-32000] on slave 20151210-220817-50331658-5050-7060-S0 for framework 20151210-214154-50331658-5050-6563-0000
I1210 22:10:44.954563  7066 hierarchical.hpp:741] Performed allocation for 2 slaves in 263464ns
I1210 22:10:44.954673  7068 master.cpp:3755] Sending 1 offers to framework 20151210-213335-67108874-5050-4921-0000 (TwitterScheduler) at scheduler-c64b5950-ee0f-4ee1-9fb3-60d79aea66aa@10.0.0.4:8083
I1210 22:10:44.957552  7066 master.cpp:3295] Status update TASK_RUNNING (UUID: a49143f9-5ab0-4add-8e22-da5ea026fab1) for task ct:1449785428527:0:15: of framework 20151210-214154-50331658-5050-6563-0000 from slave 20151210-220817-50331658-5050-7060-S0 at slave(1)@10.0.0.5:5051 (n4)
I1210 22:10:44.957583  7066 master.cpp:3336] Forwarding status update TASK_RUNNING (UUID: a49143f9-5ab0-4add-8e22-da5ea026fab1) for task ct:1449785428527:0:15: of framework 20151210-214154-50331658-5050-6563-0000
I1210 22:10:44.957641  7066 master.cpp:4618] Updating the latest state of task ct:1449785428527:0:15: of framework 20151210-214154-50331658-5050-6563-0000 to TASK_RUNNING
I1210 22:10:44.958804  7064 master.cpp:2782] Forwarding status update acknowledgement a49143f9-5ab0-4add-8e22-da5ea026fab1 for task ct:1449785428527:0:15: of framework 20151210-214154-50331658-5050-6563-0000 (chronos-2.3.4) at scheduler-f67ddb74-56cd-49d4-8d92-972e5f241df2@10.0.0.3:47306 to slave 20151210-220817-50331658-5050-7060-S0 at slave(1)@10.0.0.5:5051 (n4)
I1210 22:10:44.979248  7062 master.cpp:3295] Status update TASK_RUNNING (UUID: 53f1bf0d-28dc-4c09-88e9-84822f1d988f) for task ct:1449785430997:0:2: of framework 20151210-214154-50331658-5050-6563-0000 from slave 20151210-220817-50331658-5050-7060-S0 at slave(1)@10.0.0.5:5051 (n4)
I1210 22:10:44.979290  7062 master.cpp:3336] Forwarding status update TASK_RUNNING (UUID: 53f1bf0d-28dc-4c09-88e9-84822f1d988f) for task ct:1449785430997:0:2: of framework 20151210-214154-50331658-5050-6563-0000
I1210 22:10:44.979346  7062 master.cpp:4618] Updating the latest state of task ct:1449785430997:0:2: of framework 20151210-214154-50331658-5050-6563-0000 to TASK_RUNNING
I1210 22:10:44.980651  7065 master.cpp:2782] Forwarding status update acknowledgement 53f1bf0d-28dc-4c09-88e9-84822f1d988f for task ct:1449785430997:0:2: of framework 20151210-214154-50331658-5050-6563-0000 (chronos-2.3.4) at scheduler-f67ddb74-56cd-49d4-8d92-972e5f241df2@10.0.0.3:47306 to slave 20151210-220817-50331658-5050-7060-S0 at slave(1)@10.0.0.5:5051 (n4)
I1210 22:10:45.024881  7066 master.cpp:3295] Status update TASK_RUNNING (UUID: c4ac0091-1b07-4801-aff3-73de12492c75) for task ct:1449785430875:0:6: of framework 20151210-214154-50331658-5050-6563-0000 from slave 20151210-220817-50331658-5050-7060-S0 at slave(1)@10.0.0.5:5051 (n4)
I1210 22:10:45.024987  7066 master.cpp:3336] Forwarding status update TASK_RUNNING (UUID: c4ac0091-1b07-4801-aff3-73de12492c75) for task ct:1449785430875:0:6: of framework 20151210-214154-50331658-5050-6563-0000
I1210 22:10:45.025087  7066 master.cpp:4618] Updating the latest state of task ct:1449785430875:0:6: of framework 20151210-214154-50331658-5050-6563-0000 to TASK_RUNNING
I1210 22:10:45.026366  7064 master.cpp:2782] Forwarding status update acknowledgement c4ac0091-1b07-4801-aff3-73de12492c75 for task ct:1449785430875:0:6: of framework 20151210-214154-50331658-5050-6563-0000 (chronos-2.3.4) at scheduler-f67ddb74-56cd-49d4-8d92-972e5f241df2@10.0.0.3:47306 to slave 20151210-220817-50331658-5050-7060-S0 at slave(1)@10.0.0.5:5051 (n4)
I1210 22:10:45.049417  7061 master.cpp:3295] Status update TASK_RUNNING (UUID: c4283415-27e3-477a-8b76-731711ceb2eb) for task ct:1449785433055:0:31: of framework 20151210-214154-50331658-5050-6563-0000 from slave 20151210-220817-50331658-5050-7060-S0 at slave(1)@10.0.0.5:5051 (n4)
I1210 22:10:45.049461  7061 master.cpp:3336] Forwarding status update TASK_RUNNING (UUID: c4283415-27e3-477a-8b76-731711ceb2eb) for task ct:1449785433055:0:31: of framework 20151210-214154-50331658-5050-6563-0000
I1210 22:10:45.049516  7061 master.cpp:4618] Updating the latest state of task ct:1449785433055:0:31: of framework 20151210-214154-50331658-5050-6563-0000 to TASK_RUNNING
I1210 22:10:45.050755  7062 master.cpp:2782] Forwarding status update acknowledgement c4283415-27e3-477a-8b76-731711ceb2eb for task ct:1449785433055:0:31: of framework 20151210-214154-50331658-5050-6563-0000 (chronos-2.3.4) at scheduler-f67ddb74-56cd-49d4-8d92-972e5f241df2@10.0.0.3:47306 to slave 20151210-220817-50331658-5050-7060-S0 at slave(1)@10.0.0.5:5051 (n4)
I1210 22:10:45.079329  7064 master.cpp:3295] Status update TASK_RUNNING (UUID: 78070bc3-0bfb-4020-858f-55ebc6e77680) for task ct:1449785434804:0:4: of framework 20151210-214154-50331658-5050-6563-0000 from slave 20151210-220817-50331658-5050-7060-S0 at slave(1)@10.0.0.5:5051 (n4)
I1210 22:10:45.079426  7064 master.cpp:3336] Forwarding status update TASK_RUNNING (UUID: 78070bc3-0bfb-4020-858f-55ebc6e77680) for task ct:1449785434804:0:4: of framework 20151210-214154-50331658-5050-6563-0000
I1210 22:10:45.079498  7064 master.cpp:4618] Updating the latest state of task ct:1449785434804:0:4: of framework 20151210-214154-50331658-5050-6563-0000 to TASK_RUNNING
I1210 22:10:45.080698  7068 master.cpp:2782] Forwarding status update acknowledgement 78070bc3-0bfb-4020-858f-55ebc6e77680 for task ct:1449785434804:0:4: of framework 20151210-214154-50331658-5050-6563-0000 (chronos-2.3.4) at scheduler-f67ddb74-56cd-49d4-8d92-972e5f241df2@10.0.0.3:47306 to slave 20151210-220817-50331658-5050-7060-S0 at slave(1)@10.0.0.5:5051 (n4)
I1210 22:10:45.122751  7065 master.cpp:3295] Status update TASK_RUNNING (UUID: a1475733-e2ef-49d3-906b-5cc03dd72573) for task ct:1449785435333:0:28: of framework 20151210-214154-50331658-5050-6563-0000 from slave 20151210-220817-50331658-5050-7060-S0 at slave(1)@10.0.0.5:5051 (n4)
I1210 22:10:45.122856  7065 master.cpp:3336] Forwarding status update TASK_RUNNING (UUID: a1475733-e2ef-49d3-906b-5cc03dd72573) for task ct:1449785435333:0:28: of framework 20151210-214154-50331658-5050-6563-0000
I1210 22:10:45.122949  7065 master.cpp:4618] Updating the latest state of task ct:1449785435333:0:28: of framework 20151210-214154-50331658-5050-6563-0000 to TASK_RUNNING
I1210 22:10:45.124099  7067 master.cpp:2782] Forwarding status update acknowledgement a1475733-e2ef-49d3-906b-5cc03dd72573 for task ct:1449785435333:0:28: of framework 20151210-214154-50331658-5050-6563-0000 (chronos-2.3.4) at scheduler-f67ddb74-56cd-49d4-8d92-972e5f241df2@10.0.0.3:47306 to slave 20151210-220817-50331658-5050-7060-S0 at slave(1)@10.0.0.5:5051 (n4)
I1210 22:10:45.145015  7066 master.cpp:3295] Status update TASK_RUNNING (UUID: 9f9d9728-44c4-4782-85ee-e791f555ac4d) for task ct:1449785436287:0:32: of framework 20151210-214154-50331658-5050-6563-0000 from slave 20151210-220817-50331658-5050-7060-S0 at slave(1)@10.0.0.5:5051 (n4)
I1210 22:10:45.145053  7066 master.cpp:3336] Forwarding status update TASK_RUNNING (UUID: 9f9d9728-44c4-4782-85ee-e791f555ac4d) for task ct:1449785436287:0:32: of framework 20151210-214154-50331658-5050-6563-0000
I1210 22:10:45.145153  7066 master.cpp:4618] Updating the latest state of task ct:1449785436287:0:32: of framework 20151210-214154-50331658-5050-6563-0000 to TASK_RUNNING
I1210 22:10:45.146450  7061 master.cpp:2782] Forwarding status update acknowledgement 9f9d9728-44c4-4782-85ee-e791f555ac4d for task ct:1449785436287:0:32: of framework 20151210-214154-50331658-5050-6563-0000 (chronos-2.3.4) at scheduler-f67ddb74-56cd-49d4-8d92-972e5f241df2@10.0.0.3:47306 to slave 20151210-220817-50331658-5050-7060-S0 at slave(1)@10.0.0.5:5051 (n4)
I1210 22:10:45.151895  7062 master.cpp:3295] Status update TASK_FINISHED (UUID: c2792cff-8f39-44ae-ab80-d70819886c82) for task ct:1449785433055:0:31: of framework 20151210-214154-50331658-5050-6563-0000 from slave 20151210-220817-50331658-5050-7060-S0 at slave(1)@10.0.0.5:5051 (n4)
I1210 22:10:45.151932  7062 master.cpp:3336] Forwarding status update TASK_FINISHED (UUID: c2792cff-8f39-44ae-ab80-d70819886c82) for task ct:1449785433055:0:31: of framework 20151210-214154-50331658-5050-6563-0000
I1210 22:10:45.151979  7062 master.cpp:4618] Updating the latest state of task ct:1449785433055:0:31: of framework 20151210-214154-50331658-5050-6563-0000 to TASK_FINISHED
I1210 22:10:45.152101  7062 hierarchical.hpp:648] Recovered cpus(*):0.001; mem(*):1; disk(*):1 (total allocatable: cpus(*):0.001; mem(*):1; disk(*):1) on slave 20151210-220817-50331658-5050-7060-S0 from framework 20151210-214154-50331658-5050-6563-0000
I1210 22:10:45.168638  7067 master.cpp:4685] Removing task ct:1449785433055:0:31: with resources cpus(*):0.001; mem(*):1; disk(*):1 of framework 20151210-214154-50331658-5050-6563-0000 on slave 20151210-220817-50331658-5050-7060-S0 at slave(1)@10.0.0.5:5051 (n4)
I1210 22:10:45.168707  7067 master.cpp:2782] Forwarding status update acknowledgement c2792cff-8f39-44ae-ab80-d70819886c82 for task ct:1449785433055:0:31: of framework 20151210-214154-50331658-5050-6563-0000 (chronos-2.3.4) at scheduler-f67ddb74-56cd-49d4-8d92-972e5f241df2@10.0.0.3:47306 to slave 20151210-220817-50331658-5050-7060-S0 at slave(1)@10.0.0.5:5051 (n4)
I1210 22:10:45.177496  7066 master.cpp:3295] Status update TASK_RUNNING (UUID: 13e9daf9-7603-47c9-8687-d4dbac8ae784) for task ct:1449785436585:0:1: of framework 20151210-214154-50331658-5050-6563-0000 from slave 20151210-220817-50331658-5050-7060-S0 at slave(1)@10.0.0.5:5051 (n4)
I1210 22:10:45.177592  7066 master.cpp:3336] Forwarding status update TASK_RUNNING (UUID: 13e9daf9-7603-47c9-8687-d4dbac8ae784) for task ct:1449785436585:0:1: of framework 20151210-214154-50331658-5050-6563-0000
I1210 22:10:45.177683  7066 master.cpp:4618] Updating the latest state of task ct:1449785436585:0:1: of framework 20151210-214154-50331658-5050-6563-0000 to TASK_RUNNING
I1210 22:10:45.178828  7061 master.cpp:2782] Forwarding status update acknowledgement 13e9daf9-7603-47c9-8687-d4dbac8ae784 for task ct:1449785436585:0:1: of framework 20151210-214154-50331658-5050-6563-0000 (chronos-2.3.4) at scheduler-f67ddb74-56cd-49d4-8d92-972e5f241df2@10.0.0.3:47306 to slave 20151210-220817-50331658-5050-7060-S0 at slave(1)@10.0.0.5:5051 (n4)
I1210 22:10:45.185133  7062 master.cpp:3295] Status update TASK_RUNNING (UUID: 64e14e2c-67bf-4f40-bde2-3de3801a4a9d) for task ct:1449785437188:0:18: of framework 20151210-214154-50331658-5050-6563-0000 from slave 20151210-220817-50331658-5050-7060-S0 at slave(1)@10.0.0.5:5051 (n4)
I1210 22:10:45.185163  7062 master.cpp:3336] Forwarding status update TASK_RUNNING (UUID: 64e14e2c-67bf-4f40-bde2-3de3801a4a9d) for task ct:1449785437188:0:18: of framework 20151210-214154-50331658-5050-6563-0000
I1210 22:10:45.185212  7062 master.cpp:4618] Updating the latest state of task ct:1449785437188:0:18: of framework 20151210-214154-50331658-5050-6563-0000 to TASK_RUNNING
I1210 22:10:45.186429  7067 master.cpp:2782] Forwarding status update acknowledgement 64e14e2c-67bf-4f40-bde2-3de3801a4a9d for task ct:1449785437188:0:18: of framework 20151210-214154-50331658-5050-6563-0000 (chronos-2.3.4) at scheduler-f67ddb74-56cd-49d4-8d92-972e5f241df2@10.0.0.3:47306 to slave 20151210-220817-50331658-5050-7060-S0 at slave(1)@10.0.0.5:5051 (n4)
I1210 22:10:45.221976  7066 master.cpp:3295] Status update TASK_RUNNING (UUID: 8f7a6aec-be74-4597-a976-370149672445) for task ct:1449785441208:0:30: of framework 20151210-214154-50331658-5050-6563-0000 from slave 20151210-220817-50331658-5050-7060-S0 at slave(1)@10.0.0.5:5051 (n4)
I1210 22:10:45.222070  7066 master.cpp:3336] Forwarding status update TASK_RUNNING (UUID: 8f7a6aec-be74-4597-a976-370149672445) for task ct:1449785441208:0:30: of framework 20151210-214154-50331658-5050-6563-0000
I1210 22:10:45.222162  7066 master.cpp:4618] Updating the latest state of task ct:1449785441208:0:30: of framework 20151210-214154-50331658-5050-6563-0000 to TASK_RUNNING
I1210 22:10:45.223430  7061 master.cpp:2782] Forwarding status update acknowledgement 8f7a6aec-be74-4597-a976-370149672445 for task ct:1449785441208:0:30: of framework 20151210-214154-50331658-5050-6563-0000 (chronos-2.3.4) at scheduler-f67ddb74-56cd-49d4-8d92-972e5f241df2@10.0.0.3:47306 to slave 20151210-220817-50331658-5050-7060-S0 at slave(1)@10.0.0.5:5051 (n4)
I1210 22:10:45.235173  7062 master.cpp:3295] Status update TASK_RUNNING (UUID: 217132e3-a3e6-4f44-bf36-859036fb3cc0) for task ct:1449785439620:0:8: of framework 20151210-214154-50331658-5050-6563-0000 from slave 20151210-220817-50331658-5050-7060-S0 at slave(1)@10.0.0.5:5051 (n4)
I1210 22:10:45.235214  7062 master.cpp:3336] Forwarding status update TASK_RUNNING (UUID: 217132e3-a3e6-4f44-bf36-859036fb3cc0) for task ct:1449785439620:0:8: of framework 20151210-214154-50331658-5050-6563-0000
I1210 22:10:45.235273  7062 master.cpp:4618] Updating the latest state of task ct:1449785439620:0:8: of framework 20151210-214154-50331658-5050-6563-0000 to TASK_RUNNING
I1210 22:10:45.236703  7067 master.cpp:2782] Forwarding status update acknowledgement 217132e3-a3e6-4f44-bf36-859036fb3cc0 for task ct:1449785439620:0:8: of framework 20151210-214154-50331658-5050-6563-0000 (chronos-2.3.4) at scheduler-f67ddb74-56cd-49d4-8d92-972e5f241df2@10.0.0.3:47306 to slave 20151210-220817-50331658-5050-7060-S0 at slave(1)@10.0.0.5:5051 (n4)
I1210 22:10:45.245837  7066 master.cpp:3295] Status update TASK_RUNNING (UUID: 62d558ac-d005-4cea-9aca-f4a26d764d5a) for task ct:1449785441595:0:21: of framework 20151210-214154-50331658-5050-6563-0000 from slave 20151210-220817-50331658-5050-7060-S0 at slave(1)@10.0.0.5:5051 (n4)
I1210 22:10:45.245880  7066 master.cpp:3336] Forwarding status update TASK_RUNNING (UUID: 62d558ac-d005-4cea-9aca-f4a26d764d5a) for task ct:1449785441595:0:21: of framework 20151210-214154-50331658-5050-6563-0000
I1210 22:10:45.245931  7066 master.cpp:4618] Updating the latest state of task ct:1449785441595:0:21: of framework 20151210-214154-50331658-5050-6563-0000 to TASK_RUNNING
I1210 22:10:45.247054  7061 master.cpp:2782] Forwarding status update acknowledgement 62d558ac-d005-4cea-9aca-f4a26d764d5a for task ct:1449785441595:0:21: of framework 20151210-214154-50331658-5050-6563-0000 (chronos-2.3.4) at scheduler-f67ddb74-56cd-49d4-8d92-972e5f241df2@10.0.0.3:47306 to slave 20151210-220817-50331658-5050-7060-S0 at slave(1)@10.0.0.5:5051 (n4)
I1210 22:10:45.955140  7062 hierarchical.hpp:834] No resources available to allocate!
I1210 22:10:45.955209  7062 hierarchical.hpp:741] Performed allocation for 2 slaves in 147621ns
I1210 22:10:46.191664  7067 master.cpp:3295] Status update TASK_FINISHED (UUID: f4c86a04-af28-4759-bc31-137a090db9ec) for task ct:1449785434804:0:4: of framework 20151210-214154-50331658-5050-6563-0000 from slave 20151210-220817-50331658-5050-7060-S0 at slave(1)@10.0.0.5:5051 (n4)
I1210 22:10:46.191718  7067 master.cpp:3336] Forwarding status update TASK_FINISHED (UUID: f4c86a04-af28-4759-bc31-137a090db9ec) for task ct:1449785434804:0:4: of framework 20151210-214154-50331658-5050-6563-0000
I1210 22:10:46.191836  7067 master.cpp:4618] Updating the latest state of task ct:1449785434804:0:4: of framework 20151210-214154-50331658-5050-6563-0000 to TASK_FINISHED
I1210 22:10:46.191941  7067 hierarchical.hpp:648] Recovered cpus(*):0.001; mem(*):1; disk(*):1 (total allocatable: cpus(*):0.002; mem(*):2; disk(*):2) on slave 20151210-220817-50331658-5050-7060-S0 from framework 20151210-214154-50331658-5050-6563-0000
I1210 22:10:46.201990  7064 master.cpp:4685] Removing task ct:1449785434804:0:4: with resources cpus(*):0.001; mem(*):1; disk(*):1 of framework 20151210-214154-50331658-5050-6563-0000 on slave 20151210-220817-50331658-5050-7060-S0 at slave(1)@10.0.0.5:5051 (n4)
I1210 22:10:46.202056  7064 master.cpp:2782] Forwarding status update acknowledgement f4c86a04-af28-4759-bc31-137a090db9ec for task ct:1449785434804:0:4: of framework 20151210-214154-50331658-5050-6563-0000 (chronos-2.3.4) at scheduler-f67ddb74-56cd-49d4-8d92-972e5f241df2@10.0.0.3:47306 to slave 20151210-220817-50331658-5050-7060-S0 at slave(1)@10.0.0.5:5051 (n4)
I1210 22:10:46.226058  7068 master.cpp:3295] Status update TASK_FINISHED (UUID: 7cac7347-8af3-4e62-b81d-66e965bc52b4) for task ct:1449785435333:0:28: of framework 20151210-214154-50331658-5050-6563-0000 from slave 20151210-220817-50331658-5050-7060-S0 at slave(1)@10.0.0.5:5051 (n4)
I1210 22:10:46.226106  7068 master.cpp:3336] Forwarding status update TASK_FINISHED (UUID: 7cac7347-8af3-4e62-b81d-66e965bc52b4) for task ct:1449785435333:0:28: of framework 20151210-214154-50331658-5050-6563-0000
I1210 22:10:46.226173  7068 master.cpp:4618] Updating the latest state of task ct:1449785435333:0:28: of framework 20151210-214154-50331658-5050-6563-0000 to TASK_FINISHED
I1210 22:10:46.226253  7068 hierarchical.hpp:648] Recovered cpus(*):0.001; mem(*):1; disk(*):1 (total allocatable: cpus(*):0.003; mem(*):3; disk(*):3) on slave 20151210-220817-50331658-5050-7060-S0 from framework 20151210-214154-50331658-5050-6563-0000
I1210 22:10:46.233804  7061 master.cpp:4685] Removing task ct:1449785435333:0:28: with resources cpus(*):0.001; mem(*):1; disk(*):1 of framework 20151210-214154-50331658-5050-6563-0000 on slave 20151210-220817-50331658-5050-7060-S0 at slave(1)@10.0.0.5:5051 (n4)
I1210 22:10:46.233870  7061 master.cpp:2782] Forwarding status update acknowledgement 7cac7347-8af3-4e62-b81d-66e965bc52b4 for task ct:1449785435333:0:28: of framework 20151210-214154-50331658-5050-6563-0000 (chronos-2.3.4) at scheduler-f67ddb74-56cd-49d4-8d92-972e5f241df2@10.0.0.3:47306 to slave 20151210-220817-50331658-5050-7060-S0 at slave(1)@10.0.0.5:5051 (n4)
I1210 22:10:46.279633  7062 master.cpp:3295] Status update TASK_FINISHED (UUID: 3a6a6fb2-be3c-4a8d-8e4f-39c926c72cf0) for task ct:1449785436585:0:1: of framework 20151210-214154-50331658-5050-6563-0000 from slave 20151210-220817-50331658-5050-7060-S0 at slave(1)@10.0.0.5:5051 (n4)
I1210 22:10:46.279685  7062 master.cpp:3336] Forwarding status update TASK_FINISHED (UUID: 3a6a6fb2-be3c-4a8d-8e4f-39c926c72cf0) for task ct:1449785436585:0:1: of framework 20151210-214154-50331658-5050-6563-0000
I1210 22:10:46.279749  7062 master.cpp:4618] Updating the latest state of task ct:1449785436585:0:1: of framework 20151210-214154-50331658-5050-6563-0000 to TASK_FINISHED
I1210 22:10:46.279820  7062 hierarchical.hpp:648] Recovered cpus(*):0.001; mem(*):1; disk(*):1 (total allocatable: cpus(*):0.004; mem(*):4; disk(*):4) on slave 20151210-220817-50331658-5050-7060-S0 from framework 20151210-214154-50331658-5050-6563-0000
I1210 22:10:46.287791  7063 master.cpp:4685] Removing task ct:1449785436585:0:1: with resources cpus(*):0.001; mem(*):1; disk(*):1 of framework 20151210-214154-50331658-5050-6563-0000 on slave 20151210-220817-50331658-5050-7060-S0 at slave(1)@10.0.0.5:5051 (n4)
I1210 22:10:46.287868  7063 master.cpp:2782] Forwarding status update acknowledgement 3a6a6fb2-be3c-4a8d-8e4f-39c926c72cf0 for task ct:1449785436585:0:1: of framework 20151210-214154-50331658-5050-6563-0000 (chronos-2.3.4) at scheduler-f67ddb74-56cd-49d4-8d92-972e5f241df2@10.0.0.3:47306 to slave 20151210-220817-50331658-5050-7060-S0 at slave(1)@10.0.0.5:5051 (n4)
I1210 22:10:46.956429  7061 hierarchical.hpp:834] No resources available to allocate!
I1210 22:10:46.956511  7061 hierarchical.hpp:741] Performed allocation for 2 slaves in 185858ns
I1210 22:10:47.793521  7061 master.cpp:3295] Status update TASK_FINISHED (UUID: 90e5f5e1-1afa-46b8-92f2-b68ead506180) for task ct:1449785420292:0:27: of framework 20151210-214154-50331658-5050-6563-0000 from slave 20151210-220817-50331658-5050-7060-S0 at slave(1)@10.0.0.5:5051 (n4)
I1210 22:10:47.793622  7061 master.cpp:3336] Forwarding status update TASK_FINISHED (UUID: 90e5f5e1-1afa-46b8-92f2-b68ead506180) for task ct:1449785420292:0:27: of framework 20151210-214154-50331658-5050-6563-0000
I1210 22:10:47.793686  7061 master.cpp:4618] Updating the latest state of task ct:1449785420292:0:27: of framework 20151210-214154-50331658-5050-6563-0000 to TASK_FINISHED
I1210 22:10:47.793787  7061 hierarchical.hpp:648] Recovered cpus(*):0.001; mem(*):1; disk(*):1 (total allocatable: cpus(*):0.005; mem(*):5; disk(*):5) on slave 20151210-220817-50331658-5050-7060-S0 from framework 20151210-214154-50331658-5050-6563-0000
I1210 22:10:47.802520  7061 master.cpp:4685] Removing task ct:1449785420292:0:27: with resources cpus(*):0.001; mem(*):1; disk(*):1 of framework 20151210-214154-50331658-5050-6563-0000 on slave 20151210-220817-50331658-5050-7060-S0 at slave(1)@10.0.0.5:5051 (n4)
I1210 22:10:47.802587  7061 master.cpp:2782] Forwarding status update acknowledgement 90e5f5e1-1afa-46b8-92f2-b68ead506180 for task ct:1449785420292:0:27: of framework 20151210-214154-50331658-5050-6563-0000 (chronos-2.3.4) at scheduler-f67ddb74-56cd-49d4-8d92-972e5f241df2@10.0.0.3:47306 to slave 20151210-220817-50331658-5050-7060-S0 at slave(1)@10.0.0.5:5051 (n4)
I1210 22:10:47.957532  7061 hierarchical.hpp:834] No resources available to allocate!
I1210 22:10:47.957643  7061 hierarchical.hpp:741] Performed allocation for 2 slaves in 192068ns
I1210 22:10:48.263412  7065 master.cpp:3295] Status update TASK_FINISHED (UUID: f49d20ea-e575-424f-ba32-9e3a6ac3ed6d) for task ct:1449785439620:0:8: of framework 20151210-214154-50331658-5050-6563-0000 from slave 20151210-220817-50331658-5050-7060-S0 at slave(1)@10.0.0.5:5051 (n4)
I1210 22:10:48.263500  7065 master.cpp:3336] Forwarding status update TASK_FINISHED (UUID: f49d20ea-e575-424f-ba32-9e3a6ac3ed6d) for task ct:1449785439620:0:8: of framework 20151210-214154-50331658-5050-6563-0000
I1210 22:10:48.263571  7065 master.cpp:4618] Updating the latest state of task ct:1449785439620:0:8: of framework 20151210-214154-50331658-5050-6563-0000 to TASK_FINISHED
I1210 22:10:48.263644  7065 hierarchical.hpp:648] Recovered cpus(*):0.001; mem(*):1; disk(*):1 (total allocatable: cpus(*):0.006; mem(*):6; disk(*):6) on slave 20151210-220817-50331658-5050-7060-S0 from framework 20151210-214154-50331658-5050-6563-0000
I1210 22:10:48.280246  7065 master.cpp:4685] Removing task ct:1449785439620:0:8: with resources cpus(*):0.001; mem(*):1; disk(*):1 of framework 20151210-214154-50331658-5050-6563-0000 on slave 20151210-220817-50331658-5050-7060-S0 at slave(1)@10.0.0.5:5051 (n4)
I1210 22:10:48.280314  7065 master.cpp:2782] Forwarding status update acknowledgement f49d20ea-e575-424f-ba32-9e3a6ac3ed6d for task ct:1449785439620:0:8: of framework 20151210-214154-50331658-5050-6563-0000 (chronos-2.3.4) at scheduler-f67ddb74-56cd-49d4-8d92-972e5f241df2@10.0.0.3:47306 to slave 20151210-220817-50331658-5050-7060-S0 at slave(1)@10.0.0.5:5051 (n4)
I1210 22:10:48.958139  7065 hierarchical.hpp:834] No resources available to allocate!
I1210 22:10:48.958281  7065 hierarchical.hpp:741] Performed allocation for 2 slaves in 223305ns
I1210 22:10:49.101161  7062 master.cpp:3295] Status update TASK_FINISHED (UUID: bcf41b1d-df99-4089-94e7-2f50f534a393) for task ct:1449785428527:0:15: of framework 20151210-214154-50331658-5050-6563-0000 from slave 20151210-220817-50331658-5050-7060-S0 at slave(1)@10.0.0.5:5051 (n4)
I1210 22:10:49.101217  7062 master.cpp:3336] Forwarding status update TASK_FINISHED (UUID: bcf41b1d-df99-4089-94e7-2f50f534a393) for task ct:1449785428527:0:15: of framework 20151210-214154-50331658-5050-6563-0000
