I1210 22:09:42.582150  7067 master.cpp:3336] Forwarding status update TASK_FINISHED (UUID: e981df9a-bf5f-428d-8540-f953231f65b3) for task ct:1449785373133:0:23: of framework 20151210-214154-50331658-5050-6563-0000
I1210 22:09:42.582253  7067 master.cpp:4618] Updating the latest state of task ct:1449785373133:0:23: of framework 20151210-214154-50331658-5050-6563-0000 to TASK_FINISHED
I1210 22:09:42.583719  7067 hierarchical.hpp:648] Recovered cpus(*):0.001; mem(*):1; disk(*):1 (total allocatable: cpus(*):0.005; mem(*):5; disk(*):5) on slave 20151210-220817-50331658-5050-7060-S1 from framework 20151210-214154-50331658-5050-6563-0000
I1210 22:09:42.600890  7067 master.cpp:4685] Removing task ct:1449785373133:0:23: with resources cpus(*):0.001; mem(*):1; disk(*):1 of framework 20151210-214154-50331658-5050-6563-0000 on slave 20151210-220817-50331658-5050-7060-S1 at slave(1)@10.0.0.6:5051 (n5)
I1210 22:09:42.600955  7067 master.cpp:2782] Forwarding status update acknowledgement e981df9a-bf5f-428d-8540-f953231f65b3 for task ct:1449785373133:0:23: of framework 20151210-214154-50331658-5050-6563-0000 (chronos-2.3.4) at scheduler-f67ddb74-56cd-49d4-8d92-972e5f241df2@10.0.0.3:47306 to slave 20151210-220817-50331658-5050-7060-S1 at slave(1)@10.0.0.6:5051 (n5)
I1210 22:09:42.790587  7067 master.cpp:3295] Status update TASK_FINISHED (UUID: 330345d8-e78d-4385-aeb5-232596c6f204) for task ct:1449785374946:0:35: of framework 20151210-214154-50331658-5050-6563-0000 from slave 20151210-220817-50331658-5050-7060-S0 at slave(1)@10.0.0.5:5051 (n4)
I1210 22:09:42.790638  7067 master.cpp:3336] Forwarding status update TASK_FINISHED (UUID: 330345d8-e78d-4385-aeb5-232596c6f204) for task ct:1449785374946:0:35: of framework 20151210-214154-50331658-5050-6563-0000
I1210 22:09:42.790715  7067 master.cpp:4618] Updating the latest state of task ct:1449785374946:0:35: of framework 20151210-214154-50331658-5050-6563-0000 to TASK_FINISHED
I1210 22:09:42.792384  7067 hierarchical.hpp:648] Recovered cpus(*):0.001; mem(*):1; disk(*):1 (total allocatable: cpus(*):0.001; mem(*):1; disk(*):1) on slave 20151210-220817-50331658-5050-7060-S0 from framework 20151210-214154-50331658-5050-6563-0000
I1210 22:09:42.812098  7068 master.cpp:4685] Removing task ct:1449785374946:0:35: with resources cpus(*):0.001; mem(*):1; disk(*):1 of framework 20151210-214154-50331658-5050-6563-0000 on slave 20151210-220817-50331658-5050-7060-S0 at slave(1)@10.0.0.5:5051 (n4)
I1210 22:09:42.812158  7068 master.cpp:2782] Forwarding status update acknowledgement 330345d8-e78d-4385-aeb5-232596c6f204 for task ct:1449785374946:0:35: of framework 20151210-214154-50331658-5050-6563-0000 (chronos-2.3.4) at scheduler-f67ddb74-56cd-49d4-8d92-972e5f241df2@10.0.0.3:47306 to slave 20151210-220817-50331658-5050-7060-S0 at slave(1)@10.0.0.5:5051 (n4)
I1210 22:09:43.392452  7068 hierarchical.hpp:834] No resources available to allocate!
I1210 22:09:43.392557  7068 hierarchical.hpp:741] Performed allocation for 2 slaves in 176565ns
I1210 22:09:43.614009  7061 master.cpp:3456] Performing implicit task state reconciliation for framework 20151210-213335-67108874-5050-4921-0000 (TwitterScheduler) at scheduler-c64b5950-ee0f-4ee1-9fb3-60d79aea66aa@10.0.0.4:8083
I1210 22:09:43.770565  7064 master.cpp:3295] Status update TASK_FINISHED (UUID: 403c3ca1-37b0-4e0b-8be6-6d7aab6b5836) for task ct:1449785377997:0:2: of framework 20151210-214154-50331658-5050-6563-0000 from slave 20151210-220817-50331658-5050-7060-S0 at slave(1)@10.0.0.5:5051 (n4)
I1210 22:09:43.770632  7064 master.cpp:3336] Forwarding status update TASK_FINISHED (UUID: 403c3ca1-37b0-4e0b-8be6-6d7aab6b5836) for task ct:1449785377997:0:2: of framework 20151210-214154-50331658-5050-6563-0000
I1210 22:09:43.770686  7064 master.cpp:4618] Updating the latest state of task ct:1449785377997:0:2: of framework 20151210-214154-50331658-5050-6563-0000 to TASK_FINISHED
I1210 22:09:43.770778  7064 hierarchical.hpp:648] Recovered cpus(*):0.001; mem(*):1; disk(*):1 (total allocatable: cpus(*):0.002; mem(*):2; disk(*):2) on slave 20151210-220817-50331658-5050-7060-S0 from framework 20151210-214154-50331658-5050-6563-0000
I1210 22:09:43.790031  7064 master.cpp:4685] Removing task ct:1449785377997:0:2: with resources cpus(*):0.001; mem(*):1; disk(*):1 of framework 20151210-214154-50331658-5050-6563-0000 on slave 20151210-220817-50331658-5050-7060-S0 at slave(1)@10.0.0.5:5051 (n4)
I1210 22:09:43.790135  7064 master.cpp:2782] Forwarding status update acknowledgement 403c3ca1-37b0-4e0b-8be6-6d7aab6b5836 for task ct:1449785377997:0:2: of framework 20151210-214154-50331658-5050-6563-0000 (chronos-2.3.4) at scheduler-f67ddb74-56cd-49d4-8d92-972e5f241df2@10.0.0.3:47306 to slave 20151210-220817-50331658-5050-7060-S0 at slave(1)@10.0.0.5:5051 (n4)
I1210 22:09:44.393980  7062 hierarchical.hpp:834] No resources available to allocate!
I1210 22:09:44.394043  7062 hierarchical.hpp:741] Performed allocation for 2 slaves in 122771ns
I1210 22:09:45.397403  7066 hierarchical.hpp:834] No resources available to allocate!
I1210 22:09:45.397477  7066 hierarchical.hpp:741] Performed allocation for 2 slaves in 131063ns
I1210 22:09:46.398231  7065 hierarchical.hpp:834] No resources available to allocate!
I1210 22:09:46.398329  7065 hierarchical.hpp:741] Performed allocation for 2 slaves in 161586ns
I1210 22:09:47.400281  7063 hierarchical.hpp:834] No resources available to allocate!
I1210 22:09:47.645196  7063 hierarchical.hpp:741] Performed allocation for 2 slaves in 244.987663ms
I1210 22:09:47.817448  7067 master.cpp:3295] Status update TASK_FINISHED (UUID: 0beddf95-67d4-4e44-a181-deb36be1273a) for task ct:1449785376798:0:17: of framework 20151210-214154-50331658-5050-6563-0000 from slave 20151210-220817-50331658-5050-7060-S0 at slave(1)@10.0.0.5:5051 (n4)
I1210 22:09:47.817497  7067 master.cpp:3336] Forwarding status update TASK_FINISHED (UUID: 0beddf95-67d4-4e44-a181-deb36be1273a) for task ct:1449785376798:0:17: of framework 20151210-214154-50331658-5050-6563-0000
I1210 22:09:47.817585  7067 master.cpp:4618] Updating the latest state of task ct:1449785376798:0:17: of framework 20151210-214154-50331658-5050-6563-0000 to TASK_FINISHED
I1210 22:09:47.818979  7067 hierarchical.hpp:648] Recovered cpus(*):0.001; mem(*):1; disk(*):1 (total allocatable: cpus(*):0.003; mem(*):3; disk(*):3) on slave 20151210-220817-50331658-5050-7060-S0 from framework 20151210-214154-50331658-5050-6563-0000
I1210 22:09:47.828763  7067 master.cpp:4685] Removing task ct:1449785376798:0:17: with resources cpus(*):0.001; mem(*):1; disk(*):1 of framework 20151210-214154-50331658-5050-6563-0000 on slave 20151210-220817-50331658-5050-7060-S0 at slave(1)@10.0.0.5:5051 (n4)
I1210 22:09:47.828832  7067 master.cpp:2782] Forwarding status update acknowledgement 0beddf95-67d4-4e44-a181-deb36be1273a for task ct:1449785376798:0:17: of framework 20151210-214154-50331658-5050-6563-0000 (chronos-2.3.4) at scheduler-f67ddb74-56cd-49d4-8d92-972e5f241df2@10.0.0.3:47306 to slave 20151210-220817-50331658-5050-7060-S0 at slave(1)@10.0.0.5:5051 (n4)
I1210 22:09:48.646117  7068 hierarchical.hpp:834] No resources available to allocate!
I1210 22:09:48.646189  7068 hierarchical.hpp:741] Performed allocation for 2 slaves in 145151ns
I1210 22:09:49.647145  7061 hierarchical.hpp:834] No resources available to allocate!
I1210 22:09:49.653772  7061 hierarchical.hpp:741] Performed allocation for 2 slaves in 6.75896ms
I1210 22:09:50.654584  7064 hierarchical.hpp:834] No resources available to allocate!
I1210 22:09:50.654659  7064 hierarchical.hpp:741] Performed allocation for 2 slaves in 143926ns
I1210 22:09:51.655715  7062 hierarchical.hpp:834] No resources available to allocate!
I1210 22:09:51.655783  7062 hierarchical.hpp:741] Performed allocation for 2 slaves in 144328ns
I1210 22:09:52.656824  7062 hierarchical.hpp:834] No resources available to allocate!
I1210 22:09:52.657003  7062 hierarchical.hpp:741] Performed allocation for 2 slaves in 247428ns
I1210 22:09:53.658238  7066 hierarchical.hpp:834] No resources available to allocate!
I1210 22:09:53.887127  7066 hierarchical.hpp:741] Performed allocation for 2 slaves in 228.964653ms
I1210 22:09:54.887826  7065 hierarchical.hpp:834] No resources available to allocate!
I1210 22:09:54.887946  7065 hierarchical.hpp:741] Performed allocation for 2 slaves in 249220ns
I1210 22:09:55.889089  7063 hierarchical.hpp:834] No resources available to allocate!
I1210 22:09:55.889297  7063 hierarchical.hpp:741] Performed allocation for 2 slaves in 271287ns
I1210 22:09:56.889853  7067 hierarchical.hpp:834] No resources available to allocate!
I1210 22:09:56.889904  7067 hierarchical.hpp:741] Performed allocation for 2 slaves in 143247ns
I1210 22:09:57.891414  7067 hierarchical.hpp:834] No resources available to allocate!
I1210 22:09:57.891458  7067 hierarchical.hpp:741] Performed allocation for 2 slaves in 110864ns
I1210 22:09:58.892463  7067 hierarchical.hpp:834] No resources available to allocate!
I1210 22:09:58.892628  7067 hierarchical.hpp:741] Performed allocation for 2 slaves in 223576ns
I1210 22:09:59.894266  7068 hierarchical.hpp:834] No resources available to allocate!
I1210 22:09:59.894300  7068 hierarchical.hpp:741] Performed allocation for 2 slaves in 97648ns
I1210 22:10:00.899554  7068 hierarchical.hpp:834] No resources available to allocate!
I1210 22:10:00.899605  7068 hierarchical.hpp:741] Performed allocation for 2 slaves in 113098ns
I1210 22:10:01.903046  7068 hierarchical.hpp:834] No resources available to allocate!
I1210 22:10:01.903276  7068 hierarchical.hpp:741] Performed allocation for 2 slaves in 291649ns
I1210 22:10:02.905028  7061 hierarchical.hpp:834] No resources available to allocate!
I1210 22:10:02.905225  7061 hierarchical.hpp:741] Performed allocation for 2 slaves in 256021ns
I1210 22:10:03.911705  7064 hierarchical.hpp:834] No resources available to allocate!
I1210 22:10:03.911954  7064 hierarchical.hpp:741] Performed allocation for 2 slaves in 308990ns
I1210 22:10:04.913338  7062 hierarchical.hpp:834] No resources available to allocate!
I1210 22:10:04.913424  7062 hierarchical.hpp:741] Performed allocation for 2 slaves in 147165ns
I1210 22:10:05.383088  7066 hierarchical.hpp:648] Recovered cpus(*):0.995; mem(*):2922; disk(*):33167; ports(*):[31000-32000] (total allocatable: cpus(*):1; mem(*):2927; disk(*):33172; ports(*):[31000-32000]) on slave 20151210-220817-50331658-5050-7060-S1 from framework 20151210-213335-67108874-5050-4921-0000
I1210 22:10:05.914304  7065 hierarchical.hpp:741] Performed allocation for 2 slaves in 91841ns
I1210 22:10:05.914587  7063 master.cpp:3755] Sending 1 offers to framework 20151210-214154-50331658-5050-6563-0000 (chronos-2.3.4) at scheduler-f67ddb74-56cd-49d4-8d92-972e5f241df2@10.0.0.3:47306
I1210 22:10:06.007002  7067 master.cpp:2268] Processing ACCEPT call for offers: [ 20151210-220817-50331658-5050-7060-O31 ] on slave 20151210-220817-50331658-5050-7060-S1 at slave(1)@10.0.0.6:5051 (n5) for framework 20151210-214154-50331658-5050-6563-0000 (chronos-2.3.4) at scheduler-f67ddb74-56cd-49d4-8d92-972e5f241df2@10.0.0.3:47306
I1210 22:10:06.007994  7067 master.hpp:822] Adding task ct:1449785381620:0:8: with resources cpus(*):0.001; mem(*):1; disk(*):1 on slave 20151210-220817-50331658-5050-7060-S1 (n5)
I1210 22:10:06.008025  7067 master.cpp:2545] Launching task ct:1449785381620:0:8: of framework 20151210-214154-50331658-5050-6563-0000 (chronos-2.3.4) at scheduler-f67ddb74-56cd-49d4-8d92-972e5f241df2@10.0.0.3:47306 with resources cpus(*):0.001; mem(*):1; disk(*):1 on slave 20151210-220817-50331658-5050-7060-S1 at slave(1)@10.0.0.6:5051 (n5)
I1210 22:10:06.008288  7067 master.hpp:822] Adding task ct:1449785382804:0:4: with resources cpus(*):0.001; mem(*):1; disk(*):1 on slave 20151210-220817-50331658-5050-7060-S1 (n5)
I1210 22:10:06.008314  7067 master.cpp:2545] Launching task ct:1449785382804:0:4: of framework 20151210-214154-50331658-5050-6563-0000 (chronos-2.3.4) at scheduler-f67ddb74-56cd-49d4-8d92-972e5f241df2@10.0.0.3:47306 with resources cpus(*):0.001; mem(*):1; disk(*):1 on slave 20151210-220817-50331658-5050-7060-S1 at slave(1)@10.0.0.6:5051 (n5)
I1210 22:10:06.008512  7067 master.hpp:822] Adding task ct:1449785383073:0:20: with resources cpus(*):0.001; mem(*):1; disk(*):1 on slave 20151210-220817-50331658-5050-7060-S1 (n5)
I1210 22:10:06.008533  7067 master.cpp:2545] Launching task ct:1449785383073:0:20: of framework 20151210-214154-50331658-5050-6563-0000 (chronos-2.3.4) at scheduler-f67ddb74-56cd-49d4-8d92-972e5f241df2@10.0.0.3:47306 with resources cpus(*):0.001; mem(*):1; disk(*):1 on slave 20151210-220817-50331658-5050-7060-S1 at slave(1)@10.0.0.6:5051 (n5)
I1210 22:10:06.008739  7067 master.hpp:822] Adding task ct:1449785384292:0:27: with resources cpus(*):0.001; mem(*):1; disk(*):1 on slave 20151210-220817-50331658-5050-7060-S1 (n5)
I1210 22:10:06.012995  7067 master.cpp:2545] Launching task ct:1449785384292:0:27: of framework 20151210-214154-50331658-5050-6563-0000 (chronos-2.3.4) at scheduler-f67ddb74-56cd-49d4-8d92-972e5f241df2@10.0.0.3:47306 with resources cpus(*):0.001; mem(*):1; disk(*):1 on slave 20151210-220817-50331658-5050-7060-S1 at slave(1)@10.0.0.6:5051 (n5)
I1210 22:10:06.013360  7067 master.hpp:822] Adding task ct:1449785385208:0:30: with resources cpus(*):0.001; mem(*):1; disk(*):1 on slave 20151210-220817-50331658-5050-7060-S1 (n5)
I1210 22:10:06.013391  7067 master.cpp:2545] Launching task ct:1449785385208:0:30: of framework 20151210-214154-50331658-5050-6563-0000 (chronos-2.3.4) at scheduler-f67ddb74-56cd-49d4-8d92-972e5f241df2@10.0.0.3:47306 with resources cpus(*):0.001; mem(*):1; disk(*):1 on slave 20151210-220817-50331658-5050-7060-S1 at slave(1)@10.0.0.6:5051 (n5)
I1210 22:10:06.013613  7067 master.hpp:822] Adding task ct:1449785385875:0:6: with resources cpus(*):0.001; mem(*):1; disk(*):1 on slave 20151210-220817-50331658-5050-7060-S1 (n5)
I1210 22:10:06.013635  7067 master.cpp:2545] Launching task ct:1449785385875:0:6: of framework 20151210-214154-50331658-5050-6563-0000 (chronos-2.3.4) at scheduler-f67ddb74-56cd-49d4-8d92-972e5f241df2@10.0.0.3:47306 with resources cpus(*):0.001; mem(*):1; disk(*):1 on slave 20151210-220817-50331658-5050-7060-S1 at slave(1)@10.0.0.6:5051 (n5)
I1210 22:10:06.013841  7067 master.hpp:822] Adding task ct:1449785386357:0:38: with resources cpus(*):0.001; mem(*):1; disk(*):1 on slave 20151210-220817-50331658-5050-7060-S1 (n5)
I1210 22:10:06.013870  7067 master.cpp:2545] Launching task ct:1449785386357:0:38: of framework 20151210-214154-50331658-5050-6563-0000 (chronos-2.3.4) at scheduler-f67ddb74-56cd-49d4-8d92-972e5f241df2@10.0.0.3:47306 with resources cpus(*):0.001; mem(*):1; disk(*):1 on slave 20151210-220817-50331658-5050-7060-S1 at slave(1)@10.0.0.6:5051 (n5)
I1210 22:10:06.014066  7067 master.hpp:822] Adding task ct:1449785386328:0:29: with resources cpus(*):0.001; mem(*):1; disk(*):1 on slave 20151210-220817-50331658-5050-7060-S1 (n5)
I1210 22:10:06.014088  7067 master.cpp:2545] Launching task ct:1449785386328:0:29: of framework 20151210-214154-50331658-5050-6563-0000 (chronos-2.3.4) at scheduler-f67ddb74-56cd-49d4-8d92-972e5f241df2@10.0.0.3:47306 with resources cpus(*):0.001; mem(*):1; disk(*):1 on slave 20151210-220817-50331658-5050-7060-S1 at slave(1)@10.0.0.6:5051 (n5)
I1210 22:10:06.014451  7067 master.hpp:822] Adding task ct:1449785389945:0:22: with resources cpus(*):0.001; mem(*):1; disk(*):1 on slave 20151210-220817-50331658-5050-7060-S1 (n5)
I1210 22:10:06.014475  7067 master.cpp:2545] Launching task ct:1449785389945:0:22: of framework 20151210-214154-50331658-5050-6563-0000 (chronos-2.3.4) at scheduler-f67ddb74-56cd-49d4-8d92-972e5f241df2@10.0.0.3:47306 with resources cpus(*):0.001; mem(*):1; disk(*):1 on slave 20151210-220817-50331658-5050-7060-S1 at slave(1)@10.0.0.6:5051 (n5)
I1210 22:10:06.014669  7067 master.hpp:822] Adding task ct:1449785393464:0:13: with resources cpus(*):0.001; mem(*):1; disk(*):1 on slave 20151210-220817-50331658-5050-7060-S1 (n5)
I1210 22:10:06.014691  7067 master.cpp:2545] Launching task ct:1449785393464:0:13: of framework 20151210-214154-50331658-5050-6563-0000 (chronos-2.3.4) at scheduler-f67ddb74-56cd-49d4-8d92-972e5f241df2@10.0.0.3:47306 with resources cpus(*):0.001; mem(*):1; disk(*):1 on slave 20151210-220817-50331658-5050-7060-S1 at slave(1)@10.0.0.6:5051 (n5)
I1210 22:10:06.014878  7067 master.hpp:822] Adding task ct:1449785395287:0:32: with resources cpus(*):0.001; mem(*):1; disk(*):1 on slave 20151210-220817-50331658-5050-7060-S1 (n5)
I1210 22:10:06.014899  7067 master.cpp:2545] Launching task ct:1449785395287:0:32: of framework 20151210-214154-50331658-5050-6563-0000 (chronos-2.3.4) at scheduler-f67ddb74-56cd-49d4-8d92-972e5f241df2@10.0.0.3:47306 with resources cpus(*):0.001; mem(*):1; disk(*):1 on slave 20151210-220817-50331658-5050-7060-S1 at slave(1)@10.0.0.6:5051 (n5)
I1210 22:10:06.015100  7067 master.hpp:822] Adding task ct:1449785400585:0:1: with resources cpus(*):0.001; mem(*):1; disk(*):1 on slave 20151210-220817-50331658-5050-7060-S1 (n5)
I1210 22:10:06.015126  7067 master.cpp:2545] Launching task ct:1449785400585:0:1: of framework 20151210-214154-50331658-5050-6563-0000 (chronos-2.3.4) at scheduler-f67ddb74-56cd-49d4-8d92-972e5f241df2@10.0.0.3:47306 with resources cpus(*):0.001; mem(*):1; disk(*):1 on slave 20151210-220817-50331658-5050-7060-S1 at slave(1)@10.0.0.6:5051 (n5)
I1210 22:10:06.015321  7067 master.hpp:822] Adding task ct:1449785401055:0:31: with resources cpus(*):0.001; mem(*):1; disk(*):1 on slave 20151210-220817-50331658-5050-7060-S1 (n5)
I1210 22:10:06.015343  7067 master.cpp:2545] Launching task ct:1449785401055:0:31: of framework 20151210-214154-50331658-5050-6563-0000 (chronos-2.3.4) at scheduler-f67ddb74-56cd-49d4-8d92-972e5f241df2@10.0.0.3:47306 with resources cpus(*):0.001; mem(*):1; disk(*):1 on slave 20151210-220817-50331658-5050-7060-S1 at slave(1)@10.0.0.6:5051 (n5)
I1210 22:10:06.015529  7067 master.hpp:822] Adding task ct:1449785401108:0:12: with resources cpus(*):0.001; mem(*):1; disk(*):1 on slave 20151210-220817-50331658-5050-7060-S1 (n5)
I1210 22:10:06.015554  7067 master.cpp:2545] Launching task ct:1449785401108:0:12: of framework 20151210-214154-50331658-5050-6563-0000 (chronos-2.3.4) at scheduler-f67ddb74-56cd-49d4-8d92-972e5f241df2@10.0.0.3:47306 with resources cpus(*):0.001; mem(*):1; disk(*):1 on slave 20151210-220817-50331658-5050-7060-S1 at slave(1)@10.0.0.6:5051 (n5)
I1210 22:10:06.015750  7067 master.hpp:822] Adding task ct:1449785402370:0:7: with resources cpus(*):0.001; mem(*):1; disk(*):1 on slave 20151210-220817-50331658-5050-7060-S1 (n5)
I1210 22:10:06.015776  7067 master.cpp:2545] Launching task ct:1449785402370:0:7: of framework 20151210-214154-50331658-5050-6563-0000 (chronos-2.3.4) at scheduler-f67ddb74-56cd-49d4-8d92-972e5f241df2@10.0.0.3:47306 with resources cpus(*):0.001; mem(*):1; disk(*):1 on slave 20151210-220817-50331658-5050-7060-S1 at slave(1)@10.0.0.6:5051 (n5)
I1210 22:10:06.015972  7067 master.hpp:822] Adding task ct:1449785403333:0:28: with resources cpus(*):0.001; mem(*):1; disk(*):1 on slave 20151210-220817-50331658-5050-7060-S1 (n5)
I1210 22:10:06.015992  7067 master.cpp:2545] Launching task ct:1449785403333:0:28: of framework 20151210-214154-50331658-5050-6563-0000 (chronos-2.3.4) at scheduler-f67ddb74-56cd-49d4-8d92-972e5f241df2@10.0.0.3:47306 with resources cpus(*):0.001; mem(*):1; disk(*):1 on slave 20151210-220817-50331658-5050-7060-S1 at slave(1)@10.0.0.6:5051 (n5)
I1210 22:10:06.016181  7067 master.hpp:822] Adding task ct:1449785403188:0:18: with resources cpus(*):0.001; mem(*):1; disk(*):1 on slave 20151210-220817-50331658-5050-7060-S1 (n5)
I1210 22:10:06.016202  7067 master.cpp:2545] Launching task ct:1449785403188:0:18: of framework 20151210-214154-50331658-5050-6563-0000 (chronos-2.3.4) at scheduler-f67ddb74-56cd-49d4-8d92-972e5f241df2@10.0.0.3:47306 with resources cpus(*):0.001; mem(*):1; disk(*):1 on slave 20151210-220817-50331658-5050-7060-S1 at slave(1)@10.0.0.6:5051 (n5)
I1210 22:10:06.016389  7067 master.hpp:822] Adding task ct:1449785403595:0:21: with resources cpus(*):0.001; mem(*):1; disk(*):1 on slave 20151210-220817-50331658-5050-7060-S1 (n5)
I1210 22:10:06.016409  7067 master.cpp:2545] Launching task ct:1449785403595:0:21: of framework 20151210-214154-50331658-5050-6563-0000 (chronos-2.3.4) at scheduler-f67ddb74-56cd-49d4-8d92-972e5f241df2@10.0.0.3:47306 with resources cpus(*):0.001; mem(*):1; disk(*):1 on slave 20151210-220817-50331658-5050-7060-S1 at slave(1)@10.0.0.6:5051 (n5)
I1210 22:10:06.016547  7061 hierarchical.hpp:648] Recovered cpus(*):0.982; mem(*):2909; disk(*):33154; ports(*):[31000-32000] (total allocatable: cpus(*):0.982; mem(*):2909; disk(*):33154; ports(*):[31000-32000]) on slave 20151210-220817-50331658-5050-7060-S1 from framework 20151210-214154-50331658-5050-6563-0000
I1210 22:10:06.016579  7061 hierarchical.hpp:684] Framework 20151210-214154-50331658-5050-6563-0000 filtered slave 20151210-220817-50331658-5050-7060-S1 for 5secs
I1210 22:10:06.739606  7064 master.cpp:3295] Status update TASK_RUNNING (UUID: 2433e72c-3d09-4eee-9ac5-92da9cbaede9) for task ct:1449785383073:0:20: of framework 20151210-214154-50331658-5050-6563-0000 from slave 20151210-220817-50331658-5050-7060-S1 at slave(1)@10.0.0.6:5051 (n5)
I1210 22:10:06.739707  7064 master.cpp:3336] Forwarding status update TASK_RUNNING (UUID: 2433e72c-3d09-4eee-9ac5-92da9cbaede9) for task ct:1449785383073:0:20: of framework 20151210-214154-50331658-5050-6563-0000
I1210 22:10:06.739763  7064 master.cpp:4618] Updating the latest state of task ct:1449785383073:0:20: of framework 20151210-214154-50331658-5050-6563-0000 to TASK_RUNNING
I1210 22:10:06.740790  7062 master.cpp:2782] Forwarding status update acknowledgement 2433e72c-3d09-4eee-9ac5-92da9cbaede9 for task ct:1449785383073:0:20: of framework 20151210-214154-50331658-5050-6563-0000 (chronos-2.3.4) at scheduler-f67ddb74-56cd-49d4-8d92-972e5f241df2@10.0.0.3:47306 to slave 20151210-220817-50331658-5050-7060-S1 at slave(1)@10.0.0.6:5051 (n5)
I1210 22:10:06.746568  7062 master.cpp:3295] Status update TASK_RUNNING (UUID: 69913138-8b63-4b7c-953f-81464b4b000b) for task ct:1449785382804:0:4: of framework 20151210-214154-50331658-5050-6563-0000 from slave 20151210-220817-50331658-5050-7060-S1 at slave(1)@10.0.0.6:5051 (n5)
I1210 22:10:06.746608  7062 master.cpp:3336] Forwarding status update TASK_RUNNING (UUID: 69913138-8b63-4b7c-953f-81464b4b000b) for task ct:1449785382804:0:4: of framework 20151210-214154-50331658-5050-6563-0000
I1210 22:10:06.746708  7062 master.cpp:4618] Updating the latest state of task ct:1449785382804:0:4: of framework 20151210-214154-50331658-5050-6563-0000 to TASK_RUNNING
I1210 22:10:06.747756  7066 master.cpp:2782] Forwarding status update acknowledgement 69913138-8b63-4b7c-953f-81464b4b000b for task ct:1449785382804:0:4: of framework 20151210-214154-50331658-5050-6563-0000 (chronos-2.3.4) at scheduler-f67ddb74-56cd-49d4-8d92-972e5f241df2@10.0.0.3:47306 to slave 20151210-220817-50331658-5050-7060-S1 at slave(1)@10.0.0.6:5051 (n5)
I1210 22:10:06.817720  7066 master.cpp:3295] Status update TASK_RUNNING (UUID: 025d3656-ecfe-4ee0-bc9f-6db65a20bcb6) for task ct:1449785385875:0:6: of framework 20151210-214154-50331658-5050-6563-0000 from slave 20151210-220817-50331658-5050-7060-S1 at slave(1)@10.0.0.6:5051 (n5)
I1210 22:10:06.817805  7066 master.cpp:3336] Forwarding status update TASK_RUNNING (UUID: 025d3656-ecfe-4ee0-bc9f-6db65a20bcb6) for task ct:1449785385875:0:6: of framework 20151210-214154-50331658-5050-6563-0000
I1210 22:10:06.817859  7066 master.cpp:4618] Updating the latest state of task ct:1449785385875:0:6: of framework 20151210-214154-50331658-5050-6563-0000 to TASK_RUNNING
I1210 22:10:06.818961  7065 master.cpp:2782] Forwarding status update acknowledgement 025d3656-ecfe-4ee0-bc9f-6db65a20bcb6 for task ct:1449785385875:0:6: of framework 20151210-214154-50331658-5050-6563-0000 (chronos-2.3.4) at scheduler-f67ddb74-56cd-49d4-8d92-972e5f241df2@10.0.0.3:47306 to slave 20151210-220817-50331658-5050-7060-S1 at slave(1)@10.0.0.6:5051 (n5)
I1210 22:10:06.846689  7065 master.cpp:3295] Status update TASK_RUNNING (UUID: 2b5275c5-aba4-4d4a-96ff-61ef808b71b9) for task ct:1449785385208:0:30: of framework 20151210-214154-50331658-5050-6563-0000 from slave 20151210-220817-50331658-5050-7060-S1 at slave(1)@10.0.0.6:5051 (n5)
I1210 22:10:06.846726  7065 master.cpp:3336] Forwarding status update TASK_RUNNING (UUID: 2b5275c5-aba4-4d4a-96ff-61ef808b71b9) for task ct:1449785385208:0:30: of framework 20151210-214154-50331658-5050-6563-0000
I1210 22:10:06.846777  7065 master.cpp:4618] Updating the latest state of task ct:1449785385208:0:30: of framework 20151210-214154-50331658-5050-6563-0000 to TASK_RUNNING
I1210 22:10:06.847977  7063 master.cpp:2782] Forwarding status update acknowledgement 2b5275c5-aba4-4d4a-96ff-61ef808b71b9 for task ct:1449785385208:0:30: of framework 20151210-214154-50331658-5050-6563-0000 (chronos-2.3.4) at scheduler-f67ddb74-56cd-49d4-8d92-972e5f241df2@10.0.0.3:47306 to slave 20151210-220817-50331658-5050-7060-S1 at slave(1)@10.0.0.6:5051 (n5)
I1210 22:10:06.886457  7061 master.cpp:3295] Status update TASK_RUNNING (UUID: fdc240f0-fc1d-42a5-ae4a-ef00fdb66e66) for task ct:1449785384292:0:27: of framework 20151210-214154-50331658-5050-6563-0000 from slave 20151210-220817-50331658-5050-7060-S1 at slave(1)@10.0.0.6:5051 (n5)
I1210 22:10:06.886554  7061 master.cpp:3336] Forwarding status update TASK_RUNNING (UUID: fdc240f0-fc1d-42a5-ae4a-ef00fdb66e66) for task ct:1449785384292:0:27: of framework 20151210-214154-50331658-5050-6563-0000
I1210 22:10:06.886611  7061 master.cpp:4618] Updating the latest state of task ct:1449785384292:0:27: of framework 20151210-214154-50331658-5050-6563-0000 to TASK_RUNNING
I1210 22:10:06.887743  7068 master.cpp:2782] Forwarding status update acknowledgement fdc240f0-fc1d-42a5-ae4a-ef00fdb66e66 for task ct:1449785384292:0:27: of framework 20151210-214154-50331658-5050-6563-0000 (chronos-2.3.4) at scheduler-f67ddb74-56cd-49d4-8d92-972e5f241df2@10.0.0.3:47306 to slave 20151210-220817-50331658-5050-7060-S1 at slave(1)@10.0.0.6:5051 (n5)
I1210 22:10:06.917361  7061 hierarchical.hpp:898] Filtered cpus(*):0.982; mem(*):2909; disk(*):33154; ports(*):[31000-32000] on slave 20151210-220817-50331658-5050-7060-S1 for framework 20151210-214154-50331658-5050-6563-0000
I1210 22:10:06.917583  7061 hierarchical.hpp:741] Performed allocation for 2 slaves in 290206ns
I1210 22:10:06.917652  7064 master.cpp:3755] Sending 1 offers to framework 20151210-213335-67108874-5050-4921-0000 (TwitterScheduler) at scheduler-c64b5950-ee0f-4ee1-9fb3-60d79aea66aa@10.0.0.4:8083
I1210 22:10:06.926200  7062 master.cpp:3295] Status update TASK_RUNNING (UUID: 5598f56f-dea0-4ec7-aef2-086427b7f204) for task ct:1449785386357:0:38: of framework 20151210-214154-50331658-5050-6563-0000 from slave 20151210-220817-50331658-5050-7060-S1 at slave(1)@10.0.0.6:5051 (n5)
I1210 22:10:06.926236  7062 master.cpp:3336] Forwarding status update TASK_RUNNING (UUID: 5598f56f-dea0-4ec7-aef2-086427b7f204) for task ct:1449785386357:0:38: of framework 20151210-214154-50331658-5050-6563-0000
I1210 22:10:06.926318  7062 master.cpp:4618] Updating the latest state of task ct:1449785386357:0:38: of framework 20151210-214154-50331658-5050-6563-0000 to TASK_RUNNING
I1210 22:10:06.927438  7065 master.cpp:2782] Forwarding status update acknowledgement 5598f56f-dea0-4ec7-aef2-086427b7f204 for task ct:1449785386357:0:38: of framework 20151210-214154-50331658-5050-6563-0000 (chronos-2.3.4) at scheduler-f67ddb74-56cd-49d4-8d92-972e5f241df2@10.0.0.3:47306 to slave 20151210-220817-50331658-5050-7060-S1 at slave(1)@10.0.0.6:5051 (n5)
I1210 22:10:06.953608  7068 master.cpp:3295] Status update TASK_RUNNING (UUID: e091e346-6945-445f-a2a9-cd4ae8393795) for task ct:1449785386328:0:29: of framework 20151210-214154-50331658-5050-6563-0000 from slave 20151210-220817-50331658-5050-7060-S1 at slave(1)@10.0.0.6:5051 (n5)
I1210 22:10:06.953701  7068 master.cpp:3336] Forwarding status update TASK_RUNNING (UUID: e091e346-6945-445f-a2a9-cd4ae8393795) for task ct:1449785386328:0:29: of framework 20151210-214154-50331658-5050-6563-0000
I1210 22:10:06.953754  7068 master.cpp:4618] Updating the latest state of task ct:1449785386328:0:29: of framework 20151210-214154-50331658-5050-6563-0000 to TASK_RUNNING
I1210 22:10:06.954772  7064 master.cpp:2782] Forwarding status update acknowledgement e091e346-6945-445f-a2a9-cd4ae8393795 for task ct:1449785386328:0:29: of framework 20151210-214154-50331658-5050-6563-0000 (chronos-2.3.4) at scheduler-f67ddb74-56cd-49d4-8d92-972e5f241df2@10.0.0.3:47306 to slave 20151210-220817-50331658-5050-7060-S1 at slave(1)@10.0.0.6:5051 (n5)
I1210 22:10:06.990469  7066 master.cpp:3295] Status update TASK_RUNNING (UUID: 99e5bb4d-0f03-4554-8a54-9ed3baada425) for task ct:1449785393464:0:13: of framework 20151210-214154-50331658-5050-6563-0000 from slave 20151210-220817-50331658-5050-7060-S1 at slave(1)@10.0.0.6:5051 (n5)
I1210 22:10:06.990571  7066 master.cpp:3336] Forwarding status update TASK_RUNNING (UUID: 99e5bb4d-0f03-4554-8a54-9ed3baada425) for task ct:1449785393464:0:13: of framework 20151210-214154-50331658-5050-6563-0000
I1210 22:10:06.990631  7066 master.cpp:4618] Updating the latest state of task ct:1449785393464:0:13: of framework 20151210-214154-50331658-5050-6563-0000 to TASK_RUNNING
I1210 22:10:06.991740  7063 master.cpp:2782] Forwarding status update acknowledgement 99e5bb4d-0f03-4554-8a54-9ed3baada425 for task ct:1449785393464:0:13: of framework 20151210-214154-50331658-5050-6563-0000 (chronos-2.3.4) at scheduler-f67ddb74-56cd-49d4-8d92-972e5f241df2@10.0.0.3:47306 to slave 20151210-220817-50331658-5050-7060-S1 at slave(1)@10.0.0.6:5051 (n5)
I1210 22:10:06.995868  7068 master.cpp:3295] Status update TASK_RUNNING (UUID: e0beca87-f56d-4e87-9e57-4d1b650e6432) for task ct:1449785389945:0:22: of framework 20151210-214154-50331658-5050-6563-0000 from slave 20151210-220817-50331658-5050-7060-S1 at slave(1)@10.0.0.6:5051 (n5)
I1210 22:10:06.995896  7068 master.cpp:3336] Forwarding status update TASK_RUNNING (UUID: e0beca87-f56d-4e87-9e57-4d1b650e6432) for task ct:1449785389945:0:22: of framework 20151210-214154-50331658-5050-6563-0000
I1210 22:10:06.995934  7068 master.cpp:4618] Updating the latest state of task ct:1449785389945:0:22: of framework 20151210-214154-50331658-5050-6563-0000 to TASK_RUNNING
I1210 22:10:06.996704  7064 master.cpp:2782] Forwarding status update acknowledgement e0beca87-f56d-4e87-9e57-4d1b650e6432 for task ct:1449785389945:0:22: of framework 20151210-214154-50331658-5050-6563-0000 (chronos-2.3.4) at scheduler-f67ddb74-56cd-49d4-8d92-972e5f241df2@10.0.0.3:47306 to slave 20151210-220817-50331658-5050-7060-S1 at slave(1)@10.0.0.6:5051 (n5)
I1210 22:10:07.018362  7063 master.cpp:3295] Status update TASK_RUNNING (UUID: d98e164e-6f7e-49c6-aa88-6cbd23135bdd) for task ct:1449785395287:0:32: of framework 20151210-214154-50331658-5050-6563-0000 from slave 20151210-220817-50331658-5050-7060-S1 at slave(1)@10.0.0.6:5051 (n5)
I1210 22:10:07.018399  7063 master.cpp:3336] Forwarding status update TASK_RUNNING (UUID: d98e164e-6f7e-49c6-aa88-6cbd23135bdd) for task ct:1449785395287:0:32: of framework 20151210-214154-50331658-5050-6563-0000
I1210 22:10:07.018452  7063 master.cpp:4618] Updating the latest state of task ct:1449785395287:0:32: of framework 20151210-214154-50331658-5050-6563-0000 to TASK_RUNNING
I1210 22:10:07.019503  7062 master.cpp:2782] Forwarding status update acknowledgement d98e164e-6f7e-49c6-aa88-6cbd23135bdd for task ct:1449785395287:0:32: of framework 20151210-214154-50331658-5050-6563-0000 (chronos-2.3.4) at scheduler-f67ddb74-56cd-49d4-8d92-972e5f241df2@10.0.0.3:47306 to slave 20151210-220817-50331658-5050-7060-S1 at slave(1)@10.0.0.6:5051 (n5)
I1210 22:10:07.070086  7068 master.cpp:3295] Status update TASK_RUNNING (UUID: 7f61fa3b-5d06-4c7b-a62b-a8ca45eccf06) for task ct:1449785400585:0:1: of framework 20151210-214154-50331658-5050-6563-0000 from slave 20151210-220817-50331658-5050-7060-S1 at slave(1)@10.0.0.6:5051 (n5)
I1210 22:10:07.070180  7068 master.cpp:3336] Forwarding status update TASK_RUNNING (UUID: 7f61fa3b-5d06-4c7b-a62b-a8ca45eccf06) for task ct:1449785400585:0:1: of framework 20151210-214154-50331658-5050-6563-0000
I1210 22:10:07.070235  7068 master.cpp:4618] Updating the latest state of task ct:1449785400585:0:1: of framework 20151210-214154-50331658-5050-6563-0000 to TASK_RUNNING
I1210 22:10:07.071362  7064 master.cpp:2782] Forwarding status update acknowledgement 7f61fa3b-5d06-4c7b-a62b-a8ca45eccf06 for task ct:1449785400585:0:1: of framework 20151210-214154-50331658-5050-6563-0000 (chronos-2.3.4) at scheduler-f67ddb74-56cd-49d4-8d92-972e5f241df2@10.0.0.3:47306 to slave 20151210-220817-50331658-5050-7060-S1 at slave(1)@10.0.0.6:5051 (n5)
I1210 22:10:07.079085  7066 master.cpp:3295] Status update TASK_RUNNING (UUID: 01246dce-3b67-4bef-8817-03c6822e734b) for task ct:1449785401055:0:31: of framework 20151210-214154-50331658-5050-6563-0000 from slave 20151210-220817-50331658-5050-7060-S1 at slave(1)@10.0.0.6:5051 (n5)
I1210 22:10:07.079131  7066 master.cpp:3336] Forwarding status update TASK_RUNNING (UUID: 01246dce-3b67-4bef-8817-03c6822e734b) for task ct:1449785401055:0:31: of framework 20151210-214154-50331658-5050-6563-0000
I1210 22:10:07.079183  7066 master.cpp:4618] Updating the latest state of task ct:1449785401055:0:31: of framework 20151210-214154-50331658-5050-6563-0000 to TASK_RUNNING
I1210 22:10:07.080236  7063 master.cpp:2782] Forwarding status update acknowledgement 01246dce-3b67-4bef-8817-03c6822e734b for task ct:1449785401055:0:31: of framework 20151210-214154-50331658-5050-6563-0000 (chronos-2.3.4) at scheduler-f67ddb74-56cd-49d4-8d92-972e5f241df2@10.0.0.3:47306 to slave 20151210-220817-50331658-5050-7060-S1 at slave(1)@10.0.0.6:5051 (n5)
I1210 22:10:07.105186  7064 master.cpp:3295] Status update TASK_RUNNING (UUID: df629a66-1084-4a96-8f30-08053cb25da3) for task ct:1449785402370:0:7: of framework 20151210-214154-50331658-5050-6563-0000 from slave 20151210-220817-50331658-5050-7060-S1 at slave(1)@10.0.0.6:5051 (n5)
I1210 22:10:07.105223  7064 master.cpp:3336] Forwarding status update TASK_RUNNING (UUID: df629a66-1084-4a96-8f30-08053cb25da3) for task ct:1449785402370:0:7: of framework 20151210-214154-50331658-5050-6563-0000
I1210 22:10:07.105309  7064 master.cpp:4618] Updating the latest state of task ct:1449785402370:0:7: of framework 20151210-214154-50331658-5050-6563-0000 to TASK_RUNNING
I1210 22:10:07.106328  7065 master.cpp:2782] Forwarding status update acknowledgement df629a66-1084-4a96-8f30-08053cb25da3 for task ct:1449785402370:0:7: of framework 20151210-214154-50331658-5050-6563-0000 (chronos-2.3.4) at scheduler-f67ddb74-56cd-49d4-8d92-972e5f241df2@10.0.0.3:47306 to slave 20151210-220817-50331658-5050-7060-S1 at slave(1)@10.0.0.6:5051 (n5)
I1210 22:10:07.133710  7066 master.cpp:3295] Status update TASK_RUNNING (UUID: 765b87c2-7b2f-4c37-a187-1ffe09cd1c94) for task ct:1449785403333:0:28: of framework 20151210-214154-50331658-5050-6563-0000 from slave 20151210-220817-50331658-5050-7060-S1 at slave(1)@10.0.0.6:5051 (n5)
I1210 22:10:07.133749  7066 master.cpp:3336] Forwarding status update TASK_RUNNING (UUID: 765b87c2-7b2f-4c37-a187-1ffe09cd1c94) for task ct:1449785403333:0:28: of framework 20151210-214154-50331658-5050-6563-0000
I1210 22:10:07.133802  7066 master.cpp:4618] Updating the latest state of task ct:1449785403333:0:28: of framework 20151210-214154-50331658-5050-6563-0000 to TASK_RUNNING
I1210 22:10:07.134860  7063 master.cpp:2782] Forwarding status update acknowledgement 765b87c2-7b2f-4c37-a187-1ffe09cd1c94 for task ct:1449785403333:0:28: of framework 20151210-214154-50331658-5050-6563-0000 (chronos-2.3.4) at scheduler-f67ddb74-56cd-49d4-8d92-972e5f241df2@10.0.0.3:47306 to slave 20151210-220817-50331658-5050-7060-S1 at slave(1)@10.0.0.6:5051 (n5)
I1210 22:10:07.178638  7068 master.cpp:3295] Status update TASK_RUNNING (UUID: 5cbca5f2-00b7-46e8-8e84-b91a14077191) for task ct:1449785403188:0:18: of framework 20151210-214154-50331658-5050-6563-0000 from slave 20151210-220817-50331658-5050-7060-S1 at slave(1)@10.0.0.6:5051 (n5)
I1210 22:10:07.178678  7068 master.cpp:3336] Forwarding status update TASK_RUNNING (UUID: 5cbca5f2-00b7-46e8-8e84-b91a14077191) for task ct:1449785403188:0:18: of framework 20151210-214154-50331658-5050-6563-0000
I1210 22:10:07.178730  7068 master.cpp:4618] Updating the latest state of task ct:1449785403188:0:18: of framework 20151210-214154-50331658-5050-6563-0000 to TASK_RUNNING
I1210 22:10:07.179865  7061 master.cpp:2782] Forwarding status update acknowledgement 5cbca5f2-00b7-46e8-8e84-b91a14077191 for task ct:1449785403188:0:18: of framework 20151210-214154-50331658-5050-6563-0000 (chronos-2.3.4) at scheduler-f67ddb74-56cd-49d4-8d92-972e5f241df2@10.0.0.3:47306 to slave 20151210-220817-50331658-5050-7060-S1 at slave(1)@10.0.0.6:5051 (n5)
I1210 22:10:07.182834  7062 master.cpp:3295] Status update TASK_FINISHED (UUID: f7e283a2-f73a-4671-8cf4-713fce3abcdf) for task ct:1449785401055:0:31: of framework 20151210-214154-50331658-5050-6563-0000 from slave 20151210-220817-50331658-5050-7060-S1 at slave(1)@10.0.0.6:5051 (n5)
I1210 22:10:07.182881  7062 master.cpp:3336] Forwarding status update TASK_FINISHED (UUID: f7e283a2-f73a-4671-8cf4-713fce3abcdf) for task ct:1449785401055:0:31: of framework 20151210-214154-50331658-5050-6563-0000
I1210 22:10:07.183117  7062 master.cpp:4618] Updating the latest state of task ct:1449785401055:0:31: of framework 20151210-214154-50331658-5050-6563-0000 to TASK_FINISHED
I1210 22:10:07.183193  7062 hierarchical.hpp:648] Recovered cpus(*):0.001; mem(*):1; disk(*):1 (total allocatable: cpus(*):0.001; mem(*):1; disk(*):1) on slave 20151210-220817-50331658-5050-7060-S1 from framework 20151210-214154-50331658-5050-6563-0000
I1210 22:10:07.198071  7063 master.cpp:4685] Removing task ct:1449785401055:0:31: with resources cpus(*):0.001; mem(*):1; disk(*):1 of framework 20151210-214154-50331658-5050-6563-0000 on slave 20151210-220817-50331658-5050-7060-S1 at slave(1)@10.0.0.6:5051 (n5)
I1210 22:10:07.198146  7063 master.cpp:2782] Forwarding status update acknowledgement f7e283a2-f73a-4671-8cf4-713fce3abcdf for task ct:1449785401055:0:31: of framework 20151210-214154-50331658-5050-6563-0000 (chronos-2.3.4) at scheduler-f67ddb74-56cd-49d4-8d92-972e5f241df2@10.0.0.3:47306 to slave 20151210-220817-50331658-5050-7060-S1 at slave(1)@10.0.0.6:5051 (n5)
I1210 22:10:07.204504  7068 master.cpp:3295] Status update TASK_RUNNING (UUID: fcd70dca-d1c6-40e6-b5e4-809e69011b02) for task ct:1449785401108:0:12: of framework 20151210-214154-50331658-5050-6563-0000 from slave 20151210-220817-50331658-5050-7060-S1 at slave(1)@10.0.0.6:5051 (n5)
I1210 22:10:07.204586  7068 master.cpp:3336] Forwarding status update TASK_RUNNING (UUID: fcd70dca-d1c6-40e6-b5e4-809e69011b02) for task ct:1449785401108:0:12: of framework 20151210-214154-50331658-5050-6563-0000
I1210 22:10:07.204643  7068 master.cpp:4618] Updating the latest state of task ct:1449785401108:0:12: of framework 20151210-214154-50331658-5050-6563-0000 to TASK_RUNNING
I1210 22:10:07.205799  7061 master.cpp:2782] Forwarding status update acknowledgement fcd70dca-d1c6-40e6-b5e4-809e69011b02 for task ct:1449785401108:0:12: of framework 20151210-214154-50331658-5050-6563-0000 (chronos-2.3.4) at scheduler-f67ddb74-56cd-49d4-8d92-972e5f241df2@10.0.0.3:47306 to slave 20151210-220817-50331658-5050-7060-S1 at slave(1)@10.0.0.6:5051 (n5)
I1210 22:10:07.231149  7062 master.cpp:3295] Status update TASK_RUNNING (UUID: 057ae91b-06cf-4bde-bc38-1444df18c60a) for task ct:1449785381620:0:8: of framework 20151210-214154-50331658-5050-6563-0000 from slave 20151210-220817-50331658-5050-7060-S1 at slave(1)@10.0.0.6:5051 (n5)
I1210 22:10:07.231238  7062 master.cpp:3336] Forwarding status update TASK_RUNNING (UUID: 057ae91b-06cf-4bde-bc38-1444df18c60a) for task ct:1449785381620:0:8: of framework 20151210-214154-50331658-5050-6563-0000
I1210 22:10:07.231294  7062 master.cpp:4618] Updating the latest state of task ct:1449785381620:0:8: of framework 20151210-214154-50331658-5050-6563-0000 to TASK_RUNNING
I1210 22:10:07.232599  7064 master.cpp:2782] Forwarding status update acknowledgement 057ae91b-06cf-4bde-bc38-1444df18c60a for task ct:1449785381620:0:8: of framework 20151210-214154-50331658-5050-6563-0000 (chronos-2.3.4) at scheduler-f67ddb74-56cd-49d4-8d92-972e5f241df2@10.0.0.3:47306 to slave 20151210-220817-50331658-5050-7060-S1 at slave(1)@10.0.0.6:5051 (n5)
I1210 22:10:07.239918  7065 master.cpp:3295] Status update TASK_RUNNING (UUID: dcff04d1-2ee5-4aeb-9a53-8007535adefd) for task ct:1449785403595:0:21: of framework 20151210-214154-50331658-5050-6563-0000 from slave 20151210-220817-50331658-5050-7060-S1 at slave(1)@10.0.0.6:5051 (n5)
I1210 22:10:07.239948  7065 master.cpp:3336] Forwarding status update TASK_RUNNING (UUID: dcff04d1-2ee5-4aeb-9a53-8007535adefd) for task ct:1449785403595:0:21: of framework 20151210-214154-50331658-5050-6563-0000
I1210 22:10:07.240005  7065 master.cpp:4618] Updating the latest state of task ct:1449785403595:0:21: of framework 20151210-214154-50331658-5050-6563-0000 to TASK_RUNNING
I1210 22:10:07.241147  7066 master.cpp:2782] Forwarding status update acknowledgement dcff04d1-2ee5-4aeb-9a53-8007535adefd for task ct:1449785403595:0:21: of framework 20151210-214154-50331658-5050-6563-0000 (chronos-2.3.4) at scheduler-f67ddb74-56cd-49d4-8d92-972e5f241df2@10.0.0.3:47306 to slave 20151210-220817-50331658-5050-7060-S1 at slave(1)@10.0.0.6:5051 (n5)
I1210 22:10:07.919133  7062 hierarchical.hpp:834] No resources available to allocate!
I1210 22:10:07.919203  7062 hierarchical.hpp:741] Performed allocation for 2 slaves in 147998ns
I1210 22:10:08.061864  7062 master.cpp:3295] Status update TASK_FINISHED (UUID: 327feee5-f0c8-4d12-9441-29d7e9af54b0) for task ct:1449785382804:0:4: of framework 20151210-214154-50331658-5050-6563-0000 from slave 20151210-220817-50331658-5050-7060-S1 at slave(1)@10.0.0.6:5051 (n5)
I1210 22:10:08.061908  7062 master.cpp:3336] Forwarding status update TASK_FINISHED (UUID: 327feee5-f0c8-4d12-9441-29d7e9af54b0) for task ct:1449785382804:0:4: of framework 20151210-214154-50331658-5050-6563-0000
I1210 22:10:08.061972  7062 master.cpp:4618] Updating the latest state of task ct:1449785382804:0:4: of framework 20151210-214154-50331658-5050-6563-0000 to TASK_FINISHED
I1210 22:10:08.062036  7062 hierarchical.hpp:648] Recovered cpus(*):0.001; mem(*):1; disk(*):1 (total allocatable: cpus(*):0.002; mem(*):2; disk(*):2) on slave 20151210-220817-50331658-5050-7060-S1 from framework 20151210-214154-50331658-5050-6563-0000
I1210 22:10:08.081641  7062 master.cpp:4685] Removing task ct:1449785382804:0:4: with resources cpus(*):0.001; mem(*):1; disk(*):1 of framework 20151210-214154-50331658-5050-6563-0000 on slave 20151210-220817-50331658-5050-7060-S1 at slave(1)@10.0.0.6:5051 (n5)
I1210 22:10:08.081712  7062 master.cpp:2782] Forwarding status update acknowledgement 327feee5-f0c8-4d12-9441-29d7e9af54b0 for task ct:1449785382804:0:4: of framework 20151210-214154-50331658-5050-6563-0000 (chronos-2.3.4) at scheduler-f67ddb74-56cd-49d4-8d92-972e5f241df2@10.0.0.3:47306 to slave 20151210-220817-50331658-5050-7060-S1 at slave(1)@10.0.0.6:5051 (n5)
I1210 22:10:08.187333  7063 master.cpp:3295] Status update TASK_FINISHED (UUID: 695a580b-23b7-480e-8647-a85b749deeb5) for task ct:1449785400585:0:1: of framework 20151210-214154-50331658-5050-6563-0000 from slave 20151210-220817-50331658-5050-7060-S1 at slave(1)@10.0.0.6:5051 (n5)
I1210 22:10:08.187377  7063 master.cpp:3336] Forwarding status update TASK_FINISHED (UUID: 695a580b-23b7-480e-8647-a85b749deeb5) for task ct:1449785400585:0:1: of framework 20151210-214154-50331658-5050-6563-0000
I1210 22:10:08.187443  7063 master.cpp:4618] Updating the latest state of task ct:1449785400585:0:1: of framework 20151210-214154-50331658-5050-6563-0000 to TASK_FINISHED
I1210 22:10:08.187515  7063 hierarchical.hpp:648] Recovered cpus(*):0.001; mem(*):1; disk(*):1 (total allocatable: cpus(*):0.003; mem(*):3; disk(*):3) on slave 20151210-220817-50331658-5050-7060-S1 from framework 20151210-214154-50331658-5050-6563-0000
I1210 22:10:08.215893  7063 master.cpp:4685] Removing task ct:1449785400585:0:1: with resources cpus(*):0.001; mem(*):1; disk(*):1 of framework 20151210-214154-50331658-5050-6563-0000 on slave 20151210-220817-50331658-5050-7060-S1 at slave(1)@10.0.0.6:5051 (n5)
I1210 22:10:08.215970  7063 master.cpp:2782] Forwarding status update acknowledgement 695a580b-23b7-480e-8647-a85b749deeb5 for task ct:1449785400585:0:1: of framework 20151210-214154-50331658-5050-6563-0000 (chronos-2.3.4) at scheduler-f67ddb74-56cd-49d4-8d92-972e5f241df2@10.0.0.3:47306 to slave 20151210-220817-50331658-5050-7060-S1 at slave(1)@10.0.0.6:5051 (n5)
I1210 22:10:08.257091  7063 master.cpp:3295] Status update TASK_FINISHED (UUID: c8202304-8475-41cf-8ff5-2e0594d44dfc) for task ct:1449785403333:0:28: of framework 20151210-214154-50331658-5050-6563-0000 from slave 20151210-220817-50331658-5050-7060-S1 at slave(1)@10.0.0.6:5051 (n5)
I1210 22:10:08.257177  7063 master.cpp:3336] Forwarding status update TASK_FINISHED (UUID: c8202304-8475-41cf-8ff5-2e0594d44dfc) for task ct:1449785403333:0:28: of framework 20151210-214154-50331658-5050-6563-0000
I1210 22:10:08.257251  7063 master.cpp:4618] Updating the latest state of task ct:1449785403333:0:28: of framework 20151210-214154-50331658-5050-6563-0000 to TASK_FINISHED
I1210 22:10:08.257328  7063 hierarchical.hpp:648] Recovered cpus(*):0.001; mem(*):1; disk(*):1 (total allocatable: cpus(*):0.004; mem(*):4; disk(*):4) on slave 20151210-220817-50331658-5050-7060-S1 from framework 20151210-214154-50331658-5050-6563-0000
I1210 22:10:08.273407  7063 master.cpp:4685] Removing task ct:1449785403333:0:28: with resources cpus(*):0.001; mem(*):1; disk(*):1 of framework 20151210-214154-50331658-5050-6563-0000 on slave 20151210-220817-50331658-5050-7060-S1 at slave(1)@10.0.0.6:5051 (n5)
I1210 22:10:08.273486  7063 master.cpp:2782] Forwarding status update acknowledgement c8202304-8475-41cf-8ff5-2e0594d44dfc for task ct:1449785403333:0:28: of framework 20151210-214154-50331658-5050-6563-0000 (chronos-2.3.4) at scheduler-f67ddb74-56cd-49d4-8d92-972e5f241df2@10.0.0.3:47306 to slave 20151210-220817-50331658-5050-7060-S1 at slave(1)@10.0.0.6:5051 (n5)
I1210 22:10:08.919791  7063 hierarchical.hpp:834] No resources available to allocate!
I1210 22:10:08.919862  7063 hierarchical.hpp:741] Performed allocation for 2 slaves in 157275ns
I1210 22:10:09.921274  7063 hierarchical.hpp:834] No resources available to allocate!
I1210 22:10:09.921422  7063 hierarchical.hpp:741] Performed allocation for 2 slaves in 248067ns
I1210 22:10:10.047730  7064 master.cpp:3295] Status update TASK_FINISHED (UUID: a11f510e-6184-4f9c-a108-abb549e0f7d7) for task ct:1449785384292:0:27: of framework 20151210-214154-50331658-5050-6563-0000 from slave 20151210-220817-50331658-5050-7060-S1 at slave(1)@10.0.0.6:5051 (n5)
I1210 22:10:10.047869  7064 master.cpp:3336] Forwarding status update TASK_FINISHED (UUID: a11f510e-6184-4f9c-a108-abb549e0f7d7) for task ct:1449785384292:0:27: of framework 20151210-214154-50331658-5050-6563-0000
I1210 22:10:10.047940  7064 master.cpp:4618] Updating the latest state of task ct:1449785384292:0:27: of framework 20151210-214154-50331658-5050-6563-0000 to TASK_FINISHED
I1210 22:10:10.048010  7064 hierarchical.hpp:648] Recovered cpus(*):0.001; mem(*):1; disk(*):1 (total allocatable: cpus(*):0.005; mem(*):5; disk(*):5) on slave 20151210-220817-50331658-5050-7060-S1 from framework 20151210-214154-50331658-5050-6563-0000
I1210 22:10:10.058581  7064 master.cpp:4685] Removing task ct:1449785384292:0:27: with resources cpus(*):0.001; mem(*):1; disk(*):1 of framework 20151210-214154-50331658-5050-6563-0000 on slave 20151210-220817-50331658-5050-7060-S1 at slave(1)@10.0.0.6:5051 (n5)
I1210 22:10:10.058647  7064 master.cpp:2782] Forwarding status update acknowledgement a11f510e-6184-4f9c-a108-abb549e0f7d7 for task ct:1449785384292:0:27: of framework 20151210-214154-50331658-5050-6563-0000 (chronos-2.3.4) at scheduler-f67ddb74-56cd-49d4-8d92-972e5f241df2@10.0.0.3:47306 to slave 20151210-220817-50331658-5050-7060-S1 at slave(1)@10.0.0.6:5051 (n5)
I1210 22:10:10.171634  7064 master.cpp:3295] Status update TASK_FINISHED (UUID: db911a77-a59d-4797-901d-65287998e361) for task ct:1449785402370:0:7: of framework 20151210-214154-50331658-5050-6563-0000 from slave 20151210-220817-50331658-5050-7060-S1 at slave(1)@10.0.0.6:5051 (n5)
I1210 22:10:10.171769  7064 master.cpp:3336] Forwarding status update TASK_FINISHED (UUID: db911a77-a59d-4797-901d-65287998e361) for task ct:1449785402370:0:7: of framework 20151210-214154-50331658-5050-6563-0000
I1210 22:10:10.171836  7064 master.cpp:4618] Updating the latest state of task ct:1449785402370:0:7: of framework 20151210-214154-50331658-5050-6563-0000 to TASK_FINISHED
I1210 22:10:10.171903  7064 hierarchical.hpp:648] Recovered cpus(*):0.001; mem(*):1; disk(*):1 (total allocatable: cpus(*):0.006; mem(*):6; disk(*):6) on slave 20151210-220817-50331658-5050-7060-S1 from framework 20151210-214154-50331658-5050-6563-0000
I1210 22:10:10.191439  7068 master.cpp:4685] Removing task ct:1449785402370:0:7: with resources cpus(*):0.001; mem(*):1; disk(*):1 of framework 20151210-214154-50331658-5050-6563-0000 on slave 20151210-220817-50331658-5050-7060-S1 at slave(1)@10.0.0.6:5051 (n5)
I1210 22:10:10.191575  7068 master.cpp:2782] Forwarding status update acknowledgement db911a77-a59d-4797-901d-65287998e361 for task ct:1449785402370:0:7: of framework 20151210-214154-50331658-5050-6563-0000 (chronos-2.3.4) at scheduler-f67ddb74-56cd-49d4-8d92-972e5f241df2@10.0.0.3:47306 to slave 20151210-220817-50331658-5050-7060-S1 at slave(1)@10.0.0.6:5051 (n5)
