I1210 22:09:03.966334  7063 master.cpp:4685] Removing task ct:1449785335188:0:18: with resources cpus(*):0.001; mem(*):1; disk(*):1 of framework 20151210-214154-50331658-5050-6563-0000 on slave 20151210-220817-50331658-5050-7060-S0 at slave(1)@10.0.0.5:5051 (n4)
I1210 22:09:03.966413  7063 master.cpp:2782] Forwarding status update acknowledgement 394b5c1a-6d65-4b8a-aad3-b9878f2d4402 for task ct:1449785335188:0:18: of framework 20151210-214154-50331658-5050-6563-0000 (chronos-2.3.4) at scheduler-f67ddb74-56cd-49d4-8d92-972e5f241df2@10.0.0.3:47306 to slave 20151210-220817-50331658-5050-7060-S0 at slave(1)@10.0.0.5:5051 (n4)
I1210 22:09:04.342927  7063 hierarchical.hpp:834] No resources available to allocate!
I1210 22:09:04.343006  7063 hierarchical.hpp:741] Performed allocation for 2 slaves in 143186ns
I1210 22:09:04.361851  7068 master.cpp:3295] Status update TASK_FINISHED (UUID: b752142e-5ea0-45aa-b44f-e4a37cf6c357) for task ct:1449785339333:0:28: of framework 20151210-214154-50331658-5050-6563-0000 from slave 20151210-220817-50331658-5050-7060-S1 at slave(1)@10.0.0.6:5051 (n5)
I1210 22:09:04.361933  7068 master.cpp:3336] Forwarding status update TASK_FINISHED (UUID: b752142e-5ea0-45aa-b44f-e4a37cf6c357) for task ct:1449785339333:0:28: of framework 20151210-214154-50331658-5050-6563-0000
I1210 22:09:04.361986  7068 master.cpp:4618] Updating the latest state of task ct:1449785339333:0:28: of framework 20151210-214154-50331658-5050-6563-0000 to TASK_FINISHED
I1210 22:09:04.362040  7068 hierarchical.hpp:648] Recovered cpus(*):0.001; mem(*):1; disk(*):1 (total allocatable: cpus(*):0.002; mem(*):2; disk(*):2) on slave 20151210-220817-50331658-5050-7060-S1 from framework 20151210-214154-50331658-5050-6563-0000
I1210 22:09:04.383700  7062 master.cpp:4685] Removing task ct:1449785339333:0:28: with resources cpus(*):0.001; mem(*):1; disk(*):1 of framework 20151210-214154-50331658-5050-6563-0000 on slave 20151210-220817-50331658-5050-7060-S1 at slave(1)@10.0.0.6:5051 (n5)
I1210 22:09:04.383787  7062 master.cpp:2782] Forwarding status update acknowledgement b752142e-5ea0-45aa-b44f-e4a37cf6c357 for task ct:1449785339333:0:28: of framework 20151210-214154-50331658-5050-6563-0000 (chronos-2.3.4) at scheduler-f67ddb74-56cd-49d4-8d92-972e5f241df2@10.0.0.3:47306 to slave 20151210-220817-50331658-5050-7060-S1 at slave(1)@10.0.0.6:5051 (n5)
I1210 22:09:04.910117  7064 master.cpp:3295] Status update TASK_FINISHED (UUID: 39262938-1fa4-4a8e-b90f-8640a478d060) for task ct:1449785335705:0:16: of framework 20151210-214154-50331658-5050-6563-0000 from slave 20151210-220817-50331658-5050-7060-S1 at slave(1)@10.0.0.6:5051 (n5)
I1210 22:09:04.910154  7064 master.cpp:3336] Forwarding status update TASK_FINISHED (UUID: 39262938-1fa4-4a8e-b90f-8640a478d060) for task ct:1449785335705:0:16: of framework 20151210-214154-50331658-5050-6563-0000
I1210 22:09:04.910204  7064 master.cpp:4618] Updating the latest state of task ct:1449785335705:0:16: of framework 20151210-214154-50331658-5050-6563-0000 to TASK_FINISHED
I1210 22:09:04.910255  7064 hierarchical.hpp:648] Recovered cpus(*):0.001; mem(*):1; disk(*):1 (total allocatable: cpus(*):0.003; mem(*):3; disk(*):3) on slave 20151210-220817-50331658-5050-7060-S1 from framework 20151210-214154-50331658-5050-6563-0000
I1210 22:09:04.937788  7064 master.cpp:4685] Removing task ct:1449785335705:0:16: with resources cpus(*):0.001; mem(*):1; disk(*):1 of framework 20151210-214154-50331658-5050-6563-0000 on slave 20151210-220817-50331658-5050-7060-S1 at slave(1)@10.0.0.6:5051 (n5)
I1210 22:09:04.937861  7064 master.cpp:2782] Forwarding status update acknowledgement 39262938-1fa4-4a8e-b90f-8640a478d060 for task ct:1449785335705:0:16: of framework 20151210-214154-50331658-5050-6563-0000 (chronos-2.3.4) at scheduler-f67ddb74-56cd-49d4-8d92-972e5f241df2@10.0.0.3:47306 to slave 20151210-220817-50331658-5050-7060-S1 at slave(1)@10.0.0.6:5051 (n5)
I1210 22:09:05.343557  7061 hierarchical.hpp:834] No resources available to allocate!
I1210 22:09:05.343648  7061 hierarchical.hpp:741] Performed allocation for 2 slaves in 165408ns
I1210 22:09:06.225893  7065 master.cpp:3295] Status update TASK_FINISHED (UUID: 2e3d420f-a458-4e37-8826-979673d0916f) for task ct:1449785337247:0:9: of framework 20151210-214154-50331658-5050-6563-0000 from slave 20151210-220817-50331658-5050-7060-S1 at slave(1)@10.0.0.6:5051 (n5)
I1210 22:09:06.225929  7065 master.cpp:3336] Forwarding status update TASK_FINISHED (UUID: 2e3d420f-a458-4e37-8826-979673d0916f) for task ct:1449785337247:0:9: of framework 20151210-214154-50331658-5050-6563-0000
I1210 22:09:06.225982  7065 master.cpp:4618] Updating the latest state of task ct:1449785337247:0:9: of framework 20151210-214154-50331658-5050-6563-0000 to TASK_FINISHED
I1210 22:09:06.226034  7065 hierarchical.hpp:648] Recovered cpus(*):0.001; mem(*):1; disk(*):1 (total allocatable: cpus(*):0.004; mem(*):4; disk(*):4) on slave 20151210-220817-50331658-5050-7060-S1 from framework 20151210-214154-50331658-5050-6563-0000
I1210 22:09:06.265591  7065 master.cpp:4685] Removing task ct:1449785337247:0:9: with resources cpus(*):0.001; mem(*):1; disk(*):1 of framework 20151210-214154-50331658-5050-6563-0000 on slave 20151210-220817-50331658-5050-7060-S1 at slave(1)@10.0.0.6:5051 (n5)
I1210 22:09:06.265686  7065 master.cpp:2782] Forwarding status update acknowledgement 2e3d420f-a458-4e37-8826-979673d0916f for task ct:1449785337247:0:9: of framework 20151210-214154-50331658-5050-6563-0000 (chronos-2.3.4) at scheduler-f67ddb74-56cd-49d4-8d92-972e5f241df2@10.0.0.3:47306 to slave 20151210-220817-50331658-5050-7060-S1 at slave(1)@10.0.0.6:5051 (n5)
I1210 22:09:06.344179  7065 hierarchical.hpp:834] No resources available to allocate!
I1210 22:09:06.344280  7065 hierarchical.hpp:741] Performed allocation for 2 slaves in 161246ns
I1210 22:09:07.344543  7067 hierarchical.hpp:834] No resources available to allocate!
I1210 22:09:07.344646  7067 hierarchical.hpp:741] Performed allocation for 2 slaves in 167344ns
I1210 22:09:07.566622  7069 process.cpp:2117] Dropped / Lost event for PID: slave-observer(2)@10.0.0.3:5050
I1210 22:09:08.345165  7066 hierarchical.hpp:834] No resources available to allocate!
I1210 22:09:08.345273  7066 hierarchical.hpp:741] Performed allocation for 2 slaves in 180893ns
I1210 22:09:09.345888  7062 hierarchical.hpp:834] No resources available to allocate!
I1210 22:09:09.345969  7062 hierarchical.hpp:741] Performed allocation for 2 slaves in 143417ns
I1210 22:09:10.347226  7063 hierarchical.hpp:834] No resources available to allocate!
I1210 22:09:10.347300  7063 hierarchical.hpp:741] Performed allocation for 2 slaves in 138819ns
I1210 22:09:10.370019  7068 master.cpp:3295] Status update TASK_FINISHED (UUID: 3c0dc6e9-a991-4d32-b06e-76084eab3aa5) for task ct:1449785340875:0:6: of framework 20151210-214154-50331658-5050-6563-0000 from slave 20151210-220817-50331658-5050-7060-S1 at slave(1)@10.0.0.6:5051 (n5)
I1210 22:09:10.370085  7068 master.cpp:3336] Forwarding status update TASK_FINISHED (UUID: 3c0dc6e9-a991-4d32-b06e-76084eab3aa5) for task ct:1449785340875:0:6: of framework 20151210-214154-50331658-5050-6563-0000
I1210 22:09:10.370138  7068 master.cpp:4618] Updating the latest state of task ct:1449785340875:0:6: of framework 20151210-214154-50331658-5050-6563-0000 to TASK_FINISHED
I1210 22:09:10.370198  7068 hierarchical.hpp:648] Recovered cpus(*):0.001; mem(*):1; disk(*):1 (total allocatable: cpus(*):0.005; mem(*):5; disk(*):5) on slave 20151210-220817-50331658-5050-7060-S1 from framework 20151210-214154-50331658-5050-6563-0000
I1210 22:09:10.407847  7064 master.cpp:4685] Removing task ct:1449785340875:0:6: with resources cpus(*):0.001; mem(*):1; disk(*):1 of framework 20151210-214154-50331658-5050-6563-0000 on slave 20151210-220817-50331658-5050-7060-S1 at slave(1)@10.0.0.6:5051 (n5)
I1210 22:09:10.407917  7064 master.cpp:2782] Forwarding status update acknowledgement 3c0dc6e9-a991-4d32-b06e-76084eab3aa5 for task ct:1449785340875:0:6: of framework 20151210-214154-50331658-5050-6563-0000 (chronos-2.3.4) at scheduler-f67ddb74-56cd-49d4-8d92-972e5f241df2@10.0.0.3:47306 to slave 20151210-220817-50331658-5050-7060-S1 at slave(1)@10.0.0.6:5051 (n5)
I1210 22:09:11.310932  7064 master.cpp:3295] Status update TASK_FINISHED (UUID: 5cb645d9-382b-4b00-9b73-07488e062633) for task ct:1449785338073:0:20: of framework 20151210-214154-50331658-5050-6563-0000 from slave 20151210-220817-50331658-5050-7060-S1 at slave(1)@10.0.0.6:5051 (n5)
I1210 22:09:11.311022  7064 master.cpp:3336] Forwarding status update TASK_FINISHED (UUID: 5cb645d9-382b-4b00-9b73-07488e062633) for task ct:1449785338073:0:20: of framework 20151210-214154-50331658-5050-6563-0000
I1210 22:09:11.311079  7064 master.cpp:4618] Updating the latest state of task ct:1449785338073:0:20: of framework 20151210-214154-50331658-5050-6563-0000 to TASK_FINISHED
I1210 22:09:11.311138  7064 hierarchical.hpp:648] Recovered cpus(*):0.001; mem(*):1; disk(*):1 (total allocatable: cpus(*):0.006; mem(*):6; disk(*):6) on slave 20151210-220817-50331658-5050-7060-S1 from framework 20151210-214154-50331658-5050-6563-0000
I1210 22:09:11.336907  7064 master.cpp:4685] Removing task ct:1449785338073:0:20: with resources cpus(*):0.001; mem(*):1; disk(*):1 of framework 20151210-214154-50331658-5050-6563-0000 on slave 20151210-220817-50331658-5050-7060-S1 at slave(1)@10.0.0.6:5051 (n5)
I1210 22:09:11.336980  7064 master.cpp:2782] Forwarding status update acknowledgement 5cb645d9-382b-4b00-9b73-07488e062633 for task ct:1449785338073:0:20: of framework 20151210-214154-50331658-5050-6563-0000 (chronos-2.3.4) at scheduler-f67ddb74-56cd-49d4-8d92-972e5f241df2@10.0.0.3:47306 to slave 20151210-220817-50331658-5050-7060-S1 at slave(1)@10.0.0.6:5051 (n5)
I1210 22:09:11.347654  7064 hierarchical.hpp:834] No resources available to allocate!
I1210 22:09:11.347739  7064 hierarchical.hpp:741] Performed allocation for 2 slaves in 141860ns
I1210 22:09:11.920105  7061 master.cpp:3295] Status update TASK_FINISHED (UUID: e442eace-30fc-478f-81d7-444079760fec) for task ct:1449785336798:0:17: of framework 20151210-214154-50331658-5050-6563-0000 from slave 20151210-220817-50331658-5050-7060-S1 at slave(1)@10.0.0.6:5051 (n5)
I1210 22:09:11.920200  7061 master.cpp:3336] Forwarding status update TASK_FINISHED (UUID: e442eace-30fc-478f-81d7-444079760fec) for task ct:1449785336798:0:17: of framework 20151210-214154-50331658-5050-6563-0000
I1210 22:09:11.920256  7061 master.cpp:4618] Updating the latest state of task ct:1449785336798:0:17: of framework 20151210-214154-50331658-5050-6563-0000 to TASK_FINISHED
I1210 22:09:11.920311  7061 hierarchical.hpp:648] Recovered cpus(*):0.001; mem(*):1; disk(*):1 (total allocatable: cpus(*):0.007; mem(*):7; disk(*):7) on slave 20151210-220817-50331658-5050-7060-S1 from framework 20151210-214154-50331658-5050-6563-0000
I1210 22:09:11.948807  7061 master.cpp:4685] Removing task ct:1449785336798:0:17: with resources cpus(*):0.001; mem(*):1; disk(*):1 of framework 20151210-214154-50331658-5050-6563-0000 on slave 20151210-220817-50331658-5050-7060-S1 at slave(1)@10.0.0.6:5051 (n5)
I1210 22:09:11.948873  7061 master.cpp:2782] Forwarding status update acknowledgement e442eace-30fc-478f-81d7-444079760fec for task ct:1449785336798:0:17: of framework 20151210-214154-50331658-5050-6563-0000 (chronos-2.3.4) at scheduler-f67ddb74-56cd-49d4-8d92-972e5f241df2@10.0.0.3:47306 to slave 20151210-220817-50331658-5050-7060-S1 at slave(1)@10.0.0.6:5051 (n5)
I1210 22:09:12.348181  7061 hierarchical.hpp:834] No resources available to allocate!
I1210 22:09:12.348371  7061 hierarchical.hpp:741] Performed allocation for 2 slaves in 252709ns
I1210 22:09:13.351716  7065 hierarchical.hpp:834] No resources available to allocate!
I1210 22:09:13.351876  7065 hierarchical.hpp:741] Performed allocation for 2 slaves in 254955ns
I1210 22:09:14.352601  7067 hierarchical.hpp:834] No resources available to allocate!
I1210 22:09:14.352681  7067 hierarchical.hpp:741] Performed allocation for 2 slaves in 144843ns
I1210 22:09:15.353425  7066 hierarchical.hpp:834] No resources available to allocate!
I1210 22:09:15.353623  7066 hierarchical.hpp:741] Performed allocation for 2 slaves in 259707ns
I1210 22:09:16.359962  7062 hierarchical.hpp:834] No resources available to allocate!
I1210 22:09:16.360055  7062 hierarchical.hpp:741] Performed allocation for 2 slaves in 152043ns
I1210 22:09:17.361027  7063 hierarchical.hpp:834] No resources available to allocate!
I1210 22:09:17.361114  7063 hierarchical.hpp:741] Performed allocation for 2 slaves in 150544ns
I1210 22:09:18.361516  7068 hierarchical.hpp:834] No resources available to allocate!
I1210 22:09:18.361590  7068 hierarchical.hpp:741] Performed allocation for 2 slaves in 131636ns
I1210 22:09:19.362649  7064 hierarchical.hpp:834] No resources available to allocate!
I1210 22:09:19.362728  7064 hierarchical.hpp:741] Performed allocation for 2 slaves in 142144ns
I1210 22:09:20.362953  7061 hierarchical.hpp:834] No resources available to allocate!
I1210 22:09:20.363044  7061 hierarchical.hpp:741] Performed allocation for 2 slaves in 165597ns
I1210 22:09:21.363451  7065 hierarchical.hpp:834] No resources available to allocate!
I1210 22:09:21.363642  7065 hierarchical.hpp:741] Performed allocation for 2 slaves in 289265ns
I1210 22:09:22.364213  7067 hierarchical.hpp:834] No resources available to allocate!
I1210 22:09:22.364328  7067 hierarchical.hpp:741] Performed allocation for 2 slaves in 231792ns
I1210 22:09:23.365453  7066 hierarchical.hpp:834] No resources available to allocate!
I1210 22:09:23.365520  7066 hierarchical.hpp:741] Performed allocation for 2 slaves in 128632ns
I1210 22:09:24.366751  7062 hierarchical.hpp:834] No resources available to allocate!
I1210 22:09:24.366819  7062 hierarchical.hpp:741] Performed allocation for 2 slaves in 131411ns
I1210 22:09:25.366971  7063 hierarchical.hpp:834] No resources available to allocate!
I1210 22:09:25.367162  7063 hierarchical.hpp:741] Performed allocation for 2 slaves in 253485ns
I1210 22:09:26.367317  7064 hierarchical.hpp:834] No resources available to allocate!
I1210 22:09:26.367383  7064 hierarchical.hpp:741] Performed allocation for 2 slaves in 126582ns
I1210 22:09:27.335651  7061 hierarchical.hpp:648] Recovered cpus(*):0.995; mem(*):2922; disk(*):33167; ports(*):[31000-32000] (total allocatable: cpus(*):1; mem(*):2927; disk(*):33172; ports(*):[31000-32000]) on slave 20151210-220817-50331658-5050-7060-S0 from framework 20151210-213335-67108874-5050-4921-0000
I1210 22:09:27.367754  7065 hierarchical.hpp:741] Performed allocation for 2 slaves in 83258ns
I1210 22:09:27.367859  7067 master.cpp:3755] Sending 1 offers to framework 20151210-214154-50331658-5050-6563-0000 (chronos-2.3.4) at scheduler-f67ddb74-56cd-49d4-8d92-972e5f241df2@10.0.0.3:47306
I1210 22:09:27.472460  7066 master.cpp:2268] Processing ACCEPT call for offers: [ 20151210-220817-50331658-5050-7060-O19 ] on slave 20151210-220817-50331658-5050-7060-S0 at slave(1)@10.0.0.5:5051 (n4) for framework 20151210-214154-50331658-5050-6563-0000 (chronos-2.3.4) at scheduler-f67ddb74-56cd-49d4-8d92-972e5f241df2@10.0.0.3:47306
I1210 22:09:27.476325  7066 master.hpp:822] Adding task ct:1449785347328:0:29: with resources cpus(*):0.001; mem(*):1; disk(*):1 on slave 20151210-220817-50331658-5050-7060-S0 (n4)
I1210 22:09:27.476384  7066 master.cpp:2545] Launching task ct:1449785347328:0:29: of framework 20151210-214154-50331658-5050-6563-0000 (chronos-2.3.4) at scheduler-f67ddb74-56cd-49d4-8d92-972e5f241df2@10.0.0.3:47306 with resources cpus(*):0.001; mem(*):1; disk(*):1 on slave 20151210-220817-50331658-5050-7060-S0 at slave(1)@10.0.0.5:5051 (n4)
I1210 22:09:27.480649  7066 master.hpp:822] Adding task ct:1449785348292:0:27: with resources cpus(*):0.001; mem(*):1; disk(*):1 on slave 20151210-220817-50331658-5050-7060-S0 (n4)
I1210 22:09:27.501397  7066 master.cpp:2545] Launching task ct:1449785348292:0:27: of framework 20151210-214154-50331658-5050-6563-0000 (chronos-2.3.4) at scheduler-f67ddb74-56cd-49d4-8d92-972e5f241df2@10.0.0.3:47306 with resources cpus(*):0.001; mem(*):1; disk(*):1 on slave 20151210-220817-50331658-5050-7060-S0 at slave(1)@10.0.0.5:5051 (n4)
I1210 22:09:27.501682  7066 master.hpp:822] Adding task ct:1449785349945:0:22: with resources cpus(*):0.001; mem(*):1; disk(*):1 on slave 20151210-220817-50331658-5050-7060-S0 (n4)
I1210 22:09:27.501703  7066 master.cpp:2545] Launching task ct:1449785349945:0:22: of framework 20151210-214154-50331658-5050-6563-0000 (chronos-2.3.4) at scheduler-f67ddb74-56cd-49d4-8d92-972e5f241df2@10.0.0.3:47306 with resources cpus(*):0.001; mem(*):1; disk(*):1 on slave 20151210-220817-50331658-5050-7060-S0 at slave(1)@10.0.0.5:5051 (n4)
I1210 22:09:27.501855  7066 master.hpp:822] Adding task ct:1449785350452:0:26: with resources cpus(*):0.001; mem(*):1; disk(*):1 on slave 20151210-220817-50331658-5050-7060-S0 (n4)
I1210 22:09:27.501873  7066 master.cpp:2545] Launching task ct:1449785350452:0:26: of framework 20151210-214154-50331658-5050-6563-0000 (chronos-2.3.4) at scheduler-f67ddb74-56cd-49d4-8d92-972e5f241df2@10.0.0.3:47306 with resources cpus(*):0.001; mem(*):1; disk(*):1 on slave 20151210-220817-50331658-5050-7060-S0 at slave(1)@10.0.0.5:5051 (n4)
I1210 22:09:27.502022  7066 master.hpp:822] Adding task ct:1449785352620:0:8: with resources cpus(*):0.001; mem(*):1; disk(*):1 on slave 20151210-220817-50331658-5050-7060-S0 (n4)
I1210 22:09:27.502038  7066 master.cpp:2545] Launching task ct:1449785352620:0:8: of framework 20151210-214154-50331658-5050-6563-0000 (chronos-2.3.4) at scheduler-f67ddb74-56cd-49d4-8d92-972e5f241df2@10.0.0.3:47306 with resources cpus(*):0.001; mem(*):1; disk(*):1 on slave 20151210-220817-50331658-5050-7060-S0 at slave(1)@10.0.0.5:5051 (n4)
I1210 22:09:27.502187  7066 master.hpp:822] Adding task ct:1449785354287:0:32: with resources cpus(*):0.001; mem(*):1; disk(*):1 on slave 20151210-220817-50331658-5050-7060-S0 (n4)
I1210 22:09:27.502202  7066 master.cpp:2545] Launching task ct:1449785354287:0:32: of framework 20151210-214154-50331658-5050-6563-0000 (chronos-2.3.4) at scheduler-f67ddb74-56cd-49d4-8d92-972e5f241df2@10.0.0.3:47306 with resources cpus(*):0.001; mem(*):1; disk(*):1 on slave 20151210-220817-50331658-5050-7060-S0 at slave(1)@10.0.0.5:5051 (n4)
I1210 22:09:27.502537  7066 master.hpp:822] Adding task ct:1449785355108:0:12: with resources cpus(*):0.001; mem(*):1; disk(*):1 on slave 20151210-220817-50331658-5050-7060-S0 (n4)
I1210 22:09:27.502606  7066 master.cpp:2545] Launching task ct:1449785355108:0:12: of framework 20151210-214154-50331658-5050-6563-0000 (chronos-2.3.4) at scheduler-f67ddb74-56cd-49d4-8d92-972e5f241df2@10.0.0.3:47306 with resources cpus(*):0.001; mem(*):1; disk(*):1 on slave 20151210-220817-50331658-5050-7060-S0 at slave(1)@10.0.0.5:5051 (n4)
I1210 22:09:27.502778  7066 master.hpp:822] Adding task ct:1449785356464:0:13: with resources cpus(*):0.001; mem(*):1; disk(*):1 on slave 20151210-220817-50331658-5050-7060-S0 (n4)
I1210 22:09:27.502795  7066 master.cpp:2545] Launching task ct:1449785356464:0:13: of framework 20151210-214154-50331658-5050-6563-0000 (chronos-2.3.4) at scheduler-f67ddb74-56cd-49d4-8d92-972e5f241df2@10.0.0.3:47306 with resources cpus(*):0.001; mem(*):1; disk(*):1 on slave 20151210-220817-50331658-5050-7060-S0 at slave(1)@10.0.0.5:5051 (n4)
I1210 22:09:27.502950  7066 master.hpp:822] Adding task ct:1449785359531:0:24: with resources cpus(*):0.001; mem(*):1; disk(*):1 on slave 20151210-220817-50331658-5050-7060-S0 (n4)
I1210 22:09:27.502970  7066 master.cpp:2545] Launching task ct:1449785359531:0:24: of framework 20151210-214154-50331658-5050-6563-0000 (chronos-2.3.4) at scheduler-f67ddb74-56cd-49d4-8d92-972e5f241df2@10.0.0.3:47306 with resources cpus(*):0.001; mem(*):1; disk(*):1 on slave 20151210-220817-50331658-5050-7060-S0 at slave(1)@10.0.0.5:5051 (n4)
I1210 22:09:27.503223  7066 master.hpp:822] Adding task ct:1449785362689:0:3: with resources cpus(*):0.001; mem(*):1; disk(*):1 on slave 20151210-220817-50331658-5050-7060-S0 (n4)
I1210 22:09:27.503252  7066 master.cpp:2545] Launching task ct:1449785362689:0:3: of framework 20151210-214154-50331658-5050-6563-0000 (chronos-2.3.4) at scheduler-f67ddb74-56cd-49d4-8d92-972e5f241df2@10.0.0.3:47306 with resources cpus(*):0.001; mem(*):1; disk(*):1 on slave 20151210-220817-50331658-5050-7060-S0 at slave(1)@10.0.0.5:5051 (n4)
I1210 22:09:27.503442  7066 master.hpp:822] Adding task ct:1449785364370:0:7: with resources cpus(*):0.001; mem(*):1; disk(*):1 on slave 20151210-220817-50331658-5050-7060-S0 (n4)
I1210 22:09:27.503463  7066 master.cpp:2545] Launching task ct:1449785364370:0:7: of framework 20151210-214154-50331658-5050-6563-0000 (chronos-2.3.4) at scheduler-f67ddb74-56cd-49d4-8d92-972e5f241df2@10.0.0.3:47306 with resources cpus(*):0.001; mem(*):1; disk(*):1 on slave 20151210-220817-50331658-5050-7060-S0 at slave(1)@10.0.0.5:5051 (n4)
I1210 22:09:27.503649  7066 master.hpp:822] Adding task ct:1449785364585:0:1: with resources cpus(*):0.001; mem(*):1; disk(*):1 on slave 20151210-220817-50331658-5050-7060-S0 (n4)
I1210 22:09:27.503670  7066 master.cpp:2545] Launching task ct:1449785364585:0:1: of framework 20151210-214154-50331658-5050-6563-0000 (chronos-2.3.4) at scheduler-f67ddb74-56cd-49d4-8d92-972e5f241df2@10.0.0.3:47306 with resources cpus(*):0.001; mem(*):1; disk(*):1 on slave 20151210-220817-50331658-5050-7060-S0 at slave(1)@10.0.0.5:5051 (n4)
I1210 22:09:27.503860  7066 master.hpp:822] Adding task ct:1449785365047:0:37: with resources cpus(*):0.001; mem(*):1; disk(*):1 on slave 20151210-220817-50331658-5050-7060-S0 (n4)
I1210 22:09:27.503881  7066 master.cpp:2545] Launching task ct:1449785365047:0:37: of framework 20151210-214154-50331658-5050-6563-0000 (chronos-2.3.4) at scheduler-f67ddb74-56cd-49d4-8d92-972e5f241df2@10.0.0.3:47306 with resources cpus(*):0.001; mem(*):1; disk(*):1 on slave 20151210-220817-50331658-5050-7060-S0 at slave(1)@10.0.0.5:5051 (n4)
I1210 22:09:27.504071  7066 master.hpp:822] Adding task ct:1449785365595:0:21: with resources cpus(*):0.001; mem(*):1; disk(*):1 on slave 20151210-220817-50331658-5050-7060-S0 (n4)
I1210 22:09:27.505576  7066 master.cpp:2545] Launching task ct:1449785365595:0:21: of framework 20151210-214154-50331658-5050-6563-0000 (chronos-2.3.4) at scheduler-f67ddb74-56cd-49d4-8d92-972e5f241df2@10.0.0.3:47306 with resources cpus(*):0.001; mem(*):1; disk(*):1 on slave 20151210-220817-50331658-5050-7060-S0 at slave(1)@10.0.0.5:5051 (n4)
I1210 22:09:27.505733  7068 hierarchical.hpp:648] Recovered cpus(*):0.986; mem(*):2913; disk(*):33158; ports(*):[31000-32000] (total allocatable: cpus(*):0.986; mem(*):2913; disk(*):33158; ports(*):[31000-32000]) on slave 20151210-220817-50331658-5050-7060-S0 from framework 20151210-214154-50331658-5050-6563-0000
I1210 22:09:27.505755  7068 hierarchical.hpp:684] Framework 20151210-214154-50331658-5050-6563-0000 filtered slave 20151210-220817-50331658-5050-7060-S0 for 5secs
I1210 22:09:28.163596  7063 master.cpp:3295] Status update TASK_RUNNING (UUID: e637337a-8039-435e-b110-7461eb96bb72) for task ct:1449785347328:0:29: of framework 20151210-214154-50331658-5050-6563-0000 from slave 20151210-220817-50331658-5050-7060-S0 at slave(1)@10.0.0.5:5051 (n4)
I1210 22:09:28.163633  7063 master.cpp:3336] Forwarding status update TASK_RUNNING (UUID: e637337a-8039-435e-b110-7461eb96bb72) for task ct:1449785347328:0:29: of framework 20151210-214154-50331658-5050-6563-0000
I1210 22:09:28.163684  7063 master.cpp:4618] Updating the latest state of task ct:1449785347328:0:29: of framework 20151210-214154-50331658-5050-6563-0000 to TASK_RUNNING
I1210 22:09:28.164767  7063 master.cpp:2782] Forwarding status update acknowledgement e637337a-8039-435e-b110-7461eb96bb72 for task ct:1449785347328:0:29: of framework 20151210-214154-50331658-5050-6563-0000 (chronos-2.3.4) at scheduler-f67ddb74-56cd-49d4-8d92-972e5f241df2@10.0.0.3:47306 to slave 20151210-220817-50331658-5050-7060-S0 at slave(1)@10.0.0.5:5051 (n4)
I1210 22:09:28.169850  7063 master.cpp:3295] Status update TASK_RUNNING (UUID: 846a4d7a-117a-4057-859f-687a7eb0aa39) for task ct:1449785349945:0:22: of framework 20151210-214154-50331658-5050-6563-0000 from slave 20151210-220817-50331658-5050-7060-S0 at slave(1)@10.0.0.5:5051 (n4)
I1210 22:09:28.169883  7063 master.cpp:3336] Forwarding status update TASK_RUNNING (UUID: 846a4d7a-117a-4057-859f-687a7eb0aa39) for task ct:1449785349945:0:22: of framework 20151210-214154-50331658-5050-6563-0000
I1210 22:09:28.169929  7063 master.cpp:4618] Updating the latest state of task ct:1449785349945:0:22: of framework 20151210-214154-50331658-5050-6563-0000 to TASK_RUNNING
I1210 22:09:28.170963  7063 master.cpp:2782] Forwarding status update acknowledgement 846a4d7a-117a-4057-859f-687a7eb0aa39 for task ct:1449785349945:0:22: of framework 20151210-214154-50331658-5050-6563-0000 (chronos-2.3.4) at scheduler-f67ddb74-56cd-49d4-8d92-972e5f241df2@10.0.0.3:47306 to slave 20151210-220817-50331658-5050-7060-S0 at slave(1)@10.0.0.5:5051 (n4)
I1210 22:09:28.234727  7063 master.cpp:3295] Status update TASK_RUNNING (UUID: df5a028f-c06a-43b5-ac0b-6eee1fb77ee6) for task ct:1449785348292:0:27: of framework 20151210-214154-50331658-5050-6563-0000 from slave 20151210-220817-50331658-5050-7060-S0 at slave(1)@10.0.0.5:5051 (n4)
I1210 22:09:28.234766  7063 master.cpp:3336] Forwarding status update TASK_RUNNING (UUID: df5a028f-c06a-43b5-ac0b-6eee1fb77ee6) for task ct:1449785348292:0:27: of framework 20151210-214154-50331658-5050-6563-0000
I1210 22:09:28.234817  7063 master.cpp:4618] Updating the latest state of task ct:1449785348292:0:27: of framework 20151210-214154-50331658-5050-6563-0000 to TASK_RUNNING
I1210 22:09:28.235980  7063 master.cpp:2782] Forwarding status update acknowledgement df5a028f-c06a-43b5-ac0b-6eee1fb77ee6 for task ct:1449785348292:0:27: of framework 20151210-214154-50331658-5050-6563-0000 (chronos-2.3.4) at scheduler-f67ddb74-56cd-49d4-8d92-972e5f241df2@10.0.0.3:47306 to slave 20151210-220817-50331658-5050-7060-S0 at slave(1)@10.0.0.5:5051 (n4)
I1210 22:09:28.245625  7063 master.cpp:3295] Status update TASK_RUNNING (UUID: b98679d3-5cd6-442a-803e-2318063b1dbc) for task ct:1449785352620:0:8: of framework 20151210-214154-50331658-5050-6563-0000 from slave 20151210-220817-50331658-5050-7060-S0 at slave(1)@10.0.0.5:5051 (n4)
I1210 22:09:28.245743  7063 master.cpp:3336] Forwarding status update TASK_RUNNING (UUID: b98679d3-5cd6-442a-803e-2318063b1dbc) for task ct:1449785352620:0:8: of framework 20151210-214154-50331658-5050-6563-0000
I1210 22:09:28.245807  7063 master.cpp:4618] Updating the latest state of task ct:1449785352620:0:8: of framework 20151210-214154-50331658-5050-6563-0000 to TASK_RUNNING
I1210 22:09:28.246836  7064 master.cpp:2782] Forwarding status update acknowledgement b98679d3-5cd6-442a-803e-2318063b1dbc for task ct:1449785352620:0:8: of framework 20151210-214154-50331658-5050-6563-0000 (chronos-2.3.4) at scheduler-f67ddb74-56cd-49d4-8d92-972e5f241df2@10.0.0.3:47306 to slave 20151210-220817-50331658-5050-7060-S0 at slave(1)@10.0.0.5:5051 (n4)
I1210 22:09:28.252010  7064 master.cpp:3295] Status update TASK_RUNNING (UUID: 678f1252-ad75-420d-a707-0918c65f5c93) for task ct:1449785350452:0:26: of framework 20151210-214154-50331658-5050-6563-0000 from slave 20151210-220817-50331658-5050-7060-S0 at slave(1)@10.0.0.5:5051 (n4)
I1210 22:09:28.252040  7064 master.cpp:3336] Forwarding status update TASK_RUNNING (UUID: 678f1252-ad75-420d-a707-0918c65f5c93) for task ct:1449785350452:0:26: of framework 20151210-214154-50331658-5050-6563-0000
I1210 22:09:28.252085  7064 master.cpp:4618] Updating the latest state of task ct:1449785350452:0:26: of framework 20151210-214154-50331658-5050-6563-0000 to TASK_RUNNING
I1210 22:09:28.253197  7064 master.cpp:2782] Forwarding status update acknowledgement 678f1252-ad75-420d-a707-0918c65f5c93 for task ct:1449785350452:0:26: of framework 20151210-214154-50331658-5050-6563-0000 (chronos-2.3.4) at scheduler-f67ddb74-56cd-49d4-8d92-972e5f241df2@10.0.0.3:47306 to slave 20151210-220817-50331658-5050-7060-S0 at slave(1)@10.0.0.5:5051 (n4)
I1210 22:09:28.330726  7064 master.cpp:3295] Status update TASK_RUNNING (UUID: ae83c84d-ec2a-46d8-9b42-f5063f670a13) for task ct:1449785354287:0:32: of framework 20151210-214154-50331658-5050-6563-0000 from slave 20151210-220817-50331658-5050-7060-S0 at slave(1)@10.0.0.5:5051 (n4)
I1210 22:09:28.331584  7064 master.cpp:3336] Forwarding status update TASK_RUNNING (UUID: ae83c84d-ec2a-46d8-9b42-f5063f670a13) for task ct:1449785354287:0:32: of framework 20151210-214154-50331658-5050-6563-0000
I1210 22:09:28.331645  7064 master.cpp:4618] Updating the latest state of task ct:1449785354287:0:32: of framework 20151210-214154-50331658-5050-6563-0000 to TASK_RUNNING
I1210 22:09:28.332612  7065 master.cpp:2782] Forwarding status update acknowledgement ae83c84d-ec2a-46d8-9b42-f5063f670a13 for task ct:1449785354287:0:32: of framework 20151210-214154-50331658-5050-6563-0000 (chronos-2.3.4) at scheduler-f67ddb74-56cd-49d4-8d92-972e5f241df2@10.0.0.3:47306 to slave 20151210-220817-50331658-5050-7060-S0 at slave(1)@10.0.0.5:5051 (n4)
I1210 22:09:28.361562  7065 master.cpp:3295] Status update TASK_RUNNING (UUID: b7b213d5-0312-4bc5-97c1-37dc5876aba8) for task ct:1449785355108:0:12: of framework 20151210-214154-50331658-5050-6563-0000 from slave 20151210-220817-50331658-5050-7060-S0 at slave(1)@10.0.0.5:5051 (n4)
I1210 22:09:28.361598  7065 master.cpp:3336] Forwarding status update TASK_RUNNING (UUID: b7b213d5-0312-4bc5-97c1-37dc5876aba8) for task ct:1449785355108:0:12: of framework 20151210-214154-50331658-5050-6563-0000
I1210 22:09:28.361647  7065 master.cpp:4618] Updating the latest state of task ct:1449785355108:0:12: of framework 20151210-214154-50331658-5050-6563-0000 to TASK_RUNNING
I1210 22:09:28.362638  7065 master.cpp:2782] Forwarding status update acknowledgement b7b213d5-0312-4bc5-97c1-37dc5876aba8 for task ct:1449785355108:0:12: of framework 20151210-214154-50331658-5050-6563-0000 (chronos-2.3.4) at scheduler-f67ddb74-56cd-49d4-8d92-972e5f241df2@10.0.0.3:47306 to slave 20151210-220817-50331658-5050-7060-S0 at slave(1)@10.0.0.5:5051 (n4)
I1210 22:09:28.373508  7065 hierarchical.hpp:898] Filtered cpus(*):0.986; mem(*):2913; disk(*):33158; ports(*):[31000-32000] on slave 20151210-220817-50331658-5050-7060-S0 for framework 20151210-214154-50331658-5050-6563-0000
I1210 22:09:28.373685  7065 hierarchical.hpp:741] Performed allocation for 2 slaves in 232788ns
I1210 22:09:28.373749  7067 master.cpp:3755] Sending 1 offers to framework 20151210-213335-67108874-5050-4921-0000 (TwitterScheduler) at scheduler-c64b5950-ee0f-4ee1-9fb3-60d79aea66aa@10.0.0.4:8083
I1210 22:09:28.404378  7061 master.cpp:3295] Status update TASK_RUNNING (UUID: 70162caf-742d-492d-898c-20b8604e35c4) for task ct:1449785356464:0:13: of framework 20151210-214154-50331658-5050-6563-0000 from slave 20151210-220817-50331658-5050-7060-S0 at slave(1)@10.0.0.5:5051 (n4)
I1210 22:09:28.404417  7061 master.cpp:3336] Forwarding status update TASK_RUNNING (UUID: 70162caf-742d-492d-898c-20b8604e35c4) for task ct:1449785356464:0:13: of framework 20151210-214154-50331658-5050-6563-0000
I1210 22:09:28.404465  7061 master.cpp:4618] Updating the latest state of task ct:1449785356464:0:13: of framework 20151210-214154-50331658-5050-6563-0000 to TASK_RUNNING
I1210 22:09:28.405612  7061 master.cpp:2782] Forwarding status update acknowledgement 70162caf-742d-492d-898c-20b8604e35c4 for task ct:1449785356464:0:13: of framework 20151210-214154-50331658-5050-6563-0000 (chronos-2.3.4) at scheduler-f67ddb74-56cd-49d4-8d92-972e5f241df2@10.0.0.3:47306 to slave 20151210-220817-50331658-5050-7060-S0 at slave(1)@10.0.0.5:5051 (n4)
I1210 22:09:28.410442  7061 master.cpp:3295] Status update TASK_RUNNING (UUID: 312c69f6-8b83-4799-b588-5e875e401d42) for task ct:1449785359531:0:24: of framework 20151210-214154-50331658-5050-6563-0000 from slave 20151210-220817-50331658-5050-7060-S0 at slave(1)@10.0.0.5:5051 (n4)
I1210 22:09:28.410478  7061 master.cpp:3336] Forwarding status update TASK_RUNNING (UUID: 312c69f6-8b83-4799-b588-5e875e401d42) for task ct:1449785359531:0:24: of framework 20151210-214154-50331658-5050-6563-0000
I1210 22:09:28.410543  7061 master.cpp:4618] Updating the latest state of task ct:1449785359531:0:24: of framework 20151210-214154-50331658-5050-6563-0000 to TASK_RUNNING
I1210 22:09:28.411561  7062 master.cpp:2782] Forwarding status update acknowledgement 312c69f6-8b83-4799-b588-5e875e401d42 for task ct:1449785359531:0:24: of framework 20151210-214154-50331658-5050-6563-0000 (chronos-2.3.4) at scheduler-f67ddb74-56cd-49d4-8d92-972e5f241df2@10.0.0.3:47306 to slave 20151210-220817-50331658-5050-7060-S0 at slave(1)@10.0.0.5:5051 (n4)
I1210 22:09:28.442729  7062 master.cpp:3295] Status update TASK_RUNNING (UUID: 731979a8-aa8f-4497-b253-bf12da8eafb6) for task ct:1449785362689:0:3: of framework 20151210-214154-50331658-5050-6563-0000 from slave 20151210-220817-50331658-5050-7060-S0 at slave(1)@10.0.0.5:5051 (n4)
I1210 22:09:28.442796  7062 master.cpp:3336] Forwarding status update TASK_RUNNING (UUID: 731979a8-aa8f-4497-b253-bf12da8eafb6) for task ct:1449785362689:0:3: of framework 20151210-214154-50331658-5050-6563-0000
I1210 22:09:28.442854  7062 master.cpp:4618] Updating the latest state of task ct:1449785362689:0:3: of framework 20151210-214154-50331658-5050-6563-0000 to TASK_RUNNING
I1210 22:09:28.443977  7062 master.cpp:2782] Forwarding status update acknowledgement 731979a8-aa8f-4497-b253-bf12da8eafb6 for task ct:1449785362689:0:3: of framework 20151210-214154-50331658-5050-6563-0000 (chronos-2.3.4) at scheduler-f67ddb74-56cd-49d4-8d92-972e5f241df2@10.0.0.3:47306 to slave 20151210-220817-50331658-5050-7060-S0 at slave(1)@10.0.0.5:5051 (n4)
I1210 22:09:28.453155  7062 master.cpp:3295] Status update TASK_RUNNING (UUID: ae42e32d-1e2d-4e54-a23a-c80b207afc7b) for task ct:1449785364370:0:7: of framework 20151210-214154-50331658-5050-6563-0000 from slave 20151210-220817-50331658-5050-7060-S0 at slave(1)@10.0.0.5:5051 (n4)
I1210 22:09:28.453191  7062 master.cpp:3336] Forwarding status update TASK_RUNNING (UUID: ae42e32d-1e2d-4e54-a23a-c80b207afc7b) for task ct:1449785364370:0:7: of framework 20151210-214154-50331658-5050-6563-0000
I1210 22:09:28.453243  7062 master.cpp:4618] Updating the latest state of task ct:1449785364370:0:7: of framework 20151210-214154-50331658-5050-6563-0000 to TASK_RUNNING
I1210 22:09:28.454468  7068 master.cpp:2782] Forwarding status update acknowledgement ae42e32d-1e2d-4e54-a23a-c80b207afc7b for task ct:1449785364370:0:7: of framework 20151210-214154-50331658-5050-6563-0000 (chronos-2.3.4) at scheduler-f67ddb74-56cd-49d4-8d92-972e5f241df2@10.0.0.3:47306 to slave 20151210-220817-50331658-5050-7060-S0 at slave(1)@10.0.0.5:5051 (n4)
I1210 22:09:28.476114  7064 master.cpp:3295] Status update TASK_RUNNING (UUID: e95b784e-1753-49d6-bcef-68c9f5dd877d) for task ct:1449785364585:0:1: of framework 20151210-214154-50331658-5050-6563-0000 from slave 20151210-220817-50331658-5050-7060-S0 at slave(1)@10.0.0.5:5051 (n4)
I1210 22:09:28.476155  7064 master.cpp:3336] Forwarding status update TASK_RUNNING (UUID: e95b784e-1753-49d6-bcef-68c9f5dd877d) for task ct:1449785364585:0:1: of framework 20151210-214154-50331658-5050-6563-0000
I1210 22:09:28.476248  7064 master.cpp:4618] Updating the latest state of task ct:1449785364585:0:1: of framework 20151210-214154-50331658-5050-6563-0000 to TASK_RUNNING
I1210 22:09:28.477442  7065 master.cpp:2782] Forwarding status update acknowledgement e95b784e-1753-49d6-bcef-68c9f5dd877d for task ct:1449785364585:0:1: of framework 20151210-214154-50331658-5050-6563-0000 (chronos-2.3.4) at scheduler-f67ddb74-56cd-49d4-8d92-972e5f241df2@10.0.0.3:47306 to slave 20151210-220817-50331658-5050-7060-S0 at slave(1)@10.0.0.5:5051 (n4)
I1210 22:09:28.500754  7062 master.cpp:3295] Status update TASK_RUNNING (UUID: bbf05a8b-5f1d-4834-9ffb-39678d387319) for task ct:1449785365047:0:37: of framework 20151210-214154-50331658-5050-6563-0000 from slave 20151210-220817-50331658-5050-7060-S0 at slave(1)@10.0.0.5:5051 (n4)
I1210 22:09:28.500799  7062 master.cpp:3336] Forwarding status update TASK_RUNNING (UUID: bbf05a8b-5f1d-4834-9ffb-39678d387319) for task ct:1449785365047:0:37: of framework 20151210-214154-50331658-5050-6563-0000
I1210 22:09:28.500898  7062 master.cpp:4618] Updating the latest state of task ct:1449785365047:0:37: of framework 20151210-214154-50331658-5050-6563-0000 to TASK_RUNNING
I1210 22:09:28.502034  7068 master.cpp:2782] Forwarding status update acknowledgement bbf05a8b-5f1d-4834-9ffb-39678d387319 for task ct:1449785365047:0:37: of framework 20151210-214154-50331658-5050-6563-0000 (chronos-2.3.4) at scheduler-f67ddb74-56cd-49d4-8d92-972e5f241df2@10.0.0.3:47306 to slave 20151210-220817-50331658-5050-7060-S0 at slave(1)@10.0.0.5:5051 (n4)
I1210 22:09:28.506834  7064 master.cpp:3295] Status update TASK_RUNNING (UUID: ce177883-a743-4292-a67a-bf6a2a4024eb) for task ct:1449785365595:0:21: of framework 20151210-214154-50331658-5050-6563-0000 from slave 20151210-220817-50331658-5050-7060-S0 at slave(1)@10.0.0.5:5051 (n4)
I1210 22:09:28.506865  7064 master.cpp:3336] Forwarding status update TASK_RUNNING (UUID: ce177883-a743-4292-a67a-bf6a2a4024eb) for task ct:1449785365595:0:21: of framework 20151210-214154-50331658-5050-6563-0000
I1210 22:09:28.506908  7064 master.cpp:4618] Updating the latest state of task ct:1449785365595:0:21: of framework 20151210-214154-50331658-5050-6563-0000 to TASK_RUNNING
I1210 22:09:28.507935  7065 master.cpp:2782] Forwarding status update acknowledgement ce177883-a743-4292-a67a-bf6a2a4024eb for task ct:1449785365595:0:21: of framework 20151210-214154-50331658-5050-6563-0000 (chronos-2.3.4) at scheduler-f67ddb74-56cd-49d4-8d92-972e5f241df2@10.0.0.3:47306 to slave 20151210-220817-50331658-5050-7060-S0 at slave(1)@10.0.0.5:5051 (n4)
I1210 22:09:29.375150  7067 hierarchical.hpp:834] No resources available to allocate!
I1210 22:09:29.375262  7067 hierarchical.hpp:741] Performed allocation for 2 slaves in 260344ns
I1210 22:09:29.586846  7067 master.cpp:3295] Status update TASK_FINISHED (UUID: d75ac0e3-5d93-43d8-86bc-333b4aa99916) for task ct:1449785364585:0:1: of framework 20151210-214154-50331658-5050-6563-0000 from slave 20151210-220817-50331658-5050-7060-S0 at slave(1)@10.0.0.5:5051 (n4)
I1210 22:09:29.587079  7067 master.cpp:3336] Forwarding status update TASK_FINISHED (UUID: d75ac0e3-5d93-43d8-86bc-333b4aa99916) for task ct:1449785364585:0:1: of framework 20151210-214154-50331658-5050-6563-0000
I1210 22:09:29.587225  7067 master.cpp:4618] Updating the latest state of task ct:1449785364585:0:1: of framework 20151210-214154-50331658-5050-6563-0000 to TASK_FINISHED
I1210 22:09:29.588585  7067 hierarchical.hpp:648] Recovered cpus(*):0.001; mem(*):1; disk(*):1 (total allocatable: cpus(*):0.001; mem(*):1; disk(*):1) on slave 20151210-220817-50331658-5050-7060-S0 from framework 20151210-214154-50331658-5050-6563-0000
I1210 22:09:29.598568  7067 master.cpp:4685] Removing task ct:1449785364585:0:1: with resources cpus(*):0.001; mem(*):1; disk(*):1 of framework 20151210-214154-50331658-5050-6563-0000 on slave 20151210-220817-50331658-5050-7060-S0 at slave(1)@10.0.0.5:5051 (n4)
I1210 22:09:29.598635  7067 master.cpp:2782] Forwarding status update acknowledgement d75ac0e3-5d93-43d8-86bc-333b4aa99916 for task ct:1449785364585:0:1: of framework 20151210-214154-50331658-5050-6563-0000 (chronos-2.3.4) at scheduler-f67ddb74-56cd-49d4-8d92-972e5f241df2@10.0.0.3:47306 to slave 20151210-220817-50331658-5050-7060-S0 at slave(1)@10.0.0.5:5051 (n4)
I1210 22:09:30.375820  7067 hierarchical.hpp:834] No resources available to allocate!
I1210 22:09:30.376075  7067 hierarchical.hpp:741] Performed allocation for 2 slaves in 313697ns
I1210 22:09:30.381233  7062 master.cpp:3295] Status update TASK_FINISHED (UUID: 29d5bc4b-6588-4e1f-83f9-4dd1023b97c9) for task ct:1449785350452:0:26: of framework 20151210-214154-50331658-5050-6563-0000 from slave 20151210-220817-50331658-5050-7060-S0 at slave(1)@10.0.0.5:5051 (n4)
I1210 22:09:30.381330  7062 master.cpp:3336] Forwarding status update TASK_FINISHED (UUID: 29d5bc4b-6588-4e1f-83f9-4dd1023b97c9) for task ct:1449785350452:0:26: of framework 20151210-214154-50331658-5050-6563-0000
I1210 22:09:30.381394  7062 master.cpp:4618] Updating the latest state of task ct:1449785350452:0:26: of framework 20151210-214154-50331658-5050-6563-0000 to TASK_FINISHED
I1210 22:09:30.381455  7062 hierarchical.hpp:648] Recovered cpus(*):0.001; mem(*):1; disk(*):1 (total allocatable: cpus(*):0.002; mem(*):2; disk(*):2) on slave 20151210-220817-50331658-5050-7060-S0 from framework 20151210-214154-50331658-5050-6563-0000
I1210 22:09:30.397244  7062 master.cpp:4685] Removing task ct:1449785350452:0:26: with resources cpus(*):0.001; mem(*):1; disk(*):1 of framework 20151210-214154-50331658-5050-6563-0000 on slave 20151210-220817-50331658-5050-7060-S0 at slave(1)@10.0.0.5:5051 (n4)
I1210 22:09:30.397318  7062 master.cpp:2782] Forwarding status update acknowledgement 29d5bc4b-6588-4e1f-83f9-4dd1023b97c9 for task ct:1449785350452:0:26: of framework 20151210-214154-50331658-5050-6563-0000 (chronos-2.3.4) at scheduler-f67ddb74-56cd-49d4-8d92-972e5f241df2@10.0.0.3:47306 to slave 20151210-220817-50331658-5050-7060-S0 at slave(1)@10.0.0.5:5051 (n4)
I1210 22:09:31.376468  7062 hierarchical.hpp:834] No resources available to allocate!
I1210 22:09:31.376507  7062 hierarchical.hpp:741] Performed allocation for 2 slaves in 98306ns
I1210 22:09:31.378350  7062 master.cpp:3295] Status update TASK_FINISHED (UUID: 97ca867b-05f8-49cb-b5af-1d3c47e6ba69) for task ct:1449785352620:0:8: of framework 20151210-214154-50331658-5050-6563-0000 from slave 20151210-220817-50331658-5050-7060-S0 at slave(1)@10.0.0.5:5051 (n4)
I1210 22:09:31.378384  7062 master.cpp:3336] Forwarding status update TASK_FINISHED (UUID: 97ca867b-05f8-49cb-b5af-1d3c47e6ba69) for task ct:1449785352620:0:8: of framework 20151210-214154-50331658-5050-6563-0000
I1210 22:09:31.378434  7062 master.cpp:4618] Updating the latest state of task ct:1449785352620:0:8: of framework 20151210-214154-50331658-5050-6563-0000 to TASK_FINISHED
I1210 22:09:31.378479  7062 hierarchical.hpp:648] Recovered cpus(*):0.001; mem(*):1; disk(*):1 (total allocatable: cpus(*):0.003; mem(*):3; disk(*):3) on slave 20151210-220817-50331658-5050-7060-S0 from framework 20151210-214154-50331658-5050-6563-0000
I1210 22:09:31.405848  7062 master.cpp:3295] Status update TASK_FINISHED (UUID: 43242db0-842a-40fb-978d-6adf3cd87838) for task ct:1449785348292:0:27: of framework 20151210-214154-50331658-5050-6563-0000 from slave 20151210-220817-50331658-5050-7060-S0 at slave(1)@10.0.0.5:5051 (n4)
I1210 22:09:31.405941  7062 master.cpp:3336] Forwarding status update TASK_FINISHED (UUID: 43242db0-842a-40fb-978d-6adf3cd87838) for task ct:1449785348292:0:27: of framework 20151210-214154-50331658-5050-6563-0000
I1210 22:09:31.406002  7062 master.cpp:4618] Updating the latest state of task ct:1449785348292:0:27: of framework 20151210-214154-50331658-5050-6563-0000 to TASK_FINISHED
I1210 22:09:31.406060  7062 hierarchical.hpp:648] Recovered cpus(*):0.001; mem(*):1; disk(*):1 (total allocatable: cpus(*):0.004; mem(*):4; disk(*):4) on slave 20151210-220817-50331658-5050-7060-S0 from framework 20151210-214154-50331658-5050-6563-0000
I1210 22:09:31.410717  7062 master.cpp:4685] Removing task ct:1449785352620:0:8: with resources cpus(*):0.001; mem(*):1; disk(*):1 of framework 20151210-214154-50331658-5050-6563-0000 on slave 20151210-220817-50331658-5050-7060-S0 at slave(1)@10.0.0.5:5051 (n4)
I1210 22:09:31.410775  7062 master.cpp:2782] Forwarding status update acknowledgement 97ca867b-05f8-49cb-b5af-1d3c47e6ba69 for task ct:1449785352620:0:8: of framework 20151210-214154-50331658-5050-6563-0000 (chronos-2.3.4) at scheduler-f67ddb74-56cd-49d4-8d92-972e5f241df2@10.0.0.3:47306 to slave 20151210-220817-50331658-5050-7060-S0 at slave(1)@10.0.0.5:5051 (n4)
I1210 22:09:31.442569  7062 master.cpp:4685] Removing task ct:1449785348292:0:27: with resources cpus(*):0.001; mem(*):1; disk(*):1 of framework 20151210-214154-50331658-5050-6563-0000 on slave 20151210-220817-50331658-5050-7060-S0 at slave(1)@10.0.0.5:5051 (n4)
I1210 22:09:31.442642  7062 master.cpp:2782] Forwarding status update acknowledgement 43242db0-842a-40fb-978d-6adf3cd87838 for task ct:1449785348292:0:27: of framework 20151210-214154-50331658-5050-6563-0000 (chronos-2.3.4) at scheduler-f67ddb74-56cd-49d4-8d92-972e5f241df2@10.0.0.3:47306 to slave 20151210-220817-50331658-5050-7060-S0 at slave(1)@10.0.0.5:5051 (n4)
I1210 22:09:31.497723  7066 master.cpp:3295] Status update TASK_FINISHED (UUID: 92c583e1-43a7-4064-a035-188029df8d02) for task ct:1449785364370:0:7: of framework 20151210-214154-50331658-5050-6563-0000 from slave 20151210-220817-50331658-5050-7060-S0 at slave(1)@10.0.0.5:5051 (n4)
I1210 22:09:31.497859  7066 master.cpp:3336] Forwarding status update TASK_FINISHED (UUID: 92c583e1-43a7-4064-a035-188029df8d02) for task ct:1449785364370:0:7: of framework 20151210-214154-50331658-5050-6563-0000
I1210 22:09:31.497916  7066 master.cpp:4618] Updating the latest state of task ct:1449785364370:0:7: of framework 20151210-214154-50331658-5050-6563-0000 to TASK_FINISHED
I1210 22:09:31.497972  7066 hierarchical.hpp:648] Recovered cpus(*):0.001; mem(*):1; disk(*):1 (total allocatable: cpus(*):0.005; mem(*):5; disk(*):5) on slave 20151210-220817-50331658-5050-7060-S0 from framework 20151210-214154-50331658-5050-6563-0000
I1210 22:09:31.513686  7066 master.cpp:4685] Removing task ct:1449785364370:0:7: with resources cpus(*):0.001; mem(*):1; disk(*):1 of framework 20151210-214154-50331658-5050-6563-0000 on slave 20151210-220817-50331658-5050-7060-S0 at slave(1)@10.0.0.5:5051 (n4)
I1210 22:09:31.513764  7066 master.cpp:2782] Forwarding status update acknowledgement 92c583e1-43a7-4064-a035-188029df8d02 for task ct:1449785364370:0:7: of framework 20151210-214154-50331658-5050-6563-0000 (chronos-2.3.4) at scheduler-f67ddb74-56cd-49d4-8d92-972e5f241df2@10.0.0.3:47306 to slave 20151210-220817-50331658-5050-7060-S0 at slave(1)@10.0.0.5:5051 (n4)
I1210 22:09:32.342981  7068 hierarchical.hpp:648] Recovered cpus(*):0.993; mem(*):2920; disk(*):33165; ports(*):[31000-32000] (total allocatable: cpus(*):1; mem(*):2927; disk(*):33172; ports(*):[31000-32000]) on slave 20151210-220817-50331658-5050-7060-S1 from framework 20151210-213335-67108874-5050-4921-0000
I1210 22:09:32.377625  7068 hierarchical.hpp:741] Performed allocation for 2 slaves in 105288ns
I1210 22:09:32.377713  7068 master.cpp:3755] Sending 1 offers to framework 20151210-214154-50331658-5050-6563-0000 (chronos-2.3.4) at scheduler-f67ddb74-56cd-49d4-8d92-972e5f241df2@10.0.0.3:47306
I1210 22:09:32.478785  7063 master.cpp:2268] Processing ACCEPT call for offers: [ 20151210-220817-50331658-5050-7060-O21 ] on slave 20151210-220817-50331658-5050-7060-S1 at slave(1)@10.0.0.6:5051 (n5) for framework 20151210-214154-50331658-5050-6563-0000 (chronos-2.3.4) at scheduler-f67ddb74-56cd-49d4-8d92-972e5f241df2@10.0.0.3:47306
I1210 22:09:32.482921  7063 master.hpp:822] Adding task ct:1449785369055:0:31: with resources cpus(*):0.001; mem(*):1; disk(*):1 on slave 20151210-220817-50331658-5050-7060-S1 (n5)
I1210 22:09:32.486196  7063 master.cpp:2545] Launching task ct:1449785369055:0:31: of framework 20151210-214154-50331658-5050-6563-0000 (chronos-2.3.4) at scheduler-f67ddb74-56cd-49d4-8d92-972e5f241df2@10.0.0.3:47306 with resources cpus(*):0.001; mem(*):1; disk(*):1 on slave 20151210-220817-50331658-5050-7060-S1 at slave(1)@10.0.0.6:5051 (n5)
I1210 22:09:32.486749  7063 master.hpp:822] Adding task ct:1449785369188:0:18: with resources cpus(*):0.001; mem(*):1; disk(*):1 on slave 20151210-220817-50331658-5050-7060-S1 (n5)
I1210 22:09:32.486781  7063 master.cpp:2545] Launching task ct:1449785369188:0:18: of framework 20151210-214154-50331658-5050-6563-0000 (chronos-2.3.4) at scheduler-f67ddb74-56cd-49d4-8d92-972e5f241df2@10.0.0.3:47306 with resources cpus(*):0.001; mem(*):1; disk(*):1 on slave 20151210-220817-50331658-5050-7060-S1 at slave(1)@10.0.0.6:5051 (n5)
I1210 22:09:32.487311  7063 master.hpp:822] Adding task ct:1449785369368:0:34: with resources cpus(*):0.001; mem(*):1; disk(*):1 on slave 20151210-220817-50331658-5050-7060-S1 (n5)
I1210 22:09:32.487632  7063 master.cpp:2545] Launching task ct:1449785369368:0:34: of framework 20151210-214154-50331658-5050-6563-0000 (chronos-2.3.4) at scheduler-f67ddb74-56cd-49d4-8d92-972e5f241df2@10.0.0.3:47306 with resources cpus(*):0.001; mem(*):1; disk(*):1 on slave 20151210-220817-50331658-5050-7060-S1 at slave(1)@10.0.0.6:5051 (n5)
I1210 22:09:32.488804  7063 master.hpp:822] Adding task ct:1449785369527:0:15: with resources cpus(*):0.001; mem(*):1; disk(*):1 on slave 20151210-220817-50331658-5050-7060-S1 (n5)
I1210 22:09:32.488838  7063 master.cpp:2545] Launching task ct:1449785369527:0:15: of framework 20151210-214154-50331658-5050-6563-0000 (chronos-2.3.4) at scheduler-f67ddb74-56cd-49d4-8d92-972e5f241df2@10.0.0.3:47306 with resources cpus(*):0.001; mem(*):1; disk(*):1 on slave 20151210-220817-50331658-5050-7060-S1 at slave(1)@10.0.0.6:5051 (n5)
I1210 22:09:32.489071  7063 master.hpp:822] Adding task ct:1449785371333:0:28: with resources cpus(*):0.001; mem(*):1; disk(*):1 on slave 20151210-220817-50331658-5050-7060-S1 (n5)
I1210 22:09:32.489096  7063 master.cpp:2545] Launching task ct:1449785371333:0:28: of framework 20151210-214154-50331658-5050-6563-0000 (chronos-2.3.4) at scheduler-f67ddb74-56cd-49d4-8d92-972e5f241df2@10.0.0.3:47306 with resources cpus(*):0.001; mem(*):1; disk(*):1 on slave 20151210-220817-50331658-5050-7060-S1 at slave(1)@10.0.0.6:5051 (n5)
