I1210 22:08:52.159348  7064 master.cpp:4685] Removing task ct:1449785326370:0:7: with resources cpus(*):0.001; mem(*):1; disk(*):1 of framework 20151210-214154-50331658-5050-6563-0000 on slave 20151210-220817-50331658-5050-7060-S0 at slave(1)@10.0.0.5:5051 (n4)
I1210 22:08:52.159420  7064 master.cpp:2782] Forwarding status update acknowledgement 30b771f0-8e3d-4035-9385-b9669b50bd8c for task ct:1449785326370:0:7: of framework 20151210-214154-50331658-5050-6563-0000 (chronos-2.3.4) at scheduler-f67ddb74-56cd-49d4-8d92-972e5f241df2@10.0.0.3:47306 to slave 20151210-220817-50331658-5050-7060-S0 at slave(1)@10.0.0.5:5051 (n4)
I1210 22:08:52.319061  7066 hierarchical.hpp:741] Performed allocation for 2 slaves in 74646ns
I1210 22:08:52.319174  7067 master.cpp:3755] Sending 1 offers to framework 20151210-214154-50331658-5050-6563-0000 (chronos-2.3.4) at scheduler-f67ddb74-56cd-49d4-8d92-972e5f241df2@10.0.0.3:47306
I1210 22:08:52.320446  7061 master.cpp:2268] Processing ACCEPT call for offers: [ 20151210-220817-50331658-5050-7060-O11 ] on slave 20151210-220817-50331658-5050-7060-S0 at slave(1)@10.0.0.5:5051 (n4) for framework 20151210-214154-50331658-5050-6563-0000 (chronos-2.3.4) at scheduler-f67ddb74-56cd-49d4-8d92-972e5f241df2@10.0.0.3:47306
I1210 22:08:52.320515  7061 hierarchical.hpp:648] Recovered cpus(*):0.021; mem(*):21; disk(*):21 (total allocatable: cpus(*):0.021; mem(*):21; disk(*):21) on slave 20151210-220817-50331658-5050-7060-S0 from framework 20151210-214154-50331658-5050-6563-0000
I1210 22:08:52.320534  7061 hierarchical.hpp:684] Framework 20151210-214154-50331658-5050-6563-0000 filtered slave 20151210-220817-50331658-5050-7060-S0 for 5secs
I1210 22:08:52.365263  7061 master.cpp:3295] Status update TASK_FINISHED (UUID: acf65707-5bf7-47da-bb44-03d71f978074) for task ct:1449785324997:0:2: of framework 20151210-214154-50331658-5050-6563-0000 from slave 20151210-220817-50331658-5050-7060-S0 at slave(1)@10.0.0.5:5051 (n4)
I1210 22:08:52.365300  7061 master.cpp:3336] Forwarding status update TASK_FINISHED (UUID: acf65707-5bf7-47da-bb44-03d71f978074) for task ct:1449785324997:0:2: of framework 20151210-214154-50331658-5050-6563-0000
I1210 22:08:52.365352  7061 master.cpp:4618] Updating the latest state of task ct:1449785324997:0:2: of framework 20151210-214154-50331658-5050-6563-0000 to TASK_FINISHED
I1210 22:08:52.365402  7061 hierarchical.hpp:648] Recovered cpus(*):0.001; mem(*):1; disk(*):1 (total allocatable: cpus(*):0.022; mem(*):22; disk(*):22) on slave 20151210-220817-50331658-5050-7060-S0 from framework 20151210-214154-50331658-5050-6563-0000
I1210 22:08:52.389492  7063 master.cpp:4685] Removing task ct:1449785324997:0:2: with resources cpus(*):0.001; mem(*):1; disk(*):1 of framework 20151210-214154-50331658-5050-6563-0000 on slave 20151210-220817-50331658-5050-7060-S0 at slave(1)@10.0.0.5:5051 (n4)
I1210 22:08:52.396471  7063 master.cpp:2782] Forwarding status update acknowledgement acf65707-5bf7-47da-bb44-03d71f978074 for task ct:1449785324997:0:2: of framework 20151210-214154-50331658-5050-6563-0000 (chronos-2.3.4) at scheduler-f67ddb74-56cd-49d4-8d92-972e5f241df2@10.0.0.3:47306 to slave 20151210-220817-50331658-5050-7060-S0 at slave(1)@10.0.0.5:5051 (n4)
I1210 22:08:52.475035  7065 master.cpp:3295] Status update TASK_RUNNING (UUID: 6e922a24-21a6-443a-b870-17cefdf53909) for task ct:1449785330804:0:4: of framework 20151210-214154-50331658-5050-6563-0000 from slave 20151210-220817-50331658-5050-7060-S0 at slave(1)@10.0.0.5:5051 (n4)
I1210 22:08:52.475121  7065 master.cpp:3336] Forwarding status update TASK_RUNNING (UUID: 6e922a24-21a6-443a-b870-17cefdf53909) for task ct:1449785330804:0:4: of framework 20151210-214154-50331658-5050-6563-0000
I1210 22:08:52.475177  7065 master.cpp:4618] Updating the latest state of task ct:1449785330804:0:4: of framework 20151210-214154-50331658-5050-6563-0000 to TASK_RUNNING
I1210 22:08:52.476260  7062 master.cpp:2782] Forwarding status update acknowledgement 6e922a24-21a6-443a-b870-17cefdf53909 for task ct:1449785330804:0:4: of framework 20151210-214154-50331658-5050-6563-0000 (chronos-2.3.4) at scheduler-f67ddb74-56cd-49d4-8d92-972e5f241df2@10.0.0.3:47306 to slave 20151210-220817-50331658-5050-7060-S0 at slave(1)@10.0.0.5:5051 (n4)
I1210 22:08:52.502416  7062 master.cpp:3295] Status update TASK_RUNNING (UUID: b6c85d60-ab02-40b4-b49f-617d2a458472) for task ct:1449785330946:0:35: of framework 20151210-214154-50331658-5050-6563-0000 from slave 20151210-220817-50331658-5050-7060-S0 at slave(1)@10.0.0.5:5051 (n4)
I1210 22:08:52.502454  7062 master.cpp:3336] Forwarding status update TASK_RUNNING (UUID: b6c85d60-ab02-40b4-b49f-617d2a458472) for task ct:1449785330946:0:35: of framework 20151210-214154-50331658-5050-6563-0000
I1210 22:08:52.502503  7062 master.cpp:4618] Updating the latest state of task ct:1449785330946:0:35: of framework 20151210-214154-50331658-5050-6563-0000 to TASK_RUNNING
I1210 22:08:52.503538  7062 master.cpp:2782] Forwarding status update acknowledgement b6c85d60-ab02-40b4-b49f-617d2a458472 for task ct:1449785330946:0:35: of framework 20151210-214154-50331658-5050-6563-0000 (chronos-2.3.4) at scheduler-f67ddb74-56cd-49d4-8d92-972e5f241df2@10.0.0.3:47306 to slave 20151210-220817-50331658-5050-7060-S0 at slave(1)@10.0.0.5:5051 (n4)
I1210 22:08:52.566584  7069 poll_socket.cpp:94] Socket error while connecting
I1210 22:08:52.566660  7069 process.cpp:1546] Failed to send 'PING' to '10.0.0.6:5051', connect: Socket error while connecting
I1210 22:08:52.722064  7062 master.cpp:3295] Status update TASK_FINISHED (UUID: f8ec6a00-7c3d-4a0e-9df2-2b595819a64f) for task ct:1449785309108:0:12: of framework 20151210-214154-50331658-5050-6563-0000 from slave 20151210-220817-50331658-5050-7060-S0 at slave(1)@10.0.0.5:5051 (n4)
I1210 22:08:52.722102  7062 master.cpp:3336] Forwarding status update TASK_FINISHED (UUID: f8ec6a00-7c3d-4a0e-9df2-2b595819a64f) for task ct:1449785309108:0:12: of framework 20151210-214154-50331658-5050-6563-0000
I1210 22:08:52.722154  7062 master.cpp:4618] Updating the latest state of task ct:1449785309108:0:12: of framework 20151210-214154-50331658-5050-6563-0000 to TASK_FINISHED
I1210 22:08:52.722203  7062 hierarchical.hpp:648] Recovered cpus(*):0.001; mem(*):1; disk(*):1 (total allocatable: cpus(*):0.023; mem(*):23; disk(*):23) on slave 20151210-220817-50331658-5050-7060-S0 from framework 20151210-214154-50331658-5050-6563-0000
I1210 22:08:52.730425  7062 master.cpp:3295] Status update TASK_FINISHED (UUID: 0a45c751-5b0b-444d-b8ab-09584a4edb94) for task ct:1449785308047:0:37: of framework 20151210-214154-50331658-5050-6563-0000 from slave 20151210-220817-50331658-5050-7060-S0 at slave(1)@10.0.0.5:5051 (n4)
I1210 22:08:52.730494  7062 master.cpp:3336] Forwarding status update TASK_FINISHED (UUID: 0a45c751-5b0b-444d-b8ab-09584a4edb94) for task ct:1449785308047:0:37: of framework 20151210-214154-50331658-5050-6563-0000
I1210 22:08:52.730551  7062 master.cpp:4618] Updating the latest state of task ct:1449785308047:0:37: of framework 20151210-214154-50331658-5050-6563-0000 to TASK_FINISHED
I1210 22:08:52.730603  7062 hierarchical.hpp:648] Recovered cpus(*):0.001; mem(*):1; disk(*):1 (total allocatable: cpus(*):0.024; mem(*):24; disk(*):24) on slave 20151210-220817-50331658-5050-7060-S0 from framework 20151210-214154-50331658-5050-6563-0000
I1210 22:08:52.739683  7062 master.cpp:4685] Removing task ct:1449785309108:0:12: with resources cpus(*):0.001; mem(*):1; disk(*):1 of framework 20151210-214154-50331658-5050-6563-0000 on slave 20151210-220817-50331658-5050-7060-S0 at slave(1)@10.0.0.5:5051 (n4)
I1210 22:08:52.739783  7062 master.cpp:2782] Forwarding status update acknowledgement f8ec6a00-7c3d-4a0e-9df2-2b595819a64f for task ct:1449785309108:0:12: of framework 20151210-214154-50331658-5050-6563-0000 (chronos-2.3.4) at scheduler-f67ddb74-56cd-49d4-8d92-972e5f241df2@10.0.0.3:47306 to slave 20151210-220817-50331658-5050-7060-S0 at slave(1)@10.0.0.5:5051 (n4)
I1210 22:08:52.791369  7068 master.cpp:4685] Removing task ct:1449785308047:0:37: with resources cpus(*):0.001; mem(*):1; disk(*):1 of framework 20151210-214154-50331658-5050-6563-0000 on slave 20151210-220817-50331658-5050-7060-S0 at slave(1)@10.0.0.5:5051 (n4)
I1210 22:08:52.791450  7068 master.cpp:2782] Forwarding status update acknowledgement 0a45c751-5b0b-444d-b8ab-09584a4edb94 for task ct:1449785308047:0:37: of framework 20151210-214154-50331658-5050-6563-0000 (chronos-2.3.4) at scheduler-f67ddb74-56cd-49d4-8d92-972e5f241df2@10.0.0.3:47306 to slave 20151210-220817-50331658-5050-7060-S0 at slave(1)@10.0.0.5:5051 (n4)
I1210 22:08:53.324532  7064 hierarchical.hpp:741] Performed allocation for 2 slaves in 75713ns
I1210 22:08:53.324618  7064 master.cpp:3755] Sending 1 offers to framework 20151210-214154-50331658-5050-6563-0000 (chronos-2.3.4) at scheduler-f67ddb74-56cd-49d4-8d92-972e5f241df2@10.0.0.3:47306
I1210 22:08:53.337090  7064 master.cpp:2268] Processing ACCEPT call for offers: [ 20151210-220817-50331658-5050-7060-O12 ] on slave 20151210-220817-50331658-5050-7060-S0 at slave(1)@10.0.0.5:5051 (n4) for framework 20151210-214154-50331658-5050-6563-0000 (chronos-2.3.4) at scheduler-f67ddb74-56cd-49d4-8d92-972e5f241df2@10.0.0.3:47306
I1210 22:08:53.337371  7064 master.hpp:822] Adding task ct:1449785333133:0:23: with resources cpus(*):0.001; mem(*):1; disk(*):1 on slave 20151210-220817-50331658-5050-7060-S0 (n4)
I1210 22:08:53.337438  7064 master.cpp:2545] Launching task ct:1449785333133:0:23: of framework 20151210-214154-50331658-5050-6563-0000 (chronos-2.3.4) at scheduler-f67ddb74-56cd-49d4-8d92-972e5f241df2@10.0.0.3:47306 with resources cpus(*):0.001; mem(*):1; disk(*):1 on slave 20151210-220817-50331658-5050-7060-S0 at slave(1)@10.0.0.5:5051 (n4)
I1210 22:08:53.337529  7064 hierarchical.hpp:648] Recovered cpus(*):0.023; mem(*):23; disk(*):23 (total allocatable: cpus(*):0.023; mem(*):23; disk(*):23) on slave 20151210-220817-50331658-5050-7060-S0 from framework 20151210-214154-50331658-5050-6563-0000
I1210 22:08:53.337548  7064 hierarchical.hpp:684] Framework 20151210-214154-50331658-5050-6563-0000 filtered slave 20151210-220817-50331658-5050-7060-S0 for 5secs
I1210 22:08:53.536103  7064 master.cpp:3295] Status update TASK_FINISHED (UUID: 5eeb9320-7476-44f2-b35d-1c1cf828814d) for task ct:1449785330804:0:4: of framework 20151210-214154-50331658-5050-6563-0000 from slave 20151210-220817-50331658-5050-7060-S0 at slave(1)@10.0.0.5:5051 (n4)
I1210 22:08:53.536142  7064 master.cpp:3336] Forwarding status update TASK_FINISHED (UUID: 5eeb9320-7476-44f2-b35d-1c1cf828814d) for task ct:1449785330804:0:4: of framework 20151210-214154-50331658-5050-6563-0000
I1210 22:08:53.536229  7064 master.cpp:4618] Updating the latest state of task ct:1449785330804:0:4: of framework 20151210-214154-50331658-5050-6563-0000 to TASK_FINISHED
I1210 22:08:53.537523  7064 hierarchical.hpp:648] Recovered cpus(*):0.001; mem(*):1; disk(*):1 (total allocatable: cpus(*):0.024; mem(*):24; disk(*):24) on slave 20151210-220817-50331658-5050-7060-S0 from framework 20151210-214154-50331658-5050-6563-0000
I1210 22:08:53.548240  7066 master.cpp:4685] Removing task ct:1449785330804:0:4: with resources cpus(*):0.001; mem(*):1; disk(*):1 of framework 20151210-214154-50331658-5050-6563-0000 on slave 20151210-220817-50331658-5050-7060-S0 at slave(1)@10.0.0.5:5051 (n4)
I1210 22:08:53.548305  7066 master.cpp:2782] Forwarding status update acknowledgement 5eeb9320-7476-44f2-b35d-1c1cf828814d for task ct:1449785330804:0:4: of framework 20151210-214154-50331658-5050-6563-0000 (chronos-2.3.4) at scheduler-f67ddb74-56cd-49d4-8d92-972e5f241df2@10.0.0.3:47306 to slave 20151210-220817-50331658-5050-7060-S0 at slave(1)@10.0.0.5:5051 (n4)
I1210 22:08:53.746219  7066 master.cpp:3295] Status update TASK_RUNNING (UUID: 5c8a21e2-4776-4978-b670-84756c410a69) for task ct:1449785333133:0:23: of framework 20151210-214154-50331658-5050-6563-0000 from slave 20151210-220817-50331658-5050-7060-S0 at slave(1)@10.0.0.5:5051 (n4)
I1210 22:08:53.746304  7066 master.cpp:3336] Forwarding status update TASK_RUNNING (UUID: 5c8a21e2-4776-4978-b670-84756c410a69) for task ct:1449785333133:0:23: of framework 20151210-214154-50331658-5050-6563-0000
I1210 22:08:53.746363  7066 master.cpp:4618] Updating the latest state of task ct:1449785333133:0:23: of framework 20151210-214154-50331658-5050-6563-0000 to TASK_RUNNING
I1210 22:08:53.747421  7067 master.cpp:2782] Forwarding status update acknowledgement 5c8a21e2-4776-4978-b670-84756c410a69 for task ct:1449785333133:0:23: of framework 20151210-214154-50331658-5050-6563-0000 (chronos-2.3.4) at scheduler-f67ddb74-56cd-49d4-8d92-972e5f241df2@10.0.0.3:47306 to slave 20151210-220817-50331658-5050-7060-S0 at slave(1)@10.0.0.5:5051 (n4)
I1210 22:08:54.327484  7067 hierarchical.hpp:741] Performed allocation for 2 slaves in 68104ns
I1210 22:08:54.327594  7067 master.cpp:3755] Sending 1 offers to framework 20151210-214154-50331658-5050-6563-0000 (chronos-2.3.4) at scheduler-f67ddb74-56cd-49d4-8d92-972e5f241df2@10.0.0.3:47306
I1210 22:08:54.329069  7067 master.cpp:2268] Processing ACCEPT call for offers: [ 20151210-220817-50331658-5050-7060-O13 ] on slave 20151210-220817-50331658-5050-7060-S0 at slave(1)@10.0.0.5:5051 (n4) for framework 20151210-214154-50331658-5050-6563-0000 (chronos-2.3.4) at scheduler-f67ddb74-56cd-49d4-8d92-972e5f241df2@10.0.0.3:47306
I1210 22:08:54.329151  7067 hierarchical.hpp:648] Recovered cpus(*):0.024; mem(*):24; disk(*):24 (total allocatable: cpus(*):0.024; mem(*):24; disk(*):24) on slave 20151210-220817-50331658-5050-7060-S0 from framework 20151210-214154-50331658-5050-6563-0000
I1210 22:08:54.329171  7067 hierarchical.hpp:684] Framework 20151210-214154-50331658-5050-6563-0000 filtered slave 20151210-220817-50331658-5050-7060-S0 for 5secs
I1210 22:08:54.995173  7067 master.cpp:3295] Status update TASK_FINISHED (UUID: 6c95945d-7a91-44b7-99e2-3df6cde424b3) for task ct:1449785329208:0:30: of framework 20151210-214154-50331658-5050-6563-0000 from slave 20151210-220817-50331658-5050-7060-S0 at slave(1)@10.0.0.5:5051 (n4)
I1210 22:08:54.995224  7067 master.cpp:3336] Forwarding status update TASK_FINISHED (UUID: 6c95945d-7a91-44b7-99e2-3df6cde424b3) for task ct:1449785329208:0:30: of framework 20151210-214154-50331658-5050-6563-0000
I1210 22:08:54.995292  7067 master.cpp:4618] Updating the latest state of task ct:1449785329208:0:30: of framework 20151210-214154-50331658-5050-6563-0000 to TASK_FINISHED
I1210 22:08:54.995362  7067 hierarchical.hpp:648] Recovered cpus(*):0.001; mem(*):1; disk(*):1 (total allocatable: cpus(*):0.025; mem(*):25; disk(*):25) on slave 20151210-220817-50331658-5050-7060-S0 from framework 20151210-214154-50331658-5050-6563-0000
I1210 22:08:55.020443  7061 master.cpp:4685] Removing task ct:1449785329208:0:30: with resources cpus(*):0.001; mem(*):1; disk(*):1 of framework 20151210-214154-50331658-5050-6563-0000 on slave 20151210-220817-50331658-5050-7060-S0 at slave(1)@10.0.0.5:5051 (n4)
I1210 22:08:55.022016  7061 master.cpp:2782] Forwarding status update acknowledgement 6c95945d-7a91-44b7-99e2-3df6cde424b3 for task ct:1449785329208:0:30: of framework 20151210-214154-50331658-5050-6563-0000 (chronos-2.3.4) at scheduler-f67ddb74-56cd-49d4-8d92-972e5f241df2@10.0.0.3:47306 to slave 20151210-220817-50331658-5050-7060-S0 at slave(1)@10.0.0.5:5051 (n4)
I1210 22:08:55.331291  7063 hierarchical.hpp:741] Performed allocation for 2 slaves in 73981ns
I1210 22:08:55.331390  7063 master.cpp:3755] Sending 1 offers to framework 20151210-214154-50331658-5050-6563-0000 (chronos-2.3.4) at scheduler-f67ddb74-56cd-49d4-8d92-972e5f241df2@10.0.0.3:47306
I1210 22:08:55.343726  7063 master.cpp:2268] Processing ACCEPT call for offers: [ 20151210-220817-50331658-5050-7060-O14 ] on slave 20151210-220817-50331658-5050-7060-S0 at slave(1)@10.0.0.5:5051 (n4) for framework 20151210-214154-50331658-5050-6563-0000 (chronos-2.3.4) at scheduler-f67ddb74-56cd-49d4-8d92-972e5f241df2@10.0.0.3:47306
I1210 22:08:55.344112  7063 master.hpp:822] Adding task ct:1449785334326:0:33: with resources cpus(*):0.001; mem(*):1; disk(*):1 on slave 20151210-220817-50331658-5050-7060-S0 (n4)
I1210 22:08:55.344148  7063 master.cpp:2545] Launching task ct:1449785334326:0:33: of framework 20151210-214154-50331658-5050-6563-0000 (chronos-2.3.4) at scheduler-f67ddb74-56cd-49d4-8d92-972e5f241df2@10.0.0.3:47306 with resources cpus(*):0.001; mem(*):1; disk(*):1 on slave 20151210-220817-50331658-5050-7060-S0 at slave(1)@10.0.0.5:5051 (n4)
I1210 22:08:55.344398  7063 master.hpp:822] Adding task ct:1449785335188:0:18: with resources cpus(*):0.001; mem(*):1; disk(*):1 on slave 20151210-220817-50331658-5050-7060-S0 (n4)
I1210 22:08:55.346691  7063 master.cpp:2545] Launching task ct:1449785335188:0:18: of framework 20151210-214154-50331658-5050-6563-0000 (chronos-2.3.4) at scheduler-f67ddb74-56cd-49d4-8d92-972e5f241df2@10.0.0.3:47306 with resources cpus(*):0.001; mem(*):1; disk(*):1 on slave 20151210-220817-50331658-5050-7060-S0 at slave(1)@10.0.0.5:5051 (n4)
I1210 22:08:55.346873  7062 hierarchical.hpp:648] Recovered cpus(*):0.023; mem(*):23; disk(*):23 (total allocatable: cpus(*):0.023; mem(*):23; disk(*):23) on slave 20151210-220817-50331658-5050-7060-S0 from framework 20151210-214154-50331658-5050-6563-0000
I1210 22:08:55.346896  7062 hierarchical.hpp:684] Framework 20151210-214154-50331658-5050-6563-0000 filtered slave 20151210-220817-50331658-5050-7060-S0 for 5secs
I1210 22:08:55.827327  7068 master.cpp:3295] Status update TASK_RUNNING (UUID: 6d30dd5f-b5a4-4927-8ed0-b2852854e0e8) for task ct:1449785335188:0:18: of framework 20151210-214154-50331658-5050-6563-0000 from slave 20151210-220817-50331658-5050-7060-S0 at slave(1)@10.0.0.5:5051 (n4)
I1210 22:08:55.827391  7068 master.cpp:3336] Forwarding status update TASK_RUNNING (UUID: 6d30dd5f-b5a4-4927-8ed0-b2852854e0e8) for task ct:1449785335188:0:18: of framework 20151210-214154-50331658-5050-6563-0000
I1210 22:08:55.827532  7068 master.cpp:4618] Updating the latest state of task ct:1449785335188:0:18: of framework 20151210-214154-50331658-5050-6563-0000 to TASK_RUNNING
I1210 22:08:55.828451  7064 master.cpp:2782] Forwarding status update acknowledgement 6d30dd5f-b5a4-4927-8ed0-b2852854e0e8 for task ct:1449785335188:0:18: of framework 20151210-214154-50331658-5050-6563-0000 (chronos-2.3.4) at scheduler-f67ddb74-56cd-49d4-8d92-972e5f241df2@10.0.0.3:47306 to slave 20151210-220817-50331658-5050-7060-S0 at slave(1)@10.0.0.5:5051 (n4)
I1210 22:08:55.868093  7064 master.cpp:3295] Status update TASK_RUNNING (UUID: 3a0fbfe7-7b8c-436d-8f4b-e26fd4be5909) for task ct:1449785334326:0:33: of framework 20151210-214154-50331658-5050-6563-0000 from slave 20151210-220817-50331658-5050-7060-S0 at slave(1)@10.0.0.5:5051 (n4)
I1210 22:08:55.868192  7064 master.cpp:3336] Forwarding status update TASK_RUNNING (UUID: 3a0fbfe7-7b8c-436d-8f4b-e26fd4be5909) for task ct:1449785334326:0:33: of framework 20151210-214154-50331658-5050-6563-0000
I1210 22:08:55.868258  7064 master.cpp:4618] Updating the latest state of task ct:1449785334326:0:33: of framework 20151210-214154-50331658-5050-6563-0000 to TASK_RUNNING
I1210 22:08:55.871356  7066 master.cpp:2782] Forwarding status update acknowledgement 3a0fbfe7-7b8c-436d-8f4b-e26fd4be5909 for task ct:1449785334326:0:33: of framework 20151210-214154-50331658-5050-6563-0000 (chronos-2.3.4) at scheduler-f67ddb74-56cd-49d4-8d92-972e5f241df2@10.0.0.3:47306 to slave 20151210-220817-50331658-5050-7060-S0 at slave(1)@10.0.0.5:5051 (n4)
I1210 22:08:56.331912  7061 hierarchical.hpp:898] Filtered cpus(*):0.023; mem(*):23; disk(*):23 on slave 20151210-220817-50331658-5050-7060-S0 for framework 20151210-214154-50331658-5050-6563-0000
I1210 22:08:56.332213  7061 hierarchical.hpp:741] Performed allocation for 2 slaves in 354480ns
I1210 22:08:56.332343  7061 master.cpp:3755] Sending 1 offers to framework 20151210-213335-67108874-5050-4921-0000 (TwitterScheduler) at scheduler-c64b5950-ee0f-4ee1-9fb3-60d79aea66aa@10.0.0.4:8083
I1210 22:08:56.352301  7061 master.cpp:2268] Processing ACCEPT call for offers: [ 20151210-220817-50331658-5050-7060-O15 ] on slave 20151210-220817-50331658-5050-7060-S0 at slave(1)@10.0.0.5:5051 (n4) for framework 20151210-213335-67108874-5050-4921-0000 (TwitterScheduler) at scheduler-c64b5950-ee0f-4ee1-9fb3-60d79aea66aa@10.0.0.4:8083
I1210 22:08:56.352452  7061 hierarchical.hpp:648] Recovered cpus(*):0.023; mem(*):23; disk(*):23 (total allocatable: cpus(*):0.023; mem(*):23; disk(*):23) on slave 20151210-220817-50331658-5050-7060-S0 from framework 20151210-213335-67108874-5050-4921-0000
I1210 22:08:56.352493  7061 hierarchical.hpp:684] Framework 20151210-213335-67108874-5050-4921-0000 filtered slave 20151210-220817-50331658-5050-7060-S0 for 5secs
I1210 22:08:56.357094  7067 master.cpp:2268] Processing ACCEPT call for offers: [ 20151210-220817-50331658-5050-7060-O3 ] on slave 20151210-220817-50331658-5050-7060-S0 at slave(1)@10.0.0.5:5051 (n4) for framework 20151210-213335-67108874-5050-4921-0000 (TwitterScheduler) at scheduler-c64b5950-ee0f-4ee1-9fb3-60d79aea66aa@10.0.0.4:8083
I1210 22:08:56.357208  7067 hierarchical.hpp:648] Recovered cpus(*):0.972; mem(*):2899; disk(*):33144; ports(*):[31000-32000] (total allocatable: cpus(*):0.995; mem(*):2922; disk(*):33167; ports(*):[31000-32000]) on slave 20151210-220817-50331658-5050-7060-S0 from framework 20151210-213335-67108874-5050-4921-0000
I1210 22:08:56.357234  7067 hierarchical.hpp:684] Framework 20151210-213335-67108874-5050-4921-0000 filtered slave 20151210-220817-50331658-5050-7060-S0 for 5secs
I1210 22:08:57.334480  7067 hierarchical.hpp:741] Performed allocation for 2 slaves in 81357ns
I1210 22:08:57.334584  7067 master.cpp:3755] Sending 1 offers to framework 20151210-213335-67108874-5050-4921-0000 (TwitterScheduler) at scheduler-c64b5950-ee0f-4ee1-9fb3-60d79aea66aa@10.0.0.4:8083
I1210 22:08:57.578474  7067 master.cpp:3295] Status update TASK_FINISHED (UUID: 26e3994d-c33e-4ee1-bca4-ca2e52c7f7a7) for task ct:1449785327595:0:21: of framework 20151210-214154-50331658-5050-6563-0000 from slave 20151210-220817-50331658-5050-7060-S0 at slave(1)@10.0.0.5:5051 (n4)
I1210 22:08:57.578512  7067 master.cpp:3336] Forwarding status update TASK_FINISHED (UUID: 26e3994d-c33e-4ee1-bca4-ca2e52c7f7a7) for task ct:1449785327595:0:21: of framework 20151210-214154-50331658-5050-6563-0000
I1210 22:08:57.578567  7067 master.cpp:4618] Updating the latest state of task ct:1449785327595:0:21: of framework 20151210-214154-50331658-5050-6563-0000 to TASK_FINISHED
I1210 22:08:57.578619  7067 hierarchical.hpp:648] Recovered cpus(*):0.001; mem(*):1; disk(*):1 (total allocatable: cpus(*):0.001; mem(*):1; disk(*):1) on slave 20151210-220817-50331658-5050-7060-S0 from framework 20151210-214154-50331658-5050-6563-0000
I1210 22:08:57.607697  7067 master.cpp:4685] Removing task ct:1449785327595:0:21: with resources cpus(*):0.001; mem(*):1; disk(*):1 of framework 20151210-214154-50331658-5050-6563-0000 on slave 20151210-220817-50331658-5050-7060-S0 at slave(1)@10.0.0.5:5051 (n4)
I1210 22:08:57.607808  7067 master.cpp:2782] Forwarding status update acknowledgement 26e3994d-c33e-4ee1-bca4-ca2e52c7f7a7 for task ct:1449785327595:0:21: of framework 20151210-214154-50331658-5050-6563-0000 (chronos-2.3.4) at scheduler-f67ddb74-56cd-49d4-8d92-972e5f241df2@10.0.0.3:47306 to slave 20151210-220817-50331658-5050-7060-S0 at slave(1)@10.0.0.5:5051 (n4)
I1210 22:08:58.335052  7065 hierarchical.hpp:834] No resources available to allocate!
I1210 22:08:58.335142  7065 hierarchical.hpp:741] Performed allocation for 2 slaves in 142544ns
I1210 22:08:59.337921  7062 hierarchical.hpp:834] No resources available to allocate!
I1210 22:08:59.337987  7062 hierarchical.hpp:741] Performed allocation for 2 slaves in 117547ns
I1210 22:08:59.631079  7063 master.cpp:3295] Status update TASK_FINISHED (UUID: 30ae21f6-9e69-4faf-9f15-341f57e7d93a) for task ct:1449785330946:0:35: of framework 20151210-214154-50331658-5050-6563-0000 from slave 20151210-220817-50331658-5050-7060-S0 at slave(1)@10.0.0.5:5051 (n4)
I1210 22:08:59.631168  7063 master.cpp:3336] Forwarding status update TASK_FINISHED (UUID: 30ae21f6-9e69-4faf-9f15-341f57e7d93a) for task ct:1449785330946:0:35: of framework 20151210-214154-50331658-5050-6563-0000
I1210 22:08:59.631227  7063 master.cpp:4618] Updating the latest state of task ct:1449785330946:0:35: of framework 20151210-214154-50331658-5050-6563-0000 to TASK_FINISHED
I1210 22:08:59.631292  7063 hierarchical.hpp:648] Recovered cpus(*):0.001; mem(*):1; disk(*):1 (total allocatable: cpus(*):0.002; mem(*):2; disk(*):2) on slave 20151210-220817-50331658-5050-7060-S0 from framework 20151210-214154-50331658-5050-6563-0000
I1210 22:08:59.654595  7066 master.cpp:4685] Removing task ct:1449785330946:0:35: with resources cpus(*):0.001; mem(*):1; disk(*):1 of framework 20151210-214154-50331658-5050-6563-0000 on slave 20151210-220817-50331658-5050-7060-S0 at slave(1)@10.0.0.5:5051 (n4)
I1210 22:08:59.654662  7066 master.cpp:2782] Forwarding status update acknowledgement 30ae21f6-9e69-4faf-9f15-341f57e7d93a for task ct:1449785330946:0:35: of framework 20151210-214154-50331658-5050-6563-0000 (chronos-2.3.4) at scheduler-f67ddb74-56cd-49d4-8d92-972e5f241df2@10.0.0.3:47306 to slave 20151210-220817-50331658-5050-7060-S0 at slave(1)@10.0.0.5:5051 (n4)
I1210 22:09:00.338579  7066 hierarchical.hpp:834] No resources available to allocate!
I1210 22:09:00.338624  7066 hierarchical.hpp:741] Performed allocation for 2 slaves in 95038ns
I1210 22:09:01.009218  7066 master.cpp:3295] Status update TASK_FINISHED (UUID: fc381af4-201c-464e-b7d0-8bccea6ad0d2) for task ct:1449785334326:0:33: of framework 20151210-214154-50331658-5050-6563-0000 from slave 20151210-220817-50331658-5050-7060-S0 at slave(1)@10.0.0.5:5051 (n4)
I1210 22:09:01.009255  7066 master.cpp:3336] Forwarding status update TASK_FINISHED (UUID: fc381af4-201c-464e-b7d0-8bccea6ad0d2) for task ct:1449785334326:0:33: of framework 20151210-214154-50331658-5050-6563-0000
I1210 22:09:01.009306  7066 master.cpp:4618] Updating the latest state of task ct:1449785334326:0:33: of framework 20151210-214154-50331658-5050-6563-0000 to TASK_FINISHED
I1210 22:09:01.009357  7066 hierarchical.hpp:648] Recovered cpus(*):0.001; mem(*):1; disk(*):1 (total allocatable: cpus(*):0.003; mem(*):3; disk(*):3) on slave 20151210-220817-50331658-5050-7060-S0 from framework 20151210-214154-50331658-5050-6563-0000
I1210 22:09:01.105334  7066 master.cpp:4685] Removing task ct:1449785334326:0:33: with resources cpus(*):0.001; mem(*):1; disk(*):1 of framework 20151210-214154-50331658-5050-6563-0000 on slave 20151210-220817-50331658-5050-7060-S0 at slave(1)@10.0.0.5:5051 (n4)
I1210 22:09:01.105407  7066 master.cpp:2782] Forwarding status update acknowledgement fc381af4-201c-464e-b7d0-8bccea6ad0d2 for task ct:1449785334326:0:33: of framework 20151210-214154-50331658-5050-6563-0000 (chronos-2.3.4) at scheduler-f67ddb74-56cd-49d4-8d92-972e5f241df2@10.0.0.3:47306 to slave 20151210-220817-50331658-5050-7060-S0 at slave(1)@10.0.0.5:5051 (n4)
I1210 22:09:01.340188  7068 hierarchical.hpp:834] No resources available to allocate!
I1210 22:09:01.340523  7068 hierarchical.hpp:741] Performed allocation for 2 slaves in 435898ns
I1210 22:09:01.441741  7064 master.cpp:2905] Removing old disconnected slave 20151210-214154-50331658-5050-6563-S1 at slave(1)@10.0.0.6:5051 (n5) because a registration attempt is being made from slave(1)@10.0.0.6:5051
I1210 22:09:01.441830  7064 master.cpp:4428] Removing slave 20151210-214154-50331658-5050-6563-S1 at slave(1)@10.0.0.6:5051 (n5)
I1210 22:09:01.441926  7064 master.cpp:2938] Registering slave at slave(1)@10.0.0.6:5051 (n5) with id 20151210-220817-50331658-5050-7060-S1
I1210 22:09:01.441974  7064 hierarchical.hpp:486] Removed slave 20151210-214154-50331658-5050-6563-S1
I1210 22:09:01.442019  7064 registrar.cpp:445] Applied 1 operations in 14319ns; attempting to update the 'registry'
I1210 22:09:01.442654  7064 log.cpp:684] Attempting to append 269 bytes to the log
I1210 22:09:01.442687  7064 coordinator.cpp:340] Coordinator attempting to write APPEND action at position 7
I1210 22:09:01.442821  7064 replica.cpp:511] Replica received write request for position 7
I1210 22:09:01.444033  7064 leveldb.cpp:343] Persisting action (288 bytes) to leveldb took 1.197705ms
I1210 22:09:01.444058  7064 replica.cpp:679] Persisted action at 7
I1210 22:09:01.452004  7065 replica.cpp:658] Replica received learned notice for position 7
I1210 22:09:01.453876  7065 leveldb.cpp:343] Persisting action (290 bytes) to leveldb took 1.823938ms
I1210 22:09:01.453904  7065 replica.cpp:679] Persisted action at 7
I1210 22:09:01.453944  7065 replica.cpp:664] Replica learned APPEND action at position 7
I1210 22:09:01.454099  7065 registrar.cpp:490] Successfully updated the 'registry' in 12.064768ms
I1210 22:09:01.454152  7065 registrar.cpp:445] Applied 1 operations in 7471ns; attempting to update the 'registry'
I1210 22:09:01.454819  7065 log.cpp:703] Attempting to truncate the log to 7
I1210 22:09:01.454859  7065 master.cpp:4528] Removed slave 20151210-214154-50331658-5050-6563-S1 (n5)
I1210 22:09:01.454869  7065 master.cpp:4546] Notifying framework 20151210-213335-67108874-5050-4921-0000 (TwitterScheduler) at scheduler-c64b5950-ee0f-4ee1-9fb3-60d79aea66aa@10.0.0.4:8083 of lost slave 20151210-214154-50331658-5050-6563-S1 (n5) after recovering
I1210 22:09:01.454897  7065 master.cpp:4546] Notifying framework 20151210-214154-50331658-5050-6563-0000 (chronos-2.3.4) at scheduler-f67ddb74-56cd-49d4-8d92-972e5f241df2@10.0.0.3:47306 of lost slave 20151210-214154-50331658-5050-6563-S1 (n5) after recovering
I1210 22:09:01.454942  7065 coordinator.cpp:340] Coordinator attempting to write TRUNCATE action at position 8
I1210 22:09:01.455063  7065 replica.cpp:511] Replica received write request for position 8
I1210 22:09:01.457787  7069 process.cpp:2117] Dropped / Lost event for PID: (57)@10.0.0.3:5050
I1210 22:09:01.484316  7065 leveldb.cpp:343] Persisting action (16 bytes) to leveldb took 29.212658ms
I1210 22:09:01.484357  7065 replica.cpp:679] Persisted action at 8
I1210 22:09:01.484405  7065 process.cpp:2117] Dropped / Lost event for PID: (61)@10.0.0.3:5050
I1210 22:09:01.484424  7065 replica.cpp:658] Replica received learned notice for position 8
I1210 22:09:01.484671  7065 leveldb.cpp:343] Persisting action (18 bytes) to leveldb took 238031ns
I1210 22:09:01.484697  7065 leveldb.cpp:401] Deleting ~2 keys from leveldb took 9559ns
I1210 22:09:01.484706  7065 replica.cpp:679] Persisted action at 8
I1210 22:09:01.484712  7065 replica.cpp:664] Replica learned TRUNCATE action at position 8
I1210 22:09:01.484818  7065 log.cpp:684] Attempting to append 422 bytes to the log
I1210 22:09:01.484840  7065 coordinator.cpp:340] Coordinator attempting to write APPEND action at position 9
I1210 22:09:01.484995  7066 replica.cpp:511] Replica received write request for position 9
I1210 22:09:01.490126  7066 leveldb.cpp:343] Persisting action (441 bytes) to leveldb took 5.111401ms
I1210 22:09:01.490165  7066 replica.cpp:679] Persisted action at 9
I1210 22:09:01.490404  7066 replica.cpp:658] Replica received learned notice for position 9
I1210 22:09:01.494019  7066 leveldb.cpp:343] Persisting action (443 bytes) to leveldb took 3.565155ms
I1210 22:09:01.494067  7066 replica.cpp:679] Persisted action at 9
I1210 22:09:01.494076  7066 replica.cpp:664] Replica learned APPEND action at position 9
I1210 22:09:01.494262  7066 registrar.cpp:490] Successfully updated the 'registry' in 40.093184ms
I1210 22:09:01.497316  7061 log.cpp:703] Attempting to truncate the log to 9
I1210 22:09:01.497768  7061 coordinator.cpp:340] Coordinator attempting to write TRUNCATE action at position 10
I1210 22:09:01.497959  7061 replica.cpp:511] Replica received write request for position 10
I1210 22:09:01.498872  7061 leveldb.cpp:343] Persisting action (16 bytes) to leveldb took 892902ns
I1210 22:09:01.498894  7061 replica.cpp:679] Persisted action at 10
I1210 22:09:01.498991  7061 replica.cpp:658] Replica received learned notice for position 10
I1210 22:09:01.499830  7066 master.cpp:2995] Registered slave 20151210-220817-50331658-5050-7060-S1 at slave(1)@10.0.0.6:5051 (n5) with cpus(*):1; mem(*):2927; disk(*):33172; ports(*):[31000-32000]
I1210 22:09:01.499940  7062 hierarchical.hpp:455] Added slave 20151210-220817-50331658-5050-7060-S1 (n5) with cpus(*):1; mem(*):2927; disk(*):33172; ports(*):[31000-32000] (and cpus(*):1; mem(*):2927; disk(*):33172; ports(*):[31000-32000] available)
I1210 22:09:01.501808  7062 hierarchical.hpp:759] Performed allocation for slave 20151210-220817-50331658-5050-7060-S1 in 51722ns
I1210 22:09:01.504698  7064 master.cpp:3755] Sending 1 offers to framework 20151210-214154-50331658-5050-6563-0000 (chronos-2.3.4) at scheduler-f67ddb74-56cd-49d4-8d92-972e5f241df2@10.0.0.3:47306
I1210 22:09:01.501484  7061 leveldb.cpp:343] Persisting action (18 bytes) to leveldb took 2.476701ms
I1210 22:09:01.504813  7061 leveldb.cpp:401] Deleting ~2 keys from leveldb took 19629ns
I1210 22:09:01.504825  7061 replica.cpp:679] Persisted action at 10
I1210 22:09:01.504832  7061 replica.cpp:664] Replica learned TRUNCATE action at position 10
I1210 22:09:01.509071  7069 process.cpp:2117] Dropped / Lost event for PID: (63)@10.0.0.3:5050
I1210 22:09:01.512190  7069 process.cpp:2117] Dropped / Lost event for PID: (66)@10.0.0.3:5050
I1210 22:09:01.604809  7061 master.cpp:2268] Processing ACCEPT call for offers: [ 20151210-220817-50331658-5050-7060-O17 ] on slave 20151210-220817-50331658-5050-7060-S1 at slave(1)@10.0.0.6:5051 (n5) for framework 20151210-214154-50331658-5050-6563-0000 (chronos-2.3.4) at scheduler-f67ddb74-56cd-49d4-8d92-972e5f241df2@10.0.0.3:47306
I1210 22:09:01.605994  7061 master.hpp:822] Adding task ct:1449785335705:0:16: with resources cpus(*):0.001; mem(*):1; disk(*):1 on slave 20151210-220817-50331658-5050-7060-S1 (n5)
I1210 22:09:01.607995  7061 master.cpp:2545] Launching task ct:1449785335705:0:16: of framework 20151210-214154-50331658-5050-6563-0000 (chronos-2.3.4) at scheduler-f67ddb74-56cd-49d4-8d92-972e5f241df2@10.0.0.3:47306 with resources cpus(*):0.001; mem(*):1; disk(*):1 on slave 20151210-220817-50331658-5050-7060-S1 at slave(1)@10.0.0.6:5051 (n5)
I1210 22:09:01.608223  7061 master.hpp:822] Adding task ct:1449785336798:0:17: with resources cpus(*):0.001; mem(*):1; disk(*):1 on slave 20151210-220817-50331658-5050-7060-S1 (n5)
I1210 22:09:01.608244  7061 master.cpp:2545] Launching task ct:1449785336798:0:17: of framework 20151210-214154-50331658-5050-6563-0000 (chronos-2.3.4) at scheduler-f67ddb74-56cd-49d4-8d92-972e5f241df2@10.0.0.3:47306 with resources cpus(*):0.001; mem(*):1; disk(*):1 on slave 20151210-220817-50331658-5050-7060-S1 at slave(1)@10.0.0.6:5051 (n5)
I1210 22:09:01.608394  7061 master.hpp:822] Adding task ct:1449785337055:0:31: with resources cpus(*):0.001; mem(*):1; disk(*):1 on slave 20151210-220817-50331658-5050-7060-S1 (n5)
I1210 22:09:01.608412  7061 master.cpp:2545] Launching task ct:1449785337055:0:31: of framework 20151210-214154-50331658-5050-6563-0000 (chronos-2.3.4) at scheduler-f67ddb74-56cd-49d4-8d92-972e5f241df2@10.0.0.3:47306 with resources cpus(*):0.001; mem(*):1; disk(*):1 on slave 20151210-220817-50331658-5050-7060-S1 at slave(1)@10.0.0.6:5051 (n5)
I1210 22:09:01.617183  7061 master.hpp:822] Adding task ct:1449785337247:0:9: with resources cpus(*):0.001; mem(*):1; disk(*):1 on slave 20151210-220817-50331658-5050-7060-S1 (n5)
I1210 22:09:01.617327  7061 master.cpp:2545] Launching task ct:1449785337247:0:9: of framework 20151210-214154-50331658-5050-6563-0000 (chronos-2.3.4) at scheduler-f67ddb74-56cd-49d4-8d92-972e5f241df2@10.0.0.3:47306 with resources cpus(*):0.001; mem(*):1; disk(*):1 on slave 20151210-220817-50331658-5050-7060-S1 at slave(1)@10.0.0.6:5051 (n5)
I1210 22:09:01.617529  7061 master.hpp:822] Adding task ct:1449785338073:0:20: with resources cpus(*):0.001; mem(*):1; disk(*):1 on slave 20151210-220817-50331658-5050-7060-S1 (n5)
I1210 22:09:01.617552  7061 master.cpp:2545] Launching task ct:1449785338073:0:20: of framework 20151210-214154-50331658-5050-6563-0000 (chronos-2.3.4) at scheduler-f67ddb74-56cd-49d4-8d92-972e5f241df2@10.0.0.3:47306 with resources cpus(*):0.001; mem(*):1; disk(*):1 on slave 20151210-220817-50331658-5050-7060-S1 at slave(1)@10.0.0.6:5051 (n5)
I1210 22:09:01.617741  7061 master.hpp:822] Adding task ct:1449785339333:0:28: with resources cpus(*):0.001; mem(*):1; disk(*):1 on slave 20151210-220817-50331658-5050-7060-S1 (n5)
I1210 22:09:01.617763  7061 master.cpp:2545] Launching task ct:1449785339333:0:28: of framework 20151210-214154-50331658-5050-6563-0000 (chronos-2.3.4) at scheduler-f67ddb74-56cd-49d4-8d92-972e5f241df2@10.0.0.3:47306 with resources cpus(*):0.001; mem(*):1; disk(*):1 on slave 20151210-220817-50331658-5050-7060-S1 at slave(1)@10.0.0.6:5051 (n5)
I1210 22:09:01.617957  7061 master.hpp:822] Adding task ct:1449785340875:0:6: with resources cpus(*):0.001; mem(*):1; disk(*):1 on slave 20151210-220817-50331658-5050-7060-S1 (n5)
I1210 22:09:01.618752  7061 master.cpp:2545] Launching task ct:1449785340875:0:6: of framework 20151210-214154-50331658-5050-6563-0000 (chronos-2.3.4) at scheduler-f67ddb74-56cd-49d4-8d92-972e5f241df2@10.0.0.3:47306 with resources cpus(*):0.001; mem(*):1; disk(*):1 on slave 20151210-220817-50331658-5050-7060-S1 at slave(1)@10.0.0.6:5051 (n5)
I1210 22:09:01.618926  7068 hierarchical.hpp:648] Recovered cpus(*):0.993; mem(*):2920; disk(*):33165; ports(*):[31000-32000] (total allocatable: cpus(*):0.993; mem(*):2920; disk(*):33165; ports(*):[31000-32000]) on slave 20151210-220817-50331658-5050-7060-S1 from framework 20151210-214154-50331658-5050-6563-0000
I1210 22:09:01.618948  7068 hierarchical.hpp:684] Framework 20151210-214154-50331658-5050-6563-0000 filtered slave 20151210-220817-50331658-5050-7060-S1 for 5secs
I1210 22:09:02.341945  7062 hierarchical.hpp:898] Filtered cpus(*):0.993; mem(*):2920; disk(*):33165; ports(*):[31000-32000] on slave 20151210-220817-50331658-5050-7060-S1 for framework 20151210-214154-50331658-5050-6563-0000
I1210 22:09:02.342121  7062 hierarchical.hpp:741] Performed allocation for 2 slaves in 232160ns
I1210 22:09:02.342178  7062 master.cpp:3755] Sending 1 offers to framework 20151210-213335-67108874-5050-4921-0000 (TwitterScheduler) at scheduler-c64b5950-ee0f-4ee1-9fb3-60d79aea66aa@10.0.0.4:8083
I1210 22:09:02.770884  7062 master.cpp:3295] Status update TASK_RUNNING (UUID: f0d515da-401f-43a5-8718-c870daadc950) for task ct:1449785335705:0:16: of framework 20151210-214154-50331658-5050-6563-0000 from slave 20151210-220817-50331658-5050-7060-S1 at slave(1)@10.0.0.6:5051 (n5)
I1210 22:09:02.770969  7062 master.cpp:3336] Forwarding status update TASK_RUNNING (UUID: f0d515da-401f-43a5-8718-c870daadc950) for task ct:1449785335705:0:16: of framework 20151210-214154-50331658-5050-6563-0000
I1210 22:09:02.771023  7062 master.cpp:4618] Updating the latest state of task ct:1449785335705:0:16: of framework 20151210-214154-50331658-5050-6563-0000 to TASK_RUNNING
I1210 22:09:02.772173  7064 master.cpp:2782] Forwarding status update acknowledgement f0d515da-401f-43a5-8718-c870daadc950 for task ct:1449785335705:0:16: of framework 20151210-214154-50331658-5050-6563-0000 (chronos-2.3.4) at scheduler-f67ddb74-56cd-49d4-8d92-972e5f241df2@10.0.0.3:47306 to slave 20151210-220817-50331658-5050-7060-S1 at slave(1)@10.0.0.6:5051 (n5)
I1210 22:09:02.855708  7066 master.cpp:3295] Status update TASK_RUNNING (UUID: ffd5bce4-9ec0-423d-b5fc-7586c855dd34) for task ct:1449785336798:0:17: of framework 20151210-214154-50331658-5050-6563-0000 from slave 20151210-220817-50331658-5050-7060-S1 at slave(1)@10.0.0.6:5051 (n5)
I1210 22:09:02.856863  7066 master.cpp:3336] Forwarding status update TASK_RUNNING (UUID: ffd5bce4-9ec0-423d-b5fc-7586c855dd34) for task ct:1449785336798:0:17: of framework 20151210-214154-50331658-5050-6563-0000
I1210 22:09:02.856926  7066 master.cpp:4618] Updating the latest state of task ct:1449785336798:0:17: of framework 20151210-214154-50331658-5050-6563-0000 to TASK_RUNNING
I1210 22:09:02.858027  7065 master.cpp:2782] Forwarding status update acknowledgement ffd5bce4-9ec0-423d-b5fc-7586c855dd34 for task ct:1449785336798:0:17: of framework 20151210-214154-50331658-5050-6563-0000 (chronos-2.3.4) at scheduler-f67ddb74-56cd-49d4-8d92-972e5f241df2@10.0.0.3:47306 to slave 20151210-220817-50331658-5050-7060-S1 at slave(1)@10.0.0.6:5051 (n5)
I1210 22:09:02.901484  7067 master.cpp:3295] Status update TASK_FINISHED (UUID: 32277790-3ea6-4f63-875c-9bcbf33bf007) for task ct:1449785333133:0:23: of framework 20151210-214154-50331658-5050-6563-0000 from slave 20151210-220817-50331658-5050-7060-S0 at slave(1)@10.0.0.5:5051 (n4)
I1210 22:09:02.901530  7067 master.cpp:3336] Forwarding status update TASK_FINISHED (UUID: 32277790-3ea6-4f63-875c-9bcbf33bf007) for task ct:1449785333133:0:23: of framework 20151210-214154-50331658-5050-6563-0000
I1210 22:09:02.901588  7067 master.cpp:4618] Updating the latest state of task ct:1449785333133:0:23: of framework 20151210-214154-50331658-5050-6563-0000 to TASK_FINISHED
I1210 22:09:02.901685  7067 hierarchical.hpp:648] Recovered cpus(*):0.001; mem(*):1; disk(*):1 (total allocatable: cpus(*):0.004; mem(*):4; disk(*):4) on slave 20151210-220817-50331658-5050-7060-S0 from framework 20151210-214154-50331658-5050-6563-0000
I1210 22:09:02.922299  7063 master.cpp:4685] Removing task ct:1449785333133:0:23: with resources cpus(*):0.001; mem(*):1; disk(*):1 of framework 20151210-214154-50331658-5050-6563-0000 on slave 20151210-220817-50331658-5050-7060-S0 at slave(1)@10.0.0.5:5051 (n4)
I1210 22:09:02.924926  7063 master.cpp:2782] Forwarding status update acknowledgement 32277790-3ea6-4f63-875c-9bcbf33bf007 for task ct:1449785333133:0:23: of framework 20151210-214154-50331658-5050-6563-0000 (chronos-2.3.4) at scheduler-f67ddb74-56cd-49d4-8d92-972e5f241df2@10.0.0.3:47306 to slave 20151210-220817-50331658-5050-7060-S0 at slave(1)@10.0.0.5:5051 (n4)
I1210 22:09:02.933774  7064 master.cpp:3295] Status update TASK_RUNNING (UUID: c7fa7f65-820f-45fb-9478-ca102381bbdb) for task ct:1449785337055:0:31: of framework 20151210-214154-50331658-5050-6563-0000 from slave 20151210-220817-50331658-5050-7060-S1 at slave(1)@10.0.0.6:5051 (n5)
I1210 22:09:02.938758  7064 master.cpp:3336] Forwarding status update TASK_RUNNING (UUID: c7fa7f65-820f-45fb-9478-ca102381bbdb) for task ct:1449785337055:0:31: of framework 20151210-214154-50331658-5050-6563-0000
I1210 22:09:02.938838  7064 master.cpp:4618] Updating the latest state of task ct:1449785337055:0:31: of framework 20151210-214154-50331658-5050-6563-0000 to TASK_RUNNING
I1210 22:09:02.939911  7062 master.cpp:2782] Forwarding status update acknowledgement c7fa7f65-820f-45fb-9478-ca102381bbdb for task ct:1449785337055:0:31: of framework 20151210-214154-50331658-5050-6563-0000 (chronos-2.3.4) at scheduler-f67ddb74-56cd-49d4-8d92-972e5f241df2@10.0.0.3:47306 to slave 20151210-220817-50331658-5050-7060-S1 at slave(1)@10.0.0.6:5051 (n5)
I1210 22:09:03.028465  7067 master.cpp:3295] Status update TASK_RUNNING (UUID: 19ab2f02-8b8c-4233-b80b-0c3eff086eef) for task ct:1449785337247:0:9: of framework 20151210-214154-50331658-5050-6563-0000 from slave 20151210-220817-50331658-5050-7060-S1 at slave(1)@10.0.0.6:5051 (n5)
I1210 22:09:03.028745  7067 master.cpp:3336] Forwarding status update TASK_RUNNING (UUID: 19ab2f02-8b8c-4233-b80b-0c3eff086eef) for task ct:1449785337247:0:9: of framework 20151210-214154-50331658-5050-6563-0000
I1210 22:09:03.028805  7067 master.cpp:4618] Updating the latest state of task ct:1449785337247:0:9: of framework 20151210-214154-50331658-5050-6563-0000 to TASK_RUNNING
I1210 22:09:03.029831  7065 master.cpp:2782] Forwarding status update acknowledgement 19ab2f02-8b8c-4233-b80b-0c3eff086eef for task ct:1449785337247:0:9: of framework 20151210-214154-50331658-5050-6563-0000 (chronos-2.3.4) at scheduler-f67ddb74-56cd-49d4-8d92-972e5f241df2@10.0.0.3:47306 to slave 20151210-220817-50331658-5050-7060-S1 at slave(1)@10.0.0.6:5051 (n5)
I1210 22:09:03.222096  7064 master.cpp:3295] Status update TASK_FINISHED (UUID: f4d79ebf-414e-4898-a798-1feeb121e556) for task ct:1449785337055:0:31: of framework 20151210-214154-50331658-5050-6563-0000 from slave 20151210-220817-50331658-5050-7060-S1 at slave(1)@10.0.0.6:5051 (n5)
I1210 22:09:03.222134  7064 master.cpp:3336] Forwarding status update TASK_FINISHED (UUID: f4d79ebf-414e-4898-a798-1feeb121e556) for task ct:1449785337055:0:31: of framework 20151210-214154-50331658-5050-6563-0000
I1210 22:09:03.222187  7064 master.cpp:4618] Updating the latest state of task ct:1449785337055:0:31: of framework 20151210-214154-50331658-5050-6563-0000 to TASK_FINISHED
I1210 22:09:03.222240  7064 hierarchical.hpp:648] Recovered cpus(*):0.001; mem(*):1; disk(*):1 (total allocatable: cpus(*):0.001; mem(*):1; disk(*):1) on slave 20151210-220817-50331658-5050-7060-S1 from framework 20151210-214154-50331658-5050-6563-0000
I1210 22:09:03.266407  7068 master.cpp:3295] Status update TASK_RUNNING (UUID: cea3e5d3-ad4b-4afb-89d6-f9c805e02038) for task ct:1449785338073:0:20: of framework 20151210-214154-50331658-5050-6563-0000 from slave 20151210-220817-50331658-5050-7060-S1 at slave(1)@10.0.0.6:5051 (n5)
I1210 22:09:03.266458  7068 master.cpp:3336] Forwarding status update TASK_RUNNING (UUID: cea3e5d3-ad4b-4afb-89d6-f9c805e02038) for task ct:1449785338073:0:20: of framework 20151210-214154-50331658-5050-6563-0000
I1210 22:09:03.266512  7068 master.cpp:4618] Updating the latest state of task ct:1449785338073:0:20: of framework 20151210-214154-50331658-5050-6563-0000 to TASK_RUNNING
I1210 22:09:03.266628  7064 master.cpp:3295] Status update TASK_RUNNING (UUID: 0cbe4963-1422-498a-a0eb-b7d903b44ae3) for task ct:1449785339333:0:28: of framework 20151210-214154-50331658-5050-6563-0000 from slave 20151210-220817-50331658-5050-7060-S1 at slave(1)@10.0.0.6:5051 (n5)
I1210 22:09:03.266645  7064 master.cpp:3336] Forwarding status update TASK_RUNNING (UUID: 0cbe4963-1422-498a-a0eb-b7d903b44ae3) for task ct:1449785339333:0:28: of framework 20151210-214154-50331658-5050-6563-0000
I1210 22:09:03.266669  7064 master.cpp:4618] Updating the latest state of task ct:1449785339333:0:28: of framework 20151210-214154-50331658-5050-6563-0000 to TASK_RUNNING
I1210 22:09:03.274478  7066 master.cpp:4685] Removing task ct:1449785337055:0:31: with resources cpus(*):0.001; mem(*):1; disk(*):1 of framework 20151210-214154-50331658-5050-6563-0000 on slave 20151210-220817-50331658-5050-7060-S1 at slave(1)@10.0.0.6:5051 (n5)
I1210 22:09:03.276005  7066 master.cpp:2782] Forwarding status update acknowledgement f4d79ebf-414e-4898-a798-1feeb121e556 for task ct:1449785337055:0:31: of framework 20151210-214154-50331658-5050-6563-0000 (chronos-2.3.4) at scheduler-f67ddb74-56cd-49d4-8d92-972e5f241df2@10.0.0.3:47306 to slave 20151210-220817-50331658-5050-7060-S1 at slave(1)@10.0.0.6:5051 (n5)
I1210 22:09:03.277456  7066 master.cpp:2782] Forwarding status update acknowledgement cea3e5d3-ad4b-4afb-89d6-f9c805e02038 for task ct:1449785338073:0:20: of framework 20151210-214154-50331658-5050-6563-0000 (chronos-2.3.4) at scheduler-f67ddb74-56cd-49d4-8d92-972e5f241df2@10.0.0.3:47306 to slave 20151210-220817-50331658-5050-7060-S1 at slave(1)@10.0.0.6:5051 (n5)
I1210 22:09:03.277483  7066 master.cpp:2782] Forwarding status update acknowledgement 0cbe4963-1422-498a-a0eb-b7d903b44ae3 for task ct:1449785339333:0:28: of framework 20151210-214154-50331658-5050-6563-0000 (chronos-2.3.4) at scheduler-f67ddb74-56cd-49d4-8d92-972e5f241df2@10.0.0.3:47306 to slave 20151210-220817-50331658-5050-7060-S1 at slave(1)@10.0.0.6:5051 (n5)
I1210 22:09:03.278247  7065 master.cpp:3295] Status update TASK_RUNNING (UUID: c37c8931-ead9-4187-a43e-60cdba908b94) for task ct:1449785340875:0:6: of framework 20151210-214154-50331658-5050-6563-0000 from slave 20151210-220817-50331658-5050-7060-S1 at slave(1)@10.0.0.6:5051 (n5)
I1210 22:09:03.279553  7065 master.cpp:3336] Forwarding status update TASK_RUNNING (UUID: c37c8931-ead9-4187-a43e-60cdba908b94) for task ct:1449785340875:0:6: of framework 20151210-214154-50331658-5050-6563-0000
I1210 22:09:03.279606  7065 master.cpp:4618] Updating the latest state of task ct:1449785340875:0:6: of framework 20151210-214154-50331658-5050-6563-0000 to TASK_RUNNING
I1210 22:09:03.280658  7067 master.cpp:2782] Forwarding status update acknowledgement c37c8931-ead9-4187-a43e-60cdba908b94 for task ct:1449785340875:0:6: of framework 20151210-214154-50331658-5050-6563-0000 (chronos-2.3.4) at scheduler-f67ddb74-56cd-49d4-8d92-972e5f241df2@10.0.0.3:47306 to slave 20151210-220817-50331658-5050-7060-S1 at slave(1)@10.0.0.6:5051 (n5)
I1210 22:09:03.342507  7067 hierarchical.hpp:834] No resources available to allocate!
I1210 22:09:03.342586  7067 hierarchical.hpp:741] Performed allocation for 2 slaves in 141693ns
I1210 22:09:03.946100  7063 master.cpp:3295] Status update TASK_FINISHED (UUID: 394b5c1a-6d65-4b8a-aad3-b9878f2d4402) for task ct:1449785335188:0:18: of framework 20151210-214154-50331658-5050-6563-0000 from slave 20151210-220817-50331658-5050-7060-S0 at slave(1)@10.0.0.5:5051 (n4)
I1210 22:09:03.946187  7063 master.cpp:3336] Forwarding status update TASK_FINISHED (UUID: 394b5c1a-6d65-4b8a-aad3-b9878f2d4402) for task ct:1449785335188:0:18: of framework 20151210-214154-50331658-5050-6563-0000
I1210 22:09:03.946249  7063 master.cpp:4618] Updating the latest state of task ct:1449785335188:0:18: of framework 20151210-214154-50331658-5050-6563-0000 to TASK_FINISHED
I1210 22:09:03.946310  7063 hierarchical.hpp:648] Recovered cpus(*):0.001; mem(*):1; disk(*):1 (total allocatable: cpus(*):0.005; mem(*):5; disk(*):5) on slave 20151210-220817-50331658-5050-7060-S0 from framework 20151210-214154-50331658-5050-6563-0000
