I1216 04:36:17.053653 19428 gc.cpp:56] Scheduling '/var/lib/mesos/slave/meta/slaves/20151216-042749-33554442-5050-15894-S1/frameworks/20151216-042749-33554442-5050-15894-0000/executors/thermos-1450240560173-www-data-devel-job34-0-6748e836-09da-43a2-971f-2da13186937b' for gc 6.99999937982815days in the future
I1216 04:36:17.665536 19439 slave.cpp:1121] Got assigned task 1450240560033-www-data-devel-job30-0-f1ec9d95-cab5-4b89-bcbc-8bf93b7be849 for framework 20151216-042749-33554442-5050-15894-0000
I1216 04:36:17.665830 19439 slave.cpp:1231] Launching task 1450240560033-www-data-devel-job30-0-f1ec9d95-cab5-4b89-bcbc-8bf93b7be849 for framework 20151216-042749-33554442-5050-15894-0000
I1216 04:36:17.669868 19439 slave.cpp:4160] Launching executor thermos-1450240560033-www-data-devel-job30-0-f1ec9d95-cab5-4b89-bcbc-8bf93b7be849 of framework 20151216-042749-33554442-5050-15894-0000 in work directory '/var/lib/mesos/slave/slaves/20151216-042749-33554442-5050-15894-S1/frameworks/20151216-042749-33554442-5050-15894-0000/executors/thermos-1450240560033-www-data-devel-job30-0-f1ec9d95-cab5-4b89-bcbc-8bf93b7be849/runs/fc38e483-73e5-4a55-b6b3-e91af0738d6e'
I1216 04:36:17.670153 19424 containerizer.cpp:472] Starting container 'fc38e483-73e5-4a55-b6b3-e91af0738d6e' for executor 'thermos-1450240560033-www-data-devel-job30-0-f1ec9d95-cab5-4b89-bcbc-8bf93b7be849' of framework '20151216-042749-33554442-5050-15894-0000'
I1216 04:36:17.670727 19439 slave.cpp:1378] Queuing task '1450240560033-www-data-devel-job30-0-f1ec9d95-cab5-4b89-bcbc-8bf93b7be849' for executor thermos-1450240560033-www-data-devel-job30-0-f1ec9d95-cab5-4b89-bcbc-8bf93b7be849 of framework '20151216-042749-33554442-5050-15894-0000
I1216 04:36:17.671742 19424 launcher.cpp:130] Forked child with pid '21170' for container 'fc38e483-73e5-4a55-b6b3-e91af0738d6e'
I1216 04:36:17.672013 19424 containerizer.cpp:682] Checkpointing executor's forked pid 21170 to '/var/lib/mesos/slave/meta/slaves/20151216-042749-33554442-5050-15894-S1/frameworks/20151216-042749-33554442-5050-15894-0000/executors/thermos-1450240560033-www-data-devel-job30-0-f1ec9d95-cab5-4b89-bcbc-8bf93b7be849/runs/fc38e483-73e5-4a55-b6b3-e91af0738d6e/pids/forked.pid'
I1216 04:36:17.676560 19437 fetcher.cpp:238] Fetching URIs using command '/usr/libexec/mesos/mesos-fetcher'
I1216 04:36:17.754639 19433 slave.cpp:3135] Monitoring executor 'thermos-1450240560033-www-data-devel-job30-0-f1ec9d95-cab5-4b89-bcbc-8bf93b7be849' of framework '20151216-042749-33554442-5050-15894-0000' in container 'fc38e483-73e5-4a55-b6b3-e91af0738d6e'
I1216 04:36:18.245918 19437 slave.cpp:2141] Got registration for executor 'thermos-1450240560033-www-data-devel-job30-0-f1ec9d95-cab5-4b89-bcbc-8bf93b7be849' of framework 20151216-042749-33554442-5050-15894-0000 from executor(1)@10.0.0.5:34029
I1216 04:36:18.250607 19427 slave.cpp:1532] Sending queued task '1450240560033-www-data-devel-job30-0-f1ec9d95-cab5-4b89-bcbc-8bf93b7be849' to executor 'thermos-1450240560033-www-data-devel-job30-0-f1ec9d95-cab5-4b89-bcbc-8bf93b7be849' of framework 20151216-042749-33554442-5050-15894-0000
I1216 04:36:18.256381 19437 slave.cpp:2508] Handling status update TASK_STARTING (UUID: 8e598982-86b0-48fb-8f47-b86bfa9922cb) for task 1450240560033-www-data-devel-job30-0-f1ec9d95-cab5-4b89-bcbc-8bf93b7be849 of framework 20151216-042749-33554442-5050-15894-0000 from executor(1)@10.0.0.5:34029
I1216 04:36:18.256546 19429 status_update_manager.cpp:317] Received status update TASK_STARTING (UUID: 8e598982-86b0-48fb-8f47-b86bfa9922cb) for task 1450240560033-www-data-devel-job30-0-f1ec9d95-cab5-4b89-bcbc-8bf93b7be849 of framework 20151216-042749-33554442-5050-15894-0000
I1216 04:36:18.257006 19429 status_update_manager.hpp:346] Checkpointing UPDATE for status update TASK_STARTING (UUID: 8e598982-86b0-48fb-8f47-b86bfa9922cb) for task 1450240560033-www-data-devel-job30-0-f1ec9d95-cab5-4b89-bcbc-8bf93b7be849 of framework 20151216-042749-33554442-5050-15894-0000
I1216 04:36:18.260432 19435 slave.cpp:2753] Forwarding the update TASK_STARTING (UUID: 8e598982-86b0-48fb-8f47-b86bfa9922cb) for task 1450240560033-www-data-devel-job30-0-f1ec9d95-cab5-4b89-bcbc-8bf93b7be849 of framework 20151216-042749-33554442-5050-15894-0000 to master@10.0.0.2:5050
I1216 04:36:18.260553 19435 slave.cpp:2686] Sending acknowledgement for status update TASK_STARTING (UUID: 8e598982-86b0-48fb-8f47-b86bfa9922cb) for task 1450240560033-www-data-devel-job30-0-f1ec9d95-cab5-4b89-bcbc-8bf93b7be849 of framework 20151216-042749-33554442-5050-15894-0000 to executor(1)@10.0.0.5:34029
I1216 04:36:18.267998 19429 status_update_manager.cpp:389] Received status update acknowledgement (UUID: 8e598982-86b0-48fb-8f47-b86bfa9922cb) for task 1450240560033-www-data-devel-job30-0-f1ec9d95-cab5-4b89-bcbc-8bf93b7be849 of framework 20151216-042749-33554442-5050-15894-0000
I1216 04:36:18.268067 19429 status_update_manager.hpp:346] Checkpointing ACK for status update TASK_STARTING (UUID: 8e598982-86b0-48fb-8f47-b86bfa9922cb) for task 1450240560033-www-data-devel-job30-0-f1ec9d95-cab5-4b89-bcbc-8bf93b7be849 of framework 20151216-042749-33554442-5050-15894-0000
I1216 04:36:18.819512 19428 slave.cpp:2508] Handling status update TASK_RUNNING (UUID: 5fd5de34-25f1-46c6-9251-afc44ec64d32) for task 1450240560033-www-data-devel-job30-0-f1ec9d95-cab5-4b89-bcbc-8bf93b7be849 of framework 20151216-042749-33554442-5050-15894-0000 from executor(1)@10.0.0.5:34029
I1216 04:36:18.819686 19439 status_update_manager.cpp:317] Received status update TASK_RUNNING (UUID: 5fd5de34-25f1-46c6-9251-afc44ec64d32) for task 1450240560033-www-data-devel-job30-0-f1ec9d95-cab5-4b89-bcbc-8bf93b7be849 of framework 20151216-042749-33554442-5050-15894-0000
I1216 04:36:18.819757 19439 status_update_manager.hpp:346] Checkpointing UPDATE for status update TASK_RUNNING (UUID: 5fd5de34-25f1-46c6-9251-afc44ec64d32) for task 1450240560033-www-data-devel-job30-0-f1ec9d95-cab5-4b89-bcbc-8bf93b7be849 of framework 20151216-042749-33554442-5050-15894-0000
I1216 04:36:18.822731 19428 slave.cpp:2753] Forwarding the update TASK_RUNNING (UUID: 5fd5de34-25f1-46c6-9251-afc44ec64d32) for task 1450240560033-www-data-devel-job30-0-f1ec9d95-cab5-4b89-bcbc-8bf93b7be849 of framework 20151216-042749-33554442-5050-15894-0000 to master@10.0.0.2:5050
I1216 04:36:18.822844 19428 slave.cpp:2686] Sending acknowledgement for status update TASK_RUNNING (UUID: 5fd5de34-25f1-46c6-9251-afc44ec64d32) for task 1450240560033-www-data-devel-job30-0-f1ec9d95-cab5-4b89-bcbc-8bf93b7be849 of framework 20151216-042749-33554442-5050-15894-0000 to executor(1)@10.0.0.5:34029
I1216 04:36:18.829151 19434 status_update_manager.cpp:389] Received status update acknowledgement (UUID: 5fd5de34-25f1-46c6-9251-afc44ec64d32) for task 1450240560033-www-data-devel-job30-0-f1ec9d95-cab5-4b89-bcbc-8bf93b7be849 of framework 20151216-042749-33554442-5050-15894-0000
I1216 04:36:18.829635 19434 status_update_manager.hpp:346] Checkpointing ACK for status update TASK_RUNNING (UUID: 5fd5de34-25f1-46c6-9251-afc44ec64d32) for task 1450240560033-www-data-devel-job30-0-f1ec9d95-cab5-4b89-bcbc-8bf93b7be849 of framework 20151216-042749-33554442-5050-15894-0000
I1216 04:36:19.978658 19434 slave.cpp:2508] Handling status update TASK_FINISHED (UUID: 80723cde-67f7-4b8c-b32a-a2d7aa54aabe) for task 1450240560033-www-data-devel-job30-0-f1ec9d95-cab5-4b89-bcbc-8bf93b7be849 of framework 20151216-042749-33554442-5050-15894-0000 from executor(1)@10.0.0.5:34029
I1216 04:36:19.979096 19428 status_update_manager.cpp:317] Received status update TASK_FINISHED (UUID: 80723cde-67f7-4b8c-b32a-a2d7aa54aabe) for task 1450240560033-www-data-devel-job30-0-f1ec9d95-cab5-4b89-bcbc-8bf93b7be849 of framework 20151216-042749-33554442-5050-15894-0000
I1216 04:36:19.979178 19428 status_update_manager.hpp:346] Checkpointing UPDATE for status update TASK_FINISHED (UUID: 80723cde-67f7-4b8c-b32a-a2d7aa54aabe) for task 1450240560033-www-data-devel-job30-0-f1ec9d95-cab5-4b89-bcbc-8bf93b7be849 of framework 20151216-042749-33554442-5050-15894-0000
I1216 04:36:19.982162 19436 slave.cpp:2753] Forwarding the update TASK_FINISHED (UUID: 80723cde-67f7-4b8c-b32a-a2d7aa54aabe) for task 1450240560033-www-data-devel-job30-0-f1ec9d95-cab5-4b89-bcbc-8bf93b7be849 of framework 20151216-042749-33554442-5050-15894-0000 to master@10.0.0.2:5050
I1216 04:36:19.982276 19436 slave.cpp:2686] Sending acknowledgement for status update TASK_FINISHED (UUID: 80723cde-67f7-4b8c-b32a-a2d7aa54aabe) for task 1450240560033-www-data-devel-job30-0-f1ec9d95-cab5-4b89-bcbc-8bf93b7be849 of framework 20151216-042749-33554442-5050-15894-0000 to executor(1)@10.0.0.5:34029
I1216 04:36:19.989599 19428 status_update_manager.cpp:389] Received status update acknowledgement (UUID: 80723cde-67f7-4b8c-b32a-a2d7aa54aabe) for task 1450240560033-www-data-devel-job30-0-f1ec9d95-cab5-4b89-bcbc-8bf93b7be849 of framework 20151216-042749-33554442-5050-15894-0000
I1216 04:36:19.989672 19428 status_update_manager.hpp:346] Checkpointing ACK for status update TASK_FINISHED (UUID: 80723cde-67f7-4b8c-b32a-a2d7aa54aabe) for task 1450240560033-www-data-devel-job30-0-f1ec9d95-cab5-4b89-bcbc-8bf93b7be849 of framework 20151216-042749-33554442-5050-15894-0000
I1216 04:36:21.070502 19437 containerizer.cpp:1111] Executor for container '0642bc04-695f-4606-9591-a287147fd7a6' has exited
I1216 04:36:21.070627 19437 containerizer.cpp:906] Destroying container '0642bc04-695f-4606-9591-a287147fd7a6'
I1216 04:36:21.072140 19437 slave.cpp:3193] Executor 'thermos-1450240560096-www-data-devel-job1-0-5367c27f-6581-4fe5-93b8-88718b6ab253' of framework 20151216-042749-33554442-5050-15894-0000 exited with status 0
I1216 04:36:21.072312 19437 slave.cpp:3302] Cleaning up executor 'thermos-1450240560096-www-data-devel-job1-0-5367c27f-6581-4fe5-93b8-88718b6ab253' of framework 20151216-042749-33554442-5050-15894-0000
I1216 04:36:21.072650 19431 gc.cpp:56] Scheduling '/var/lib/mesos/slave/slaves/20151216-042749-33554442-5050-15894-S1/frameworks/20151216-042749-33554442-5050-15894-0000/executors/thermos-1450240560096-www-data-devel-job1-0-5367c27f-6581-4fe5-93b8-88718b6ab253/runs/0642bc04-695f-4606-9591-a287147fd7a6' for gc 6.99999916004741days in the future
I1216 04:36:21.072713 19431 gc.cpp:56] Scheduling '/var/lib/mesos/slave/slaves/20151216-042749-33554442-5050-15894-S1/frameworks/20151216-042749-33554442-5050-15894-0000/executors/thermos-1450240560096-www-data-devel-job1-0-5367c27f-6581-4fe5-93b8-88718b6ab253' for gc 6.99999915886518days in the future
I1216 04:36:21.072773 19431 gc.cpp:56] Scheduling '/var/lib/mesos/slave/meta/slaves/20151216-042749-33554442-5050-15894-S1/frameworks/20151216-042749-33554442-5050-15894-0000/executors/thermos-1450240560096-www-data-devel-job1-0-5367c27f-6581-4fe5-93b8-88718b6ab253/runs/0642bc04-695f-4606-9591-a287147fd7a6' for gc 6.99999915816889days in the future
I1216 04:36:21.072820 19431 gc.cpp:56] Scheduling '/var/lib/mesos/slave/meta/slaves/20151216-042749-33554442-5050-15894-S1/frameworks/20151216-042749-33554442-5050-15894-0000/executors/thermos-1450240560096-www-data-devel-job1-0-5367c27f-6581-4fe5-93b8-88718b6ab253' for gc 6.99999915770963days in the future
I1216 04:36:25.089845 19425 containerizer.cpp:1111] Executor for container 'fc38e483-73e5-4a55-b6b3-e91af0738d6e' has exited
I1216 04:36:25.089944 19425 containerizer.cpp:906] Destroying container 'fc38e483-73e5-4a55-b6b3-e91af0738d6e'
I1216 04:36:25.091590 19425 slave.cpp:3193] Executor 'thermos-1450240560033-www-data-devel-job30-0-f1ec9d95-cab5-4b89-bcbc-8bf93b7be849' of framework 20151216-042749-33554442-5050-15894-0000 exited with status 0
I1216 04:36:25.091747 19425 slave.cpp:3302] Cleaning up executor 'thermos-1450240560033-www-data-devel-job30-0-f1ec9d95-cab5-4b89-bcbc-8bf93b7be849' of framework 20151216-042749-33554442-5050-15894-0000
I1216 04:36:25.092118 19435 gc.cpp:56] Scheduling '/var/lib/mesos/slave/slaves/20151216-042749-33554442-5050-15894-S1/frameworks/20151216-042749-33554442-5050-15894-0000/executors/thermos-1450240560033-www-data-devel-job30-0-f1ec9d95-cab5-4b89-bcbc-8bf93b7be849/runs/fc38e483-73e5-4a55-b6b3-e91af0738d6e' for gc 6.99999893476741days in the future
I1216 04:36:25.092231 19425 slave.cpp:3381] Cleaning up framework 20151216-042749-33554442-5050-15894-0000
I1216 04:36:25.092272 19435 gc.cpp:56] Scheduling '/var/lib/mesos/slave/slaves/20151216-042749-33554442-5050-15894-S1/frameworks/20151216-042749-33554442-5050-15894-0000/executors/thermos-1450240560033-www-data-devel-job30-0-f1ec9d95-cab5-4b89-bcbc-8bf93b7be849' for gc 6.99999893377185days in the future
I1216 04:36:25.092408 19438 status_update_manager.cpp:279] Closing status update streams for framework 20151216-042749-33554442-5050-15894-0000
I1216 04:36:25.092428 19435 gc.cpp:56] Scheduling '/var/lib/mesos/slave/meta/slaves/20151216-042749-33554442-5050-15894-S1/frameworks/20151216-042749-33554442-5050-15894-0000/executors/thermos-1450240560033-www-data-devel-job30-0-f1ec9d95-cab5-4b89-bcbc-8bf93b7be849/runs/fc38e483-73e5-4a55-b6b3-e91af0738d6e' for gc 6.99999893315852days in the future
I1216 04:36:25.092520 19435 gc.cpp:56] Scheduling '/var/lib/mesos/slave/meta/slaves/20151216-042749-33554442-5050-15894-S1/frameworks/20151216-042749-33554442-5050-15894-0000/executors/thermos-1450240560033-www-data-devel-job30-0-f1ec9d95-cab5-4b89-bcbc-8bf93b7be849' for gc 6.99999893260444days in the future
I1216 04:36:25.092545 19435 gc.cpp:56] Scheduling '/var/lib/mesos/slave/slaves/20151216-042749-33554442-5050-15894-S1/frameworks/20151216-042749-33554442-5050-15894-0000' for gc 6.9999989302637days in the future
I1216 04:36:25.092563 19435 gc.cpp:56] Scheduling '/var/lib/mesos/slave/meta/slaves/20151216-042749-33554442-5050-15894-S1/frameworks/20151216-042749-33554442-5050-15894-0000' for gc 6.99999892965333days in the future
I1216 04:36:33.670611 19430 slave.cpp:3534] Framework 20151216-042749-33554442-5050-15894-0000 seems to have exited. Ignoring registration timeout for executor 'thermos-1450240500046-www-data-devel-job1-0-ccbdedd8-9480-4550-9f57-643f25cc2bb8'
I1216 04:36:34.098968 19428 slave.cpp:1121] Got assigned task 1450240560049-www-data-devel-job10-0-3cf6fee2-7ec5-4de4-a767-0a30b52fc7d0 for framework 20151216-042749-33554442-5050-15894-0000
I1216 04:36:34.101275 19428 gc.cpp:84] Unscheduling '/var/lib/mesos/slave/slaves/20151216-042749-33554442-5050-15894-S1/frameworks/20151216-042749-33554442-5050-15894-0000' from gc
I1216 04:36:34.101511 19429 gc.cpp:84] Unscheduling '/var/lib/mesos/slave/meta/slaves/20151216-042749-33554442-5050-15894-S1/frameworks/20151216-042749-33554442-5050-15894-0000' from gc
I1216 04:36:34.101687 19429 slave.cpp:1231] Launching task 1450240560049-www-data-devel-job10-0-3cf6fee2-7ec5-4de4-a767-0a30b52fc7d0 for framework 20151216-042749-33554442-5050-15894-0000
I1216 04:36:34.104591 19429 slave.cpp:4160] Launching executor thermos-1450240560049-www-data-devel-job10-0-3cf6fee2-7ec5-4de4-a767-0a30b52fc7d0 of framework 20151216-042749-33554442-5050-15894-0000 in work directory '/var/lib/mesos/slave/slaves/20151216-042749-33554442-5050-15894-S1/frameworks/20151216-042749-33554442-5050-15894-0000/executors/thermos-1450240560049-www-data-devel-job10-0-3cf6fee2-7ec5-4de4-a767-0a30b52fc7d0/runs/089210c0-4ea8-4334-9eca-4679259145a9'
I1216 04:36:34.104789 19432 containerizer.cpp:472] Starting container '089210c0-4ea8-4334-9eca-4679259145a9' for executor 'thermos-1450240560049-www-data-devel-job10-0-3cf6fee2-7ec5-4de4-a767-0a30b52fc7d0' of framework '20151216-042749-33554442-5050-15894-0000'
I1216 04:36:34.105515 19429 slave.cpp:1378] Queuing task '1450240560049-www-data-devel-job10-0-3cf6fee2-7ec5-4de4-a767-0a30b52fc7d0' for executor thermos-1450240560049-www-data-devel-job10-0-3cf6fee2-7ec5-4de4-a767-0a30b52fc7d0 of framework '20151216-042749-33554442-5050-15894-0000
I1216 04:36:34.106865 19432 launcher.cpp:130] Forked child with pid '21227' for container '089210c0-4ea8-4334-9eca-4679259145a9'
I1216 04:36:34.107167 19432 containerizer.cpp:682] Checkpointing executor's forked pid 21227 to '/var/lib/mesos/slave/meta/slaves/20151216-042749-33554442-5050-15894-S1/frameworks/20151216-042749-33554442-5050-15894-0000/executors/thermos-1450240560049-www-data-devel-job10-0-3cf6fee2-7ec5-4de4-a767-0a30b52fc7d0/runs/089210c0-4ea8-4334-9eca-4679259145a9/pids/forked.pid'
I1216 04:36:34.111948 19434 fetcher.cpp:238] Fetching URIs using command '/usr/libexec/mesos/mesos-fetcher'
I1216 04:36:34.231981 19434 slave.cpp:3135] Monitoring executor 'thermos-1450240560049-www-data-devel-job10-0-3cf6fee2-7ec5-4de4-a767-0a30b52fc7d0' of framework '20151216-042749-33554442-5050-15894-0000' in container '089210c0-4ea8-4334-9eca-4679259145a9'
I1216 04:36:34.733288 19438 slave.cpp:2141] Got registration for executor 'thermos-1450240560049-www-data-devel-job10-0-3cf6fee2-7ec5-4de4-a767-0a30b52fc7d0' of framework 20151216-042749-33554442-5050-15894-0000 from executor(1)@10.0.0.5:37787
I1216 04:36:34.734344 19437 slave.cpp:1532] Sending queued task '1450240560049-www-data-devel-job10-0-3cf6fee2-7ec5-4de4-a767-0a30b52fc7d0' to executor 'thermos-1450240560049-www-data-devel-job10-0-3cf6fee2-7ec5-4de4-a767-0a30b52fc7d0' of framework 20151216-042749-33554442-5050-15894-0000
I1216 04:36:34.739732 19424 slave.cpp:2508] Handling status update TASK_STARTING (UUID: 7d5b1af7-8290-4949-b898-90bd30440a12) for task 1450240560049-www-data-devel-job10-0-3cf6fee2-7ec5-4de4-a767-0a30b52fc7d0 of framework 20151216-042749-33554442-5050-15894-0000 from executor(1)@10.0.0.5:37787
I1216 04:36:34.739876 19429 status_update_manager.cpp:317] Received status update TASK_STARTING (UUID: 7d5b1af7-8290-4949-b898-90bd30440a12) for task 1450240560049-www-data-devel-job10-0-3cf6fee2-7ec5-4de4-a767-0a30b52fc7d0 of framework 20151216-042749-33554442-5050-15894-0000
I1216 04:36:34.740320 19429 status_update_manager.hpp:346] Checkpointing UPDATE for status update TASK_STARTING (UUID: 7d5b1af7-8290-4949-b898-90bd30440a12) for task 1450240560049-www-data-devel-job10-0-3cf6fee2-7ec5-4de4-a767-0a30b52fc7d0 of framework 20151216-042749-33554442-5050-15894-0000
I1216 04:36:34.743770 19424 slave.cpp:2753] Forwarding the update TASK_STARTING (UUID: 7d5b1af7-8290-4949-b898-90bd30440a12) for task 1450240560049-www-data-devel-job10-0-3cf6fee2-7ec5-4de4-a767-0a30b52fc7d0 of framework 20151216-042749-33554442-5050-15894-0000 to master@10.0.0.2:5050
I1216 04:36:34.743882 19424 slave.cpp:2686] Sending acknowledgement for status update TASK_STARTING (UUID: 7d5b1af7-8290-4949-b898-90bd30440a12) for task 1450240560049-www-data-devel-job10-0-3cf6fee2-7ec5-4de4-a767-0a30b52fc7d0 of framework 20151216-042749-33554442-5050-15894-0000 to executor(1)@10.0.0.5:37787
I1216 04:36:34.752073 19435 status_update_manager.cpp:389] Received status update acknowledgement (UUID: 7d5b1af7-8290-4949-b898-90bd30440a12) for task 1450240560049-www-data-devel-job10-0-3cf6fee2-7ec5-4de4-a767-0a30b52fc7d0 of framework 20151216-042749-33554442-5050-15894-0000
I1216 04:36:34.752110 19435 status_update_manager.hpp:346] Checkpointing ACK for status update TASK_STARTING (UUID: 7d5b1af7-8290-4949-b898-90bd30440a12) for task 1450240560049-www-data-devel-job10-0-3cf6fee2-7ec5-4de4-a767-0a30b52fc7d0 of framework 20151216-042749-33554442-5050-15894-0000
I1216 04:36:35.303573 19436 slave.cpp:2508] Handling status update TASK_RUNNING (UUID: 08acda64-b3bf-4b6a-9cda-a4e13244e2c0) for task 1450240560049-www-data-devel-job10-0-3cf6fee2-7ec5-4de4-a767-0a30b52fc7d0 of framework 20151216-042749-33554442-5050-15894-0000 from executor(1)@10.0.0.5:37787
I1216 04:36:35.303735 19436 status_update_manager.cpp:317] Received status update TASK_RUNNING (UUID: 08acda64-b3bf-4b6a-9cda-a4e13244e2c0) for task 1450240560049-www-data-devel-job10-0-3cf6fee2-7ec5-4de4-a767-0a30b52fc7d0 of framework 20151216-042749-33554442-5050-15894-0000
I1216 04:36:35.303781 19436 status_update_manager.hpp:346] Checkpointing UPDATE for status update TASK_RUNNING (UUID: 08acda64-b3bf-4b6a-9cda-a4e13244e2c0) for task 1450240560049-www-data-devel-job10-0-3cf6fee2-7ec5-4de4-a767-0a30b52fc7d0 of framework 20151216-042749-33554442-5050-15894-0000
I1216 04:36:35.308765 19439 slave.cpp:2753] Forwarding the update TASK_RUNNING (UUID: 08acda64-b3bf-4b6a-9cda-a4e13244e2c0) for task 1450240560049-www-data-devel-job10-0-3cf6fee2-7ec5-4de4-a767-0a30b52fc7d0 of framework 20151216-042749-33554442-5050-15894-0000 to master@10.0.0.2:5050
I1216 04:36:35.308873 19439 slave.cpp:2686] Sending acknowledgement for status update TASK_RUNNING (UUID: 08acda64-b3bf-4b6a-9cda-a4e13244e2c0) for task 1450240560049-www-data-devel-job10-0-3cf6fee2-7ec5-4de4-a767-0a30b52fc7d0 of framework 20151216-042749-33554442-5050-15894-0000 to executor(1)@10.0.0.5:37787
I1216 04:36:35.318307 19436 status_update_manager.cpp:389] Received status update acknowledgement (UUID: 08acda64-b3bf-4b6a-9cda-a4e13244e2c0) for task 1450240560049-www-data-devel-job10-0-3cf6fee2-7ec5-4de4-a767-0a30b52fc7d0 of framework 20151216-042749-33554442-5050-15894-0000
I1216 04:36:35.318346 19436 status_update_manager.hpp:346] Checkpointing ACK for status update TASK_RUNNING (UUID: 08acda64-b3bf-4b6a-9cda-a4e13244e2c0) for task 1450240560049-www-data-devel-job10-0-3cf6fee2-7ec5-4de4-a767-0a30b52fc7d0 of framework 20151216-042749-33554442-5050-15894-0000
I1216 04:36:43.444999 19432 slave.cpp:2508] Handling status update TASK_FINISHED (UUID: 83a5765b-9ee6-4848-bf71-4cece9dc8ef1) for task 1450240560049-www-data-devel-job10-0-3cf6fee2-7ec5-4de4-a767-0a30b52fc7d0 of framework 20151216-042749-33554442-5050-15894-0000 from executor(1)@10.0.0.5:37787
I1216 04:36:43.445660 19434 status_update_manager.cpp:317] Received status update TASK_FINISHED (UUID: 83a5765b-9ee6-4848-bf71-4cece9dc8ef1) for task 1450240560049-www-data-devel-job10-0-3cf6fee2-7ec5-4de4-a767-0a30b52fc7d0 of framework 20151216-042749-33554442-5050-15894-0000
I1216 04:36:43.445715 19434 status_update_manager.hpp:346] Checkpointing UPDATE for status update TASK_FINISHED (UUID: 83a5765b-9ee6-4848-bf71-4cece9dc8ef1) for task 1450240560049-www-data-devel-job10-0-3cf6fee2-7ec5-4de4-a767-0a30b52fc7d0 of framework 20151216-042749-33554442-5050-15894-0000
I1216 04:36:43.735963 19438 slave.cpp:2753] Forwarding the update TASK_FINISHED (UUID: 83a5765b-9ee6-4848-bf71-4cece9dc8ef1) for task 1450240560049-www-data-devel-job10-0-3cf6fee2-7ec5-4de4-a767-0a30b52fc7d0 of framework 20151216-042749-33554442-5050-15894-0000 to master@10.0.0.2:5050
I1216 04:36:43.736119 19438 slave.cpp:2686] Sending acknowledgement for status update TASK_FINISHED (UUID: 83a5765b-9ee6-4848-bf71-4cece9dc8ef1) for task 1450240560049-www-data-devel-job10-0-3cf6fee2-7ec5-4de4-a767-0a30b52fc7d0 of framework 20151216-042749-33554442-5050-15894-0000 to executor(1)@10.0.0.5:37787
I1216 04:36:43.746531 19434 status_update_manager.cpp:389] Received status update acknowledgement (UUID: 83a5765b-9ee6-4848-bf71-4cece9dc8ef1) for task 1450240560049-www-data-devel-job10-0-3cf6fee2-7ec5-4de4-a767-0a30b52fc7d0 of framework 20151216-042749-33554442-5050-15894-0000
I1216 04:36:43.746577 19434 status_update_manager.hpp:346] Checkpointing ACK for status update TASK_FINISHED (UUID: 83a5765b-9ee6-4848-bf71-4cece9dc8ef1) for task 1450240560049-www-data-devel-job10-0-3cf6fee2-7ec5-4de4-a767-0a30b52fc7d0 of framework 20151216-042749-33554442-5050-15894-0000
I1216 04:36:48.497670 19438 containerizer.cpp:1111] Executor for container '089210c0-4ea8-4334-9eca-4679259145a9' has exited
I1216 04:36:48.497756 19438 containerizer.cpp:906] Destroying container '089210c0-4ea8-4334-9eca-4679259145a9'
I1216 04:36:48.499560 19428 slave.cpp:3193] Executor 'thermos-1450240560049-www-data-devel-job10-0-3cf6fee2-7ec5-4de4-a767-0a30b52fc7d0' of framework 20151216-042749-33554442-5050-15894-0000 exited with status 0
I1216 04:36:48.499723 19428 slave.cpp:3302] Cleaning up executor 'thermos-1450240560049-www-data-devel-job10-0-3cf6fee2-7ec5-4de4-a767-0a30b52fc7d0' of framework 20151216-042749-33554442-5050-15894-0000
I1216 04:36:48.500062 19425 gc.cpp:56] Scheduling '/var/lib/mesos/slave/slaves/20151216-042749-33554442-5050-15894-S1/frameworks/20151216-042749-33554442-5050-15894-0000/executors/thermos-1450240560049-www-data-devel-job10-0-3cf6fee2-7ec5-4de4-a767-0a30b52fc7d0/runs/089210c0-4ea8-4334-9eca-4679259145a9' for gc 6.9999942129837days in the future
I1216 04:36:48.500134 19425 gc.cpp:56] Scheduling '/var/lib/mesos/slave/slaves/20151216-042749-33554442-5050-15894-S1/frameworks/20151216-042749-33554442-5050-15894-0000/executors/thermos-1450240560049-www-data-devel-job10-0-3cf6fee2-7ec5-4de4-a767-0a30b52fc7d0' for gc 6.99999421196741days in the future
I1216 04:36:48.500268 19425 gc.cpp:56] Scheduling '/var/lib/mesos/slave/meta/slaves/20151216-042749-33554442-5050-15894-S1/frameworks/20151216-042749-33554442-5050-15894-0000/executors/thermos-1450240560049-www-data-devel-job10-0-3cf6fee2-7ec5-4de4-a767-0a30b52fc7d0/runs/089210c0-4ea8-4334-9eca-4679259145a9' for gc 6.99999421125037days in the future
I1216 04:36:48.500198 19428 slave.cpp:3381] Cleaning up framework 20151216-042749-33554442-5050-15894-0000
I1216 04:36:48.500331 19425 gc.cpp:56] Scheduling '/var/lib/mesos/slave/meta/slaves/20151216-042749-33554442-5050-15894-S1/frameworks/20151216-042749-33554442-5050-15894-0000/executors/thermos-1450240560049-www-data-devel-job10-0-3cf6fee2-7ec5-4de4-a767-0a30b52fc7d0' for gc 6.99999421075259days in the future
I1216 04:36:48.500423 19430 status_update_manager.cpp:279] Closing status update streams for framework 20151216-042749-33554442-5050-15894-0000
I1216 04:36:48.500511 19434 gc.cpp:56] Scheduling '/var/lib/mesos/slave/slaves/20151216-042749-33554442-5050-15894-S1/frameworks/20151216-042749-33554442-5050-15894-0000' for gc 6.99999420792593days in the future
I1216 04:36:48.500578 19434 gc.cpp:56] Scheduling '/var/lib/mesos/slave/meta/slaves/20151216-042749-33554442-5050-15894-S1/frameworks/20151216-042749-33554442-5050-15894-0000' for gc 6.99999420695704days in the future
I1216 04:36:49.243423 19430 slave.cpp:3618] Current disk usage 43.94%. Max allowed age: 3.224438671478368days
I1216 04:37:00.260140 19426 slave.cpp:3534] Framework 20151216-042749-33554442-5050-15894-0000 seems to have exited. Ignoring registration timeout for executor 'thermos-1450240560002-www-data-devel-job27-0-73753456-15df-429c-a958-141ec3c454a3'
I1216 04:37:00.279665 19435 slave.cpp:1121] Got assigned task 1450240620013-www-data-devel-job8-0-fbb54695-3d8f-454c-a7ed-66afba876e9f for framework 20151216-042749-33554442-5050-15894-0000
I1216 04:37:00.281159 19435 gc.cpp:84] Unscheduling '/var/lib/mesos/slave/slaves/20151216-042749-33554442-5050-15894-S1/frameworks/20151216-042749-33554442-5050-15894-0000' from gc
I1216 04:37:00.281347 19429 gc.cpp:84] Unscheduling '/var/lib/mesos/slave/meta/slaves/20151216-042749-33554442-5050-15894-S1/frameworks/20151216-042749-33554442-5050-15894-0000' from gc
I1216 04:37:00.281497 19429 slave.cpp:1231] Launching task 1450240620013-www-data-devel-job8-0-fbb54695-3d8f-454c-a7ed-66afba876e9f for framework 20151216-042749-33554442-5050-15894-0000
I1216 04:37:00.283838 19429 slave.cpp:4160] Launching executor thermos-1450240620013-www-data-devel-job8-0-fbb54695-3d8f-454c-a7ed-66afba876e9f of framework 20151216-042749-33554442-5050-15894-0000 in work directory '/var/lib/mesos/slave/slaves/20151216-042749-33554442-5050-15894-S1/frameworks/20151216-042749-33554442-5050-15894-0000/executors/thermos-1450240620013-www-data-devel-job8-0-fbb54695-3d8f-454c-a7ed-66afba876e9f/runs/03f6065d-736b-4db5-b9fc-c2122159e665'
I1216 04:37:00.284014 19433 containerizer.cpp:472] Starting container '03f6065d-736b-4db5-b9fc-c2122159e665' for executor 'thermos-1450240620013-www-data-devel-job8-0-fbb54695-3d8f-454c-a7ed-66afba876e9f' of framework '20151216-042749-33554442-5050-15894-0000'
I1216 04:37:00.284533 19429 slave.cpp:1378] Queuing task '1450240620013-www-data-devel-job8-0-fbb54695-3d8f-454c-a7ed-66afba876e9f' for executor thermos-1450240620013-www-data-devel-job8-0-fbb54695-3d8f-454c-a7ed-66afba876e9f of framework '20151216-042749-33554442-5050-15894-0000
I1216 04:37:00.285290 19433 launcher.cpp:130] Forked child with pid '21284' for container '03f6065d-736b-4db5-b9fc-c2122159e665'
I1216 04:37:00.285428 19433 containerizer.cpp:682] Checkpointing executor's forked pid 21284 to '/var/lib/mesos/slave/meta/slaves/20151216-042749-33554442-5050-15894-S1/frameworks/20151216-042749-33554442-5050-15894-0000/executors/thermos-1450240620013-www-data-devel-job8-0-fbb54695-3d8f-454c-a7ed-66afba876e9f/runs/03f6065d-736b-4db5-b9fc-c2122159e665/pids/forked.pid'
I1216 04:37:00.289038 19430 fetcher.cpp:238] Fetching URIs using command '/usr/libexec/mesos/mesos-fetcher'
I1216 04:37:00.452685 19439 slave.cpp:3135] Monitoring executor 'thermos-1450240620013-www-data-devel-job8-0-fbb54695-3d8f-454c-a7ed-66afba876e9f' of framework '20151216-042749-33554442-5050-15894-0000' in container '03f6065d-736b-4db5-b9fc-c2122159e665'
I1216 04:37:00.945499 19429 slave.cpp:2141] Got registration for executor 'thermos-1450240620013-www-data-devel-job8-0-fbb54695-3d8f-454c-a7ed-66afba876e9f' of framework 20151216-042749-33554442-5050-15894-0000 from executor(1)@10.0.0.5:51072
I1216 04:37:00.946481 19424 slave.cpp:1532] Sending queued task '1450240620013-www-data-devel-job8-0-fbb54695-3d8f-454c-a7ed-66afba876e9f' to executor 'thermos-1450240620013-www-data-devel-job8-0-fbb54695-3d8f-454c-a7ed-66afba876e9f' of framework 20151216-042749-33554442-5050-15894-0000
I1216 04:37:00.955727 19431 slave.cpp:2508] Handling status update TASK_STARTING (UUID: 6c3aa355-18f0-4831-9d8b-1e4f17f50e8b) for task 1450240620013-www-data-devel-job8-0-fbb54695-3d8f-454c-a7ed-66afba876e9f of framework 20151216-042749-33554442-5050-15894-0000 from executor(1)@10.0.0.5:51072
I1216 04:37:00.956629 19432 status_update_manager.cpp:317] Received status update TASK_STARTING (UUID: 6c3aa355-18f0-4831-9d8b-1e4f17f50e8b) for task 1450240620013-www-data-devel-job8-0-fbb54695-3d8f-454c-a7ed-66afba876e9f of framework 20151216-042749-33554442-5050-15894-0000
I1216 04:37:00.957008 19432 status_update_manager.hpp:346] Checkpointing UPDATE for status update TASK_STARTING (UUID: 6c3aa355-18f0-4831-9d8b-1e4f17f50e8b) for task 1450240620013-www-data-devel-job8-0-fbb54695-3d8f-454c-a7ed-66afba876e9f of framework 20151216-042749-33554442-5050-15894-0000
I1216 04:37:00.961647 19431 slave.cpp:2753] Forwarding the update TASK_STARTING (UUID: 6c3aa355-18f0-4831-9d8b-1e4f17f50e8b) for task 1450240620013-www-data-devel-job8-0-fbb54695-3d8f-454c-a7ed-66afba876e9f of framework 20151216-042749-33554442-5050-15894-0000 to master@10.0.0.2:5050
I1216 04:37:00.969815 19431 slave.cpp:2686] Sending acknowledgement for status update TASK_STARTING (UUID: 6c3aa355-18f0-4831-9d8b-1e4f17f50e8b) for task 1450240620013-www-data-devel-job8-0-fbb54695-3d8f-454c-a7ed-66afba876e9f of framework 20151216-042749-33554442-5050-15894-0000 to executor(1)@10.0.0.5:51072
I1216 04:37:00.976723 19432 status_update_manager.cpp:389] Received status update acknowledgement (UUID: 6c3aa355-18f0-4831-9d8b-1e4f17f50e8b) for task 1450240620013-www-data-devel-job8-0-fbb54695-3d8f-454c-a7ed-66afba876e9f of framework 20151216-042749-33554442-5050-15894-0000
I1216 04:37:00.976765 19432 status_update_manager.hpp:346] Checkpointing ACK for status update TASK_STARTING (UUID: 6c3aa355-18f0-4831-9d8b-1e4f17f50e8b) for task 1450240620013-www-data-devel-job8-0-fbb54695-3d8f-454c-a7ed-66afba876e9f of framework 20151216-042749-33554442-5050-15894-0000
I1216 04:37:01.520860 19432 slave.cpp:2508] Handling status update TASK_RUNNING (UUID: 41c34661-fb9d-4fc9-a6e0-0c1686152b63) for task 1450240620013-www-data-devel-job8-0-fbb54695-3d8f-454c-a7ed-66afba876e9f of framework 20151216-042749-33554442-5050-15894-0000 from executor(1)@10.0.0.5:51072
I1216 04:37:01.521036 19432 status_update_manager.cpp:317] Received status update TASK_RUNNING (UUID: 41c34661-fb9d-4fc9-a6e0-0c1686152b63) for task 1450240620013-www-data-devel-job8-0-fbb54695-3d8f-454c-a7ed-66afba876e9f of framework 20151216-042749-33554442-5050-15894-0000
I1216 04:37:01.521108 19432 status_update_manager.hpp:346] Checkpointing UPDATE for status update TASK_RUNNING (UUID: 41c34661-fb9d-4fc9-a6e0-0c1686152b63) for task 1450240620013-www-data-devel-job8-0-fbb54695-3d8f-454c-a7ed-66afba876e9f of framework 20151216-042749-33554442-5050-15894-0000
I1216 04:37:01.525274 19424 slave.cpp:2753] Forwarding the update TASK_RUNNING (UUID: 41c34661-fb9d-4fc9-a6e0-0c1686152b63) for task 1450240620013-www-data-devel-job8-0-fbb54695-3d8f-454c-a7ed-66afba876e9f of framework 20151216-042749-33554442-5050-15894-0000 to master@10.0.0.2:5050
I1216 04:37:01.525383 19424 slave.cpp:2686] Sending acknowledgement for status update TASK_RUNNING (UUID: 41c34661-fb9d-4fc9-a6e0-0c1686152b63) for task 1450240620013-www-data-devel-job8-0-fbb54695-3d8f-454c-a7ed-66afba876e9f of framework 20151216-042749-33554442-5050-15894-0000 to executor(1)@10.0.0.5:51072
I1216 04:37:01.532461 19432 status_update_manager.cpp:389] Received status update acknowledgement (UUID: 41c34661-fb9d-4fc9-a6e0-0c1686152b63) for task 1450240620013-www-data-devel-job8-0-fbb54695-3d8f-454c-a7ed-66afba876e9f of framework 20151216-042749-33554442-5050-15894-0000
I1216 04:37:01.532505 19432 status_update_manager.hpp:346] Checkpointing ACK for status update TASK_RUNNING (UUID: 41c34661-fb9d-4fc9-a6e0-0c1686152b63) for task 1450240620013-www-data-devel-job8-0-fbb54695-3d8f-454c-a7ed-66afba876e9f of framework 20151216-042749-33554442-5050-15894-0000
I1216 04:37:06.209502 19436 slave.cpp:1121] Got assigned task 1450240620340-www-data-devel-job18-0-b0fffcc4-6056-4434-98e3-0f92c25dcf85 for framework 20151216-042749-33554442-5050-15894-0000
I1216 04:37:06.209707 19436 slave.cpp:1231] Launching task 1450240620340-www-data-devel-job18-0-b0fffcc4-6056-4434-98e3-0f92c25dcf85 for framework 20151216-042749-33554442-5050-15894-0000
I1216 04:37:06.214241 19436 slave.cpp:4160] Launching executor thermos-1450240620340-www-data-devel-job18-0-b0fffcc4-6056-4434-98e3-0f92c25dcf85 of framework 20151216-042749-33554442-5050-15894-0000 in work directory '/var/lib/mesos/slave/slaves/20151216-042749-33554442-5050-15894-S1/frameworks/20151216-042749-33554442-5050-15894-0000/executors/thermos-1450240620340-www-data-devel-job18-0-b0fffcc4-6056-4434-98e3-0f92c25dcf85/runs/847a264f-7b10-4287-98d0-74392103dbdc'
I1216 04:37:06.214421 19432 containerizer.cpp:472] Starting container '847a264f-7b10-4287-98d0-74392103dbdc' for executor 'thermos-1450240620340-www-data-devel-job18-0-b0fffcc4-6056-4434-98e3-0f92c25dcf85' of framework '20151216-042749-33554442-5050-15894-0000'
I1216 04:37:06.215808 19435 launcher.cpp:130] Forked child with pid '21337' for container '847a264f-7b10-4287-98d0-74392103dbdc'
I1216 04:37:06.215817 19436 slave.cpp:1378] Queuing task '1450240620340-www-data-devel-job18-0-b0fffcc4-6056-4434-98e3-0f92c25dcf85' for executor thermos-1450240620340-www-data-devel-job18-0-b0fffcc4-6056-4434-98e3-0f92c25dcf85 of framework '20151216-042749-33554442-5050-15894-0000
I1216 04:37:06.215988 19435 containerizer.cpp:682] Checkpointing executor's forked pid 21337 to '/var/lib/mesos/slave/meta/slaves/20151216-042749-33554442-5050-15894-S1/frameworks/20151216-042749-33554442-5050-15894-0000/executors/thermos-1450240620340-www-data-devel-job18-0-b0fffcc4-6056-4434-98e3-0f92c25dcf85/runs/847a264f-7b10-4287-98d0-74392103dbdc/pids/forked.pid'
I1216 04:37:06.219508 19427 fetcher.cpp:238] Fetching URIs using command '/usr/libexec/mesos/mesos-fetcher'
I1216 04:37:06.279729 19429 slave.cpp:3135] Monitoring executor 'thermos-1450240620340-www-data-devel-job18-0-b0fffcc4-6056-4434-98e3-0f92c25dcf85' of framework '20151216-042749-33554442-5050-15894-0000' in container '847a264f-7b10-4287-98d0-74392103dbdc'
I1216 04:37:06.766953 19428 slave.cpp:2141] Got registration for executor 'thermos-1450240620340-www-data-devel-job18-0-b0fffcc4-6056-4434-98e3-0f92c25dcf85' of framework 20151216-042749-33554442-5050-15894-0000 from executor(1)@10.0.0.5:55168
I1216 04:37:06.770011 19425 slave.cpp:1532] Sending queued task '1450240620340-www-data-devel-job18-0-b0fffcc4-6056-4434-98e3-0f92c25dcf85' to executor 'thermos-1450240620340-www-data-devel-job18-0-b0fffcc4-6056-4434-98e3-0f92c25dcf85' of framework 20151216-042749-33554442-5050-15894-0000
I1216 04:37:06.775569 19432 slave.cpp:2508] Handling status update TASK_STARTING (UUID: bf7d97af-493e-4da0-9a20-e15d329bedc2) for task 1450240620340-www-data-devel-job18-0-b0fffcc4-6056-4434-98e3-0f92c25dcf85 of framework 20151216-042749-33554442-5050-15894-0000 from executor(1)@10.0.0.5:55168
I1216 04:37:06.775732 19429 status_update_manager.cpp:317] Received status update TASK_STARTING (UUID: bf7d97af-493e-4da0-9a20-e15d329bedc2) for task 1450240620340-www-data-devel-job18-0-b0fffcc4-6056-4434-98e3-0f92c25dcf85 of framework 20151216-042749-33554442-5050-15894-0000
I1216 04:37:06.776087 19429 status_update_manager.hpp:346] Checkpointing UPDATE for status update TASK_STARTING (UUID: bf7d97af-493e-4da0-9a20-e15d329bedc2) for task 1450240620340-www-data-devel-job18-0-b0fffcc4-6056-4434-98e3-0f92c25dcf85 of framework 20151216-042749-33554442-5050-15894-0000
I1216 04:37:06.779675 19429 slave.cpp:2753] Forwarding the update TASK_STARTING (UUID: bf7d97af-493e-4da0-9a20-e15d329bedc2) for task 1450240620340-www-data-devel-job18-0-b0fffcc4-6056-4434-98e3-0f92c25dcf85 of framework 20151216-042749-33554442-5050-15894-0000 to master@10.0.0.2:5050
I1216 04:37:06.779783 19429 slave.cpp:2686] Sending acknowledgement for status update TASK_STARTING (UUID: bf7d97af-493e-4da0-9a20-e15d329bedc2) for task 1450240620340-www-data-devel-job18-0-b0fffcc4-6056-4434-98e3-0f92c25dcf85 of framework 20151216-042749-33554442-5050-15894-0000 to executor(1)@10.0.0.5:55168
I1216 04:37:06.789077 19432 status_update_manager.cpp:389] Received status update acknowledgement (UUID: bf7d97af-493e-4da0-9a20-e15d329bedc2) for task 1450240620340-www-data-devel-job18-0-b0fffcc4-6056-4434-98e3-0f92c25dcf85 of framework 20151216-042749-33554442-5050-15894-0000
I1216 04:37:06.789163 19432 status_update_manager.hpp:346] Checkpointing ACK for status update TASK_STARTING (UUID: bf7d97af-493e-4da0-9a20-e15d329bedc2) for task 1450240620340-www-data-devel-job18-0-b0fffcc4-6056-4434-98e3-0f92c25dcf85 of framework 20151216-042749-33554442-5050-15894-0000
I1216 04:37:07.337982 19439 slave.cpp:2508] Handling status update TASK_RUNNING (UUID: e57720c6-ad67-4353-811b-9b09ea0f820c) for task 1450240620340-www-data-devel-job18-0-b0fffcc4-6056-4434-98e3-0f92c25dcf85 of framework 20151216-042749-33554442-5050-15894-0000 from executor(1)@10.0.0.5:55168
I1216 04:37:07.338171 19425 status_update_manager.cpp:317] Received status update TASK_RUNNING (UUID: e57720c6-ad67-4353-811b-9b09ea0f820c) for task 1450240620340-www-data-devel-job18-0-b0fffcc4-6056-4434-98e3-0f92c25dcf85 of framework 20151216-042749-33554442-5050-15894-0000
I1216 04:37:07.338235 19425 status_update_manager.hpp:346] Checkpointing UPDATE for status update TASK_RUNNING (UUID: e57720c6-ad67-4353-811b-9b09ea0f820c) for task 1450240620340-www-data-devel-job18-0-b0fffcc4-6056-4434-98e3-0f92c25dcf85 of framework 20151216-042749-33554442-5050-15894-0000
I1216 04:37:07.341480 19439 slave.cpp:2753] Forwarding the update TASK_RUNNING (UUID: e57720c6-ad67-4353-811b-9b09ea0f820c) for task 1450240620340-www-data-devel-job18-0-b0fffcc4-6056-4434-98e3-0f92c25dcf85 of framework 20151216-042749-33554442-5050-15894-0000 to master@10.0.0.2:5050
I1216 04:37:07.341595 19439 slave.cpp:2686] Sending acknowledgement for status update TASK_RUNNING (UUID: e57720c6-ad67-4353-811b-9b09ea0f820c) for task 1450240620340-www-data-devel-job18-0-b0fffcc4-6056-4434-98e3-0f92c25dcf85 of framework 20151216-042749-33554442-5050-15894-0000 to executor(1)@10.0.0.5:55168
I1216 04:37:07.349535 19425 status_update_manager.cpp:389] Received status update acknowledgement (UUID: e57720c6-ad67-4353-811b-9b09ea0f820c) for task 1450240620340-www-data-devel-job18-0-b0fffcc4-6056-4434-98e3-0f92c25dcf85 of framework 20151216-042749-33554442-5050-15894-0000
I1216 04:37:07.349568 19425 status_update_manager.hpp:346] Checkpointing ACK for status update TASK_RUNNING (UUID: e57720c6-ad67-4353-811b-9b09ea0f820c) for task 1450240620340-www-data-devel-job18-0-b0fffcc4-6056-4434-98e3-0f92c25dcf85 of framework 20151216-042749-33554442-5050-15894-0000
I1216 04:37:09.664181 19438 slave.cpp:2508] Handling status update TASK_FINISHED (UUID: 692c20b9-e9e4-489d-b4fc-a8737ee70614) for task 1450240620013-www-data-devel-job8-0-fbb54695-3d8f-454c-a7ed-66afba876e9f of framework 20151216-042749-33554442-5050-15894-0000 from executor(1)@10.0.0.5:51072
I1216 04:37:09.665040 19424 status_update_manager.cpp:317] Received status update TASK_FINISHED (UUID: 692c20b9-e9e4-489d-b4fc-a8737ee70614) for task 1450240620013-www-data-devel-job8-0-fbb54695-3d8f-454c-a7ed-66afba876e9f of framework 20151216-042749-33554442-5050-15894-0000
I1216 04:37:09.665205 19424 status_update_manager.hpp:346] Checkpointing UPDATE for status update TASK_FINISHED (UUID: 692c20b9-e9e4-489d-b4fc-a8737ee70614) for task 1450240620013-www-data-devel-job8-0-fbb54695-3d8f-454c-a7ed-66afba876e9f of framework 20151216-042749-33554442-5050-15894-0000
I1216 04:37:09.671881 19424 slave.cpp:2753] Forwarding the update TASK_FINISHED (UUID: 692c20b9-e9e4-489d-b4fc-a8737ee70614) for task 1450240620013-www-data-devel-job8-0-fbb54695-3d8f-454c-a7ed-66afba876e9f of framework 20151216-042749-33554442-5050-15894-0000 to master@10.0.0.2:5050
I1216 04:37:09.672044 19424 slave.cpp:2686] Sending acknowledgement for status update TASK_FINISHED (UUID: 692c20b9-e9e4-489d-b4fc-a8737ee70614) for task 1450240620013-www-data-devel-job8-0-fbb54695-3d8f-454c-a7ed-66afba876e9f of framework 20151216-042749-33554442-5050-15894-0000 to executor(1)@10.0.0.5:51072
I1216 04:37:09.678777 19431 status_update_manager.cpp:389] Received status update acknowledgement (UUID: 692c20b9-e9e4-489d-b4fc-a8737ee70614) for task 1450240620013-www-data-devel-job8-0-fbb54695-3d8f-454c-a7ed-66afba876e9f of framework 20151216-042749-33554442-5050-15894-0000
I1216 04:37:09.678865 19431 status_update_manager.hpp:346] Checkpointing ACK for status update TASK_FINISHED (UUID: 692c20b9-e9e4-489d-b4fc-a8737ee70614) for task 1450240620013-www-data-devel-job8-0-fbb54695-3d8f-454c-a7ed-66afba876e9f of framework 20151216-042749-33554442-5050-15894-0000
I1216 04:37:12.474169 19439 slave.cpp:2508] Handling status update TASK_FINISHED (UUID: b4ee4081-6339-4a70-95ce-627d4655301e) for task 1450240620340-www-data-devel-job18-0-b0fffcc4-6056-4434-98e3-0f92c25dcf85 of framework 20151216-042749-33554442-5050-15894-0000 from executor(1)@10.0.0.5:55168
I1216 04:37:12.474884 19424 status_update_manager.cpp:317] Received status update TASK_FINISHED (UUID: b4ee4081-6339-4a70-95ce-627d4655301e) for task 1450240620340-www-data-devel-job18-0-b0fffcc4-6056-4434-98e3-0f92c25dcf85 of framework 20151216-042749-33554442-5050-15894-0000
I1216 04:37:12.474951 19424 status_update_manager.hpp:346] Checkpointing UPDATE for status update TASK_FINISHED (UUID: b4ee4081-6339-4a70-95ce-627d4655301e) for task 1450240620340-www-data-devel-job18-0-b0fffcc4-6056-4434-98e3-0f92c25dcf85 of framework 20151216-042749-33554442-5050-15894-0000
I1216 04:37:12.478987 19433 slave.cpp:2753] Forwarding the update TASK_FINISHED (UUID: b4ee4081-6339-4a70-95ce-627d4655301e) for task 1450240620340-www-data-devel-job18-0-b0fffcc4-6056-4434-98e3-0f92c25dcf85 of framework 20151216-042749-33554442-5050-15894-0000 to master@10.0.0.2:5050
I1216 04:37:12.479094 19433 slave.cpp:2686] Sending acknowledgement for status update TASK_FINISHED (UUID: b4ee4081-6339-4a70-95ce-627d4655301e) for task 1450240620340-www-data-devel-job18-0-b0fffcc4-6056-4434-98e3-0f92c25dcf85 of framework 20151216-042749-33554442-5050-15894-0000 to executor(1)@10.0.0.5:55168
I1216 04:37:12.491430 19435 status_update_manager.cpp:389] Received status update acknowledgement (UUID: b4ee4081-6339-4a70-95ce-627d4655301e) for task 1450240620340-www-data-devel-job18-0-b0fffcc4-6056-4434-98e3-0f92c25dcf85 of framework 20151216-042749-33554442-5050-15894-0000
I1216 04:37:12.491473 19435 status_update_manager.hpp:346] Checkpointing ACK for status update TASK_FINISHED (UUID: b4ee4081-6339-4a70-95ce-627d4655301e) for task 1450240620340-www-data-devel-job18-0-b0fffcc4-6056-4434-98e3-0f92c25dcf85 of framework 20151216-042749-33554442-5050-15894-0000
I1216 04:37:14.721148 19439 containerizer.cpp:1111] Executor for container '03f6065d-736b-4db5-b9fc-c2122159e665' has exited
I1216 04:37:14.721201 19439 containerizer.cpp:906] Destroying container '03f6065d-736b-4db5-b9fc-c2122159e665'
I1216 04:37:14.722436 19438 slave.cpp:3193] Executor 'thermos-1450240620013-www-data-devel-job8-0-fbb54695-3d8f-454c-a7ed-66afba876e9f' of framework 20151216-042749-33554442-5050-15894-0000 exited with status 0
I1216 04:37:14.722535 19438 slave.cpp:3302] Cleaning up executor 'thermos-1450240620013-www-data-devel-job8-0-fbb54695-3d8f-454c-a7ed-66afba876e9f' of framework 20151216-042749-33554442-5050-15894-0000
I1216 04:37:14.722810 19436 gc.cpp:56] Scheduling '/var/lib/mesos/slave/slaves/20151216-042749-33554442-5050-15894-S1/frameworks/20151216-042749-33554442-5050-15894-0000/executors/thermos-1450240620013-www-data-devel-job8-0-fbb54695-3d8f-454c-a7ed-66afba876e9f/runs/03f6065d-736b-4db5-b9fc-c2122159e665' for gc 6.99999163472296days in the future
I1216 04:37:14.722879 19436 gc.cpp:56] Scheduling '/var/lib/mesos/slave/slaves/20151216-042749-33554442-5050-15894-S1/frameworks/20151216-042749-33554442-5050-15894-0000/executors/thermos-1450240620013-www-data-devel-job8-0-fbb54695-3d8f-454c-a7ed-66afba876e9f' for gc 6.99999163397037days in the future
I1216 04:37:14.722906 19436 gc.cpp:56] Scheduling '/var/lib/mesos/slave/meta/slaves/20151216-042749-33554442-5050-15894-S1/frameworks/20151216-042749-33554442-5050-15894-0000/executors/thermos-1450240620013-www-data-devel-job8-0-fbb54695-3d8f-454c-a7ed-66afba876e9f/runs/03f6065d-736b-4db5-b9fc-c2122159e665' for gc 6.99999163317037days in the future
I1216 04:37:14.722971 19438 gc.cpp:56] Scheduling '/var/lib/mesos/slave/meta/slaves/20151216-042749-33554442-5050-15894-S1/frameworks/20151216-042749-33554442-5050-15894-0000/executors/thermos-1450240620013-www-data-devel-job8-0-fbb54695-3d8f-454c-a7ed-66afba876e9f' for gc 6.99999163259259days in the future
I1216 04:37:17.534998 19425 containerizer.cpp:1111] Executor for container '847a264f-7b10-4287-98d0-74392103dbdc' has exited
I1216 04:37:17.535131 19425 containerizer.cpp:906] Destroying container '847a264f-7b10-4287-98d0-74392103dbdc'
I1216 04:37:17.536756 19427 slave.cpp:3193] Executor 'thermos-1450240620340-www-data-devel-job18-0-b0fffcc4-6056-4434-98e3-0f92c25dcf85' of framework 20151216-042749-33554442-5050-15894-0000 exited with status 0
I1216 04:37:17.536943 19427 slave.cpp:3302] Cleaning up executor 'thermos-1450240620340-www-data-devel-job18-0-b0fffcc4-6056-4434-98e3-0f92c25dcf85' of framework 20151216-042749-33554442-5050-15894-0000
I1216 04:37:17.537380 19433 gc.cpp:56] Scheduling '/var/lib/mesos/slave/slaves/20151216-042749-33554442-5050-15894-S1/frameworks/20151216-042749-33554442-5050-15894-0000/executors/thermos-1450240620340-www-data-devel-job18-0-b0fffcc4-6056-4434-98e3-0f92c25dcf85/runs/847a264f-7b10-4287-98d0-74392103dbdc' for gc 6.99999378099556days in the future
I1216 04:37:17.537467 19433 gc.cpp:56] Scheduling '/var/lib/mesos/slave/slaves/20151216-042749-33554442-5050-15894-S1/frameworks/20151216-042749-33554442-5050-15894-0000/executors/thermos-1450240620340-www-data-devel-job18-0-b0fffcc4-6056-4434-98e3-0f92c25dcf85' for gc 6.9999937800237days in the future
I1216 04:37:17.537508 19433 gc.cpp:56] Scheduling '/var/lib/mesos/slave/meta/slaves/20151216-042749-33554442-5050-15894-S1/frameworks/20151216-042749-33554442-5050-15894-0000/executors/thermos-1450240620340-www-data-devel-job18-0-b0fffcc4-6056-4434-98e3-0f92c25dcf85/runs/847a264f-7b10-4287-98d0-74392103dbdc' for gc 6.99999377958222days in the future
I1216 04:37:17.537511 19427 slave.cpp:3381] Cleaning up framework 20151216-042749-33554442-5050-15894-0000
I1216 04:37:17.537564 19433 gc.cpp:56] Scheduling '/var/lib/mesos/slave/meta/slaves/20151216-042749-33554442-5050-15894-S1/frameworks/20151216-042749-33554442-5050-15894-0000/executors/thermos-1450240620340-www-data-devel-job18-0-b0fffcc4-6056-4434-98e3-0f92c25dcf85' for gc 6.99999377896889days in the future
I1216 04:37:17.537653 19435 status_update_manager.cpp:279] Closing status update streams for framework 20151216-042749-33554442-5050-15894-0000
I1216 04:37:17.537745 19437 gc.cpp:56] Scheduling '/var/lib/mesos/slave/slaves/20151216-042749-33554442-5050-15894-S1/frameworks/20151216-042749-33554442-5050-15894-0000' for gc 6.99999377690963days in the future
I1216 04:37:17.537806 19437 gc.cpp:56] Scheduling '/var/lib/mesos/slave/meta/slaves/20151216-042749-33554442-5050-15894-S1/frameworks/20151216-042749-33554442-5050-15894-0000' for gc 6.99999377591407days in the future
I1216 04:37:17.670725 19435 slave.cpp:3534] Framework 20151216-042749-33554442-5050-15894-0000 seems to have exited. Ignoring registration timeout for executor 'thermos-1450240560033-www-data-devel-job30-0-f1ec9d95-cab5-4b89-bcbc-8bf93b7be849'
I1216 04:37:34.105057 19432 slave.cpp:3534] Framework 20151216-042749-33554442-5050-15894-0000 seems to have exited. Ignoring registration timeout for executor 'thermos-1450240560049-www-data-devel-job10-0-3cf6fee2-7ec5-4de4-a767-0a30b52fc7d0'
I1216 04:37:34.555591 19429 slave.cpp:1121] Got assigned task 1450240620055-www-data-devel-job1-0-a2084f7b-3663-4916-8539-480b395b253e for framework 20151216-042749-33554442-5050-15894-0000
I1216 04:37:34.557431 19429 gc.cpp:84] Unscheduling '/var/lib/mesos/slave/slaves/20151216-042749-33554442-5050-15894-S1/frameworks/20151216-042749-33554442-5050-15894-0000' from gc
