I1216 04:31:00.167057 19435 slave.cpp:4160] Launching executor thermos-1450240260022-www-data-devel-job10-0-d4e91e38-a327-4732-8808-6357523b5245 of framework 20151216-042749-33554442-5050-15894-0000 in work directory '/var/lib/mesos/slave/slaves/20151216-042749-33554442-5050-15894-S1/frameworks/20151216-042749-33554442-5050-15894-0000/executors/thermos-1450240260022-www-data-devel-job10-0-d4e91e38-a327-4732-8808-6357523b5245/runs/807049f2-6556-497c-8e56-15830c63cd85'
I1216 04:31:00.167340 19437 containerizer.cpp:472] Starting container '807049f2-6556-497c-8e56-15830c63cd85' for executor 'thermos-1450240260022-www-data-devel-job10-0-d4e91e38-a327-4732-8808-6357523b5245' of framework '20151216-042749-33554442-5050-15894-0000'
I1216 04:31:00.168493 19437 launcher.cpp:130] Forked child with pid '19910' for container '807049f2-6556-497c-8e56-15830c63cd85'
I1216 04:31:00.168875 19435 slave.cpp:1378] Queuing task '1450240260022-www-data-devel-job10-0-d4e91e38-a327-4732-8808-6357523b5245' for executor thermos-1450240260022-www-data-devel-job10-0-d4e91e38-a327-4732-8808-6357523b5245 of framework '20151216-042749-33554442-5050-15894-0000
I1216 04:31:00.168970 19437 containerizer.cpp:682] Checkpointing executor's forked pid 19910 to '/var/lib/mesos/slave/meta/slaves/20151216-042749-33554442-5050-15894-S1/frameworks/20151216-042749-33554442-5050-15894-0000/executors/thermos-1450240260022-www-data-devel-job10-0-d4e91e38-a327-4732-8808-6357523b5245/runs/807049f2-6556-497c-8e56-15830c63cd85/pids/forked.pid'
I1216 04:31:00.174002 19434 fetcher.cpp:238] Fetching URIs using command '/usr/libexec/mesos/mesos-fetcher'
I1216 04:31:00.307718 19437 slave.cpp:3135] Monitoring executor 'thermos-1450240260022-www-data-devel-job10-0-d4e91e38-a327-4732-8808-6357523b5245' of framework '20151216-042749-33554442-5050-15894-0000' in container '807049f2-6556-497c-8e56-15830c63cd85'
I1216 04:31:00.802991 19427 slave.cpp:2141] Got registration for executor 'thermos-1450240260022-www-data-devel-job10-0-d4e91e38-a327-4732-8808-6357523b5245' of framework 20151216-042749-33554442-5050-15894-0000 from executor(1)@10.0.0.5:43657
I1216 04:31:00.803990 19429 slave.cpp:1532] Sending queued task '1450240260022-www-data-devel-job10-0-d4e91e38-a327-4732-8808-6357523b5245' to executor 'thermos-1450240260022-www-data-devel-job10-0-d4e91e38-a327-4732-8808-6357523b5245' of framework 20151216-042749-33554442-5050-15894-0000
I1216 04:31:00.809875 19435 slave.cpp:2508] Handling status update TASK_STARTING (UUID: 2aa86bbf-dac7-4b24-a96e-f2b4d230d4d8) for task 1450240260022-www-data-devel-job10-0-d4e91e38-a327-4732-8808-6357523b5245 of framework 20151216-042749-33554442-5050-15894-0000 from executor(1)@10.0.0.5:43657
I1216 04:31:00.810056 19434 status_update_manager.cpp:317] Received status update TASK_STARTING (UUID: 2aa86bbf-dac7-4b24-a96e-f2b4d230d4d8) for task 1450240260022-www-data-devel-job10-0-d4e91e38-a327-4732-8808-6357523b5245 of framework 20151216-042749-33554442-5050-15894-0000
I1216 04:31:00.810381 19434 status_update_manager.hpp:346] Checkpointing UPDATE for status update TASK_STARTING (UUID: 2aa86bbf-dac7-4b24-a96e-f2b4d230d4d8) for task 1450240260022-www-data-devel-job10-0-d4e91e38-a327-4732-8808-6357523b5245 of framework 20151216-042749-33554442-5050-15894-0000
I1216 04:31:00.814139 19439 slave.cpp:2753] Forwarding the update TASK_STARTING (UUID: 2aa86bbf-dac7-4b24-a96e-f2b4d230d4d8) for task 1450240260022-www-data-devel-job10-0-d4e91e38-a327-4732-8808-6357523b5245 of framework 20151216-042749-33554442-5050-15894-0000 to master@10.0.0.2:5050
I1216 04:31:00.814285 19439 slave.cpp:2686] Sending acknowledgement for status update TASK_STARTING (UUID: 2aa86bbf-dac7-4b24-a96e-f2b4d230d4d8) for task 1450240260022-www-data-devel-job10-0-d4e91e38-a327-4732-8808-6357523b5245 of framework 20151216-042749-33554442-5050-15894-0000 to executor(1)@10.0.0.5:43657
I1216 04:31:00.823904 19434 status_update_manager.cpp:389] Received status update acknowledgement (UUID: 2aa86bbf-dac7-4b24-a96e-f2b4d230d4d8) for task 1450240260022-www-data-devel-job10-0-d4e91e38-a327-4732-8808-6357523b5245 of framework 20151216-042749-33554442-5050-15894-0000
I1216 04:31:00.823977 19434 status_update_manager.hpp:346] Checkpointing ACK for status update TASK_STARTING (UUID: 2aa86bbf-dac7-4b24-a96e-f2b4d230d4d8) for task 1450240260022-www-data-devel-job10-0-d4e91e38-a327-4732-8808-6357523b5245 of framework 20151216-042749-33554442-5050-15894-0000
I1216 04:31:01.374307 19425 slave.cpp:2508] Handling status update TASK_RUNNING (UUID: 022f88bf-70f8-4d9f-8f0b-c76cfdddfbf6) for task 1450240260022-www-data-devel-job10-0-d4e91e38-a327-4732-8808-6357523b5245 of framework 20151216-042749-33554442-5050-15894-0000 from executor(1)@10.0.0.5:43657
I1216 04:31:01.374485 19425 status_update_manager.cpp:317] Received status update TASK_RUNNING (UUID: 022f88bf-70f8-4d9f-8f0b-c76cfdddfbf6) for task 1450240260022-www-data-devel-job10-0-d4e91e38-a327-4732-8808-6357523b5245 of framework 20151216-042749-33554442-5050-15894-0000
I1216 04:31:01.374542 19425 status_update_manager.hpp:346] Checkpointing UPDATE for status update TASK_RUNNING (UUID: 022f88bf-70f8-4d9f-8f0b-c76cfdddfbf6) for task 1450240260022-www-data-devel-job10-0-d4e91e38-a327-4732-8808-6357523b5245 of framework 20151216-042749-33554442-5050-15894-0000
I1216 04:31:01.377969 19431 slave.cpp:2753] Forwarding the update TASK_RUNNING (UUID: 022f88bf-70f8-4d9f-8f0b-c76cfdddfbf6) for task 1450240260022-www-data-devel-job10-0-d4e91e38-a327-4732-8808-6357523b5245 of framework 20151216-042749-33554442-5050-15894-0000 to master@10.0.0.2:5050
I1216 04:31:01.378131 19431 slave.cpp:2686] Sending acknowledgement for status update TASK_RUNNING (UUID: 022f88bf-70f8-4d9f-8f0b-c76cfdddfbf6) for task 1450240260022-www-data-devel-job10-0-d4e91e38-a327-4732-8808-6357523b5245 of framework 20151216-042749-33554442-5050-15894-0000 to executor(1)@10.0.0.5:43657
I1216 04:31:01.388269 19425 status_update_manager.cpp:389] Received status update acknowledgement (UUID: 022f88bf-70f8-4d9f-8f0b-c76cfdddfbf6) for task 1450240260022-www-data-devel-job10-0-d4e91e38-a327-4732-8808-6357523b5245 of framework 20151216-042749-33554442-5050-15894-0000
I1216 04:31:01.388319 19425 status_update_manager.hpp:346] Checkpointing ACK for status update TASK_RUNNING (UUID: 022f88bf-70f8-4d9f-8f0b-c76cfdddfbf6) for task 1450240260022-www-data-devel-job10-0-d4e91e38-a327-4732-8808-6357523b5245 of framework 20151216-042749-33554442-5050-15894-0000
I1216 04:31:08.843180 19433 slave.cpp:1121] Got assigned task 1450240260051-www-data-devel-job3-0-d8c1b7e2-4c99-4211-a052-5d79f729fdb5 for framework 20151216-042749-33554442-5050-15894-0000
I1216 04:31:08.844578 19433 slave.cpp:1231] Launching task 1450240260051-www-data-devel-job3-0-d8c1b7e2-4c99-4211-a052-5d79f729fdb5 for framework 20151216-042749-33554442-5050-15894-0000
I1216 04:31:08.847992 19433 slave.cpp:4160] Launching executor thermos-1450240260051-www-data-devel-job3-0-d8c1b7e2-4c99-4211-a052-5d79f729fdb5 of framework 20151216-042749-33554442-5050-15894-0000 in work directory '/var/lib/mesos/slave/slaves/20151216-042749-33554442-5050-15894-S1/frameworks/20151216-042749-33554442-5050-15894-0000/executors/thermos-1450240260051-www-data-devel-job3-0-d8c1b7e2-4c99-4211-a052-5d79f729fdb5/runs/e283a25c-d70c-4337-abc5-af667b514f0b'
I1216 04:31:08.848229 19427 containerizer.cpp:472] Starting container 'e283a25c-d70c-4337-abc5-af667b514f0b' for executor 'thermos-1450240260051-www-data-devel-job3-0-d8c1b7e2-4c99-4211-a052-5d79f729fdb5' of framework '20151216-042749-33554442-5050-15894-0000'
I1216 04:31:08.850076 19427 launcher.cpp:130] Forked child with pid '19964' for container 'e283a25c-d70c-4337-abc5-af667b514f0b'
I1216 04:31:08.850325 19427 containerizer.cpp:682] Checkpointing executor's forked pid 19964 to '/var/lib/mesos/slave/meta/slaves/20151216-042749-33554442-5050-15894-S1/frameworks/20151216-042749-33554442-5050-15894-0000/executors/thermos-1450240260051-www-data-devel-job3-0-d8c1b7e2-4c99-4211-a052-5d79f729fdb5/runs/e283a25c-d70c-4337-abc5-af667b514f0b/pids/forked.pid'
I1216 04:31:08.850323 19433 slave.cpp:1378] Queuing task '1450240260051-www-data-devel-job3-0-d8c1b7e2-4c99-4211-a052-5d79f729fdb5' for executor thermos-1450240260051-www-data-devel-job3-0-d8c1b7e2-4c99-4211-a052-5d79f729fdb5 of framework '20151216-042749-33554442-5050-15894-0000
I1216 04:31:08.854382 19432 fetcher.cpp:238] Fetching URIs using command '/usr/libexec/mesos/mesos-fetcher'
I1216 04:31:08.947082 19429 slave.cpp:3135] Monitoring executor 'thermos-1450240260051-www-data-devel-job3-0-d8c1b7e2-4c99-4211-a052-5d79f729fdb5' of framework '20151216-042749-33554442-5050-15894-0000' in container 'e283a25c-d70c-4337-abc5-af667b514f0b'
I1216 04:31:09.446898 19425 slave.cpp:2141] Got registration for executor 'thermos-1450240260051-www-data-devel-job3-0-d8c1b7e2-4c99-4211-a052-5d79f729fdb5' of framework 20151216-042749-33554442-5050-15894-0000 from executor(1)@10.0.0.5:49716
I1216 04:31:09.451077 19431 slave.cpp:1532] Sending queued task '1450240260051-www-data-devel-job3-0-d8c1b7e2-4c99-4211-a052-5d79f729fdb5' to executor 'thermos-1450240260051-www-data-devel-job3-0-d8c1b7e2-4c99-4211-a052-5d79f729fdb5' of framework 20151216-042749-33554442-5050-15894-0000
I1216 04:31:09.457176 19425 slave.cpp:2508] Handling status update TASK_STARTING (UUID: cec74aca-3c40-4aee-b98d-fcd9f93d5971) for task 1450240260051-www-data-devel-job3-0-d8c1b7e2-4c99-4211-a052-5d79f729fdb5 of framework 20151216-042749-33554442-5050-15894-0000 from executor(1)@10.0.0.5:49716
I1216 04:31:09.457332 19425 status_update_manager.cpp:317] Received status update TASK_STARTING (UUID: cec74aca-3c40-4aee-b98d-fcd9f93d5971) for task 1450240260051-www-data-devel-job3-0-d8c1b7e2-4c99-4211-a052-5d79f729fdb5 of framework 20151216-042749-33554442-5050-15894-0000
I1216 04:31:09.457736 19425 status_update_manager.hpp:346] Checkpointing UPDATE for status update TASK_STARTING (UUID: cec74aca-3c40-4aee-b98d-fcd9f93d5971) for task 1450240260051-www-data-devel-job3-0-d8c1b7e2-4c99-4211-a052-5d79f729fdb5 of framework 20151216-042749-33554442-5050-15894-0000
I1216 04:31:09.462301 19427 slave.cpp:2753] Forwarding the update TASK_STARTING (UUID: cec74aca-3c40-4aee-b98d-fcd9f93d5971) for task 1450240260051-www-data-devel-job3-0-d8c1b7e2-4c99-4211-a052-5d79f729fdb5 of framework 20151216-042749-33554442-5050-15894-0000 to master@10.0.0.2:5050
I1216 04:31:09.462465 19427 slave.cpp:2686] Sending acknowledgement for status update TASK_STARTING (UUID: cec74aca-3c40-4aee-b98d-fcd9f93d5971) for task 1450240260051-www-data-devel-job3-0-d8c1b7e2-4c99-4211-a052-5d79f729fdb5 of framework 20151216-042749-33554442-5050-15894-0000 to executor(1)@10.0.0.5:49716
I1216 04:31:09.477562 19435 status_update_manager.cpp:389] Received status update acknowledgement (UUID: cec74aca-3c40-4aee-b98d-fcd9f93d5971) for task 1450240260051-www-data-devel-job3-0-d8c1b7e2-4c99-4211-a052-5d79f729fdb5 of framework 20151216-042749-33554442-5050-15894-0000
I1216 04:31:09.477627 19435 status_update_manager.hpp:346] Checkpointing ACK for status update TASK_STARTING (UUID: cec74aca-3c40-4aee-b98d-fcd9f93d5971) for task 1450240260051-www-data-devel-job3-0-d8c1b7e2-4c99-4211-a052-5d79f729fdb5 of framework 20151216-042749-33554442-5050-15894-0000
I1216 04:31:09.517895 19435 slave.cpp:2508] Handling status update TASK_FINISHED (UUID: 5fd0c8e0-361e-412a-99d1-b984deda087f) for task 1450240260022-www-data-devel-job10-0-d4e91e38-a327-4732-8808-6357523b5245 of framework 20151216-042749-33554442-5050-15894-0000 from executor(1)@10.0.0.5:43657
I1216 04:31:09.518404 19430 status_update_manager.cpp:317] Received status update TASK_FINISHED (UUID: 5fd0c8e0-361e-412a-99d1-b984deda087f) for task 1450240260022-www-data-devel-job10-0-d4e91e38-a327-4732-8808-6357523b5245 of framework 20151216-042749-33554442-5050-15894-0000
I1216 04:31:09.518466 19430 status_update_manager.hpp:346] Checkpointing UPDATE for status update TASK_FINISHED (UUID: 5fd0c8e0-361e-412a-99d1-b984deda087f) for task 1450240260022-www-data-devel-job10-0-d4e91e38-a327-4732-8808-6357523b5245 of framework 20151216-042749-33554442-5050-15894-0000
I1216 04:31:09.521968 19431 slave.cpp:2753] Forwarding the update TASK_FINISHED (UUID: 5fd0c8e0-361e-412a-99d1-b984deda087f) for task 1450240260022-www-data-devel-job10-0-d4e91e38-a327-4732-8808-6357523b5245 of framework 20151216-042749-33554442-5050-15894-0000 to master@10.0.0.2:5050
I1216 04:31:09.522079 19431 slave.cpp:2686] Sending acknowledgement for status update TASK_FINISHED (UUID: 5fd0c8e0-361e-412a-99d1-b984deda087f) for task 1450240260022-www-data-devel-job10-0-d4e91e38-a327-4732-8808-6357523b5245 of framework 20151216-042749-33554442-5050-15894-0000 to executor(1)@10.0.0.5:43657
I1216 04:31:09.534129 19435 status_update_manager.cpp:389] Received status update acknowledgement (UUID: 5fd0c8e0-361e-412a-99d1-b984deda087f) for task 1450240260022-www-data-devel-job10-0-d4e91e38-a327-4732-8808-6357523b5245 of framework 20151216-042749-33554442-5050-15894-0000
I1216 04:31:09.534212 19435 status_update_manager.hpp:346] Checkpointing ACK for status update TASK_FINISHED (UUID: 5fd0c8e0-361e-412a-99d1-b984deda087f) for task 1450240260022-www-data-devel-job10-0-d4e91e38-a327-4732-8808-6357523b5245 of framework 20151216-042749-33554442-5050-15894-0000
I1216 04:31:10.021258 19427 slave.cpp:2508] Handling status update TASK_RUNNING (UUID: 68ffe317-0da5-4332-a146-5d18a6b4b551) for task 1450240260051-www-data-devel-job3-0-d8c1b7e2-4c99-4211-a052-5d79f729fdb5 of framework 20151216-042749-33554442-5050-15894-0000 from executor(1)@10.0.0.5:49716
I1216 04:31:10.021456 19426 status_update_manager.cpp:317] Received status update TASK_RUNNING (UUID: 68ffe317-0da5-4332-a146-5d18a6b4b551) for task 1450240260051-www-data-devel-job3-0-d8c1b7e2-4c99-4211-a052-5d79f729fdb5 of framework 20151216-042749-33554442-5050-15894-0000
I1216 04:31:10.021559 19426 status_update_manager.hpp:346] Checkpointing UPDATE for status update TASK_RUNNING (UUID: 68ffe317-0da5-4332-a146-5d18a6b4b551) for task 1450240260051-www-data-devel-job3-0-d8c1b7e2-4c99-4211-a052-5d79f729fdb5 of framework 20151216-042749-33554442-5050-15894-0000
I1216 04:31:10.025221 19424 slave.cpp:2753] Forwarding the update TASK_RUNNING (UUID: 68ffe317-0da5-4332-a146-5d18a6b4b551) for task 1450240260051-www-data-devel-job3-0-d8c1b7e2-4c99-4211-a052-5d79f729fdb5 of framework 20151216-042749-33554442-5050-15894-0000 to master@10.0.0.2:5050
I1216 04:31:10.025326 19424 slave.cpp:2686] Sending acknowledgement for status update TASK_RUNNING (UUID: 68ffe317-0da5-4332-a146-5d18a6b4b551) for task 1450240260051-www-data-devel-job3-0-d8c1b7e2-4c99-4211-a052-5d79f729fdb5 of framework 20151216-042749-33554442-5050-15894-0000 to executor(1)@10.0.0.5:49716
I1216 04:31:10.035531 19427 status_update_manager.cpp:389] Received status update acknowledgement (UUID: 68ffe317-0da5-4332-a146-5d18a6b4b551) for task 1450240260051-www-data-devel-job3-0-d8c1b7e2-4c99-4211-a052-5d79f729fdb5 of framework 20151216-042749-33554442-5050-15894-0000
I1216 04:31:10.035568 19427 status_update_manager.hpp:346] Checkpointing ACK for status update TASK_RUNNING (UUID: 68ffe317-0da5-4332-a146-5d18a6b4b551) for task 1450240260051-www-data-devel-job3-0-d8c1b7e2-4c99-4211-a052-5d79f729fdb5 of framework 20151216-042749-33554442-5050-15894-0000
I1216 04:31:14.575381 19430 containerizer.cpp:1111] Executor for container '807049f2-6556-497c-8e56-15830c63cd85' has exited
I1216 04:31:14.575563 19430 containerizer.cpp:906] Destroying container '807049f2-6556-497c-8e56-15830c63cd85'
I1216 04:31:14.577534 19428 slave.cpp:3193] Executor 'thermos-1450240260022-www-data-devel-job10-0-d4e91e38-a327-4732-8808-6357523b5245' of framework 20151216-042749-33554442-5050-15894-0000 exited with status 0
I1216 04:31:14.577739 19428 slave.cpp:3302] Cleaning up executor 'thermos-1450240260022-www-data-devel-job10-0-d4e91e38-a327-4732-8808-6357523b5245' of framework 20151216-042749-33554442-5050-15894-0000
I1216 04:31:14.578042 19424 gc.cpp:56] Scheduling '/var/lib/mesos/slave/slaves/20151216-042749-33554442-5050-15894-S1/frameworks/20151216-042749-33554442-5050-15894-0000/executors/thermos-1450240260022-www-data-devel-job10-0-d4e91e38-a327-4732-8808-6357523b5245/runs/807049f2-6556-497c-8e56-15830c63cd85' for gc 6.99999331029926days in the future
I1216 04:31:14.578111 19424 gc.cpp:56] Scheduling '/var/lib/mesos/slave/slaves/20151216-042749-33554442-5050-15894-S1/frameworks/20151216-042749-33554442-5050-15894-0000/executors/thermos-1450240260022-www-data-devel-job10-0-d4e91e38-a327-4732-8808-6357523b5245' for gc 6.99999330939852days in the future
I1216 04:31:14.578310 19425 gc.cpp:56] Scheduling '/var/lib/mesos/slave/meta/slaves/20151216-042749-33554442-5050-15894-S1/frameworks/20151216-042749-33554442-5050-15894-0000/executors/thermos-1450240260022-www-data-devel-job10-0-d4e91e38-a327-4732-8808-6357523b5245/runs/807049f2-6556-497c-8e56-15830c63cd85' for gc 6.99999330849481days in the future
I1216 04:31:14.578361 19425 gc.cpp:56] Scheduling '/var/lib/mesos/slave/meta/slaves/20151216-042749-33554442-5050-15894-S1/frameworks/20151216-042749-33554442-5050-15894-0000/executors/thermos-1450240260022-www-data-devel-job10-0-d4e91e38-a327-4732-8808-6357523b5245' for gc 6.99999330735111days in the future
I1216 04:31:17.083717 19432 slave.cpp:1121] Got assigned task 1450240260074-www-data-devel-job11-0-8c13501a-271e-4cf4-92ed-bcfed2922711 for framework 20151216-042749-33554442-5050-15894-0000
I1216 04:31:17.084101 19432 slave.cpp:1231] Launching task 1450240260074-www-data-devel-job11-0-8c13501a-271e-4cf4-92ed-bcfed2922711 for framework 20151216-042749-33554442-5050-15894-0000
I1216 04:31:17.089687 19432 slave.cpp:4160] Launching executor thermos-1450240260074-www-data-devel-job11-0-8c13501a-271e-4cf4-92ed-bcfed2922711 of framework 20151216-042749-33554442-5050-15894-0000 in work directory '/var/lib/mesos/slave/slaves/20151216-042749-33554442-5050-15894-S1/frameworks/20151216-042749-33554442-5050-15894-0000/executors/thermos-1450240260074-www-data-devel-job11-0-8c13501a-271e-4cf4-92ed-bcfed2922711/runs/b20035e9-6b1d-47aa-ad86-65bc08a53b67'
I1216 04:31:17.089925 19430 containerizer.cpp:472] Starting container 'b20035e9-6b1d-47aa-ad86-65bc08a53b67' for executor 'thermos-1450240260074-www-data-devel-job11-0-8c13501a-271e-4cf4-92ed-bcfed2922711' of framework '20151216-042749-33554442-5050-15894-0000'
I1216 04:31:17.091380 19430 launcher.cpp:130] Forked child with pid '20020' for container 'b20035e9-6b1d-47aa-ad86-65bc08a53b67'
I1216 04:31:17.091645 19430 containerizer.cpp:682] Checkpointing executor's forked pid 20020 to '/var/lib/mesos/slave/meta/slaves/20151216-042749-33554442-5050-15894-S1/frameworks/20151216-042749-33554442-5050-15894-0000/executors/thermos-1450240260074-www-data-devel-job11-0-8c13501a-271e-4cf4-92ed-bcfed2922711/runs/b20035e9-6b1d-47aa-ad86-65bc08a53b67/pids/forked.pid'
I1216 04:31:17.091727 19432 slave.cpp:1378] Queuing task '1450240260074-www-data-devel-job11-0-8c13501a-271e-4cf4-92ed-bcfed2922711' for executor thermos-1450240260074-www-data-devel-job11-0-8c13501a-271e-4cf4-92ed-bcfed2922711 of framework '20151216-042749-33554442-5050-15894-0000
I1216 04:31:17.095698 19425 fetcher.cpp:238] Fetching URIs using command '/usr/libexec/mesos/mesos-fetcher'
I1216 04:31:17.188726 19429 slave.cpp:3135] Monitoring executor 'thermos-1450240260074-www-data-devel-job11-0-8c13501a-271e-4cf4-92ed-bcfed2922711' of framework '20151216-042749-33554442-5050-15894-0000' in container 'b20035e9-6b1d-47aa-ad86-65bc08a53b67'
I1216 04:31:17.687832 19431 slave.cpp:2141] Got registration for executor 'thermos-1450240260074-www-data-devel-job11-0-8c13501a-271e-4cf4-92ed-bcfed2922711' of framework 20151216-042749-33554442-5050-15894-0000 from executor(1)@10.0.0.5:44275
I1216 04:31:17.688760 19431 slave.cpp:1532] Sending queued task '1450240260074-www-data-devel-job11-0-8c13501a-271e-4cf4-92ed-bcfed2922711' to executor 'thermos-1450240260074-www-data-devel-job11-0-8c13501a-271e-4cf4-92ed-bcfed2922711' of framework 20151216-042749-33554442-5050-15894-0000
I1216 04:31:17.696570 19435 slave.cpp:2508] Handling status update TASK_STARTING (UUID: f6ce9b07-7aa0-4fb7-b71f-00be73c88b3a) for task 1450240260074-www-data-devel-job11-0-8c13501a-271e-4cf4-92ed-bcfed2922711 of framework 20151216-042749-33554442-5050-15894-0000 from executor(1)@10.0.0.5:44275
I1216 04:31:17.696763 19431 status_update_manager.cpp:317] Received status update TASK_STARTING (UUID: f6ce9b07-7aa0-4fb7-b71f-00be73c88b3a) for task 1450240260074-www-data-devel-job11-0-8c13501a-271e-4cf4-92ed-bcfed2922711 of framework 20151216-042749-33554442-5050-15894-0000
I1216 04:31:17.697304 19431 status_update_manager.hpp:346] Checkpointing UPDATE for status update TASK_STARTING (UUID: f6ce9b07-7aa0-4fb7-b71f-00be73c88b3a) for task 1450240260074-www-data-devel-job11-0-8c13501a-271e-4cf4-92ed-bcfed2922711 of framework 20151216-042749-33554442-5050-15894-0000
I1216 04:31:17.700893 19431 slave.cpp:2753] Forwarding the update TASK_STARTING (UUID: f6ce9b07-7aa0-4fb7-b71f-00be73c88b3a) for task 1450240260074-www-data-devel-job11-0-8c13501a-271e-4cf4-92ed-bcfed2922711 of framework 20151216-042749-33554442-5050-15894-0000 to master@10.0.0.2:5050
I1216 04:31:17.701081 19431 slave.cpp:2686] Sending acknowledgement for status update TASK_STARTING (UUID: f6ce9b07-7aa0-4fb7-b71f-00be73c88b3a) for task 1450240260074-www-data-devel-job11-0-8c13501a-271e-4cf4-92ed-bcfed2922711 of framework 20151216-042749-33554442-5050-15894-0000 to executor(1)@10.0.0.5:44275
I1216 04:31:17.710111 19435 status_update_manager.cpp:389] Received status update acknowledgement (UUID: f6ce9b07-7aa0-4fb7-b71f-00be73c88b3a) for task 1450240260074-www-data-devel-job11-0-8c13501a-271e-4cf4-92ed-bcfed2922711 of framework 20151216-042749-33554442-5050-15894-0000
I1216 04:31:17.710150 19435 status_update_manager.hpp:346] Checkpointing ACK for status update TASK_STARTING (UUID: f6ce9b07-7aa0-4fb7-b71f-00be73c88b3a) for task 1450240260074-www-data-devel-job11-0-8c13501a-271e-4cf4-92ed-bcfed2922711 of framework 20151216-042749-33554442-5050-15894-0000
I1216 04:31:18.259773 19426 slave.cpp:2508] Handling status update TASK_RUNNING (UUID: 8c19e147-0414-4d5c-a88e-99ce0b017ea2) for task 1450240260074-www-data-devel-job11-0-8c13501a-271e-4cf4-92ed-bcfed2922711 of framework 20151216-042749-33554442-5050-15894-0000 from executor(1)@10.0.0.5:44275
I1216 04:31:18.259958 19428 status_update_manager.cpp:317] Received status update TASK_RUNNING (UUID: 8c19e147-0414-4d5c-a88e-99ce0b017ea2) for task 1450240260074-www-data-devel-job11-0-8c13501a-271e-4cf4-92ed-bcfed2922711 of framework 20151216-042749-33554442-5050-15894-0000
I1216 04:31:18.260046 19428 status_update_manager.hpp:346] Checkpointing UPDATE for status update TASK_RUNNING (UUID: 8c19e147-0414-4d5c-a88e-99ce0b017ea2) for task 1450240260074-www-data-devel-job11-0-8c13501a-271e-4cf4-92ed-bcfed2922711 of framework 20151216-042749-33554442-5050-15894-0000
I1216 04:31:18.263270 19430 slave.cpp:2753] Forwarding the update TASK_RUNNING (UUID: 8c19e147-0414-4d5c-a88e-99ce0b017ea2) for task 1450240260074-www-data-devel-job11-0-8c13501a-271e-4cf4-92ed-bcfed2922711 of framework 20151216-042749-33554442-5050-15894-0000 to master@10.0.0.2:5050
I1216 04:31:18.263386 19430 slave.cpp:2686] Sending acknowledgement for status update TASK_RUNNING (UUID: 8c19e147-0414-4d5c-a88e-99ce0b017ea2) for task 1450240260074-www-data-devel-job11-0-8c13501a-271e-4cf4-92ed-bcfed2922711 of framework 20151216-042749-33554442-5050-15894-0000 to executor(1)@10.0.0.5:44275
I1216 04:31:18.273826 19428 status_update_manager.cpp:389] Received status update acknowledgement (UUID: 8c19e147-0414-4d5c-a88e-99ce0b017ea2) for task 1450240260074-www-data-devel-job11-0-8c13501a-271e-4cf4-92ed-bcfed2922711 of framework 20151216-042749-33554442-5050-15894-0000
I1216 04:31:18.273895 19428 status_update_manager.hpp:346] Checkpointing ACK for status update TASK_RUNNING (UUID: 8c19e147-0414-4d5c-a88e-99ce0b017ea2) for task 1450240260074-www-data-devel-job11-0-8c13501a-271e-4cf4-92ed-bcfed2922711 of framework 20151216-042749-33554442-5050-15894-0000
I1216 04:31:19.166263 19426 slave.cpp:2508] Handling status update TASK_FINISHED (UUID: 2f850073-4a3d-4835-af41-d200bfc4a21a) for task 1450240260051-www-data-devel-job3-0-d8c1b7e2-4c99-4211-a052-5d79f729fdb5 of framework 20151216-042749-33554442-5050-15894-0000 from executor(1)@10.0.0.5:49716
I1216 04:31:19.167408 19437 status_update_manager.cpp:317] Received status update TASK_FINISHED (UUID: 2f850073-4a3d-4835-af41-d200bfc4a21a) for task 1450240260051-www-data-devel-job3-0-d8c1b7e2-4c99-4211-a052-5d79f729fdb5 of framework 20151216-042749-33554442-5050-15894-0000
I1216 04:31:19.167467 19437 status_update_manager.hpp:346] Checkpointing UPDATE for status update TASK_FINISHED (UUID: 2f850073-4a3d-4835-af41-d200bfc4a21a) for task 1450240260051-www-data-devel-job3-0-d8c1b7e2-4c99-4211-a052-5d79f729fdb5 of framework 20151216-042749-33554442-5050-15894-0000
I1216 04:31:19.170846 19433 slave.cpp:2753] Forwarding the update TASK_FINISHED (UUID: 2f850073-4a3d-4835-af41-d200bfc4a21a) for task 1450240260051-www-data-devel-job3-0-d8c1b7e2-4c99-4211-a052-5d79f729fdb5 of framework 20151216-042749-33554442-5050-15894-0000 to master@10.0.0.2:5050
I1216 04:31:19.171028 19433 slave.cpp:2686] Sending acknowledgement for status update TASK_FINISHED (UUID: 2f850073-4a3d-4835-af41-d200bfc4a21a) for task 1450240260051-www-data-devel-job3-0-d8c1b7e2-4c99-4211-a052-5d79f729fdb5 of framework 20151216-042749-33554442-5050-15894-0000 to executor(1)@10.0.0.5:49716
I1216 04:31:19.182464 19436 status_update_manager.cpp:389] Received status update acknowledgement (UUID: 2f850073-4a3d-4835-af41-d200bfc4a21a) for task 1450240260051-www-data-devel-job3-0-d8c1b7e2-4c99-4211-a052-5d79f729fdb5 of framework 20151216-042749-33554442-5050-15894-0000
I1216 04:31:19.182520 19436 status_update_manager.hpp:346] Checkpointing ACK for status update TASK_FINISHED (UUID: 2f850073-4a3d-4835-af41-d200bfc4a21a) for task 1450240260051-www-data-devel-job3-0-d8c1b7e2-4c99-4211-a052-5d79f729fdb5 of framework 20151216-042749-33554442-5050-15894-0000
I1216 04:31:24.223508 19425 containerizer.cpp:1111] Executor for container 'e283a25c-d70c-4337-abc5-af667b514f0b' has exited
I1216 04:31:24.223616 19425 containerizer.cpp:906] Destroying container 'e283a25c-d70c-4337-abc5-af667b514f0b'
I1216 04:31:24.225353 19432 slave.cpp:3193] Executor 'thermos-1450240260051-www-data-devel-job3-0-d8c1b7e2-4c99-4211-a052-5d79f729fdb5' of framework 20151216-042749-33554442-5050-15894-0000 exited with status 0
I1216 04:31:24.225563 19432 slave.cpp:3302] Cleaning up executor 'thermos-1450240260051-www-data-devel-job3-0-d8c1b7e2-4c99-4211-a052-5d79f729fdb5' of framework 20151216-042749-33554442-5050-15894-0000
I1216 04:31:24.225913 19427 gc.cpp:56] Scheduling '/var/lib/mesos/slave/slaves/20151216-042749-33554442-5050-15894-S1/frameworks/20151216-042749-33554442-5050-15894-0000/executors/thermos-1450240260051-www-data-devel-job3-0-d8c1b7e2-4c99-4211-a052-5d79f729fdb5/runs/e283a25c-d70c-4337-abc5-af667b514f0b' for gc 6.99999738601778days in the future
I1216 04:31:24.226011 19427 gc.cpp:56] Scheduling '/var/lib/mesos/slave/slaves/20151216-042749-33554442-5050-15894-S1/frameworks/20151216-042749-33554442-5050-15894-0000/executors/thermos-1450240260051-www-data-devel-job3-0-d8c1b7e2-4c99-4211-a052-5d79f729fdb5' for gc 6.99999738508148days in the future
I1216 04:31:24.226111 19427 gc.cpp:56] Scheduling '/var/lib/mesos/slave/meta/slaves/20151216-042749-33554442-5050-15894-S1/frameworks/20151216-042749-33554442-5050-15894-0000/executors/thermos-1450240260051-www-data-devel-job3-0-d8c1b7e2-4c99-4211-a052-5d79f729fdb5/runs/e283a25c-d70c-4337-abc5-af667b514f0b' for gc 6.99999738430519days in the future
I1216 04:31:24.226187 19427 gc.cpp:56] Scheduling '/var/lib/mesos/slave/meta/slaves/20151216-042749-33554442-5050-15894-S1/frameworks/20151216-042749-33554442-5050-15894-0000/executors/thermos-1450240260051-www-data-devel-job3-0-d8c1b7e2-4c99-4211-a052-5d79f729fdb5' for gc 6.99999738355259days in the future
I1216 04:31:26.401392 19437 slave.cpp:2508] Handling status update TASK_FINISHED (UUID: 8b56f203-6ec6-4bec-a288-ac15a0faabd4) for task 1450240260074-www-data-devel-job11-0-8c13501a-271e-4cf4-92ed-bcfed2922711 of framework 20151216-042749-33554442-5050-15894-0000 from executor(1)@10.0.0.5:44275
I1216 04:31:26.402012 19436 status_update_manager.cpp:317] Received status update TASK_FINISHED (UUID: 8b56f203-6ec6-4bec-a288-ac15a0faabd4) for task 1450240260074-www-data-devel-job11-0-8c13501a-271e-4cf4-92ed-bcfed2922711 of framework 20151216-042749-33554442-5050-15894-0000
I1216 04:31:26.402040 19436 status_update_manager.hpp:346] Checkpointing UPDATE for status update TASK_FINISHED (UUID: 8b56f203-6ec6-4bec-a288-ac15a0faabd4) for task 1450240260074-www-data-devel-job11-0-8c13501a-271e-4cf4-92ed-bcfed2922711 of framework 20151216-042749-33554442-5050-15894-0000
I1216 04:31:26.405508 19430 slave.cpp:2753] Forwarding the update TASK_FINISHED (UUID: 8b56f203-6ec6-4bec-a288-ac15a0faabd4) for task 1450240260074-www-data-devel-job11-0-8c13501a-271e-4cf4-92ed-bcfed2922711 of framework 20151216-042749-33554442-5050-15894-0000 to master@10.0.0.2:5050
I1216 04:31:26.405647 19430 slave.cpp:2686] Sending acknowledgement for status update TASK_FINISHED (UUID: 8b56f203-6ec6-4bec-a288-ac15a0faabd4) for task 1450240260074-www-data-devel-job11-0-8c13501a-271e-4cf4-92ed-bcfed2922711 of framework 20151216-042749-33554442-5050-15894-0000 to executor(1)@10.0.0.5:44275
I1216 04:31:26.414712 19426 status_update_manager.cpp:389] Received status update acknowledgement (UUID: 8b56f203-6ec6-4bec-a288-ac15a0faabd4) for task 1450240260074-www-data-devel-job11-0-8c13501a-271e-4cf4-92ed-bcfed2922711 of framework 20151216-042749-33554442-5050-15894-0000
I1216 04:31:26.414759 19426 status_update_manager.hpp:346] Checkpointing ACK for status update TASK_FINISHED (UUID: 8b56f203-6ec6-4bec-a288-ac15a0faabd4) for task 1450240260074-www-data-devel-job11-0-8c13501a-271e-4cf4-92ed-bcfed2922711 of framework 20151216-042749-33554442-5050-15894-0000
I1216 04:31:31.456480 19432 containerizer.cpp:1111] Executor for container 'b20035e9-6b1d-47aa-ad86-65bc08a53b67' has exited
I1216 04:31:31.456667 19432 containerizer.cpp:906] Destroying container 'b20035e9-6b1d-47aa-ad86-65bc08a53b67'
I1216 04:31:31.458165 19435 slave.cpp:3193] Executor 'thermos-1450240260074-www-data-devel-job11-0-8c13501a-271e-4cf4-92ed-bcfed2922711' of framework 20151216-042749-33554442-5050-15894-0000 exited with status 0
I1216 04:31:31.458333 19435 slave.cpp:3302] Cleaning up executor 'thermos-1450240260074-www-data-devel-job11-0-8c13501a-271e-4cf4-92ed-bcfed2922711' of framework 20151216-042749-33554442-5050-15894-0000
I1216 04:31:31.458680 19433 gc.cpp:56] Scheduling '/var/lib/mesos/slave/slaves/20151216-042749-33554442-5050-15894-S1/frameworks/20151216-042749-33554442-5050-15894-0000/executors/thermos-1450240260074-www-data-devel-job11-0-8c13501a-271e-4cf4-92ed-bcfed2922711/runs/b20035e9-6b1d-47aa-ad86-65bc08a53b67' for gc 6.9999946918163days in the future
I1216 04:31:31.458757 19433 gc.cpp:56] Scheduling '/var/lib/mesos/slave/slaves/20151216-042749-33554442-5050-15894-S1/frameworks/20151216-042749-33554442-5050-15894-0000/executors/thermos-1450240260074-www-data-devel-job11-0-8c13501a-271e-4cf4-92ed-bcfed2922711' for gc 6.99999469088889days in the future
I1216 04:31:31.458799 19433 gc.cpp:56] Scheduling '/var/lib/mesos/slave/meta/slaves/20151216-042749-33554442-5050-15894-S1/frameworks/20151216-042749-33554442-5050-15894-0000/executors/thermos-1450240260074-www-data-devel-job11-0-8c13501a-271e-4cf4-92ed-bcfed2922711/runs/b20035e9-6b1d-47aa-ad86-65bc08a53b67' for gc 6.9999946901037days in the future
I1216 04:31:31.458889 19435 slave.cpp:3381] Cleaning up framework 20151216-042749-33554442-5050-15894-0000
I1216 04:31:31.458909 19434 gc.cpp:56] Scheduling '/var/lib/mesos/slave/meta/slaves/20151216-042749-33554442-5050-15894-S1/frameworks/20151216-042749-33554442-5050-15894-0000/executors/thermos-1450240260074-www-data-devel-job11-0-8c13501a-271e-4cf4-92ed-bcfed2922711' for gc 6.99999468925926days in the future
I1216 04:31:31.458972 19430 status_update_manager.cpp:279] Closing status update streams for framework 20151216-042749-33554442-5050-15894-0000
I1216 04:31:31.459080 19432 gc.cpp:56] Scheduling '/var/lib/mesos/slave/slaves/20151216-042749-33554442-5050-15894-S1/frameworks/20151216-042749-33554442-5050-15894-0000' for gc 6.99999468739556days in the future
I1216 04:31:31.459133 19432 gc.cpp:56] Scheduling '/var/lib/mesos/slave/meta/slaves/20151216-042749-33554442-5050-15894-S1/frameworks/20151216-042749-33554442-5050-15894-0000' for gc 6.99999468616889days in the future
I1216 04:31:32.991201 19425 slave.cpp:3534] Framework 20151216-042749-33554442-5050-15894-0000 seems to have exited. Ignoring registration timeout for executor 'thermos-1450240200095-www-data-devel-job7-0-53dbd72f-0246-486b-889f-f447f24f7491'
I1216 04:31:33.493221 19433 slave.cpp:1121] Got assigned task 1450240260094-www-data-devel-job9-0-860c2d8f-eb09-461b-8e6e-55d349fa658a for framework 20151216-042749-33554442-5050-15894-0000
I1216 04:31:33.495990 19433 gc.cpp:84] Unscheduling '/var/lib/mesos/slave/slaves/20151216-042749-33554442-5050-15894-S1/frameworks/20151216-042749-33554442-5050-15894-0000' from gc
I1216 04:31:33.496227 19427 gc.cpp:84] Unscheduling '/var/lib/mesos/slave/meta/slaves/20151216-042749-33554442-5050-15894-S1/frameworks/20151216-042749-33554442-5050-15894-0000' from gc
I1216 04:31:33.496413 19432 slave.cpp:1231] Launching task 1450240260094-www-data-devel-job9-0-860c2d8f-eb09-461b-8e6e-55d349fa658a for framework 20151216-042749-33554442-5050-15894-0000
I1216 04:31:33.499243 19432 slave.cpp:4160] Launching executor thermos-1450240260094-www-data-devel-job9-0-860c2d8f-eb09-461b-8e6e-55d349fa658a of framework 20151216-042749-33554442-5050-15894-0000 in work directory '/var/lib/mesos/slave/slaves/20151216-042749-33554442-5050-15894-S1/frameworks/20151216-042749-33554442-5050-15894-0000/executors/thermos-1450240260094-www-data-devel-job9-0-860c2d8f-eb09-461b-8e6e-55d349fa658a/runs/413230c0-4d04-4ba0-b6b9-770f8e3dd6d4'
I1216 04:31:33.499423 19436 containerizer.cpp:472] Starting container '413230c0-4d04-4ba0-b6b9-770f8e3dd6d4' for executor 'thermos-1450240260094-www-data-devel-job9-0-860c2d8f-eb09-461b-8e6e-55d349fa658a' of framework '20151216-042749-33554442-5050-15894-0000'
I1216 04:31:33.500078 19432 slave.cpp:1378] Queuing task '1450240260094-www-data-devel-job9-0-860c2d8f-eb09-461b-8e6e-55d349fa658a' for executor thermos-1450240260094-www-data-devel-job9-0-860c2d8f-eb09-461b-8e6e-55d349fa658a of framework '20151216-042749-33554442-5050-15894-0000
I1216 04:31:33.500996 19439 launcher.cpp:130] Forked child with pid '20081' for container '413230c0-4d04-4ba0-b6b9-770f8e3dd6d4'
I1216 04:31:33.501355 19439 containerizer.cpp:682] Checkpointing executor's forked pid 20081 to '/var/lib/mesos/slave/meta/slaves/20151216-042749-33554442-5050-15894-S1/frameworks/20151216-042749-33554442-5050-15894-0000/executors/thermos-1450240260094-www-data-devel-job9-0-860c2d8f-eb09-461b-8e6e-55d349fa658a/runs/413230c0-4d04-4ba0-b6b9-770f8e3dd6d4/pids/forked.pid'
I1216 04:31:33.505911 19436 fetcher.cpp:238] Fetching URIs using command '/usr/libexec/mesos/mesos-fetcher'
I1216 04:31:33.667356 19425 slave.cpp:3135] Monitoring executor 'thermos-1450240260094-www-data-devel-job9-0-860c2d8f-eb09-461b-8e6e-55d349fa658a' of framework '20151216-042749-33554442-5050-15894-0000' in container '413230c0-4d04-4ba0-b6b9-770f8e3dd6d4'
I1216 04:31:34.182093 19425 slave.cpp:2141] Got registration for executor 'thermos-1450240260094-www-data-devel-job9-0-860c2d8f-eb09-461b-8e6e-55d349fa658a' of framework 20151216-042749-33554442-5050-15894-0000 from executor(1)@10.0.0.5:60891
I1216 04:31:34.183367 19432 slave.cpp:1532] Sending queued task '1450240260094-www-data-devel-job9-0-860c2d8f-eb09-461b-8e6e-55d349fa658a' to executor 'thermos-1450240260094-www-data-devel-job9-0-860c2d8f-eb09-461b-8e6e-55d349fa658a' of framework 20151216-042749-33554442-5050-15894-0000
I1216 04:31:34.189501 19428 slave.cpp:2508] Handling status update TASK_STARTING (UUID: 8948967f-657e-4dbf-9578-4594f4d37c3d) for task 1450240260094-www-data-devel-job9-0-860c2d8f-eb09-461b-8e6e-55d349fa658a of framework 20151216-042749-33554442-5050-15894-0000 from executor(1)@10.0.0.5:60891
I1216 04:31:34.189641 19424 status_update_manager.cpp:317] Received status update TASK_STARTING (UUID: 8948967f-657e-4dbf-9578-4594f4d37c3d) for task 1450240260094-www-data-devel-job9-0-860c2d8f-eb09-461b-8e6e-55d349fa658a of framework 20151216-042749-33554442-5050-15894-0000
I1216 04:31:34.189965 19424 status_update_manager.hpp:346] Checkpointing UPDATE for status update TASK_STARTING (UUID: 8948967f-657e-4dbf-9578-4594f4d37c3d) for task 1450240260094-www-data-devel-job9-0-860c2d8f-eb09-461b-8e6e-55d349fa658a of framework 20151216-042749-33554442-5050-15894-0000
I1216 04:31:34.193339 19438 slave.cpp:2753] Forwarding the update TASK_STARTING (UUID: 8948967f-657e-4dbf-9578-4594f4d37c3d) for task 1450240260094-www-data-devel-job9-0-860c2d8f-eb09-461b-8e6e-55d349fa658a of framework 20151216-042749-33554442-5050-15894-0000 to master@10.0.0.2:5050
I1216 04:31:34.193542 19438 slave.cpp:2686] Sending acknowledgement for status update TASK_STARTING (UUID: 8948967f-657e-4dbf-9578-4594f4d37c3d) for task 1450240260094-www-data-devel-job9-0-860c2d8f-eb09-461b-8e6e-55d349fa658a of framework 20151216-042749-33554442-5050-15894-0000 to executor(1)@10.0.0.5:60891
I1216 04:31:34.204931 19439 status_update_manager.cpp:389] Received status update acknowledgement (UUID: 8948967f-657e-4dbf-9578-4594f4d37c3d) for task 1450240260094-www-data-devel-job9-0-860c2d8f-eb09-461b-8e6e-55d349fa658a of framework 20151216-042749-33554442-5050-15894-0000
I1216 04:31:34.204994 19439 status_update_manager.hpp:346] Checkpointing ACK for status update TASK_STARTING (UUID: 8948967f-657e-4dbf-9578-4594f4d37c3d) for task 1450240260094-www-data-devel-job9-0-860c2d8f-eb09-461b-8e6e-55d349fa658a of framework 20151216-042749-33554442-5050-15894-0000
I1216 04:31:34.752432 19438 slave.cpp:2508] Handling status update TASK_RUNNING (UUID: 593e3ab9-b070-4b25-8256-a690ad7258ef) for task 1450240260094-www-data-devel-job9-0-860c2d8f-eb09-461b-8e6e-55d349fa658a of framework 20151216-042749-33554442-5050-15894-0000 from executor(1)@10.0.0.5:60891
I1216 04:31:34.752706 19438 status_update_manager.cpp:317] Received status update TASK_RUNNING (UUID: 593e3ab9-b070-4b25-8256-a690ad7258ef) for task 1450240260094-www-data-devel-job9-0-860c2d8f-eb09-461b-8e6e-55d349fa658a of framework 20151216-042749-33554442-5050-15894-0000
I1216 04:31:34.752754 19438 status_update_manager.hpp:346] Checkpointing UPDATE for status update TASK_RUNNING (UUID: 593e3ab9-b070-4b25-8256-a690ad7258ef) for task 1450240260094-www-data-devel-job9-0-860c2d8f-eb09-461b-8e6e-55d349fa658a of framework 20151216-042749-33554442-5050-15894-0000
I1216 04:31:34.755964 19434 slave.cpp:2753] Forwarding the update TASK_RUNNING (UUID: 593e3ab9-b070-4b25-8256-a690ad7258ef) for task 1450240260094-www-data-devel-job9-0-860c2d8f-eb09-461b-8e6e-55d349fa658a of framework 20151216-042749-33554442-5050-15894-0000 to master@10.0.0.2:5050
I1216 04:31:34.756085 19434 slave.cpp:2686] Sending acknowledgement for status update TASK_RUNNING (UUID: 593e3ab9-b070-4b25-8256-a690ad7258ef) for task 1450240260094-www-data-devel-job9-0-860c2d8f-eb09-461b-8e6e-55d349fa658a of framework 20151216-042749-33554442-5050-15894-0000 to executor(1)@10.0.0.5:60891
I1216 04:31:34.765646 19438 status_update_manager.cpp:389] Received status update acknowledgement (UUID: 593e3ab9-b070-4b25-8256-a690ad7258ef) for task 1450240260094-www-data-devel-job9-0-860c2d8f-eb09-461b-8e6e-55d349fa658a of framework 20151216-042749-33554442-5050-15894-0000
I1216 04:31:34.765714 19438 status_update_manager.hpp:346] Checkpointing ACK for status update TASK_RUNNING (UUID: 593e3ab9-b070-4b25-8256-a690ad7258ef) for task 1450240260094-www-data-devel-job9-0-860c2d8f-eb09-461b-8e6e-55d349fa658a of framework 20151216-042749-33554442-5050-15894-0000
I1216 04:31:40.889520 19428 slave.cpp:2508] Handling status update TASK_FINISHED (UUID: 203fbd65-3bf1-4d9c-9442-f448d66c183a) for task 1450240260094-www-data-devel-job9-0-860c2d8f-eb09-461b-8e6e-55d349fa658a of framework 20151216-042749-33554442-5050-15894-0000 from executor(1)@10.0.0.5:60891
I1216 04:31:40.890106 19428 status_update_manager.cpp:317] Received status update TASK_FINISHED (UUID: 203fbd65-3bf1-4d9c-9442-f448d66c183a) for task 1450240260094-www-data-devel-job9-0-860c2d8f-eb09-461b-8e6e-55d349fa658a of framework 20151216-042749-33554442-5050-15894-0000
I1216 04:31:40.890142 19428 status_update_manager.hpp:346] Checkpointing UPDATE for status update TASK_FINISHED (UUID: 203fbd65-3bf1-4d9c-9442-f448d66c183a) for task 1450240260094-www-data-devel-job9-0-860c2d8f-eb09-461b-8e6e-55d349fa658a of framework 20151216-042749-33554442-5050-15894-0000
I1216 04:31:40.893559 19436 slave.cpp:2753] Forwarding the update TASK_FINISHED (UUID: 203fbd65-3bf1-4d9c-9442-f448d66c183a) for task 1450240260094-www-data-devel-job9-0-860c2d8f-eb09-461b-8e6e-55d349fa658a of framework 20151216-042749-33554442-5050-15894-0000 to master@10.0.0.2:5050
I1216 04:31:40.893690 19436 slave.cpp:2686] Sending acknowledgement for status update TASK_FINISHED (UUID: 203fbd65-3bf1-4d9c-9442-f448d66c183a) for task 1450240260094-www-data-devel-job9-0-860c2d8f-eb09-461b-8e6e-55d349fa658a of framework 20151216-042749-33554442-5050-15894-0000 to executor(1)@10.0.0.5:60891
I1216 04:31:40.906195 19431 status_update_manager.cpp:389] Received status update acknowledgement (UUID: 203fbd65-3bf1-4d9c-9442-f448d66c183a) for task 1450240260094-www-data-devel-job9-0-860c2d8f-eb09-461b-8e6e-55d349fa658a of framework 20151216-042749-33554442-5050-15894-0000
I1216 04:31:40.906285 19431 status_update_manager.hpp:346] Checkpointing ACK for status update TASK_FINISHED (UUID: 203fbd65-3bf1-4d9c-9442-f448d66c183a) for task 1450240260094-www-data-devel-job9-0-860c2d8f-eb09-461b-8e6e-55d349fa658a of framework 20151216-042749-33554442-5050-15894-0000
I1216 04:31:45.925061 19427 containerizer.cpp:1111] Executor for container '413230c0-4d04-4ba0-b6b9-770f8e3dd6d4' has exited
I1216 04:31:45.925174 19427 containerizer.cpp:906] Destroying container '413230c0-4d04-4ba0-b6b9-770f8e3dd6d4'
I1216 04:31:45.926769 19431 slave.cpp:3193] Executor 'thermos-1450240260094-www-data-devel-job9-0-860c2d8f-eb09-461b-8e6e-55d349fa658a' of framework 20151216-042749-33554442-5050-15894-0000 exited with status 0
I1216 04:31:45.926921 19431 slave.cpp:3302] Cleaning up executor 'thermos-1450240260094-www-data-devel-job9-0-860c2d8f-eb09-461b-8e6e-55d349fa658a' of framework 20151216-042749-33554442-5050-15894-0000
I1216 04:31:45.927245 19436 gc.cpp:56] Scheduling '/var/lib/mesos/slave/slaves/20151216-042749-33554442-5050-15894-S1/frameworks/20151216-042749-33554442-5050-15894-0000/executors/thermos-1450240260094-www-data-devel-job9-0-860c2d8f-eb09-461b-8e6e-55d349fa658a/runs/413230c0-4d04-4ba0-b6b9-770f8e3dd6d4' for gc 6.99998926878519days in the future
I1216 04:31:45.927310 19436 gc.cpp:56] Scheduling '/var/lib/mesos/slave/slaves/20151216-042749-33554442-5050-15894-S1/frameworks/20151216-042749-33554442-5050-15894-0000/executors/thermos-1450240260094-www-data-devel-job9-0-860c2d8f-eb09-461b-8e6e-55d349fa658a' for gc 6.99998926760296days in the future
I1216 04:31:45.927443 19439 gc.cpp:56] Scheduling '/var/lib/mesos/slave/meta/slaves/20151216-042749-33554442-5050-15894-S1/frameworks/20151216-042749-33554442-5050-15894-0000/executors/thermos-1450240260094-www-data-devel-job9-0-860c2d8f-eb09-461b-8e6e-55d349fa658a/runs/413230c0-4d04-4ba0-b6b9-770f8e3dd6d4' for gc 6.99998926648days in the future
I1216 04:31:45.927474 19431 slave.cpp:3381] Cleaning up framework 20151216-042749-33554442-5050-15894-0000
I1216 04:31:45.927511 19439 gc.cpp:56] Scheduling '/var/lib/mesos/slave/meta/slaves/20151216-042749-33554442-5050-15894-S1/frameworks/20151216-042749-33554442-5050-15894-0000/executors/thermos-1450240260094-www-data-devel-job9-0-860c2d8f-eb09-461b-8e6e-55d349fa658a' for gc 6.99998926545185days in the future
I1216 04:31:45.927602 19438 status_update_manager.cpp:279] Closing status update streams for framework 20151216-042749-33554442-5050-15894-0000
I1216 04:31:45.927700 19425 gc.cpp:56] Scheduling '/var/lib/mesos/slave/slaves/20151216-042749-33554442-5050-15894-S1/frameworks/20151216-042749-33554442-5050-15894-0000' for gc 6.9999892635437days in the future
I1216 04:31:45.927764 19425 gc.cpp:56] Scheduling '/var/lib/mesos/slave/meta/slaves/20151216-042749-33554442-5050-15894-S1/frameworks/20151216-042749-33554442-5050-15894-0000' for gc 6.99998926229333days in the future
I1216 04:31:49.239423 19437 slave.cpp:3618] Current disk usage 39.57%. Max allowed age: 3.530267071633681days
I1216 04:32:00.167639 19437 slave.cpp:3534] Framework 20151216-042749-33554442-5050-15894-0000 seems to have exited. Ignoring registration timeout for executor 'thermos-1450240260022-www-data-devel-job10-0-d4e91e38-a327-4732-8808-6357523b5245'
I1216 04:32:00.187855 19435 slave.cpp:1121] Got assigned task 1450240320019-www-data-devel-job10-0-ac8c9c12-5574-44bd-ac42-423c4c0b448c for framework 20151216-042749-33554442-5050-15894-0000
I1216 04:32:00.189702 19435 gc.cpp:84] Unscheduling '/var/lib/mesos/slave/slaves/20151216-042749-33554442-5050-15894-S1/frameworks/20151216-042749-33554442-5050-15894-0000' from gc
I1216 04:32:00.189824 19438 gc.cpp:84] Unscheduling '/var/lib/mesos/slave/meta/slaves/20151216-042749-33554442-5050-15894-S1/frameworks/20151216-042749-33554442-5050-15894-0000' from gc
I1216 04:32:00.189946 19438 slave.cpp:1231] Launching task 1450240320019-www-data-devel-job10-0-ac8c9c12-5574-44bd-ac42-423c4c0b448c for framework 20151216-042749-33554442-5050-15894-0000
I1216 04:32:00.193145 19438 slave.cpp:4160] Launching executor thermos-1450240320019-www-data-devel-job10-0-ac8c9c12-5574-44bd-ac42-423c4c0b448c of framework 20151216-042749-33554442-5050-15894-0000 in work directory '/var/lib/mesos/slave/slaves/20151216-042749-33554442-5050-15894-S1/frameworks/20151216-042749-33554442-5050-15894-0000/executors/thermos-1450240320019-www-data-devel-job10-0-ac8c9c12-5574-44bd-ac42-423c4c0b448c/runs/43739470-d22f-47d8-95b3-f16d64ff297d'
I1216 04:32:00.193364 19437 containerizer.cpp:472] Starting container '43739470-d22f-47d8-95b3-f16d64ff297d' for executor 'thermos-1450240320019-www-data-devel-job10-0-ac8c9c12-5574-44bd-ac42-423c4c0b448c' of framework '20151216-042749-33554442-5050-15894-0000'
I1216 04:32:00.194602 19437 launcher.cpp:130] Forked child with pid '20139' for container '43739470-d22f-47d8-95b3-f16d64ff297d'
I1216 04:32:00.194764 19438 slave.cpp:1378] Queuing task '1450240320019-www-data-devel-job10-0-ac8c9c12-5574-44bd-ac42-423c4c0b448c' for executor thermos-1450240320019-www-data-devel-job10-0-ac8c9c12-5574-44bd-ac42-423c4c0b448c of framework '20151216-042749-33554442-5050-15894-0000
I1216 04:32:00.194823 19437 containerizer.cpp:682] Checkpointing executor's forked pid 20139 to '/var/lib/mesos/slave/meta/slaves/20151216-042749-33554442-5050-15894-S1/frameworks/20151216-042749-33554442-5050-15894-0000/executors/thermos-1450240320019-www-data-devel-job10-0-ac8c9c12-5574-44bd-ac42-423c4c0b448c/runs/43739470-d22f-47d8-95b3-f16d64ff297d/pids/forked.pid'
I1216 04:32:00.198484 19437 fetcher.cpp:238] Fetching URIs using command '/usr/libexec/mesos/mesos-fetcher'
I1216 04:32:00.286475 19433 slave.cpp:3135] Monitoring executor 'thermos-1450240320019-www-data-devel-job10-0-ac8c9c12-5574-44bd-ac42-423c4c0b448c' of framework '20151216-042749-33554442-5050-15894-0000' in container '43739470-d22f-47d8-95b3-f16d64ff297d'
I1216 04:32:00.807204 19433 slave.cpp:2141] Got registration for executor 'thermos-1450240320019-www-data-devel-job10-0-ac8c9c12-5574-44bd-ac42-423c4c0b448c' of framework 20151216-042749-33554442-5050-15894-0000 from executor(1)@10.0.0.5:45944
I1216 04:32:00.808150 19436 slave.cpp:1532] Sending queued task '1450240320019-www-data-devel-job10-0-ac8c9c12-5574-44bd-ac42-423c4c0b448c' to executor 'thermos-1450240320019-www-data-devel-job10-0-ac8c9c12-5574-44bd-ac42-423c4c0b448c' of framework 20151216-042749-33554442-5050-15894-0000
I1216 04:32:00.813663 19434 slave.cpp:2508] Handling status update TASK_STARTING (UUID: e4152951-482f-4ba3-bc1e-3671dda0d2e5) for task 1450240320019-www-data-devel-job10-0-ac8c9c12-5574-44bd-ac42-423c4c0b448c of framework 20151216-042749-33554442-5050-15894-0000 from executor(1)@10.0.0.5:45944
I1216 04:32:00.813803 19438 status_update_manager.cpp:317] Received status update TASK_STARTING (UUID: e4152951-482f-4ba3-bc1e-3671dda0d2e5) for task 1450240320019-www-data-devel-job10-0-ac8c9c12-5574-44bd-ac42-423c4c0b448c of framework 20151216-042749-33554442-5050-15894-0000
I1216 04:32:00.814126 19438 status_update_manager.hpp:346] Checkpointing UPDATE for status update TASK_STARTING (UUID: e4152951-482f-4ba3-bc1e-3671dda0d2e5) for task 1450240320019-www-data-devel-job10-0-ac8c9c12-5574-44bd-ac42-423c4c0b448c of framework 20151216-042749-33554442-5050-15894-0000
I1216 04:32:00.817428 19434 slave.cpp:2753] Forwarding the update TASK_STARTING (UUID: e4152951-482f-4ba3-bc1e-3671dda0d2e5) for task 1450240320019-www-data-devel-job10-0-ac8c9c12-5574-44bd-ac42-423c4c0b448c of framework 20151216-042749-33554442-5050-15894-0000 to master@10.0.0.2:5050
I1216 04:32:00.817543 19434 slave.cpp:2686] Sending acknowledgement for status update TASK_STARTING (UUID: e4152951-482f-4ba3-bc1e-3671dda0d2e5) for task 1450240320019-www-data-devel-job10-0-ac8c9c12-5574-44bd-ac42-423c4c0b448c of framework 20151216-042749-33554442-5050-15894-0000 to executor(1)@10.0.0.5:45944
