I1216 04:32:00.825439 19438 status_update_manager.cpp:389] Received status update acknowledgement (UUID: e4152951-482f-4ba3-bc1e-3671dda0d2e5) for task 1450240320019-www-data-devel-job10-0-ac8c9c12-5574-44bd-ac42-423c4c0b448c of framework 20151216-042749-33554442-5050-15894-0000
I1216 04:32:00.825500 19438 status_update_manager.hpp:346] Checkpointing ACK for status update TASK_STARTING (UUID: e4152951-482f-4ba3-bc1e-3671dda0d2e5) for task 1450240320019-www-data-devel-job10-0-ac8c9c12-5574-44bd-ac42-423c4c0b448c of framework 20151216-042749-33554442-5050-15894-0000
I1216 04:32:01.376437 19429 slave.cpp:2508] Handling status update TASK_RUNNING (UUID: 0498c542-c0de-43ec-bf1b-683662bd9a55) for task 1450240320019-www-data-devel-job10-0-ac8c9c12-5574-44bd-ac42-423c4c0b448c of framework 20151216-042749-33554442-5050-15894-0000 from executor(1)@10.0.0.5:45944
I1216 04:32:01.376595 19429 status_update_manager.cpp:317] Received status update TASK_RUNNING (UUID: 0498c542-c0de-43ec-bf1b-683662bd9a55) for task 1450240320019-www-data-devel-job10-0-ac8c9c12-5574-44bd-ac42-423c4c0b448c of framework 20151216-042749-33554442-5050-15894-0000
I1216 04:32:01.376651 19429 status_update_manager.hpp:346] Checkpointing UPDATE for status update TASK_RUNNING (UUID: 0498c542-c0de-43ec-bf1b-683662bd9a55) for task 1450240320019-www-data-devel-job10-0-ac8c9c12-5574-44bd-ac42-423c4c0b448c of framework 20151216-042749-33554442-5050-15894-0000
I1216 04:32:01.379709 19438 slave.cpp:2753] Forwarding the update TASK_RUNNING (UUID: 0498c542-c0de-43ec-bf1b-683662bd9a55) for task 1450240320019-www-data-devel-job10-0-ac8c9c12-5574-44bd-ac42-423c4c0b448c of framework 20151216-042749-33554442-5050-15894-0000 to master@10.0.0.2:5050
I1216 04:32:01.379851 19438 slave.cpp:2686] Sending acknowledgement for status update TASK_RUNNING (UUID: 0498c542-c0de-43ec-bf1b-683662bd9a55) for task 1450240320019-www-data-devel-job10-0-ac8c9c12-5574-44bd-ac42-423c4c0b448c of framework 20151216-042749-33554442-5050-15894-0000 to executor(1)@10.0.0.5:45944
I1216 04:32:01.389266 19435 status_update_manager.cpp:389] Received status update acknowledgement (UUID: 0498c542-c0de-43ec-bf1b-683662bd9a55) for task 1450240320019-www-data-devel-job10-0-ac8c9c12-5574-44bd-ac42-423c4c0b448c of framework 20151216-042749-33554442-5050-15894-0000
I1216 04:32:01.389329 19435 status_update_manager.hpp:346] Checkpointing ACK for status update TASK_RUNNING (UUID: 0498c542-c0de-43ec-bf1b-683662bd9a55) for task 1450240320019-www-data-devel-job10-0-ac8c9c12-5574-44bd-ac42-423c4c0b448c of framework 20151216-042749-33554442-5050-15894-0000
I1216 04:32:06.334966 19429 slave.cpp:1121] Got assigned task 1450240320199-www-data-devel-job12-0-3a39cf48-ba0f-4ffd-ac40-a998c1aeaafc for framework 20151216-042749-33554442-5050-15894-0000
I1216 04:32:06.335270 19429 slave.cpp:1231] Launching task 1450240320199-www-data-devel-job12-0-3a39cf48-ba0f-4ffd-ac40-a998c1aeaafc for framework 20151216-042749-33554442-5050-15894-0000
I1216 04:32:06.337360 19429 slave.cpp:4160] Launching executor thermos-1450240320199-www-data-devel-job12-0-3a39cf48-ba0f-4ffd-ac40-a998c1aeaafc of framework 20151216-042749-33554442-5050-15894-0000 in work directory '/var/lib/mesos/slave/slaves/20151216-042749-33554442-5050-15894-S1/frameworks/20151216-042749-33554442-5050-15894-0000/executors/thermos-1450240320199-www-data-devel-job12-0-3a39cf48-ba0f-4ffd-ac40-a998c1aeaafc/runs/3b63ea45-4952-408b-99f4-84c34dff07e0'
I1216 04:32:06.337533 19430 containerizer.cpp:472] Starting container '3b63ea45-4952-408b-99f4-84c34dff07e0' for executor 'thermos-1450240320199-www-data-devel-job12-0-3a39cf48-ba0f-4ffd-ac40-a998c1aeaafc' of framework '20151216-042749-33554442-5050-15894-0000'
I1216 04:32:06.339135 19429 slave.cpp:1378] Queuing task '1450240320199-www-data-devel-job12-0-3a39cf48-ba0f-4ffd-ac40-a998c1aeaafc' for executor thermos-1450240320199-www-data-devel-job12-0-3a39cf48-ba0f-4ffd-ac40-a998c1aeaafc of framework '20151216-042749-33554442-5050-15894-0000
I1216 04:32:06.340123 19430 launcher.cpp:130] Forked child with pid '20192' for container '3b63ea45-4952-408b-99f4-84c34dff07e0'
I1216 04:32:06.340474 19430 containerizer.cpp:682] Checkpointing executor's forked pid 20192 to '/var/lib/mesos/slave/meta/slaves/20151216-042749-33554442-5050-15894-S1/frameworks/20151216-042749-33554442-5050-15894-0000/executors/thermos-1450240320199-www-data-devel-job12-0-3a39cf48-ba0f-4ffd-ac40-a998c1aeaafc/runs/3b63ea45-4952-408b-99f4-84c34dff07e0/pids/forked.pid'
I1216 04:32:06.344526 19435 fetcher.cpp:238] Fetching URIs using command '/usr/libexec/mesos/mesos-fetcher'
I1216 04:32:06.415604 19425 slave.cpp:3135] Monitoring executor 'thermos-1450240320199-www-data-devel-job12-0-3a39cf48-ba0f-4ffd-ac40-a998c1aeaafc' of framework '20151216-042749-33554442-5050-15894-0000' in container '3b63ea45-4952-408b-99f4-84c34dff07e0'
I1216 04:32:06.908041 19436 slave.cpp:2141] Got registration for executor 'thermos-1450240320199-www-data-devel-job12-0-3a39cf48-ba0f-4ffd-ac40-a998c1aeaafc' of framework 20151216-042749-33554442-5050-15894-0000 from executor(1)@10.0.0.5:43935
I1216 04:32:06.909003 19435 slave.cpp:1532] Sending queued task '1450240320199-www-data-devel-job12-0-3a39cf48-ba0f-4ffd-ac40-a998c1aeaafc' to executor 'thermos-1450240320199-www-data-devel-job12-0-3a39cf48-ba0f-4ffd-ac40-a998c1aeaafc' of framework 20151216-042749-33554442-5050-15894-0000
I1216 04:32:06.914645 19428 slave.cpp:2508] Handling status update TASK_STARTING (UUID: 3f229f60-5e9f-4c80-ab16-1c3d1da1956f) for task 1450240320199-www-data-devel-job12-0-3a39cf48-ba0f-4ffd-ac40-a998c1aeaafc of framework 20151216-042749-33554442-5050-15894-0000 from executor(1)@10.0.0.5:43935
I1216 04:32:06.914836 19430 status_update_manager.cpp:317] Received status update TASK_STARTING (UUID: 3f229f60-5e9f-4c80-ab16-1c3d1da1956f) for task 1450240320199-www-data-devel-job12-0-3a39cf48-ba0f-4ffd-ac40-a998c1aeaafc of framework 20151216-042749-33554442-5050-15894-0000
I1216 04:32:06.915207 19430 status_update_manager.hpp:346] Checkpointing UPDATE for status update TASK_STARTING (UUID: 3f229f60-5e9f-4c80-ab16-1c3d1da1956f) for task 1450240320199-www-data-devel-job12-0-3a39cf48-ba0f-4ffd-ac40-a998c1aeaafc of framework 20151216-042749-33554442-5050-15894-0000
I1216 04:32:07.253965 19429 slave.cpp:2753] Forwarding the update TASK_STARTING (UUID: 3f229f60-5e9f-4c80-ab16-1c3d1da1956f) for task 1450240320199-www-data-devel-job12-0-3a39cf48-ba0f-4ffd-ac40-a998c1aeaafc of framework 20151216-042749-33554442-5050-15894-0000 to master@10.0.0.2:5050
I1216 04:32:07.254156 19429 slave.cpp:2686] Sending acknowledgement for status update TASK_STARTING (UUID: 3f229f60-5e9f-4c80-ab16-1c3d1da1956f) for task 1450240320199-www-data-devel-job12-0-3a39cf48-ba0f-4ffd-ac40-a998c1aeaafc of framework 20151216-042749-33554442-5050-15894-0000 to executor(1)@10.0.0.5:43935
I1216 04:32:07.262691 19430 status_update_manager.cpp:389] Received status update acknowledgement (UUID: 3f229f60-5e9f-4c80-ab16-1c3d1da1956f) for task 1450240320199-www-data-devel-job12-0-3a39cf48-ba0f-4ffd-ac40-a998c1aeaafc of framework 20151216-042749-33554442-5050-15894-0000
I1216 04:32:07.262769 19430 status_update_manager.hpp:346] Checkpointing ACK for status update TASK_STARTING (UUID: 3f229f60-5e9f-4c80-ab16-1c3d1da1956f) for task 1450240320199-www-data-devel-job12-0-3a39cf48-ba0f-4ffd-ac40-a998c1aeaafc of framework 20151216-042749-33554442-5050-15894-0000
I1216 04:32:07.477164 19425 slave.cpp:2508] Handling status update TASK_RUNNING (UUID: e91932c3-09d1-420e-bcde-43d1b5a94b84) for task 1450240320199-www-data-devel-job12-0-3a39cf48-ba0f-4ffd-ac40-a998c1aeaafc of framework 20151216-042749-33554442-5050-15894-0000 from executor(1)@10.0.0.5:43935
I1216 04:32:07.477300 19425 status_update_manager.cpp:317] Received status update TASK_RUNNING (UUID: e91932c3-09d1-420e-bcde-43d1b5a94b84) for task 1450240320199-www-data-devel-job12-0-3a39cf48-ba0f-4ffd-ac40-a998c1aeaafc of framework 20151216-042749-33554442-5050-15894-0000
I1216 04:32:07.477344 19425 status_update_manager.hpp:346] Checkpointing UPDATE for status update TASK_RUNNING (UUID: e91932c3-09d1-420e-bcde-43d1b5a94b84) for task 1450240320199-www-data-devel-job12-0-3a39cf48-ba0f-4ffd-ac40-a998c1aeaafc of framework 20151216-042749-33554442-5050-15894-0000
I1216 04:32:07.480418 19431 slave.cpp:2753] Forwarding the update TASK_RUNNING (UUID: e91932c3-09d1-420e-bcde-43d1b5a94b84) for task 1450240320199-www-data-devel-job12-0-3a39cf48-ba0f-4ffd-ac40-a998c1aeaafc of framework 20151216-042749-33554442-5050-15894-0000 to master@10.0.0.2:5050
I1216 04:32:07.480531 19431 slave.cpp:2686] Sending acknowledgement for status update TASK_RUNNING (UUID: e91932c3-09d1-420e-bcde-43d1b5a94b84) for task 1450240320199-www-data-devel-job12-0-3a39cf48-ba0f-4ffd-ac40-a998c1aeaafc of framework 20151216-042749-33554442-5050-15894-0000 to executor(1)@10.0.0.5:43935
I1216 04:32:07.489506 19425 status_update_manager.cpp:389] Received status update acknowledgement (UUID: e91932c3-09d1-420e-bcde-43d1b5a94b84) for task 1450240320199-www-data-devel-job12-0-3a39cf48-ba0f-4ffd-ac40-a998c1aeaafc of framework 20151216-042749-33554442-5050-15894-0000
I1216 04:32:07.489539 19425 status_update_manager.hpp:346] Checkpointing ACK for status update TASK_RUNNING (UUID: e91932c3-09d1-420e-bcde-43d1b5a94b84) for task 1450240320199-www-data-devel-job12-0-3a39cf48-ba0f-4ffd-ac40-a998c1aeaafc of framework 20151216-042749-33554442-5050-15894-0000
I1216 04:32:09.516952 19431 slave.cpp:2508] Handling status update TASK_FINISHED (UUID: 3bcab31e-bd4f-4f07-b040-a49c8dacb818) for task 1450240320019-www-data-devel-job10-0-ac8c9c12-5574-44bd-ac42-423c4c0b448c of framework 20151216-042749-33554442-5050-15894-0000 from executor(1)@10.0.0.5:45944
I1216 04:32:09.517537 19430 status_update_manager.cpp:317] Received status update TASK_FINISHED (UUID: 3bcab31e-bd4f-4f07-b040-a49c8dacb818) for task 1450240320019-www-data-devel-job10-0-ac8c9c12-5574-44bd-ac42-423c4c0b448c of framework 20151216-042749-33554442-5050-15894-0000
I1216 04:32:09.517575 19430 status_update_manager.hpp:346] Checkpointing UPDATE for status update TASK_FINISHED (UUID: 3bcab31e-bd4f-4f07-b040-a49c8dacb818) for task 1450240320019-www-data-devel-job10-0-ac8c9c12-5574-44bd-ac42-423c4c0b448c of framework 20151216-042749-33554442-5050-15894-0000
I1216 04:32:09.520663 19425 slave.cpp:2753] Forwarding the update TASK_FINISHED (UUID: 3bcab31e-bd4f-4f07-b040-a49c8dacb818) for task 1450240320019-www-data-devel-job10-0-ac8c9c12-5574-44bd-ac42-423c4c0b448c of framework 20151216-042749-33554442-5050-15894-0000 to master@10.0.0.2:5050
I1216 04:32:09.520830 19425 slave.cpp:2686] Sending acknowledgement for status update TASK_FINISHED (UUID: 3bcab31e-bd4f-4f07-b040-a49c8dacb818) for task 1450240320019-www-data-devel-job10-0-ac8c9c12-5574-44bd-ac42-423c4c0b448c of framework 20151216-042749-33554442-5050-15894-0000 to executor(1)@10.0.0.5:45944
I1216 04:32:09.528882 19432 status_update_manager.cpp:389] Received status update acknowledgement (UUID: 3bcab31e-bd4f-4f07-b040-a49c8dacb818) for task 1450240320019-www-data-devel-job10-0-ac8c9c12-5574-44bd-ac42-423c4c0b448c of framework 20151216-042749-33554442-5050-15894-0000
I1216 04:32:09.528941 19432 status_update_manager.hpp:346] Checkpointing ACK for status update TASK_FINISHED (UUID: 3bcab31e-bd4f-4f07-b040-a49c8dacb818) for task 1450240320019-www-data-devel-job10-0-ac8c9c12-5574-44bd-ac42-423c4c0b448c of framework 20151216-042749-33554442-5050-15894-0000
I1216 04:32:14.554517 19436 containerizer.cpp:1111] Executor for container '43739470-d22f-47d8-95b3-f16d64ff297d' has exited
I1216 04:32:14.554569 19436 containerizer.cpp:906] Destroying container '43739470-d22f-47d8-95b3-f16d64ff297d'
I1216 04:32:14.556282 19429 slave.cpp:3193] Executor 'thermos-1450240320019-www-data-devel-job10-0-ac8c9c12-5574-44bd-ac42-423c4c0b448c' of framework 20151216-042749-33554442-5050-15894-0000 exited with status 0
I1216 04:32:14.556427 19429 slave.cpp:3302] Cleaning up executor 'thermos-1450240320019-www-data-devel-job10-0-ac8c9c12-5574-44bd-ac42-423c4c0b448c' of framework 20151216-042749-33554442-5050-15894-0000
I1216 04:32:14.556799 19427 gc.cpp:56] Scheduling '/var/lib/mesos/slave/slaves/20151216-042749-33554442-5050-15894-S1/frameworks/20151216-042749-33554442-5050-15894-0000/executors/thermos-1450240320019-www-data-devel-job10-0-ac8c9c12-5574-44bd-ac42-423c4c0b448c/runs/43739470-d22f-47d8-95b3-f16d64ff297d' for gc 6.99999355630815days in the future
I1216 04:32:14.556851 19427 gc.cpp:56] Scheduling '/var/lib/mesos/slave/slaves/20151216-042749-33554442-5050-15894-S1/frameworks/20151216-042749-33554442-5050-15894-0000/executors/thermos-1450240320019-www-data-devel-job10-0-ac8c9c12-5574-44bd-ac42-423c4c0b448c' for gc 6.99999355517333days in the future
I1216 04:32:14.556952 19438 gc.cpp:56] Scheduling '/var/lib/mesos/slave/meta/slaves/20151216-042749-33554442-5050-15894-S1/frameworks/20151216-042749-33554442-5050-15894-0000/executors/thermos-1450240320019-www-data-devel-job10-0-ac8c9c12-5574-44bd-ac42-423c4c0b448c/runs/43739470-d22f-47d8-95b3-f16d64ff297d' for gc 6.99999355442074days in the future
I1216 04:32:14.557020 19438 gc.cpp:56] Scheduling '/var/lib/mesos/slave/meta/slaves/20151216-042749-33554442-5050-15894-S1/frameworks/20151216-042749-33554442-5050-15894-0000/executors/thermos-1450240320019-www-data-devel-job10-0-ac8c9c12-5574-44bd-ac42-423c4c0b448c' for gc 6.99999355356444days in the future
I1216 04:32:16.623988 19425 slave.cpp:2508] Handling status update TASK_FINISHED (UUID: 2b577f13-8b80-4edc-b0f8-5b4b3d1a8273) for task 1450240320199-www-data-devel-job12-0-3a39cf48-ba0f-4ffd-ac40-a998c1aeaafc of framework 20151216-042749-33554442-5050-15894-0000 from executor(1)@10.0.0.5:43935
I1216 04:32:16.624825 19424 status_update_manager.cpp:317] Received status update TASK_FINISHED (UUID: 2b577f13-8b80-4edc-b0f8-5b4b3d1a8273) for task 1450240320199-www-data-devel-job12-0-3a39cf48-ba0f-4ffd-ac40-a998c1aeaafc of framework 20151216-042749-33554442-5050-15894-0000
I1216 04:32:16.624903 19424 status_update_manager.hpp:346] Checkpointing UPDATE for status update TASK_FINISHED (UUID: 2b577f13-8b80-4edc-b0f8-5b4b3d1a8273) for task 1450240320199-www-data-devel-job12-0-3a39cf48-ba0f-4ffd-ac40-a998c1aeaafc of framework 20151216-042749-33554442-5050-15894-0000
I1216 04:32:16.630599 19436 slave.cpp:2753] Forwarding the update TASK_FINISHED (UUID: 2b577f13-8b80-4edc-b0f8-5b4b3d1a8273) for task 1450240320199-www-data-devel-job12-0-3a39cf48-ba0f-4ffd-ac40-a998c1aeaafc of framework 20151216-042749-33554442-5050-15894-0000 to master@10.0.0.2:5050
I1216 04:32:16.630761 19436 slave.cpp:2686] Sending acknowledgement for status update TASK_FINISHED (UUID: 2b577f13-8b80-4edc-b0f8-5b4b3d1a8273) for task 1450240320199-www-data-devel-job12-0-3a39cf48-ba0f-4ffd-ac40-a998c1aeaafc of framework 20151216-042749-33554442-5050-15894-0000 to executor(1)@10.0.0.5:43935
I1216 04:32:16.642586 19433 status_update_manager.cpp:389] Received status update acknowledgement (UUID: 2b577f13-8b80-4edc-b0f8-5b4b3d1a8273) for task 1450240320199-www-data-devel-job12-0-3a39cf48-ba0f-4ffd-ac40-a998c1aeaafc of framework 20151216-042749-33554442-5050-15894-0000
I1216 04:32:16.642674 19433 status_update_manager.hpp:346] Checkpointing ACK for status update TASK_FINISHED (UUID: 2b577f13-8b80-4edc-b0f8-5b4b3d1a8273) for task 1450240320199-www-data-devel-job12-0-3a39cf48-ba0f-4ffd-ac40-a998c1aeaafc of framework 20151216-042749-33554442-5050-15894-0000
I1216 04:32:17.273934 19424 slave.cpp:1121] Got assigned task 1450240320032-www-data-devel-job1-0-659a190e-d6a0-4a6a-a0f1-49051589674e for framework 20151216-042749-33554442-5050-15894-0000
I1216 04:32:17.275207 19424 slave.cpp:1231] Launching task 1450240320032-www-data-devel-job1-0-659a190e-d6a0-4a6a-a0f1-49051589674e for framework 20151216-042749-33554442-5050-15894-0000
I1216 04:32:17.279291 19424 slave.cpp:4160] Launching executor thermos-1450240320032-www-data-devel-job1-0-659a190e-d6a0-4a6a-a0f1-49051589674e of framework 20151216-042749-33554442-5050-15894-0000 in work directory '/var/lib/mesos/slave/slaves/20151216-042749-33554442-5050-15894-S1/frameworks/20151216-042749-33554442-5050-15894-0000/executors/thermos-1450240320032-www-data-devel-job1-0-659a190e-d6a0-4a6a-a0f1-49051589674e/runs/5fbb0896-c482-433c-91df-d1475ef07db9'
I1216 04:32:17.279458 19437 containerizer.cpp:472] Starting container '5fbb0896-c482-433c-91df-d1475ef07db9' for executor 'thermos-1450240320032-www-data-devel-job1-0-659a190e-d6a0-4a6a-a0f1-49051589674e' of framework '20151216-042749-33554442-5050-15894-0000'
I1216 04:32:17.280248 19424 slave.cpp:1378] Queuing task '1450240320032-www-data-devel-job1-0-659a190e-d6a0-4a6a-a0f1-49051589674e' for executor thermos-1450240320032-www-data-devel-job1-0-659a190e-d6a0-4a6a-a0f1-49051589674e of framework '20151216-042749-33554442-5050-15894-0000
I1216 04:32:17.281616 19436 launcher.cpp:130] Forked child with pid '20253' for container '5fbb0896-c482-433c-91df-d1475ef07db9'
I1216 04:32:17.281893 19436 containerizer.cpp:682] Checkpointing executor's forked pid 20253 to '/var/lib/mesos/slave/meta/slaves/20151216-042749-33554442-5050-15894-S1/frameworks/20151216-042749-33554442-5050-15894-0000/executors/thermos-1450240320032-www-data-devel-job1-0-659a190e-d6a0-4a6a-a0f1-49051589674e/runs/5fbb0896-c482-433c-91df-d1475ef07db9/pids/forked.pid'
I1216 04:32:17.286830 19430 fetcher.cpp:238] Fetching URIs using command '/usr/libexec/mesos/mesos-fetcher'
I1216 04:32:17.368597 19430 slave.cpp:3135] Monitoring executor 'thermos-1450240320032-www-data-devel-job1-0-659a190e-d6a0-4a6a-a0f1-49051589674e' of framework '20151216-042749-33554442-5050-15894-0000' in container '5fbb0896-c482-433c-91df-d1475ef07db9'
I1216 04:32:17.867789 19426 slave.cpp:2141] Got registration for executor 'thermos-1450240320032-www-data-devel-job1-0-659a190e-d6a0-4a6a-a0f1-49051589674e' of framework 20151216-042749-33554442-5050-15894-0000 from executor(1)@10.0.0.5:35323
I1216 04:32:17.868844 19424 slave.cpp:1532] Sending queued task '1450240320032-www-data-devel-job1-0-659a190e-d6a0-4a6a-a0f1-49051589674e' to executor 'thermos-1450240320032-www-data-devel-job1-0-659a190e-d6a0-4a6a-a0f1-49051589674e' of framework 20151216-042749-33554442-5050-15894-0000
I1216 04:32:17.874310 19435 slave.cpp:2508] Handling status update TASK_STARTING (UUID: fe93b1da-075d-47f3-b496-2cdad2e3165a) for task 1450240320032-www-data-devel-job1-0-659a190e-d6a0-4a6a-a0f1-49051589674e of framework 20151216-042749-33554442-5050-15894-0000 from executor(1)@10.0.0.5:35323
I1216 04:32:17.874490 19434 status_update_manager.cpp:317] Received status update TASK_STARTING (UUID: fe93b1da-075d-47f3-b496-2cdad2e3165a) for task 1450240320032-www-data-devel-job1-0-659a190e-d6a0-4a6a-a0f1-49051589674e of framework 20151216-042749-33554442-5050-15894-0000
I1216 04:32:17.874824 19434 status_update_manager.hpp:346] Checkpointing UPDATE for status update TASK_STARTING (UUID: fe93b1da-075d-47f3-b496-2cdad2e3165a) for task 1450240320032-www-data-devel-job1-0-659a190e-d6a0-4a6a-a0f1-49051589674e of framework 20151216-042749-33554442-5050-15894-0000
I1216 04:32:17.878653 19426 slave.cpp:2753] Forwarding the update TASK_STARTING (UUID: fe93b1da-075d-47f3-b496-2cdad2e3165a) for task 1450240320032-www-data-devel-job1-0-659a190e-d6a0-4a6a-a0f1-49051589674e of framework 20151216-042749-33554442-5050-15894-0000 to master@10.0.0.2:5050
I1216 04:32:17.878765 19426 slave.cpp:2686] Sending acknowledgement for status update TASK_STARTING (UUID: fe93b1da-075d-47f3-b496-2cdad2e3165a) for task 1450240320032-www-data-devel-job1-0-659a190e-d6a0-4a6a-a0f1-49051589674e of framework 20151216-042749-33554442-5050-15894-0000 to executor(1)@10.0.0.5:35323
I1216 04:32:17.887770 19435 status_update_manager.cpp:389] Received status update acknowledgement (UUID: fe93b1da-075d-47f3-b496-2cdad2e3165a) for task 1450240320032-www-data-devel-job1-0-659a190e-d6a0-4a6a-a0f1-49051589674e of framework 20151216-042749-33554442-5050-15894-0000
I1216 04:32:17.887851 19435 status_update_manager.hpp:346] Checkpointing ACK for status update TASK_STARTING (UUID: fe93b1da-075d-47f3-b496-2cdad2e3165a) for task 1450240320032-www-data-devel-job1-0-659a190e-d6a0-4a6a-a0f1-49051589674e of framework 20151216-042749-33554442-5050-15894-0000
I1216 04:32:18.437605 19435 slave.cpp:2508] Handling status update TASK_RUNNING (UUID: 4cec76a1-be80-4237-a065-0d3f32f78fc7) for task 1450240320032-www-data-devel-job1-0-659a190e-d6a0-4a6a-a0f1-49051589674e of framework 20151216-042749-33554442-5050-15894-0000 from executor(1)@10.0.0.5:35323
I1216 04:32:18.437785 19432 status_update_manager.cpp:317] Received status update TASK_RUNNING (UUID: 4cec76a1-be80-4237-a065-0d3f32f78fc7) for task 1450240320032-www-data-devel-job1-0-659a190e-d6a0-4a6a-a0f1-49051589674e of framework 20151216-042749-33554442-5050-15894-0000
I1216 04:32:18.437835 19432 status_update_manager.hpp:346] Checkpointing UPDATE for status update TASK_RUNNING (UUID: 4cec76a1-be80-4237-a065-0d3f32f78fc7) for task 1450240320032-www-data-devel-job1-0-659a190e-d6a0-4a6a-a0f1-49051589674e of framework 20151216-042749-33554442-5050-15894-0000
I1216 04:32:18.440991 19439 slave.cpp:2753] Forwarding the update TASK_RUNNING (UUID: 4cec76a1-be80-4237-a065-0d3f32f78fc7) for task 1450240320032-www-data-devel-job1-0-659a190e-d6a0-4a6a-a0f1-49051589674e of framework 20151216-042749-33554442-5050-15894-0000 to master@10.0.0.2:5050
I1216 04:32:18.441104 19439 slave.cpp:2686] Sending acknowledgement for status update TASK_RUNNING (UUID: 4cec76a1-be80-4237-a065-0d3f32f78fc7) for task 1450240320032-www-data-devel-job1-0-659a190e-d6a0-4a6a-a0f1-49051589674e of framework 20151216-042749-33554442-5050-15894-0000 to executor(1)@10.0.0.5:35323
I1216 04:32:18.450620 19430 status_update_manager.cpp:389] Received status update acknowledgement (UUID: 4cec76a1-be80-4237-a065-0d3f32f78fc7) for task 1450240320032-www-data-devel-job1-0-659a190e-d6a0-4a6a-a0f1-49051589674e of framework 20151216-042749-33554442-5050-15894-0000
I1216 04:32:18.450695 19430 status_update_manager.hpp:346] Checkpointing ACK for status update TASK_RUNNING (UUID: 4cec76a1-be80-4237-a065-0d3f32f78fc7) for task 1450240320032-www-data-devel-job1-0-659a190e-d6a0-4a6a-a0f1-49051589674e of framework 20151216-042749-33554442-5050-15894-0000
I1216 04:32:21.688483 19439 containerizer.cpp:1111] Executor for container '3b63ea45-4952-408b-99f4-84c34dff07e0' has exited
I1216 04:32:21.688556 19439 containerizer.cpp:906] Destroying container '3b63ea45-4952-408b-99f4-84c34dff07e0'
I1216 04:32:21.690645 19425 slave.cpp:3193] Executor 'thermos-1450240320199-www-data-devel-job12-0-3a39cf48-ba0f-4ffd-ac40-a998c1aeaafc' of framework 20151216-042749-33554442-5050-15894-0000 exited with status 0
I1216 04:32:21.690830 19425 slave.cpp:3302] Cleaning up executor 'thermos-1450240320199-www-data-devel-job12-0-3a39cf48-ba0f-4ffd-ac40-a998c1aeaafc' of framework 20151216-042749-33554442-5050-15894-0000
I1216 04:32:21.691174 19430 gc.cpp:56] Scheduling '/var/lib/mesos/slave/slaves/20151216-042749-33554442-5050-15894-S1/frameworks/20151216-042749-33554442-5050-15894-0000/executors/thermos-1450240320199-www-data-devel-job12-0-3a39cf48-ba0f-4ffd-ac40-a998c1aeaafc/runs/3b63ea45-4952-408b-99f4-84c34dff07e0' for gc 6.9999920010637days in the future
I1216 04:32:21.691287 19430 gc.cpp:56] Scheduling '/var/lib/mesos/slave/slaves/20151216-042749-33554442-5050-15894-S1/frameworks/20151216-042749-33554442-5050-15894-0000/executors/thermos-1450240320199-www-data-devel-job12-0-3a39cf48-ba0f-4ffd-ac40-a998c1aeaafc' for gc 6.99999200002074days in the future
I1216 04:32:21.691334 19430 gc.cpp:56] Scheduling '/var/lib/mesos/slave/meta/slaves/20151216-042749-33554442-5050-15894-S1/frameworks/20151216-042749-33554442-5050-15894-0000/executors/thermos-1450240320199-www-data-devel-job12-0-3a39cf48-ba0f-4ffd-ac40-a998c1aeaafc/runs/3b63ea45-4952-408b-99f4-84c34dff07e0' for gc 6.99999199947852days in the future
I1216 04:32:21.691366 19430 gc.cpp:56] Scheduling '/var/lib/mesos/slave/meta/slaves/20151216-042749-33554442-5050-15894-S1/frameworks/20151216-042749-33554442-5050-15894-0000/executors/thermos-1450240320199-www-data-devel-job12-0-3a39cf48-ba0f-4ffd-ac40-a998c1aeaafc' for gc 6.99999199878518days in the future
I1216 04:32:23.575134 19426 slave.cpp:2508] Handling status update TASK_FINISHED (UUID: 51820b99-e105-4383-8f82-47b94be6815f) for task 1450240320032-www-data-devel-job1-0-659a190e-d6a0-4a6a-a0f1-49051589674e of framework 20151216-042749-33554442-5050-15894-0000 from executor(1)@10.0.0.5:35323
I1216 04:32:23.575752 19436 status_update_manager.cpp:317] Received status update TASK_FINISHED (UUID: 51820b99-e105-4383-8f82-47b94be6815f) for task 1450240320032-www-data-devel-job1-0-659a190e-d6a0-4a6a-a0f1-49051589674e of framework 20151216-042749-33554442-5050-15894-0000
I1216 04:32:23.575798 19436 status_update_manager.hpp:346] Checkpointing UPDATE for status update TASK_FINISHED (UUID: 51820b99-e105-4383-8f82-47b94be6815f) for task 1450240320032-www-data-devel-job1-0-659a190e-d6a0-4a6a-a0f1-49051589674e of framework 20151216-042749-33554442-5050-15894-0000
I1216 04:32:23.579411 19431 slave.cpp:2753] Forwarding the update TASK_FINISHED (UUID: 51820b99-e105-4383-8f82-47b94be6815f) for task 1450240320032-www-data-devel-job1-0-659a190e-d6a0-4a6a-a0f1-49051589674e of framework 20151216-042749-33554442-5050-15894-0000 to master@10.0.0.2:5050
I1216 04:32:23.579535 19431 slave.cpp:2686] Sending acknowledgement for status update TASK_FINISHED (UUID: 51820b99-e105-4383-8f82-47b94be6815f) for task 1450240320032-www-data-devel-job1-0-659a190e-d6a0-4a6a-a0f1-49051589674e of framework 20151216-042749-33554442-5050-15894-0000 to executor(1)@10.0.0.5:35323
I1216 04:32:23.592643 19436 status_update_manager.cpp:389] Received status update acknowledgement (UUID: 51820b99-e105-4383-8f82-47b94be6815f) for task 1450240320032-www-data-devel-job1-0-659a190e-d6a0-4a6a-a0f1-49051589674e of framework 20151216-042749-33554442-5050-15894-0000
I1216 04:32:23.592685 19436 status_update_manager.hpp:346] Checkpointing ACK for status update TASK_FINISHED (UUID: 51820b99-e105-4383-8f82-47b94be6815f) for task 1450240320032-www-data-devel-job1-0-659a190e-d6a0-4a6a-a0f1-49051589674e of framework 20151216-042749-33554442-5050-15894-0000
I1216 04:32:28.622769 19437 containerizer.cpp:1111] Executor for container '5fbb0896-c482-433c-91df-d1475ef07db9' has exited
I1216 04:32:28.622886 19437 containerizer.cpp:906] Destroying container '5fbb0896-c482-433c-91df-d1475ef07db9'
I1216 04:32:28.624347 19428 slave.cpp:3193] Executor 'thermos-1450240320032-www-data-devel-job1-0-659a190e-d6a0-4a6a-a0f1-49051589674e' of framework 20151216-042749-33554442-5050-15894-0000 exited with status 0
I1216 04:32:28.624555 19428 slave.cpp:3302] Cleaning up executor 'thermos-1450240320032-www-data-devel-job1-0-659a190e-d6a0-4a6a-a0f1-49051589674e' of framework 20151216-042749-33554442-5050-15894-0000
I1216 04:32:28.624914 19427 gc.cpp:56] Scheduling '/var/lib/mesos/slave/slaves/20151216-042749-33554442-5050-15894-S1/frameworks/20151216-042749-33554442-5050-15894-0000/executors/thermos-1450240320032-www-data-devel-job1-0-659a190e-d6a0-4a6a-a0f1-49051589674e/runs/5fbb0896-c482-433c-91df-d1475ef07db9' for gc 6.99999276796444days in the future
I1216 04:32:28.625018 19427 gc.cpp:56] Scheduling '/var/lib/mesos/slave/slaves/20151216-042749-33554442-5050-15894-S1/frameworks/20151216-042749-33554442-5050-15894-0000/executors/thermos-1450240320032-www-data-devel-job1-0-659a190e-d6a0-4a6a-a0f1-49051589674e' for gc 6.99999276690963days in the future
I1216 04:32:28.625097 19427 gc.cpp:56] Scheduling '/var/lib/mesos/slave/meta/slaves/20151216-042749-33554442-5050-15894-S1/frameworks/20151216-042749-33554442-5050-15894-0000/executors/thermos-1450240320032-www-data-devel-job1-0-659a190e-d6a0-4a6a-a0f1-49051589674e/runs/5fbb0896-c482-433c-91df-d1475ef07db9' for gc 6.99999276606519days in the future
I1216 04:32:28.625113 19428 slave.cpp:3381] Cleaning up framework 20151216-042749-33554442-5050-15894-0000
I1216 04:32:28.625151 19427 gc.cpp:56] Scheduling '/var/lib/mesos/slave/meta/slaves/20151216-042749-33554442-5050-15894-S1/frameworks/20151216-042749-33554442-5050-15894-0000/executors/thermos-1450240320032-www-data-devel-job1-0-659a190e-d6a0-4a6a-a0f1-49051589674e' for gc 6.99999276506963days in the future
I1216 04:32:28.625218 19427 status_update_manager.cpp:279] Closing status update streams for framework 20151216-042749-33554442-5050-15894-0000
I1216 04:32:28.625303 19433 gc.cpp:56] Scheduling '/var/lib/mesos/slave/slaves/20151216-042749-33554442-5050-15894-S1/frameworks/20151216-042749-33554442-5050-15894-0000' for gc 6.99999276326519days in the future
I1216 04:32:28.625363 19433 gc.cpp:56] Scheduling '/var/lib/mesos/slave/meta/slaves/20151216-042749-33554442-5050-15894-S1/frameworks/20151216-042749-33554442-5050-15894-0000' for gc 6.99999276246518days in the future
I1216 04:32:33.500461 19432 slave.cpp:3534] Framework 20151216-042749-33554442-5050-15894-0000 seems to have exited. Ignoring registration timeout for executor 'thermos-1450240260094-www-data-devel-job9-0-860c2d8f-eb09-461b-8e6e-55d349fa658a'
I1216 04:32:33.675444 19439 slave.cpp:1121] Got assigned task 1450240320047-www-data-devel-job3-0-d803b2e1-3a13-4004-b9c1-a957115bfb60 for framework 20151216-042749-33554442-5050-15894-0000
I1216 04:32:33.677413 19439 gc.cpp:84] Unscheduling '/var/lib/mesos/slave/slaves/20151216-042749-33554442-5050-15894-S1/frameworks/20151216-042749-33554442-5050-15894-0000' from gc
I1216 04:32:33.677573 19431 gc.cpp:84] Unscheduling '/var/lib/mesos/slave/meta/slaves/20151216-042749-33554442-5050-15894-S1/frameworks/20151216-042749-33554442-5050-15894-0000' from gc
I1216 04:32:33.677678 19431 slave.cpp:1231] Launching task 1450240320047-www-data-devel-job3-0-d803b2e1-3a13-4004-b9c1-a957115bfb60 for framework 20151216-042749-33554442-5050-15894-0000
I1216 04:32:33.679504 19431 slave.cpp:4160] Launching executor thermos-1450240320047-www-data-devel-job3-0-d803b2e1-3a13-4004-b9c1-a957115bfb60 of framework 20151216-042749-33554442-5050-15894-0000 in work directory '/var/lib/mesos/slave/slaves/20151216-042749-33554442-5050-15894-S1/frameworks/20151216-042749-33554442-5050-15894-0000/executors/thermos-1450240320047-www-data-devel-job3-0-d803b2e1-3a13-4004-b9c1-a957115bfb60/runs/952aded6-cc22-4f3d-8c8a-31a2293c5a43'
I1216 04:32:33.681278 19432 containerizer.cpp:472] Starting container '952aded6-cc22-4f3d-8c8a-31a2293c5a43' for executor 'thermos-1450240320047-www-data-devel-job3-0-d803b2e1-3a13-4004-b9c1-a957115bfb60' of framework '20151216-042749-33554442-5050-15894-0000'
I1216 04:32:33.682430 19425 launcher.cpp:130] Forked child with pid '20310' for container '952aded6-cc22-4f3d-8c8a-31a2293c5a43'
I1216 04:32:33.682611 19431 slave.cpp:1378] Queuing task '1450240320047-www-data-devel-job3-0-d803b2e1-3a13-4004-b9c1-a957115bfb60' for executor thermos-1450240320047-www-data-devel-job3-0-d803b2e1-3a13-4004-b9c1-a957115bfb60 of framework '20151216-042749-33554442-5050-15894-0000
I1216 04:32:33.682644 19425 containerizer.cpp:682] Checkpointing executor's forked pid 20310 to '/var/lib/mesos/slave/meta/slaves/20151216-042749-33554442-5050-15894-S1/frameworks/20151216-042749-33554442-5050-15894-0000/executors/thermos-1450240320047-www-data-devel-job3-0-d803b2e1-3a13-4004-b9c1-a957115bfb60/runs/952aded6-cc22-4f3d-8c8a-31a2293c5a43/pids/forked.pid'
I1216 04:32:33.690280 19427 fetcher.cpp:238] Fetching URIs using command '/usr/libexec/mesos/mesos-fetcher'
I1216 04:32:33.845471 19432 slave.cpp:3135] Monitoring executor 'thermos-1450240320047-www-data-devel-job3-0-d803b2e1-3a13-4004-b9c1-a957115bfb60' of framework '20151216-042749-33554442-5050-15894-0000' in container '952aded6-cc22-4f3d-8c8a-31a2293c5a43'
I1216 04:32:34.335377 19430 slave.cpp:2141] Got registration for executor 'thermos-1450240320047-www-data-devel-job3-0-d803b2e1-3a13-4004-b9c1-a957115bfb60' of framework 20151216-042749-33554442-5050-15894-0000 from executor(1)@10.0.0.5:43641
I1216 04:32:34.336266 19429 slave.cpp:1532] Sending queued task '1450240320047-www-data-devel-job3-0-d803b2e1-3a13-4004-b9c1-a957115bfb60' to executor 'thermos-1450240320047-www-data-devel-job3-0-d803b2e1-3a13-4004-b9c1-a957115bfb60' of framework 20151216-042749-33554442-5050-15894-0000
I1216 04:32:34.344552 19425 slave.cpp:2508] Handling status update TASK_STARTING (UUID: 113ed378-65a3-4876-9d59-e3bde0be5c94) for task 1450240320047-www-data-devel-job3-0-d803b2e1-3a13-4004-b9c1-a957115bfb60 of framework 20151216-042749-33554442-5050-15894-0000 from executor(1)@10.0.0.5:43641
I1216 04:32:34.344692 19433 status_update_manager.cpp:317] Received status update TASK_STARTING (UUID: 113ed378-65a3-4876-9d59-e3bde0be5c94) for task 1450240320047-www-data-devel-job3-0-d803b2e1-3a13-4004-b9c1-a957115bfb60 of framework 20151216-042749-33554442-5050-15894-0000
I1216 04:32:34.345088 19433 status_update_manager.hpp:346] Checkpointing UPDATE for status update TASK_STARTING (UUID: 113ed378-65a3-4876-9d59-e3bde0be5c94) for task 1450240320047-www-data-devel-job3-0-d803b2e1-3a13-4004-b9c1-a957115bfb60 of framework 20151216-042749-33554442-5050-15894-0000
I1216 04:32:34.348583 19432 slave.cpp:2753] Forwarding the update TASK_STARTING (UUID: 113ed378-65a3-4876-9d59-e3bde0be5c94) for task 1450240320047-www-data-devel-job3-0-d803b2e1-3a13-4004-b9c1-a957115bfb60 of framework 20151216-042749-33554442-5050-15894-0000 to master@10.0.0.2:5050
I1216 04:32:34.348749 19432 slave.cpp:2686] Sending acknowledgement for status update TASK_STARTING (UUID: 113ed378-65a3-4876-9d59-e3bde0be5c94) for task 1450240320047-www-data-devel-job3-0-d803b2e1-3a13-4004-b9c1-a957115bfb60 of framework 20151216-042749-33554442-5050-15894-0000 to executor(1)@10.0.0.5:43641
I1216 04:32:34.359869 19433 status_update_manager.cpp:389] Received status update acknowledgement (UUID: 113ed378-65a3-4876-9d59-e3bde0be5c94) for task 1450240320047-www-data-devel-job3-0-d803b2e1-3a13-4004-b9c1-a957115bfb60 of framework 20151216-042749-33554442-5050-15894-0000
I1216 04:32:34.359907 19433 status_update_manager.hpp:346] Checkpointing ACK for status update TASK_STARTING (UUID: 113ed378-65a3-4876-9d59-e3bde0be5c94) for task 1450240320047-www-data-devel-job3-0-d803b2e1-3a13-4004-b9c1-a957115bfb60 of framework 20151216-042749-33554442-5050-15894-0000
I1216 04:32:34.914258 19429 slave.cpp:2508] Handling status update TASK_RUNNING (UUID: 1feb7f8d-7d11-403a-912f-89aafff2c2d3) for task 1450240320047-www-data-devel-job3-0-d803b2e1-3a13-4004-b9c1-a957115bfb60 of framework 20151216-042749-33554442-5050-15894-0000 from executor(1)@10.0.0.5:43641
I1216 04:32:34.914417 19429 status_update_manager.cpp:317] Received status update TASK_RUNNING (UUID: 1feb7f8d-7d11-403a-912f-89aafff2c2d3) for task 1450240320047-www-data-devel-job3-0-d803b2e1-3a13-4004-b9c1-a957115bfb60 of framework 20151216-042749-33554442-5050-15894-0000
I1216 04:32:34.914472 19429 status_update_manager.hpp:346] Checkpointing UPDATE for status update TASK_RUNNING (UUID: 1feb7f8d-7d11-403a-912f-89aafff2c2d3) for task 1450240320047-www-data-devel-job3-0-d803b2e1-3a13-4004-b9c1-a957115bfb60 of framework 20151216-042749-33554442-5050-15894-0000
I1216 04:32:34.917469 19429 slave.cpp:2753] Forwarding the update TASK_RUNNING (UUID: 1feb7f8d-7d11-403a-912f-89aafff2c2d3) for task 1450240320047-www-data-devel-job3-0-d803b2e1-3a13-4004-b9c1-a957115bfb60 of framework 20151216-042749-33554442-5050-15894-0000 to master@10.0.0.2:5050
I1216 04:32:34.917588 19429 slave.cpp:2686] Sending acknowledgement for status update TASK_RUNNING (UUID: 1feb7f8d-7d11-403a-912f-89aafff2c2d3) for task 1450240320047-www-data-devel-job3-0-d803b2e1-3a13-4004-b9c1-a957115bfb60 of framework 20151216-042749-33554442-5050-15894-0000 to executor(1)@10.0.0.5:43641
I1216 04:32:34.925156 19425 status_update_manager.cpp:389] Received status update acknowledgement (UUID: 1feb7f8d-7d11-403a-912f-89aafff2c2d3) for task 1450240320047-www-data-devel-job3-0-d803b2e1-3a13-4004-b9c1-a957115bfb60 of framework 20151216-042749-33554442-5050-15894-0000
I1216 04:32:34.925261 19425 status_update_manager.hpp:346] Checkpointing ACK for status update TASK_RUNNING (UUID: 1feb7f8d-7d11-403a-912f-89aafff2c2d3) for task 1450240320047-www-data-devel-job3-0-d803b2e1-3a13-4004-b9c1-a957115bfb60 of framework 20151216-042749-33554442-5050-15894-0000
I1216 04:32:44.055223 19436 slave.cpp:2508] Handling status update TASK_FINISHED (UUID: 01559840-8edb-4db6-aa5f-f5b0ad29f6c7) for task 1450240320047-www-data-devel-job3-0-d803b2e1-3a13-4004-b9c1-a957115bfb60 of framework 20151216-042749-33554442-5050-15894-0000 from executor(1)@10.0.0.5:43641
I1216 04:32:44.055732 19430 status_update_manager.cpp:317] Received status update TASK_FINISHED (UUID: 01559840-8edb-4db6-aa5f-f5b0ad29f6c7) for task 1450240320047-www-data-devel-job3-0-d803b2e1-3a13-4004-b9c1-a957115bfb60 of framework 20151216-042749-33554442-5050-15894-0000
I1216 04:32:44.055789 19430 status_update_manager.hpp:346] Checkpointing UPDATE for status update TASK_FINISHED (UUID: 01559840-8edb-4db6-aa5f-f5b0ad29f6c7) for task 1450240320047-www-data-devel-job3-0-d803b2e1-3a13-4004-b9c1-a957115bfb60 of framework 20151216-042749-33554442-5050-15894-0000
I1216 04:32:44.059707 19424 slave.cpp:2753] Forwarding the update TASK_FINISHED (UUID: 01559840-8edb-4db6-aa5f-f5b0ad29f6c7) for task 1450240320047-www-data-devel-job3-0-d803b2e1-3a13-4004-b9c1-a957115bfb60 of framework 20151216-042749-33554442-5050-15894-0000 to master@10.0.0.2:5050
I1216 04:32:44.059939 19424 slave.cpp:2686] Sending acknowledgement for status update TASK_FINISHED (UUID: 01559840-8edb-4db6-aa5f-f5b0ad29f6c7) for task 1450240320047-www-data-devel-job3-0-d803b2e1-3a13-4004-b9c1-a957115bfb60 of framework 20151216-042749-33554442-5050-15894-0000 to executor(1)@10.0.0.5:43641
I1216 04:32:44.072888 19430 status_update_manager.cpp:389] Received status update acknowledgement (UUID: 01559840-8edb-4db6-aa5f-f5b0ad29f6c7) for task 1450240320047-www-data-devel-job3-0-d803b2e1-3a13-4004-b9c1-a957115bfb60 of framework 20151216-042749-33554442-5050-15894-0000
I1216 04:32:44.072990 19430 status_update_manager.hpp:346] Checkpointing ACK for status update TASK_FINISHED (UUID: 01559840-8edb-4db6-aa5f-f5b0ad29f6c7) for task 1450240320047-www-data-devel-job3-0-d803b2e1-3a13-4004-b9c1-a957115bfb60 of framework 20151216-042749-33554442-5050-15894-0000
I1216 04:32:49.115599 19428 containerizer.cpp:1111] Executor for container '952aded6-cc22-4f3d-8c8a-31a2293c5a43' has exited
I1216 04:32:49.115718 19428 containerizer.cpp:906] Destroying container '952aded6-cc22-4f3d-8c8a-31a2293c5a43'
I1216 04:32:49.117475 19429 slave.cpp:3193] Executor 'thermos-1450240320047-www-data-devel-job3-0-d803b2e1-3a13-4004-b9c1-a957115bfb60' of framework 20151216-042749-33554442-5050-15894-0000 exited with status 0
I1216 04:32:49.117633 19429 slave.cpp:3302] Cleaning up executor 'thermos-1450240320047-www-data-devel-job3-0-d803b2e1-3a13-4004-b9c1-a957115bfb60' of framework 20151216-042749-33554442-5050-15894-0000
I1216 04:32:49.118007 19430 gc.cpp:56] Scheduling '/var/lib/mesos/slave/slaves/20151216-042749-33554442-5050-15894-S1/frameworks/20151216-042749-33554442-5050-15894-0000/executors/thermos-1450240320047-www-data-devel-job3-0-d803b2e1-3a13-4004-b9c1-a957115bfb60/runs/952aded6-cc22-4f3d-8c8a-31a2293c5a43' for gc 6.99999863493037days in the future
I1216 04:32:49.118080 19430 gc.cpp:56] Scheduling '/var/lib/mesos/slave/slaves/20151216-042749-33554442-5050-15894-S1/frameworks/20151216-042749-33554442-5050-15894-0000/executors/thermos-1450240320047-www-data-devel-job3-0-d803b2e1-3a13-4004-b9c1-a957115bfb60' for gc 6.99999863391111days in the future
I1216 04:32:49.118155 19430 gc.cpp:56] Scheduling '/var/lib/mesos/slave/meta/slaves/20151216-042749-33554442-5050-15894-S1/frameworks/20151216-042749-33554442-5050-15894-0000/executors/thermos-1450240320047-www-data-devel-job3-0-d803b2e1-3a13-4004-b9c1-a957115bfb60/runs/952aded6-cc22-4f3d-8c8a-31a2293c5a43' for gc 6.99999863309037days in the future
I1216 04:32:49.118193 19430 gc.cpp:56] Scheduling '/var/lib/mesos/slave/meta/slaves/20151216-042749-33554442-5050-15894-S1/frameworks/20151216-042749-33554442-5050-15894-0000/executors/thermos-1450240320047-www-data-devel-job3-0-d803b2e1-3a13-4004-b9c1-a957115bfb60' for gc 6.99999863212741days in the future
I1216 04:32:49.118201 19429 slave.cpp:3381] Cleaning up framework 20151216-042749-33554442-5050-15894-0000
I1216 04:32:49.118333 19433 status_update_manager.cpp:279] Closing status update streams for framework 20151216-042749-33554442-5050-15894-0000
I1216 04:32:49.118417 19426 gc.cpp:56] Scheduling '/var/lib/mesos/slave/slaves/20151216-042749-33554442-5050-15894-S1/frameworks/20151216-042749-33554442-5050-15894-0000' for gc 6.99999863034667days in the future
I1216 04:32:49.118479 19426 gc.cpp:56] Scheduling '/var/lib/mesos/slave/meta/slaves/20151216-042749-33554442-5050-15894-S1/frameworks/20151216-042749-33554442-5050-15894-0000' for gc 6.99999862929482days in the future
I1216 04:32:49.240500 19433 slave.cpp:3618] Current disk usage 40.49%. Max allowed age: 3.465953337084688days
I1216 04:33:00.193542 19427 slave.cpp:3534] Framework 20151216-042749-33554442-5050-15894-0000 seems to have exited. Ignoring registration timeout for executor 'thermos-1450240320019-www-data-devel-job10-0-ac8c9c12-5574-44bd-ac42-423c4c0b448c'
I1216 04:33:00.212002 19424 slave.cpp:1121] Got assigned task 1450240380016-www-data-devel-job10-0-5aa7b2b1-4d29-4d82-9f91-ddd4903f4e98 for framework 20151216-042749-33554442-5050-15894-0000
I1216 04:33:00.214041 19424 gc.cpp:84] Unscheduling '/var/lib/mesos/slave/slaves/20151216-042749-33554442-5050-15894-S1/frameworks/20151216-042749-33554442-5050-15894-0000' from gc
I1216 04:33:00.214213 19432 gc.cpp:84] Unscheduling '/var/lib/mesos/slave/meta/slaves/20151216-042749-33554442-5050-15894-S1/frameworks/20151216-042749-33554442-5050-15894-0000' from gc
I1216 04:33:00.215446 19432 slave.cpp:1231] Launching task 1450240380016-www-data-devel-job10-0-5aa7b2b1-4d29-4d82-9f91-ddd4903f4e98 for framework 20151216-042749-33554442-5050-15894-0000
I1216 04:33:00.217962 19432 slave.cpp:4160] Launching executor thermos-1450240380016-www-data-devel-job10-0-5aa7b2b1-4d29-4d82-9f91-ddd4903f4e98 of framework 20151216-042749-33554442-5050-15894-0000 in work directory '/var/lib/mesos/slave/slaves/20151216-042749-33554442-5050-15894-S1/frameworks/20151216-042749-33554442-5050-15894-0000/executors/thermos-1450240380016-www-data-devel-job10-0-5aa7b2b1-4d29-4d82-9f91-ddd4903f4e98/runs/0a5833f3-2647-4064-9e16-3bfc2869465e'
I1216 04:33:00.218183 19433 containerizer.cpp:472] Starting container '0a5833f3-2647-4064-9e16-3bfc2869465e' for executor 'thermos-1450240380016-www-data-devel-job10-0-5aa7b2b1-4d29-4d82-9f91-ddd4903f4e98' of framework '20151216-042749-33554442-5050-15894-0000'
I1216 04:33:00.219643 19433 launcher.cpp:130] Forked child with pid '20368' for container '0a5833f3-2647-4064-9e16-3bfc2869465e'
I1216 04:33:00.219655 19432 slave.cpp:1378] Queuing task '1450240380016-www-data-devel-job10-0-5aa7b2b1-4d29-4d82-9f91-ddd4903f4e98' for executor thermos-1450240380016-www-data-devel-job10-0-5aa7b2b1-4d29-4d82-9f91-ddd4903f4e98 of framework '20151216-042749-33554442-5050-15894-0000
I1216 04:33:00.219775 19433 containerizer.cpp:682] Checkpointing executor's forked pid 20368 to '/var/lib/mesos/slave/meta/slaves/20151216-042749-33554442-5050-15894-S1/frameworks/20151216-042749-33554442-5050-15894-0000/executors/thermos-1450240380016-www-data-devel-job10-0-5aa7b2b1-4d29-4d82-9f91-ddd4903f4e98/runs/0a5833f3-2647-4064-9e16-3bfc2869465e/pids/forked.pid'
I1216 04:33:00.224853 19436 fetcher.cpp:238] Fetching URIs using command '/usr/libexec/mesos/mesos-fetcher'
I1216 04:33:00.366123 19436 slave.cpp:3135] Monitoring executor 'thermos-1450240380016-www-data-devel-job10-0-5aa7b2b1-4d29-4d82-9f91-ddd4903f4e98' of framework '20151216-042749-33554442-5050-15894-0000' in container '0a5833f3-2647-4064-9e16-3bfc2869465e'
I1216 04:33:00.859082 19427 slave.cpp:2141] Got registration for executor 'thermos-1450240380016-www-data-devel-job10-0-5aa7b2b1-4d29-4d82-9f91-ddd4903f4e98' of framework 20151216-042749-33554442-5050-15894-0000 from executor(1)@10.0.0.5:45598
I1216 04:33:00.859994 19428 slave.cpp:1532] Sending queued task '1450240380016-www-data-devel-job10-0-5aa7b2b1-4d29-4d82-9f91-ddd4903f4e98' to executor 'thermos-1450240380016-www-data-devel-job10-0-5aa7b2b1-4d29-4d82-9f91-ddd4903f4e98' of framework 20151216-042749-33554442-5050-15894-0000
I1216 04:33:00.865862 19430 slave.cpp:2508] Handling status update TASK_STARTING (UUID: 5a3fd5f7-c290-4803-a9a0-18adfe48e7da) for task 1450240380016-www-data-devel-job10-0-5aa7b2b1-4d29-4d82-9f91-ddd4903f4e98 of framework 20151216-042749-33554442-5050-15894-0000 from executor(1)@10.0.0.5:45598
I1216 04:33:00.866418 19434 status_update_manager.cpp:317] Received status update TASK_STARTING (UUID: 5a3fd5f7-c290-4803-a9a0-18adfe48e7da) for task 1450240380016-www-data-devel-job10-0-5aa7b2b1-4d29-4d82-9f91-ddd4903f4e98 of framework 20151216-042749-33554442-5050-15894-0000
I1216 04:33:00.866755 19434 status_update_manager.hpp:346] Checkpointing UPDATE for status update TASK_STARTING (UUID: 5a3fd5f7-c290-4803-a9a0-18adfe48e7da) for task 1450240380016-www-data-devel-job10-0-5aa7b2b1-4d29-4d82-9f91-ddd4903f4e98 of framework 20151216-042749-33554442-5050-15894-0000
I1216 04:33:00.870160 19424 slave.cpp:2753] Forwarding the update TASK_STARTING (UUID: 5a3fd5f7-c290-4803-a9a0-18adfe48e7da) for task 1450240380016-www-data-devel-job10-0-5aa7b2b1-4d29-4d82-9f91-ddd4903f4e98 of framework 20151216-042749-33554442-5050-15894-0000 to master@10.0.0.2:5050
I1216 04:33:00.870288 19424 slave.cpp:2686] Sending acknowledgement for status update TASK_STARTING (UUID: 5a3fd5f7-c290-4803-a9a0-18adfe48e7da) for task 1450240380016-www-data-devel-job10-0-5aa7b2b1-4d29-4d82-9f91-ddd4903f4e98 of framework 20151216-042749-33554442-5050-15894-0000 to executor(1)@10.0.0.5:45598
I1216 04:33:00.882187 19434 status_update_manager.cpp:389] Received status update acknowledgement (UUID: 5a3fd5f7-c290-4803-a9a0-18adfe48e7da) for task 1450240380016-www-data-devel-job10-0-5aa7b2b1-4d29-4d82-9f91-ddd4903f4e98 of framework 20151216-042749-33554442-5050-15894-0000
I1216 04:33:00.882220 19434 status_update_manager.hpp:346] Checkpointing ACK for status update TASK_STARTING (UUID: 5a3fd5f7-c290-4803-a9a0-18adfe48e7da) for task 1450240380016-www-data-devel-job10-0-5aa7b2b1-4d29-4d82-9f91-ddd4903f4e98 of framework 20151216-042749-33554442-5050-15894-0000
I1216 04:33:01.432433 19429 slave.cpp:2508] Handling status update TASK_RUNNING (UUID: 91b37047-d761-4c10-91d8-d8728e656668) for task 1450240380016-www-data-devel-job10-0-5aa7b2b1-4d29-4d82-9f91-ddd4903f4e98 of framework 20151216-042749-33554442-5050-15894-0000 from executor(1)@10.0.0.5:45598
I1216 04:33:01.432617 19428 status_update_manager.cpp:317] Received status update TASK_RUNNING (UUID: 91b37047-d761-4c10-91d8-d8728e656668) for task 1450240380016-www-data-devel-job10-0-5aa7b2b1-4d29-4d82-9f91-ddd4903f4e98 of framework 20151216-042749-33554442-5050-15894-0000
I1216 04:33:01.432693 19428 status_update_manager.hpp:346] Checkpointing UPDATE for status update TASK_RUNNING (UUID: 91b37047-d761-4c10-91d8-d8728e656668) for task 1450240380016-www-data-devel-job10-0-5aa7b2b1-4d29-4d82-9f91-ddd4903f4e98 of framework 20151216-042749-33554442-5050-15894-0000
I1216 04:33:01.436121 19426 slave.cpp:2753] Forwarding the update TASK_RUNNING (UUID: 91b37047-d761-4c10-91d8-d8728e656668) for task 1450240380016-www-data-devel-job10-0-5aa7b2b1-4d29-4d82-9f91-ddd4903f4e98 of framework 20151216-042749-33554442-5050-15894-0000 to master@10.0.0.2:5050
I1216 04:33:01.436400 19426 slave.cpp:2686] Sending acknowledgement for status update TASK_RUNNING (UUID: 91b37047-d761-4c10-91d8-d8728e656668) for task 1450240380016-www-data-devel-job10-0-5aa7b2b1-4d29-4d82-9f91-ddd4903f4e98 of framework 20151216-042749-33554442-5050-15894-0000 to executor(1)@10.0.0.5:45598
I1216 04:33:01.445590 19436 status_update_manager.cpp:389] Received status update acknowledgement (UUID: 91b37047-d761-4c10-91d8-d8728e656668) for task 1450240380016-www-data-devel-job10-0-5aa7b2b1-4d29-4d82-9f91-ddd4903f4e98 of framework 20151216-042749-33554442-5050-15894-0000
I1216 04:33:01.445660 19436 status_update_manager.hpp:346] Checkpointing ACK for status update TASK_RUNNING (UUID: 91b37047-d761-4c10-91d8-d8728e656668) for task 1450240380016-www-data-devel-job10-0-5aa7b2b1-4d29-4d82-9f91-ddd4903f4e98 of framework 20151216-042749-33554442-5050-15894-0000
I1216 04:33:05.502130 19428 slave.cpp:1121] Got assigned task 1450240380058-www-data-devel-job20-0-9b943ac4-078f-4add-b37f-bc92b6e7e995 for framework 20151216-042749-33554442-5050-15894-0000
I1216 04:33:05.502585 19428 slave.cpp:1231] Launching task 1450240380058-www-data-devel-job20-0-9b943ac4-078f-4add-b37f-bc92b6e7e995 for framework 20151216-042749-33554442-5050-15894-0000
I1216 04:33:05.507858 19428 slave.cpp:4160] Launching executor thermos-1450240380058-www-data-devel-job20-0-9b943ac4-078f-4add-b37f-bc92b6e7e995 of framework 20151216-042749-33554442-5050-15894-0000 in work directory '/var/lib/mesos/slave/slaves/20151216-042749-33554442-5050-15894-S1/frameworks/20151216-042749-33554442-5050-15894-0000/executors/thermos-1450240380058-www-data-devel-job20-0-9b943ac4-078f-4add-b37f-bc92b6e7e995/runs/7d88ae01-4475-4682-b0f8-d26eb582a93e'
I1216 04:33:05.508061 19437 containerizer.cpp:472] Starting container '7d88ae01-4475-4682-b0f8-d26eb582a93e' for executor 'thermos-1450240380058-www-data-devel-job20-0-9b943ac4-078f-4add-b37f-bc92b6e7e995' of framework '20151216-042749-33554442-5050-15894-0000'
