I1216 04:35:18.447877 19434 slave.cpp:2508] Handling status update TASK_RUNNING (UUID: 66ef3b73-610a-4377-bf76-3dd735428866) for task 1450240500028-www-data-devel-job30-0-73fe6904-5b81-420e-a370-8ae5b24b9b6f of framework 20151216-042749-33554442-5050-15894-0000 from executor(1)@10.0.0.5:43925
I1216 04:35:18.448029 19436 status_update_manager.cpp:317] Received status update TASK_RUNNING (UUID: 66ef3b73-610a-4377-bf76-3dd735428866) for task 1450240500028-www-data-devel-job30-0-73fe6904-5b81-420e-a370-8ae5b24b9b6f of framework 20151216-042749-33554442-5050-15894-0000
I1216 04:35:18.448057 19436 status_update_manager.hpp:346] Checkpointing UPDATE for status update TASK_RUNNING (UUID: 66ef3b73-610a-4377-bf76-3dd735428866) for task 1450240500028-www-data-devel-job30-0-73fe6904-5b81-420e-a370-8ae5b24b9b6f of framework 20151216-042749-33554442-5050-15894-0000
I1216 04:35:18.450753 19432 slave.cpp:2753] Forwarding the update TASK_RUNNING (UUID: 66ef3b73-610a-4377-bf76-3dd735428866) for task 1450240500028-www-data-devel-job30-0-73fe6904-5b81-420e-a370-8ae5b24b9b6f of framework 20151216-042749-33554442-5050-15894-0000 to master@10.0.0.2:5050
I1216 04:35:18.450878 19432 slave.cpp:2686] Sending acknowledgement for status update TASK_RUNNING (UUID: 66ef3b73-610a-4377-bf76-3dd735428866) for task 1450240500028-www-data-devel-job30-0-73fe6904-5b81-420e-a370-8ae5b24b9b6f of framework 20151216-042749-33554442-5050-15894-0000 to executor(1)@10.0.0.5:43925
I1216 04:35:18.456619 19436 status_update_manager.cpp:389] Received status update acknowledgement (UUID: 66ef3b73-610a-4377-bf76-3dd735428866) for task 1450240500028-www-data-devel-job30-0-73fe6904-5b81-420e-a370-8ae5b24b9b6f of framework 20151216-042749-33554442-5050-15894-0000
I1216 04:35:18.456681 19436 status_update_manager.hpp:346] Checkpointing ACK for status update TASK_RUNNING (UUID: 66ef3b73-610a-4377-bf76-3dd735428866) for task 1450240500028-www-data-devel-job30-0-73fe6904-5b81-420e-a370-8ae5b24b9b6f of framework 20151216-042749-33554442-5050-15894-0000
I1216 04:35:19.579123 19430 slave.cpp:2508] Handling status update TASK_FINISHED (UUID: ed9bfa1a-d63d-4ef8-98f0-894bfc89eb5a) for task 1450240500028-www-data-devel-job30-0-73fe6904-5b81-420e-a370-8ae5b24b9b6f of framework 20151216-042749-33554442-5050-15894-0000 from executor(1)@10.0.0.5:43925
I1216 04:35:19.579679 19426 status_update_manager.cpp:317] Received status update TASK_FINISHED (UUID: ed9bfa1a-d63d-4ef8-98f0-894bfc89eb5a) for task 1450240500028-www-data-devel-job30-0-73fe6904-5b81-420e-a370-8ae5b24b9b6f of framework 20151216-042749-33554442-5050-15894-0000
I1216 04:35:19.579737 19426 status_update_manager.hpp:346] Checkpointing UPDATE for status update TASK_FINISHED (UUID: ed9bfa1a-d63d-4ef8-98f0-894bfc89eb5a) for task 1450240500028-www-data-devel-job30-0-73fe6904-5b81-420e-a370-8ae5b24b9b6f of framework 20151216-042749-33554442-5050-15894-0000
I1216 04:35:19.583662 19432 slave.cpp:2753] Forwarding the update TASK_FINISHED (UUID: ed9bfa1a-d63d-4ef8-98f0-894bfc89eb5a) for task 1450240500028-www-data-devel-job30-0-73fe6904-5b81-420e-a370-8ae5b24b9b6f of framework 20151216-042749-33554442-5050-15894-0000 to master@10.0.0.2:5050
I1216 04:35:19.583811 19432 slave.cpp:2686] Sending acknowledgement for status update TASK_FINISHED (UUID: ed9bfa1a-d63d-4ef8-98f0-894bfc89eb5a) for task 1450240500028-www-data-devel-job30-0-73fe6904-5b81-420e-a370-8ae5b24b9b6f of framework 20151216-042749-33554442-5050-15894-0000 to executor(1)@10.0.0.5:43925
I1216 04:35:19.592892 19424 status_update_manager.cpp:389] Received status update acknowledgement (UUID: ed9bfa1a-d63d-4ef8-98f0-894bfc89eb5a) for task 1450240500028-www-data-devel-job30-0-73fe6904-5b81-420e-a370-8ae5b24b9b6f of framework 20151216-042749-33554442-5050-15894-0000
I1216 04:35:19.592934 19424 status_update_manager.hpp:346] Checkpointing ACK for status update TASK_FINISHED (UUID: ed9bfa1a-d63d-4ef8-98f0-894bfc89eb5a) for task 1450240500028-www-data-devel-job30-0-73fe6904-5b81-420e-a370-8ae5b24b9b6f of framework 20151216-042749-33554442-5050-15894-0000
I1216 04:35:24.610462 19436 containerizer.cpp:1111] Executor for container 'ceb4c939-7bec-4e4b-87b7-96428fef3fb3' has exited
I1216 04:35:24.610592 19436 containerizer.cpp:906] Destroying container 'ceb4c939-7bec-4e4b-87b7-96428fef3fb3'
I1216 04:35:24.612031 19434 slave.cpp:3193] Executor 'thermos-1450240500028-www-data-devel-job30-0-73fe6904-5b81-420e-a370-8ae5b24b9b6f' of framework 20151216-042749-33554442-5050-15894-0000 exited with status 0
I1216 04:35:24.612257 19434 slave.cpp:3302] Cleaning up executor 'thermos-1450240500028-www-data-devel-job30-0-73fe6904-5b81-420e-a370-8ae5b24b9b6f' of framework 20151216-042749-33554442-5050-15894-0000
I1216 04:35:24.612570 19436 gc.cpp:56] Scheduling '/var/lib/mesos/slave/slaves/20151216-042749-33554442-5050-15894-S1/frameworks/20151216-042749-33554442-5050-15894-0000/executors/thermos-1450240500028-www-data-devel-job30-0-73fe6904-5b81-420e-a370-8ae5b24b9b6f/runs/ceb4c939-7bec-4e4b-87b7-96428fef3fb3' for gc 6.99999291061333days in the future
I1216 04:35:24.612658 19436 gc.cpp:56] Scheduling '/var/lib/mesos/slave/slaves/20151216-042749-33554442-5050-15894-S1/frameworks/20151216-042749-33554442-5050-15894-0000/executors/thermos-1450240500028-www-data-devel-job30-0-73fe6904-5b81-420e-a370-8ae5b24b9b6f' for gc 6.99999290975704days in the future
I1216 04:35:24.612725 19434 slave.cpp:3381] Cleaning up framework 20151216-042749-33554442-5050-15894-0000
I1216 04:35:24.612766 19436 gc.cpp:56] Scheduling '/var/lib/mesos/slave/meta/slaves/20151216-042749-33554442-5050-15894-S1/frameworks/20151216-042749-33554442-5050-15894-0000/executors/thermos-1450240500028-www-data-devel-job30-0-73fe6904-5b81-420e-a370-8ae5b24b9b6f/runs/ceb4c939-7bec-4e4b-87b7-96428fef3fb3' for gc 6.99999290896days in the future
I1216 04:35:24.612833 19436 gc.cpp:56] Scheduling '/var/lib/mesos/slave/meta/slaves/20151216-042749-33554442-5050-15894-S1/frameworks/20151216-042749-33554442-5050-15894-0000/executors/thermos-1450240500028-www-data-devel-job30-0-73fe6904-5b81-420e-a370-8ae5b24b9b6f' for gc 6.99999290835556days in the future
I1216 04:35:24.612835 19433 status_update_manager.cpp:279] Closing status update streams for framework 20151216-042749-33554442-5050-15894-0000
I1216 04:35:24.612870 19436 gc.cpp:56] Scheduling '/var/lib/mesos/slave/slaves/20151216-042749-33554442-5050-15894-S1/frameworks/20151216-042749-33554442-5050-15894-0000' for gc 6.99999290678222days in the future
I1216 04:35:24.612946 19436 gc.cpp:56] Scheduling '/var/lib/mesos/slave/meta/slaves/20151216-042749-33554442-5050-15894-S1/frameworks/20151216-042749-33554442-5050-15894-0000' for gc 6.99999290612148days in the future
I1216 04:35:33.278698 19432 slave.cpp:3534] Framework 20151216-042749-33554442-5050-15894-0000 seems to have exited. Ignoring registration timeout for executor 'thermos-1450240440078-www-data-devel-job26-0-379b3c17-509f-426d-aec1-8b8fdfdd878b'
I1216 04:35:33.663277 19439 slave.cpp:1121] Got assigned task 1450240500046-www-data-devel-job1-0-ccbdedd8-9480-4550-9f57-643f25cc2bb8 for framework 20151216-042749-33554442-5050-15894-0000
I1216 04:35:33.665520 19439 gc.cpp:84] Unscheduling '/var/lib/mesos/slave/slaves/20151216-042749-33554442-5050-15894-S1/frameworks/20151216-042749-33554442-5050-15894-0000' from gc
I1216 04:35:33.665689 19439 gc.cpp:84] Unscheduling '/var/lib/mesos/slave/meta/slaves/20151216-042749-33554442-5050-15894-S1/frameworks/20151216-042749-33554442-5050-15894-0000' from gc
I1216 04:35:33.665772 19439 slave.cpp:1231] Launching task 1450240500046-www-data-devel-job1-0-ccbdedd8-9480-4550-9f57-643f25cc2bb8 for framework 20151216-042749-33554442-5050-15894-0000
I1216 04:35:33.669450 19439 slave.cpp:4160] Launching executor thermos-1450240500046-www-data-devel-job1-0-ccbdedd8-9480-4550-9f57-643f25cc2bb8 of framework 20151216-042749-33554442-5050-15894-0000 in work directory '/var/lib/mesos/slave/slaves/20151216-042749-33554442-5050-15894-S1/frameworks/20151216-042749-33554442-5050-15894-0000/executors/thermos-1450240500046-www-data-devel-job1-0-ccbdedd8-9480-4550-9f57-643f25cc2bb8/runs/10b7c416-3793-47be-8d39-41cae8d781a2'
I1216 04:35:33.669600 19437 containerizer.cpp:472] Starting container '10b7c416-3793-47be-8d39-41cae8d781a2' for executor 'thermos-1450240500046-www-data-devel-job1-0-ccbdedd8-9480-4550-9f57-643f25cc2bb8' of framework '20151216-042749-33554442-5050-15894-0000'
I1216 04:35:33.670272 19439 slave.cpp:1378] Queuing task '1450240500046-www-data-devel-job1-0-ccbdedd8-9480-4550-9f57-643f25cc2bb8' for executor thermos-1450240500046-www-data-devel-job1-0-ccbdedd8-9480-4550-9f57-643f25cc2bb8 of framework '20151216-042749-33554442-5050-15894-0000
I1216 04:35:33.671342 19427 launcher.cpp:130] Forked child with pid '20940' for container '10b7c416-3793-47be-8d39-41cae8d781a2'
I1216 04:35:33.671555 19427 containerizer.cpp:682] Checkpointing executor's forked pid 20940 to '/var/lib/mesos/slave/meta/slaves/20151216-042749-33554442-5050-15894-S1/frameworks/20151216-042749-33554442-5050-15894-0000/executors/thermos-1450240500046-www-data-devel-job1-0-ccbdedd8-9480-4550-9f57-643f25cc2bb8/runs/10b7c416-3793-47be-8d39-41cae8d781a2/pids/forked.pid'
I1216 04:35:33.675940 19433 fetcher.cpp:238] Fetching URIs using command '/usr/libexec/mesos/mesos-fetcher'
I1216 04:35:33.750982 19436 slave.cpp:3135] Monitoring executor 'thermos-1450240500046-www-data-devel-job1-0-ccbdedd8-9480-4550-9f57-643f25cc2bb8' of framework '20151216-042749-33554442-5050-15894-0000' in container '10b7c416-3793-47be-8d39-41cae8d781a2'
I1216 04:35:34.247735 19436 slave.cpp:2141] Got registration for executor 'thermos-1450240500046-www-data-devel-job1-0-ccbdedd8-9480-4550-9f57-643f25cc2bb8' of framework 20151216-042749-33554442-5050-15894-0000 from executor(1)@10.0.0.5:53872
I1216 04:35:34.249688 19436 slave.cpp:1532] Sending queued task '1450240500046-www-data-devel-job1-0-ccbdedd8-9480-4550-9f57-643f25cc2bb8' to executor 'thermos-1450240500046-www-data-devel-job1-0-ccbdedd8-9480-4550-9f57-643f25cc2bb8' of framework 20151216-042749-33554442-5050-15894-0000
I1216 04:35:34.255348 19427 slave.cpp:2508] Handling status update TASK_STARTING (UUID: 07918396-ddaa-47f7-bd9c-77097168bdfb) for task 1450240500046-www-data-devel-job1-0-ccbdedd8-9480-4550-9f57-643f25cc2bb8 of framework 20151216-042749-33554442-5050-15894-0000 from executor(1)@10.0.0.5:53872
I1216 04:35:34.255507 19427 status_update_manager.cpp:317] Received status update TASK_STARTING (UUID: 07918396-ddaa-47f7-bd9c-77097168bdfb) for task 1450240500046-www-data-devel-job1-0-ccbdedd8-9480-4550-9f57-643f25cc2bb8 of framework 20151216-042749-33554442-5050-15894-0000
I1216 04:35:34.255846 19427 status_update_manager.hpp:346] Checkpointing UPDATE for status update TASK_STARTING (UUID: 07918396-ddaa-47f7-bd9c-77097168bdfb) for task 1450240500046-www-data-devel-job1-0-ccbdedd8-9480-4550-9f57-643f25cc2bb8 of framework 20151216-042749-33554442-5050-15894-0000
I1216 04:35:34.259232 19427 slave.cpp:2753] Forwarding the update TASK_STARTING (UUID: 07918396-ddaa-47f7-bd9c-77097168bdfb) for task 1450240500046-www-data-devel-job1-0-ccbdedd8-9480-4550-9f57-643f25cc2bb8 of framework 20151216-042749-33554442-5050-15894-0000 to master@10.0.0.2:5050
I1216 04:35:34.259331 19427 slave.cpp:2686] Sending acknowledgement for status update TASK_STARTING (UUID: 07918396-ddaa-47f7-bd9c-77097168bdfb) for task 1450240500046-www-data-devel-job1-0-ccbdedd8-9480-4550-9f57-643f25cc2bb8 of framework 20151216-042749-33554442-5050-15894-0000 to executor(1)@10.0.0.5:53872
I1216 04:35:34.267079 19431 status_update_manager.cpp:389] Received status update acknowledgement (UUID: 07918396-ddaa-47f7-bd9c-77097168bdfb) for task 1450240500046-www-data-devel-job1-0-ccbdedd8-9480-4550-9f57-643f25cc2bb8 of framework 20151216-042749-33554442-5050-15894-0000
I1216 04:35:34.267149 19431 status_update_manager.hpp:346] Checkpointing ACK for status update TASK_STARTING (UUID: 07918396-ddaa-47f7-bd9c-77097168bdfb) for task 1450240500046-www-data-devel-job1-0-ccbdedd8-9480-4550-9f57-643f25cc2bb8 of framework 20151216-042749-33554442-5050-15894-0000
I1216 04:35:34.818451 19435 slave.cpp:2508] Handling status update TASK_RUNNING (UUID: 7c66e2ee-eef7-4864-8e42-888a72f71eba) for task 1450240500046-www-data-devel-job1-0-ccbdedd8-9480-4550-9f57-643f25cc2bb8 of framework 20151216-042749-33554442-5050-15894-0000 from executor(1)@10.0.0.5:53872
I1216 04:35:34.818653 19433 status_update_manager.cpp:317] Received status update TASK_RUNNING (UUID: 7c66e2ee-eef7-4864-8e42-888a72f71eba) for task 1450240500046-www-data-devel-job1-0-ccbdedd8-9480-4550-9f57-643f25cc2bb8 of framework 20151216-042749-33554442-5050-15894-0000
I1216 04:35:34.818727 19433 status_update_manager.hpp:346] Checkpointing UPDATE for status update TASK_RUNNING (UUID: 7c66e2ee-eef7-4864-8e42-888a72f71eba) for task 1450240500046-www-data-devel-job1-0-ccbdedd8-9480-4550-9f57-643f25cc2bb8 of framework 20151216-042749-33554442-5050-15894-0000
I1216 04:35:34.823274 19431 slave.cpp:2753] Forwarding the update TASK_RUNNING (UUID: 7c66e2ee-eef7-4864-8e42-888a72f71eba) for task 1450240500046-www-data-devel-job1-0-ccbdedd8-9480-4550-9f57-643f25cc2bb8 of framework 20151216-042749-33554442-5050-15894-0000 to master@10.0.0.2:5050
I1216 04:35:34.823392 19431 slave.cpp:2686] Sending acknowledgement for status update TASK_RUNNING (UUID: 7c66e2ee-eef7-4864-8e42-888a72f71eba) for task 1450240500046-www-data-devel-job1-0-ccbdedd8-9480-4550-9f57-643f25cc2bb8 of framework 20151216-042749-33554442-5050-15894-0000 to executor(1)@10.0.0.5:53872
I1216 04:35:34.830242 19433 status_update_manager.cpp:389] Received status update acknowledgement (UUID: 7c66e2ee-eef7-4864-8e42-888a72f71eba) for task 1450240500046-www-data-devel-job1-0-ccbdedd8-9480-4550-9f57-643f25cc2bb8 of framework 20151216-042749-33554442-5050-15894-0000
I1216 04:35:34.830271 19433 status_update_manager.hpp:346] Checkpointing ACK for status update TASK_RUNNING (UUID: 7c66e2ee-eef7-4864-8e42-888a72f71eba) for task 1450240500046-www-data-devel-job1-0-ccbdedd8-9480-4550-9f57-643f25cc2bb8 of framework 20151216-042749-33554442-5050-15894-0000
I1216 04:35:39.956528 19428 slave.cpp:2508] Handling status update TASK_FINISHED (UUID: 26631ed3-0040-46ca-b811-886700cdcfcc) for task 1450240500046-www-data-devel-job1-0-ccbdedd8-9480-4550-9f57-643f25cc2bb8 of framework 20151216-042749-33554442-5050-15894-0000 from executor(1)@10.0.0.5:53872
I1216 04:35:39.957145 19427 status_update_manager.cpp:317] Received status update TASK_FINISHED (UUID: 26631ed3-0040-46ca-b811-886700cdcfcc) for task 1450240500046-www-data-devel-job1-0-ccbdedd8-9480-4550-9f57-643f25cc2bb8 of framework 20151216-042749-33554442-5050-15894-0000
I1216 04:35:39.957193 19427 status_update_manager.hpp:346] Checkpointing UPDATE for status update TASK_FINISHED (UUID: 26631ed3-0040-46ca-b811-886700cdcfcc) for task 1450240500046-www-data-devel-job1-0-ccbdedd8-9480-4550-9f57-643f25cc2bb8 of framework 20151216-042749-33554442-5050-15894-0000
I1216 04:35:39.960474 19426 slave.cpp:2753] Forwarding the update TASK_FINISHED (UUID: 26631ed3-0040-46ca-b811-886700cdcfcc) for task 1450240500046-www-data-devel-job1-0-ccbdedd8-9480-4550-9f57-643f25cc2bb8 of framework 20151216-042749-33554442-5050-15894-0000 to master@10.0.0.2:5050
I1216 04:35:39.960588 19426 slave.cpp:2686] Sending acknowledgement for status update TASK_FINISHED (UUID: 26631ed3-0040-46ca-b811-886700cdcfcc) for task 1450240500046-www-data-devel-job1-0-ccbdedd8-9480-4550-9f57-643f25cc2bb8 of framework 20151216-042749-33554442-5050-15894-0000 to executor(1)@10.0.0.5:53872
I1216 04:35:39.970224 19427 status_update_manager.cpp:389] Received status update acknowledgement (UUID: 26631ed3-0040-46ca-b811-886700cdcfcc) for task 1450240500046-www-data-devel-job1-0-ccbdedd8-9480-4550-9f57-643f25cc2bb8 of framework 20151216-042749-33554442-5050-15894-0000
I1216 04:35:39.970260 19427 status_update_manager.hpp:346] Checkpointing ACK for status update TASK_FINISHED (UUID: 26631ed3-0040-46ca-b811-886700cdcfcc) for task 1450240500046-www-data-devel-job1-0-ccbdedd8-9480-4550-9f57-643f25cc2bb8 of framework 20151216-042749-33554442-5050-15894-0000
I1216 04:35:45.002846 19435 containerizer.cpp:1111] Executor for container '10b7c416-3793-47be-8d39-41cae8d781a2' has exited
I1216 04:35:45.002903 19435 containerizer.cpp:906] Destroying container '10b7c416-3793-47be-8d39-41cae8d781a2'
I1216 04:35:45.004254 19431 slave.cpp:3193] Executor 'thermos-1450240500046-www-data-devel-job1-0-ccbdedd8-9480-4550-9f57-643f25cc2bb8' of framework 20151216-042749-33554442-5050-15894-0000 exited with status 0
I1216 04:35:45.004413 19431 slave.cpp:3302] Cleaning up executor 'thermos-1450240500046-www-data-devel-job1-0-ccbdedd8-9480-4550-9f57-643f25cc2bb8' of framework 20151216-042749-33554442-5050-15894-0000
I1216 04:35:45.004703 19424 gc.cpp:56] Scheduling '/var/lib/mesos/slave/slaves/20151216-042749-33554442-5050-15894-S1/frameworks/20151216-042749-33554442-5050-15894-0000/executors/thermos-1450240500046-www-data-devel-job1-0-ccbdedd8-9480-4550-9f57-643f25cc2bb8/runs/10b7c416-3793-47be-8d39-41cae8d781a2' for gc 6.99998837206222days in the future
I1216 04:35:45.004815 19424 gc.cpp:56] Scheduling '/var/lib/mesos/slave/slaves/20151216-042749-33554442-5050-15894-S1/frameworks/20151216-042749-33554442-5050-15894-0000/executors/thermos-1450240500046-www-data-devel-job1-0-ccbdedd8-9480-4550-9f57-643f25cc2bb8' for gc 6.99998837119111days in the future
I1216 04:35:45.004845 19424 gc.cpp:56] Scheduling '/var/lib/mesos/slave/meta/slaves/20151216-042749-33554442-5050-15894-S1/frameworks/20151216-042749-33554442-5050-15894-0000/executors/thermos-1450240500046-www-data-devel-job1-0-ccbdedd8-9480-4550-9f57-643f25cc2bb8/runs/10b7c416-3793-47be-8d39-41cae8d781a2' for gc 6.99998837044148days in the future
I1216 04:35:45.004864 19424 gc.cpp:56] Scheduling '/var/lib/mesos/slave/meta/slaves/20151216-042749-33554442-5050-15894-S1/frameworks/20151216-042749-33554442-5050-15894-0000/executors/thermos-1450240500046-www-data-devel-job1-0-ccbdedd8-9480-4550-9f57-643f25cc2bb8' for gc 6.99998836974518days in the future
I1216 04:35:45.004866 19431 slave.cpp:3381] Cleaning up framework 20151216-042749-33554442-5050-15894-0000
I1216 04:35:45.004969 19436 status_update_manager.cpp:279] Closing status update streams for framework 20151216-042749-33554442-5050-15894-0000
I1216 04:35:45.005132 19426 gc.cpp:56] Scheduling '/var/lib/mesos/slave/slaves/20151216-042749-33554442-5050-15894-S1/frameworks/20151216-042749-33554442-5050-15894-0000' for gc 6.99998836808889days in the future
I1216 04:35:45.005175 19426 gc.cpp:56] Scheduling '/var/lib/mesos/slave/meta/slaves/20151216-042749-33554442-5050-15894-S1/frameworks/20151216-042749-33554442-5050-15894-0000' for gc 6.99999994025482days in the future
I1216 04:35:49.242386 19430 slave.cpp:3618] Current disk usage 42.90%. Max allowed age: 3.296801047750937days
I1216 04:36:00.236688 19426 slave.cpp:3534] Framework 20151216-042749-33554442-5050-15894-0000 seems to have exited. Ignoring registration timeout for executor 'thermos-1450240500003-www-data-devel-job27-0-f42e8e25-bea9-4af6-aa43-c3e89b90b27d'
I1216 04:36:00.256225 19428 slave.cpp:1121] Got assigned task 1450240560002-www-data-devel-job27-0-73753456-15df-429c-a958-141ec3c454a3 for framework 20151216-042749-33554442-5050-15894-0000
I1216 04:36:00.257236 19428 gc.cpp:84] Unscheduling '/var/lib/mesos/slave/slaves/20151216-042749-33554442-5050-15894-S1/frameworks/20151216-042749-33554442-5050-15894-0000' from gc
I1216 04:36:00.257339 19428 gc.cpp:84] Unscheduling '/var/lib/mesos/slave/meta/slaves/20151216-042749-33554442-5050-15894-S1/frameworks/20151216-042749-33554442-5050-15894-0000' from gc
I1216 04:36:00.257413 19428 slave.cpp:1231] Launching task 1450240560002-www-data-devel-job27-0-73753456-15df-429c-a958-141ec3c454a3 for framework 20151216-042749-33554442-5050-15894-0000
I1216 04:36:00.259222 19428 slave.cpp:4160] Launching executor thermos-1450240560002-www-data-devel-job27-0-73753456-15df-429c-a958-141ec3c454a3 of framework 20151216-042749-33554442-5050-15894-0000 in work directory '/var/lib/mesos/slave/slaves/20151216-042749-33554442-5050-15894-S1/frameworks/20151216-042749-33554442-5050-15894-0000/executors/thermos-1450240560002-www-data-devel-job27-0-73753456-15df-429c-a958-141ec3c454a3/runs/ca297437-69e6-4945-9bca-660d9693f9d9'
I1216 04:36:00.259397 19434 containerizer.cpp:472] Starting container 'ca297437-69e6-4945-9bca-660d9693f9d9' for executor 'thermos-1450240560002-www-data-devel-job27-0-73753456-15df-429c-a958-141ec3c454a3' of framework '20151216-042749-33554442-5050-15894-0000'
I1216 04:36:00.259871 19428 slave.cpp:1378] Queuing task '1450240560002-www-data-devel-job27-0-73753456-15df-429c-a958-141ec3c454a3' for executor thermos-1450240560002-www-data-devel-job27-0-73753456-15df-429c-a958-141ec3c454a3 of framework '20151216-042749-33554442-5050-15894-0000
I1216 04:36:00.260854 19434 launcher.cpp:130] Forked child with pid '20999' for container 'ca297437-69e6-4945-9bca-660d9693f9d9'
I1216 04:36:00.261070 19434 containerizer.cpp:682] Checkpointing executor's forked pid 20999 to '/var/lib/mesos/slave/meta/slaves/20151216-042749-33554442-5050-15894-S1/frameworks/20151216-042749-33554442-5050-15894-0000/executors/thermos-1450240560002-www-data-devel-job27-0-73753456-15df-429c-a958-141ec3c454a3/runs/ca297437-69e6-4945-9bca-660d9693f9d9/pids/forked.pid'
I1216 04:36:00.271284 19438 fetcher.cpp:238] Fetching URIs using command '/usr/libexec/mesos/mesos-fetcher'
I1216 04:36:00.373064 19430 slave.cpp:3135] Monitoring executor 'thermos-1450240560002-www-data-devel-job27-0-73753456-15df-429c-a958-141ec3c454a3' of framework '20151216-042749-33554442-5050-15894-0000' in container 'ca297437-69e6-4945-9bca-660d9693f9d9'
I1216 04:36:00.880064 19438 slave.cpp:2141] Got registration for executor 'thermos-1450240560002-www-data-devel-job27-0-73753456-15df-429c-a958-141ec3c454a3' of framework 20151216-042749-33554442-5050-15894-0000 from executor(1)@10.0.0.5:33766
I1216 04:36:00.880969 19435 slave.cpp:1532] Sending queued task '1450240560002-www-data-devel-job27-0-73753456-15df-429c-a958-141ec3c454a3' to executor 'thermos-1450240560002-www-data-devel-job27-0-73753456-15df-429c-a958-141ec3c454a3' of framework 20151216-042749-33554442-5050-15894-0000
I1216 04:36:00.886926 19439 slave.cpp:2508] Handling status update TASK_STARTING (UUID: 0c12dc52-25ee-45a9-b92c-7449c1f5c81e) for task 1450240560002-www-data-devel-job27-0-73753456-15df-429c-a958-141ec3c454a3 of framework 20151216-042749-33554442-5050-15894-0000 from executor(1)@10.0.0.5:33766
I1216 04:36:00.887805 19439 status_update_manager.cpp:317] Received status update TASK_STARTING (UUID: 0c12dc52-25ee-45a9-b92c-7449c1f5c81e) for task 1450240560002-www-data-devel-job27-0-73753456-15df-429c-a958-141ec3c454a3 of framework 20151216-042749-33554442-5050-15894-0000
I1216 04:36:00.888191 19439 status_update_manager.hpp:346] Checkpointing UPDATE for status update TASK_STARTING (UUID: 0c12dc52-25ee-45a9-b92c-7449c1f5c81e) for task 1450240560002-www-data-devel-job27-0-73753456-15df-429c-a958-141ec3c454a3 of framework 20151216-042749-33554442-5050-15894-0000
I1216 04:36:00.891229 19429 slave.cpp:2753] Forwarding the update TASK_STARTING (UUID: 0c12dc52-25ee-45a9-b92c-7449c1f5c81e) for task 1450240560002-www-data-devel-job27-0-73753456-15df-429c-a958-141ec3c454a3 of framework 20151216-042749-33554442-5050-15894-0000 to master@10.0.0.2:5050
I1216 04:36:00.891358 19429 slave.cpp:2686] Sending acknowledgement for status update TASK_STARTING (UUID: 0c12dc52-25ee-45a9-b92c-7449c1f5c81e) for task 1450240560002-www-data-devel-job27-0-73753456-15df-429c-a958-141ec3c454a3 of framework 20151216-042749-33554442-5050-15894-0000 to executor(1)@10.0.0.5:33766
I1216 04:36:00.915199 19426 status_update_manager.cpp:389] Received status update acknowledgement (UUID: 0c12dc52-25ee-45a9-b92c-7449c1f5c81e) for task 1450240560002-www-data-devel-job27-0-73753456-15df-429c-a958-141ec3c454a3 of framework 20151216-042749-33554442-5050-15894-0000
I1216 04:36:00.915305 19426 status_update_manager.hpp:346] Checkpointing ACK for status update TASK_STARTING (UUID: 0c12dc52-25ee-45a9-b92c-7449c1f5c81e) for task 1450240560002-www-data-devel-job27-0-73753456-15df-429c-a958-141ec3c454a3 of framework 20151216-042749-33554442-5050-15894-0000
I1216 04:36:01.450445 19424 slave.cpp:2508] Handling status update TASK_RUNNING (UUID: 9933bf14-c356-40a8-880c-0dea9dcb62e2) for task 1450240560002-www-data-devel-job27-0-73753456-15df-429c-a958-141ec3c454a3 of framework 20151216-042749-33554442-5050-15894-0000 from executor(1)@10.0.0.5:33766
I1216 04:36:01.450600 19434 status_update_manager.cpp:317] Received status update TASK_RUNNING (UUID: 9933bf14-c356-40a8-880c-0dea9dcb62e2) for task 1450240560002-www-data-devel-job27-0-73753456-15df-429c-a958-141ec3c454a3 of framework 20151216-042749-33554442-5050-15894-0000
I1216 04:36:01.450681 19434 status_update_manager.hpp:346] Checkpointing UPDATE for status update TASK_RUNNING (UUID: 9933bf14-c356-40a8-880c-0dea9dcb62e2) for task 1450240560002-www-data-devel-job27-0-73753456-15df-429c-a958-141ec3c454a3 of framework 20151216-042749-33554442-5050-15894-0000
I1216 04:36:01.453569 19424 slave.cpp:2753] Forwarding the update TASK_RUNNING (UUID: 9933bf14-c356-40a8-880c-0dea9dcb62e2) for task 1450240560002-www-data-devel-job27-0-73753456-15df-429c-a958-141ec3c454a3 of framework 20151216-042749-33554442-5050-15894-0000 to master@10.0.0.2:5050
I1216 04:36:01.453722 19424 slave.cpp:2686] Sending acknowledgement for status update TASK_RUNNING (UUID: 9933bf14-c356-40a8-880c-0dea9dcb62e2) for task 1450240560002-www-data-devel-job27-0-73753456-15df-429c-a958-141ec3c454a3 of framework 20151216-042749-33554442-5050-15894-0000 to executor(1)@10.0.0.5:33766
I1216 04:36:01.461853 19434 status_update_manager.cpp:389] Received status update acknowledgement (UUID: 9933bf14-c356-40a8-880c-0dea9dcb62e2) for task 1450240560002-www-data-devel-job27-0-73753456-15df-429c-a958-141ec3c454a3 of framework 20151216-042749-33554442-5050-15894-0000
I1216 04:36:01.461889 19434 status_update_manager.hpp:346] Checkpointing ACK for status update TASK_RUNNING (UUID: 9933bf14-c356-40a8-880c-0dea9dcb62e2) for task 1450240560002-www-data-devel-job27-0-73753456-15df-429c-a958-141ec3c454a3 of framework 20151216-042749-33554442-5050-15894-0000
I1216 04:36:05.626512 19435 slave.cpp:1121] Got assigned task 1450240560173-www-data-devel-job34-0-6748e836-09da-43a2-971f-2da13186937b for framework 20151216-042749-33554442-5050-15894-0000
I1216 04:36:05.626842 19435 slave.cpp:1231] Launching task 1450240560173-www-data-devel-job34-0-6748e836-09da-43a2-971f-2da13186937b for framework 20151216-042749-33554442-5050-15894-0000
I1216 04:36:05.629845 19435 slave.cpp:4160] Launching executor thermos-1450240560173-www-data-devel-job34-0-6748e836-09da-43a2-971f-2da13186937b of framework 20151216-042749-33554442-5050-15894-0000 in work directory '/var/lib/mesos/slave/slaves/20151216-042749-33554442-5050-15894-S1/frameworks/20151216-042749-33554442-5050-15894-0000/executors/thermos-1450240560173-www-data-devel-job34-0-6748e836-09da-43a2-971f-2da13186937b/runs/7f0a93d8-6829-45b5-a376-72a0d3fdf26b'
I1216 04:36:05.629989 19434 containerizer.cpp:472] Starting container '7f0a93d8-6829-45b5-a376-72a0d3fdf26b' for executor 'thermos-1450240560173-www-data-devel-job34-0-6748e836-09da-43a2-971f-2da13186937b' of framework '20151216-042749-33554442-5050-15894-0000'
I1216 04:36:05.630645 19435 slave.cpp:1378] Queuing task '1450240560173-www-data-devel-job34-0-6748e836-09da-43a2-971f-2da13186937b' for executor thermos-1450240560173-www-data-devel-job34-0-6748e836-09da-43a2-971f-2da13186937b of framework '20151216-042749-33554442-5050-15894-0000
I1216 04:36:05.631983 19433 launcher.cpp:130] Forked child with pid '21052' for container '7f0a93d8-6829-45b5-a376-72a0d3fdf26b'
I1216 04:36:05.632702 19433 containerizer.cpp:682] Checkpointing executor's forked pid 21052 to '/var/lib/mesos/slave/meta/slaves/20151216-042749-33554442-5050-15894-S1/frameworks/20151216-042749-33554442-5050-15894-0000/executors/thermos-1450240560173-www-data-devel-job34-0-6748e836-09da-43a2-971f-2da13186937b/runs/7f0a93d8-6829-45b5-a376-72a0d3fdf26b/pids/forked.pid'
I1216 04:36:05.638567 19426 fetcher.cpp:238] Fetching URIs using command '/usr/libexec/mesos/mesos-fetcher'
I1216 04:36:05.797406 19438 slave.cpp:3135] Monitoring executor 'thermos-1450240560173-www-data-devel-job34-0-6748e836-09da-43a2-971f-2da13186937b' of framework '20151216-042749-33554442-5050-15894-0000' in container '7f0a93d8-6829-45b5-a376-72a0d3fdf26b'
I1216 04:36:06.289175 19430 slave.cpp:2141] Got registration for executor 'thermos-1450240560173-www-data-devel-job34-0-6748e836-09da-43a2-971f-2da13186937b' of framework 20151216-042749-33554442-5050-15894-0000 from executor(1)@10.0.0.5:44290
I1216 04:36:06.294689 19432 slave.cpp:1532] Sending queued task '1450240560173-www-data-devel-job34-0-6748e836-09da-43a2-971f-2da13186937b' to executor 'thermos-1450240560173-www-data-devel-job34-0-6748e836-09da-43a2-971f-2da13186937b' of framework 20151216-042749-33554442-5050-15894-0000
I1216 04:36:06.301442 19438 slave.cpp:2508] Handling status update TASK_STARTING (UUID: d4cd93df-aad8-4b22-80d4-e58a376df1fe) for task 1450240560173-www-data-devel-job34-0-6748e836-09da-43a2-971f-2da13186937b of framework 20151216-042749-33554442-5050-15894-0000 from executor(1)@10.0.0.5:44290
I1216 04:36:06.301625 19435 status_update_manager.cpp:317] Received status update TASK_STARTING (UUID: d4cd93df-aad8-4b22-80d4-e58a376df1fe) for task 1450240560173-www-data-devel-job34-0-6748e836-09da-43a2-971f-2da13186937b of framework 20151216-042749-33554442-5050-15894-0000
I1216 04:36:06.301957 19435 status_update_manager.hpp:346] Checkpointing UPDATE for status update TASK_STARTING (UUID: d4cd93df-aad8-4b22-80d4-e58a376df1fe) for task 1450240560173-www-data-devel-job34-0-6748e836-09da-43a2-971f-2da13186937b of framework 20151216-042749-33554442-5050-15894-0000
I1216 04:36:06.305449 19426 slave.cpp:2753] Forwarding the update TASK_STARTING (UUID: d4cd93df-aad8-4b22-80d4-e58a376df1fe) for task 1450240560173-www-data-devel-job34-0-6748e836-09da-43a2-971f-2da13186937b of framework 20151216-042749-33554442-5050-15894-0000 to master@10.0.0.2:5050
I1216 04:36:06.305564 19426 slave.cpp:2686] Sending acknowledgement for status update TASK_STARTING (UUID: d4cd93df-aad8-4b22-80d4-e58a376df1fe) for task 1450240560173-www-data-devel-job34-0-6748e836-09da-43a2-971f-2da13186937b of framework 20151216-042749-33554442-5050-15894-0000 to executor(1)@10.0.0.5:44290
I1216 04:36:06.328807 19435 status_update_manager.cpp:389] Received status update acknowledgement (UUID: d4cd93df-aad8-4b22-80d4-e58a376df1fe) for task 1450240560173-www-data-devel-job34-0-6748e836-09da-43a2-971f-2da13186937b of framework 20151216-042749-33554442-5050-15894-0000
I1216 04:36:06.328845 19435 status_update_manager.hpp:346] Checkpointing ACK for status update TASK_STARTING (UUID: d4cd93df-aad8-4b22-80d4-e58a376df1fe) for task 1450240560173-www-data-devel-job34-0-6748e836-09da-43a2-971f-2da13186937b of framework 20151216-042749-33554442-5050-15894-0000
I1216 04:36:06.864042 19432 slave.cpp:2508] Handling status update TASK_RUNNING (UUID: 81fa8bb0-fc2d-4e11-b888-76943aefb014) for task 1450240560173-www-data-devel-job34-0-6748e836-09da-43a2-971f-2da13186937b of framework 20151216-042749-33554442-5050-15894-0000 from executor(1)@10.0.0.5:44290
I1216 04:36:06.864256 19438 status_update_manager.cpp:317] Received status update TASK_RUNNING (UUID: 81fa8bb0-fc2d-4e11-b888-76943aefb014) for task 1450240560173-www-data-devel-job34-0-6748e836-09da-43a2-971f-2da13186937b of framework 20151216-042749-33554442-5050-15894-0000
I1216 04:36:06.864331 19438 status_update_manager.hpp:346] Checkpointing UPDATE for status update TASK_RUNNING (UUID: 81fa8bb0-fc2d-4e11-b888-76943aefb014) for task 1450240560173-www-data-devel-job34-0-6748e836-09da-43a2-971f-2da13186937b of framework 20151216-042749-33554442-5050-15894-0000
I1216 04:36:06.867291 19429 slave.cpp:2753] Forwarding the update TASK_RUNNING (UUID: 81fa8bb0-fc2d-4e11-b888-76943aefb014) for task 1450240560173-www-data-devel-job34-0-6748e836-09da-43a2-971f-2da13186937b of framework 20151216-042749-33554442-5050-15894-0000 to master@10.0.0.2:5050
I1216 04:36:06.867476 19429 slave.cpp:2686] Sending acknowledgement for status update TASK_RUNNING (UUID: 81fa8bb0-fc2d-4e11-b888-76943aefb014) for task 1450240560173-www-data-devel-job34-0-6748e836-09da-43a2-971f-2da13186937b of framework 20151216-042749-33554442-5050-15894-0000 to executor(1)@10.0.0.5:44290
I1216 04:36:06.881144 19438 status_update_manager.cpp:389] Received status update acknowledgement (UUID: 81fa8bb0-fc2d-4e11-b888-76943aefb014) for task 1450240560173-www-data-devel-job34-0-6748e836-09da-43a2-971f-2da13186937b of framework 20151216-042749-33554442-5050-15894-0000
I1216 04:36:06.881242 19438 status_update_manager.hpp:346] Checkpointing ACK for status update TASK_RUNNING (UUID: 81fa8bb0-fc2d-4e11-b888-76943aefb014) for task 1450240560173-www-data-devel-job34-0-6748e836-09da-43a2-971f-2da13186937b of framework 20151216-042749-33554442-5050-15894-0000
I1216 04:36:09.592329 19432 slave.cpp:2508] Handling status update TASK_FINISHED (UUID: 7202ce7e-53d3-42dc-8d6c-a30c41f9addc) for task 1450240560002-www-data-devel-job27-0-73753456-15df-429c-a958-141ec3c454a3 of framework 20151216-042749-33554442-5050-15894-0000 from executor(1)@10.0.0.5:33766
I1216 04:36:09.593255 19431 status_update_manager.cpp:317] Received status update TASK_FINISHED (UUID: 7202ce7e-53d3-42dc-8d6c-a30c41f9addc) for task 1450240560002-www-data-devel-job27-0-73753456-15df-429c-a958-141ec3c454a3 of framework 20151216-042749-33554442-5050-15894-0000
I1216 04:36:09.593353 19431 status_update_manager.hpp:346] Checkpointing UPDATE for status update TASK_FINISHED (UUID: 7202ce7e-53d3-42dc-8d6c-a30c41f9addc) for task 1450240560002-www-data-devel-job27-0-73753456-15df-429c-a958-141ec3c454a3 of framework 20151216-042749-33554442-5050-15894-0000
I1216 04:36:09.597128 19425 slave.cpp:2753] Forwarding the update TASK_FINISHED (UUID: 7202ce7e-53d3-42dc-8d6c-a30c41f9addc) for task 1450240560002-www-data-devel-job27-0-73753456-15df-429c-a958-141ec3c454a3 of framework 20151216-042749-33554442-5050-15894-0000 to master@10.0.0.2:5050
I1216 04:36:09.597306 19425 slave.cpp:2686] Sending acknowledgement for status update TASK_FINISHED (UUID: 7202ce7e-53d3-42dc-8d6c-a30c41f9addc) for task 1450240560002-www-data-devel-job27-0-73753456-15df-429c-a958-141ec3c454a3 of framework 20151216-042749-33554442-5050-15894-0000 to executor(1)@10.0.0.5:33766
I1216 04:36:09.609629 19432 status_update_manager.cpp:389] Received status update acknowledgement (UUID: 7202ce7e-53d3-42dc-8d6c-a30c41f9addc) for task 1450240560002-www-data-devel-job27-0-73753456-15df-429c-a958-141ec3c454a3 of framework 20151216-042749-33554442-5050-15894-0000
I1216 04:36:09.609676 19432 status_update_manager.hpp:346] Checkpointing ACK for status update TASK_FINISHED (UUID: 7202ce7e-53d3-42dc-8d6c-a30c41f9addc) for task 1450240560002-www-data-devel-job27-0-73753456-15df-429c-a958-141ec3c454a3 of framework 20151216-042749-33554442-5050-15894-0000
I1216 04:36:09.646247 19434 slave.cpp:1121] Got assigned task 1450240560096-www-data-devel-job1-0-5367c27f-6581-4fe5-93b8-88718b6ab253 for framework 20151216-042749-33554442-5050-15894-0000
I1216 04:36:09.646617 19434 slave.cpp:1231] Launching task 1450240560096-www-data-devel-job1-0-5367c27f-6581-4fe5-93b8-88718b6ab253 for framework 20151216-042749-33554442-5050-15894-0000
I1216 04:36:09.649857 19434 slave.cpp:4160] Launching executor thermos-1450240560096-www-data-devel-job1-0-5367c27f-6581-4fe5-93b8-88718b6ab253 of framework 20151216-042749-33554442-5050-15894-0000 in work directory '/var/lib/mesos/slave/slaves/20151216-042749-33554442-5050-15894-S1/frameworks/20151216-042749-33554442-5050-15894-0000/executors/thermos-1450240560096-www-data-devel-job1-0-5367c27f-6581-4fe5-93b8-88718b6ab253/runs/0642bc04-695f-4606-9591-a287147fd7a6'
I1216 04:36:09.650074 19432 containerizer.cpp:472] Starting container '0642bc04-695f-4606-9591-a287147fd7a6' for executor 'thermos-1450240560096-www-data-devel-job1-0-5367c27f-6581-4fe5-93b8-88718b6ab253' of framework '20151216-042749-33554442-5050-15894-0000'
I1216 04:36:09.652098 19432 launcher.cpp:130] Forked child with pid '21109' for container '0642bc04-695f-4606-9591-a287147fd7a6'
I1216 04:36:09.652395 19432 containerizer.cpp:682] Checkpointing executor's forked pid 21109 to '/var/lib/mesos/slave/meta/slaves/20151216-042749-33554442-5050-15894-S1/frameworks/20151216-042749-33554442-5050-15894-0000/executors/thermos-1450240560096-www-data-devel-job1-0-5367c27f-6581-4fe5-93b8-88718b6ab253/runs/0642bc04-695f-4606-9591-a287147fd7a6/pids/forked.pid'
I1216 04:36:09.652483 19434 slave.cpp:1378] Queuing task '1450240560096-www-data-devel-job1-0-5367c27f-6581-4fe5-93b8-88718b6ab253' for executor thermos-1450240560096-www-data-devel-job1-0-5367c27f-6581-4fe5-93b8-88718b6ab253 of framework '20151216-042749-33554442-5050-15894-0000
I1216 04:36:09.656191 19427 fetcher.cpp:238] Fetching URIs using command '/usr/libexec/mesos/mesos-fetcher'
I1216 04:36:09.714828 19438 slave.cpp:3135] Monitoring executor 'thermos-1450240560096-www-data-devel-job1-0-5367c27f-6581-4fe5-93b8-88718b6ab253' of framework '20151216-042749-33554442-5050-15894-0000' in container '0642bc04-695f-4606-9591-a287147fd7a6'
I1216 04:36:10.211336 19432 slave.cpp:2141] Got registration for executor 'thermos-1450240560096-www-data-devel-job1-0-5367c27f-6581-4fe5-93b8-88718b6ab253' of framework 20151216-042749-33554442-5050-15894-0000 from executor(1)@10.0.0.5:55593
I1216 04:36:10.212261 19434 slave.cpp:1532] Sending queued task '1450240560096-www-data-devel-job1-0-5367c27f-6581-4fe5-93b8-88718b6ab253' to executor 'thermos-1450240560096-www-data-devel-job1-0-5367c27f-6581-4fe5-93b8-88718b6ab253' of framework 20151216-042749-33554442-5050-15894-0000
I1216 04:36:10.223299 19426 slave.cpp:2508] Handling status update TASK_STARTING (UUID: f594892d-236f-4f12-9ed4-39be2c40d0e9) for task 1450240560096-www-data-devel-job1-0-5367c27f-6581-4fe5-93b8-88718b6ab253 of framework 20151216-042749-33554442-5050-15894-0000 from executor(1)@10.0.0.5:55593
I1216 04:36:10.223423 19426 status_update_manager.cpp:317] Received status update TASK_STARTING (UUID: f594892d-236f-4f12-9ed4-39be2c40d0e9) for task 1450240560096-www-data-devel-job1-0-5367c27f-6581-4fe5-93b8-88718b6ab253 of framework 20151216-042749-33554442-5050-15894-0000
I1216 04:36:10.224666 19426 status_update_manager.hpp:346] Checkpointing UPDATE for status update TASK_STARTING (UUID: f594892d-236f-4f12-9ed4-39be2c40d0e9) for task 1450240560096-www-data-devel-job1-0-5367c27f-6581-4fe5-93b8-88718b6ab253 of framework 20151216-042749-33554442-5050-15894-0000
I1216 04:36:10.227905 19439 slave.cpp:2753] Forwarding the update TASK_STARTING (UUID: f594892d-236f-4f12-9ed4-39be2c40d0e9) for task 1450240560096-www-data-devel-job1-0-5367c27f-6581-4fe5-93b8-88718b6ab253 of framework 20151216-042749-33554442-5050-15894-0000 to master@10.0.0.2:5050
I1216 04:36:10.228021 19439 slave.cpp:2686] Sending acknowledgement for status update TASK_STARTING (UUID: f594892d-236f-4f12-9ed4-39be2c40d0e9) for task 1450240560096-www-data-devel-job1-0-5367c27f-6581-4fe5-93b8-88718b6ab253 of framework 20151216-042749-33554442-5050-15894-0000 to executor(1)@10.0.0.5:55593
I1216 04:36:10.235291 19426 status_update_manager.cpp:389] Received status update acknowledgement (UUID: f594892d-236f-4f12-9ed4-39be2c40d0e9) for task 1450240560096-www-data-devel-job1-0-5367c27f-6581-4fe5-93b8-88718b6ab253 of framework 20151216-042749-33554442-5050-15894-0000
I1216 04:36:10.235326 19426 status_update_manager.hpp:346] Checkpointing ACK for status update TASK_STARTING (UUID: f594892d-236f-4f12-9ed4-39be2c40d0e9) for task 1450240560096-www-data-devel-job1-0-5367c27f-6581-4fe5-93b8-88718b6ab253 of framework 20151216-042749-33554442-5050-15894-0000
I1216 04:36:10.786718 19428 slave.cpp:2508] Handling status update TASK_RUNNING (UUID: c6b93548-e075-40be-a989-cb2356146792) for task 1450240560096-www-data-devel-job1-0-5367c27f-6581-4fe5-93b8-88718b6ab253 of framework 20151216-042749-33554442-5050-15894-0000 from executor(1)@10.0.0.5:55593
I1216 04:36:10.786907 19438 status_update_manager.cpp:317] Received status update TASK_RUNNING (UUID: c6b93548-e075-40be-a989-cb2356146792) for task 1450240560096-www-data-devel-job1-0-5367c27f-6581-4fe5-93b8-88718b6ab253 of framework 20151216-042749-33554442-5050-15894-0000
I1216 04:36:10.786989 19438 status_update_manager.hpp:346] Checkpointing UPDATE for status update TASK_RUNNING (UUID: c6b93548-e075-40be-a989-cb2356146792) for task 1450240560096-www-data-devel-job1-0-5367c27f-6581-4fe5-93b8-88718b6ab253 of framework 20151216-042749-33554442-5050-15894-0000
I1216 04:36:10.790292 19439 slave.cpp:2753] Forwarding the update TASK_RUNNING (UUID: c6b93548-e075-40be-a989-cb2356146792) for task 1450240560096-www-data-devel-job1-0-5367c27f-6581-4fe5-93b8-88718b6ab253 of framework 20151216-042749-33554442-5050-15894-0000 to master@10.0.0.2:5050
I1216 04:36:10.790436 19439 slave.cpp:2686] Sending acknowledgement for status update TASK_RUNNING (UUID: c6b93548-e075-40be-a989-cb2356146792) for task 1450240560096-www-data-devel-job1-0-5367c27f-6581-4fe5-93b8-88718b6ab253 of framework 20151216-042749-33554442-5050-15894-0000 to executor(1)@10.0.0.5:55593
I1216 04:36:10.797612 19438 status_update_manager.cpp:389] Received status update acknowledgement (UUID: c6b93548-e075-40be-a989-cb2356146792) for task 1450240560096-www-data-devel-job1-0-5367c27f-6581-4fe5-93b8-88718b6ab253 of framework 20151216-042749-33554442-5050-15894-0000
I1216 04:36:10.797662 19438 status_update_manager.hpp:346] Checkpointing ACK for status update TASK_RUNNING (UUID: c6b93548-e075-40be-a989-cb2356146792) for task 1450240560096-www-data-devel-job1-0-5367c27f-6581-4fe5-93b8-88718b6ab253 of framework 20151216-042749-33554442-5050-15894-0000
I1216 04:36:12.004107 19428 slave.cpp:2508] Handling status update TASK_FINISHED (UUID: e03a86fa-5e8e-4242-aa08-d776e7ebf7f3) for task 1450240560173-www-data-devel-job34-0-6748e836-09da-43a2-971f-2da13186937b of framework 20151216-042749-33554442-5050-15894-0000 from executor(1)@10.0.0.5:44290
I1216 04:36:12.004660 19432 status_update_manager.cpp:317] Received status update TASK_FINISHED (UUID: e03a86fa-5e8e-4242-aa08-d776e7ebf7f3) for task 1450240560173-www-data-devel-job34-0-6748e836-09da-43a2-971f-2da13186937b of framework 20151216-042749-33554442-5050-15894-0000
I1216 04:36:12.004700 19432 status_update_manager.hpp:346] Checkpointing UPDATE for status update TASK_FINISHED (UUID: e03a86fa-5e8e-4242-aa08-d776e7ebf7f3) for task 1450240560173-www-data-devel-job34-0-6748e836-09da-43a2-971f-2da13186937b of framework 20151216-042749-33554442-5050-15894-0000
I1216 04:36:12.007809 19427 slave.cpp:2753] Forwarding the update TASK_FINISHED (UUID: e03a86fa-5e8e-4242-aa08-d776e7ebf7f3) for task 1450240560173-www-data-devel-job34-0-6748e836-09da-43a2-971f-2da13186937b of framework 20151216-042749-33554442-5050-15894-0000 to master@10.0.0.2:5050
I1216 04:36:12.007896 19427 slave.cpp:2686] Sending acknowledgement for status update TASK_FINISHED (UUID: e03a86fa-5e8e-4242-aa08-d776e7ebf7f3) for task 1450240560173-www-data-devel-job34-0-6748e836-09da-43a2-971f-2da13186937b of framework 20151216-042749-33554442-5050-15894-0000 to executor(1)@10.0.0.5:44290
I1216 04:36:12.016479 19432 status_update_manager.cpp:389] Received status update acknowledgement (UUID: e03a86fa-5e8e-4242-aa08-d776e7ebf7f3) for task 1450240560173-www-data-devel-job34-0-6748e836-09da-43a2-971f-2da13186937b of framework 20151216-042749-33554442-5050-15894-0000
I1216 04:36:12.016520 19432 status_update_manager.hpp:346] Checkpointing ACK for status update TASK_FINISHED (UUID: e03a86fa-5e8e-4242-aa08-d776e7ebf7f3) for task 1450240560173-www-data-devel-job34-0-6748e836-09da-43a2-971f-2da13186937b of framework 20151216-042749-33554442-5050-15894-0000
I1216 04:36:14.638826 19435 containerizer.cpp:1111] Executor for container 'ca297437-69e6-4945-9bca-660d9693f9d9' has exited
I1216 04:36:14.638911 19435 containerizer.cpp:906] Destroying container 'ca297437-69e6-4945-9bca-660d9693f9d9'
I1216 04:36:14.640604 19432 slave.cpp:3193] Executor 'thermos-1450240560002-www-data-devel-job27-0-73753456-15df-429c-a958-141ec3c454a3' of framework 20151216-042749-33554442-5050-15894-0000 exited with status 0
I1216 04:36:14.640719 19432 slave.cpp:3302] Cleaning up executor 'thermos-1450240560002-www-data-devel-job27-0-73753456-15df-429c-a958-141ec3c454a3' of framework 20151216-042749-33554442-5050-15894-0000
I1216 04:36:14.640969 19437 gc.cpp:56] Scheduling '/var/lib/mesos/slave/slaves/20151216-042749-33554442-5050-15894-S1/frameworks/20151216-042749-33554442-5050-15894-0000/executors/thermos-1450240560002-www-data-devel-job27-0-73753456-15df-429c-a958-141ec3c454a3/runs/ca297437-69e6-4945-9bca-660d9693f9d9' for gc 6.99999258195556days in the future
I1216 04:36:14.641032 19437 gc.cpp:56] Scheduling '/var/lib/mesos/slave/slaves/20151216-042749-33554442-5050-15894-S1/frameworks/20151216-042749-33554442-5050-15894-0000/executors/thermos-1450240560002-www-data-devel-job27-0-73753456-15df-429c-a958-141ec3c454a3' for gc 6.99999258102815days in the future
I1216 04:36:14.641075 19437 gc.cpp:56] Scheduling '/var/lib/mesos/slave/meta/slaves/20151216-042749-33554442-5050-15894-S1/frameworks/20151216-042749-33554442-5050-15894-0000/executors/thermos-1450240560002-www-data-devel-job27-0-73753456-15df-429c-a958-141ec3c454a3/runs/ca297437-69e6-4945-9bca-660d9693f9d9' for gc 6.99999258045333days in the future
I1216 04:36:14.641172 19437 gc.cpp:56] Scheduling '/var/lib/mesos/slave/meta/slaves/20151216-042749-33554442-5050-15894-S1/frameworks/20151216-042749-33554442-5050-15894-0000/executors/thermos-1450240560002-www-data-devel-job27-0-73753456-15df-429c-a958-141ec3c454a3' for gc 6.99999257953778days in the future
I1216 04:36:16.031394 19424 slave.cpp:2508] Handling status update TASK_FINISHED (UUID: a8eba563-63ed-4e0d-b925-f8f699f81516) for task 1450240560096-www-data-devel-job1-0-5367c27f-6581-4fe5-93b8-88718b6ab253 of framework 20151216-042749-33554442-5050-15894-0000 from executor(1)@10.0.0.5:55593
I1216 04:36:16.031976 19439 status_update_manager.cpp:317] Received status update TASK_FINISHED (UUID: a8eba563-63ed-4e0d-b925-f8f699f81516) for task 1450240560096-www-data-devel-job1-0-5367c27f-6581-4fe5-93b8-88718b6ab253 of framework 20151216-042749-33554442-5050-15894-0000
I1216 04:36:16.032042 19439 status_update_manager.hpp:346] Checkpointing UPDATE for status update TASK_FINISHED (UUID: a8eba563-63ed-4e0d-b925-f8f699f81516) for task 1450240560096-www-data-devel-job1-0-5367c27f-6581-4fe5-93b8-88718b6ab253 of framework 20151216-042749-33554442-5050-15894-0000
I1216 04:36:16.036730 19426 slave.cpp:2753] Forwarding the update TASK_FINISHED (UUID: a8eba563-63ed-4e0d-b925-f8f699f81516) for task 1450240560096-www-data-devel-job1-0-5367c27f-6581-4fe5-93b8-88718b6ab253 of framework 20151216-042749-33554442-5050-15894-0000 to master@10.0.0.2:5050
I1216 04:36:16.036847 19426 slave.cpp:2686] Sending acknowledgement for status update TASK_FINISHED (UUID: a8eba563-63ed-4e0d-b925-f8f699f81516) for task 1450240560096-www-data-devel-job1-0-5367c27f-6581-4fe5-93b8-88718b6ab253 of framework 20151216-042749-33554442-5050-15894-0000 to executor(1)@10.0.0.5:55593
I1216 04:36:16.047454 19436 status_update_manager.cpp:389] Received status update acknowledgement (UUID: a8eba563-63ed-4e0d-b925-f8f699f81516) for task 1450240560096-www-data-devel-job1-0-5367c27f-6581-4fe5-93b8-88718b6ab253 of framework 20151216-042749-33554442-5050-15894-0000
I1216 04:36:16.047523 19436 status_update_manager.hpp:346] Checkpointing ACK for status update TASK_FINISHED (UUID: a8eba563-63ed-4e0d-b925-f8f699f81516) for task 1450240560096-www-data-devel-job1-0-5367c27f-6581-4fe5-93b8-88718b6ab253 of framework 20151216-042749-33554442-5050-15894-0000
I1216 04:36:17.050973 19432 containerizer.cpp:1111] Executor for container '7f0a93d8-6829-45b5-a376-72a0d3fdf26b' has exited
I1216 04:36:17.051089 19432 containerizer.cpp:906] Destroying container '7f0a93d8-6829-45b5-a376-72a0d3fdf26b'
I1216 04:36:17.052791 19427 slave.cpp:3193] Executor 'thermos-1450240560173-www-data-devel-job34-0-6748e836-09da-43a2-971f-2da13186937b' of framework 20151216-042749-33554442-5050-15894-0000 exited with status 0
I1216 04:36:17.052944 19427 slave.cpp:3302] Cleaning up executor 'thermos-1450240560173-www-data-devel-job34-0-6748e836-09da-43a2-971f-2da13186937b' of framework 20151216-042749-33554442-5050-15894-0000
I1216 04:36:17.053333 19425 gc.cpp:56] Scheduling '/var/lib/mesos/slave/slaves/20151216-042749-33554442-5050-15894-S1/frameworks/20151216-042749-33554442-5050-15894-0000/executors/thermos-1450240560173-www-data-devel-job34-0-6748e836-09da-43a2-971f-2da13186937b/runs/7f0a93d8-6829-45b5-a376-72a0d3fdf26b' for gc 6.99999938341333days in the future
I1216 04:36:17.053408 19425 gc.cpp:56] Scheduling '/var/lib/mesos/slave/slaves/20151216-042749-33554442-5050-15894-S1/frameworks/20151216-042749-33554442-5050-15894-0000/executors/thermos-1450240560173-www-data-devel-job34-0-6748e836-09da-43a2-971f-2da13186937b' for gc 6.99999938215407days in the future
I1216 04:36:17.053550 19428 gc.cpp:56] Scheduling '/var/lib/mesos/slave/meta/slaves/20151216-042749-33554442-5050-15894-S1/frameworks/20151216-042749-33554442-5050-15894-0000/executors/thermos-1450240560173-www-data-devel-job34-0-6748e836-09da-43a2-971f-2da13186937b/runs/7f0a93d8-6829-45b5-a376-72a0d3fdf26b' for gc 6.9999993809037days in the future
