I1218 23:01:09.121786  4977 slave.cpp:1121] Got assigned task 1450479660040-www-data-devel-job4-0-30718c81-1b48-4e86-ba95-7d7027a54967 for framework 20151218-225416-50331658-5050-4978-0000
I1218 23:01:09.122045  4977 slave.cpp:1231] Launching task 1450479660040-www-data-devel-job4-0-30718c81-1b48-4e86-ba95-7d7027a54967 for framework 20151218-225416-50331658-5050-4978-0000
I1218 23:01:09.124011  4977 slave.cpp:4160] Launching executor thermos-1450479660040-www-data-devel-job4-0-30718c81-1b48-4e86-ba95-7d7027a54967 of framework 20151218-225416-50331658-5050-4978-0000 in work directory '/var/lib/mesos/slave/slaves/20151218-225416-50331658-5050-4978-S1/frameworks/20151218-225416-50331658-5050-4978-0000/executors/thermos-1450479660040-www-data-devel-job4-0-30718c81-1b48-4e86-ba95-7d7027a54967/runs/9d587581-fed4-4d49-9cb7-7bdcb396afbf'
I1218 23:01:09.124183  4981 containerizer.cpp:472] Starting container '9d587581-fed4-4d49-9cb7-7bdcb396afbf' for executor 'thermos-1450479660040-www-data-devel-job4-0-30718c81-1b48-4e86-ba95-7d7027a54967' of framework '20151218-225416-50331658-5050-4978-0000'
I1218 23:01:09.124472  4977 slave.cpp:1378] Queuing task '1450479660040-www-data-devel-job4-0-30718c81-1b48-4e86-ba95-7d7027a54967' for executor thermos-1450479660040-www-data-devel-job4-0-30718c81-1b48-4e86-ba95-7d7027a54967 of framework '20151218-225416-50331658-5050-4978-0000
I1218 23:01:09.125517  4981 launcher.cpp:130] Forked child with pid '15195' for container '9d587581-fed4-4d49-9cb7-7bdcb396afbf'
I1218 23:01:09.126473  4981 containerizer.cpp:682] Checkpointing executor's forked pid 15195 to '/var/lib/mesos/slave/meta/slaves/20151218-225416-50331658-5050-4978-S1/frameworks/20151218-225416-50331658-5050-4978-0000/executors/thermos-1450479660040-www-data-devel-job4-0-30718c81-1b48-4e86-ba95-7d7027a54967/runs/9d587581-fed4-4d49-9cb7-7bdcb396afbf/pids/forked.pid'
I1218 23:01:09.129861  4984 fetcher.cpp:238] Fetching URIs using command '/usr/libexec/mesos/mesos-fetcher'
I1218 23:01:09.210464  4974 slave.cpp:3135] Monitoring executor 'thermos-1450479660040-www-data-devel-job4-0-30718c81-1b48-4e86-ba95-7d7027a54967' of framework '20151218-225416-50331658-5050-4978-0000' in container '9d587581-fed4-4d49-9cb7-7bdcb396afbf'
I1218 23:01:09.708530  4978 slave.cpp:2141] Got registration for executor 'thermos-1450479660040-www-data-devel-job4-0-30718c81-1b48-4e86-ba95-7d7027a54967' of framework 20151218-225416-50331658-5050-4978-0000 from executor(1)@10.0.0.6:51142
I1218 23:01:09.709378  4983 slave.cpp:1532] Sending queued task '1450479660040-www-data-devel-job4-0-30718c81-1b48-4e86-ba95-7d7027a54967' to executor 'thermos-1450479660040-www-data-devel-job4-0-30718c81-1b48-4e86-ba95-7d7027a54967' of framework 20151218-225416-50331658-5050-4978-0000
I1218 23:01:09.714879  4973 slave.cpp:2508] Handling status update TASK_STARTING (UUID: 67da9ace-4a13-444d-abde-6446e2dc2c42) for task 1450479660040-www-data-devel-job4-0-30718c81-1b48-4e86-ba95-7d7027a54967 of framework 20151218-225416-50331658-5050-4978-0000 from executor(1)@10.0.0.6:51142
I1218 23:01:09.715020  4976 status_update_manager.cpp:317] Received status update TASK_STARTING (UUID: 67da9ace-4a13-444d-abde-6446e2dc2c42) for task 1450479660040-www-data-devel-job4-0-30718c81-1b48-4e86-ba95-7d7027a54967 of framework 20151218-225416-50331658-5050-4978-0000
I1218 23:01:09.715252  4976 status_update_manager.hpp:346] Checkpointing UPDATE for status update TASK_STARTING (UUID: 67da9ace-4a13-444d-abde-6446e2dc2c42) for task 1450479660040-www-data-devel-job4-0-30718c81-1b48-4e86-ba95-7d7027a54967 of framework 20151218-225416-50331658-5050-4978-0000
I1218 23:01:09.719777  4973 slave.cpp:2753] Forwarding the update TASK_STARTING (UUID: 67da9ace-4a13-444d-abde-6446e2dc2c42) for task 1450479660040-www-data-devel-job4-0-30718c81-1b48-4e86-ba95-7d7027a54967 of framework 20151218-225416-50331658-5050-4978-0000 to master@10.0.0.3:5050
I1218 23:01:09.719880  4973 slave.cpp:2686] Sending acknowledgement for status update TASK_STARTING (UUID: 67da9ace-4a13-444d-abde-6446e2dc2c42) for task 1450479660040-www-data-devel-job4-0-30718c81-1b48-4e86-ba95-7d7027a54967 of framework 20151218-225416-50331658-5050-4978-0000 to executor(1)@10.0.0.6:51142
I1218 23:01:09.731781  4974 status_update_manager.cpp:389] Received status update acknowledgement (UUID: 67da9ace-4a13-444d-abde-6446e2dc2c42) for task 1450479660040-www-data-devel-job4-0-30718c81-1b48-4e86-ba95-7d7027a54967 of framework 20151218-225416-50331658-5050-4978-0000
I1218 23:01:09.731813  4974 status_update_manager.hpp:346] Checkpointing ACK for status update TASK_STARTING (UUID: 67da9ace-4a13-444d-abde-6446e2dc2c42) for task 1450479660040-www-data-devel-job4-0-30718c81-1b48-4e86-ba95-7d7027a54967 of framework 20151218-225416-50331658-5050-4978-0000
I1218 23:01:10.297003  4972 slave.cpp:2508] Handling status update TASK_RUNNING (UUID: e04deb0b-8c8b-4074-a752-e4fe97136940) for task 1450479660040-www-data-devel-job4-0-30718c81-1b48-4e86-ba95-7d7027a54967 of framework 20151218-225416-50331658-5050-4978-0000 from executor(1)@10.0.0.6:51142
I1218 23:01:10.297209  4983 status_update_manager.cpp:317] Received status update TASK_RUNNING (UUID: e04deb0b-8c8b-4074-a752-e4fe97136940) for task 1450479660040-www-data-devel-job4-0-30718c81-1b48-4e86-ba95-7d7027a54967 of framework 20151218-225416-50331658-5050-4978-0000
I1218 23:01:10.297271  4983 status_update_manager.hpp:346] Checkpointing UPDATE for status update TASK_RUNNING (UUID: e04deb0b-8c8b-4074-a752-e4fe97136940) for task 1450479660040-www-data-devel-job4-0-30718c81-1b48-4e86-ba95-7d7027a54967 of framework 20151218-225416-50331658-5050-4978-0000
I1218 23:01:10.301630  4985 slave.cpp:2753] Forwarding the update TASK_RUNNING (UUID: e04deb0b-8c8b-4074-a752-e4fe97136940) for task 1450479660040-www-data-devel-job4-0-30718c81-1b48-4e86-ba95-7d7027a54967 of framework 20151218-225416-50331658-5050-4978-0000 to master@10.0.0.3:5050
I1218 23:01:10.301739  4985 slave.cpp:2686] Sending acknowledgement for status update TASK_RUNNING (UUID: e04deb0b-8c8b-4074-a752-e4fe97136940) for task 1450479660040-www-data-devel-job4-0-30718c81-1b48-4e86-ba95-7d7027a54967 of framework 20151218-225416-50331658-5050-4978-0000 to executor(1)@10.0.0.6:51142
I1218 23:01:10.315080  4972 status_update_manager.cpp:389] Received status update acknowledgement (UUID: e04deb0b-8c8b-4074-a752-e4fe97136940) for task 1450479660040-www-data-devel-job4-0-30718c81-1b48-4e86-ba95-7d7027a54967 of framework 20151218-225416-50331658-5050-4978-0000
I1218 23:01:10.315111  4972 status_update_manager.hpp:346] Checkpointing ACK for status update TASK_RUNNING (UUID: e04deb0b-8c8b-4074-a752-e4fe97136940) for task 1450479660040-www-data-devel-job4-0-30718c81-1b48-4e86-ba95-7d7027a54967 of framework 20151218-225416-50331658-5050-4978-0000
I1218 23:01:11.722985  4980 containerizer.cpp:1111] Executor for container '8d3ebcb4-1f09-4bd2-a76f-5f97b2e6946e' has exited
I1218 23:01:11.723121  4980 containerizer.cpp:906] Destroying container '8d3ebcb4-1f09-4bd2-a76f-5f97b2e6946e'
I1218 23:01:11.724668  4973 slave.cpp:3193] Executor 'thermos-1450479660025-www-data-devel-job5-0-1de11501-9d21-43aa-9328-322672bda8bd' of framework 20151218-225416-50331658-5050-4978-0000 exited with status 0
I1218 23:01:11.724774  4973 slave.cpp:3302] Cleaning up executor 'thermos-1450479660025-www-data-devel-job5-0-1de11501-9d21-43aa-9328-322672bda8bd' of framework 20151218-225416-50331658-5050-4978-0000
I1218 23:01:11.724982  4984 gc.cpp:56] Scheduling '/var/lib/mesos/slave/slaves/20151218-225416-50331658-5050-4978-S1/frameworks/20151218-225416-50331658-5050-4978-0000/executors/thermos-1450479660025-www-data-devel-job5-0-1de11501-9d21-43aa-9328-322672bda8bd/runs/8d3ebcb4-1f09-4bd2-a76f-5f97b2e6946e' for gc 6.99999160958519days in the future
I1218 23:01:11.725029  4984 gc.cpp:56] Scheduling '/var/lib/mesos/slave/slaves/20151218-225416-50331658-5050-4978-S1/frameworks/20151218-225416-50331658-5050-4978-0000/executors/thermos-1450479660025-www-data-devel-job5-0-1de11501-9d21-43aa-9328-322672bda8bd' for gc 6.99999160909926days in the future
I1218 23:01:11.725057  4984 gc.cpp:56] Scheduling '/var/lib/mesos/slave/meta/slaves/20151218-225416-50331658-5050-4978-S1/frameworks/20151218-225416-50331658-5050-4978-0000/executors/thermos-1450479660025-www-data-devel-job5-0-1de11501-9d21-43aa-9328-322672bda8bd/runs/8d3ebcb4-1f09-4bd2-a76f-5f97b2e6946e' for gc 6.99999160879704days in the future
I1218 23:01:11.725075  4984 gc.cpp:56] Scheduling '/var/lib/mesos/slave/meta/slaves/20151218-225416-50331658-5050-4978-S1/frameworks/20151218-225416-50331658-5050-4978-0000/executors/thermos-1450479660025-www-data-devel-job5-0-1de11501-9d21-43aa-9328-322672bda8bd' for gc 6.99999160855407days in the future
I1218 23:01:13.832962  4973 containerizer.cpp:1111] Executor for container 'a64e1572-4a88-48fa-824b-1acb41453018' has exited
I1218 23:01:13.833027  4973 containerizer.cpp:906] Destroying container 'a64e1572-4a88-48fa-824b-1acb41453018'
I1218 23:01:13.834563  4980 slave.cpp:3193] Executor 'thermos-1450479660242-www-data-devel-job8-0-500b43f0-141a-4178-801e-266bcbe712bd' of framework 20151218-225416-50331658-5050-4978-0000 exited with status 0
I1218 23:01:13.834691  4980 slave.cpp:3302] Cleaning up executor 'thermos-1450479660242-www-data-devel-job8-0-500b43f0-141a-4178-801e-266bcbe712bd' of framework 20151218-225416-50331658-5050-4978-0000
I1218 23:01:13.834880  4978 gc.cpp:56] Scheduling '/var/lib/mesos/slave/slaves/20151218-225416-50331658-5050-4978-S1/frameworks/20151218-225416-50331658-5050-4978-0000/executors/thermos-1450479660242-www-data-devel-job8-0-500b43f0-141a-4178-801e-266bcbe712bd/runs/a64e1572-4a88-48fa-824b-1acb41453018' for gc 6.99999033751111days in the future
I1218 23:01:13.834950  4978 gc.cpp:56] Scheduling '/var/lib/mesos/slave/slaves/20151218-225416-50331658-5050-4978-S1/frameworks/20151218-225416-50331658-5050-4978-0000/executors/thermos-1450479660242-www-data-devel-job8-0-500b43f0-141a-4178-801e-266bcbe712bd' for gc 6.99999033650667days in the future
I1218 23:01:13.834970  4978 gc.cpp:56] Scheduling '/var/lib/mesos/slave/meta/slaves/20151218-225416-50331658-5050-4978-S1/frameworks/20151218-225416-50331658-5050-4978-0000/executors/thermos-1450479660242-www-data-devel-job8-0-500b43f0-141a-4178-801e-266bcbe712bd/runs/a64e1572-4a88-48fa-824b-1acb41453018' for gc 6.99999033612148days in the future
I1218 23:01:13.834986  4978 gc.cpp:56] Scheduling '/var/lib/mesos/slave/meta/slaves/20151218-225416-50331658-5050-4978-S1/frameworks/20151218-225416-50331658-5050-4978-0000/executors/thermos-1450479660242-www-data-devel-job8-0-500b43f0-141a-4178-801e-266bcbe712bd' for gc 6.99999033587852days in the future
I1218 23:01:15.477128  4982 slave.cpp:3618] Current disk usage 66.94%. Max allowed age: 1.613900920467685days
I1218 23:01:17.376935  4985 slave.cpp:1121] Got assigned task 1450479660069-www-data-devel-job15-0-89560f93-62d3-48a8-9e81-89b8b11b39de for framework 20151218-225416-50331658-5050-4978-0000
I1218 23:01:17.377167  4985 slave.cpp:1231] Launching task 1450479660069-www-data-devel-job15-0-89560f93-62d3-48a8-9e81-89b8b11b39de for framework 20151218-225416-50331658-5050-4978-0000
I1218 23:01:17.378921  4985 slave.cpp:4160] Launching executor thermos-1450479660069-www-data-devel-job15-0-89560f93-62d3-48a8-9e81-89b8b11b39de of framework 20151218-225416-50331658-5050-4978-0000 in work directory '/var/lib/mesos/slave/slaves/20151218-225416-50331658-5050-4978-S1/frameworks/20151218-225416-50331658-5050-4978-0000/executors/thermos-1450479660069-www-data-devel-job15-0-89560f93-62d3-48a8-9e81-89b8b11b39de/runs/6b5581cb-a933-466f-90fa-13c92ebcab2b'
I1218 23:01:17.379189  4981 containerizer.cpp:472] Starting container '6b5581cb-a933-466f-90fa-13c92ebcab2b' for executor 'thermos-1450479660069-www-data-devel-job15-0-89560f93-62d3-48a8-9e81-89b8b11b39de' of framework '20151218-225416-50331658-5050-4978-0000'
I1218 23:01:17.379556  4985 slave.cpp:1378] Queuing task '1450479660069-www-data-devel-job15-0-89560f93-62d3-48a8-9e81-89b8b11b39de' for executor thermos-1450479660069-www-data-devel-job15-0-89560f93-62d3-48a8-9e81-89b8b11b39de of framework '20151218-225416-50331658-5050-4978-0000
I1218 23:01:17.380532  4981 launcher.cpp:130] Forked child with pid '15248' for container '6b5581cb-a933-466f-90fa-13c92ebcab2b'
I1218 23:01:17.381702  4981 containerizer.cpp:682] Checkpointing executor's forked pid 15248 to '/var/lib/mesos/slave/meta/slaves/20151218-225416-50331658-5050-4978-S1/frameworks/20151218-225416-50331658-5050-4978-0000/executors/thermos-1450479660069-www-data-devel-job15-0-89560f93-62d3-48a8-9e81-89b8b11b39de/runs/6b5581cb-a933-466f-90fa-13c92ebcab2b/pids/forked.pid'
I1218 23:01:17.385828  4981 fetcher.cpp:238] Fetching URIs using command '/usr/libexec/mesos/mesos-fetcher'
I1218 23:01:17.451616  4972 slave.cpp:3135] Monitoring executor 'thermos-1450479660069-www-data-devel-job15-0-89560f93-62d3-48a8-9e81-89b8b11b39de' of framework '20151218-225416-50331658-5050-4978-0000' in container '6b5581cb-a933-466f-90fa-13c92ebcab2b'
I1218 23:01:17.973510  4986 slave.cpp:2141] Got registration for executor 'thermos-1450479660069-www-data-devel-job15-0-89560f93-62d3-48a8-9e81-89b8b11b39de' of framework 20151218-225416-50331658-5050-4978-0000 from executor(1)@10.0.0.6:59025
I1218 23:01:17.974766  4985 slave.cpp:1532] Sending queued task '1450479660069-www-data-devel-job15-0-89560f93-62d3-48a8-9e81-89b8b11b39de' to executor 'thermos-1450479660069-www-data-devel-job15-0-89560f93-62d3-48a8-9e81-89b8b11b39de' of framework 20151218-225416-50331658-5050-4978-0000
I1218 23:01:17.981180  4981 slave.cpp:2508] Handling status update TASK_STARTING (UUID: 47401e0b-f602-4470-aeca-1697894949cf) for task 1450479660069-www-data-devel-job15-0-89560f93-62d3-48a8-9e81-89b8b11b39de of framework 20151218-225416-50331658-5050-4978-0000 from executor(1)@10.0.0.6:59025
I1218 23:01:17.981362  4982 status_update_manager.cpp:317] Received status update TASK_STARTING (UUID: 47401e0b-f602-4470-aeca-1697894949cf) for task 1450479660069-www-data-devel-job15-0-89560f93-62d3-48a8-9e81-89b8b11b39de of framework 20151218-225416-50331658-5050-4978-0000
I1218 23:01:17.981585  4982 status_update_manager.hpp:346] Checkpointing UPDATE for status update TASK_STARTING (UUID: 47401e0b-f602-4470-aeca-1697894949cf) for task 1450479660069-www-data-devel-job15-0-89560f93-62d3-48a8-9e81-89b8b11b39de of framework 20151218-225416-50331658-5050-4978-0000
I1218 23:01:17.986002  4973 slave.cpp:2753] Forwarding the update TASK_STARTING (UUID: 47401e0b-f602-4470-aeca-1697894949cf) for task 1450479660069-www-data-devel-job15-0-89560f93-62d3-48a8-9e81-89b8b11b39de of framework 20151218-225416-50331658-5050-4978-0000 to master@10.0.0.3:5050
I1218 23:01:17.986106  4973 slave.cpp:2686] Sending acknowledgement for status update TASK_STARTING (UUID: 47401e0b-f602-4470-aeca-1697894949cf) for task 1450479660069-www-data-devel-job15-0-89560f93-62d3-48a8-9e81-89b8b11b39de of framework 20151218-225416-50331658-5050-4978-0000 to executor(1)@10.0.0.6:59025
I1218 23:01:17.994632  4982 status_update_manager.cpp:389] Received status update acknowledgement (UUID: 47401e0b-f602-4470-aeca-1697894949cf) for task 1450479660069-www-data-devel-job15-0-89560f93-62d3-48a8-9e81-89b8b11b39de of framework 20151218-225416-50331658-5050-4978-0000
I1218 23:01:17.994679  4982 status_update_manager.hpp:346] Checkpointing ACK for status update TASK_STARTING (UUID: 47401e0b-f602-4470-aeca-1697894949cf) for task 1450479660069-www-data-devel-job15-0-89560f93-62d3-48a8-9e81-89b8b11b39de of framework 20151218-225416-50331658-5050-4978-0000
I1218 23:01:18.564038  4985 slave.cpp:2508] Handling status update TASK_RUNNING (UUID: c85e545e-6fc8-40a9-9d49-d445302c8e78) for task 1450479660069-www-data-devel-job15-0-89560f93-62d3-48a8-9e81-89b8b11b39de of framework 20151218-225416-50331658-5050-4978-0000 from executor(1)@10.0.0.6:59025
I1218 23:01:18.564193  4985 status_update_manager.cpp:317] Received status update TASK_RUNNING (UUID: c85e545e-6fc8-40a9-9d49-d445302c8e78) for task 1450479660069-www-data-devel-job15-0-89560f93-62d3-48a8-9e81-89b8b11b39de of framework 20151218-225416-50331658-5050-4978-0000
I1218 23:01:18.564255  4985 status_update_manager.hpp:346] Checkpointing UPDATE for status update TASK_RUNNING (UUID: c85e545e-6fc8-40a9-9d49-d445302c8e78) for task 1450479660069-www-data-devel-job15-0-89560f93-62d3-48a8-9e81-89b8b11b39de of framework 20151218-225416-50331658-5050-4978-0000
I1218 23:01:18.567823  4983 slave.cpp:2753] Forwarding the update TASK_RUNNING (UUID: c85e545e-6fc8-40a9-9d49-d445302c8e78) for task 1450479660069-www-data-devel-job15-0-89560f93-62d3-48a8-9e81-89b8b11b39de of framework 20151218-225416-50331658-5050-4978-0000 to master@10.0.0.3:5050
I1218 23:01:18.567929  4983 slave.cpp:2686] Sending acknowledgement for status update TASK_RUNNING (UUID: c85e545e-6fc8-40a9-9d49-d445302c8e78) for task 1450479660069-www-data-devel-job15-0-89560f93-62d3-48a8-9e81-89b8b11b39de of framework 20151218-225416-50331658-5050-4978-0000 to executor(1)@10.0.0.6:59025
I1218 23:01:18.574995  4985 status_update_manager.cpp:389] Received status update acknowledgement (UUID: c85e545e-6fc8-40a9-9d49-d445302c8e78) for task 1450479660069-www-data-devel-job15-0-89560f93-62d3-48a8-9e81-89b8b11b39de of framework 20151218-225416-50331658-5050-4978-0000
I1218 23:01:18.575057  4985 status_update_manager.hpp:346] Checkpointing ACK for status update TASK_RUNNING (UUID: c85e545e-6fc8-40a9-9d49-d445302c8e78) for task 1450479660069-www-data-devel-job15-0-89560f93-62d3-48a8-9e81-89b8b11b39de of framework 20151218-225416-50331658-5050-4978-0000
I1218 23:01:20.453101  4977 slave.cpp:2508] Handling status update TASK_FINISHED (UUID: 143f4512-f8d0-4019-be5f-a78767117fdf) for task 1450479660040-www-data-devel-job4-0-30718c81-1b48-4e86-ba95-7d7027a54967 of framework 20151218-225416-50331658-5050-4978-0000 from executor(1)@10.0.0.6:51142
I1218 23:01:20.453723  4986 status_update_manager.cpp:317] Received status update TASK_FINISHED (UUID: 143f4512-f8d0-4019-be5f-a78767117fdf) for task 1450479660040-www-data-devel-job4-0-30718c81-1b48-4e86-ba95-7d7027a54967 of framework 20151218-225416-50331658-5050-4978-0000
I1218 23:01:20.453761  4986 status_update_manager.hpp:346] Checkpointing UPDATE for status update TASK_FINISHED (UUID: 143f4512-f8d0-4019-be5f-a78767117fdf) for task 1450479660040-www-data-devel-job4-0-30718c81-1b48-4e86-ba95-7d7027a54967 of framework 20151218-225416-50331658-5050-4978-0000
I1218 23:01:20.461880  4971 slave.cpp:2753] Forwarding the update TASK_FINISHED (UUID: 143f4512-f8d0-4019-be5f-a78767117fdf) for task 1450479660040-www-data-devel-job4-0-30718c81-1b48-4e86-ba95-7d7027a54967 of framework 20151218-225416-50331658-5050-4978-0000 to master@10.0.0.3:5050
I1218 23:01:20.462005  4971 slave.cpp:2686] Sending acknowledgement for status update TASK_FINISHED (UUID: 143f4512-f8d0-4019-be5f-a78767117fdf) for task 1450479660040-www-data-devel-job4-0-30718c81-1b48-4e86-ba95-7d7027a54967 of framework 20151218-225416-50331658-5050-4978-0000 to executor(1)@10.0.0.6:51142
I1218 23:01:20.475273  4973 status_update_manager.cpp:389] Received status update acknowledgement (UUID: 143f4512-f8d0-4019-be5f-a78767117fdf) for task 1450479660040-www-data-devel-job4-0-30718c81-1b48-4e86-ba95-7d7027a54967 of framework 20151218-225416-50331658-5050-4978-0000
I1218 23:01:20.475337  4973 status_update_manager.hpp:346] Checkpointing ACK for status update TASK_FINISHED (UUID: 143f4512-f8d0-4019-be5f-a78767117fdf) for task 1450479660040-www-data-devel-job4-0-30718c81-1b48-4e86-ba95-7d7027a54967 of framework 20151218-225416-50331658-5050-4978-0000
I1218 23:01:25.488694  4983 containerizer.cpp:1111] Executor for container '9d587581-fed4-4d49-9cb7-7bdcb396afbf' has exited
I1218 23:01:25.488751  4983 containerizer.cpp:906] Destroying container '9d587581-fed4-4d49-9cb7-7bdcb396afbf'
I1218 23:01:25.490236  4980 slave.cpp:3193] Executor 'thermos-1450479660040-www-data-devel-job4-0-30718c81-1b48-4e86-ba95-7d7027a54967' of framework 20151218-225416-50331658-5050-4978-0000 exited with status 0
I1218 23:01:25.490375  4980 slave.cpp:3302] Cleaning up executor 'thermos-1450479660040-www-data-devel-job4-0-30718c81-1b48-4e86-ba95-7d7027a54967' of framework 20151218-225416-50331658-5050-4978-0000
I1218 23:01:25.490576  4977 gc.cpp:56] Scheduling '/var/lib/mesos/slave/slaves/20151218-225416-50331658-5050-4978-S1/frameworks/20151218-225416-50331658-5050-4978-0000/executors/thermos-1450479660040-www-data-devel-job4-0-30718c81-1b48-4e86-ba95-7d7027a54967/runs/9d587581-fed4-4d49-9cb7-7bdcb396afbf' for gc 6.99999432254815days in the future
I1218 23:01:25.490624  4977 gc.cpp:56] Scheduling '/var/lib/mesos/slave/slaves/20151218-225416-50331658-5050-4978-S1/frameworks/20151218-225416-50331658-5050-4978-0000/executors/thermos-1450479660040-www-data-devel-job4-0-30718c81-1b48-4e86-ba95-7d7027a54967' for gc 6.99999432188741days in the future
I1218 23:01:25.490643  4977 gc.cpp:56] Scheduling '/var/lib/mesos/slave/meta/slaves/20151218-225416-50331658-5050-4978-S1/frameworks/20151218-225416-50331658-5050-4978-0000/executors/thermos-1450479660040-www-data-devel-job4-0-30718c81-1b48-4e86-ba95-7d7027a54967/runs/9d587581-fed4-4d49-9cb7-7bdcb396afbf' for gc 6.99999432154963days in the future
I1218 23:01:25.490659  4977 gc.cpp:56] Scheduling '/var/lib/mesos/slave/meta/slaves/20151218-225416-50331658-5050-4978-S1/frameworks/20151218-225416-50331658-5050-4978-0000/executors/thermos-1450479660040-www-data-devel-job4-0-30718c81-1b48-4e86-ba95-7d7027a54967' for gc 6.99999432123852days in the future
I1218 23:01:27.717443  4976 slave.cpp:2508] Handling status update TASK_FINISHED (UUID: c149321f-74dd-47a1-826c-4b48cb2342a9) for task 1450479660069-www-data-devel-job15-0-89560f93-62d3-48a8-9e81-89b8b11b39de of framework 20151218-225416-50331658-5050-4978-0000 from executor(1)@10.0.0.6:59025
I1218 23:01:27.718111  4976 status_update_manager.cpp:317] Received status update TASK_FINISHED (UUID: c149321f-74dd-47a1-826c-4b48cb2342a9) for task 1450479660069-www-data-devel-job15-0-89560f93-62d3-48a8-9e81-89b8b11b39de of framework 20151218-225416-50331658-5050-4978-0000
I1218 23:01:27.718164  4976 status_update_manager.hpp:346] Checkpointing UPDATE for status update TASK_FINISHED (UUID: c149321f-74dd-47a1-826c-4b48cb2342a9) for task 1450479660069-www-data-devel-job15-0-89560f93-62d3-48a8-9e81-89b8b11b39de of framework 20151218-225416-50331658-5050-4978-0000
I1218 23:01:27.724730  4971 slave.cpp:2753] Forwarding the update TASK_FINISHED (UUID: c149321f-74dd-47a1-826c-4b48cb2342a9) for task 1450479660069-www-data-devel-job15-0-89560f93-62d3-48a8-9e81-89b8b11b39de of framework 20151218-225416-50331658-5050-4978-0000 to master@10.0.0.3:5050
I1218 23:01:27.724989  4971 slave.cpp:2686] Sending acknowledgement for status update TASK_FINISHED (UUID: c149321f-74dd-47a1-826c-4b48cb2342a9) for task 1450479660069-www-data-devel-job15-0-89560f93-62d3-48a8-9e81-89b8b11b39de of framework 20151218-225416-50331658-5050-4978-0000 to executor(1)@10.0.0.6:59025
I1218 23:01:27.736908  4979 status_update_manager.cpp:389] Received status update acknowledgement (UUID: c149321f-74dd-47a1-826c-4b48cb2342a9) for task 1450479660069-www-data-devel-job15-0-89560f93-62d3-48a8-9e81-89b8b11b39de of framework 20151218-225416-50331658-5050-4978-0000
I1218 23:01:27.736970  4979 status_update_manager.hpp:346] Checkpointing ACK for status update TASK_FINISHED (UUID: c149321f-74dd-47a1-826c-4b48cb2342a9) for task 1450479660069-www-data-devel-job15-0-89560f93-62d3-48a8-9e81-89b8b11b39de of framework 20151218-225416-50331658-5050-4978-0000
I1218 23:01:32.823999  4973 containerizer.cpp:1111] Executor for container '6b5581cb-a933-466f-90fa-13c92ebcab2b' has exited
I1218 23:01:32.824095  4973 containerizer.cpp:906] Destroying container '6b5581cb-a933-466f-90fa-13c92ebcab2b'
I1218 23:01:32.825884  4971 slave.cpp:3193] Executor 'thermos-1450479660069-www-data-devel-job15-0-89560f93-62d3-48a8-9e81-89b8b11b39de' of framework 20151218-225416-50331658-5050-4978-0000 exited with status 0
I1218 23:01:32.826035  4971 slave.cpp:3302] Cleaning up executor 'thermos-1450479660069-www-data-devel-job15-0-89560f93-62d3-48a8-9e81-89b8b11b39de' of framework 20151218-225416-50331658-5050-4978-0000
I1218 23:01:32.826314  4983 gc.cpp:56] Scheduling '/var/lib/mesos/slave/slaves/20151218-225416-50331658-5050-4978-S1/frameworks/20151218-225416-50331658-5050-4978-0000/executors/thermos-1450479660069-www-data-devel-job15-0-89560f93-62d3-48a8-9e81-89b8b11b39de/runs/6b5581cb-a933-466f-90fa-13c92ebcab2b' for gc 6.99999043685037days in the future
I1218 23:01:32.826382  4971 slave.cpp:3381] Cleaning up framework 20151218-225416-50331658-5050-4978-0000
I1218 23:01:32.826386  4983 gc.cpp:56] Scheduling '/var/lib/mesos/slave/slaves/20151218-225416-50331658-5050-4978-S1/frameworks/20151218-225416-50331658-5050-4978-0000/executors/thermos-1450479660069-www-data-devel-job15-0-89560f93-62d3-48a8-9e81-89b8b11b39de' for gc 6.99999043608593days in the future
I1218 23:01:32.826460  4983 gc.cpp:56] Scheduling '/var/lib/mesos/slave/meta/slaves/20151218-225416-50331658-5050-4978-S1/frameworks/20151218-225416-50331658-5050-4978-0000/executors/thermos-1450479660069-www-data-devel-job15-0-89560f93-62d3-48a8-9e81-89b8b11b39de/runs/6b5581cb-a933-466f-90fa-13c92ebcab2b' for gc 6.99999043575407days in the future
I1218 23:01:32.826472  4973 status_update_manager.cpp:279] Closing status update streams for framework 20151218-225416-50331658-5050-4978-0000
I1218 23:01:32.826485  4983 gc.cpp:56] Scheduling '/var/lib/mesos/slave/meta/slaves/20151218-225416-50331658-5050-4978-S1/frameworks/20151218-225416-50331658-5050-4978-0000/executors/thermos-1450479660069-www-data-devel-job15-0-89560f93-62d3-48a8-9e81-89b8b11b39de' for gc 6.99999043548444days in the future
I1218 23:01:32.826699  4983 gc.cpp:56] Scheduling '/var/lib/mesos/slave/slaves/20151218-225416-50331658-5050-4978-S1/frameworks/20151218-225416-50331658-5050-4978-0000' for gc 6.99999043438815days in the future
I1218 23:01:32.826735  4983 gc.cpp:56] Scheduling '/var/lib/mesos/slave/meta/slaves/20151218-225416-50331658-5050-4978-S1/frameworks/20151218-225416-50331658-5050-4978-0000' for gc 6.99999043411852days in the future
I1218 23:01:33.579643  4974 slave.cpp:3534] Framework 20151218-225416-50331658-5050-4978-0000 seems to have exited. Ignoring registration timeout for executor 'thermos-1450479600125-www-data-devel-job11-0-3d60a982-fdfc-4df1-a419-648f6b9cf771'
I1218 23:01:33.800979  4978 slave.cpp:1121] Got assigned task 1450479660092-www-data-devel-job13-0-9f21991e-1498-4320-9b38-a999f50acea4 for framework 20151218-225416-50331658-5050-4978-0000
I1218 23:01:33.803067  4978 gc.cpp:84] Unscheduling '/var/lib/mesos/slave/slaves/20151218-225416-50331658-5050-4978-S1/frameworks/20151218-225416-50331658-5050-4978-0000' from gc
I1218 23:01:33.803251  4981 gc.cpp:84] Unscheduling '/var/lib/mesos/slave/meta/slaves/20151218-225416-50331658-5050-4978-S1/frameworks/20151218-225416-50331658-5050-4978-0000' from gc
I1218 23:01:33.803392  4981 slave.cpp:1231] Launching task 1450479660092-www-data-devel-job13-0-9f21991e-1498-4320-9b38-a999f50acea4 for framework 20151218-225416-50331658-5050-4978-0000
I1218 23:01:33.805809  4981 slave.cpp:4160] Launching executor thermos-1450479660092-www-data-devel-job13-0-9f21991e-1498-4320-9b38-a999f50acea4 of framework 20151218-225416-50331658-5050-4978-0000 in work directory '/var/lib/mesos/slave/slaves/20151218-225416-50331658-5050-4978-S1/frameworks/20151218-225416-50331658-5050-4978-0000/executors/thermos-1450479660092-www-data-devel-job13-0-9f21991e-1498-4320-9b38-a999f50acea4/runs/31a148c6-ce28-4dfa-84f5-10f58c2d1118'
I1218 23:01:33.805945  4972 containerizer.cpp:472] Starting container '31a148c6-ce28-4dfa-84f5-10f58c2d1118' for executor 'thermos-1450479660092-www-data-devel-job13-0-9f21991e-1498-4320-9b38-a999f50acea4' of framework '20151218-225416-50331658-5050-4978-0000'
I1218 23:01:33.806541  4981 slave.cpp:1378] Queuing task '1450479660092-www-data-devel-job13-0-9f21991e-1498-4320-9b38-a999f50acea4' for executor thermos-1450479660092-www-data-devel-job13-0-9f21991e-1498-4320-9b38-a999f50acea4 of framework '20151218-225416-50331658-5050-4978-0000
I1218 23:01:33.807354  4972 launcher.cpp:130] Forked child with pid '15309' for container '31a148c6-ce28-4dfa-84f5-10f58c2d1118'
I1218 23:01:33.807538  4972 containerizer.cpp:682] Checkpointing executor's forked pid 15309 to '/var/lib/mesos/slave/meta/slaves/20151218-225416-50331658-5050-4978-S1/frameworks/20151218-225416-50331658-5050-4978-0000/executors/thermos-1450479660092-www-data-devel-job13-0-9f21991e-1498-4320-9b38-a999f50acea4/runs/31a148c6-ce28-4dfa-84f5-10f58c2d1118/pids/forked.pid'
I1218 23:01:33.810765  4972 fetcher.cpp:238] Fetching URIs using command '/usr/libexec/mesos/mesos-fetcher'
I1218 23:01:33.930135  4986 slave.cpp:3135] Monitoring executor 'thermos-1450479660092-www-data-devel-job13-0-9f21991e-1498-4320-9b38-a999f50acea4' of framework '20151218-225416-50331658-5050-4978-0000' in container '31a148c6-ce28-4dfa-84f5-10f58c2d1118'
I1218 23:01:34.444058  4982 slave.cpp:2141] Got registration for executor 'thermos-1450479660092-www-data-devel-job13-0-9f21991e-1498-4320-9b38-a999f50acea4' of framework 20151218-225416-50331658-5050-4978-0000 from executor(1)@10.0.0.6:36021
I1218 23:01:34.456300  4985 slave.cpp:1532] Sending queued task '1450479660092-www-data-devel-job13-0-9f21991e-1498-4320-9b38-a999f50acea4' to executor 'thermos-1450479660092-www-data-devel-job13-0-9f21991e-1498-4320-9b38-a999f50acea4' of framework 20151218-225416-50331658-5050-4978-0000
I1218 23:01:34.462507  4982 slave.cpp:2508] Handling status update TASK_STARTING (UUID: 48462eeb-4385-446f-9ea4-fbccdbe87893) for task 1450479660092-www-data-devel-job13-0-9f21991e-1498-4320-9b38-a999f50acea4 of framework 20151218-225416-50331658-5050-4978-0000 from executor(1)@10.0.0.6:36021
I1218 23:01:34.462641  4982 status_update_manager.cpp:317] Received status update TASK_STARTING (UUID: 48462eeb-4385-446f-9ea4-fbccdbe87893) for task 1450479660092-www-data-devel-job13-0-9f21991e-1498-4320-9b38-a999f50acea4 of framework 20151218-225416-50331658-5050-4978-0000
I1218 23:01:34.462839  4982 status_update_manager.hpp:346] Checkpointing UPDATE for status update TASK_STARTING (UUID: 48462eeb-4385-446f-9ea4-fbccdbe87893) for task 1450479660092-www-data-devel-job13-0-9f21991e-1498-4320-9b38-a999f50acea4 of framework 20151218-225416-50331658-5050-4978-0000
I1218 23:01:34.467161  4978 slave.cpp:2753] Forwarding the update TASK_STARTING (UUID: 48462eeb-4385-446f-9ea4-fbccdbe87893) for task 1450479660092-www-data-devel-job13-0-9f21991e-1498-4320-9b38-a999f50acea4 of framework 20151218-225416-50331658-5050-4978-0000 to master@10.0.0.3:5050
I1218 23:01:34.467321  4978 slave.cpp:2686] Sending acknowledgement for status update TASK_STARTING (UUID: 48462eeb-4385-446f-9ea4-fbccdbe87893) for task 1450479660092-www-data-devel-job13-0-9f21991e-1498-4320-9b38-a999f50acea4 of framework 20151218-225416-50331658-5050-4978-0000 to executor(1)@10.0.0.6:36021
I1218 23:01:34.478965  4982 status_update_manager.cpp:389] Received status update acknowledgement (UUID: 48462eeb-4385-446f-9ea4-fbccdbe87893) for task 1450479660092-www-data-devel-job13-0-9f21991e-1498-4320-9b38-a999f50acea4 of framework 20151218-225416-50331658-5050-4978-0000
I1218 23:01:34.479025  4982 status_update_manager.hpp:346] Checkpointing ACK for status update TASK_STARTING (UUID: 48462eeb-4385-446f-9ea4-fbccdbe87893) for task 1450479660092-www-data-devel-job13-0-9f21991e-1498-4320-9b38-a999f50acea4 of framework 20151218-225416-50331658-5050-4978-0000
I1218 23:01:35.045433  4976 slave.cpp:2508] Handling status update TASK_RUNNING (UUID: bf7163a5-3a82-4377-9193-2ec3da31c188) for task 1450479660092-www-data-devel-job13-0-9f21991e-1498-4320-9b38-a999f50acea4 of framework 20151218-225416-50331658-5050-4978-0000 from executor(1)@10.0.0.6:36021
I1218 23:01:35.045581  4976 status_update_manager.cpp:317] Received status update TASK_RUNNING (UUID: bf7163a5-3a82-4377-9193-2ec3da31c188) for task 1450479660092-www-data-devel-job13-0-9f21991e-1498-4320-9b38-a999f50acea4 of framework 20151218-225416-50331658-5050-4978-0000
I1218 23:01:35.045641  4976 status_update_manager.hpp:346] Checkpointing UPDATE for status update TASK_RUNNING (UUID: bf7163a5-3a82-4377-9193-2ec3da31c188) for task 1450479660092-www-data-devel-job13-0-9f21991e-1498-4320-9b38-a999f50acea4 of framework 20151218-225416-50331658-5050-4978-0000
I1218 23:01:35.049665  4976 slave.cpp:2753] Forwarding the update TASK_RUNNING (UUID: bf7163a5-3a82-4377-9193-2ec3da31c188) for task 1450479660092-www-data-devel-job13-0-9f21991e-1498-4320-9b38-a999f50acea4 of framework 20151218-225416-50331658-5050-4978-0000 to master@10.0.0.3:5050
I1218 23:01:35.049777  4976 slave.cpp:2686] Sending acknowledgement for status update TASK_RUNNING (UUID: bf7163a5-3a82-4377-9193-2ec3da31c188) for task 1450479660092-www-data-devel-job13-0-9f21991e-1498-4320-9b38-a999f50acea4 of framework 20151218-225416-50331658-5050-4978-0000 to executor(1)@10.0.0.6:36021
I1218 23:01:35.059911  4979 status_update_manager.cpp:389] Received status update acknowledgement (UUID: bf7163a5-3a82-4377-9193-2ec3da31c188) for task 1450479660092-www-data-devel-job13-0-9f21991e-1498-4320-9b38-a999f50acea4 of framework 20151218-225416-50331658-5050-4978-0000
I1218 23:01:35.059978  4979 status_update_manager.hpp:346] Checkpointing ACK for status update TASK_RUNNING (UUID: bf7163a5-3a82-4377-9193-2ec3da31c188) for task 1450479660092-www-data-devel-job13-0-9f21991e-1498-4320-9b38-a999f50acea4 of framework 20151218-225416-50331658-5050-4978-0000
I1218 23:01:43.706719  4986 slave.cpp:2508] Handling status update TASK_FINISHED (UUID: 5c9cde40-6373-4631-b74d-2bc9180bf690) for task 1450479660092-www-data-devel-job13-0-9f21991e-1498-4320-9b38-a999f50acea4 of framework 20151218-225416-50331658-5050-4978-0000 from executor(1)@10.0.0.6:36021
I1218 23:01:43.707646  4983 status_update_manager.cpp:317] Received status update TASK_FINISHED (UUID: 5c9cde40-6373-4631-b74d-2bc9180bf690) for task 1450479660092-www-data-devel-job13-0-9f21991e-1498-4320-9b38-a999f50acea4 of framework 20151218-225416-50331658-5050-4978-0000
I1218 23:01:43.707753  4983 status_update_manager.hpp:346] Checkpointing UPDATE for status update TASK_FINISHED (UUID: 5c9cde40-6373-4631-b74d-2bc9180bf690) for task 1450479660092-www-data-devel-job13-0-9f21991e-1498-4320-9b38-a999f50acea4 of framework 20151218-225416-50331658-5050-4978-0000
I1218 23:01:43.712363  4984 slave.cpp:2753] Forwarding the update TASK_FINISHED (UUID: 5c9cde40-6373-4631-b74d-2bc9180bf690) for task 1450479660092-www-data-devel-job13-0-9f21991e-1498-4320-9b38-a999f50acea4 of framework 20151218-225416-50331658-5050-4978-0000 to master@10.0.0.3:5050
I1218 23:01:43.712482  4984 slave.cpp:2686] Sending acknowledgement for status update TASK_FINISHED (UUID: 5c9cde40-6373-4631-b74d-2bc9180bf690) for task 1450479660092-www-data-devel-job13-0-9f21991e-1498-4320-9b38-a999f50acea4 of framework 20151218-225416-50331658-5050-4978-0000 to executor(1)@10.0.0.6:36021
I1218 23:01:43.727982  4983 status_update_manager.cpp:389] Received status update acknowledgement (UUID: 5c9cde40-6373-4631-b74d-2bc9180bf690) for task 1450479660092-www-data-devel-job13-0-9f21991e-1498-4320-9b38-a999f50acea4 of framework 20151218-225416-50331658-5050-4978-0000
I1218 23:01:43.728049  4983 status_update_manager.hpp:346] Checkpointing ACK for status update TASK_FINISHED (UUID: 5c9cde40-6373-4631-b74d-2bc9180bf690) for task 1450479660092-www-data-devel-job13-0-9f21991e-1498-4320-9b38-a999f50acea4 of framework 20151218-225416-50331658-5050-4978-0000
I1218 23:01:48.797760  4972 containerizer.cpp:1111] Executor for container '31a148c6-ce28-4dfa-84f5-10f58c2d1118' has exited
I1218 23:01:48.797819  4972 containerizer.cpp:906] Destroying container '31a148c6-ce28-4dfa-84f5-10f58c2d1118'
I1218 23:01:48.799629  4986 slave.cpp:3193] Executor 'thermos-1450479660092-www-data-devel-job13-0-9f21991e-1498-4320-9b38-a999f50acea4' of framework 20151218-225416-50331658-5050-4978-0000 exited with status 0
I1218 23:01:48.799792  4986 slave.cpp:3302] Cleaning up executor 'thermos-1450479660092-www-data-devel-job13-0-9f21991e-1498-4320-9b38-a999f50acea4' of framework 20151218-225416-50331658-5050-4978-0000
I1218 23:01:48.800078  4977 gc.cpp:56] Scheduling '/var/lib/mesos/slave/slaves/20151218-225416-50331658-5050-4978-S1/frameworks/20151218-225416-50331658-5050-4978-0000/executors/thermos-1450479660092-www-data-devel-job13-0-9f21991e-1498-4320-9b38-a999f50acea4/runs/31a148c6-ce28-4dfa-84f5-10f58c2d1118' for gc 6.99999074054222days in the future
I1218 23:01:48.800132  4986 slave.cpp:3381] Cleaning up framework 20151218-225416-50331658-5050-4978-0000
I1218 23:01:48.800142  4977 gc.cpp:56] Scheduling '/var/lib/mesos/slave/slaves/20151218-225416-50331658-5050-4978-S1/frameworks/20151218-225416-50331658-5050-4978-0000/executors/thermos-1450479660092-www-data-devel-job13-0-9f21991e-1498-4320-9b38-a999f50acea4' for gc 6.99999073988444days in the future
I1218 23:01:48.800214  4977 gc.cpp:56] Scheduling '/var/lib/mesos/slave/meta/slaves/20151218-225416-50331658-5050-4978-S1/frameworks/20151218-225416-50331658-5050-4978-0000/executors/thermos-1450479660092-www-data-devel-job13-0-9f21991e-1498-4320-9b38-a999f50acea4/runs/31a148c6-ce28-4dfa-84f5-10f58c2d1118' for gc 6.99999073954963days in the future
I1218 23:01:48.800215  4972 status_update_manager.cpp:279] Closing status update streams for framework 20151218-225416-50331658-5050-4978-0000
I1218 23:01:48.800268  4977 gc.cpp:56] Scheduling '/var/lib/mesos/slave/meta/slaves/20151218-225416-50331658-5050-4978-S1/frameworks/20151218-225416-50331658-5050-4978-0000/executors/thermos-1450479660092-www-data-devel-job13-0-9f21991e-1498-4320-9b38-a999f50acea4' for gc 6.99999073929482days in the future
I1218 23:01:48.800365  4977 gc.cpp:56] Scheduling '/var/lib/mesos/slave/slaves/20151218-225416-50331658-5050-4978-S1/frameworks/20151218-225416-50331658-5050-4978-0000' for gc 6.99999073823111days in the future
I1218 23:01:48.800420  4977 gc.cpp:56] Scheduling '/var/lib/mesos/slave/meta/slaves/20151218-225416-50331658-5050-4978-S1/frameworks/20151218-225416-50331658-5050-4978-0000' for gc 6.99999073776593days in the future
I1218 23:02:00.223557  4984 slave.cpp:1121] Got assigned task 1450479720003-www-data-devel-job3-0-3c551b73-4bef-41d4-a316-6f192081a61c for framework 20151218-225416-50331658-5050-4978-0000
I1218 23:02:00.225201  4984 gc.cpp:84] Unscheduling '/var/lib/mesos/slave/slaves/20151218-225416-50331658-5050-4978-S1/frameworks/20151218-225416-50331658-5050-4978-0000' from gc
I1218 23:02:00.225307  4973 gc.cpp:84] Unscheduling '/var/lib/mesos/slave/meta/slaves/20151218-225416-50331658-5050-4978-S1/frameworks/20151218-225416-50331658-5050-4978-0000' from gc
I1218 23:02:00.225400  4973 slave.cpp:1231] Launching task 1450479720003-www-data-devel-job3-0-3c551b73-4bef-41d4-a316-6f192081a61c for framework 20151218-225416-50331658-5050-4978-0000
I1218 23:02:00.228085  4973 slave.cpp:4160] Launching executor thermos-1450479720003-www-data-devel-job3-0-3c551b73-4bef-41d4-a316-6f192081a61c of framework 20151218-225416-50331658-5050-4978-0000 in work directory '/var/lib/mesos/slave/slaves/20151218-225416-50331658-5050-4978-S1/frameworks/20151218-225416-50331658-5050-4978-0000/executors/thermos-1450479720003-www-data-devel-job3-0-3c551b73-4bef-41d4-a316-6f192081a61c/runs/a9851cfc-2f7b-4958-a93d-03e96be609f6'
I1218 23:02:00.228235  4984 containerizer.cpp:472] Starting container 'a9851cfc-2f7b-4958-a93d-03e96be609f6' for executor 'thermos-1450479720003-www-data-devel-job3-0-3c551b73-4bef-41d4-a316-6f192081a61c' of framework '20151218-225416-50331658-5050-4978-0000'
I1218 23:02:00.228523  4973 slave.cpp:1378] Queuing task '1450479720003-www-data-devel-job3-0-3c551b73-4bef-41d4-a316-6f192081a61c' for executor thermos-1450479720003-www-data-devel-job3-0-3c551b73-4bef-41d4-a316-6f192081a61c of framework '20151218-225416-50331658-5050-4978-0000
I1218 23:02:00.229356  4985 launcher.cpp:130] Forked child with pid '15366' for container 'a9851cfc-2f7b-4958-a93d-03e96be609f6'
I1218 23:02:00.229573  4985 containerizer.cpp:682] Checkpointing executor's forked pid 15366 to '/var/lib/mesos/slave/meta/slaves/20151218-225416-50331658-5050-4978-S1/frameworks/20151218-225416-50331658-5050-4978-0000/executors/thermos-1450479720003-www-data-devel-job3-0-3c551b73-4bef-41d4-a316-6f192081a61c/runs/a9851cfc-2f7b-4958-a93d-03e96be609f6/pids/forked.pid'
I1218 23:02:00.233683  4980 fetcher.cpp:238] Fetching URIs using command '/usr/libexec/mesos/mesos-fetcher'
I1218 23:02:00.349967  4973 slave.cpp:3135] Monitoring executor 'thermos-1450479720003-www-data-devel-job3-0-3c551b73-4bef-41d4-a316-6f192081a61c' of framework '20151218-225416-50331658-5050-4978-0000' in container 'a9851cfc-2f7b-4958-a93d-03e96be609f6'
I1218 23:02:00.851871  4973 slave.cpp:2141] Got registration for executor 'thermos-1450479720003-www-data-devel-job3-0-3c551b73-4bef-41d4-a316-6f192081a61c' of framework 20151218-225416-50331658-5050-4978-0000 from executor(1)@10.0.0.6:32779
I1218 23:02:00.852655  4973 slave.cpp:1532] Sending queued task '1450479720003-www-data-devel-job3-0-3c551b73-4bef-41d4-a316-6f192081a61c' to executor 'thermos-1450479720003-www-data-devel-job3-0-3c551b73-4bef-41d4-a316-6f192081a61c' of framework 20151218-225416-50331658-5050-4978-0000
I1218 23:02:00.858387  4977 slave.cpp:2508] Handling status update TASK_STARTING (UUID: de451819-2414-43ef-a84c-2b0d7bfc9f0d) for task 1450479720003-www-data-devel-job3-0-3c551b73-4bef-41d4-a316-6f192081a61c of framework 20151218-225416-50331658-5050-4978-0000 from executor(1)@10.0.0.6:32779
I1218 23:02:00.858557  4981 status_update_manager.cpp:317] Received status update TASK_STARTING (UUID: de451819-2414-43ef-a84c-2b0d7bfc9f0d) for task 1450479720003-www-data-devel-job3-0-3c551b73-4bef-41d4-a316-6f192081a61c of framework 20151218-225416-50331658-5050-4978-0000
I1218 23:02:00.858795  4981 status_update_manager.hpp:346] Checkpointing UPDATE for status update TASK_STARTING (UUID: de451819-2414-43ef-a84c-2b0d7bfc9f0d) for task 1450479720003-www-data-devel-job3-0-3c551b73-4bef-41d4-a316-6f192081a61c of framework 20151218-225416-50331658-5050-4978-0000
I1218 23:02:00.863862  4977 slave.cpp:2753] Forwarding the update TASK_STARTING (UUID: de451819-2414-43ef-a84c-2b0d7bfc9f0d) for task 1450479720003-www-data-devel-job3-0-3c551b73-4bef-41d4-a316-6f192081a61c of framework 20151218-225416-50331658-5050-4978-0000 to master@10.0.0.3:5050
I1218 23:02:00.863989  4977 slave.cpp:2686] Sending acknowledgement for status update TASK_STARTING (UUID: de451819-2414-43ef-a84c-2b0d7bfc9f0d) for task 1450479720003-www-data-devel-job3-0-3c551b73-4bef-41d4-a316-6f192081a61c of framework 20151218-225416-50331658-5050-4978-0000 to executor(1)@10.0.0.6:32779
I1218 23:02:00.877298  4976 status_update_manager.cpp:389] Received status update acknowledgement (UUID: de451819-2414-43ef-a84c-2b0d7bfc9f0d) for task 1450479720003-www-data-devel-job3-0-3c551b73-4bef-41d4-a316-6f192081a61c of framework 20151218-225416-50331658-5050-4978-0000
I1218 23:02:00.877375  4976 status_update_manager.hpp:346] Checkpointing ACK for status update TASK_STARTING (UUID: de451819-2414-43ef-a84c-2b0d7bfc9f0d) for task 1450479720003-www-data-devel-job3-0-3c551b73-4bef-41d4-a316-6f192081a61c of framework 20151218-225416-50331658-5050-4978-0000
I1218 23:02:01.441999  4976 slave.cpp:2508] Handling status update TASK_RUNNING (UUID: 1ce5c1ee-6b62-4691-9fc8-4aeb521eebd5) for task 1450479720003-www-data-devel-job3-0-3c551b73-4bef-41d4-a316-6f192081a61c of framework 20151218-225416-50331658-5050-4978-0000 from executor(1)@10.0.0.6:32779
I1218 23:02:01.442150  4984 status_update_manager.cpp:317] Received status update TASK_RUNNING (UUID: 1ce5c1ee-6b62-4691-9fc8-4aeb521eebd5) for task 1450479720003-www-data-devel-job3-0-3c551b73-4bef-41d4-a316-6f192081a61c of framework 20151218-225416-50331658-5050-4978-0000
I1218 23:02:01.442188  4984 status_update_manager.hpp:346] Checkpointing UPDATE for status update TASK_RUNNING (UUID: 1ce5c1ee-6b62-4691-9fc8-4aeb521eebd5) for task 1450479720003-www-data-devel-job3-0-3c551b73-4bef-41d4-a316-6f192081a61c of framework 20151218-225416-50331658-5050-4978-0000
I1218 23:02:01.446300  4973 slave.cpp:2753] Forwarding the update TASK_RUNNING (UUID: 1ce5c1ee-6b62-4691-9fc8-4aeb521eebd5) for task 1450479720003-www-data-devel-job3-0-3c551b73-4bef-41d4-a316-6f192081a61c of framework 20151218-225416-50331658-5050-4978-0000 to master@10.0.0.3:5050
I1218 23:02:01.446413  4973 slave.cpp:2686] Sending acknowledgement for status update TASK_RUNNING (UUID: 1ce5c1ee-6b62-4691-9fc8-4aeb521eebd5) for task 1450479720003-www-data-devel-job3-0-3c551b73-4bef-41d4-a316-6f192081a61c of framework 20151218-225416-50331658-5050-4978-0000 to executor(1)@10.0.0.6:32779
I1218 23:02:01.464956  4976 status_update_manager.cpp:389] Received status update acknowledgement (UUID: 1ce5c1ee-6b62-4691-9fc8-4aeb521eebd5) for task 1450479720003-www-data-devel-job3-0-3c551b73-4bef-41d4-a316-6f192081a61c of framework 20151218-225416-50331658-5050-4978-0000
I1218 23:02:01.465031  4976 status_update_manager.hpp:346] Checkpointing ACK for status update TASK_RUNNING (UUID: 1ce5c1ee-6b62-4691-9fc8-4aeb521eebd5) for task 1450479720003-www-data-devel-job3-0-3c551b73-4bef-41d4-a316-6f192081a61c of framework 20151218-225416-50331658-5050-4978-0000
I1218 23:02:06.414449  4972 slave.cpp:1121] Got assigned task 1450479720248-www-data-devel-job7-0-88691985-c814-4366-acbd-7b96d07590c9 for framework 20151218-225416-50331658-5050-4978-0000
I1218 23:02:06.414716  4972 slave.cpp:1231] Launching task 1450479720248-www-data-devel-job7-0-88691985-c814-4366-acbd-7b96d07590c9 for framework 20151218-225416-50331658-5050-4978-0000
I1218 23:02:06.417412  4972 slave.cpp:4160] Launching executor thermos-1450479720248-www-data-devel-job7-0-88691985-c814-4366-acbd-7b96d07590c9 of framework 20151218-225416-50331658-5050-4978-0000 in work directory '/var/lib/mesos/slave/slaves/20151218-225416-50331658-5050-4978-S1/frameworks/20151218-225416-50331658-5050-4978-0000/executors/thermos-1450479720248-www-data-devel-job7-0-88691985-c814-4366-acbd-7b96d07590c9/runs/6f2624e3-e2ee-4cbf-ae11-d006b3797fe7'
I1218 23:02:06.417593  4984 containerizer.cpp:472] Starting container '6f2624e3-e2ee-4cbf-ae11-d006b3797fe7' for executor 'thermos-1450479720248-www-data-devel-job7-0-88691985-c814-4366-acbd-7b96d07590c9' of framework '20151218-225416-50331658-5050-4978-0000'
I1218 23:02:06.420318  4984 launcher.cpp:130] Forked child with pid '15420' for container '6f2624e3-e2ee-4cbf-ae11-d006b3797fe7'
I1218 23:02:06.420397  4972 slave.cpp:1378] Queuing task '1450479720248-www-data-devel-job7-0-88691985-c814-4366-acbd-7b96d07590c9' for executor thermos-1450479720248-www-data-devel-job7-0-88691985-c814-4366-acbd-7b96d07590c9 of framework '20151218-225416-50331658-5050-4978-0000
I1218 23:02:06.420676  4984 containerizer.cpp:682] Checkpointing executor's forked pid 15420 to '/var/lib/mesos/slave/meta/slaves/20151218-225416-50331658-5050-4978-S1/frameworks/20151218-225416-50331658-5050-4978-0000/executors/thermos-1450479720248-www-data-devel-job7-0-88691985-c814-4366-acbd-7b96d07590c9/runs/6f2624e3-e2ee-4cbf-ae11-d006b3797fe7/pids/forked.pid'
I1218 23:02:06.425603  4983 fetcher.cpp:238] Fetching URIs using command '/usr/libexec/mesos/mesos-fetcher'
I1218 23:02:06.579809  4978 slave.cpp:3135] Monitoring executor 'thermos-1450479720248-www-data-devel-job7-0-88691985-c814-4366-acbd-7b96d07590c9' of framework '20151218-225416-50331658-5050-4978-0000' in container '6f2624e3-e2ee-4cbf-ae11-d006b3797fe7'
I1218 23:02:07.080384  4977 slave.cpp:2141] Got registration for executor 'thermos-1450479720248-www-data-devel-job7-0-88691985-c814-4366-acbd-7b96d07590c9' of framework 20151218-225416-50331658-5050-4978-0000 from executor(1)@10.0.0.6:36332
I1218 23:02:07.081398  4971 slave.cpp:1532] Sending queued task '1450479720248-www-data-devel-job7-0-88691985-c814-4366-acbd-7b96d07590c9' to executor 'thermos-1450479720248-www-data-devel-job7-0-88691985-c814-4366-acbd-7b96d07590c9' of framework 20151218-225416-50331658-5050-4978-0000
I1218 23:02:07.087258  4973 slave.cpp:2508] Handling status update TASK_STARTING (UUID: 88d4d825-94b3-42fb-b07f-8ac6cf647567) for task 1450479720248-www-data-devel-job7-0-88691985-c814-4366-acbd-7b96d07590c9 of framework 20151218-225416-50331658-5050-4978-0000 from executor(1)@10.0.0.6:36332
I1218 23:02:07.087430  4974 status_update_manager.cpp:317] Received status update TASK_STARTING (UUID: 88d4d825-94b3-42fb-b07f-8ac6cf647567) for task 1450479720248-www-data-devel-job7-0-88691985-c814-4366-acbd-7b96d07590c9 of framework 20151218-225416-50331658-5050-4978-0000
I1218 23:02:07.087658  4974 status_update_manager.hpp:346] Checkpointing UPDATE for status update TASK_STARTING (UUID: 88d4d825-94b3-42fb-b07f-8ac6cf647567) for task 1450479720248-www-data-devel-job7-0-88691985-c814-4366-acbd-7b96d07590c9 of framework 20151218-225416-50331658-5050-4978-0000
I1218 23:02:07.092216  4984 slave.cpp:2753] Forwarding the update TASK_STARTING (UUID: 88d4d825-94b3-42fb-b07f-8ac6cf647567) for task 1450479720248-www-data-devel-job7-0-88691985-c814-4366-acbd-7b96d07590c9 of framework 20151218-225416-50331658-5050-4978-0000 to master@10.0.0.3:5050
I1218 23:02:07.092371  4984 slave.cpp:2686] Sending acknowledgement for status update TASK_STARTING (UUID: 88d4d825-94b3-42fb-b07f-8ac6cf647567) for task 1450479720248-www-data-devel-job7-0-88691985-c814-4366-acbd-7b96d07590c9 of framework 20151218-225416-50331658-5050-4978-0000 to executor(1)@10.0.0.6:36332
