I1218 23:08:18.179492  4974 status_update_manager.hpp:346] Checkpointing UPDATE for status update TASK_RUNNING (UUID: 2470cb95-aee3-4d31-b8c7-40e043b716c6) for task 1450480080039-www-data-devel-job36-0-41cf21d4-2395-426a-8548-c3063932a373 of framework 20151218-225416-50331658-5050-4978-0000
I1218 23:08:18.183435  4983 slave.cpp:2753] Forwarding the update TASK_RUNNING (UUID: 2470cb95-aee3-4d31-b8c7-40e043b716c6) for task 1450480080039-www-data-devel-job36-0-41cf21d4-2395-426a-8548-c3063932a373 of framework 20151218-225416-50331658-5050-4978-0000 to master@10.0.0.3:5050
I1218 23:08:18.183558  4983 slave.cpp:2686] Sending acknowledgement for status update TASK_RUNNING (UUID: 2470cb95-aee3-4d31-b8c7-40e043b716c6) for task 1450480080039-www-data-devel-job36-0-41cf21d4-2395-426a-8548-c3063932a373 of framework 20151218-225416-50331658-5050-4978-0000 to executor(1)@10.0.0.6:34443
I1218 23:08:18.194435  4973 status_update_manager.cpp:389] Received status update acknowledgement (UUID: 2470cb95-aee3-4d31-b8c7-40e043b716c6) for task 1450480080039-www-data-devel-job36-0-41cf21d4-2395-426a-8548-c3063932a373 of framework 20151218-225416-50331658-5050-4978-0000
I1218 23:08:18.194465  4973 status_update_manager.hpp:346] Checkpointing ACK for status update TASK_RUNNING (UUID: 2470cb95-aee3-4d31-b8c7-40e043b716c6) for task 1450480080039-www-data-devel-job36-0-41cf21d4-2395-426a-8548-c3063932a373 of framework 20151218-225416-50331658-5050-4978-0000
I1218 23:08:26.335644  4977 slave.cpp:2508] Handling status update TASK_FINISHED (UUID: 25f31b98-4cd6-437c-a904-3aa05625d39f) for task 1450480080039-www-data-devel-job36-0-41cf21d4-2395-426a-8548-c3063932a373 of framework 20151218-225416-50331658-5050-4978-0000 from executor(1)@10.0.0.6:34443
I1218 23:08:26.336522  4983 status_update_manager.cpp:317] Received status update TASK_FINISHED (UUID: 25f31b98-4cd6-437c-a904-3aa05625d39f) for task 1450480080039-www-data-devel-job36-0-41cf21d4-2395-426a-8548-c3063932a373 of framework 20151218-225416-50331658-5050-4978-0000
I1218 23:08:26.336591  4983 status_update_manager.hpp:346] Checkpointing UPDATE for status update TASK_FINISHED (UUID: 25f31b98-4cd6-437c-a904-3aa05625d39f) for task 1450480080039-www-data-devel-job36-0-41cf21d4-2395-426a-8548-c3063932a373 of framework 20151218-225416-50331658-5050-4978-0000
I1218 23:08:26.341971  4980 slave.cpp:2753] Forwarding the update TASK_FINISHED (UUID: 25f31b98-4cd6-437c-a904-3aa05625d39f) for task 1450480080039-www-data-devel-job36-0-41cf21d4-2395-426a-8548-c3063932a373 of framework 20151218-225416-50331658-5050-4978-0000 to master@10.0.0.3:5050
I1218 23:08:26.342151  4980 slave.cpp:2686] Sending acknowledgement for status update TASK_FINISHED (UUID: 25f31b98-4cd6-437c-a904-3aa05625d39f) for task 1450480080039-www-data-devel-job36-0-41cf21d4-2395-426a-8548-c3063932a373 of framework 20151218-225416-50331658-5050-4978-0000 to executor(1)@10.0.0.6:34443
I1218 23:08:26.352995  4976 status_update_manager.cpp:389] Received status update acknowledgement (UUID: 25f31b98-4cd6-437c-a904-3aa05625d39f) for task 1450480080039-www-data-devel-job36-0-41cf21d4-2395-426a-8548-c3063932a373 of framework 20151218-225416-50331658-5050-4978-0000
I1218 23:08:26.353039  4976 status_update_manager.hpp:346] Checkpointing ACK for status update TASK_FINISHED (UUID: 25f31b98-4cd6-437c-a904-3aa05625d39f) for task 1450480080039-www-data-devel-job36-0-41cf21d4-2395-426a-8548-c3063932a373 of framework 20151218-225416-50331658-5050-4978-0000
I1218 23:08:31.455750  4977 containerizer.cpp:1111] Executor for container '5d8aa800-6d05-4c82-8029-b7f42656d5f2' has exited
I1218 23:08:31.455798  4977 containerizer.cpp:906] Destroying container '5d8aa800-6d05-4c82-8029-b7f42656d5f2'
I1218 23:08:31.457087  4984 slave.cpp:3193] Executor 'thermos-1450480080039-www-data-devel-job36-0-41cf21d4-2395-426a-8548-c3063932a373' of framework 20151218-225416-50331658-5050-4978-0000 exited with status 0
I1218 23:08:31.457196  4984 slave.cpp:3302] Cleaning up executor 'thermos-1450480080039-www-data-devel-job36-0-41cf21d4-2395-426a-8548-c3063932a373' of framework 20151218-225416-50331658-5050-4978-0000
I1218 23:08:31.457394  4978 gc.cpp:56] Scheduling '/var/lib/mesos/slave/slaves/20151218-225416-50331658-5050-4978-S1/frameworks/20151218-225416-50331658-5050-4978-0000/executors/thermos-1450480080039-www-data-devel-job36-0-41cf21d4-2395-426a-8548-c3063932a373/runs/5d8aa800-6d05-4c82-8029-b7f42656d5f2' for gc 6.99999470659852days in the future
I1218 23:08:31.457444  4978 gc.cpp:56] Scheduling '/var/lib/mesos/slave/slaves/20151218-225416-50331658-5050-4978-S1/frameworks/20151218-225416-50331658-5050-4978-0000/executors/thermos-1450480080039-www-data-devel-job36-0-41cf21d4-2395-426a-8548-c3063932a373' for gc 6.99999470607407days in the future
I1218 23:08:31.457448  4984 slave.cpp:3381] Cleaning up framework 20151218-225416-50331658-5050-4978-0000
I1218 23:08:31.457505  4978 gc.cpp:56] Scheduling '/var/lib/mesos/slave/meta/slaves/20151218-225416-50331658-5050-4978-S1/frameworks/20151218-225416-50331658-5050-4978-0000/executors/thermos-1450480080039-www-data-devel-job36-0-41cf21d4-2395-426a-8548-c3063932a373/runs/5d8aa800-6d05-4c82-8029-b7f42656d5f2' for gc 6.99999470578667days in the future
I1218 23:08:31.457592  4978 gc.cpp:56] Scheduling '/var/lib/mesos/slave/meta/slaves/20151218-225416-50331658-5050-4978-S1/frameworks/20151218-225416-50331658-5050-4978-0000/executors/thermos-1450480080039-www-data-devel-job36-0-41cf21d4-2395-426a-8548-c3063932a373' for gc 6.99999470555556days in the future
I1218 23:08:31.457598  4981 status_update_manager.cpp:279] Closing status update streams for framework 20151218-225416-50331658-5050-4978-0000
I1218 23:08:31.457626  4978 gc.cpp:56] Scheduling '/var/lib/mesos/slave/slaves/20151218-225416-50331658-5050-4978-S1/frameworks/20151218-225416-50331658-5050-4978-0000' for gc 6.9999947037037days in the future
I1218 23:08:31.457674  4978 gc.cpp:56] Scheduling '/var/lib/mesos/slave/meta/slaves/20151218-225416-50331658-5050-4978-S1/frameworks/20151218-225416-50331658-5050-4978-0000' for gc 6.99999470347259days in the future
I1218 23:08:33.366288  4971 slave.cpp:1121] Got assigned task 1450480080196-www-data-devel-job14-0-ebd6371c-6436-4e38-bf0f-ddd4b4b72fa5 for framework 20151218-225416-50331658-5050-4978-0000
I1218 23:08:33.367342  4971 gc.cpp:84] Unscheduling '/var/lib/mesos/slave/slaves/20151218-225416-50331658-5050-4978-S1/frameworks/20151218-225416-50331658-5050-4978-0000' from gc
I1218 23:08:33.368569  4971 gc.cpp:84] Unscheduling '/var/lib/mesos/slave/meta/slaves/20151218-225416-50331658-5050-4978-S1/frameworks/20151218-225416-50331658-5050-4978-0000' from gc
I1218 23:08:33.368672  4971 slave.cpp:1231] Launching task 1450480080196-www-data-devel-job14-0-ebd6371c-6436-4e38-bf0f-ddd4b4b72fa5 for framework 20151218-225416-50331658-5050-4978-0000
I1218 23:08:33.370216  4971 slave.cpp:4160] Launching executor thermos-1450480080196-www-data-devel-job14-0-ebd6371c-6436-4e38-bf0f-ddd4b4b72fa5 of framework 20151218-225416-50331658-5050-4978-0000 in work directory '/var/lib/mesos/slave/slaves/20151218-225416-50331658-5050-4978-S1/frameworks/20151218-225416-50331658-5050-4978-0000/executors/thermos-1450480080196-www-data-devel-job14-0-ebd6371c-6436-4e38-bf0f-ddd4b4b72fa5/runs/72c9cc10-8899-4a7d-a2cc-bcb8c78e87ba'
I1218 23:08:33.370378  4981 containerizer.cpp:472] Starting container '72c9cc10-8899-4a7d-a2cc-bcb8c78e87ba' for executor 'thermos-1450480080196-www-data-devel-job14-0-ebd6371c-6436-4e38-bf0f-ddd4b4b72fa5' of framework '20151218-225416-50331658-5050-4978-0000'
I1218 23:08:33.372330  4971 slave.cpp:1378] Queuing task '1450480080196-www-data-devel-job14-0-ebd6371c-6436-4e38-bf0f-ddd4b4b72fa5' for executor thermos-1450480080196-www-data-devel-job14-0-ebd6371c-6436-4e38-bf0f-ddd4b4b72fa5 of framework '20151218-225416-50331658-5050-4978-0000
I1218 23:08:33.373412  4981 launcher.cpp:130] Forked child with pid '16969' for container '72c9cc10-8899-4a7d-a2cc-bcb8c78e87ba'
I1218 23:08:33.373725  4981 containerizer.cpp:682] Checkpointing executor's forked pid 16969 to '/var/lib/mesos/slave/meta/slaves/20151218-225416-50331658-5050-4978-S1/frameworks/20151218-225416-50331658-5050-4978-0000/executors/thermos-1450480080196-www-data-devel-job14-0-ebd6371c-6436-4e38-bf0f-ddd4b4b72fa5/runs/72c9cc10-8899-4a7d-a2cc-bcb8c78e87ba/pids/forked.pid'
I1218 23:08:33.378298  4973 fetcher.cpp:238] Fetching URIs using command '/usr/libexec/mesos/mesos-fetcher'
I1218 23:08:33.465070  4981 slave.cpp:3135] Monitoring executor 'thermos-1450480080196-www-data-devel-job14-0-ebd6371c-6436-4e38-bf0f-ddd4b4b72fa5' of framework '20151218-225416-50331658-5050-4978-0000' in container '72c9cc10-8899-4a7d-a2cc-bcb8c78e87ba'
I1218 23:08:33.965431  4981 slave.cpp:2141] Got registration for executor 'thermos-1450480080196-www-data-devel-job14-0-ebd6371c-6436-4e38-bf0f-ddd4b4b72fa5' of framework 20151218-225416-50331658-5050-4978-0000 from executor(1)@10.0.0.6:41963
I1218 23:08:33.966224  4986 slave.cpp:1532] Sending queued task '1450480080196-www-data-devel-job14-0-ebd6371c-6436-4e38-bf0f-ddd4b4b72fa5' to executor 'thermos-1450480080196-www-data-devel-job14-0-ebd6371c-6436-4e38-bf0f-ddd4b4b72fa5' of framework 20151218-225416-50331658-5050-4978-0000
I1218 23:08:33.971663  4972 slave.cpp:2508] Handling status update TASK_STARTING (UUID: e3ad6df1-8eb2-44ec-8066-250336e33b6e) for task 1450480080196-www-data-devel-job14-0-ebd6371c-6436-4e38-bf0f-ddd4b4b72fa5 of framework 20151218-225416-50331658-5050-4978-0000 from executor(1)@10.0.0.6:41963
I1218 23:08:33.971814  4971 status_update_manager.cpp:317] Received status update TASK_STARTING (UUID: e3ad6df1-8eb2-44ec-8066-250336e33b6e) for task 1450480080196-www-data-devel-job14-0-ebd6371c-6436-4e38-bf0f-ddd4b4b72fa5 of framework 20151218-225416-50331658-5050-4978-0000
I1218 23:08:33.972028  4971 status_update_manager.hpp:346] Checkpointing UPDATE for status update TASK_STARTING (UUID: e3ad6df1-8eb2-44ec-8066-250336e33b6e) for task 1450480080196-www-data-devel-job14-0-ebd6371c-6436-4e38-bf0f-ddd4b4b72fa5 of framework 20151218-225416-50331658-5050-4978-0000
I1218 23:08:33.976095  4975 slave.cpp:2753] Forwarding the update TASK_STARTING (UUID: e3ad6df1-8eb2-44ec-8066-250336e33b6e) for task 1450480080196-www-data-devel-job14-0-ebd6371c-6436-4e38-bf0f-ddd4b4b72fa5 of framework 20151218-225416-50331658-5050-4978-0000 to master@10.0.0.3:5050
I1218 23:08:33.976220  4975 slave.cpp:2686] Sending acknowledgement for status update TASK_STARTING (UUID: e3ad6df1-8eb2-44ec-8066-250336e33b6e) for task 1450480080196-www-data-devel-job14-0-ebd6371c-6436-4e38-bf0f-ddd4b4b72fa5 of framework 20151218-225416-50331658-5050-4978-0000 to executor(1)@10.0.0.6:41963
I1218 23:08:33.983270  4971 status_update_manager.cpp:389] Received status update acknowledgement (UUID: e3ad6df1-8eb2-44ec-8066-250336e33b6e) for task 1450480080196-www-data-devel-job14-0-ebd6371c-6436-4e38-bf0f-ddd4b4b72fa5 of framework 20151218-225416-50331658-5050-4978-0000
I1218 23:08:33.983330  4971 status_update_manager.hpp:346] Checkpointing ACK for status update TASK_STARTING (UUID: e3ad6df1-8eb2-44ec-8066-250336e33b6e) for task 1450480080196-www-data-devel-job14-0-ebd6371c-6436-4e38-bf0f-ddd4b4b72fa5 of framework 20151218-225416-50331658-5050-4978-0000
I1218 23:08:34.552016  4980 slave.cpp:2508] Handling status update TASK_RUNNING (UUID: ad43638a-576f-4a6e-9ab5-3a9df82283ed) for task 1450480080196-www-data-devel-job14-0-ebd6371c-6436-4e38-bf0f-ddd4b4b72fa5 of framework 20151218-225416-50331658-5050-4978-0000 from executor(1)@10.0.0.6:41963
I1218 23:08:34.552227  4975 status_update_manager.cpp:317] Received status update TASK_RUNNING (UUID: ad43638a-576f-4a6e-9ab5-3a9df82283ed) for task 1450480080196-www-data-devel-job14-0-ebd6371c-6436-4e38-bf0f-ddd4b4b72fa5 of framework 20151218-225416-50331658-5050-4978-0000
I1218 23:08:34.552268  4975 status_update_manager.hpp:346] Checkpointing UPDATE for status update TASK_RUNNING (UUID: ad43638a-576f-4a6e-9ab5-3a9df82283ed) for task 1450480080196-www-data-devel-job14-0-ebd6371c-6436-4e38-bf0f-ddd4b4b72fa5 of framework 20151218-225416-50331658-5050-4978-0000
I1218 23:08:34.556406  4983 slave.cpp:2753] Forwarding the update TASK_RUNNING (UUID: ad43638a-576f-4a6e-9ab5-3a9df82283ed) for task 1450480080196-www-data-devel-job14-0-ebd6371c-6436-4e38-bf0f-ddd4b4b72fa5 of framework 20151218-225416-50331658-5050-4978-0000 to master@10.0.0.3:5050
I1218 23:08:34.556529  4983 slave.cpp:2686] Sending acknowledgement for status update TASK_RUNNING (UUID: ad43638a-576f-4a6e-9ab5-3a9df82283ed) for task 1450480080196-www-data-devel-job14-0-ebd6371c-6436-4e38-bf0f-ddd4b4b72fa5 of framework 20151218-225416-50331658-5050-4978-0000 to executor(1)@10.0.0.6:41963
I1218 23:08:34.564437  4975 status_update_manager.cpp:389] Received status update acknowledgement (UUID: ad43638a-576f-4a6e-9ab5-3a9df82283ed) for task 1450480080196-www-data-devel-job14-0-ebd6371c-6436-4e38-bf0f-ddd4b4b72fa5 of framework 20151218-225416-50331658-5050-4978-0000
I1218 23:08:34.564468  4975 status_update_manager.hpp:346] Checkpointing ACK for status update TASK_RUNNING (UUID: ad43638a-576f-4a6e-9ab5-3a9df82283ed) for task 1450480080196-www-data-devel-job14-0-ebd6371c-6436-4e38-bf0f-ddd4b4b72fa5 of framework 20151218-225416-50331658-5050-4978-0000
I1218 23:08:42.705584  4978 slave.cpp:2508] Handling status update TASK_FINISHED (UUID: e2e54630-1b75-4460-a284-d0008983aa2d) for task 1450480080196-www-data-devel-job14-0-ebd6371c-6436-4e38-bf0f-ddd4b4b72fa5 of framework 20151218-225416-50331658-5050-4978-0000 from executor(1)@10.0.0.6:41963
I1218 23:08:42.706213  4983 status_update_manager.cpp:317] Received status update TASK_FINISHED (UUID: e2e54630-1b75-4460-a284-d0008983aa2d) for task 1450480080196-www-data-devel-job14-0-ebd6371c-6436-4e38-bf0f-ddd4b4b72fa5 of framework 20151218-225416-50331658-5050-4978-0000
I1218 23:08:42.706264  4983 status_update_manager.hpp:346] Checkpointing UPDATE for status update TASK_FINISHED (UUID: e2e54630-1b75-4460-a284-d0008983aa2d) for task 1450480080196-www-data-devel-job14-0-ebd6371c-6436-4e38-bf0f-ddd4b4b72fa5 of framework 20151218-225416-50331658-5050-4978-0000
I1218 23:08:42.710640  4973 slave.cpp:2753] Forwarding the update TASK_FINISHED (UUID: e2e54630-1b75-4460-a284-d0008983aa2d) for task 1450480080196-www-data-devel-job14-0-ebd6371c-6436-4e38-bf0f-ddd4b4b72fa5 of framework 20151218-225416-50331658-5050-4978-0000 to master@10.0.0.3:5050
I1218 23:08:42.710867  4973 slave.cpp:2686] Sending acknowledgement for status update TASK_FINISHED (UUID: e2e54630-1b75-4460-a284-d0008983aa2d) for task 1450480080196-www-data-devel-job14-0-ebd6371c-6436-4e38-bf0f-ddd4b4b72fa5 of framework 20151218-225416-50331658-5050-4978-0000 to executor(1)@10.0.0.6:41963
I1218 23:08:42.719957  4983 status_update_manager.cpp:389] Received status update acknowledgement (UUID: e2e54630-1b75-4460-a284-d0008983aa2d) for task 1450480080196-www-data-devel-job14-0-ebd6371c-6436-4e38-bf0f-ddd4b4b72fa5 of framework 20151218-225416-50331658-5050-4978-0000
I1218 23:08:42.719995  4983 status_update_manager.hpp:346] Checkpointing ACK for status update TASK_FINISHED (UUID: e2e54630-1b75-4460-a284-d0008983aa2d) for task 1450480080196-www-data-devel-job14-0-ebd6371c-6436-4e38-bf0f-ddd4b4b72fa5 of framework 20151218-225416-50331658-5050-4978-0000
I1218 23:08:47.832031  4980 containerizer.cpp:1111] Executor for container '72c9cc10-8899-4a7d-a2cc-bcb8c78e87ba' has exited
I1218 23:08:47.832165  4980 containerizer.cpp:906] Destroying container '72c9cc10-8899-4a7d-a2cc-bcb8c78e87ba'
I1218 23:08:47.833853  4983 slave.cpp:3193] Executor 'thermos-1450480080196-www-data-devel-job14-0-ebd6371c-6436-4e38-bf0f-ddd4b4b72fa5' of framework 20151218-225416-50331658-5050-4978-0000 exited with status 0
I1218 23:08:47.834007  4983 slave.cpp:3302] Cleaning up executor 'thermos-1450480080196-www-data-devel-job14-0-ebd6371c-6436-4e38-bf0f-ddd4b4b72fa5' of framework 20151218-225416-50331658-5050-4978-0000
I1218 23:08:47.834297  4975 gc.cpp:56] Scheduling '/var/lib/mesos/slave/slaves/20151218-225416-50331658-5050-4978-S1/frameworks/20151218-225416-50331658-5050-4978-0000/executors/thermos-1450480080196-www-data-devel-job14-0-ebd6371c-6436-4e38-bf0f-ddd4b4b72fa5/runs/72c9cc10-8899-4a7d-a2cc-bcb8c78e87ba' for gc 6.99999034466667days in the future
I1218 23:08:47.834338  4983 slave.cpp:3381] Cleaning up framework 20151218-225416-50331658-5050-4978-0000
I1218 23:08:47.834362  4975 gc.cpp:56] Scheduling '/var/lib/mesos/slave/slaves/20151218-225416-50331658-5050-4978-S1/frameworks/20151218-225416-50331658-5050-4978-0000/executors/thermos-1450480080196-www-data-devel-job14-0-ebd6371c-6436-4e38-bf0f-ddd4b4b72fa5' for gc 6.99999034400296days in the future
I1218 23:08:47.834393  4975 gc.cpp:56] Scheduling '/var/lib/mesos/slave/meta/slaves/20151218-225416-50331658-5050-4978-S1/frameworks/20151218-225416-50331658-5050-4978-0000/executors/thermos-1450480080196-www-data-devel-job14-0-ebd6371c-6436-4e38-bf0f-ddd4b4b72fa5/runs/72c9cc10-8899-4a7d-a2cc-bcb8c78e87ba' for gc 6.99999034366815days in the future
I1218 23:08:47.834434  4976 status_update_manager.cpp:279] Closing status update streams for framework 20151218-225416-50331658-5050-4978-0000
I1218 23:08:47.834445  4975 gc.cpp:56] Scheduling '/var/lib/mesos/slave/meta/slaves/20151218-225416-50331658-5050-4978-S1/frameworks/20151218-225416-50331658-5050-4978-0000/executors/thermos-1450480080196-www-data-devel-job14-0-ebd6371c-6436-4e38-bf0f-ddd4b4b72fa5' for gc 6.99999034342519days in the future
I1218 23:08:47.834614  4975 gc.cpp:56] Scheduling '/var/lib/mesos/slave/slaves/20151218-225416-50331658-5050-4978-S1/frameworks/20151218-225416-50331658-5050-4978-0000' for gc 6.99999034234963days in the future
I1218 23:08:47.834650  4975 gc.cpp:56] Scheduling '/var/lib/mesos/slave/meta/slaves/20151218-225416-50331658-5050-4978-S1/frameworks/20151218-225416-50331658-5050-4978-0000' for gc 6.99999034209482days in the future
I1218 23:09:00.271886  4972 slave.cpp:1121] Got assigned task 1450480140011-www-data-devel-job26-0-d7903b5b-bc7f-4c1a-b348-ec0075eb776b for framework 20151218-225416-50331658-5050-4978-0000
I1218 23:09:00.272589  4972 gc.cpp:84] Unscheduling '/var/lib/mesos/slave/slaves/20151218-225416-50331658-5050-4978-S1/frameworks/20151218-225416-50331658-5050-4978-0000' from gc
I1218 23:09:00.272773  4986 gc.cpp:84] Unscheduling '/var/lib/mesos/slave/meta/slaves/20151218-225416-50331658-5050-4978-S1/frameworks/20151218-225416-50331658-5050-4978-0000' from gc
I1218 23:09:00.272881  4986 slave.cpp:1231] Launching task 1450480140011-www-data-devel-job26-0-d7903b5b-bc7f-4c1a-b348-ec0075eb776b for framework 20151218-225416-50331658-5050-4978-0000
I1218 23:09:00.275050  4986 slave.cpp:4160] Launching executor thermos-1450480140011-www-data-devel-job26-0-d7903b5b-bc7f-4c1a-b348-ec0075eb776b of framework 20151218-225416-50331658-5050-4978-0000 in work directory '/var/lib/mesos/slave/slaves/20151218-225416-50331658-5050-4978-S1/frameworks/20151218-225416-50331658-5050-4978-0000/executors/thermos-1450480140011-www-data-devel-job26-0-d7903b5b-bc7f-4c1a-b348-ec0075eb776b/runs/2fad34d2-64f2-4f28-95c1-2302bf6a760e'
I1218 23:09:00.275197  4976 containerizer.cpp:472] Starting container '2fad34d2-64f2-4f28-95c1-2302bf6a760e' for executor 'thermos-1450480140011-www-data-devel-job26-0-d7903b5b-bc7f-4c1a-b348-ec0075eb776b' of framework '20151218-225416-50331658-5050-4978-0000'
I1218 23:09:00.275451  4986 slave.cpp:1378] Queuing task '1450480140011-www-data-devel-job26-0-d7903b5b-bc7f-4c1a-b348-ec0075eb776b' for executor thermos-1450480140011-www-data-devel-job26-0-d7903b5b-bc7f-4c1a-b348-ec0075eb776b of framework '20151218-225416-50331658-5050-4978-0000
I1218 23:09:00.276631  4976 launcher.cpp:130] Forked child with pid '17026' for container '2fad34d2-64f2-4f28-95c1-2302bf6a760e'
I1218 23:09:00.276988  4976 containerizer.cpp:682] Checkpointing executor's forked pid 17026 to '/var/lib/mesos/slave/meta/slaves/20151218-225416-50331658-5050-4978-S1/frameworks/20151218-225416-50331658-5050-4978-0000/executors/thermos-1450480140011-www-data-devel-job26-0-d7903b5b-bc7f-4c1a-b348-ec0075eb776b/runs/2fad34d2-64f2-4f28-95c1-2302bf6a760e/pids/forked.pid'
I1218 23:09:00.280752  4976 fetcher.cpp:238] Fetching URIs using command '/usr/libexec/mesos/mesos-fetcher'
I1218 23:09:00.380136  4973 slave.cpp:3135] Monitoring executor 'thermos-1450480140011-www-data-devel-job26-0-d7903b5b-bc7f-4c1a-b348-ec0075eb776b' of framework '20151218-225416-50331658-5050-4978-0000' in container '2fad34d2-64f2-4f28-95c1-2302bf6a760e'
I1218 23:09:00.879595  4973 slave.cpp:2141] Got registration for executor 'thermos-1450480140011-www-data-devel-job26-0-d7903b5b-bc7f-4c1a-b348-ec0075eb776b' of framework 20151218-225416-50331658-5050-4978-0000 from executor(1)@10.0.0.6:35139
I1218 23:09:00.887130  4984 slave.cpp:1532] Sending queued task '1450480140011-www-data-devel-job26-0-d7903b5b-bc7f-4c1a-b348-ec0075eb776b' to executor 'thermos-1450480140011-www-data-devel-job26-0-d7903b5b-bc7f-4c1a-b348-ec0075eb776b' of framework 20151218-225416-50331658-5050-4978-0000
I1218 23:09:00.893709  4983 slave.cpp:2508] Handling status update TASK_STARTING (UUID: 31f30c48-3a11-4966-b74a-a67e513d9c02) for task 1450480140011-www-data-devel-job26-0-d7903b5b-bc7f-4c1a-b348-ec0075eb776b of framework 20151218-225416-50331658-5050-4978-0000 from executor(1)@10.0.0.6:35139
I1218 23:09:00.893906  4983 status_update_manager.cpp:317] Received status update TASK_STARTING (UUID: 31f30c48-3a11-4966-b74a-a67e513d9c02) for task 1450480140011-www-data-devel-job26-0-d7903b5b-bc7f-4c1a-b348-ec0075eb776b of framework 20151218-225416-50331658-5050-4978-0000
I1218 23:09:00.894160  4983 status_update_manager.hpp:346] Checkpointing UPDATE for status update TASK_STARTING (UUID: 31f30c48-3a11-4966-b74a-a67e513d9c02) for task 1450480140011-www-data-devel-job26-0-d7903b5b-bc7f-4c1a-b348-ec0075eb776b of framework 20151218-225416-50331658-5050-4978-0000
I1218 23:09:00.898759  4983 slave.cpp:2753] Forwarding the update TASK_STARTING (UUID: 31f30c48-3a11-4966-b74a-a67e513d9c02) for task 1450480140011-www-data-devel-job26-0-d7903b5b-bc7f-4c1a-b348-ec0075eb776b of framework 20151218-225416-50331658-5050-4978-0000 to master@10.0.0.3:5050
I1218 23:09:00.898893  4983 slave.cpp:2686] Sending acknowledgement for status update TASK_STARTING (UUID: 31f30c48-3a11-4966-b74a-a67e513d9c02) for task 1450480140011-www-data-devel-job26-0-d7903b5b-bc7f-4c1a-b348-ec0075eb776b of framework 20151218-225416-50331658-5050-4978-0000 to executor(1)@10.0.0.6:35139
I1218 23:09:00.916446  4972 status_update_manager.cpp:389] Received status update acknowledgement (UUID: 31f30c48-3a11-4966-b74a-a67e513d9c02) for task 1450480140011-www-data-devel-job26-0-d7903b5b-bc7f-4c1a-b348-ec0075eb776b of framework 20151218-225416-50331658-5050-4978-0000
I1218 23:09:00.916489  4972 status_update_manager.hpp:346] Checkpointing ACK for status update TASK_STARTING (UUID: 31f30c48-3a11-4966-b74a-a67e513d9c02) for task 1450480140011-www-data-devel-job26-0-d7903b5b-bc7f-4c1a-b348-ec0075eb776b of framework 20151218-225416-50331658-5050-4978-0000
I1218 23:09:01.477121  4974 slave.cpp:2508] Handling status update TASK_RUNNING (UUID: 8b01460b-6cac-4bd2-bc44-8799d98a0f3a) for task 1450480140011-www-data-devel-job26-0-d7903b5b-bc7f-4c1a-b348-ec0075eb776b of framework 20151218-225416-50331658-5050-4978-0000 from executor(1)@10.0.0.6:35139
I1218 23:09:01.477311  4981 status_update_manager.cpp:317] Received status update TASK_RUNNING (UUID: 8b01460b-6cac-4bd2-bc44-8799d98a0f3a) for task 1450480140011-www-data-devel-job26-0-d7903b5b-bc7f-4c1a-b348-ec0075eb776b of framework 20151218-225416-50331658-5050-4978-0000
I1218 23:09:01.477377  4981 status_update_manager.hpp:346] Checkpointing UPDATE for status update TASK_RUNNING (UUID: 8b01460b-6cac-4bd2-bc44-8799d98a0f3a) for task 1450480140011-www-data-devel-job26-0-d7903b5b-bc7f-4c1a-b348-ec0075eb776b of framework 20151218-225416-50331658-5050-4978-0000
I1218 23:09:01.480974  4974 slave.cpp:2753] Forwarding the update TASK_RUNNING (UUID: 8b01460b-6cac-4bd2-bc44-8799d98a0f3a) for task 1450480140011-www-data-devel-job26-0-d7903b5b-bc7f-4c1a-b348-ec0075eb776b of framework 20151218-225416-50331658-5050-4978-0000 to master@10.0.0.3:5050
I1218 23:09:01.481073  4974 slave.cpp:2686] Sending acknowledgement for status update TASK_RUNNING (UUID: 8b01460b-6cac-4bd2-bc44-8799d98a0f3a) for task 1450480140011-www-data-devel-job26-0-d7903b5b-bc7f-4c1a-b348-ec0075eb776b of framework 20151218-225416-50331658-5050-4978-0000 to executor(1)@10.0.0.6:35139
I1218 23:09:01.489827  4978 status_update_manager.cpp:389] Received status update acknowledgement (UUID: 8b01460b-6cac-4bd2-bc44-8799d98a0f3a) for task 1450480140011-www-data-devel-job26-0-d7903b5b-bc7f-4c1a-b348-ec0075eb776b of framework 20151218-225416-50331658-5050-4978-0000
I1218 23:09:01.489899  4978 status_update_manager.hpp:346] Checkpointing ACK for status update TASK_RUNNING (UUID: 8b01460b-6cac-4bd2-bc44-8799d98a0f3a) for task 1450480140011-www-data-devel-job26-0-d7903b5b-bc7f-4c1a-b348-ec0075eb776b of framework 20151218-225416-50331658-5050-4978-0000
I1218 23:09:02.617940  4971 slave.cpp:2508] Handling status update TASK_FINISHED (UUID: 533da42d-5ad5-48f4-8403-8945c3306477) for task 1450480140011-www-data-devel-job26-0-d7903b5b-bc7f-4c1a-b348-ec0075eb776b of framework 20151218-225416-50331658-5050-4978-0000 from executor(1)@10.0.0.6:35139
I1218 23:09:02.618401  4972 status_update_manager.cpp:317] Received status update TASK_FINISHED (UUID: 533da42d-5ad5-48f4-8403-8945c3306477) for task 1450480140011-www-data-devel-job26-0-d7903b5b-bc7f-4c1a-b348-ec0075eb776b of framework 20151218-225416-50331658-5050-4978-0000
I1218 23:09:02.618453  4972 status_update_manager.hpp:346] Checkpointing UPDATE for status update TASK_FINISHED (UUID: 533da42d-5ad5-48f4-8403-8945c3306477) for task 1450480140011-www-data-devel-job26-0-d7903b5b-bc7f-4c1a-b348-ec0075eb776b of framework 20151218-225416-50331658-5050-4978-0000
I1218 23:09:02.622722  4975 slave.cpp:2753] Forwarding the update TASK_FINISHED (UUID: 533da42d-5ad5-48f4-8403-8945c3306477) for task 1450480140011-www-data-devel-job26-0-d7903b5b-bc7f-4c1a-b348-ec0075eb776b of framework 20151218-225416-50331658-5050-4978-0000 to master@10.0.0.3:5050
I1218 23:09:02.622824  4975 slave.cpp:2686] Sending acknowledgement for status update TASK_FINISHED (UUID: 533da42d-5ad5-48f4-8403-8945c3306477) for task 1450480140011-www-data-devel-job26-0-d7903b5b-bc7f-4c1a-b348-ec0075eb776b of framework 20151218-225416-50331658-5050-4978-0000 to executor(1)@10.0.0.6:35139
I1218 23:09:02.631714  4972 status_update_manager.cpp:389] Received status update acknowledgement (UUID: 533da42d-5ad5-48f4-8403-8945c3306477) for task 1450480140011-www-data-devel-job26-0-d7903b5b-bc7f-4c1a-b348-ec0075eb776b of framework 20151218-225416-50331658-5050-4978-0000
I1218 23:09:02.631763  4972 status_update_manager.hpp:346] Checkpointing ACK for status update TASK_FINISHED (UUID: 533da42d-5ad5-48f4-8403-8945c3306477) for task 1450480140011-www-data-devel-job26-0-d7903b5b-bc7f-4c1a-b348-ec0075eb776b of framework 20151218-225416-50331658-5050-4978-0000
I1218 23:09:04.614846  4975 slave.cpp:1121] Got assigned task 1450480140018-www-data-devel-job3-0-621023fc-c9bb-4da4-9119-4d0125c22cb1 for framework 20151218-225416-50331658-5050-4978-0000
I1218 23:09:04.615072  4975 slave.cpp:1231] Launching task 1450480140018-www-data-devel-job3-0-621023fc-c9bb-4da4-9119-4d0125c22cb1 for framework 20151218-225416-50331658-5050-4978-0000
I1218 23:09:04.616633  4975 slave.cpp:4160] Launching executor thermos-1450480140018-www-data-devel-job3-0-621023fc-c9bb-4da4-9119-4d0125c22cb1 of framework 20151218-225416-50331658-5050-4978-0000 in work directory '/var/lib/mesos/slave/slaves/20151218-225416-50331658-5050-4978-S1/frameworks/20151218-225416-50331658-5050-4978-0000/executors/thermos-1450480140018-www-data-devel-job3-0-621023fc-c9bb-4da4-9119-4d0125c22cb1/runs/8b1fd066-ca30-420a-bf99-db5035dc2849'
I1218 23:09:04.616780  4983 containerizer.cpp:472] Starting container '8b1fd066-ca30-420a-bf99-db5035dc2849' for executor 'thermos-1450480140018-www-data-devel-job3-0-621023fc-c9bb-4da4-9119-4d0125c22cb1' of framework '20151218-225416-50331658-5050-4978-0000'
I1218 23:09:04.617076  4975 slave.cpp:1378] Queuing task '1450480140018-www-data-devel-job3-0-621023fc-c9bb-4da4-9119-4d0125c22cb1' for executor thermos-1450480140018-www-data-devel-job3-0-621023fc-c9bb-4da4-9119-4d0125c22cb1 of framework '20151218-225416-50331658-5050-4978-0000
I1218 23:09:04.617935  4972 launcher.cpp:130] Forked child with pid '17083' for container '8b1fd066-ca30-420a-bf99-db5035dc2849'
I1218 23:09:04.618160  4972 containerizer.cpp:682] Checkpointing executor's forked pid 17083 to '/var/lib/mesos/slave/meta/slaves/20151218-225416-50331658-5050-4978-S1/frameworks/20151218-225416-50331658-5050-4978-0000/executors/thermos-1450480140018-www-data-devel-job3-0-621023fc-c9bb-4da4-9119-4d0125c22cb1/runs/8b1fd066-ca30-420a-bf99-db5035dc2849/pids/forked.pid'
I1218 23:09:04.623522  4979 fetcher.cpp:238] Fetching URIs using command '/usr/libexec/mesos/mesos-fetcher'
I1218 23:09:04.698467  4983 slave.cpp:3135] Monitoring executor 'thermos-1450480140018-www-data-devel-job3-0-621023fc-c9bb-4da4-9119-4d0125c22cb1' of framework '20151218-225416-50331658-5050-4978-0000' in container '8b1fd066-ca30-420a-bf99-db5035dc2849'
I1218 23:09:05.206961  4980 slave.cpp:2141] Got registration for executor 'thermos-1450480140018-www-data-devel-job3-0-621023fc-c9bb-4da4-9119-4d0125c22cb1' of framework 20151218-225416-50331658-5050-4978-0000 from executor(1)@10.0.0.6:39643
I1218 23:09:05.207795  4971 slave.cpp:1532] Sending queued task '1450480140018-www-data-devel-job3-0-621023fc-c9bb-4da4-9119-4d0125c22cb1' to executor 'thermos-1450480140018-www-data-devel-job3-0-621023fc-c9bb-4da4-9119-4d0125c22cb1' of framework 20151218-225416-50331658-5050-4978-0000
I1218 23:09:05.213474  4980 slave.cpp:2508] Handling status update TASK_STARTING (UUID: 5ece3f9a-c1c5-4778-b5e6-ea3c13d08ac0) for task 1450480140018-www-data-devel-job3-0-621023fc-c9bb-4da4-9119-4d0125c22cb1 of framework 20151218-225416-50331658-5050-4978-0000 from executor(1)@10.0.0.6:39643
I1218 23:09:05.213620  4984 status_update_manager.cpp:317] Received status update TASK_STARTING (UUID: 5ece3f9a-c1c5-4778-b5e6-ea3c13d08ac0) for task 1450480140018-www-data-devel-job3-0-621023fc-c9bb-4da4-9119-4d0125c22cb1 of framework 20151218-225416-50331658-5050-4978-0000
I1218 23:09:05.213824  4984 status_update_manager.hpp:346] Checkpointing UPDATE for status update TASK_STARTING (UUID: 5ece3f9a-c1c5-4778-b5e6-ea3c13d08ac0) for task 1450480140018-www-data-devel-job3-0-621023fc-c9bb-4da4-9119-4d0125c22cb1 of framework 20151218-225416-50331658-5050-4978-0000
I1218 23:09:05.218580  4980 slave.cpp:2753] Forwarding the update TASK_STARTING (UUID: 5ece3f9a-c1c5-4778-b5e6-ea3c13d08ac0) for task 1450480140018-www-data-devel-job3-0-621023fc-c9bb-4da4-9119-4d0125c22cb1 of framework 20151218-225416-50331658-5050-4978-0000 to master@10.0.0.3:5050
I1218 23:09:05.218688  4980 slave.cpp:2686] Sending acknowledgement for status update TASK_STARTING (UUID: 5ece3f9a-c1c5-4778-b5e6-ea3c13d08ac0) for task 1450480140018-www-data-devel-job3-0-621023fc-c9bb-4da4-9119-4d0125c22cb1 of framework 20151218-225416-50331658-5050-4978-0000 to executor(1)@10.0.0.6:39643
I1218 23:09:05.230758  4984 status_update_manager.cpp:389] Received status update acknowledgement (UUID: 5ece3f9a-c1c5-4778-b5e6-ea3c13d08ac0) for task 1450480140018-www-data-devel-job3-0-621023fc-c9bb-4da4-9119-4d0125c22cb1 of framework 20151218-225416-50331658-5050-4978-0000
I1218 23:09:05.230800  4984 status_update_manager.hpp:346] Checkpointing ACK for status update TASK_STARTING (UUID: 5ece3f9a-c1c5-4778-b5e6-ea3c13d08ac0) for task 1450480140018-www-data-devel-job3-0-621023fc-c9bb-4da4-9119-4d0125c22cb1 of framework 20151218-225416-50331658-5050-4978-0000
I1218 23:09:05.794342  4973 slave.cpp:2508] Handling status update TASK_RUNNING (UUID: 382beb3e-6ce9-4695-b128-8210b7a18610) for task 1450480140018-www-data-devel-job3-0-621023fc-c9bb-4da4-9119-4d0125c22cb1 of framework 20151218-225416-50331658-5050-4978-0000 from executor(1)@10.0.0.6:39643
I1218 23:09:05.794544  4978 status_update_manager.cpp:317] Received status update TASK_RUNNING (UUID: 382beb3e-6ce9-4695-b128-8210b7a18610) for task 1450480140018-www-data-devel-job3-0-621023fc-c9bb-4da4-9119-4d0125c22cb1 of framework 20151218-225416-50331658-5050-4978-0000
I1218 23:09:05.794616  4978 status_update_manager.hpp:346] Checkpointing UPDATE for status update TASK_RUNNING (UUID: 382beb3e-6ce9-4695-b128-8210b7a18610) for task 1450480140018-www-data-devel-job3-0-621023fc-c9bb-4da4-9119-4d0125c22cb1 of framework 20151218-225416-50331658-5050-4978-0000
I1218 23:09:05.798827  4973 slave.cpp:2753] Forwarding the update TASK_RUNNING (UUID: 382beb3e-6ce9-4695-b128-8210b7a18610) for task 1450480140018-www-data-devel-job3-0-621023fc-c9bb-4da4-9119-4d0125c22cb1 of framework 20151218-225416-50331658-5050-4978-0000 to master@10.0.0.3:5050
I1218 23:09:05.798956  4973 slave.cpp:2686] Sending acknowledgement for status update TASK_RUNNING (UUID: 382beb3e-6ce9-4695-b128-8210b7a18610) for task 1450480140018-www-data-devel-job3-0-621023fc-c9bb-4da4-9119-4d0125c22cb1 of framework 20151218-225416-50331658-5050-4978-0000 to executor(1)@10.0.0.6:39643
I1218 23:09:05.807917  4979 status_update_manager.cpp:389] Received status update acknowledgement (UUID: 382beb3e-6ce9-4695-b128-8210b7a18610) for task 1450480140018-www-data-devel-job3-0-621023fc-c9bb-4da4-9119-4d0125c22cb1 of framework 20151218-225416-50331658-5050-4978-0000
I1218 23:09:05.807951  4979 status_update_manager.hpp:346] Checkpointing ACK for status update TASK_RUNNING (UUID: 382beb3e-6ce9-4695-b128-8210b7a18610) for task 1450480140018-www-data-devel-job3-0-621023fc-c9bb-4da4-9119-4d0125c22cb1 of framework 20151218-225416-50331658-5050-4978-0000
I1218 23:09:07.712582  4978 containerizer.cpp:1111] Executor for container '2fad34d2-64f2-4f28-95c1-2302bf6a760e' has exited
I1218 23:09:07.712638  4978 containerizer.cpp:906] Destroying container '2fad34d2-64f2-4f28-95c1-2302bf6a760e'
I1218 23:09:07.714040  4976 slave.cpp:3193] Executor 'thermos-1450480140011-www-data-devel-job26-0-d7903b5b-bc7f-4c1a-b348-ec0075eb776b' of framework 20151218-225416-50331658-5050-4978-0000 exited with status 0
I1218 23:09:07.714133  4976 slave.cpp:3302] Cleaning up executor 'thermos-1450480140011-www-data-devel-job26-0-d7903b5b-bc7f-4c1a-b348-ec0075eb776b' of framework 20151218-225416-50331658-5050-4978-0000
I1218 23:09:07.714323  4975 gc.cpp:56] Scheduling '/var/lib/mesos/slave/slaves/20151218-225416-50331658-5050-4978-S1/frameworks/20151218-225416-50331658-5050-4978-0000/executors/thermos-1450480140011-www-data-devel-job26-0-d7903b5b-bc7f-4c1a-b348-ec0075eb776b/runs/2fad34d2-64f2-4f28-95c1-2302bf6a760e' for gc 6.99999173301926days in the future
I1218 23:09:07.714411  4975 gc.cpp:56] Scheduling '/var/lib/mesos/slave/slaves/20151218-225416-50331658-5050-4978-S1/frameworks/20151218-225416-50331658-5050-4978-0000/executors/thermos-1450480140011-www-data-devel-job26-0-d7903b5b-bc7f-4c1a-b348-ec0075eb776b' for gc 6.99999173222222days in the future
I1218 23:09:07.714452  4975 gc.cpp:56] Scheduling '/var/lib/mesos/slave/meta/slaves/20151218-225416-50331658-5050-4978-S1/frameworks/20151218-225416-50331658-5050-4978-0000/executors/thermos-1450480140011-www-data-devel-job26-0-d7903b5b-bc7f-4c1a-b348-ec0075eb776b/runs/2fad34d2-64f2-4f28-95c1-2302bf6a760e' for gc 6.99999173171259days in the future
I1218 23:09:07.714504  4975 gc.cpp:56] Scheduling '/var/lib/mesos/slave/meta/slaves/20151218-225416-50331658-5050-4978-S1/frameworks/20151218-225416-50331658-5050-4978-0000/executors/thermos-1450480140011-www-data-devel-job26-0-d7903b5b-bc7f-4c1a-b348-ec0075eb776b' for gc 6.99999173129481days in the future
I1218 23:09:08.719612  4984 slave.cpp:1121] Got assigned task 1450480140023-www-data-devel-job25-0-19ccf26d-c792-4ef9-836e-7fcc255e8762 for framework 20151218-225416-50331658-5050-4978-0000
I1218 23:09:08.719882  4984 slave.cpp:1231] Launching task 1450480140023-www-data-devel-job25-0-19ccf26d-c792-4ef9-836e-7fcc255e8762 for framework 20151218-225416-50331658-5050-4978-0000
I1218 23:09:08.721318  4984 slave.cpp:4160] Launching executor thermos-1450480140023-www-data-devel-job25-0-19ccf26d-c792-4ef9-836e-7fcc255e8762 of framework 20151218-225416-50331658-5050-4978-0000 in work directory '/var/lib/mesos/slave/slaves/20151218-225416-50331658-5050-4978-S1/frameworks/20151218-225416-50331658-5050-4978-0000/executors/thermos-1450480140023-www-data-devel-job25-0-19ccf26d-c792-4ef9-836e-7fcc255e8762/runs/663d7e14-0b2f-485e-a4f0-73ea9c4d1969'
I1218 23:09:08.721482  4986 containerizer.cpp:472] Starting container '663d7e14-0b2f-485e-a4f0-73ea9c4d1969' for executor 'thermos-1450480140023-www-data-devel-job25-0-19ccf26d-c792-4ef9-836e-7fcc255e8762' of framework '20151218-225416-50331658-5050-4978-0000'
I1218 23:09:08.721727  4984 slave.cpp:1378] Queuing task '1450480140023-www-data-devel-job25-0-19ccf26d-c792-4ef9-836e-7fcc255e8762' for executor thermos-1450480140023-www-data-devel-job25-0-19ccf26d-c792-4ef9-836e-7fcc255e8762 of framework '20151218-225416-50331658-5050-4978-0000
I1218 23:09:08.723037  4986 launcher.cpp:130] Forked child with pid '17137' for container '663d7e14-0b2f-485e-a4f0-73ea9c4d1969'
I1218 23:09:08.723958  4986 containerizer.cpp:682] Checkpointing executor's forked pid 17137 to '/var/lib/mesos/slave/meta/slaves/20151218-225416-50331658-5050-4978-S1/frameworks/20151218-225416-50331658-5050-4978-0000/executors/thermos-1450480140023-www-data-devel-job25-0-19ccf26d-c792-4ef9-836e-7fcc255e8762/runs/663d7e14-0b2f-485e-a4f0-73ea9c4d1969/pids/forked.pid'
I1218 23:09:08.729276  4971 fetcher.cpp:238] Fetching URIs using command '/usr/libexec/mesos/mesos-fetcher'
I1218 23:09:08.818403  4974 slave.cpp:3135] Monitoring executor 'thermos-1450480140023-www-data-devel-job25-0-19ccf26d-c792-4ef9-836e-7fcc255e8762' of framework '20151218-225416-50331658-5050-4978-0000' in container '663d7e14-0b2f-485e-a4f0-73ea9c4d1969'
I1218 23:09:09.321216  4974 slave.cpp:2141] Got registration for executor 'thermos-1450480140023-www-data-devel-job25-0-19ccf26d-c792-4ef9-836e-7fcc255e8762' of framework 20151218-225416-50331658-5050-4978-0000 from executor(1)@10.0.0.6:48712
I1218 23:09:09.321949  4982 slave.cpp:1532] Sending queued task '1450480140023-www-data-devel-job25-0-19ccf26d-c792-4ef9-836e-7fcc255e8762' to executor 'thermos-1450480140023-www-data-devel-job25-0-19ccf26d-c792-4ef9-836e-7fcc255e8762' of framework 20151218-225416-50331658-5050-4978-0000
I1218 23:09:09.327893  4973 slave.cpp:2508] Handling status update TASK_STARTING (UUID: 61c47974-7611-4ab9-89bd-c39cfe27222f) for task 1450480140023-www-data-devel-job25-0-19ccf26d-c792-4ef9-836e-7fcc255e8762 of framework 20151218-225416-50331658-5050-4978-0000 from executor(1)@10.0.0.6:48712
I1218 23:09:09.328054  4974 status_update_manager.cpp:317] Received status update TASK_STARTING (UUID: 61c47974-7611-4ab9-89bd-c39cfe27222f) for task 1450480140023-www-data-devel-job25-0-19ccf26d-c792-4ef9-836e-7fcc255e8762 of framework 20151218-225416-50331658-5050-4978-0000
I1218 23:09:09.328253  4974 status_update_manager.hpp:346] Checkpointing UPDATE for status update TASK_STARTING (UUID: 61c47974-7611-4ab9-89bd-c39cfe27222f) for task 1450480140023-www-data-devel-job25-0-19ccf26d-c792-4ef9-836e-7fcc255e8762 of framework 20151218-225416-50331658-5050-4978-0000
I1218 23:09:09.332619  4973 slave.cpp:2753] Forwarding the update TASK_STARTING (UUID: 61c47974-7611-4ab9-89bd-c39cfe27222f) for task 1450480140023-www-data-devel-job25-0-19ccf26d-c792-4ef9-836e-7fcc255e8762 of framework 20151218-225416-50331658-5050-4978-0000 to master@10.0.0.3:5050
I1218 23:09:09.332729  4973 slave.cpp:2686] Sending acknowledgement for status update TASK_STARTING (UUID: 61c47974-7611-4ab9-89bd-c39cfe27222f) for task 1450480140023-www-data-devel-job25-0-19ccf26d-c792-4ef9-836e-7fcc255e8762 of framework 20151218-225416-50331658-5050-4978-0000 to executor(1)@10.0.0.6:48712
I1218 23:09:09.343462  4974 status_update_manager.cpp:389] Received status update acknowledgement (UUID: 61c47974-7611-4ab9-89bd-c39cfe27222f) for task 1450480140023-www-data-devel-job25-0-19ccf26d-c792-4ef9-836e-7fcc255e8762 of framework 20151218-225416-50331658-5050-4978-0000
I1218 23:09:09.343507  4974 status_update_manager.hpp:346] Checkpointing ACK for status update TASK_STARTING (UUID: 61c47974-7611-4ab9-89bd-c39cfe27222f) for task 1450480140023-www-data-devel-job25-0-19ccf26d-c792-4ef9-836e-7fcc255e8762 of framework 20151218-225416-50331658-5050-4978-0000
I1218 23:09:09.908710  4977 slave.cpp:2508] Handling status update TASK_RUNNING (UUID: 92ca00bb-9a89-45f8-847e-9a2ef8ed94ce) for task 1450480140023-www-data-devel-job25-0-19ccf26d-c792-4ef9-836e-7fcc255e8762 of framework 20151218-225416-50331658-5050-4978-0000 from executor(1)@10.0.0.6:48712
I1218 23:09:09.908890  4985 status_update_manager.cpp:317] Received status update TASK_RUNNING (UUID: 92ca00bb-9a89-45f8-847e-9a2ef8ed94ce) for task 1450480140023-www-data-devel-job25-0-19ccf26d-c792-4ef9-836e-7fcc255e8762 of framework 20151218-225416-50331658-5050-4978-0000
I1218 23:09:09.908956  4985 status_update_manager.hpp:346] Checkpointing UPDATE for status update TASK_RUNNING (UUID: 92ca00bb-9a89-45f8-847e-9a2ef8ed94ce) for task 1450480140023-www-data-devel-job25-0-19ccf26d-c792-4ef9-836e-7fcc255e8762 of framework 20151218-225416-50331658-5050-4978-0000
I1218 23:09:09.912977  4978 slave.cpp:2753] Forwarding the update TASK_RUNNING (UUID: 92ca00bb-9a89-45f8-847e-9a2ef8ed94ce) for task 1450480140023-www-data-devel-job25-0-19ccf26d-c792-4ef9-836e-7fcc255e8762 of framework 20151218-225416-50331658-5050-4978-0000 to master@10.0.0.3:5050
I1218 23:09:09.913100  4978 slave.cpp:2686] Sending acknowledgement for status update TASK_RUNNING (UUID: 92ca00bb-9a89-45f8-847e-9a2ef8ed94ce) for task 1450480140023-www-data-devel-job25-0-19ccf26d-c792-4ef9-836e-7fcc255e8762 of framework 20151218-225416-50331658-5050-4978-0000 to executor(1)@10.0.0.6:48712
I1218 23:09:09.919948  4985 status_update_manager.cpp:389] Received status update acknowledgement (UUID: 92ca00bb-9a89-45f8-847e-9a2ef8ed94ce) for task 1450480140023-www-data-devel-job25-0-19ccf26d-c792-4ef9-836e-7fcc255e8762 of framework 20151218-225416-50331658-5050-4978-0000
I1218 23:09:09.920009  4985 status_update_manager.hpp:346] Checkpointing ACK for status update TASK_RUNNING (UUID: 92ca00bb-9a89-45f8-847e-9a2ef8ed94ce) for task 1450480140023-www-data-devel-job25-0-19ccf26d-c792-4ef9-836e-7fcc255e8762 of framework 20151218-225416-50331658-5050-4978-0000
I1218 23:09:13.948163  4971 slave.cpp:2508] Handling status update TASK_FINISHED (UUID: de5774f7-2c0e-46b2-9cf5-47c89d42d020) for task 1450480140018-www-data-devel-job3-0-621023fc-c9bb-4da4-9119-4d0125c22cb1 of framework 20151218-225416-50331658-5050-4978-0000 from executor(1)@10.0.0.6:39643
I1218 23:09:13.948760  4974 status_update_manager.cpp:317] Received status update TASK_FINISHED (UUID: de5774f7-2c0e-46b2-9cf5-47c89d42d020) for task 1450480140018-www-data-devel-job3-0-621023fc-c9bb-4da4-9119-4d0125c22cb1 of framework 20151218-225416-50331658-5050-4978-0000
I1218 23:09:13.948801  4974 status_update_manager.hpp:346] Checkpointing UPDATE for status update TASK_FINISHED (UUID: de5774f7-2c0e-46b2-9cf5-47c89d42d020) for task 1450480140018-www-data-devel-job3-0-621023fc-c9bb-4da4-9119-4d0125c22cb1 of framework 20151218-225416-50331658-5050-4978-0000
I1218 23:09:13.954265  4972 slave.cpp:2753] Forwarding the update TASK_FINISHED (UUID: de5774f7-2c0e-46b2-9cf5-47c89d42d020) for task 1450480140018-www-data-devel-job3-0-621023fc-c9bb-4da4-9119-4d0125c22cb1 of framework 20151218-225416-50331658-5050-4978-0000 to master@10.0.0.3:5050
I1218 23:09:13.954355  4972 slave.cpp:2686] Sending acknowledgement for status update TASK_FINISHED (UUID: de5774f7-2c0e-46b2-9cf5-47c89d42d020) for task 1450480140018-www-data-devel-job3-0-621023fc-c9bb-4da4-9119-4d0125c22cb1 of framework 20151218-225416-50331658-5050-4978-0000 to executor(1)@10.0.0.6:39643
I1218 23:09:13.964550  4971 status_update_manager.cpp:389] Received status update acknowledgement (UUID: de5774f7-2c0e-46b2-9cf5-47c89d42d020) for task 1450480140018-www-data-devel-job3-0-621023fc-c9bb-4da4-9119-4d0125c22cb1 of framework 20151218-225416-50331658-5050-4978-0000
I1218 23:09:13.964581  4971 status_update_manager.hpp:346] Checkpointing ACK for status update TASK_FINISHED (UUID: de5774f7-2c0e-46b2-9cf5-47c89d42d020) for task 1450480140018-www-data-devel-job3-0-621023fc-c9bb-4da4-9119-4d0125c22cb1 of framework 20151218-225416-50331658-5050-4978-0000
I1218 23:09:15.483005  4974 slave.cpp:3618] Current disk usage 74.77%. Max allowed age: 1.066238997680660days
I1218 23:09:16.926098  4982 slave.cpp:1121] Got assigned task 1450480140032-www-data-devel-job36-0-5f0f2b76-986b-478f-be33-47ba3c873271 for framework 20151218-225416-50331658-5050-4978-0000
I1218 23:09:16.926414  4982 slave.cpp:1231] Launching task 1450480140032-www-data-devel-job36-0-5f0f2b76-986b-478f-be33-47ba3c873271 for framework 20151218-225416-50331658-5050-4978-0000
I1218 23:09:16.928992  4982 slave.cpp:4160] Launching executor thermos-1450480140032-www-data-devel-job36-0-5f0f2b76-986b-478f-be33-47ba3c873271 of framework 20151218-225416-50331658-5050-4978-0000 in work directory '/var/lib/mesos/slave/slaves/20151218-225416-50331658-5050-4978-S1/frameworks/20151218-225416-50331658-5050-4978-0000/executors/thermos-1450480140032-www-data-devel-job36-0-5f0f2b76-986b-478f-be33-47ba3c873271/runs/f6e50fb5-7339-49b5-8317-d00ae02aa738'
I1218 23:09:16.929172  4972 containerizer.cpp:472] Starting container 'f6e50fb5-7339-49b5-8317-d00ae02aa738' for executor 'thermos-1450480140032-www-data-devel-job36-0-5f0f2b76-986b-478f-be33-47ba3c873271' of framework '20151218-225416-50331658-5050-4978-0000'
I1218 23:09:16.931947  4972 launcher.cpp:130] Forked child with pid '17195' for container 'f6e50fb5-7339-49b5-8317-d00ae02aa738'
I1218 23:09:16.931926  4982 slave.cpp:1378] Queuing task '1450480140032-www-data-devel-job36-0-5f0f2b76-986b-478f-be33-47ba3c873271' for executor thermos-1450480140032-www-data-devel-job36-0-5f0f2b76-986b-478f-be33-47ba3c873271 of framework '20151218-225416-50331658-5050-4978-0000
I1218 23:09:16.932268  4972 containerizer.cpp:682] Checkpointing executor's forked pid 17195 to '/var/lib/mesos/slave/meta/slaves/20151218-225416-50331658-5050-4978-S1/frameworks/20151218-225416-50331658-5050-4978-0000/executors/thermos-1450480140032-www-data-devel-job36-0-5f0f2b76-986b-478f-be33-47ba3c873271/runs/f6e50fb5-7339-49b5-8317-d00ae02aa738/pids/forked.pid'
I1218 23:09:16.938964  4976 fetcher.cpp:238] Fetching URIs using command '/usr/libexec/mesos/mesos-fetcher'
I1218 23:09:17.058421  4982 slave.cpp:3135] Monitoring executor 'thermos-1450480140032-www-data-devel-job36-0-5f0f2b76-986b-478f-be33-47ba3c873271' of framework '20151218-225416-50331658-5050-4978-0000' in container 'f6e50fb5-7339-49b5-8317-d00ae02aa738'
I1218 23:09:17.562072  4982 slave.cpp:2141] Got registration for executor 'thermos-1450480140032-www-data-devel-job36-0-5f0f2b76-986b-478f-be33-47ba3c873271' of framework 20151218-225416-50331658-5050-4978-0000 from executor(1)@10.0.0.6:34048
I1218 23:09:17.563956  4979 slave.cpp:1532] Sending queued task '1450480140032-www-data-devel-job36-0-5f0f2b76-986b-478f-be33-47ba3c873271' to executor 'thermos-1450480140032-www-data-devel-job36-0-5f0f2b76-986b-478f-be33-47ba3c873271' of framework 20151218-225416-50331658-5050-4978-0000
I1218 23:09:17.569978  4973 slave.cpp:2508] Handling status update TASK_STARTING (UUID: 3974f5d2-d699-4c9d-9445-6e7b02f16e9f) for task 1450480140032-www-data-devel-job36-0-5f0f2b76-986b-478f-be33-47ba3c873271 of framework 20151218-225416-50331658-5050-4978-0000 from executor(1)@10.0.0.6:34048
I1218 23:09:17.570142  4977 status_update_manager.cpp:317] Received status update TASK_STARTING (UUID: 3974f5d2-d699-4c9d-9445-6e7b02f16e9f) for task 1450480140032-www-data-devel-job36-0-5f0f2b76-986b-478f-be33-47ba3c873271 of framework 20151218-225416-50331658-5050-4978-0000
I1218 23:09:17.571437  4977 status_update_manager.hpp:346] Checkpointing UPDATE for status update TASK_STARTING (UUID: 3974f5d2-d699-4c9d-9445-6e7b02f16e9f) for task 1450480140032-www-data-devel-job36-0-5f0f2b76-986b-478f-be33-47ba3c873271 of framework 20151218-225416-50331658-5050-4978-0000
I1218 23:09:17.576699  4973 slave.cpp:2753] Forwarding the update TASK_STARTING (UUID: 3974f5d2-d699-4c9d-9445-6e7b02f16e9f) for task 1450480140032-www-data-devel-job36-0-5f0f2b76-986b-478f-be33-47ba3c873271 of framework 20151218-225416-50331658-5050-4978-0000 to master@10.0.0.3:5050
I1218 23:09:17.576817  4973 slave.cpp:2686] Sending acknowledgement for status update TASK_STARTING (UUID: 3974f5d2-d699-4c9d-9445-6e7b02f16e9f) for task 1450480140032-www-data-devel-job36-0-5f0f2b76-986b-478f-be33-47ba3c873271 of framework 20151218-225416-50331658-5050-4978-0000 to executor(1)@10.0.0.6:34048
I1218 23:09:17.585367  4971 status_update_manager.cpp:389] Received status update acknowledgement (UUID: 3974f5d2-d699-4c9d-9445-6e7b02f16e9f) for task 1450480140032-www-data-devel-job36-0-5f0f2b76-986b-478f-be33-47ba3c873271 of framework 20151218-225416-50331658-5050-4978-0000
I1218 23:09:17.585438  4971 status_update_manager.hpp:346] Checkpointing ACK for status update TASK_STARTING (UUID: 3974f5d2-d699-4c9d-9445-6e7b02f16e9f) for task 1450480140032-www-data-devel-job36-0-5f0f2b76-986b-478f-be33-47ba3c873271 of framework 20151218-225416-50331658-5050-4978-0000
