I1218 23:05:16.953021  4972 slave.cpp:2753] Forwarding the update TASK_FINISHED (UUID: 1595dace-2749-4fa4-a3d0-50ff1729bdb5) for task 1450479900363-www-data-devel-job9-0-e63f5702-efcc-4465-ae9a-c1f3490c5359 of framework 20151218-225416-50331658-5050-4978-0000 to master@10.0.0.3:5050
I1218 23:05:16.953177  4972 slave.cpp:2686] Sending acknowledgement for status update TASK_FINISHED (UUID: 1595dace-2749-4fa4-a3d0-50ff1729bdb5) for task 1450479900363-www-data-devel-job9-0-e63f5702-efcc-4465-ae9a-c1f3490c5359 of framework 20151218-225416-50331658-5050-4978-0000 to executor(1)@10.0.0.6:51935
I1218 23:05:16.963779  4977 status_update_manager.cpp:389] Received status update acknowledgement (UUID: 1595dace-2749-4fa4-a3d0-50ff1729bdb5) for task 1450479900363-www-data-devel-job9-0-e63f5702-efcc-4465-ae9a-c1f3490c5359 of framework 20151218-225416-50331658-5050-4978-0000
I1218 23:05:16.963876  4977 status_update_manager.hpp:346] Checkpointing ACK for status update TASK_FINISHED (UUID: 1595dace-2749-4fa4-a3d0-50ff1729bdb5) for task 1450479900363-www-data-devel-job9-0-e63f5702-efcc-4465-ae9a-c1f3490c5359 of framework 20151218-225416-50331658-5050-4978-0000
I1218 23:05:18.776767  4984 slave.cpp:2508] Handling status update TASK_FINISHED (UUID: bbe09dbc-5ebf-43b3-b65a-006037de797c) for task 1450479900041-www-data-devel-job25-0-d6162294-f600-430e-8379-ccb6a19664e3 of framework 20151218-225416-50331658-5050-4978-0000 from executor(1)@10.0.0.6:59506
I1218 23:05:18.777279  4974 status_update_manager.cpp:317] Received status update TASK_FINISHED (UUID: bbe09dbc-5ebf-43b3-b65a-006037de797c) for task 1450479900041-www-data-devel-job25-0-d6162294-f600-430e-8379-ccb6a19664e3 of framework 20151218-225416-50331658-5050-4978-0000
I1218 23:05:18.777310  4974 status_update_manager.hpp:346] Checkpointing UPDATE for status update TASK_FINISHED (UUID: bbe09dbc-5ebf-43b3-b65a-006037de797c) for task 1450479900041-www-data-devel-job25-0-d6162294-f600-430e-8379-ccb6a19664e3 of framework 20151218-225416-50331658-5050-4978-0000
I1218 23:05:18.781559  4986 slave.cpp:2753] Forwarding the update TASK_FINISHED (UUID: bbe09dbc-5ebf-43b3-b65a-006037de797c) for task 1450479900041-www-data-devel-job25-0-d6162294-f600-430e-8379-ccb6a19664e3 of framework 20151218-225416-50331658-5050-4978-0000 to master@10.0.0.3:5050
I1218 23:05:18.781684  4986 slave.cpp:2686] Sending acknowledgement for status update TASK_FINISHED (UUID: bbe09dbc-5ebf-43b3-b65a-006037de797c) for task 1450479900041-www-data-devel-job25-0-d6162294-f600-430e-8379-ccb6a19664e3 of framework 20151218-225416-50331658-5050-4978-0000 to executor(1)@10.0.0.6:59506
I1218 23:05:18.790743  4974 status_update_manager.cpp:389] Received status update acknowledgement (UUID: bbe09dbc-5ebf-43b3-b65a-006037de797c) for task 1450479900041-www-data-devel-job25-0-d6162294-f600-430e-8379-ccb6a19664e3 of framework 20151218-225416-50331658-5050-4978-0000
I1218 23:05:18.790781  4974 status_update_manager.hpp:346] Checkpointing ACK for status update TASK_FINISHED (UUID: bbe09dbc-5ebf-43b3-b65a-006037de797c) for task 1450479900041-www-data-devel-job25-0-d6162294-f600-430e-8379-ccb6a19664e3 of framework 20151218-225416-50331658-5050-4978-0000
I1218 23:05:22.077915  4980 containerizer.cpp:1111] Executor for container '0bfcfcdf-0de1-4281-8910-39119ef13180' has exited
I1218 23:05:22.077966  4980 containerizer.cpp:906] Destroying container '0bfcfcdf-0de1-4281-8910-39119ef13180'
I1218 23:05:22.079869  4974 slave.cpp:3193] Executor 'thermos-1450479900363-www-data-devel-job9-0-e63f5702-efcc-4465-ae9a-c1f3490c5359' of framework 20151218-225416-50331658-5050-4978-0000 exited with status 0
I1218 23:05:22.080060  4974 slave.cpp:3302] Cleaning up executor 'thermos-1450479900363-www-data-devel-job9-0-e63f5702-efcc-4465-ae9a-c1f3490c5359' of framework 20151218-225416-50331658-5050-4978-0000
I1218 23:05:22.080339  4976 gc.cpp:56] Scheduling '/var/lib/mesos/slave/slaves/20151218-225416-50331658-5050-4978-S1/frameworks/20151218-225416-50331658-5050-4978-0000/executors/thermos-1450479900363-www-data-devel-job9-0-e63f5702-efcc-4465-ae9a-c1f3490c5359/runs/0bfcfcdf-0de1-4281-8910-39119ef13180' for gc 6.99999907082074days in the future
I1218 23:05:22.080498  4976 gc.cpp:56] Scheduling '/var/lib/mesos/slave/slaves/20151218-225416-50331658-5050-4978-S1/frameworks/20151218-225416-50331658-5050-4978-0000/executors/thermos-1450479900363-www-data-devel-job9-0-e63f5702-efcc-4465-ae9a-c1f3490c5359' for gc 6.99999907023111days in the future
I1218 23:05:22.080546  4976 gc.cpp:56] Scheduling '/var/lib/mesos/slave/meta/slaves/20151218-225416-50331658-5050-4978-S1/frameworks/20151218-225416-50331658-5050-4978-0000/executors/thermos-1450479900363-www-data-devel-job9-0-e63f5702-efcc-4465-ae9a-c1f3490c5359/runs/0bfcfcdf-0de1-4281-8910-39119ef13180' for gc 6.9999990698963days in the future
I1218 23:05:22.080570  4976 gc.cpp:56] Scheduling '/var/lib/mesos/slave/meta/slaves/20151218-225416-50331658-5050-4978-S1/frameworks/20151218-225416-50331658-5050-4978-0000/executors/thermos-1450479900363-www-data-devel-job9-0-e63f5702-efcc-4465-ae9a-c1f3490c5359' for gc 6.99999906964148days in the future
I1218 23:05:23.886188  4975 containerizer.cpp:1111] Executor for container '759e87c7-a995-4c2d-8d42-490c5120ba6b' has exited
I1218 23:05:23.886245  4975 containerizer.cpp:906] Destroying container '759e87c7-a995-4c2d-8d42-490c5120ba6b'
I1218 23:05:23.888207  4972 slave.cpp:3193] Executor 'thermos-1450479900041-www-data-devel-job25-0-d6162294-f600-430e-8379-ccb6a19664e3' of framework 20151218-225416-50331658-5050-4978-0000 exited with status 0
I1218 23:05:23.888408  4972 slave.cpp:3302] Cleaning up executor 'thermos-1450479900041-www-data-devel-job25-0-d6162294-f600-430e-8379-ccb6a19664e3' of framework 20151218-225416-50331658-5050-4978-0000
I1218 23:05:23.888675  4977 gc.cpp:56] Scheduling '/var/lib/mesos/slave/slaves/20151218-225416-50331658-5050-4978-S1/frameworks/20151218-225416-50331658-5050-4978-0000/executors/thermos-1450479900041-www-data-devel-job25-0-d6162294-f600-430e-8379-ccb6a19664e3/runs/759e87c7-a995-4c2d-8d42-490c5120ba6b' for gc 6.99998971511704days in the future
I1218 23:05:23.888751  4977 gc.cpp:56] Scheduling '/var/lib/mesos/slave/slaves/20151218-225416-50331658-5050-4978-S1/frameworks/20151218-225416-50331658-5050-4978-0000/executors/thermos-1450479900041-www-data-devel-job25-0-d6162294-f600-430e-8379-ccb6a19664e3' for gc 6.99998971437333days in the future
I1218 23:05:23.888761  4972 slave.cpp:3381] Cleaning up framework 20151218-225416-50331658-5050-4978-0000
I1218 23:05:23.888813  4977 gc.cpp:56] Scheduling '/var/lib/mesos/slave/meta/slaves/20151218-225416-50331658-5050-4978-S1/frameworks/20151218-225416-50331658-5050-4978-0000/executors/thermos-1450479900041-www-data-devel-job25-0-d6162294-f600-430e-8379-ccb6a19664e3/runs/759e87c7-a995-4c2d-8d42-490c5120ba6b' for gc 6.99998971383111days in the future
I1218 23:05:23.888941  4979 status_update_manager.cpp:279] Closing status update streams for framework 20151218-225416-50331658-5050-4978-0000
I1218 23:05:23.888986  4977 gc.cpp:56] Scheduling '/var/lib/mesos/slave/meta/slaves/20151218-225416-50331658-5050-4978-S1/frameworks/20151218-225416-50331658-5050-4978-0000/executors/thermos-1450479900041-www-data-devel-job25-0-d6162294-f600-430e-8379-ccb6a19664e3' for gc 6.99998971354074days in the future
I1218 23:05:23.889070  4977 gc.cpp:56] Scheduling '/var/lib/mesos/slave/slaves/20151218-225416-50331658-5050-4978-S1/frameworks/20151218-225416-50331658-5050-4978-0000' for gc 6.99998971113481days in the future
I1218 23:05:23.889091  4977 gc.cpp:56] Scheduling '/var/lib/mesos/slave/meta/slaves/20151218-225416-50331658-5050-4978-S1/frameworks/20151218-225416-50331658-5050-4978-0000' for gc 6.99998971084444days in the future
I1218 23:05:34.025343  4983 slave.cpp:1121] Got assigned task 1450479900116-www-data-devel-job15-0-54739e8b-e115-4691-bdbb-141e66986435 for framework 20151218-225416-50331658-5050-4978-0000
I1218 23:05:34.026180  4983 gc.cpp:84] Unscheduling '/var/lib/mesos/slave/slaves/20151218-225416-50331658-5050-4978-S1/frameworks/20151218-225416-50331658-5050-4978-0000' from gc
I1218 23:05:34.027902  4983 gc.cpp:84] Unscheduling '/var/lib/mesos/slave/meta/slaves/20151218-225416-50331658-5050-4978-S1/frameworks/20151218-225416-50331658-5050-4978-0000' from gc
I1218 23:05:34.028058  4972 slave.cpp:1231] Launching task 1450479900116-www-data-devel-job15-0-54739e8b-e115-4691-bdbb-141e66986435 for framework 20151218-225416-50331658-5050-4978-0000
I1218 23:05:34.029697  4972 slave.cpp:4160] Launching executor thermos-1450479900116-www-data-devel-job15-0-54739e8b-e115-4691-bdbb-141e66986435 of framework 20151218-225416-50331658-5050-4978-0000 in work directory '/var/lib/mesos/slave/slaves/20151218-225416-50331658-5050-4978-S1/frameworks/20151218-225416-50331658-5050-4978-0000/executors/thermos-1450479900116-www-data-devel-job15-0-54739e8b-e115-4691-bdbb-141e66986435/runs/3342d3d1-08de-4d0d-b095-c4366876f845'
I1218 23:05:34.029866  4983 containerizer.cpp:472] Starting container '3342d3d1-08de-4d0d-b095-c4366876f845' for executor 'thermos-1450479900116-www-data-devel-job15-0-54739e8b-e115-4691-bdbb-141e66986435' of framework '20151218-225416-50331658-5050-4978-0000'
I1218 23:05:34.030246  4972 slave.cpp:1378] Queuing task '1450479900116-www-data-devel-job15-0-54739e8b-e115-4691-bdbb-141e66986435' for executor thermos-1450479900116-www-data-devel-job15-0-54739e8b-e115-4691-bdbb-141e66986435 of framework '20151218-225416-50331658-5050-4978-0000
I1218 23:05:34.031438  4986 launcher.cpp:130] Forked child with pid '16225' for container '3342d3d1-08de-4d0d-b095-c4366876f845'
I1218 23:05:34.032328  4986 containerizer.cpp:682] Checkpointing executor's forked pid 16225 to '/var/lib/mesos/slave/meta/slaves/20151218-225416-50331658-5050-4978-S1/frameworks/20151218-225416-50331658-5050-4978-0000/executors/thermos-1450479900116-www-data-devel-job15-0-54739e8b-e115-4691-bdbb-141e66986435/runs/3342d3d1-08de-4d0d-b095-c4366876f845/pids/forked.pid'
I1218 23:05:34.037015  4980 fetcher.cpp:238] Fetching URIs using command '/usr/libexec/mesos/mesos-fetcher'
I1218 23:05:34.132948  4984 slave.cpp:3135] Monitoring executor 'thermos-1450479900116-www-data-devel-job15-0-54739e8b-e115-4691-bdbb-141e66986435' of framework '20151218-225416-50331658-5050-4978-0000' in container '3342d3d1-08de-4d0d-b095-c4366876f845'
I1218 23:05:34.636168  4971 slave.cpp:2141] Got registration for executor 'thermos-1450479900116-www-data-devel-job15-0-54739e8b-e115-4691-bdbb-141e66986435' of framework 20151218-225416-50331658-5050-4978-0000 from executor(1)@10.0.0.6:50784
I1218 23:05:34.639257  4984 slave.cpp:1532] Sending queued task '1450479900116-www-data-devel-job15-0-54739e8b-e115-4691-bdbb-141e66986435' to executor 'thermos-1450479900116-www-data-devel-job15-0-54739e8b-e115-4691-bdbb-141e66986435' of framework 20151218-225416-50331658-5050-4978-0000
I1218 23:05:34.644620  4981 slave.cpp:2508] Handling status update TASK_STARTING (UUID: 3114b46b-e230-4de4-a40e-d2d050e13187) for task 1450479900116-www-data-devel-job15-0-54739e8b-e115-4691-bdbb-141e66986435 of framework 20151218-225416-50331658-5050-4978-0000 from executor(1)@10.0.0.6:50784
I1218 23:05:34.644740  4981 status_update_manager.cpp:317] Received status update TASK_STARTING (UUID: 3114b46b-e230-4de4-a40e-d2d050e13187) for task 1450479900116-www-data-devel-job15-0-54739e8b-e115-4691-bdbb-141e66986435 of framework 20151218-225416-50331658-5050-4978-0000
I1218 23:05:34.644917  4981 status_update_manager.hpp:346] Checkpointing UPDATE for status update TASK_STARTING (UUID: 3114b46b-e230-4de4-a40e-d2d050e13187) for task 1450479900116-www-data-devel-job15-0-54739e8b-e115-4691-bdbb-141e66986435 of framework 20151218-225416-50331658-5050-4978-0000
I1218 23:05:34.649612  4982 slave.cpp:2753] Forwarding the update TASK_STARTING (UUID: 3114b46b-e230-4de4-a40e-d2d050e13187) for task 1450479900116-www-data-devel-job15-0-54739e8b-e115-4691-bdbb-141e66986435 of framework 20151218-225416-50331658-5050-4978-0000 to master@10.0.0.3:5050
I1218 23:05:34.649725  4982 slave.cpp:2686] Sending acknowledgement for status update TASK_STARTING (UUID: 3114b46b-e230-4de4-a40e-d2d050e13187) for task 1450479900116-www-data-devel-job15-0-54739e8b-e115-4691-bdbb-141e66986435 of framework 20151218-225416-50331658-5050-4978-0000 to executor(1)@10.0.0.6:50784
I1218 23:05:34.659031  4983 status_update_manager.cpp:389] Received status update acknowledgement (UUID: 3114b46b-e230-4de4-a40e-d2d050e13187) for task 1450479900116-www-data-devel-job15-0-54739e8b-e115-4691-bdbb-141e66986435 of framework 20151218-225416-50331658-5050-4978-0000
I1218 23:05:34.659090  4983 status_update_manager.hpp:346] Checkpointing ACK for status update TASK_STARTING (UUID: 3114b46b-e230-4de4-a40e-d2d050e13187) for task 1450479900116-www-data-devel-job15-0-54739e8b-e115-4691-bdbb-141e66986435 of framework 20151218-225416-50331658-5050-4978-0000
I1218 23:05:35.227546  4983 slave.cpp:2508] Handling status update TASK_RUNNING (UUID: 557aaf26-c64e-4b42-bd7e-b1a38806b1f3) for task 1450479900116-www-data-devel-job15-0-54739e8b-e115-4691-bdbb-141e66986435 of framework 20151218-225416-50331658-5050-4978-0000 from executor(1)@10.0.0.6:50784
I1218 23:05:35.227721  4980 status_update_manager.cpp:317] Received status update TASK_RUNNING (UUID: 557aaf26-c64e-4b42-bd7e-b1a38806b1f3) for task 1450479900116-www-data-devel-job15-0-54739e8b-e115-4691-bdbb-141e66986435 of framework 20151218-225416-50331658-5050-4978-0000
I1218 23:05:35.227785  4980 status_update_manager.hpp:346] Checkpointing UPDATE for status update TASK_RUNNING (UUID: 557aaf26-c64e-4b42-bd7e-b1a38806b1f3) for task 1450479900116-www-data-devel-job15-0-54739e8b-e115-4691-bdbb-141e66986435 of framework 20151218-225416-50331658-5050-4978-0000
I1218 23:05:35.232024  4981 slave.cpp:2753] Forwarding the update TASK_RUNNING (UUID: 557aaf26-c64e-4b42-bd7e-b1a38806b1f3) for task 1450479900116-www-data-devel-job15-0-54739e8b-e115-4691-bdbb-141e66986435 of framework 20151218-225416-50331658-5050-4978-0000 to master@10.0.0.3:5050
I1218 23:05:35.232142  4981 slave.cpp:2686] Sending acknowledgement for status update TASK_RUNNING (UUID: 557aaf26-c64e-4b42-bd7e-b1a38806b1f3) for task 1450479900116-www-data-devel-job15-0-54739e8b-e115-4691-bdbb-141e66986435 of framework 20151218-225416-50331658-5050-4978-0000 to executor(1)@10.0.0.6:50784
I1218 23:05:35.240094  4980 status_update_manager.cpp:389] Received status update acknowledgement (UUID: 557aaf26-c64e-4b42-bd7e-b1a38806b1f3) for task 1450479900116-www-data-devel-job15-0-54739e8b-e115-4691-bdbb-141e66986435 of framework 20151218-225416-50331658-5050-4978-0000
I1218 23:05:35.240154  4980 status_update_manager.hpp:346] Checkpointing ACK for status update TASK_RUNNING (UUID: 557aaf26-c64e-4b42-bd7e-b1a38806b1f3) for task 1450479900116-www-data-devel-job15-0-54739e8b-e115-4691-bdbb-141e66986435 of framework 20151218-225416-50331658-5050-4978-0000
I1218 23:05:44.380846  4977 slave.cpp:2508] Handling status update TASK_FINISHED (UUID: 464f52c5-2a59-4701-9814-8fc0bd9eeca4) for task 1450479900116-www-data-devel-job15-0-54739e8b-e115-4691-bdbb-141e66986435 of framework 20151218-225416-50331658-5050-4978-0000 from executor(1)@10.0.0.6:50784
I1218 23:05:44.381526  4973 status_update_manager.cpp:317] Received status update TASK_FINISHED (UUID: 464f52c5-2a59-4701-9814-8fc0bd9eeca4) for task 1450479900116-www-data-devel-job15-0-54739e8b-e115-4691-bdbb-141e66986435 of framework 20151218-225416-50331658-5050-4978-0000
I1218 23:05:44.381559  4973 status_update_manager.hpp:346] Checkpointing UPDATE for status update TASK_FINISHED (UUID: 464f52c5-2a59-4701-9814-8fc0bd9eeca4) for task 1450479900116-www-data-devel-job15-0-54739e8b-e115-4691-bdbb-141e66986435 of framework 20151218-225416-50331658-5050-4978-0000
I1218 23:05:44.386060  4977 slave.cpp:2753] Forwarding the update TASK_FINISHED (UUID: 464f52c5-2a59-4701-9814-8fc0bd9eeca4) for task 1450479900116-www-data-devel-job15-0-54739e8b-e115-4691-bdbb-141e66986435 of framework 20151218-225416-50331658-5050-4978-0000 to master@10.0.0.3:5050
I1218 23:05:44.386168  4977 slave.cpp:2686] Sending acknowledgement for status update TASK_FINISHED (UUID: 464f52c5-2a59-4701-9814-8fc0bd9eeca4) for task 1450479900116-www-data-devel-job15-0-54739e8b-e115-4691-bdbb-141e66986435 of framework 20151218-225416-50331658-5050-4978-0000 to executor(1)@10.0.0.6:50784
I1218 23:05:44.399209  4986 status_update_manager.cpp:389] Received status update acknowledgement (UUID: 464f52c5-2a59-4701-9814-8fc0bd9eeca4) for task 1450479900116-www-data-devel-job15-0-54739e8b-e115-4691-bdbb-141e66986435 of framework 20151218-225416-50331658-5050-4978-0000
I1218 23:05:44.399256  4986 status_update_manager.hpp:346] Checkpointing ACK for status update TASK_FINISHED (UUID: 464f52c5-2a59-4701-9814-8fc0bd9eeca4) for task 1450479900116-www-data-devel-job15-0-54739e8b-e115-4691-bdbb-141e66986435 of framework 20151218-225416-50331658-5050-4978-0000
I1218 23:05:49.501273  4984 containerizer.cpp:1111] Executor for container '3342d3d1-08de-4d0d-b095-c4366876f845' has exited
I1218 23:05:49.501350  4984 containerizer.cpp:906] Destroying container '3342d3d1-08de-4d0d-b095-c4366876f845'
I1218 23:05:49.503098  4974 slave.cpp:3193] Executor 'thermos-1450479900116-www-data-devel-job15-0-54739e8b-e115-4691-bdbb-141e66986435' of framework 20151218-225416-50331658-5050-4978-0000 exited with status 0
I1218 23:05:49.503288  4974 slave.cpp:3302] Cleaning up executor 'thermos-1450479900116-www-data-devel-job15-0-54739e8b-e115-4691-bdbb-141e66986435' of framework 20151218-225416-50331658-5050-4978-0000
I1218 23:05:49.503571  4985 gc.cpp:56] Scheduling '/var/lib/mesos/slave/slaves/20151218-225416-50331658-5050-4978-S1/frameworks/20151218-225416-50331658-5050-4978-0000/executors/thermos-1450479900116-www-data-devel-job15-0-54739e8b-e115-4691-bdbb-141e66986435/runs/3342d3d1-08de-4d0d-b095-c4366876f845' for gc 6.99999417248889days in the future
I1218 23:05:49.503643  4974 slave.cpp:3381] Cleaning up framework 20151218-225416-50331658-5050-4978-0000
I1218 23:05:49.503639  4985 gc.cpp:56] Scheduling '/var/lib/mesos/slave/slaves/20151218-225416-50331658-5050-4978-S1/frameworks/20151218-225416-50331658-5050-4978-0000/executors/thermos-1450479900116-www-data-devel-job15-0-54739e8b-e115-4691-bdbb-141e66986435' for gc 6.99999417170074days in the future
I1218 23:05:49.503772  4972 status_update_manager.cpp:279] Closing status update streams for framework 20151218-225416-50331658-5050-4978-0000
I1218 23:05:49.503774  4985 gc.cpp:56] Scheduling '/var/lib/mesos/slave/meta/slaves/20151218-225416-50331658-5050-4978-S1/frameworks/20151218-225416-50331658-5050-4978-0000/executors/thermos-1450479900116-www-data-devel-job15-0-54739e8b-e115-4691-bdbb-141e66986435/runs/3342d3d1-08de-4d0d-b095-c4366876f845' for gc 6.99999417120296days in the future
I1218 23:05:49.503906  4985 gc.cpp:56] Scheduling '/var/lib/mesos/slave/meta/slaves/20151218-225416-50331658-5050-4978-S1/frameworks/20151218-225416-50331658-5050-4978-0000/executors/thermos-1450479900116-www-data-devel-job15-0-54739e8b-e115-4691-bdbb-141e66986435' for gc 6.9999941709363days in the future
I1218 23:05:49.503986  4985 gc.cpp:56] Scheduling '/var/lib/mesos/slave/slaves/20151218-225416-50331658-5050-4978-S1/frameworks/20151218-225416-50331658-5050-4978-0000' for gc 6.99999416935111days in the future
I1218 23:05:49.504016  4985 gc.cpp:56] Scheduling '/var/lib/mesos/slave/meta/slaves/20151218-225416-50331658-5050-4978-S1/frameworks/20151218-225416-50331658-5050-4978-0000' for gc 6.9999941690163days in the future
I1218 23:06:00.304860  4983 slave.cpp:3534] Framework 20151218-225416-50331658-5050-4978-0000 seems to have exited. Ignoring registration timeout for executor 'thermos-1450479900003-www-data-devel-job24-0-464b38bb-273f-4170-8a5a-0f8144d254d9'
I1218 23:06:00.318675  4986 slave.cpp:1121] Got assigned task 1450479960018-www-data-devel-job26-0-80987d3a-2db0-4b33-8728-9f0d70f94a76 for framework 20151218-225416-50331658-5050-4978-0000
I1218 23:06:00.320593  4986 gc.cpp:84] Unscheduling '/var/lib/mesos/slave/slaves/20151218-225416-50331658-5050-4978-S1/frameworks/20151218-225416-50331658-5050-4978-0000' from gc
I1218 23:06:00.320686  4983 gc.cpp:84] Unscheduling '/var/lib/mesos/slave/meta/slaves/20151218-225416-50331658-5050-4978-S1/frameworks/20151218-225416-50331658-5050-4978-0000' from gc
I1218 23:06:00.320808  4983 slave.cpp:1231] Launching task 1450479960018-www-data-devel-job26-0-80987d3a-2db0-4b33-8728-9f0d70f94a76 for framework 20151218-225416-50331658-5050-4978-0000
I1218 23:06:00.323508  4983 slave.cpp:4160] Launching executor thermos-1450479960018-www-data-devel-job26-0-80987d3a-2db0-4b33-8728-9f0d70f94a76 of framework 20151218-225416-50331658-5050-4978-0000 in work directory '/var/lib/mesos/slave/slaves/20151218-225416-50331658-5050-4978-S1/frameworks/20151218-225416-50331658-5050-4978-0000/executors/thermos-1450479960018-www-data-devel-job26-0-80987d3a-2db0-4b33-8728-9f0d70f94a76/runs/2262e224-71a3-403a-b7bf-236e0acd52c2'
I1218 23:06:00.323683  4974 containerizer.cpp:472] Starting container '2262e224-71a3-403a-b7bf-236e0acd52c2' for executor 'thermos-1450479960018-www-data-devel-job26-0-80987d3a-2db0-4b33-8728-9f0d70f94a76' of framework '20151218-225416-50331658-5050-4978-0000'
I1218 23:06:00.323920  4983 slave.cpp:1378] Queuing task '1450479960018-www-data-devel-job26-0-80987d3a-2db0-4b33-8728-9f0d70f94a76' for executor thermos-1450479960018-www-data-devel-job26-0-80987d3a-2db0-4b33-8728-9f0d70f94a76 of framework '20151218-225416-50331658-5050-4978-0000
I1218 23:06:00.324728  4974 launcher.cpp:130] Forked child with pid '16282' for container '2262e224-71a3-403a-b7bf-236e0acd52c2'
I1218 23:06:00.324972  4974 containerizer.cpp:682] Checkpointing executor's forked pid 16282 to '/var/lib/mesos/slave/meta/slaves/20151218-225416-50331658-5050-4978-S1/frameworks/20151218-225416-50331658-5050-4978-0000/executors/thermos-1450479960018-www-data-devel-job26-0-80987d3a-2db0-4b33-8728-9f0d70f94a76/runs/2262e224-71a3-403a-b7bf-236e0acd52c2/pids/forked.pid'
I1218 23:06:00.328693  4985 fetcher.cpp:238] Fetching URIs using command '/usr/libexec/mesos/mesos-fetcher'
I1218 23:06:00.448731  4985 slave.cpp:3135] Monitoring executor 'thermos-1450479960018-www-data-devel-job26-0-80987d3a-2db0-4b33-8728-9f0d70f94a76' of framework '20151218-225416-50331658-5050-4978-0000' in container '2262e224-71a3-403a-b7bf-236e0acd52c2'
I1218 23:06:00.954017  4971 slave.cpp:2141] Got registration for executor 'thermos-1450479960018-www-data-devel-job26-0-80987d3a-2db0-4b33-8728-9f0d70f94a76' of framework 20151218-225416-50331658-5050-4978-0000 from executor(1)@10.0.0.6:52800
I1218 23:06:00.954869  4974 slave.cpp:1532] Sending queued task '1450479960018-www-data-devel-job26-0-80987d3a-2db0-4b33-8728-9f0d70f94a76' to executor 'thermos-1450479960018-www-data-devel-job26-0-80987d3a-2db0-4b33-8728-9f0d70f94a76' of framework 20151218-225416-50331658-5050-4978-0000
I1218 23:06:00.965814  4986 slave.cpp:2508] Handling status update TASK_STARTING (UUID: c8ec5f0a-cbc5-4ee9-82f5-990a89c598f9) for task 1450479960018-www-data-devel-job26-0-80987d3a-2db0-4b33-8728-9f0d70f94a76 of framework 20151218-225416-50331658-5050-4978-0000 from executor(1)@10.0.0.6:52800
I1218 23:06:00.965965  4977 status_update_manager.cpp:317] Received status update TASK_STARTING (UUID: c8ec5f0a-cbc5-4ee9-82f5-990a89c598f9) for task 1450479960018-www-data-devel-job26-0-80987d3a-2db0-4b33-8728-9f0d70f94a76 of framework 20151218-225416-50331658-5050-4978-0000
I1218 23:06:00.966270  4977 status_update_manager.hpp:346] Checkpointing UPDATE for status update TASK_STARTING (UUID: c8ec5f0a-cbc5-4ee9-82f5-990a89c598f9) for task 1450479960018-www-data-devel-job26-0-80987d3a-2db0-4b33-8728-9f0d70f94a76 of framework 20151218-225416-50331658-5050-4978-0000
I1218 23:06:00.970413  4980 slave.cpp:2753] Forwarding the update TASK_STARTING (UUID: c8ec5f0a-cbc5-4ee9-82f5-990a89c598f9) for task 1450479960018-www-data-devel-job26-0-80987d3a-2db0-4b33-8728-9f0d70f94a76 of framework 20151218-225416-50331658-5050-4978-0000 to master@10.0.0.3:5050
I1218 23:06:00.970610  4980 slave.cpp:2686] Sending acknowledgement for status update TASK_STARTING (UUID: c8ec5f0a-cbc5-4ee9-82f5-990a89c598f9) for task 1450479960018-www-data-devel-job26-0-80987d3a-2db0-4b33-8728-9f0d70f94a76 of framework 20151218-225416-50331658-5050-4978-0000 to executor(1)@10.0.0.6:52800
I1218 23:06:00.980994  4971 status_update_manager.cpp:389] Received status update acknowledgement (UUID: c8ec5f0a-cbc5-4ee9-82f5-990a89c598f9) for task 1450479960018-www-data-devel-job26-0-80987d3a-2db0-4b33-8728-9f0d70f94a76 of framework 20151218-225416-50331658-5050-4978-0000
I1218 23:06:00.981029  4971 status_update_manager.hpp:346] Checkpointing ACK for status update TASK_STARTING (UUID: c8ec5f0a-cbc5-4ee9-82f5-990a89c598f9) for task 1450479960018-www-data-devel-job26-0-80987d3a-2db0-4b33-8728-9f0d70f94a76 of framework 20151218-225416-50331658-5050-4978-0000
I1218 23:06:01.550636  4979 slave.cpp:2508] Handling status update TASK_RUNNING (UUID: f433d6d0-719e-4a11-8f60-4b1e419eab72) for task 1450479960018-www-data-devel-job26-0-80987d3a-2db0-4b33-8728-9f0d70f94a76 of framework 20151218-225416-50331658-5050-4978-0000 from executor(1)@10.0.0.6:52800
I1218 23:06:01.550799  4982 status_update_manager.cpp:317] Received status update TASK_RUNNING (UUID: f433d6d0-719e-4a11-8f60-4b1e419eab72) for task 1450479960018-www-data-devel-job26-0-80987d3a-2db0-4b33-8728-9f0d70f94a76 of framework 20151218-225416-50331658-5050-4978-0000
I1218 23:06:01.550889  4982 status_update_manager.hpp:346] Checkpointing UPDATE for status update TASK_RUNNING (UUID: f433d6d0-719e-4a11-8f60-4b1e419eab72) for task 1450479960018-www-data-devel-job26-0-80987d3a-2db0-4b33-8728-9f0d70f94a76 of framework 20151218-225416-50331658-5050-4978-0000
I1218 23:06:01.556077  4977 slave.cpp:2753] Forwarding the update TASK_RUNNING (UUID: f433d6d0-719e-4a11-8f60-4b1e419eab72) for task 1450479960018-www-data-devel-job26-0-80987d3a-2db0-4b33-8728-9f0d70f94a76 of framework 20151218-225416-50331658-5050-4978-0000 to master@10.0.0.3:5050
I1218 23:06:01.556192  4977 slave.cpp:2686] Sending acknowledgement for status update TASK_RUNNING (UUID: f433d6d0-719e-4a11-8f60-4b1e419eab72) for task 1450479960018-www-data-devel-job26-0-80987d3a-2db0-4b33-8728-9f0d70f94a76 of framework 20151218-225416-50331658-5050-4978-0000 to executor(1)@10.0.0.6:52800
I1218 23:06:01.563781  4979 status_update_manager.cpp:389] Received status update acknowledgement (UUID: f433d6d0-719e-4a11-8f60-4b1e419eab72) for task 1450479960018-www-data-devel-job26-0-80987d3a-2db0-4b33-8728-9f0d70f94a76 of framework 20151218-225416-50331658-5050-4978-0000
I1218 23:06:01.563832  4979 status_update_manager.hpp:346] Checkpointing ACK for status update TASK_RUNNING (UUID: f433d6d0-719e-4a11-8f60-4b1e419eab72) for task 1450479960018-www-data-devel-job26-0-80987d3a-2db0-4b33-8728-9f0d70f94a76 of framework 20151218-225416-50331658-5050-4978-0000
I1218 23:06:02.692567  4973 slave.cpp:2508] Handling status update TASK_FINISHED (UUID: 892f69ce-9ddb-403b-86ea-9dcb7c5a8b61) for task 1450479960018-www-data-devel-job26-0-80987d3a-2db0-4b33-8728-9f0d70f94a76 of framework 20151218-225416-50331658-5050-4978-0000 from executor(1)@10.0.0.6:52800
I1218 23:06:02.693570  4975 status_update_manager.cpp:317] Received status update TASK_FINISHED (UUID: 892f69ce-9ddb-403b-86ea-9dcb7c5a8b61) for task 1450479960018-www-data-devel-job26-0-80987d3a-2db0-4b33-8728-9f0d70f94a76 of framework 20151218-225416-50331658-5050-4978-0000
I1218 23:06:02.693665  4975 status_update_manager.hpp:346] Checkpointing UPDATE for status update TASK_FINISHED (UUID: 892f69ce-9ddb-403b-86ea-9dcb7c5a8b61) for task 1450479960018-www-data-devel-job26-0-80987d3a-2db0-4b33-8728-9f0d70f94a76 of framework 20151218-225416-50331658-5050-4978-0000
I1218 23:06:02.698266  4974 slave.cpp:2753] Forwarding the update TASK_FINISHED (UUID: 892f69ce-9ddb-403b-86ea-9dcb7c5a8b61) for task 1450479960018-www-data-devel-job26-0-80987d3a-2db0-4b33-8728-9f0d70f94a76 of framework 20151218-225416-50331658-5050-4978-0000 to master@10.0.0.3:5050
I1218 23:06:02.698441  4974 slave.cpp:2686] Sending acknowledgement for status update TASK_FINISHED (UUID: 892f69ce-9ddb-403b-86ea-9dcb7c5a8b61) for task 1450479960018-www-data-devel-job26-0-80987d3a-2db0-4b33-8728-9f0d70f94a76 of framework 20151218-225416-50331658-5050-4978-0000 to executor(1)@10.0.0.6:52800
I1218 23:06:02.712260  4975 status_update_manager.cpp:389] Received status update acknowledgement (UUID: 892f69ce-9ddb-403b-86ea-9dcb7c5a8b61) for task 1450479960018-www-data-devel-job26-0-80987d3a-2db0-4b33-8728-9f0d70f94a76 of framework 20151218-225416-50331658-5050-4978-0000
I1218 23:06:02.712316  4975 status_update_manager.hpp:346] Checkpointing ACK for status update TASK_FINISHED (UUID: 892f69ce-9ddb-403b-86ea-9dcb7c5a8b61) for task 1450479960018-www-data-devel-job26-0-80987d3a-2db0-4b33-8728-9f0d70f94a76 of framework 20151218-225416-50331658-5050-4978-0000
I1218 23:06:03.216913  4984 slave.cpp:1121] Got assigned task 1450479960028-www-data-devel-job3-0-1ca8842a-6fc1-43df-9fba-27e241f6ef8f for framework 20151218-225416-50331658-5050-4978-0000
I1218 23:06:03.217195  4984 slave.cpp:1231] Launching task 1450479960028-www-data-devel-job3-0-1ca8842a-6fc1-43df-9fba-27e241f6ef8f for framework 20151218-225416-50331658-5050-4978-0000
I1218 23:06:03.218686  4984 slave.cpp:4160] Launching executor thermos-1450479960028-www-data-devel-job3-0-1ca8842a-6fc1-43df-9fba-27e241f6ef8f of framework 20151218-225416-50331658-5050-4978-0000 in work directory '/var/lib/mesos/slave/slaves/20151218-225416-50331658-5050-4978-S1/frameworks/20151218-225416-50331658-5050-4978-0000/executors/thermos-1450479960028-www-data-devel-job3-0-1ca8842a-6fc1-43df-9fba-27e241f6ef8f/runs/ae046f85-2b2b-4ea4-a3cb-170a94560848'
I1218 23:06:03.218853  4973 containerizer.cpp:472] Starting container 'ae046f85-2b2b-4ea4-a3cb-170a94560848' for executor 'thermos-1450479960028-www-data-devel-job3-0-1ca8842a-6fc1-43df-9fba-27e241f6ef8f' of framework '20151218-225416-50331658-5050-4978-0000'
I1218 23:06:03.219230  4984 slave.cpp:1378] Queuing task '1450479960028-www-data-devel-job3-0-1ca8842a-6fc1-43df-9fba-27e241f6ef8f' for executor thermos-1450479960028-www-data-devel-job3-0-1ca8842a-6fc1-43df-9fba-27e241f6ef8f of framework '20151218-225416-50331658-5050-4978-0000
I1218 23:06:03.220574  4983 launcher.cpp:130] Forked child with pid '16339' for container 'ae046f85-2b2b-4ea4-a3cb-170a94560848'
I1218 23:06:03.220897  4983 containerizer.cpp:682] Checkpointing executor's forked pid 16339 to '/var/lib/mesos/slave/meta/slaves/20151218-225416-50331658-5050-4978-S1/frameworks/20151218-225416-50331658-5050-4978-0000/executors/thermos-1450479960028-www-data-devel-job3-0-1ca8842a-6fc1-43df-9fba-27e241f6ef8f/runs/ae046f85-2b2b-4ea4-a3cb-170a94560848/pids/forked.pid'
I1218 23:06:03.226508  4972 fetcher.cpp:238] Fetching URIs using command '/usr/libexec/mesos/mesos-fetcher'
I1218 23:06:03.364203  4977 slave.cpp:3135] Monitoring executor 'thermos-1450479960028-www-data-devel-job3-0-1ca8842a-6fc1-43df-9fba-27e241f6ef8f' of framework '20151218-225416-50331658-5050-4978-0000' in container 'ae046f85-2b2b-4ea4-a3cb-170a94560848'
I1218 23:06:03.871196  4982 slave.cpp:2141] Got registration for executor 'thermos-1450479960028-www-data-devel-job3-0-1ca8842a-6fc1-43df-9fba-27e241f6ef8f' of framework 20151218-225416-50331658-5050-4978-0000 from executor(1)@10.0.0.6:58060
I1218 23:06:03.872031  4974 slave.cpp:1532] Sending queued task '1450479960028-www-data-devel-job3-0-1ca8842a-6fc1-43df-9fba-27e241f6ef8f' to executor 'thermos-1450479960028-www-data-devel-job3-0-1ca8842a-6fc1-43df-9fba-27e241f6ef8f' of framework 20151218-225416-50331658-5050-4978-0000
I1218 23:06:03.877449  4977 slave.cpp:2508] Handling status update TASK_STARTING (UUID: 1eb33c92-ca86-40cb-ae67-4a29f27db3b9) for task 1450479960028-www-data-devel-job3-0-1ca8842a-6fc1-43df-9fba-27e241f6ef8f of framework 20151218-225416-50331658-5050-4978-0000 from executor(1)@10.0.0.6:58060
I1218 23:06:03.877593  4976 status_update_manager.cpp:317] Received status update TASK_STARTING (UUID: 1eb33c92-ca86-40cb-ae67-4a29f27db3b9) for task 1450479960028-www-data-devel-job3-0-1ca8842a-6fc1-43df-9fba-27e241f6ef8f of framework 20151218-225416-50331658-5050-4978-0000
I1218 23:06:03.877781  4976 status_update_manager.hpp:346] Checkpointing UPDATE for status update TASK_STARTING (UUID: 1eb33c92-ca86-40cb-ae67-4a29f27db3b9) for task 1450479960028-www-data-devel-job3-0-1ca8842a-6fc1-43df-9fba-27e241f6ef8f of framework 20151218-225416-50331658-5050-4978-0000
I1218 23:06:03.882357  4980 slave.cpp:2753] Forwarding the update TASK_STARTING (UUID: 1eb33c92-ca86-40cb-ae67-4a29f27db3b9) for task 1450479960028-www-data-devel-job3-0-1ca8842a-6fc1-43df-9fba-27e241f6ef8f of framework 20151218-225416-50331658-5050-4978-0000 to master@10.0.0.3:5050
I1218 23:06:03.882478  4980 slave.cpp:2686] Sending acknowledgement for status update TASK_STARTING (UUID: 1eb33c92-ca86-40cb-ae67-4a29f27db3b9) for task 1450479960028-www-data-devel-job3-0-1ca8842a-6fc1-43df-9fba-27e241f6ef8f of framework 20151218-225416-50331658-5050-4978-0000 to executor(1)@10.0.0.6:58060
I1218 23:06:03.891295  4983 status_update_manager.cpp:389] Received status update acknowledgement (UUID: 1eb33c92-ca86-40cb-ae67-4a29f27db3b9) for task 1450479960028-www-data-devel-job3-0-1ca8842a-6fc1-43df-9fba-27e241f6ef8f of framework 20151218-225416-50331658-5050-4978-0000
I1218 23:06:03.891325  4983 status_update_manager.hpp:346] Checkpointing ACK for status update TASK_STARTING (UUID: 1eb33c92-ca86-40cb-ae67-4a29f27db3b9) for task 1450479960028-www-data-devel-job3-0-1ca8842a-6fc1-43df-9fba-27e241f6ef8f of framework 20151218-225416-50331658-5050-4978-0000
I1218 23:06:04.458041  4980 slave.cpp:2508] Handling status update TASK_RUNNING (UUID: 099b47ba-8653-4c1d-81ea-6be5ec3fad3a) for task 1450479960028-www-data-devel-job3-0-1ca8842a-6fc1-43df-9fba-27e241f6ef8f of framework 20151218-225416-50331658-5050-4978-0000 from executor(1)@10.0.0.6:58060
I1218 23:06:04.458335  4985 status_update_manager.cpp:317] Received status update TASK_RUNNING (UUID: 099b47ba-8653-4c1d-81ea-6be5ec3fad3a) for task 1450479960028-www-data-devel-job3-0-1ca8842a-6fc1-43df-9fba-27e241f6ef8f of framework 20151218-225416-50331658-5050-4978-0000
I1218 23:06:04.458468  4985 status_update_manager.hpp:346] Checkpointing UPDATE for status update TASK_RUNNING (UUID: 099b47ba-8653-4c1d-81ea-6be5ec3fad3a) for task 1450479960028-www-data-devel-job3-0-1ca8842a-6fc1-43df-9fba-27e241f6ef8f of framework 20151218-225416-50331658-5050-4978-0000
I1218 23:06:04.463423  4972 slave.cpp:2753] Forwarding the update TASK_RUNNING (UUID: 099b47ba-8653-4c1d-81ea-6be5ec3fad3a) for task 1450479960028-www-data-devel-job3-0-1ca8842a-6fc1-43df-9fba-27e241f6ef8f of framework 20151218-225416-50331658-5050-4978-0000 to master@10.0.0.3:5050
I1218 23:06:04.463556  4972 slave.cpp:2686] Sending acknowledgement for status update TASK_RUNNING (UUID: 099b47ba-8653-4c1d-81ea-6be5ec3fad3a) for task 1450479960028-www-data-devel-job3-0-1ca8842a-6fc1-43df-9fba-27e241f6ef8f of framework 20151218-225416-50331658-5050-4978-0000 to executor(1)@10.0.0.6:58060
I1218 23:06:04.472554  4971 status_update_manager.cpp:389] Received status update acknowledgement (UUID: 099b47ba-8653-4c1d-81ea-6be5ec3fad3a) for task 1450479960028-www-data-devel-job3-0-1ca8842a-6fc1-43df-9fba-27e241f6ef8f of framework 20151218-225416-50331658-5050-4978-0000
I1218 23:06:04.472589  4971 status_update_manager.hpp:346] Checkpointing ACK for status update TASK_RUNNING (UUID: 099b47ba-8653-4c1d-81ea-6be5ec3fad3a) for task 1450479960028-www-data-devel-job3-0-1ca8842a-6fc1-43df-9fba-27e241f6ef8f of framework 20151218-225416-50331658-5050-4978-0000
I1218 23:06:07.784759  4973 containerizer.cpp:1111] Executor for container '2262e224-71a3-403a-b7bf-236e0acd52c2' has exited
I1218 23:06:07.784862  4973 containerizer.cpp:906] Destroying container '2262e224-71a3-403a-b7bf-236e0acd52c2'
I1218 23:06:07.786248  4976 slave.cpp:3193] Executor 'thermos-1450479960018-www-data-devel-job26-0-80987d3a-2db0-4b33-8728-9f0d70f94a76' of framework 20151218-225416-50331658-5050-4978-0000 exited with status 0
I1218 23:06:07.786381  4976 slave.cpp:3302] Cleaning up executor 'thermos-1450479960018-www-data-devel-job26-0-80987d3a-2db0-4b33-8728-9f0d70f94a76' of framework 20151218-225416-50331658-5050-4978-0000
I1218 23:06:07.786629  4974 gc.cpp:56] Scheduling '/var/lib/mesos/slave/slaves/20151218-225416-50331658-5050-4978-S1/frameworks/20151218-225416-50331658-5050-4978-0000/executors/thermos-1450479960018-www-data-devel-job26-0-80987d3a-2db0-4b33-8728-9f0d70f94a76/runs/2262e224-71a3-403a-b7bf-236e0acd52c2' for gc 6.99999089612148days in the future
I1218 23:06:07.786730  4974 gc.cpp:56] Scheduling '/var/lib/mesos/slave/slaves/20151218-225416-50331658-5050-4978-S1/frameworks/20151218-225416-50331658-5050-4978-0000/executors/thermos-1450479960018-www-data-devel-job26-0-80987d3a-2db0-4b33-8728-9f0d70f94a76' for gc 6.99999089542815days in the future
I1218 23:06:07.786759  4974 gc.cpp:56] Scheduling '/var/lib/mesos/slave/meta/slaves/20151218-225416-50331658-5050-4978-S1/frameworks/20151218-225416-50331658-5050-4978-0000/executors/thermos-1450479960018-www-data-devel-job26-0-80987d3a-2db0-4b33-8728-9f0d70f94a76/runs/2262e224-71a3-403a-b7bf-236e0acd52c2' for gc 6.99999089495407days in the future
I1218 23:06:07.786784  4974 gc.cpp:56] Scheduling '/var/lib/mesos/slave/meta/slaves/20151218-225416-50331658-5050-4978-S1/frameworks/20151218-225416-50331658-5050-4978-0000/executors/thermos-1450479960018-www-data-devel-job26-0-80987d3a-2db0-4b33-8728-9f0d70f94a76' for gc 6.99999089456days in the future
I1218 23:06:09.386160  4974 slave.cpp:1121] Got assigned task 1450479960041-www-data-devel-job25-0-83f19c01-bc76-44cb-8cec-5fb7c45d5768 for framework 20151218-225416-50331658-5050-4978-0000
I1218 23:06:09.386353  4974 slave.cpp:1231] Launching task 1450479960041-www-data-devel-job25-0-83f19c01-bc76-44cb-8cec-5fb7c45d5768 for framework 20151218-225416-50331658-5050-4978-0000
I1218 23:06:09.387591  4974 slave.cpp:4160] Launching executor thermos-1450479960041-www-data-devel-job25-0-83f19c01-bc76-44cb-8cec-5fb7c45d5768 of framework 20151218-225416-50331658-5050-4978-0000 in work directory '/var/lib/mesos/slave/slaves/20151218-225416-50331658-5050-4978-S1/frameworks/20151218-225416-50331658-5050-4978-0000/executors/thermos-1450479960041-www-data-devel-job25-0-83f19c01-bc76-44cb-8cec-5fb7c45d5768/runs/6e356865-dad6-4bfb-8dff-7add5f476316'
I1218 23:06:09.387784  4979 containerizer.cpp:472] Starting container '6e356865-dad6-4bfb-8dff-7add5f476316' for executor 'thermos-1450479960041-www-data-devel-job25-0-83f19c01-bc76-44cb-8cec-5fb7c45d5768' of framework '20151218-225416-50331658-5050-4978-0000'
I1218 23:06:09.388067  4974 slave.cpp:1378] Queuing task '1450479960041-www-data-devel-job25-0-83f19c01-bc76-44cb-8cec-5fb7c45d5768' for executor thermos-1450479960041-www-data-devel-job25-0-83f19c01-bc76-44cb-8cec-5fb7c45d5768 of framework '20151218-225416-50331658-5050-4978-0000
I1218 23:06:09.388887  4979 launcher.cpp:130] Forked child with pid '16393' for container '6e356865-dad6-4bfb-8dff-7add5f476316'
I1218 23:06:09.389120  4979 containerizer.cpp:682] Checkpointing executor's forked pid 16393 to '/var/lib/mesos/slave/meta/slaves/20151218-225416-50331658-5050-4978-S1/frameworks/20151218-225416-50331658-5050-4978-0000/executors/thermos-1450479960041-www-data-devel-job25-0-83f19c01-bc76-44cb-8cec-5fb7c45d5768/runs/6e356865-dad6-4bfb-8dff-7add5f476316/pids/forked.pid'
I1218 23:06:09.394156  4986 fetcher.cpp:238] Fetching URIs using command '/usr/libexec/mesos/mesos-fetcher'
I1218 23:06:09.493108  4982 slave.cpp:3135] Monitoring executor 'thermos-1450479960041-www-data-devel-job25-0-83f19c01-bc76-44cb-8cec-5fb7c45d5768' of framework '20151218-225416-50331658-5050-4978-0000' in container '6e356865-dad6-4bfb-8dff-7add5f476316'
I1218 23:06:09.987429  4979 slave.cpp:2141] Got registration for executor 'thermos-1450479960041-www-data-devel-job25-0-83f19c01-bc76-44cb-8cec-5fb7c45d5768' of framework 20151218-225416-50331658-5050-4978-0000 from executor(1)@10.0.0.6:34353
I1218 23:06:09.994552  4976 slave.cpp:1532] Sending queued task '1450479960041-www-data-devel-job25-0-83f19c01-bc76-44cb-8cec-5fb7c45d5768' to executor 'thermos-1450479960041-www-data-devel-job25-0-83f19c01-bc76-44cb-8cec-5fb7c45d5768' of framework 20151218-225416-50331658-5050-4978-0000
I1218 23:06:10.001863  4986 slave.cpp:2508] Handling status update TASK_STARTING (UUID: 2587bb77-0ae7-4090-8fe3-68161d19ed4d) for task 1450479960041-www-data-devel-job25-0-83f19c01-bc76-44cb-8cec-5fb7c45d5768 of framework 20151218-225416-50331658-5050-4978-0000 from executor(1)@10.0.0.6:34353
I1218 23:06:10.003434  4986 status_update_manager.cpp:317] Received status update TASK_STARTING (UUID: 2587bb77-0ae7-4090-8fe3-68161d19ed4d) for task 1450479960041-www-data-devel-job25-0-83f19c01-bc76-44cb-8cec-5fb7c45d5768 of framework 20151218-225416-50331658-5050-4978-0000
I1218 23:06:10.003633  4986 status_update_manager.hpp:346] Checkpointing UPDATE for status update TASK_STARTING (UUID: 2587bb77-0ae7-4090-8fe3-68161d19ed4d) for task 1450479960041-www-data-devel-job25-0-83f19c01-bc76-44cb-8cec-5fb7c45d5768 of framework 20151218-225416-50331658-5050-4978-0000
I1218 23:06:10.008066  4986 slave.cpp:2753] Forwarding the update TASK_STARTING (UUID: 2587bb77-0ae7-4090-8fe3-68161d19ed4d) for task 1450479960041-www-data-devel-job25-0-83f19c01-bc76-44cb-8cec-5fb7c45d5768 of framework 20151218-225416-50331658-5050-4978-0000 to master@10.0.0.3:5050
I1218 23:06:10.008195  4986 slave.cpp:2686] Sending acknowledgement for status update TASK_STARTING (UUID: 2587bb77-0ae7-4090-8fe3-68161d19ed4d) for task 1450479960041-www-data-devel-job25-0-83f19c01-bc76-44cb-8cec-5fb7c45d5768 of framework 20151218-225416-50331658-5050-4978-0000 to executor(1)@10.0.0.6:34353
I1218 23:06:10.025231  4985 status_update_manager.cpp:389] Received status update acknowledgement (UUID: 2587bb77-0ae7-4090-8fe3-68161d19ed4d) for task 1450479960041-www-data-devel-job25-0-83f19c01-bc76-44cb-8cec-5fb7c45d5768 of framework 20151218-225416-50331658-5050-4978-0000
I1218 23:06:10.025265  4985 status_update_manager.hpp:346] Checkpointing ACK for status update TASK_STARTING (UUID: 2587bb77-0ae7-4090-8fe3-68161d19ed4d) for task 1450479960041-www-data-devel-job25-0-83f19c01-bc76-44cb-8cec-5fb7c45d5768 of framework 20151218-225416-50331658-5050-4978-0000
I1218 23:06:10.596652  4972 slave.cpp:2508] Handling status update TASK_RUNNING (UUID: ac4cc82a-70aa-4815-9aa5-863ec7f71b40) for task 1450479960041-www-data-devel-job25-0-83f19c01-bc76-44cb-8cec-5fb7c45d5768 of framework 20151218-225416-50331658-5050-4978-0000 from executor(1)@10.0.0.6:34353
I1218 23:06:10.596814  4972 status_update_manager.cpp:317] Received status update TASK_RUNNING (UUID: ac4cc82a-70aa-4815-9aa5-863ec7f71b40) for task 1450479960041-www-data-devel-job25-0-83f19c01-bc76-44cb-8cec-5fb7c45d5768 of framework 20151218-225416-50331658-5050-4978-0000
I1218 23:06:10.596837  4972 status_update_manager.hpp:346] Checkpointing UPDATE for status update TASK_RUNNING (UUID: ac4cc82a-70aa-4815-9aa5-863ec7f71b40) for task 1450479960041-www-data-devel-job25-0-83f19c01-bc76-44cb-8cec-5fb7c45d5768 of framework 20151218-225416-50331658-5050-4978-0000
I1218 23:06:10.600384  4982 slave.cpp:2753] Forwarding the update TASK_RUNNING (UUID: ac4cc82a-70aa-4815-9aa5-863ec7f71b40) for task 1450479960041-www-data-devel-job25-0-83f19c01-bc76-44cb-8cec-5fb7c45d5768 of framework 20151218-225416-50331658-5050-4978-0000 to master@10.0.0.3:5050
I1218 23:06:10.600508  4982 slave.cpp:2686] Sending acknowledgement for status update TASK_RUNNING (UUID: ac4cc82a-70aa-4815-9aa5-863ec7f71b40) for task 1450479960041-www-data-devel-job25-0-83f19c01-bc76-44cb-8cec-5fb7c45d5768 of framework 20151218-225416-50331658-5050-4978-0000 to executor(1)@10.0.0.6:34353
I1218 23:06:10.608325  4977 status_update_manager.cpp:389] Received status update acknowledgement (UUID: ac4cc82a-70aa-4815-9aa5-863ec7f71b40) for task 1450479960041-www-data-devel-job25-0-83f19c01-bc76-44cb-8cec-5fb7c45d5768 of framework 20151218-225416-50331658-5050-4978-0000
I1218 23:06:10.608386  4977 status_update_manager.hpp:346] Checkpointing ACK for status update TASK_RUNNING (UUID: ac4cc82a-70aa-4815-9aa5-863ec7f71b40) for task 1450479960041-www-data-devel-job25-0-83f19c01-bc76-44cb-8cec-5fb7c45d5768 of framework 20151218-225416-50331658-5050-4978-0000
I1218 23:06:12.612722  4982 slave.cpp:2508] Handling status update TASK_FINISHED (UUID: 56a0fe9e-c433-4f3a-a494-9bc1999531af) for task 1450479960028-www-data-devel-job3-0-1ca8842a-6fc1-43df-9fba-27e241f6ef8f of framework 20151218-225416-50331658-5050-4978-0000 from executor(1)@10.0.0.6:58060
I1218 23:06:12.613215  4981 status_update_manager.cpp:317] Received status update TASK_FINISHED (UUID: 56a0fe9e-c433-4f3a-a494-9bc1999531af) for task 1450479960028-www-data-devel-job3-0-1ca8842a-6fc1-43df-9fba-27e241f6ef8f of framework 20151218-225416-50331658-5050-4978-0000
I1218 23:06:12.613260  4981 status_update_manager.hpp:346] Checkpointing UPDATE for status update TASK_FINISHED (UUID: 56a0fe9e-c433-4f3a-a494-9bc1999531af) for task 1450479960028-www-data-devel-job3-0-1ca8842a-6fc1-43df-9fba-27e241f6ef8f of framework 20151218-225416-50331658-5050-4978-0000
I1218 23:06:12.617700  4983 slave.cpp:2753] Forwarding the update TASK_FINISHED (UUID: 56a0fe9e-c433-4f3a-a494-9bc1999531af) for task 1450479960028-www-data-devel-job3-0-1ca8842a-6fc1-43df-9fba-27e241f6ef8f of framework 20151218-225416-50331658-5050-4978-0000 to master@10.0.0.3:5050
I1218 23:06:12.617817  4983 slave.cpp:2686] Sending acknowledgement for status update TASK_FINISHED (UUID: 56a0fe9e-c433-4f3a-a494-9bc1999531af) for task 1450479960028-www-data-devel-job3-0-1ca8842a-6fc1-43df-9fba-27e241f6ef8f of framework 20151218-225416-50331658-5050-4978-0000 to executor(1)@10.0.0.6:58060
I1218 23:06:12.627483  4984 status_update_manager.cpp:389] Received status update acknowledgement (UUID: 56a0fe9e-c433-4f3a-a494-9bc1999531af) for task 1450479960028-www-data-devel-job3-0-1ca8842a-6fc1-43df-9fba-27e241f6ef8f of framework 20151218-225416-50331658-5050-4978-0000
I1218 23:06:12.627517  4984 status_update_manager.hpp:346] Checkpointing ACK for status update TASK_FINISHED (UUID: 56a0fe9e-c433-4f3a-a494-9bc1999531af) for task 1450479960028-www-data-devel-job3-0-1ca8842a-6fc1-43df-9fba-27e241f6ef8f of framework 20151218-225416-50331658-5050-4978-0000
I1218 23:06:15.481063  4974 slave.cpp:3618] Current disk usage 72.01%. Max allowed age: 1.259581724989248days
I1218 23:06:17.630457  4980 slave.cpp:1121] Got assigned task 1450479960086-www-data-devel-job35-0-9a69b6c4-d1f8-4194-81da-1b9e5e9ac68a for framework 20151218-225416-50331658-5050-4978-0000
I1218 23:06:17.630745  4980 slave.cpp:1231] Launching task 1450479960086-www-data-devel-job35-0-9a69b6c4-d1f8-4194-81da-1b9e5e9ac68a for framework 20151218-225416-50331658-5050-4978-0000
I1218 23:06:17.632244  4980 slave.cpp:4160] Launching executor thermos-1450479960086-www-data-devel-job35-0-9a69b6c4-d1f8-4194-81da-1b9e5e9ac68a of framework 20151218-225416-50331658-5050-4978-0000 in work directory '/var/lib/mesos/slave/slaves/20151218-225416-50331658-5050-4978-S1/frameworks/20151218-225416-50331658-5050-4978-0000/executors/thermos-1450479960086-www-data-devel-job35-0-9a69b6c4-d1f8-4194-81da-1b9e5e9ac68a/runs/56db7de4-a18a-46e3-8106-c2eee753130e'
I1218 23:06:17.632405  4977 containerizer.cpp:472] Starting container '56db7de4-a18a-46e3-8106-c2eee753130e' for executor 'thermos-1450479960086-www-data-devel-job35-0-9a69b6c4-d1f8-4194-81da-1b9e5e9ac68a' of framework '20151218-225416-50331658-5050-4978-0000'
I1218 23:06:17.632699  4980 slave.cpp:1378] Queuing task '1450479960086-www-data-devel-job35-0-9a69b6c4-d1f8-4194-81da-1b9e5e9ac68a' for executor thermos-1450479960086-www-data-devel-job35-0-9a69b6c4-d1f8-4194-81da-1b9e5e9ac68a of framework '20151218-225416-50331658-5050-4978-0000
I1218 23:06:17.633978  4977 launcher.cpp:130] Forked child with pid '16451' for container '56db7de4-a18a-46e3-8106-c2eee753130e'
I1218 23:06:17.634479  4977 containerizer.cpp:682] Checkpointing executor's forked pid 16451 to '/var/lib/mesos/slave/meta/slaves/20151218-225416-50331658-5050-4978-S1/frameworks/20151218-225416-50331658-5050-4978-0000/executors/thermos-1450479960086-www-data-devel-job35-0-9a69b6c4-d1f8-4194-81da-1b9e5e9ac68a/runs/56db7de4-a18a-46e3-8106-c2eee753130e/pids/forked.pid'
I1218 23:06:17.639487  4981 fetcher.cpp:238] Fetching URIs using command '/usr/libexec/mesos/mesos-fetcher'
I1218 23:06:17.733672  4976 containerizer.cpp:1111] Executor for container 'ae046f85-2b2b-4ea4-a3cb-170a94560848' has exited
I1218 23:06:17.733793  4976 containerizer.cpp:906] Destroying container 'ae046f85-2b2b-4ea4-a3cb-170a94560848'
I1218 23:06:17.734974  4978 slave.cpp:3135] Monitoring executor 'thermos-1450479960086-www-data-devel-job35-0-9a69b6c4-d1f8-4194-81da-1b9e5e9ac68a' of framework '20151218-225416-50331658-5050-4978-0000' in container '56db7de4-a18a-46e3-8106-c2eee753130e'
I1218 23:06:17.735734  4985 slave.cpp:3193] Executor 'thermos-1450479960028-www-data-devel-job3-0-1ca8842a-6fc1-43df-9fba-27e241f6ef8f' of framework 20151218-225416-50331658-5050-4978-0000 exited with status 0
I1218 23:06:17.735875  4985 slave.cpp:3302] Cleaning up executor 'thermos-1450479960028-www-data-devel-job3-0-1ca8842a-6fc1-43df-9fba-27e241f6ef8f' of framework 20151218-225416-50331658-5050-4978-0000
