I1218 23:07:10.275920  4972 status_update_manager.hpp:346] Checkpointing UPDATE for status update TASK_RUNNING (UUID: 59c00821-efbf-4269-9cc4-fd54c85d4c3d) for task 1450480020040-www-data-devel-job25-0-7428d283-90ec-4e77-aace-939006a124cb of framework 20151218-225416-50331658-5050-4978-0000
I1218 23:07:10.280321  4985 slave.cpp:2753] Forwarding the update TASK_RUNNING (UUID: 59c00821-efbf-4269-9cc4-fd54c85d4c3d) for task 1450480020040-www-data-devel-job25-0-7428d283-90ec-4e77-aace-939006a124cb of framework 20151218-225416-50331658-5050-4978-0000 to master@10.0.0.3:5050
I1218 23:07:10.280452  4985 slave.cpp:2686] Sending acknowledgement for status update TASK_RUNNING (UUID: 59c00821-efbf-4269-9cc4-fd54c85d4c3d) for task 1450480020040-www-data-devel-job25-0-7428d283-90ec-4e77-aace-939006a124cb of framework 20151218-225416-50331658-5050-4978-0000 to executor(1)@10.0.0.6:50154
I1218 23:07:10.291223  4972 status_update_manager.cpp:389] Received status update acknowledgement (UUID: 59c00821-efbf-4269-9cc4-fd54c85d4c3d) for task 1450480020040-www-data-devel-job25-0-7428d283-90ec-4e77-aace-939006a124cb of framework 20151218-225416-50331658-5050-4978-0000
I1218 23:07:10.291261  4972 status_update_manager.hpp:346] Checkpointing ACK for status update TASK_RUNNING (UUID: 59c00821-efbf-4269-9cc4-fd54c85d4c3d) for task 1450480020040-www-data-devel-job25-0-7428d283-90ec-4e77-aace-939006a124cb of framework 20151218-225416-50331658-5050-4978-0000
I1218 23:07:14.794373  4976 slave.cpp:2508] Handling status update TASK_FINISHED (UUID: d4ef269c-88dc-44a0-a73e-e1750fe9be9f) for task 1450480020030-www-data-devel-job3-0-d701d677-1272-40ba-9352-89ec638e8a86 of framework 20151218-225416-50331658-5050-4978-0000 from executor(1)@10.0.0.6:59719
I1218 23:07:14.795127  4981 status_update_manager.cpp:317] Received status update TASK_FINISHED (UUID: d4ef269c-88dc-44a0-a73e-e1750fe9be9f) for task 1450480020030-www-data-devel-job3-0-d701d677-1272-40ba-9352-89ec638e8a86 of framework 20151218-225416-50331658-5050-4978-0000
I1218 23:07:14.795176  4981 status_update_manager.hpp:346] Checkpointing UPDATE for status update TASK_FINISHED (UUID: d4ef269c-88dc-44a0-a73e-e1750fe9be9f) for task 1450480020030-www-data-devel-job3-0-d701d677-1272-40ba-9352-89ec638e8a86 of framework 20151218-225416-50331658-5050-4978-0000
I1218 23:07:14.799713  4978 slave.cpp:2753] Forwarding the update TASK_FINISHED (UUID: d4ef269c-88dc-44a0-a73e-e1750fe9be9f) for task 1450480020030-www-data-devel-job3-0-d701d677-1272-40ba-9352-89ec638e8a86 of framework 20151218-225416-50331658-5050-4978-0000 to master@10.0.0.3:5050
I1218 23:07:14.799896  4978 slave.cpp:2686] Sending acknowledgement for status update TASK_FINISHED (UUID: d4ef269c-88dc-44a0-a73e-e1750fe9be9f) for task 1450480020030-www-data-devel-job3-0-d701d677-1272-40ba-9352-89ec638e8a86 of framework 20151218-225416-50331658-5050-4978-0000 to executor(1)@10.0.0.6:59719
I1218 23:07:14.810704  4976 status_update_manager.cpp:389] Received status update acknowledgement (UUID: d4ef269c-88dc-44a0-a73e-e1750fe9be9f) for task 1450480020030-www-data-devel-job3-0-d701d677-1272-40ba-9352-89ec638e8a86 of framework 20151218-225416-50331658-5050-4978-0000
I1218 23:07:14.810746  4976 status_update_manager.hpp:346] Checkpointing ACK for status update TASK_FINISHED (UUID: d4ef269c-88dc-44a0-a73e-e1750fe9be9f) for task 1450480020030-www-data-devel-job3-0-d701d677-1272-40ba-9352-89ec638e8a86 of framework 20151218-225416-50331658-5050-4978-0000
I1218 23:07:15.481719  4971 slave.cpp:3618] Current disk usage 73.04%. Max allowed age: 1.187117605164410days
I1218 23:07:17.254042  4979 slave.cpp:1121] Got assigned task 1450480020048-www-data-devel-job36-0-72dc144b-d3bb-4458-9927-08c79ce96978 for framework 20151218-225416-50331658-5050-4978-0000
I1218 23:07:17.254250  4979 slave.cpp:1231] Launching task 1450480020048-www-data-devel-job36-0-72dc144b-d3bb-4458-9927-08c79ce96978 for framework 20151218-225416-50331658-5050-4978-0000
I1218 23:07:17.255558  4979 slave.cpp:4160] Launching executor thermos-1450480020048-www-data-devel-job36-0-72dc144b-d3bb-4458-9927-08c79ce96978 of framework 20151218-225416-50331658-5050-4978-0000 in work directory '/var/lib/mesos/slave/slaves/20151218-225416-50331658-5050-4978-S1/frameworks/20151218-225416-50331658-5050-4978-0000/executors/thermos-1450480020048-www-data-devel-job36-0-72dc144b-d3bb-4458-9927-08c79ce96978/runs/1f95f4a0-53e5-46fa-9a6a-2741cd26f610'
I1218 23:07:17.255673  4971 containerizer.cpp:472] Starting container '1f95f4a0-53e5-46fa-9a6a-2741cd26f610' for executor 'thermos-1450480020048-www-data-devel-job36-0-72dc144b-d3bb-4458-9927-08c79ce96978' of framework '20151218-225416-50331658-5050-4978-0000'
I1218 23:07:17.255969  4979 slave.cpp:1378] Queuing task '1450480020048-www-data-devel-job36-0-72dc144b-d3bb-4458-9927-08c79ce96978' for executor thermos-1450480020048-www-data-devel-job36-0-72dc144b-d3bb-4458-9927-08c79ce96978 of framework '20151218-225416-50331658-5050-4978-0000
I1218 23:07:17.257102  4971 launcher.cpp:130] Forked child with pid '16737' for container '1f95f4a0-53e5-46fa-9a6a-2741cd26f610'
I1218 23:07:17.258499  4971 containerizer.cpp:682] Checkpointing executor's forked pid 16737 to '/var/lib/mesos/slave/meta/slaves/20151218-225416-50331658-5050-4978-S1/frameworks/20151218-225416-50331658-5050-4978-0000/executors/thermos-1450480020048-www-data-devel-job36-0-72dc144b-d3bb-4458-9927-08c79ce96978/runs/1f95f4a0-53e5-46fa-9a6a-2741cd26f610/pids/forked.pid'
I1218 23:07:17.262267  4973 fetcher.cpp:238] Fetching URIs using command '/usr/libexec/mesos/mesos-fetcher'
I1218 23:07:17.413070  4972 slave.cpp:3135] Monitoring executor 'thermos-1450480020048-www-data-devel-job36-0-72dc144b-d3bb-4458-9927-08c79ce96978' of framework '20151218-225416-50331658-5050-4978-0000' in container '1f95f4a0-53e5-46fa-9a6a-2741cd26f610'
I1218 23:07:17.907923  4977 slave.cpp:2141] Got registration for executor 'thermos-1450480020048-www-data-devel-job36-0-72dc144b-d3bb-4458-9927-08c79ce96978' of framework 20151218-225416-50331658-5050-4978-0000 from executor(1)@10.0.0.6:47004
I1218 23:07:17.920168  4986 slave.cpp:1532] Sending queued task '1450480020048-www-data-devel-job36-0-72dc144b-d3bb-4458-9927-08c79ce96978' to executor 'thermos-1450480020048-www-data-devel-job36-0-72dc144b-d3bb-4458-9927-08c79ce96978' of framework 20151218-225416-50331658-5050-4978-0000
I1218 23:07:17.926568  4980 slave.cpp:2508] Handling status update TASK_STARTING (UUID: 26c3d023-ee3a-49ae-873d-a595ed5e990e) for task 1450480020048-www-data-devel-job36-0-72dc144b-d3bb-4458-9927-08c79ce96978 of framework 20151218-225416-50331658-5050-4978-0000 from executor(1)@10.0.0.6:47004
I1218 23:07:17.926766  4977 status_update_manager.cpp:317] Received status update TASK_STARTING (UUID: 26c3d023-ee3a-49ae-873d-a595ed5e990e) for task 1450480020048-www-data-devel-job36-0-72dc144b-d3bb-4458-9927-08c79ce96978 of framework 20151218-225416-50331658-5050-4978-0000
I1218 23:07:17.927008  4977 status_update_manager.hpp:346] Checkpointing UPDATE for status update TASK_STARTING (UUID: 26c3d023-ee3a-49ae-873d-a595ed5e990e) for task 1450480020048-www-data-devel-job36-0-72dc144b-d3bb-4458-9927-08c79ce96978 of framework 20151218-225416-50331658-5050-4978-0000
I1218 23:07:17.930912  4971 slave.cpp:2753] Forwarding the update TASK_STARTING (UUID: 26c3d023-ee3a-49ae-873d-a595ed5e990e) for task 1450480020048-www-data-devel-job36-0-72dc144b-d3bb-4458-9927-08c79ce96978 of framework 20151218-225416-50331658-5050-4978-0000 to master@10.0.0.3:5050
I1218 23:07:17.931012  4971 slave.cpp:2686] Sending acknowledgement for status update TASK_STARTING (UUID: 26c3d023-ee3a-49ae-873d-a595ed5e990e) for task 1450480020048-www-data-devel-job36-0-72dc144b-d3bb-4458-9927-08c79ce96978 of framework 20151218-225416-50331658-5050-4978-0000 to executor(1)@10.0.0.6:47004
I1218 23:07:17.947283  4977 status_update_manager.cpp:389] Received status update acknowledgement (UUID: 26c3d023-ee3a-49ae-873d-a595ed5e990e) for task 1450480020048-www-data-devel-job36-0-72dc144b-d3bb-4458-9927-08c79ce96978 of framework 20151218-225416-50331658-5050-4978-0000
I1218 23:07:17.947317  4977 status_update_manager.hpp:346] Checkpointing ACK for status update TASK_STARTING (UUID: 26c3d023-ee3a-49ae-873d-a595ed5e990e) for task 1450480020048-www-data-devel-job36-0-72dc144b-d3bb-4458-9927-08c79ce96978 of framework 20151218-225416-50331658-5050-4978-0000
I1218 23:07:18.439927  4981 slave.cpp:2508] Handling status update TASK_FINISHED (UUID: 23ed8177-da5e-40b5-9a52-f4091e9b0cca) for task 1450480020040-www-data-devel-job25-0-7428d283-90ec-4e77-aace-939006a124cb of framework 20151218-225416-50331658-5050-4978-0000 from executor(1)@10.0.0.6:50154
I1218 23:07:18.440487  4982 status_update_manager.cpp:317] Received status update TASK_FINISHED (UUID: 23ed8177-da5e-40b5-9a52-f4091e9b0cca) for task 1450480020040-www-data-devel-job25-0-7428d283-90ec-4e77-aace-939006a124cb of framework 20151218-225416-50331658-5050-4978-0000
I1218 23:07:18.440523  4982 status_update_manager.hpp:346] Checkpointing UPDATE for status update TASK_FINISHED (UUID: 23ed8177-da5e-40b5-9a52-f4091e9b0cca) for task 1450480020040-www-data-devel-job25-0-7428d283-90ec-4e77-aace-939006a124cb of framework 20151218-225416-50331658-5050-4978-0000
I1218 23:07:18.445175  4974 slave.cpp:2753] Forwarding the update TASK_FINISHED (UUID: 23ed8177-da5e-40b5-9a52-f4091e9b0cca) for task 1450480020040-www-data-devel-job25-0-7428d283-90ec-4e77-aace-939006a124cb of framework 20151218-225416-50331658-5050-4978-0000 to master@10.0.0.3:5050
I1218 23:07:18.445284  4974 slave.cpp:2686] Sending acknowledgement for status update TASK_FINISHED (UUID: 23ed8177-da5e-40b5-9a52-f4091e9b0cca) for task 1450480020040-www-data-devel-job25-0-7428d283-90ec-4e77-aace-939006a124cb of framework 20151218-225416-50331658-5050-4978-0000 to executor(1)@10.0.0.6:50154
I1218 23:07:18.454933  4982 status_update_manager.cpp:389] Received status update acknowledgement (UUID: 23ed8177-da5e-40b5-9a52-f4091e9b0cca) for task 1450480020040-www-data-devel-job25-0-7428d283-90ec-4e77-aace-939006a124cb of framework 20151218-225416-50331658-5050-4978-0000
I1218 23:07:18.454962  4982 status_update_manager.hpp:346] Checkpointing ACK for status update TASK_FINISHED (UUID: 23ed8177-da5e-40b5-9a52-f4091e9b0cca) for task 1450480020040-www-data-devel-job25-0-7428d283-90ec-4e77-aace-939006a124cb of framework 20151218-225416-50331658-5050-4978-0000
I1218 23:07:18.510020  4985 slave.cpp:2508] Handling status update TASK_RUNNING (UUID: 8682dd1b-e7e0-469a-a97e-083de37ec082) for task 1450480020048-www-data-devel-job36-0-72dc144b-d3bb-4458-9927-08c79ce96978 of framework 20151218-225416-50331658-5050-4978-0000 from executor(1)@10.0.0.6:47004
I1218 23:07:18.510210  4978 status_update_manager.cpp:317] Received status update TASK_RUNNING (UUID: 8682dd1b-e7e0-469a-a97e-083de37ec082) for task 1450480020048-www-data-devel-job36-0-72dc144b-d3bb-4458-9927-08c79ce96978 of framework 20151218-225416-50331658-5050-4978-0000
I1218 23:07:18.510279  4978 status_update_manager.hpp:346] Checkpointing UPDATE for status update TASK_RUNNING (UUID: 8682dd1b-e7e0-469a-a97e-083de37ec082) for task 1450480020048-www-data-devel-job36-0-72dc144b-d3bb-4458-9927-08c79ce96978 of framework 20151218-225416-50331658-5050-4978-0000
I1218 23:07:18.514230  4982 slave.cpp:2753] Forwarding the update TASK_RUNNING (UUID: 8682dd1b-e7e0-469a-a97e-083de37ec082) for task 1450480020048-www-data-devel-job36-0-72dc144b-d3bb-4458-9927-08c79ce96978 of framework 20151218-225416-50331658-5050-4978-0000 to master@10.0.0.3:5050
I1218 23:07:18.514349  4982 slave.cpp:2686] Sending acknowledgement for status update TASK_RUNNING (UUID: 8682dd1b-e7e0-469a-a97e-083de37ec082) for task 1450480020048-www-data-devel-job36-0-72dc144b-d3bb-4458-9927-08c79ce96978 of framework 20151218-225416-50331658-5050-4978-0000 to executor(1)@10.0.0.6:47004
I1218 23:07:18.532061  4985 status_update_manager.cpp:389] Received status update acknowledgement (UUID: 8682dd1b-e7e0-469a-a97e-083de37ec082) for task 1450480020048-www-data-devel-job36-0-72dc144b-d3bb-4458-9927-08c79ce96978 of framework 20151218-225416-50331658-5050-4978-0000
I1218 23:07:18.532094  4985 status_update_manager.hpp:346] Checkpointing ACK for status update TASK_RUNNING (UUID: 8682dd1b-e7e0-469a-a97e-083de37ec082) for task 1450480020048-www-data-devel-job36-0-72dc144b-d3bb-4458-9927-08c79ce96978 of framework 20151218-225416-50331658-5050-4978-0000
I1218 23:07:19.824324  4983 containerizer.cpp:1111] Executor for container '02b337b3-0ccb-4906-a002-5b195c8e21b8' has exited
I1218 23:07:19.824388  4983 containerizer.cpp:906] Destroying container '02b337b3-0ccb-4906-a002-5b195c8e21b8'
I1218 23:07:19.825727  4974 slave.cpp:3193] Executor 'thermos-1450480020030-www-data-devel-job3-0-d701d677-1272-40ba-9352-89ec638e8a86' of framework 20151218-225416-50331658-5050-4978-0000 exited with status 0
I1218 23:07:19.825891  4974 slave.cpp:3302] Cleaning up executor 'thermos-1450480020030-www-data-devel-job3-0-d701d677-1272-40ba-9352-89ec638e8a86' of framework 20151218-225416-50331658-5050-4978-0000
I1218 23:07:19.826083  4971 gc.cpp:56] Scheduling '/var/lib/mesos/slave/slaves/20151218-225416-50331658-5050-4978-S1/frameworks/20151218-225416-50331658-5050-4978-0000/executors/thermos-1450480020030-www-data-devel-job3-0-d701d677-1272-40ba-9352-89ec638e8a86/runs/02b337b3-0ccb-4906-a002-5b195c8e21b8' for gc 6.99999043936296days in the future
I1218 23:07:19.826133  4971 gc.cpp:56] Scheduling '/var/lib/mesos/slave/slaves/20151218-225416-50331658-5050-4978-S1/frameworks/20151218-225416-50331658-5050-4978-0000/executors/thermos-1450480020030-www-data-devel-job3-0-d701d677-1272-40ba-9352-89ec638e8a86' for gc 6.99999043890074days in the future
I1218 23:07:19.826200  4971 gc.cpp:56] Scheduling '/var/lib/mesos/slave/meta/slaves/20151218-225416-50331658-5050-4978-S1/frameworks/20151218-225416-50331658-5050-4978-0000/executors/thermos-1450480020030-www-data-devel-job3-0-d701d677-1272-40ba-9352-89ec638e8a86/runs/02b337b3-0ccb-4906-a002-5b195c8e21b8' for gc 6.99999043853037days in the future
I1218 23:07:19.826249  4971 gc.cpp:56] Scheduling '/var/lib/mesos/slave/meta/slaves/20151218-225416-50331658-5050-4978-S1/frameworks/20151218-225416-50331658-5050-4978-0000/executors/thermos-1450480020030-www-data-devel-job3-0-d701d677-1272-40ba-9352-89ec638e8a86' for gc 6.99999043816days in the future
I1218 23:07:23.542758  4974 containerizer.cpp:1111] Executor for container 'acf13831-062a-43f2-ba34-e06f63ed396f' has exited
I1218 23:07:23.542860  4974 containerizer.cpp:906] Destroying container 'acf13831-062a-43f2-ba34-e06f63ed396f'
I1218 23:07:23.544709  4986 slave.cpp:3193] Executor 'thermos-1450480020040-www-data-devel-job25-0-7428d283-90ec-4e77-aace-939006a124cb' of framework 20151218-225416-50331658-5050-4978-0000 exited with status 0
I1218 23:07:23.544883  4986 slave.cpp:3302] Cleaning up executor 'thermos-1450480020040-www-data-devel-job25-0-7428d283-90ec-4e77-aace-939006a124cb' of framework 20151218-225416-50331658-5050-4978-0000
I1218 23:07:23.545195  4973 gc.cpp:56] Scheduling '/var/lib/mesos/slave/slaves/20151218-225416-50331658-5050-4978-S1/frameworks/20151218-225416-50331658-5050-4978-0000/executors/thermos-1450480020040-www-data-devel-job25-0-7428d283-90ec-4e77-aace-939006a124cb/runs/acf13831-062a-43f2-ba34-e06f63ed396f' for gc 6.9999936908563days in the future
I1218 23:07:23.545300  4973 gc.cpp:56] Scheduling '/var/lib/mesos/slave/slaves/20151218-225416-50331658-5050-4978-S1/frameworks/20151218-225416-50331658-5050-4978-0000/executors/thermos-1450480020040-www-data-devel-job25-0-7428d283-90ec-4e77-aace-939006a124cb' for gc 6.9999936900237days in the future
I1218 23:07:23.545359  4973 gc.cpp:56] Scheduling '/var/lib/mesos/slave/meta/slaves/20151218-225416-50331658-5050-4978-S1/frameworks/20151218-225416-50331658-5050-4978-0000/executors/thermos-1450480020040-www-data-devel-job25-0-7428d283-90ec-4e77-aace-939006a124cb/runs/acf13831-062a-43f2-ba34-e06f63ed396f' for gc 6.99999368913185days in the future
I1218 23:07:23.545387  4973 gc.cpp:56] Scheduling '/var/lib/mesos/slave/meta/slaves/20151218-225416-50331658-5050-4978-S1/frameworks/20151218-225416-50331658-5050-4978-0000/executors/thermos-1450480020040-www-data-devel-job25-0-7428d283-90ec-4e77-aace-939006a124cb' for gc 6.99999368859852days in the future
I1218 23:07:26.665691  4973 slave.cpp:2508] Handling status update TASK_FINISHED (UUID: cf481433-f6fe-48a0-a7af-6764fe4a82c7) for task 1450480020048-www-data-devel-job36-0-72dc144b-d3bb-4458-9927-08c79ce96978 of framework 20151218-225416-50331658-5050-4978-0000 from executor(1)@10.0.0.6:47004
I1218 23:07:26.666154  4982 status_update_manager.cpp:317] Received status update TASK_FINISHED (UUID: cf481433-f6fe-48a0-a7af-6764fe4a82c7) for task 1450480020048-www-data-devel-job36-0-72dc144b-d3bb-4458-9927-08c79ce96978 of framework 20151218-225416-50331658-5050-4978-0000
I1218 23:07:26.666209  4982 status_update_manager.hpp:346] Checkpointing UPDATE for status update TASK_FINISHED (UUID: cf481433-f6fe-48a0-a7af-6764fe4a82c7) for task 1450480020048-www-data-devel-job36-0-72dc144b-d3bb-4458-9927-08c79ce96978 of framework 20151218-225416-50331658-5050-4978-0000
I1218 23:07:26.670408  4978 slave.cpp:2753] Forwarding the update TASK_FINISHED (UUID: cf481433-f6fe-48a0-a7af-6764fe4a82c7) for task 1450480020048-www-data-devel-job36-0-72dc144b-d3bb-4458-9927-08c79ce96978 of framework 20151218-225416-50331658-5050-4978-0000 to master@10.0.0.3:5050
I1218 23:07:26.670634  4978 slave.cpp:2686] Sending acknowledgement for status update TASK_FINISHED (UUID: cf481433-f6fe-48a0-a7af-6764fe4a82c7) for task 1450480020048-www-data-devel-job36-0-72dc144b-d3bb-4458-9927-08c79ce96978 of framework 20151218-225416-50331658-5050-4978-0000 to executor(1)@10.0.0.6:47004
I1218 23:07:26.686862  4982 status_update_manager.cpp:389] Received status update acknowledgement (UUID: cf481433-f6fe-48a0-a7af-6764fe4a82c7) for task 1450480020048-www-data-devel-job36-0-72dc144b-d3bb-4458-9927-08c79ce96978 of framework 20151218-225416-50331658-5050-4978-0000
I1218 23:07:26.686913  4982 status_update_manager.hpp:346] Checkpointing ACK for status update TASK_FINISHED (UUID: cf481433-f6fe-48a0-a7af-6764fe4a82c7) for task 1450480020048-www-data-devel-job36-0-72dc144b-d3bb-4458-9927-08c79ce96978 of framework 20151218-225416-50331658-5050-4978-0000
I1218 23:07:31.782781  4978 containerizer.cpp:1111] Executor for container '1f95f4a0-53e5-46fa-9a6a-2741cd26f610' has exited
I1218 23:07:31.782829  4978 containerizer.cpp:906] Destroying container '1f95f4a0-53e5-46fa-9a6a-2741cd26f610'
I1218 23:07:31.784643  4976 slave.cpp:3193] Executor 'thermos-1450480020048-www-data-devel-job36-0-72dc144b-d3bb-4458-9927-08c79ce96978' of framework 20151218-225416-50331658-5050-4978-0000 exited with status 0
I1218 23:07:31.784907  4976 slave.cpp:3302] Cleaning up executor 'thermos-1450480020048-www-data-devel-job36-0-72dc144b-d3bb-4458-9927-08c79ce96978' of framework 20151218-225416-50331658-5050-4978-0000
I1218 23:07:31.785184  4972 gc.cpp:56] Scheduling '/var/lib/mesos/slave/slaves/20151218-225416-50331658-5050-4978-S1/frameworks/20151218-225416-50331658-5050-4978-0000/executors/thermos-1450480020048-www-data-devel-job36-0-72dc144b-d3bb-4458-9927-08c79ce96978/runs/1f95f4a0-53e5-46fa-9a6a-2741cd26f610' for gc 6.99999091283556days in the future
I1218 23:07:31.785251  4972 gc.cpp:56] Scheduling '/var/lib/mesos/slave/slaves/20151218-225416-50331658-5050-4978-S1/frameworks/20151218-225416-50331658-5050-4978-0000/executors/thermos-1450480020048-www-data-devel-job36-0-72dc144b-d3bb-4458-9927-08c79ce96978' for gc 6.99999091200296days in the future
I1218 23:07:31.785269  4976 slave.cpp:3381] Cleaning up framework 20151218-225416-50331658-5050-4978-0000
I1218 23:07:31.785276  4972 gc.cpp:56] Scheduling '/var/lib/mesos/slave/meta/slaves/20151218-225416-50331658-5050-4978-S1/frameworks/20151218-225416-50331658-5050-4978-0000/executors/thermos-1450480020048-www-data-devel-job36-0-72dc144b-d3bb-4458-9927-08c79ce96978/runs/1f95f4a0-53e5-46fa-9a6a-2741cd26f610' for gc 6.99999091160889days in the future
I1218 23:07:31.785348  4972 gc.cpp:56] Scheduling '/var/lib/mesos/slave/meta/slaves/20151218-225416-50331658-5050-4978-S1/frameworks/20151218-225416-50331658-5050-4978-0000/executors/thermos-1450480020048-www-data-devel-job36-0-72dc144b-d3bb-4458-9927-08c79ce96978' for gc 6.99999091133333days in the future
I1218 23:07:31.785372  4972 gc.cpp:56] Scheduling '/var/lib/mesos/slave/slaves/20151218-225416-50331658-5050-4978-S1/frameworks/20151218-225416-50331658-5050-4978-0000' for gc 6.99999091025482days in the future
I1218 23:07:31.785372  4983 status_update_manager.cpp:279] Closing status update streams for framework 20151218-225416-50331658-5050-4978-0000
I1218 23:07:31.785398  4972 gc.cpp:56] Scheduling '/var/lib/mesos/slave/meta/slaves/20151218-225416-50331658-5050-4978-S1/frameworks/20151218-225416-50331658-5050-4978-0000' for gc 6.99999090986074days in the future
I1218 23:07:34.096602  4975 slave.cpp:3534] Framework 20151218-225416-50331658-5050-4978-0000 seems to have exited. Ignoring registration timeout for executor 'thermos-1450479960167-www-data-devel-job9-0-afff51bb-ac23-45d9-9016-6cbfff82e5f5'
I1218 23:08:00.277956  4978 slave.cpp:1121] Got assigned task 1450480080003-www-data-devel-job24-0-8e303567-7057-4a67-81fc-ca3a85f2228e for framework 20151218-225416-50331658-5050-4978-0000
I1218 23:08:00.279549  4978 gc.cpp:84] Unscheduling '/var/lib/mesos/slave/slaves/20151218-225416-50331658-5050-4978-S1/frameworks/20151218-225416-50331658-5050-4978-0000' from gc
I1218 23:08:00.279660  4978 gc.cpp:84] Unscheduling '/var/lib/mesos/slave/meta/slaves/20151218-225416-50331658-5050-4978-S1/frameworks/20151218-225416-50331658-5050-4978-0000' from gc
I1218 23:08:00.279778  4971 slave.cpp:1231] Launching task 1450480080003-www-data-devel-job24-0-8e303567-7057-4a67-81fc-ca3a85f2228e for framework 20151218-225416-50331658-5050-4978-0000
I1218 23:08:00.282239  4971 slave.cpp:4160] Launching executor thermos-1450480080003-www-data-devel-job24-0-8e303567-7057-4a67-81fc-ca3a85f2228e of framework 20151218-225416-50331658-5050-4978-0000 in work directory '/var/lib/mesos/slave/slaves/20151218-225416-50331658-5050-4978-S1/frameworks/20151218-225416-50331658-5050-4978-0000/executors/thermos-1450480080003-www-data-devel-job24-0-8e303567-7057-4a67-81fc-ca3a85f2228e/runs/6fc7b226-798f-4f21-8a0f-b841819f4620'
I1218 23:08:00.282362  4978 containerizer.cpp:472] Starting container '6fc7b226-798f-4f21-8a0f-b841819f4620' for executor 'thermos-1450480080003-www-data-devel-job24-0-8e303567-7057-4a67-81fc-ca3a85f2228e' of framework '20151218-225416-50331658-5050-4978-0000'
I1218 23:08:00.282723  4971 slave.cpp:1378] Queuing task '1450480080003-www-data-devel-job24-0-8e303567-7057-4a67-81fc-ca3a85f2228e' for executor thermos-1450480080003-www-data-devel-job24-0-8e303567-7057-4a67-81fc-ca3a85f2228e of framework '20151218-225416-50331658-5050-4978-0000
I1218 23:08:00.283488  4978 launcher.cpp:130] Forked child with pid '16797' for container '6fc7b226-798f-4f21-8a0f-b841819f4620'
I1218 23:08:00.283725  4978 containerizer.cpp:682] Checkpointing executor's forked pid 16797 to '/var/lib/mesos/slave/meta/slaves/20151218-225416-50331658-5050-4978-S1/frameworks/20151218-225416-50331658-5050-4978-0000/executors/thermos-1450480080003-www-data-devel-job24-0-8e303567-7057-4a67-81fc-ca3a85f2228e/runs/6fc7b226-798f-4f21-8a0f-b841819f4620/pids/forked.pid'
I1218 23:08:00.288174  4977 fetcher.cpp:238] Fetching URIs using command '/usr/libexec/mesos/mesos-fetcher'
I1218 23:08:00.412026  4978 slave.cpp:3135] Monitoring executor 'thermos-1450480080003-www-data-devel-job24-0-8e303567-7057-4a67-81fc-ca3a85f2228e' of framework '20151218-225416-50331658-5050-4978-0000' in container '6fc7b226-798f-4f21-8a0f-b841819f4620'
I1218 23:08:00.940814  4974 slave.cpp:2141] Got registration for executor 'thermos-1450480080003-www-data-devel-job24-0-8e303567-7057-4a67-81fc-ca3a85f2228e' of framework 20151218-225416-50331658-5050-4978-0000 from executor(1)@10.0.0.6:47525
I1218 23:08:00.941686  4974 slave.cpp:1532] Sending queued task '1450480080003-www-data-devel-job24-0-8e303567-7057-4a67-81fc-ca3a85f2228e' to executor 'thermos-1450480080003-www-data-devel-job24-0-8e303567-7057-4a67-81fc-ca3a85f2228e' of framework 20151218-225416-50331658-5050-4978-0000
I1218 23:08:00.947659  4976 slave.cpp:2508] Handling status update TASK_STARTING (UUID: 5dcabdad-fe19-48d0-b9dd-eb0b8aaa3a61) for task 1450480080003-www-data-devel-job24-0-8e303567-7057-4a67-81fc-ca3a85f2228e of framework 20151218-225416-50331658-5050-4978-0000 from executor(1)@10.0.0.6:47525
I1218 23:08:00.947825  4973 status_update_manager.cpp:317] Received status update TASK_STARTING (UUID: 5dcabdad-fe19-48d0-b9dd-eb0b8aaa3a61) for task 1450480080003-www-data-devel-job24-0-8e303567-7057-4a67-81fc-ca3a85f2228e of framework 20151218-225416-50331658-5050-4978-0000
I1218 23:08:00.948040  4973 status_update_manager.hpp:346] Checkpointing UPDATE for status update TASK_STARTING (UUID: 5dcabdad-fe19-48d0-b9dd-eb0b8aaa3a61) for task 1450480080003-www-data-devel-job24-0-8e303567-7057-4a67-81fc-ca3a85f2228e of framework 20151218-225416-50331658-5050-4978-0000
I1218 23:08:00.952345  4976 slave.cpp:2753] Forwarding the update TASK_STARTING (UUID: 5dcabdad-fe19-48d0-b9dd-eb0b8aaa3a61) for task 1450480080003-www-data-devel-job24-0-8e303567-7057-4a67-81fc-ca3a85f2228e of framework 20151218-225416-50331658-5050-4978-0000 to master@10.0.0.3:5050
I1218 23:08:00.952457  4976 slave.cpp:2686] Sending acknowledgement for status update TASK_STARTING (UUID: 5dcabdad-fe19-48d0-b9dd-eb0b8aaa3a61) for task 1450480080003-www-data-devel-job24-0-8e303567-7057-4a67-81fc-ca3a85f2228e of framework 20151218-225416-50331658-5050-4978-0000 to executor(1)@10.0.0.6:47525
I1218 23:08:00.960922  4977 status_update_manager.cpp:389] Received status update acknowledgement (UUID: 5dcabdad-fe19-48d0-b9dd-eb0b8aaa3a61) for task 1450480080003-www-data-devel-job24-0-8e303567-7057-4a67-81fc-ca3a85f2228e of framework 20151218-225416-50331658-5050-4978-0000
I1218 23:08:00.960978  4977 status_update_manager.hpp:346] Checkpointing ACK for status update TASK_STARTING (UUID: 5dcabdad-fe19-48d0-b9dd-eb0b8aaa3a61) for task 1450480080003-www-data-devel-job24-0-8e303567-7057-4a67-81fc-ca3a85f2228e of framework 20151218-225416-50331658-5050-4978-0000
I1218 23:08:01.530967  4984 slave.cpp:2508] Handling status update TASK_RUNNING (UUID: bb836270-5a21-4827-afbc-02515d73cc6a) for task 1450480080003-www-data-devel-job24-0-8e303567-7057-4a67-81fc-ca3a85f2228e of framework 20151218-225416-50331658-5050-4978-0000 from executor(1)@10.0.0.6:47525
I1218 23:08:01.531157  4971 status_update_manager.cpp:317] Received status update TASK_RUNNING (UUID: bb836270-5a21-4827-afbc-02515d73cc6a) for task 1450480080003-www-data-devel-job24-0-8e303567-7057-4a67-81fc-ca3a85f2228e of framework 20151218-225416-50331658-5050-4978-0000
I1218 23:08:01.531222  4971 status_update_manager.hpp:346] Checkpointing UPDATE for status update TASK_RUNNING (UUID: bb836270-5a21-4827-afbc-02515d73cc6a) for task 1450480080003-www-data-devel-job24-0-8e303567-7057-4a67-81fc-ca3a85f2228e of framework 20151218-225416-50331658-5050-4978-0000
I1218 23:08:01.535452  4980 slave.cpp:2753] Forwarding the update TASK_RUNNING (UUID: bb836270-5a21-4827-afbc-02515d73cc6a) for task 1450480080003-www-data-devel-job24-0-8e303567-7057-4a67-81fc-ca3a85f2228e of framework 20151218-225416-50331658-5050-4978-0000 to master@10.0.0.3:5050
I1218 23:08:01.535568  4980 slave.cpp:2686] Sending acknowledgement for status update TASK_RUNNING (UUID: bb836270-5a21-4827-afbc-02515d73cc6a) for task 1450480080003-www-data-devel-job24-0-8e303567-7057-4a67-81fc-ca3a85f2228e of framework 20151218-225416-50331658-5050-4978-0000 to executor(1)@10.0.0.6:47525
I1218 23:08:01.543745  4971 status_update_manager.cpp:389] Received status update acknowledgement (UUID: bb836270-5a21-4827-afbc-02515d73cc6a) for task 1450480080003-www-data-devel-job24-0-8e303567-7057-4a67-81fc-ca3a85f2228e of framework 20151218-225416-50331658-5050-4978-0000
I1218 23:08:01.543771  4971 status_update_manager.hpp:346] Checkpointing ACK for status update TASK_RUNNING (UUID: bb836270-5a21-4827-afbc-02515d73cc6a) for task 1450480080003-www-data-devel-job24-0-8e303567-7057-4a67-81fc-ca3a85f2228e of framework 20151218-225416-50331658-5050-4978-0000
I1218 23:08:06.458325  4973 slave.cpp:1121] Got assigned task 1450480080301-www-data-devel-job40-0-8cf3a3f0-3625-44a2-ba9e-15fcb717885d for framework 20151218-225416-50331658-5050-4978-0000
I1218 23:08:06.458652  4973 slave.cpp:1231] Launching task 1450480080301-www-data-devel-job40-0-8cf3a3f0-3625-44a2-ba9e-15fcb717885d for framework 20151218-225416-50331658-5050-4978-0000
I1218 23:08:06.460479  4973 slave.cpp:4160] Launching executor thermos-1450480080301-www-data-devel-job40-0-8cf3a3f0-3625-44a2-ba9e-15fcb717885d of framework 20151218-225416-50331658-5050-4978-0000 in work directory '/var/lib/mesos/slave/slaves/20151218-225416-50331658-5050-4978-S1/frameworks/20151218-225416-50331658-5050-4978-0000/executors/thermos-1450480080301-www-data-devel-job40-0-8cf3a3f0-3625-44a2-ba9e-15fcb717885d/runs/d3ddcc62-fa44-4a96-8eda-8bc263a70d00'
I1218 23:08:06.460647  4985 containerizer.cpp:472] Starting container 'd3ddcc62-fa44-4a96-8eda-8bc263a70d00' for executor 'thermos-1450480080301-www-data-devel-job40-0-8cf3a3f0-3625-44a2-ba9e-15fcb717885d' of framework '20151218-225416-50331658-5050-4978-0000'
I1218 23:08:06.461005  4973 slave.cpp:1378] Queuing task '1450480080301-www-data-devel-job40-0-8cf3a3f0-3625-44a2-ba9e-15fcb717885d' for executor thermos-1450480080301-www-data-devel-job40-0-8cf3a3f0-3625-44a2-ba9e-15fcb717885d of framework '20151218-225416-50331658-5050-4978-0000
I1218 23:08:06.462288  4972 launcher.cpp:130] Forked child with pid '16850' for container 'd3ddcc62-fa44-4a96-8eda-8bc263a70d00'
I1218 23:08:06.462658  4972 containerizer.cpp:682] Checkpointing executor's forked pid 16850 to '/var/lib/mesos/slave/meta/slaves/20151218-225416-50331658-5050-4978-S1/frameworks/20151218-225416-50331658-5050-4978-0000/executors/thermos-1450480080301-www-data-devel-job40-0-8cf3a3f0-3625-44a2-ba9e-15fcb717885d/runs/d3ddcc62-fa44-4a96-8eda-8bc263a70d00/pids/forked.pid'
I1218 23:08:06.468555  4986 fetcher.cpp:238] Fetching URIs using command '/usr/libexec/mesos/mesos-fetcher'
I1218 23:08:06.539309  4975 slave.cpp:3135] Monitoring executor 'thermos-1450480080301-www-data-devel-job40-0-8cf3a3f0-3625-44a2-ba9e-15fcb717885d' of framework '20151218-225416-50331658-5050-4978-0000' in container 'd3ddcc62-fa44-4a96-8eda-8bc263a70d00'
I1218 23:08:07.029027  4975 slave.cpp:2141] Got registration for executor 'thermos-1450480080301-www-data-devel-job40-0-8cf3a3f0-3625-44a2-ba9e-15fcb717885d' of framework 20151218-225416-50331658-5050-4978-0000 from executor(1)@10.0.0.6:43339
I1218 23:08:07.029794  4977 slave.cpp:1532] Sending queued task '1450480080301-www-data-devel-job40-0-8cf3a3f0-3625-44a2-ba9e-15fcb717885d' to executor 'thermos-1450480080301-www-data-devel-job40-0-8cf3a3f0-3625-44a2-ba9e-15fcb717885d' of framework 20151218-225416-50331658-5050-4978-0000
I1218 23:08:07.035403  4984 slave.cpp:2508] Handling status update TASK_STARTING (UUID: e9cbac06-7eca-4f38-8410-db49a58489bb) for task 1450480080301-www-data-devel-job40-0-8cf3a3f0-3625-44a2-ba9e-15fcb717885d of framework 20151218-225416-50331658-5050-4978-0000 from executor(1)@10.0.0.6:43339
I1218 23:08:07.035557  4980 status_update_manager.cpp:317] Received status update TASK_STARTING (UUID: e9cbac06-7eca-4f38-8410-db49a58489bb) for task 1450480080301-www-data-devel-job40-0-8cf3a3f0-3625-44a2-ba9e-15fcb717885d of framework 20151218-225416-50331658-5050-4978-0000
I1218 23:08:07.035779  4980 status_update_manager.hpp:346] Checkpointing UPDATE for status update TASK_STARTING (UUID: e9cbac06-7eca-4f38-8410-db49a58489bb) for task 1450480080301-www-data-devel-job40-0-8cf3a3f0-3625-44a2-ba9e-15fcb717885d of framework 20151218-225416-50331658-5050-4978-0000
I1218 23:08:07.040549  4984 slave.cpp:2753] Forwarding the update TASK_STARTING (UUID: e9cbac06-7eca-4f38-8410-db49a58489bb) for task 1450480080301-www-data-devel-job40-0-8cf3a3f0-3625-44a2-ba9e-15fcb717885d of framework 20151218-225416-50331658-5050-4978-0000 to master@10.0.0.3:5050
I1218 23:08:07.040654  4984 slave.cpp:2686] Sending acknowledgement for status update TASK_STARTING (UUID: e9cbac06-7eca-4f38-8410-db49a58489bb) for task 1450480080301-www-data-devel-job40-0-8cf3a3f0-3625-44a2-ba9e-15fcb717885d of framework 20151218-225416-50331658-5050-4978-0000 to executor(1)@10.0.0.6:43339
I1218 23:08:07.048076  4974 status_update_manager.cpp:389] Received status update acknowledgement (UUID: e9cbac06-7eca-4f38-8410-db49a58489bb) for task 1450480080301-www-data-devel-job40-0-8cf3a3f0-3625-44a2-ba9e-15fcb717885d of framework 20151218-225416-50331658-5050-4978-0000
I1218 23:08:07.048105  4974 status_update_manager.hpp:346] Checkpointing ACK for status update TASK_STARTING (UUID: e9cbac06-7eca-4f38-8410-db49a58489bb) for task 1450480080301-www-data-devel-job40-0-8cf3a3f0-3625-44a2-ba9e-15fcb717885d of framework 20151218-225416-50331658-5050-4978-0000
I1218 23:08:07.615538  4978 slave.cpp:2508] Handling status update TASK_RUNNING (UUID: 42746708-9585-4532-bd33-078819e2827f) for task 1450480080301-www-data-devel-job40-0-8cf3a3f0-3625-44a2-ba9e-15fcb717885d of framework 20151218-225416-50331658-5050-4978-0000 from executor(1)@10.0.0.6:43339
I1218 23:08:07.615689  4978 status_update_manager.cpp:317] Received status update TASK_RUNNING (UUID: 42746708-9585-4532-bd33-078819e2827f) for task 1450480080301-www-data-devel-job40-0-8cf3a3f0-3625-44a2-ba9e-15fcb717885d of framework 20151218-225416-50331658-5050-4978-0000
I1218 23:08:07.615756  4978 status_update_manager.hpp:346] Checkpointing UPDATE for status update TASK_RUNNING (UUID: 42746708-9585-4532-bd33-078819e2827f) for task 1450480080301-www-data-devel-job40-0-8cf3a3f0-3625-44a2-ba9e-15fcb717885d of framework 20151218-225416-50331658-5050-4978-0000
I1218 23:08:07.619701  4973 slave.cpp:2753] Forwarding the update TASK_RUNNING (UUID: 42746708-9585-4532-bd33-078819e2827f) for task 1450480080301-www-data-devel-job40-0-8cf3a3f0-3625-44a2-ba9e-15fcb717885d of framework 20151218-225416-50331658-5050-4978-0000 to master@10.0.0.3:5050
I1218 23:08:07.619837  4973 slave.cpp:2686] Sending acknowledgement for status update TASK_RUNNING (UUID: 42746708-9585-4532-bd33-078819e2827f) for task 1450480080301-www-data-devel-job40-0-8cf3a3f0-3625-44a2-ba9e-15fcb717885d of framework 20151218-225416-50331658-5050-4978-0000 to executor(1)@10.0.0.6:43339
I1218 23:08:07.630908  4972 status_update_manager.cpp:389] Received status update acknowledgement (UUID: 42746708-9585-4532-bd33-078819e2827f) for task 1450480080301-www-data-devel-job40-0-8cf3a3f0-3625-44a2-ba9e-15fcb717885d of framework 20151218-225416-50331658-5050-4978-0000
I1218 23:08:07.630983  4972 status_update_manager.hpp:346] Checkpointing ACK for status update TASK_RUNNING (UUID: 42746708-9585-4532-bd33-078819e2827f) for task 1450480080301-www-data-devel-job40-0-8cf3a3f0-3625-44a2-ba9e-15fcb717885d of framework 20151218-225416-50331658-5050-4978-0000
I1218 23:08:08.680744  4977 slave.cpp:2508] Handling status update TASK_FINISHED (UUID: db4753ed-f05d-47cb-a3f3-2444e81ec198) for task 1450480080003-www-data-devel-job24-0-8e303567-7057-4a67-81fc-ca3a85f2228e of framework 20151218-225416-50331658-5050-4978-0000 from executor(1)@10.0.0.6:47525
I1218 23:08:08.681162  4975 status_update_manager.cpp:317] Received status update TASK_FINISHED (UUID: db4753ed-f05d-47cb-a3f3-2444e81ec198) for task 1450480080003-www-data-devel-job24-0-8e303567-7057-4a67-81fc-ca3a85f2228e of framework 20151218-225416-50331658-5050-4978-0000
I1218 23:08:08.681201  4975 status_update_manager.hpp:346] Checkpointing UPDATE for status update TASK_FINISHED (UUID: db4753ed-f05d-47cb-a3f3-2444e81ec198) for task 1450480080003-www-data-devel-job24-0-8e303567-7057-4a67-81fc-ca3a85f2228e of framework 20151218-225416-50331658-5050-4978-0000
I1218 23:08:08.685163  4973 slave.cpp:2753] Forwarding the update TASK_FINISHED (UUID: db4753ed-f05d-47cb-a3f3-2444e81ec198) for task 1450480080003-www-data-devel-job24-0-8e303567-7057-4a67-81fc-ca3a85f2228e of framework 20151218-225416-50331658-5050-4978-0000 to master@10.0.0.3:5050
I1218 23:08:08.685287  4973 slave.cpp:2686] Sending acknowledgement for status update TASK_FINISHED (UUID: db4753ed-f05d-47cb-a3f3-2444e81ec198) for task 1450480080003-www-data-devel-job24-0-8e303567-7057-4a67-81fc-ca3a85f2228e of framework 20151218-225416-50331658-5050-4978-0000 to executor(1)@10.0.0.6:47525
I1218 23:08:08.694437  4975 status_update_manager.cpp:389] Received status update acknowledgement (UUID: db4753ed-f05d-47cb-a3f3-2444e81ec198) for task 1450480080003-www-data-devel-job24-0-8e303567-7057-4a67-81fc-ca3a85f2228e of framework 20151218-225416-50331658-5050-4978-0000
I1218 23:08:08.694468  4975 status_update_manager.hpp:346] Checkpointing ACK for status update TASK_FINISHED (UUID: db4753ed-f05d-47cb-a3f3-2444e81ec198) for task 1450480080003-www-data-devel-job24-0-8e303567-7057-4a67-81fc-ca3a85f2228e of framework 20151218-225416-50331658-5050-4978-0000
I1218 23:08:11.764173  4985 slave.cpp:2508] Handling status update TASK_FINISHED (UUID: 12b1f872-60c9-4e0e-8f29-28d29a3a2126) for task 1450480080301-www-data-devel-job40-0-8cf3a3f0-3625-44a2-ba9e-15fcb717885d of framework 20151218-225416-50331658-5050-4978-0000 from executor(1)@10.0.0.6:43339
I1218 23:08:11.764731  4980 status_update_manager.cpp:317] Received status update TASK_FINISHED (UUID: 12b1f872-60c9-4e0e-8f29-28d29a3a2126) for task 1450480080301-www-data-devel-job40-0-8cf3a3f0-3625-44a2-ba9e-15fcb717885d of framework 20151218-225416-50331658-5050-4978-0000
I1218 23:08:11.764789  4980 status_update_manager.hpp:346] Checkpointing UPDATE for status update TASK_FINISHED (UUID: 12b1f872-60c9-4e0e-8f29-28d29a3a2126) for task 1450480080301-www-data-devel-job40-0-8cf3a3f0-3625-44a2-ba9e-15fcb717885d of framework 20151218-225416-50331658-5050-4978-0000
I1218 23:08:11.769170  4975 slave.cpp:2753] Forwarding the update TASK_FINISHED (UUID: 12b1f872-60c9-4e0e-8f29-28d29a3a2126) for task 1450480080301-www-data-devel-job40-0-8cf3a3f0-3625-44a2-ba9e-15fcb717885d of framework 20151218-225416-50331658-5050-4978-0000 to master@10.0.0.3:5050
I1218 23:08:11.769417  4975 slave.cpp:2686] Sending acknowledgement for status update TASK_FINISHED (UUID: 12b1f872-60c9-4e0e-8f29-28d29a3a2126) for task 1450480080301-www-data-devel-job40-0-8cf3a3f0-3625-44a2-ba9e-15fcb717885d of framework 20151218-225416-50331658-5050-4978-0000 to executor(1)@10.0.0.6:43339
I1218 23:08:11.779952  4980 status_update_manager.cpp:389] Received status update acknowledgement (UUID: 12b1f872-60c9-4e0e-8f29-28d29a3a2126) for task 1450480080301-www-data-devel-job40-0-8cf3a3f0-3625-44a2-ba9e-15fcb717885d of framework 20151218-225416-50331658-5050-4978-0000
I1218 23:08:11.779992  4980 status_update_manager.hpp:346] Checkpointing ACK for status update TASK_FINISHED (UUID: 12b1f872-60c9-4e0e-8f29-28d29a3a2126) for task 1450480080301-www-data-devel-job40-0-8cf3a3f0-3625-44a2-ba9e-15fcb717885d of framework 20151218-225416-50331658-5050-4978-0000
I1218 23:08:13.772279  4980 containerizer.cpp:1111] Executor for container '6fc7b226-798f-4f21-8a0f-b841819f4620' has exited
I1218 23:08:13.772377  4980 containerizer.cpp:906] Destroying container '6fc7b226-798f-4f21-8a0f-b841819f4620'
I1218 23:08:13.773849  4973 slave.cpp:3193] Executor 'thermos-1450480080003-www-data-devel-job24-0-8e303567-7057-4a67-81fc-ca3a85f2228e' of framework 20151218-225416-50331658-5050-4978-0000 exited with status 0
I1218 23:08:13.773967  4973 slave.cpp:3302] Cleaning up executor 'thermos-1450480080003-www-data-devel-job24-0-8e303567-7057-4a67-81fc-ca3a85f2228e' of framework 20151218-225416-50331658-5050-4978-0000
I1218 23:08:13.774225  4979 gc.cpp:56] Scheduling '/var/lib/mesos/slave/slaves/20151218-225416-50331658-5050-4978-S1/frameworks/20151218-225416-50331658-5050-4978-0000/executors/thermos-1450480080003-www-data-devel-job24-0-8e303567-7057-4a67-81fc-ca3a85f2228e/runs/6fc7b226-798f-4f21-8a0f-b841819f4620' for gc 6.99999103975704days in the future
I1218 23:08:13.774322  4979 gc.cpp:56] Scheduling '/var/lib/mesos/slave/slaves/20151218-225416-50331658-5050-4978-S1/frameworks/20151218-225416-50331658-5050-4978-0000/executors/thermos-1450480080003-www-data-devel-job24-0-8e303567-7057-4a67-81fc-ca3a85f2228e' for gc 6.99999103918815days in the future
I1218 23:08:13.774375  4979 gc.cpp:56] Scheduling '/var/lib/mesos/slave/meta/slaves/20151218-225416-50331658-5050-4978-S1/frameworks/20151218-225416-50331658-5050-4978-0000/executors/thermos-1450480080003-www-data-devel-job24-0-8e303567-7057-4a67-81fc-ca3a85f2228e/runs/6fc7b226-798f-4f21-8a0f-b841819f4620' for gc 6.99999103886519days in the future
I1218 23:08:13.774400  4979 gc.cpp:56] Scheduling '/var/lib/mesos/slave/meta/slaves/20151218-225416-50331658-5050-4978-S1/frameworks/20151218-225416-50331658-5050-4978-0000/executors/thermos-1450480080003-www-data-devel-job24-0-8e303567-7057-4a67-81fc-ca3a85f2228e' for gc 6.99999103862519days in the future
I1218 23:08:15.482331  4984 slave.cpp:3618] Current disk usage 73.85%. Max allowed age: 1.130695354887731days
I1218 23:08:16.888123  4981 containerizer.cpp:1111] Executor for container 'd3ddcc62-fa44-4a96-8eda-8bc263a70d00' has exited
I1218 23:08:16.888231  4981 containerizer.cpp:906] Destroying container 'd3ddcc62-fa44-4a96-8eda-8bc263a70d00'
I1218 23:08:16.889669  4980 slave.cpp:3193] Executor 'thermos-1450480080301-www-data-devel-job40-0-8cf3a3f0-3625-44a2-ba9e-15fcb717885d' of framework 20151218-225416-50331658-5050-4978-0000 exited with status 0
I1218 23:08:16.889843  4980 slave.cpp:3302] Cleaning up executor 'thermos-1450480080301-www-data-devel-job40-0-8cf3a3f0-3625-44a2-ba9e-15fcb717885d' of framework 20151218-225416-50331658-5050-4978-0000
I1218 23:08:16.890171  4983 gc.cpp:56] Scheduling '/var/lib/mesos/slave/slaves/20151218-225416-50331658-5050-4978-S1/frameworks/20151218-225416-50331658-5050-4978-0000/executors/thermos-1450480080301-www-data-devel-job40-0-8cf3a3f0-3625-44a2-ba9e-15fcb717885d/runs/d3ddcc62-fa44-4a96-8eda-8bc263a70d00' for gc 6.99998969837037days in the future
I1218 23:08:16.890234  4980 slave.cpp:3381] Cleaning up framework 20151218-225416-50331658-5050-4978-0000
I1218 23:08:16.890254  4983 gc.cpp:56] Scheduling '/var/lib/mesos/slave/slaves/20151218-225416-50331658-5050-4978-S1/frameworks/20151218-225416-50331658-5050-4978-0000/executors/thermos-1450480080301-www-data-devel-job40-0-8cf3a3f0-3625-44a2-ba9e-15fcb717885d' for gc 6.99998969744296days in the future
I1218 23:08:16.890377  4976 status_update_manager.cpp:279] Closing status update streams for framework 20151218-225416-50331658-5050-4978-0000
I1218 23:08:16.890383  4983 gc.cpp:56] Scheduling '/var/lib/mesos/slave/meta/slaves/20151218-225416-50331658-5050-4978-S1/frameworks/20151218-225416-50331658-5050-4978-0000/executors/thermos-1450480080301-www-data-devel-job40-0-8cf3a3f0-3625-44a2-ba9e-15fcb717885d/runs/d3ddcc62-fa44-4a96-8eda-8bc263a70d00' for gc 6.99998969680593days in the future
I1218 23:08:16.890452  4983 gc.cpp:56] Scheduling '/var/lib/mesos/slave/meta/slaves/20151218-225416-50331658-5050-4978-S1/frameworks/20151218-225416-50331658-5050-4978-0000/executors/thermos-1450480080301-www-data-devel-job40-0-8cf3a3f0-3625-44a2-ba9e-15fcb717885d' for gc 6.99998969645926days in the future
I1218 23:08:16.890606  4983 gc.cpp:56] Scheduling '/var/lib/mesos/slave/slaves/20151218-225416-50331658-5050-4978-S1/frameworks/20151218-225416-50331658-5050-4978-0000' for gc 6.99998969483852days in the future
I1218 23:08:16.890647  4983 gc.cpp:56] Scheduling '/var/lib/mesos/slave/meta/slaves/20151218-225416-50331658-5050-4978-S1/frameworks/20151218-225416-50331658-5050-4978-0000' for gc 6.9999896945837days in the future
I1218 23:08:16.970784  4979 slave.cpp:1121] Got assigned task 1450480080039-www-data-devel-job36-0-41cf21d4-2395-426a-8548-c3063932a373 for framework 20151218-225416-50331658-5050-4978-0000
I1218 23:08:16.972890  4979 gc.cpp:84] Unscheduling '/var/lib/mesos/slave/slaves/20151218-225416-50331658-5050-4978-S1/frameworks/20151218-225416-50331658-5050-4978-0000' from gc
I1218 23:08:16.973215  4984 gc.cpp:84] Unscheduling '/var/lib/mesos/slave/meta/slaves/20151218-225416-50331658-5050-4978-S1/frameworks/20151218-225416-50331658-5050-4978-0000' from gc
I1218 23:08:16.973374  4984 slave.cpp:1231] Launching task 1450480080039-www-data-devel-job36-0-41cf21d4-2395-426a-8548-c3063932a373 for framework 20151218-225416-50331658-5050-4978-0000
I1218 23:08:16.976114  4984 slave.cpp:4160] Launching executor thermos-1450480080039-www-data-devel-job36-0-41cf21d4-2395-426a-8548-c3063932a373 of framework 20151218-225416-50331658-5050-4978-0000 in work directory '/var/lib/mesos/slave/slaves/20151218-225416-50331658-5050-4978-S1/frameworks/20151218-225416-50331658-5050-4978-0000/executors/thermos-1450480080039-www-data-devel-job36-0-41cf21d4-2395-426a-8548-c3063932a373/runs/5d8aa800-6d05-4c82-8029-b7f42656d5f2'
I1218 23:08:16.976367  4979 containerizer.cpp:472] Starting container '5d8aa800-6d05-4c82-8029-b7f42656d5f2' for executor 'thermos-1450480080039-www-data-devel-job36-0-41cf21d4-2395-426a-8548-c3063932a373' of framework '20151218-225416-50331658-5050-4978-0000'
I1218 23:08:16.976802  4984 slave.cpp:1378] Queuing task '1450480080039-www-data-devel-job36-0-41cf21d4-2395-426a-8548-c3063932a373' for executor thermos-1450480080039-www-data-devel-job36-0-41cf21d4-2395-426a-8548-c3063932a373 of framework '20151218-225416-50331658-5050-4978-0000
I1218 23:08:16.978059  4985 launcher.cpp:130] Forked child with pid '16912' for container '5d8aa800-6d05-4c82-8029-b7f42656d5f2'
I1218 23:08:16.978323  4985 containerizer.cpp:682] Checkpointing executor's forked pid 16912 to '/var/lib/mesos/slave/meta/slaves/20151218-225416-50331658-5050-4978-S1/frameworks/20151218-225416-50331658-5050-4978-0000/executors/thermos-1450480080039-www-data-devel-job36-0-41cf21d4-2395-426a-8548-c3063932a373/runs/5d8aa800-6d05-4c82-8029-b7f42656d5f2/pids/forked.pid'
I1218 23:08:16.984374  4975 fetcher.cpp:238] Fetching URIs using command '/usr/libexec/mesos/mesos-fetcher'
I1218 23:08:17.090088  4981 slave.cpp:3135] Monitoring executor 'thermos-1450480080039-www-data-devel-job36-0-41cf21d4-2395-426a-8548-c3063932a373' of framework '20151218-225416-50331658-5050-4978-0000' in container '5d8aa800-6d05-4c82-8029-b7f42656d5f2'
I1218 23:08:17.588734  4974 slave.cpp:2141] Got registration for executor 'thermos-1450480080039-www-data-devel-job36-0-41cf21d4-2395-426a-8548-c3063932a373' of framework 20151218-225416-50331658-5050-4978-0000 from executor(1)@10.0.0.6:34443
I1218 23:08:17.589483  4975 slave.cpp:1532] Sending queued task '1450480080039-www-data-devel-job36-0-41cf21d4-2395-426a-8548-c3063932a373' to executor 'thermos-1450480080039-www-data-devel-job36-0-41cf21d4-2395-426a-8548-c3063932a373' of framework 20151218-225416-50331658-5050-4978-0000
I1218 23:08:17.596226  4973 slave.cpp:2508] Handling status update TASK_STARTING (UUID: ecc52448-49ff-46bb-846c-d42934bdca13) for task 1450480080039-www-data-devel-job36-0-41cf21d4-2395-426a-8548-c3063932a373 of framework 20151218-225416-50331658-5050-4978-0000 from executor(1)@10.0.0.6:34443
I1218 23:08:17.596380  4979 status_update_manager.cpp:317] Received status update TASK_STARTING (UUID: ecc52448-49ff-46bb-846c-d42934bdca13) for task 1450480080039-www-data-devel-job36-0-41cf21d4-2395-426a-8548-c3063932a373 of framework 20151218-225416-50331658-5050-4978-0000
I1218 23:08:17.596639  4979 status_update_manager.hpp:346] Checkpointing UPDATE for status update TASK_STARTING (UUID: ecc52448-49ff-46bb-846c-d42934bdca13) for task 1450480080039-www-data-devel-job36-0-41cf21d4-2395-426a-8548-c3063932a373 of framework 20151218-225416-50331658-5050-4978-0000
I1218 23:08:17.601052  4979 slave.cpp:2753] Forwarding the update TASK_STARTING (UUID: ecc52448-49ff-46bb-846c-d42934bdca13) for task 1450480080039-www-data-devel-job36-0-41cf21d4-2395-426a-8548-c3063932a373 of framework 20151218-225416-50331658-5050-4978-0000 to master@10.0.0.3:5050
I1218 23:08:17.601224  4979 slave.cpp:2686] Sending acknowledgement for status update TASK_STARTING (UUID: ecc52448-49ff-46bb-846c-d42934bdca13) for task 1450480080039-www-data-devel-job36-0-41cf21d4-2395-426a-8548-c3063932a373 of framework 20151218-225416-50331658-5050-4978-0000 to executor(1)@10.0.0.6:34443
I1218 23:08:17.611649  4981 status_update_manager.cpp:389] Received status update acknowledgement (UUID: ecc52448-49ff-46bb-846c-d42934bdca13) for task 1450480080039-www-data-devel-job36-0-41cf21d4-2395-426a-8548-c3063932a373 of framework 20151218-225416-50331658-5050-4978-0000
I1218 23:08:17.611682  4981 status_update_manager.hpp:346] Checkpointing ACK for status update TASK_STARTING (UUID: ecc52448-49ff-46bb-846c-d42934bdca13) for task 1450480080039-www-data-devel-job36-0-41cf21d4-2395-426a-8548-c3063932a373 of framework 20151218-225416-50331658-5050-4978-0000
I1218 23:08:18.179256  4983 slave.cpp:2508] Handling status update TASK_RUNNING (UUID: 2470cb95-aee3-4d31-b8c7-40e043b716c6) for task 1450480080039-www-data-devel-job36-0-41cf21d4-2395-426a-8548-c3063932a373 of framework 20151218-225416-50331658-5050-4978-0000 from executor(1)@10.0.0.6:34443
I1218 23:08:18.179426  4974 status_update_manager.cpp:317] Received status update TASK_RUNNING (UUID: 2470cb95-aee3-4d31-b8c7-40e043b716c6) for task 1450480080039-www-data-devel-job36-0-41cf21d4-2395-426a-8548-c3063932a373 of framework 20151218-225416-50331658-5050-4978-0000
