I1219 01:07:22.080652 20924 gc.cpp:56] Scheduling '/var/lib/mesos/slave/slaves/20151219-005632-50331658-5050-15921-S0/frameworks/20151219-005632-50331658-5050-15921-0000/executors/thermos-1450487220439-www-data-devel-job7-0-b9d9a0df-410b-46e3-9a1d-ec944e9fab64' for gc 6.99999906708148days in the future
I1219 01:07:22.080704 20924 gc.cpp:56] Scheduling '/var/lib/mesos/slave/meta/slaves/20151219-005632-50331658-5050-15921-S0/frameworks/20151219-005632-50331658-5050-15921-0000/executors/thermos-1450487220439-www-data-devel-job7-0-b9d9a0df-410b-46e3-9a1d-ec944e9fab64/runs/6d1b3692-6dec-46ca-bc10-e80693efb280' for gc 6.99999906659556days in the future
I1219 01:07:22.080729 20924 gc.cpp:56] Scheduling '/var/lib/mesos/slave/meta/slaves/20151219-005632-50331658-5050-15921-S0/frameworks/20151219-005632-50331658-5050-15921-0000/executors/thermos-1450487220439-www-data-devel-job7-0-b9d9a0df-410b-46e3-9a1d-ec944e9fab64' for gc 6.99999906591407days in the future
I1219 01:07:27.299705 20931 slave.cpp:2508] Handling status update TASK_FINISHED (UUID: ba1a51f4-7907-4bd1-862b-7b3f682ad9ef) for task 1450487220034-www-data-devel-job5-0-1983d6e6-9e78-41b6-a0a8-0c052a668819 of framework 20151219-005632-50331658-5050-15921-0000 from executor(1)@10.0.0.6:38114
I1219 01:07:27.300102 20929 status_update_manager.cpp:317] Received status update TASK_FINISHED (UUID: ba1a51f4-7907-4bd1-862b-7b3f682ad9ef) for task 1450487220034-www-data-devel-job5-0-1983d6e6-9e78-41b6-a0a8-0c052a668819 of framework 20151219-005632-50331658-5050-15921-0000
I1219 01:07:27.300134 20929 status_update_manager.hpp:346] Checkpointing UPDATE for status update TASK_FINISHED (UUID: ba1a51f4-7907-4bd1-862b-7b3f682ad9ef) for task 1450487220034-www-data-devel-job5-0-1983d6e6-9e78-41b6-a0a8-0c052a668819 of framework 20151219-005632-50331658-5050-15921-0000
I1219 01:07:27.304324 20922 slave.cpp:2753] Forwarding the update TASK_FINISHED (UUID: ba1a51f4-7907-4bd1-862b-7b3f682ad9ef) for task 1450487220034-www-data-devel-job5-0-1983d6e6-9e78-41b6-a0a8-0c052a668819 of framework 20151219-005632-50331658-5050-15921-0000 to master@10.0.0.3:5050
I1219 01:07:27.304496 20922 slave.cpp:2686] Sending acknowledgement for status update TASK_FINISHED (UUID: ba1a51f4-7907-4bd1-862b-7b3f682ad9ef) for task 1450487220034-www-data-devel-job5-0-1983d6e6-9e78-41b6-a0a8-0c052a668819 of framework 20151219-005632-50331658-5050-15921-0000 to executor(1)@10.0.0.6:38114
I1219 01:07:27.312151 20929 status_update_manager.cpp:389] Received status update acknowledgement (UUID: ba1a51f4-7907-4bd1-862b-7b3f682ad9ef) for task 1450487220034-www-data-devel-job5-0-1983d6e6-9e78-41b6-a0a8-0c052a668819 of framework 20151219-005632-50331658-5050-15921-0000
I1219 01:07:27.312181 20929 status_update_manager.hpp:346] Checkpointing ACK for status update TASK_FINISHED (UUID: ba1a51f4-7907-4bd1-862b-7b3f682ad9ef) for task 1450487220034-www-data-devel-job5-0-1983d6e6-9e78-41b6-a0a8-0c052a668819 of framework 20151219-005632-50331658-5050-15921-0000
I1219 01:07:32.423492 20931 containerizer.cpp:1111] Executor for container 'b4f1971c-db62-4757-9360-f579ff0d7ee1' has exited
I1219 01:07:32.423566 20931 containerizer.cpp:906] Destroying container 'b4f1971c-db62-4757-9360-f579ff0d7ee1'
I1219 01:07:32.424757 20932 slave.cpp:3193] Executor 'thermos-1450487220034-www-data-devel-job5-0-1983d6e6-9e78-41b6-a0a8-0c052a668819' of framework 20151219-005632-50331658-5050-15921-0000 exited with status 0
I1219 01:07:32.424888 20932 slave.cpp:3302] Cleaning up executor 'thermos-1450487220034-www-data-devel-job5-0-1983d6e6-9e78-41b6-a0a8-0c052a668819' of framework 20151219-005632-50331658-5050-15921-0000
I1219 01:07:32.425120 20931 gc.cpp:56] Scheduling '/var/lib/mesos/slave/slaves/20151219-005632-50331658-5050-15921-S0/frameworks/20151219-005632-50331658-5050-15921-0000/executors/thermos-1450487220034-www-data-devel-job5-0-1983d6e6-9e78-41b6-a0a8-0c052a668819/runs/b4f1971c-db62-4757-9360-f579ff0d7ee1' for gc 6.9999950800237days in the future
I1219 01:07:32.425189 20931 gc.cpp:56] Scheduling '/var/lib/mesos/slave/slaves/20151219-005632-50331658-5050-15921-S0/frameworks/20151219-005632-50331658-5050-15921-0000/executors/thermos-1450487220034-www-data-devel-job5-0-1983d6e6-9e78-41b6-a0a8-0c052a668819' for gc 6.99999507938667days in the future
I1219 01:07:32.425236 20932 slave.cpp:3381] Cleaning up framework 20151219-005632-50331658-5050-15921-0000
I1219 01:07:32.425233 20931 gc.cpp:56] Scheduling '/var/lib/mesos/slave/meta/slaves/20151219-005632-50331658-5050-15921-S0/frameworks/20151219-005632-50331658-5050-15921-0000/executors/thermos-1450487220034-www-data-devel-job5-0-1983d6e6-9e78-41b6-a0a8-0c052a668819/runs/b4f1971c-db62-4757-9360-f579ff0d7ee1' for gc 6.99999507896889days in the future
I1219 01:07:32.425338 20928 status_update_manager.cpp:279] Closing status update streams for framework 20151219-005632-50331658-5050-15921-0000
I1219 01:07:32.425343 20931 gc.cpp:56] Scheduling '/var/lib/mesos/slave/meta/slaves/20151219-005632-50331658-5050-15921-S0/frameworks/20151219-005632-50331658-5050-15921-0000/executors/thermos-1450487220034-www-data-devel-job5-0-1983d6e6-9e78-41b6-a0a8-0c052a668819' for gc 6.99999507837926days in the future
I1219 01:07:32.425405 20931 gc.cpp:56] Scheduling '/var/lib/mesos/slave/slaves/20151219-005632-50331658-5050-15921-S0/frameworks/20151219-005632-50331658-5050-15921-0000' for gc 6.99999507695704days in the future
I1219 01:07:32.425422 20931 gc.cpp:56] Scheduling '/var/lib/mesos/slave/meta/slaves/20151219-005632-50331658-5050-15921-S0/frameworks/20151219-005632-50331658-5050-15921-0000' for gc 6.99999507638815days in the future
I1219 01:07:32.467290 20933 slave.cpp:3618] Current disk usage 76.62%. Max allowed age: 22.474246630523332hrs
I1219 01:07:33.788094 20925 slave.cpp:3534] Framework 20151219-005632-50331658-5050-15921-0000 seems to have exited. Ignoring registration timeout for executor 'thermos-1450487160043-www-data-devel-job30-0-330e69f7-8d92-45da-a812-2e71dc936e37'
I1219 01:08:00.256444 20926 slave.cpp:1121] Got assigned task 1450487280012-www-data-devel-job16-0-3c89605f-1b49-468f-bcb9-a80298ca67d7 for framework 20151219-005632-50331658-5050-15921-0000
I1219 01:08:00.258520 20926 gc.cpp:84] Unscheduling '/var/lib/mesos/slave/slaves/20151219-005632-50331658-5050-15921-S0/frameworks/20151219-005632-50331658-5050-15921-0000' from gc
I1219 01:08:00.258693 20925 gc.cpp:84] Unscheduling '/var/lib/mesos/slave/meta/slaves/20151219-005632-50331658-5050-15921-S0/frameworks/20151219-005632-50331658-5050-15921-0000' from gc
I1219 01:08:00.258829 20925 slave.cpp:1231] Launching task 1450487280012-www-data-devel-job16-0-3c89605f-1b49-468f-bcb9-a80298ca67d7 for framework 20151219-005632-50331658-5050-15921-0000
I1219 01:08:00.261257 20925 slave.cpp:4160] Launching executor thermos-1450487280012-www-data-devel-job16-0-3c89605f-1b49-468f-bcb9-a80298ca67d7 of framework 20151219-005632-50331658-5050-15921-0000 in work directory '/var/lib/mesos/slave/slaves/20151219-005632-50331658-5050-15921-S0/frameworks/20151219-005632-50331658-5050-15921-0000/executors/thermos-1450487280012-www-data-devel-job16-0-3c89605f-1b49-468f-bcb9-a80298ca67d7/runs/687e317d-d6de-43d9-9ac0-084183b3465c'
I1219 01:08:00.261409 20923 containerizer.cpp:472] Starting container '687e317d-d6de-43d9-9ac0-084183b3465c' for executor 'thermos-1450487280012-www-data-devel-job16-0-3c89605f-1b49-468f-bcb9-a80298ca67d7' of framework '20151219-005632-50331658-5050-15921-0000'
I1219 01:08:00.262681 20925 slave.cpp:1378] Queuing task '1450487280012-www-data-devel-job16-0-3c89605f-1b49-468f-bcb9-a80298ca67d7' for executor thermos-1450487280012-www-data-devel-job16-0-3c89605f-1b49-468f-bcb9-a80298ca67d7 of framework '20151219-005632-50331658-5050-15921-0000
I1219 01:08:00.262703 20924 launcher.cpp:130] Forked child with pid '23464' for container '687e317d-d6de-43d9-9ac0-084183b3465c'
I1219 01:08:00.263918 20924 containerizer.cpp:682] Checkpointing executor's forked pid 23464 to '/var/lib/mesos/slave/meta/slaves/20151219-005632-50331658-5050-15921-S0/frameworks/20151219-005632-50331658-5050-15921-0000/executors/thermos-1450487280012-www-data-devel-job16-0-3c89605f-1b49-468f-bcb9-a80298ca67d7/runs/687e317d-d6de-43d9-9ac0-084183b3465c/pids/forked.pid'
I1219 01:08:00.268118 20931 fetcher.cpp:238] Fetching URIs using command '/usr/libexec/mesos/mesos-fetcher'
I1219 01:08:00.343323 20927 slave.cpp:3135] Monitoring executor 'thermos-1450487280012-www-data-devel-job16-0-3c89605f-1b49-468f-bcb9-a80298ca67d7' of framework '20151219-005632-50331658-5050-15921-0000' in container '687e317d-d6de-43d9-9ac0-084183b3465c'
I1219 01:08:00.849977 20927 slave.cpp:2141] Got registration for executor 'thermos-1450487280012-www-data-devel-job16-0-3c89605f-1b49-468f-bcb9-a80298ca67d7' of framework 20151219-005632-50331658-5050-15921-0000 from executor(1)@10.0.0.6:40897
I1219 01:08:00.861325 20932 slave.cpp:1532] Sending queued task '1450487280012-www-data-devel-job16-0-3c89605f-1b49-468f-bcb9-a80298ca67d7' to executor 'thermos-1450487280012-www-data-devel-job16-0-3c89605f-1b49-468f-bcb9-a80298ca67d7' of framework 20151219-005632-50331658-5050-15921-0000
I1219 01:08:00.866945 20931 slave.cpp:2508] Handling status update TASK_STARTING (UUID: 8d88aae4-47bf-468a-b011-9d8a6f979d90) for task 1450487280012-www-data-devel-job16-0-3c89605f-1b49-468f-bcb9-a80298ca67d7 of framework 20151219-005632-50331658-5050-15921-0000 from executor(1)@10.0.0.6:40897
I1219 01:08:00.874191 20931 status_update_manager.cpp:317] Received status update TASK_STARTING (UUID: 8d88aae4-47bf-468a-b011-9d8a6f979d90) for task 1450487280012-www-data-devel-job16-0-3c89605f-1b49-468f-bcb9-a80298ca67d7 of framework 20151219-005632-50331658-5050-15921-0000
I1219 01:08:00.874552 20931 status_update_manager.hpp:346] Checkpointing UPDATE for status update TASK_STARTING (UUID: 8d88aae4-47bf-468a-b011-9d8a6f979d90) for task 1450487280012-www-data-devel-job16-0-3c89605f-1b49-468f-bcb9-a80298ca67d7 of framework 20151219-005632-50331658-5050-15921-0000
I1219 01:08:00.879011 20920 slave.cpp:2753] Forwarding the update TASK_STARTING (UUID: 8d88aae4-47bf-468a-b011-9d8a6f979d90) for task 1450487280012-www-data-devel-job16-0-3c89605f-1b49-468f-bcb9-a80298ca67d7 of framework 20151219-005632-50331658-5050-15921-0000 to master@10.0.0.3:5050
I1219 01:08:00.880231 20920 slave.cpp:2686] Sending acknowledgement for status update TASK_STARTING (UUID: 8d88aae4-47bf-468a-b011-9d8a6f979d90) for task 1450487280012-www-data-devel-job16-0-3c89605f-1b49-468f-bcb9-a80298ca67d7 of framework 20151219-005632-50331658-5050-15921-0000 to executor(1)@10.0.0.6:40897
I1219 01:08:00.889099 20923 status_update_manager.cpp:389] Received status update acknowledgement (UUID: 8d88aae4-47bf-468a-b011-9d8a6f979d90) for task 1450487280012-www-data-devel-job16-0-3c89605f-1b49-468f-bcb9-a80298ca67d7 of framework 20151219-005632-50331658-5050-15921-0000
I1219 01:08:00.889183 20923 status_update_manager.hpp:346] Checkpointing ACK for status update TASK_STARTING (UUID: 8d88aae4-47bf-468a-b011-9d8a6f979d90) for task 1450487280012-www-data-devel-job16-0-3c89605f-1b49-468f-bcb9-a80298ca67d7 of framework 20151219-005632-50331658-5050-15921-0000
I1219 01:08:01.449323 20923 slave.cpp:2508] Handling status update TASK_RUNNING (UUID: 7319d586-2953-4d39-b884-31a1d13ad3da) for task 1450487280012-www-data-devel-job16-0-3c89605f-1b49-468f-bcb9-a80298ca67d7 of framework 20151219-005632-50331658-5050-15921-0000 from executor(1)@10.0.0.6:40897
I1219 01:08:01.449509 20932 status_update_manager.cpp:317] Received status update TASK_RUNNING (UUID: 7319d586-2953-4d39-b884-31a1d13ad3da) for task 1450487280012-www-data-devel-job16-0-3c89605f-1b49-468f-bcb9-a80298ca67d7 of framework 20151219-005632-50331658-5050-15921-0000
I1219 01:08:01.449573 20932 status_update_manager.hpp:346] Checkpointing UPDATE for status update TASK_RUNNING (UUID: 7319d586-2953-4d39-b884-31a1d13ad3da) for task 1450487280012-www-data-devel-job16-0-3c89605f-1b49-468f-bcb9-a80298ca67d7 of framework 20151219-005632-50331658-5050-15921-0000
I1219 01:08:01.453913 20923 slave.cpp:2753] Forwarding the update TASK_RUNNING (UUID: 7319d586-2953-4d39-b884-31a1d13ad3da) for task 1450487280012-www-data-devel-job16-0-3c89605f-1b49-468f-bcb9-a80298ca67d7 of framework 20151219-005632-50331658-5050-15921-0000 to master@10.0.0.3:5050
I1219 01:08:01.454097 20923 slave.cpp:2686] Sending acknowledgement for status update TASK_RUNNING (UUID: 7319d586-2953-4d39-b884-31a1d13ad3da) for task 1450487280012-www-data-devel-job16-0-3c89605f-1b49-468f-bcb9-a80298ca67d7 of framework 20151219-005632-50331658-5050-15921-0000 to executor(1)@10.0.0.6:40897
I1219 01:08:01.465734 20929 status_update_manager.cpp:389] Received status update acknowledgement (UUID: 7319d586-2953-4d39-b884-31a1d13ad3da) for task 1450487280012-www-data-devel-job16-0-3c89605f-1b49-468f-bcb9-a80298ca67d7 of framework 20151219-005632-50331658-5050-15921-0000
I1219 01:08:01.465801 20929 status_update_manager.hpp:346] Checkpointing ACK for status update TASK_RUNNING (UUID: 7319d586-2953-4d39-b884-31a1d13ad3da) for task 1450487280012-www-data-devel-job16-0-3c89605f-1b49-468f-bcb9-a80298ca67d7 of framework 20151219-005632-50331658-5050-15921-0000
I1219 01:08:06.077435 20919 slave.cpp:1121] Got assigned task 1450487280378-www-data-devel-job14-0-568abc73-74ec-4288-8004-49aebee5de49 for framework 20151219-005632-50331658-5050-15921-0000
I1219 01:08:06.077752 20919 slave.cpp:1231] Launching task 1450487280378-www-data-devel-job14-0-568abc73-74ec-4288-8004-49aebee5de49 for framework 20151219-005632-50331658-5050-15921-0000
I1219 01:08:06.082445 20919 slave.cpp:4160] Launching executor thermos-1450487280378-www-data-devel-job14-0-568abc73-74ec-4288-8004-49aebee5de49 of framework 20151219-005632-50331658-5050-15921-0000 in work directory '/var/lib/mesos/slave/slaves/20151219-005632-50331658-5050-15921-S0/frameworks/20151219-005632-50331658-5050-15921-0000/executors/thermos-1450487280378-www-data-devel-job14-0-568abc73-74ec-4288-8004-49aebee5de49/runs/4366c3b9-6851-4e8f-a9e8-e52dac0e94bf'
I1219 01:08:06.082643 20933 containerizer.cpp:472] Starting container '4366c3b9-6851-4e8f-a9e8-e52dac0e94bf' for executor 'thermos-1450487280378-www-data-devel-job14-0-568abc73-74ec-4288-8004-49aebee5de49' of framework '20151219-005632-50331658-5050-15921-0000'
I1219 01:08:06.083423 20919 slave.cpp:1378] Queuing task '1450487280378-www-data-devel-job14-0-568abc73-74ec-4288-8004-49aebee5de49' for executor thermos-1450487280378-www-data-devel-job14-0-568abc73-74ec-4288-8004-49aebee5de49 of framework '20151219-005632-50331658-5050-15921-0000
I1219 01:08:06.084488 20933 launcher.cpp:130] Forked child with pid '23517' for container '4366c3b9-6851-4e8f-a9e8-e52dac0e94bf'
I1219 01:08:06.084730 20933 containerizer.cpp:682] Checkpointing executor's forked pid 23517 to '/var/lib/mesos/slave/meta/slaves/20151219-005632-50331658-5050-15921-S0/frameworks/20151219-005632-50331658-5050-15921-0000/executors/thermos-1450487280378-www-data-devel-job14-0-568abc73-74ec-4288-8004-49aebee5de49/runs/4366c3b9-6851-4e8f-a9e8-e52dac0e94bf/pids/forked.pid'
I1219 01:08:06.089258 20923 fetcher.cpp:238] Fetching URIs using command '/usr/libexec/mesos/mesos-fetcher'
I1219 01:08:06.169183 20933 slave.cpp:3135] Monitoring executor 'thermos-1450487280378-www-data-devel-job14-0-568abc73-74ec-4288-8004-49aebee5de49' of framework '20151219-005632-50331658-5050-15921-0000' in container '4366c3b9-6851-4e8f-a9e8-e52dac0e94bf'
I1219 01:08:06.663911 20933 slave.cpp:2141] Got registration for executor 'thermos-1450487280378-www-data-devel-job14-0-568abc73-74ec-4288-8004-49aebee5de49' of framework 20151219-005632-50331658-5050-15921-0000 from executor(1)@10.0.0.6:54752
I1219 01:08:06.664806 20918 slave.cpp:1532] Sending queued task '1450487280378-www-data-devel-job14-0-568abc73-74ec-4288-8004-49aebee5de49' to executor 'thermos-1450487280378-www-data-devel-job14-0-568abc73-74ec-4288-8004-49aebee5de49' of framework 20151219-005632-50331658-5050-15921-0000
I1219 01:08:06.670599 20920 slave.cpp:2508] Handling status update TASK_STARTING (UUID: 6ccf4f3f-9e7f-4048-994a-91e3bbb4f9d1) for task 1450487280378-www-data-devel-job14-0-568abc73-74ec-4288-8004-49aebee5de49 of framework 20151219-005632-50331658-5050-15921-0000 from executor(1)@10.0.0.6:54752
I1219 01:08:06.670759 20920 status_update_manager.cpp:317] Received status update TASK_STARTING (UUID: 6ccf4f3f-9e7f-4048-994a-91e3bbb4f9d1) for task 1450487280378-www-data-devel-job14-0-568abc73-74ec-4288-8004-49aebee5de49 of framework 20151219-005632-50331658-5050-15921-0000
I1219 01:08:06.671130 20920 status_update_manager.hpp:346] Checkpointing UPDATE for status update TASK_STARTING (UUID: 6ccf4f3f-9e7f-4048-994a-91e3bbb4f9d1) for task 1450487280378-www-data-devel-job14-0-568abc73-74ec-4288-8004-49aebee5de49 of framework 20151219-005632-50331658-5050-15921-0000
I1219 01:08:06.679262 20933 slave.cpp:2753] Forwarding the update TASK_STARTING (UUID: 6ccf4f3f-9e7f-4048-994a-91e3bbb4f9d1) for task 1450487280378-www-data-devel-job14-0-568abc73-74ec-4288-8004-49aebee5de49 of framework 20151219-005632-50331658-5050-15921-0000 to master@10.0.0.3:5050
I1219 01:08:06.679383 20933 slave.cpp:2686] Sending acknowledgement for status update TASK_STARTING (UUID: 6ccf4f3f-9e7f-4048-994a-91e3bbb4f9d1) for task 1450487280378-www-data-devel-job14-0-568abc73-74ec-4288-8004-49aebee5de49 of framework 20151219-005632-50331658-5050-15921-0000 to executor(1)@10.0.0.6:54752
I1219 01:08:06.687937 20924 status_update_manager.cpp:389] Received status update acknowledgement (UUID: 6ccf4f3f-9e7f-4048-994a-91e3bbb4f9d1) for task 1450487280378-www-data-devel-job14-0-568abc73-74ec-4288-8004-49aebee5de49 of framework 20151219-005632-50331658-5050-15921-0000
I1219 01:08:06.688015 20924 status_update_manager.hpp:346] Checkpointing ACK for status update TASK_STARTING (UUID: 6ccf4f3f-9e7f-4048-994a-91e3bbb4f9d1) for task 1450487280378-www-data-devel-job14-0-568abc73-74ec-4288-8004-49aebee5de49 of framework 20151219-005632-50331658-5050-15921-0000
I1219 01:08:07.251581 20922 slave.cpp:2508] Handling status update TASK_RUNNING (UUID: e916e4dd-7422-47e6-873e-f43161e1f483) for task 1450487280378-www-data-devel-job14-0-568abc73-74ec-4288-8004-49aebee5de49 of framework 20151219-005632-50331658-5050-15921-0000 from executor(1)@10.0.0.6:54752
I1219 01:08:07.251768 20919 status_update_manager.cpp:317] Received status update TASK_RUNNING (UUID: e916e4dd-7422-47e6-873e-f43161e1f483) for task 1450487280378-www-data-devel-job14-0-568abc73-74ec-4288-8004-49aebee5de49 of framework 20151219-005632-50331658-5050-15921-0000
I1219 01:08:07.251822 20919 status_update_manager.hpp:346] Checkpointing UPDATE for status update TASK_RUNNING (UUID: e916e4dd-7422-47e6-873e-f43161e1f483) for task 1450487280378-www-data-devel-job14-0-568abc73-74ec-4288-8004-49aebee5de49 of framework 20151219-005632-50331658-5050-15921-0000
I1219 01:08:07.255525 20921 slave.cpp:2753] Forwarding the update TASK_RUNNING (UUID: e916e4dd-7422-47e6-873e-f43161e1f483) for task 1450487280378-www-data-devel-job14-0-568abc73-74ec-4288-8004-49aebee5de49 of framework 20151219-005632-50331658-5050-15921-0000 to master@10.0.0.3:5050
I1219 01:08:07.255640 20921 slave.cpp:2686] Sending acknowledgement for status update TASK_RUNNING (UUID: e916e4dd-7422-47e6-873e-f43161e1f483) for task 1450487280378-www-data-devel-job14-0-568abc73-74ec-4288-8004-49aebee5de49 of framework 20151219-005632-50331658-5050-15921-0000 to executor(1)@10.0.0.6:54752
I1219 01:08:07.263460 20922 status_update_manager.cpp:389] Received status update acknowledgement (UUID: e916e4dd-7422-47e6-873e-f43161e1f483) for task 1450487280378-www-data-devel-job14-0-568abc73-74ec-4288-8004-49aebee5de49 of framework 20151219-005632-50331658-5050-15921-0000
I1219 01:08:07.263499 20922 status_update_manager.hpp:346] Checkpointing ACK for status update TASK_RUNNING (UUID: e916e4dd-7422-47e6-873e-f43161e1f483) for task 1450487280378-www-data-devel-job14-0-568abc73-74ec-4288-8004-49aebee5de49 of framework 20151219-005632-50331658-5050-15921-0000
I1219 01:08:07.597265 20919 slave.cpp:2508] Handling status update TASK_FINISHED (UUID: c21c10d2-f7a8-4874-858f-15aaba061484) for task 1450487280012-www-data-devel-job16-0-3c89605f-1b49-468f-bcb9-a80298ca67d7 of framework 20151219-005632-50331658-5050-15921-0000 from executor(1)@10.0.0.6:40897
I1219 01:08:07.597837 20931 status_update_manager.cpp:317] Received status update TASK_FINISHED (UUID: c21c10d2-f7a8-4874-858f-15aaba061484) for task 1450487280012-www-data-devel-job16-0-3c89605f-1b49-468f-bcb9-a80298ca67d7 of framework 20151219-005632-50331658-5050-15921-0000
I1219 01:08:07.597900 20931 status_update_manager.hpp:346] Checkpointing UPDATE for status update TASK_FINISHED (UUID: c21c10d2-f7a8-4874-858f-15aaba061484) for task 1450487280012-www-data-devel-job16-0-3c89605f-1b49-468f-bcb9-a80298ca67d7 of framework 20151219-005632-50331658-5050-15921-0000
I1219 01:08:07.602383 20919 slave.cpp:2753] Forwarding the update TASK_FINISHED (UUID: c21c10d2-f7a8-4874-858f-15aaba061484) for task 1450487280012-www-data-devel-job16-0-3c89605f-1b49-468f-bcb9-a80298ca67d7 of framework 20151219-005632-50331658-5050-15921-0000 to master@10.0.0.3:5050
I1219 01:08:07.602469 20919 slave.cpp:2686] Sending acknowledgement for status update TASK_FINISHED (UUID: c21c10d2-f7a8-4874-858f-15aaba061484) for task 1450487280012-www-data-devel-job16-0-3c89605f-1b49-468f-bcb9-a80298ca67d7 of framework 20151219-005632-50331658-5050-15921-0000 to executor(1)@10.0.0.6:40897
I1219 01:08:07.610329 20931 status_update_manager.cpp:389] Received status update acknowledgement (UUID: c21c10d2-f7a8-4874-858f-15aaba061484) for task 1450487280012-www-data-devel-job16-0-3c89605f-1b49-468f-bcb9-a80298ca67d7 of framework 20151219-005632-50331658-5050-15921-0000
I1219 01:08:07.610363 20931 status_update_manager.hpp:346] Checkpointing ACK for status update TASK_FINISHED (UUID: c21c10d2-f7a8-4874-858f-15aaba061484) for task 1450487280012-www-data-devel-job16-0-3c89605f-1b49-468f-bcb9-a80298ca67d7 of framework 20151219-005632-50331658-5050-15921-0000
I1219 01:08:08.670418 20931 slave.cpp:1121] Got assigned task 1450487280023-www-data-devel-job5-0-978410fe-ac0b-4533-be5f-17efbddb7db2 for framework 20151219-005632-50331658-5050-15921-0000
I1219 01:08:08.670663 20931 slave.cpp:1231] Launching task 1450487280023-www-data-devel-job5-0-978410fe-ac0b-4533-be5f-17efbddb7db2 for framework 20151219-005632-50331658-5050-15921-0000
I1219 01:08:08.674475 20931 slave.cpp:4160] Launching executor thermos-1450487280023-www-data-devel-job5-0-978410fe-ac0b-4533-be5f-17efbddb7db2 of framework 20151219-005632-50331658-5050-15921-0000 in work directory '/var/lib/mesos/slave/slaves/20151219-005632-50331658-5050-15921-S0/frameworks/20151219-005632-50331658-5050-15921-0000/executors/thermos-1450487280023-www-data-devel-job5-0-978410fe-ac0b-4533-be5f-17efbddb7db2/runs/408fb930-6da9-4499-bd40-c453946c6a76'
I1219 01:08:08.674612 20924 containerizer.cpp:472] Starting container '408fb930-6da9-4499-bd40-c453946c6a76' for executor 'thermos-1450487280023-www-data-devel-job5-0-978410fe-ac0b-4533-be5f-17efbddb7db2' of framework '20151219-005632-50331658-5050-15921-0000'
I1219 01:08:08.675797 20931 slave.cpp:1378] Queuing task '1450487280023-www-data-devel-job5-0-978410fe-ac0b-4533-be5f-17efbddb7db2' for executor thermos-1450487280023-www-data-devel-job5-0-978410fe-ac0b-4533-be5f-17efbddb7db2 of framework '20151219-005632-50331658-5050-15921-0000
I1219 01:08:08.675838 20924 launcher.cpp:130] Forked child with pid '23574' for container '408fb930-6da9-4499-bd40-c453946c6a76'
I1219 01:08:08.676089 20924 containerizer.cpp:682] Checkpointing executor's forked pid 23574 to '/var/lib/mesos/slave/meta/slaves/20151219-005632-50331658-5050-15921-S0/frameworks/20151219-005632-50331658-5050-15921-0000/executors/thermos-1450487280023-www-data-devel-job5-0-978410fe-ac0b-4533-be5f-17efbddb7db2/runs/408fb930-6da9-4499-bd40-c453946c6a76/pids/forked.pid'
I1219 01:08:08.680810 20919 fetcher.cpp:238] Fetching URIs using command '/usr/libexec/mesos/mesos-fetcher'
I1219 01:08:08.782651 20927 slave.cpp:3135] Monitoring executor 'thermos-1450487280023-www-data-devel-job5-0-978410fe-ac0b-4533-be5f-17efbddb7db2' of framework '20151219-005632-50331658-5050-15921-0000' in container '408fb930-6da9-4499-bd40-c453946c6a76'
I1219 01:08:09.277268 20930 slave.cpp:2141] Got registration for executor 'thermos-1450487280023-www-data-devel-job5-0-978410fe-ac0b-4533-be5f-17efbddb7db2' of framework 20151219-005632-50331658-5050-15921-0000 from executor(1)@10.0.0.6:44065
I1219 01:08:09.278193 20918 slave.cpp:1532] Sending queued task '1450487280023-www-data-devel-job5-0-978410fe-ac0b-4533-be5f-17efbddb7db2' to executor 'thermos-1450487280023-www-data-devel-job5-0-978410fe-ac0b-4533-be5f-17efbddb7db2' of framework 20151219-005632-50331658-5050-15921-0000
I1219 01:08:09.284024 20924 slave.cpp:2508] Handling status update TASK_STARTING (UUID: c39c9428-15aa-41f2-a47b-a4f3c229421b) for task 1450487280023-www-data-devel-job5-0-978410fe-ac0b-4533-be5f-17efbddb7db2 of framework 20151219-005632-50331658-5050-15921-0000 from executor(1)@10.0.0.6:44065
I1219 01:08:09.284214 20929 status_update_manager.cpp:317] Received status update TASK_STARTING (UUID: c39c9428-15aa-41f2-a47b-a4f3c229421b) for task 1450487280023-www-data-devel-job5-0-978410fe-ac0b-4533-be5f-17efbddb7db2 of framework 20151219-005632-50331658-5050-15921-0000
I1219 01:08:09.284577 20929 status_update_manager.hpp:346] Checkpointing UPDATE for status update TASK_STARTING (UUID: c39c9428-15aa-41f2-a47b-a4f3c229421b) for task 1450487280023-www-data-devel-job5-0-978410fe-ac0b-4533-be5f-17efbddb7db2 of framework 20151219-005632-50331658-5050-15921-0000
I1219 01:08:09.288961 20928 slave.cpp:2753] Forwarding the update TASK_STARTING (UUID: c39c9428-15aa-41f2-a47b-a4f3c229421b) for task 1450487280023-www-data-devel-job5-0-978410fe-ac0b-4533-be5f-17efbddb7db2 of framework 20151219-005632-50331658-5050-15921-0000 to master@10.0.0.3:5050
I1219 01:08:09.289093 20928 slave.cpp:2686] Sending acknowledgement for status update TASK_STARTING (UUID: c39c9428-15aa-41f2-a47b-a4f3c229421b) for task 1450487280023-www-data-devel-job5-0-978410fe-ac0b-4533-be5f-17efbddb7db2 of framework 20151219-005632-50331658-5050-15921-0000 to executor(1)@10.0.0.6:44065
I1219 01:08:09.296027 20929 status_update_manager.cpp:389] Received status update acknowledgement (UUID: c39c9428-15aa-41f2-a47b-a4f3c229421b) for task 1450487280023-www-data-devel-job5-0-978410fe-ac0b-4533-be5f-17efbddb7db2 of framework 20151219-005632-50331658-5050-15921-0000
I1219 01:08:09.296077 20929 status_update_manager.hpp:346] Checkpointing ACK for status update TASK_STARTING (UUID: c39c9428-15aa-41f2-a47b-a4f3c229421b) for task 1450487280023-www-data-devel-job5-0-978410fe-ac0b-4533-be5f-17efbddb7db2 of framework 20151219-005632-50331658-5050-15921-0000
I1219 01:08:09.865537 20921 slave.cpp:2508] Handling status update TASK_RUNNING (UUID: 5802beb2-8f67-472e-927c-5a05a82fd50b) for task 1450487280023-www-data-devel-job5-0-978410fe-ac0b-4533-be5f-17efbddb7db2 of framework 20151219-005632-50331658-5050-15921-0000 from executor(1)@10.0.0.6:44065
I1219 01:08:09.865710 20928 status_update_manager.cpp:317] Received status update TASK_RUNNING (UUID: 5802beb2-8f67-472e-927c-5a05a82fd50b) for task 1450487280023-www-data-devel-job5-0-978410fe-ac0b-4533-be5f-17efbddb7db2 of framework 20151219-005632-50331658-5050-15921-0000
I1219 01:08:09.865777 20928 status_update_manager.hpp:346] Checkpointing UPDATE for status update TASK_RUNNING (UUID: 5802beb2-8f67-472e-927c-5a05a82fd50b) for task 1450487280023-www-data-devel-job5-0-978410fe-ac0b-4533-be5f-17efbddb7db2 of framework 20151219-005632-50331658-5050-15921-0000
I1219 01:08:09.872514 20932 slave.cpp:2753] Forwarding the update TASK_RUNNING (UUID: 5802beb2-8f67-472e-927c-5a05a82fd50b) for task 1450487280023-www-data-devel-job5-0-978410fe-ac0b-4533-be5f-17efbddb7db2 of framework 20151219-005632-50331658-5050-15921-0000 to master@10.0.0.3:5050
I1219 01:08:09.872642 20932 slave.cpp:2686] Sending acknowledgement for status update TASK_RUNNING (UUID: 5802beb2-8f67-472e-927c-5a05a82fd50b) for task 1450487280023-www-data-devel-job5-0-978410fe-ac0b-4533-be5f-17efbddb7db2 of framework 20151219-005632-50331658-5050-15921-0000 to executor(1)@10.0.0.6:44065
I1219 01:08:09.879796 20928 status_update_manager.cpp:389] Received status update acknowledgement (UUID: 5802beb2-8f67-472e-927c-5a05a82fd50b) for task 1450487280023-www-data-devel-job5-0-978410fe-ac0b-4533-be5f-17efbddb7db2 of framework 20151219-005632-50331658-5050-15921-0000
I1219 01:08:09.879844 20928 status_update_manager.hpp:346] Checkpointing ACK for status update TASK_RUNNING (UUID: 5802beb2-8f67-472e-927c-5a05a82fd50b) for task 1450487280023-www-data-devel-job5-0-978410fe-ac0b-4533-be5f-17efbddb7db2 of framework 20151219-005632-50331658-5050-15921-0000
I1219 01:08:12.702605 20928 containerizer.cpp:1111] Executor for container '687e317d-d6de-43d9-9ac0-084183b3465c' has exited
I1219 01:08:12.702692 20928 containerizer.cpp:906] Destroying container '687e317d-d6de-43d9-9ac0-084183b3465c'
I1219 01:08:12.705263 20920 slave.cpp:3193] Executor 'thermos-1450487280012-www-data-devel-job16-0-3c89605f-1b49-468f-bcb9-a80298ca67d7' of framework 20151219-005632-50331658-5050-15921-0000 exited with status 0
I1219 01:08:12.705462 20920 slave.cpp:3302] Cleaning up executor 'thermos-1450487280012-www-data-devel-job16-0-3c89605f-1b49-468f-bcb9-a80298ca67d7' of framework 20151219-005632-50331658-5050-15921-0000
I1219 01:08:12.705816 20925 gc.cpp:56] Scheduling '/var/lib/mesos/slave/slaves/20151219-005632-50331658-5050-15921-S0/frameworks/20151219-005632-50331658-5050-15921-0000/executors/thermos-1450487280012-www-data-devel-job16-0-3c89605f-1b49-468f-bcb9-a80298ca67d7/runs/687e317d-d6de-43d9-9ac0-084183b3465c' for gc 6.99999183166519days in the future
I1219 01:08:12.705878 20925 gc.cpp:56] Scheduling '/var/lib/mesos/slave/slaves/20151219-005632-50331658-5050-15921-S0/frameworks/20151219-005632-50331658-5050-15921-0000/executors/thermos-1450487280012-www-data-devel-job16-0-3c89605f-1b49-468f-bcb9-a80298ca67d7' for gc 6.99999183060148days in the future
I1219 01:08:12.705909 20925 gc.cpp:56] Scheduling '/var/lib/mesos/slave/meta/slaves/20151219-005632-50331658-5050-15921-S0/frameworks/20151219-005632-50331658-5050-15921-0000/executors/thermos-1450487280012-www-data-devel-job16-0-3c89605f-1b49-468f-bcb9-a80298ca67d7/runs/687e317d-d6de-43d9-9ac0-084183b3465c' for gc 6.99999182990815days in the future
I1219 01:08:12.706007 20925 gc.cpp:56] Scheduling '/var/lib/mesos/slave/meta/slaves/20151219-005632-50331658-5050-15921-S0/frameworks/20151219-005632-50331658-5050-15921-0000/executors/thermos-1450487280012-www-data-devel-job16-0-3c89605f-1b49-468f-bcb9-a80298ca67d7' for gc 6.99999182951407days in the future
I1219 01:08:15.405962 20920 slave.cpp:2508] Handling status update TASK_FINISHED (UUID: a65c5f08-b4bd-4aea-9602-b13165be99b0) for task 1450487280378-www-data-devel-job14-0-568abc73-74ec-4288-8004-49aebee5de49 of framework 20151219-005632-50331658-5050-15921-0000 from executor(1)@10.0.0.6:54752
I1219 01:08:15.406777 20928 status_update_manager.cpp:317] Received status update TASK_FINISHED (UUID: a65c5f08-b4bd-4aea-9602-b13165be99b0) for task 1450487280378-www-data-devel-job14-0-568abc73-74ec-4288-8004-49aebee5de49 of framework 20151219-005632-50331658-5050-15921-0000
I1219 01:08:15.406821 20928 status_update_manager.hpp:346] Checkpointing UPDATE for status update TASK_FINISHED (UUID: a65c5f08-b4bd-4aea-9602-b13165be99b0) for task 1450487280378-www-data-devel-job14-0-568abc73-74ec-4288-8004-49aebee5de49 of framework 20151219-005632-50331658-5050-15921-0000
I1219 01:08:15.411221 20921 slave.cpp:2753] Forwarding the update TASK_FINISHED (UUID: a65c5f08-b4bd-4aea-9602-b13165be99b0) for task 1450487280378-www-data-devel-job14-0-568abc73-74ec-4288-8004-49aebee5de49 of framework 20151219-005632-50331658-5050-15921-0000 to master@10.0.0.3:5050
I1219 01:08:15.411361 20921 slave.cpp:2686] Sending acknowledgement for status update TASK_FINISHED (UUID: a65c5f08-b4bd-4aea-9602-b13165be99b0) for task 1450487280378-www-data-devel-job14-0-568abc73-74ec-4288-8004-49aebee5de49 of framework 20151219-005632-50331658-5050-15921-0000 to executor(1)@10.0.0.6:54752
I1219 01:08:15.420440 20918 status_update_manager.cpp:389] Received status update acknowledgement (UUID: a65c5f08-b4bd-4aea-9602-b13165be99b0) for task 1450487280378-www-data-devel-job14-0-568abc73-74ec-4288-8004-49aebee5de49 of framework 20151219-005632-50331658-5050-15921-0000
I1219 01:08:15.420506 20918 status_update_manager.hpp:346] Checkpointing ACK for status update TASK_FINISHED (UUID: a65c5f08-b4bd-4aea-9602-b13165be99b0) for task 1450487280378-www-data-devel-job14-0-568abc73-74ec-4288-8004-49aebee5de49 of framework 20151219-005632-50331658-5050-15921-0000
I1219 01:08:19.021512 20923 slave.cpp:2508] Handling status update TASK_FINISHED (UUID: d095fbd9-42ee-4197-ad3f-5753dc47095c) for task 1450487280023-www-data-devel-job5-0-978410fe-ac0b-4533-be5f-17efbddb7db2 of framework 20151219-005632-50331658-5050-15921-0000 from executor(1)@10.0.0.6:44065
I1219 01:08:19.022390 20922 status_update_manager.cpp:317] Received status update TASK_FINISHED (UUID: d095fbd9-42ee-4197-ad3f-5753dc47095c) for task 1450487280023-www-data-devel-job5-0-978410fe-ac0b-4533-be5f-17efbddb7db2 of framework 20151219-005632-50331658-5050-15921-0000
I1219 01:08:19.022455 20922 status_update_manager.hpp:346] Checkpointing UPDATE for status update TASK_FINISHED (UUID: d095fbd9-42ee-4197-ad3f-5753dc47095c) for task 1450487280023-www-data-devel-job5-0-978410fe-ac0b-4533-be5f-17efbddb7db2 of framework 20151219-005632-50331658-5050-15921-0000
I1219 01:08:19.027220 20933 slave.cpp:2753] Forwarding the update TASK_FINISHED (UUID: d095fbd9-42ee-4197-ad3f-5753dc47095c) for task 1450487280023-www-data-devel-job5-0-978410fe-ac0b-4533-be5f-17efbddb7db2 of framework 20151219-005632-50331658-5050-15921-0000 to master@10.0.0.3:5050
I1219 01:08:19.027356 20933 slave.cpp:2686] Sending acknowledgement for status update TASK_FINISHED (UUID: d095fbd9-42ee-4197-ad3f-5753dc47095c) for task 1450487280023-www-data-devel-job5-0-978410fe-ac0b-4533-be5f-17efbddb7db2 of framework 20151219-005632-50331658-5050-15921-0000 to executor(1)@10.0.0.6:44065
I1219 01:08:19.035941 20919 status_update_manager.cpp:389] Received status update acknowledgement (UUID: d095fbd9-42ee-4197-ad3f-5753dc47095c) for task 1450487280023-www-data-devel-job5-0-978410fe-ac0b-4533-be5f-17efbddb7db2 of framework 20151219-005632-50331658-5050-15921-0000
I1219 01:08:19.036008 20919 status_update_manager.hpp:346] Checkpointing ACK for status update TASK_FINISHED (UUID: d095fbd9-42ee-4197-ad3f-5753dc47095c) for task 1450487280023-www-data-devel-job5-0-978410fe-ac0b-4533-be5f-17efbddb7db2 of framework 20151219-005632-50331658-5050-15921-0000
I1219 01:08:20.539846 20924 containerizer.cpp:1111] Executor for container '4366c3b9-6851-4e8f-a9e8-e52dac0e94bf' has exited
I1219 01:08:20.539916 20924 containerizer.cpp:906] Destroying container '4366c3b9-6851-4e8f-a9e8-e52dac0e94bf'
I1219 01:08:20.541756 20925 slave.cpp:3193] Executor 'thermos-1450487280378-www-data-devel-job14-0-568abc73-74ec-4288-8004-49aebee5de49' of framework 20151219-005632-50331658-5050-15921-0000 exited with status 0
I1219 01:08:20.541932 20925 slave.cpp:3302] Cleaning up executor 'thermos-1450487280378-www-data-devel-job14-0-568abc73-74ec-4288-8004-49aebee5de49' of framework 20151219-005632-50331658-5050-15921-0000
I1219 01:08:20.542366 20926 gc.cpp:56] Scheduling '/var/lib/mesos/slave/slaves/20151219-005632-50331658-5050-15921-S0/frameworks/20151219-005632-50331658-5050-15921-0000/executors/thermos-1450487280378-www-data-devel-job14-0-568abc73-74ec-4288-8004-49aebee5de49/runs/4366c3b9-6851-4e8f-a9e8-e52dac0e94bf' for gc 6.99999372346963days in the future
I1219 01:08:20.542454 20926 gc.cpp:56] Scheduling '/var/lib/mesos/slave/slaves/20151219-005632-50331658-5050-15921-S0/frameworks/20151219-005632-50331658-5050-15921-0000/executors/thermos-1450487280378-www-data-devel-job14-0-568abc73-74ec-4288-8004-49aebee5de49' for gc 6.99999372222222days in the future
I1219 01:08:20.542578 20928 gc.cpp:56] Scheduling '/var/lib/mesos/slave/meta/slaves/20151219-005632-50331658-5050-15921-S0/frameworks/20151219-005632-50331658-5050-15921-0000/executors/thermos-1450487280378-www-data-devel-job14-0-568abc73-74ec-4288-8004-49aebee5de49/runs/4366c3b9-6851-4e8f-a9e8-e52dac0e94bf' for gc 6.99999372097481days in the future
I1219 01:08:20.542659 20928 gc.cpp:56] Scheduling '/var/lib/mesos/slave/meta/slaves/20151219-005632-50331658-5050-15921-S0/frameworks/20151219-005632-50331658-5050-15921-0000/executors/thermos-1450487280378-www-data-devel-job14-0-568abc73-74ec-4288-8004-49aebee5de49' for gc 6.99999371985185days in the future
I1219 01:08:24.057096 20926 containerizer.cpp:1111] Executor for container '408fb930-6da9-4499-bd40-c453946c6a76' has exited
I1219 01:08:24.057142 20926 containerizer.cpp:906] Destroying container '408fb930-6da9-4499-bd40-c453946c6a76'
I1219 01:08:24.058305 20923 slave.cpp:3193] Executor 'thermos-1450487280023-www-data-devel-job5-0-978410fe-ac0b-4533-be5f-17efbddb7db2' of framework 20151219-005632-50331658-5050-15921-0000 exited with status 0
I1219 01:08:24.058449 20923 slave.cpp:3302] Cleaning up executor 'thermos-1450487280023-www-data-devel-job5-0-978410fe-ac0b-4533-be5f-17efbddb7db2' of framework 20151219-005632-50331658-5050-15921-0000
I1219 01:08:24.058724 20932 gc.cpp:56] Scheduling '/var/lib/mesos/slave/slaves/20151219-005632-50331658-5050-15921-S0/frameworks/20151219-005632-50331658-5050-15921-0000/executors/thermos-1450487280023-www-data-devel-job5-0-978410fe-ac0b-4533-be5f-17efbddb7db2/runs/408fb930-6da9-4499-bd40-c453946c6a76' for gc 6.99999932086815days in the future
I1219 01:08:24.058773 20932 gc.cpp:56] Scheduling '/var/lib/mesos/slave/slaves/20151219-005632-50331658-5050-15921-S0/frameworks/20151219-005632-50331658-5050-15921-0000/executors/thermos-1450487280023-www-data-devel-job5-0-978410fe-ac0b-4533-be5f-17efbddb7db2' for gc 6.99999932008296days in the future
I1219 01:08:24.058975 20923 slave.cpp:3381] Cleaning up framework 20151219-005632-50331658-5050-15921-0000
I1219 01:08:24.059013 20929 gc.cpp:56] Scheduling '/var/lib/mesos/slave/meta/slaves/20151219-005632-50331658-5050-15921-S0/frameworks/20151219-005632-50331658-5050-15921-0000/executors/thermos-1450487280023-www-data-devel-job5-0-978410fe-ac0b-4533-be5f-17efbddb7db2/runs/408fb930-6da9-4499-bd40-c453946c6a76' for gc 6.99999931924741days in the future
I1219 01:08:24.059038 20928 status_update_manager.cpp:279] Closing status update streams for framework 20151219-005632-50331658-5050-15921-0000
I1219 01:08:24.059093 20929 gc.cpp:56] Scheduling '/var/lib/mesos/slave/meta/slaves/20151219-005632-50331658-5050-15921-S0/frameworks/20151219-005632-50331658-5050-15921-0000/executors/thermos-1450487280023-www-data-devel-job5-0-978410fe-ac0b-4533-be5f-17efbddb7db2' for gc 6.99999931753482days in the future
I1219 01:08:24.059149 20929 gc.cpp:56] Scheduling '/var/lib/mesos/slave/slaves/20151219-005632-50331658-5050-15921-S0/frameworks/20151219-005632-50331658-5050-15921-0000' for gc 6.99999931663407days in the future
I1219 01:08:24.059168 20929 gc.cpp:56] Scheduling '/var/lib/mesos/slave/meta/slaves/20151219-005632-50331658-5050-15921-S0/frameworks/20151219-005632-50331658-5050-15921-0000' for gc 6.99999931615704days in the future
I1219 01:08:32.468112 20922 slave.cpp:3618] Current disk usage 77.43%. Max allowed age: 21.122358249429446hrs
I1219 01:08:33.280124 20920 slave.cpp:1121] Got assigned task 1450487280051-www-data-devel-job15-0-49d8a067-0d0f-4205-9d87-12cfe9d01ec3 for framework 20151219-005632-50331658-5050-15921-0000
I1219 01:08:33.282519 20920 gc.cpp:84] Unscheduling '/var/lib/mesos/slave/slaves/20151219-005632-50331658-5050-15921-S0/frameworks/20151219-005632-50331658-5050-15921-0000' from gc
I1219 01:08:33.282724 20918 gc.cpp:84] Unscheduling '/var/lib/mesos/slave/meta/slaves/20151219-005632-50331658-5050-15921-S0/frameworks/20151219-005632-50331658-5050-15921-0000' from gc
I1219 01:08:33.282945 20918 slave.cpp:1231] Launching task 1450487280051-www-data-devel-job15-0-49d8a067-0d0f-4205-9d87-12cfe9d01ec3 for framework 20151219-005632-50331658-5050-15921-0000
I1219 01:08:33.285691 20918 slave.cpp:4160] Launching executor thermos-1450487280051-www-data-devel-job15-0-49d8a067-0d0f-4205-9d87-12cfe9d01ec3 of framework 20151219-005632-50331658-5050-15921-0000 in work directory '/var/lib/mesos/slave/slaves/20151219-005632-50331658-5050-15921-S0/frameworks/20151219-005632-50331658-5050-15921-0000/executors/thermos-1450487280051-www-data-devel-job15-0-49d8a067-0d0f-4205-9d87-12cfe9d01ec3/runs/4f5c3248-3e18-4f15-80ed-6964a0445c4d'
I1219 01:08:33.286021 20924 containerizer.cpp:472] Starting container '4f5c3248-3e18-4f15-80ed-6964a0445c4d' for executor 'thermos-1450487280051-www-data-devel-job15-0-49d8a067-0d0f-4205-9d87-12cfe9d01ec3' of framework '20151219-005632-50331658-5050-15921-0000'
I1219 01:08:33.286743 20918 slave.cpp:1378] Queuing task '1450487280051-www-data-devel-job15-0-49d8a067-0d0f-4205-9d87-12cfe9d01ec3' for executor thermos-1450487280051-www-data-devel-job15-0-49d8a067-0d0f-4205-9d87-12cfe9d01ec3 of framework '20151219-005632-50331658-5050-15921-0000
I1219 01:08:33.287700 20932 launcher.cpp:130] Forked child with pid '23635' for container '4f5c3248-3e18-4f15-80ed-6964a0445c4d'
I1219 01:08:33.287945 20932 containerizer.cpp:682] Checkpointing executor's forked pid 23635 to '/var/lib/mesos/slave/meta/slaves/20151219-005632-50331658-5050-15921-S0/frameworks/20151219-005632-50331658-5050-15921-0000/executors/thermos-1450487280051-www-data-devel-job15-0-49d8a067-0d0f-4205-9d87-12cfe9d01ec3/runs/4f5c3248-3e18-4f15-80ed-6964a0445c4d/pids/forked.pid'
I1219 01:08:33.292428 20918 fetcher.cpp:238] Fetching URIs using command '/usr/libexec/mesos/mesos-fetcher'
I1219 01:08:33.400274 20928 slave.cpp:3135] Monitoring executor 'thermos-1450487280051-www-data-devel-job15-0-49d8a067-0d0f-4205-9d87-12cfe9d01ec3' of framework '20151219-005632-50331658-5050-15921-0000' in container '4f5c3248-3e18-4f15-80ed-6964a0445c4d'
I1219 01:08:33.901938 20920 slave.cpp:2141] Got registration for executor 'thermos-1450487280051-www-data-devel-job15-0-49d8a067-0d0f-4205-9d87-12cfe9d01ec3' of framework 20151219-005632-50331658-5050-15921-0000 from executor(1)@10.0.0.6:56958
I1219 01:08:33.902954 20932 slave.cpp:1532] Sending queued task '1450487280051-www-data-devel-job15-0-49d8a067-0d0f-4205-9d87-12cfe9d01ec3' to executor 'thermos-1450487280051-www-data-devel-job15-0-49d8a067-0d0f-4205-9d87-12cfe9d01ec3' of framework 20151219-005632-50331658-5050-15921-0000
I1219 01:08:33.910656 20927 slave.cpp:2508] Handling status update TASK_STARTING (UUID: c62999bf-e7b1-424d-b18f-430fafa20a03) for task 1450487280051-www-data-devel-job15-0-49d8a067-0d0f-4205-9d87-12cfe9d01ec3 of framework 20151219-005632-50331658-5050-15921-0000 from executor(1)@10.0.0.6:56958
I1219 01:08:33.910815 20931 status_update_manager.cpp:317] Received status update TASK_STARTING (UUID: c62999bf-e7b1-424d-b18f-430fafa20a03) for task 1450487280051-www-data-devel-job15-0-49d8a067-0d0f-4205-9d87-12cfe9d01ec3 of framework 20151219-005632-50331658-5050-15921-0000
I1219 01:08:33.911183 20931 status_update_manager.hpp:346] Checkpointing UPDATE for status update TASK_STARTING (UUID: c62999bf-e7b1-424d-b18f-430fafa20a03) for task 1450487280051-www-data-devel-job15-0-49d8a067-0d0f-4205-9d87-12cfe9d01ec3 of framework 20151219-005632-50331658-5050-15921-0000
I1219 01:08:33.916493 20923 slave.cpp:2753] Forwarding the update TASK_STARTING (UUID: c62999bf-e7b1-424d-b18f-430fafa20a03) for task 1450487280051-www-data-devel-job15-0-49d8a067-0d0f-4205-9d87-12cfe9d01ec3 of framework 20151219-005632-50331658-5050-15921-0000 to master@10.0.0.3:5050
I1219 01:08:33.916599 20923 slave.cpp:2686] Sending acknowledgement for status update TASK_STARTING (UUID: c62999bf-e7b1-424d-b18f-430fafa20a03) for task 1450487280051-www-data-devel-job15-0-49d8a067-0d0f-4205-9d87-12cfe9d01ec3 of framework 20151219-005632-50331658-5050-15921-0000 to executor(1)@10.0.0.6:56958
I1219 01:08:33.925719 20931 status_update_manager.cpp:389] Received status update acknowledgement (UUID: c62999bf-e7b1-424d-b18f-430fafa20a03) for task 1450487280051-www-data-devel-job15-0-49d8a067-0d0f-4205-9d87-12cfe9d01ec3 of framework 20151219-005632-50331658-5050-15921-0000
I1219 01:08:33.925748 20931 status_update_manager.hpp:346] Checkpointing ACK for status update TASK_STARTING (UUID: c62999bf-e7b1-424d-b18f-430fafa20a03) for task 1450487280051-www-data-devel-job15-0-49d8a067-0d0f-4205-9d87-12cfe9d01ec3 of framework 20151219-005632-50331658-5050-15921-0000
I1219 01:08:34.494715 20920 slave.cpp:2508] Handling status update TASK_RUNNING (UUID: 5105258f-73b0-4cdb-b2a9-f13b623d104e) for task 1450487280051-www-data-devel-job15-0-49d8a067-0d0f-4205-9d87-12cfe9d01ec3 of framework 20151219-005632-50331658-5050-15921-0000 from executor(1)@10.0.0.6:56958
I1219 01:08:34.494899 20918 status_update_manager.cpp:317] Received status update TASK_RUNNING (UUID: 5105258f-73b0-4cdb-b2a9-f13b623d104e) for task 1450487280051-www-data-devel-job15-0-49d8a067-0d0f-4205-9d87-12cfe9d01ec3 of framework 20151219-005632-50331658-5050-15921-0000
I1219 01:08:34.494987 20918 status_update_manager.hpp:346] Checkpointing UPDATE for status update TASK_RUNNING (UUID: 5105258f-73b0-4cdb-b2a9-f13b623d104e) for task 1450487280051-www-data-devel-job15-0-49d8a067-0d0f-4205-9d87-12cfe9d01ec3 of framework 20151219-005632-50331658-5050-15921-0000
I1219 01:08:34.499225 20926 slave.cpp:2753] Forwarding the update TASK_RUNNING (UUID: 5105258f-73b0-4cdb-b2a9-f13b623d104e) for task 1450487280051-www-data-devel-job15-0-49d8a067-0d0f-4205-9d87-12cfe9d01ec3 of framework 20151219-005632-50331658-5050-15921-0000 to master@10.0.0.3:5050
I1219 01:08:34.499338 20926 slave.cpp:2686] Sending acknowledgement for status update TASK_RUNNING (UUID: 5105258f-73b0-4cdb-b2a9-f13b623d104e) for task 1450487280051-www-data-devel-job15-0-49d8a067-0d0f-4205-9d87-12cfe9d01ec3 of framework 20151219-005632-50331658-5050-15921-0000 to executor(1)@10.0.0.6:56958
I1219 01:08:34.508115 20918 status_update_manager.cpp:389] Received status update acknowledgement (UUID: 5105258f-73b0-4cdb-b2a9-f13b623d104e) for task 1450487280051-www-data-devel-job15-0-49d8a067-0d0f-4205-9d87-12cfe9d01ec3 of framework 20151219-005632-50331658-5050-15921-0000
I1219 01:08:34.508152 20918 status_update_manager.hpp:346] Checkpointing ACK for status update TASK_RUNNING (UUID: 5105258f-73b0-4cdb-b2a9-f13b623d104e) for task 1450487280051-www-data-devel-job15-0-49d8a067-0d0f-4205-9d87-12cfe9d01ec3 of framework 20151219-005632-50331658-5050-15921-0000
I1219 01:08:44.652142 20920 slave.cpp:2508] Handling status update TASK_FINISHED (UUID: b242694e-3ea4-4b28-973e-9030b5c99f5e) for task 1450487280051-www-data-devel-job15-0-49d8a067-0d0f-4205-9d87-12cfe9d01ec3 of framework 20151219-005632-50331658-5050-15921-0000 from executor(1)@10.0.0.6:56958
I1219 01:08:44.653035 20929 status_update_manager.cpp:317] Received status update TASK_FINISHED (UUID: b242694e-3ea4-4b28-973e-9030b5c99f5e) for task 1450487280051-www-data-devel-job15-0-49d8a067-0d0f-4205-9d87-12cfe9d01ec3 of framework 20151219-005632-50331658-5050-15921-0000
I1219 01:08:44.653102 20929 status_update_manager.hpp:346] Checkpointing UPDATE for status update TASK_FINISHED (UUID: b242694e-3ea4-4b28-973e-9030b5c99f5e) for task 1450487280051-www-data-devel-job15-0-49d8a067-0d0f-4205-9d87-12cfe9d01ec3 of framework 20151219-005632-50331658-5050-15921-0000
I1219 01:08:44.658174 20918 slave.cpp:2753] Forwarding the update TASK_FINISHED (UUID: b242694e-3ea4-4b28-973e-9030b5c99f5e) for task 1450487280051-www-data-devel-job15-0-49d8a067-0d0f-4205-9d87-12cfe9d01ec3 of framework 20151219-005632-50331658-5050-15921-0000 to master@10.0.0.3:5050
I1219 01:08:44.658359 20918 slave.cpp:2686] Sending acknowledgement for status update TASK_FINISHED (UUID: b242694e-3ea4-4b28-973e-9030b5c99f5e) for task 1450487280051-www-data-devel-job15-0-49d8a067-0d0f-4205-9d87-12cfe9d01ec3 of framework 20151219-005632-50331658-5050-15921-0000 to executor(1)@10.0.0.6:56958
I1219 01:08:44.668527 20929 status_update_manager.cpp:389] Received status update acknowledgement (UUID: b242694e-3ea4-4b28-973e-9030b5c99f5e) for task 1450487280051-www-data-devel-job15-0-49d8a067-0d0f-4205-9d87-12cfe9d01ec3 of framework 20151219-005632-50331658-5050-15921-0000
I1219 01:08:44.668618 20929 status_update_manager.hpp:346] Checkpointing ACK for status update TASK_FINISHED (UUID: b242694e-3ea4-4b28-973e-9030b5c99f5e) for task 1450487280051-www-data-devel-job15-0-49d8a067-0d0f-4205-9d87-12cfe9d01ec3 of framework 20151219-005632-50331658-5050-15921-0000
I1219 01:08:49.776110 20924 containerizer.cpp:1111] Executor for container '4f5c3248-3e18-4f15-80ed-6964a0445c4d' has exited
I1219 01:08:49.776310 20924 containerizer.cpp:906] Destroying container '4f5c3248-3e18-4f15-80ed-6964a0445c4d'
I1219 01:08:49.778134 20923 slave.cpp:3193] Executor 'thermos-1450487280051-www-data-devel-job15-0-49d8a067-0d0f-4205-9d87-12cfe9d01ec3' of framework 20151219-005632-50331658-5050-15921-0000 exited with status 0
I1219 01:08:49.778352 20923 slave.cpp:3302] Cleaning up executor 'thermos-1450487280051-www-data-devel-job15-0-49d8a067-0d0f-4205-9d87-12cfe9d01ec3' of framework 20151219-005632-50331658-5050-15921-0000
I1219 01:08:49.778702 20926 gc.cpp:56] Scheduling '/var/lib/mesos/slave/slaves/20151219-005632-50331658-5050-15921-S0/frameworks/20151219-005632-50331658-5050-15921-0000/executors/thermos-1450487280051-www-data-devel-job15-0-49d8a067-0d0f-4205-9d87-12cfe9d01ec3/runs/4f5c3248-3e18-4f15-80ed-6964a0445c4d' for gc 6.99999098799704days in the future
