I1219 01:03:00.887790 20932 status_update_manager.cpp:389] Received status update acknowledgement (UUID: 85743a2b-1354-4276-b6fa-962ee3118f21) for task 1450486980017-www-data-devel-job29-0-77f74fff-9641-4d38-bbb1-bf641b4c4d34 of framework 20151219-005632-50331658-5050-15921-0000
I1219 01:03:00.887868 20932 status_update_manager.hpp:346] Checkpointing ACK for status update TASK_STARTING (UUID: 85743a2b-1354-4276-b6fa-962ee3118f21) for task 1450486980017-www-data-devel-job29-0-77f74fff-9641-4d38-bbb1-bf641b4c4d34 of framework 20151219-005632-50331658-5050-15921-0000
I1219 01:03:01.478507 20931 slave.cpp:2508] Handling status update TASK_RUNNING (UUID: 51ba18c9-7c65-4ae0-b154-802f6d4a47b2) for task 1450486980017-www-data-devel-job29-0-77f74fff-9641-4d38-bbb1-bf641b4c4d34 of framework 20151219-005632-50331658-5050-15921-0000 from executor(1)@10.0.0.6:54211
I1219 01:03:01.478693 20931 status_update_manager.cpp:317] Received status update TASK_RUNNING (UUID: 51ba18c9-7c65-4ae0-b154-802f6d4a47b2) for task 1450486980017-www-data-devel-job29-0-77f74fff-9641-4d38-bbb1-bf641b4c4d34 of framework 20151219-005632-50331658-5050-15921-0000
I1219 01:03:01.478747 20931 status_update_manager.hpp:346] Checkpointing UPDATE for status update TASK_RUNNING (UUID: 51ba18c9-7c65-4ae0-b154-802f6d4a47b2) for task 1450486980017-www-data-devel-job29-0-77f74fff-9641-4d38-bbb1-bf641b4c4d34 of framework 20151219-005632-50331658-5050-15921-0000
I1219 01:03:01.482676 20921 slave.cpp:2753] Forwarding the update TASK_RUNNING (UUID: 51ba18c9-7c65-4ae0-b154-802f6d4a47b2) for task 1450486980017-www-data-devel-job29-0-77f74fff-9641-4d38-bbb1-bf641b4c4d34 of framework 20151219-005632-50331658-5050-15921-0000 to master@10.0.0.3:5050
I1219 01:03:01.482791 20921 slave.cpp:2686] Sending acknowledgement for status update TASK_RUNNING (UUID: 51ba18c9-7c65-4ae0-b154-802f6d4a47b2) for task 1450486980017-www-data-devel-job29-0-77f74fff-9641-4d38-bbb1-bf641b4c4d34 of framework 20151219-005632-50331658-5050-15921-0000 to executor(1)@10.0.0.6:54211
I1219 01:03:01.498404 20918 status_update_manager.cpp:389] Received status update acknowledgement (UUID: 51ba18c9-7c65-4ae0-b154-802f6d4a47b2) for task 1450486980017-www-data-devel-job29-0-77f74fff-9641-4d38-bbb1-bf641b4c4d34 of framework 20151219-005632-50331658-5050-15921-0000
I1219 01:03:01.498455 20918 status_update_manager.hpp:346] Checkpointing ACK for status update TASK_RUNNING (UUID: 51ba18c9-7c65-4ae0-b154-802f6d4a47b2) for task 1450486980017-www-data-devel-job29-0-77f74fff-9641-4d38-bbb1-bf641b4c4d34 of framework 20151219-005632-50331658-5050-15921-0000
I1219 01:03:06.759531 20928 slave.cpp:1121] Got assigned task 1450486980378-www-data-devel-job10-0-eefb82a8-1c53-4d11-b5b0-6be2aca29d14 for framework 20151219-005632-50331658-5050-15921-0000
I1219 01:03:06.759841 20928 slave.cpp:1231] Launching task 1450486980378-www-data-devel-job10-0-eefb82a8-1c53-4d11-b5b0-6be2aca29d14 for framework 20151219-005632-50331658-5050-15921-0000
I1219 01:03:06.761942 20928 slave.cpp:4160] Launching executor thermos-1450486980378-www-data-devel-job10-0-eefb82a8-1c53-4d11-b5b0-6be2aca29d14 of framework 20151219-005632-50331658-5050-15921-0000 in work directory '/var/lib/mesos/slave/slaves/20151219-005632-50331658-5050-15921-S0/frameworks/20151219-005632-50331658-5050-15921-0000/executors/thermos-1450486980378-www-data-devel-job10-0-eefb82a8-1c53-4d11-b5b0-6be2aca29d14/runs/9838bf03-9b54-4e4d-88d8-e1950d117902'
I1219 01:03:06.762118 20930 containerizer.cpp:472] Starting container '9838bf03-9b54-4e4d-88d8-e1950d117902' for executor 'thermos-1450486980378-www-data-devel-job10-0-eefb82a8-1c53-4d11-b5b0-6be2aca29d14' of framework '20151219-005632-50331658-5050-15921-0000'
I1219 01:03:06.762931 20928 slave.cpp:1378] Queuing task '1450486980378-www-data-devel-job10-0-eefb82a8-1c53-4d11-b5b0-6be2aca29d14' for executor thermos-1450486980378-www-data-devel-job10-0-eefb82a8-1c53-4d11-b5b0-6be2aca29d14 of framework '20151219-005632-50331658-5050-15921-0000
I1219 01:03:06.764024 20931 launcher.cpp:130] Forked child with pid '22201' for container '9838bf03-9b54-4e4d-88d8-e1950d117902'
I1219 01:03:06.765422 20931 containerizer.cpp:682] Checkpointing executor's forked pid 22201 to '/var/lib/mesos/slave/meta/slaves/20151219-005632-50331658-5050-15921-S0/frameworks/20151219-005632-50331658-5050-15921-0000/executors/thermos-1450486980378-www-data-devel-job10-0-eefb82a8-1c53-4d11-b5b0-6be2aca29d14/runs/9838bf03-9b54-4e4d-88d8-e1950d117902/pids/forked.pid'
I1219 01:03:06.770771 20918 fetcher.cpp:238] Fetching URIs using command '/usr/libexec/mesos/mesos-fetcher'
I1219 01:03:06.888851 20932 slave.cpp:3135] Monitoring executor 'thermos-1450486980378-www-data-devel-job10-0-eefb82a8-1c53-4d11-b5b0-6be2aca29d14' of framework '20151219-005632-50331658-5050-15921-0000' in container '9838bf03-9b54-4e4d-88d8-e1950d117902'
I1219 01:03:07.396158 20932 slave.cpp:2141] Got registration for executor 'thermos-1450486980378-www-data-devel-job10-0-eefb82a8-1c53-4d11-b5b0-6be2aca29d14' of framework 20151219-005632-50331658-5050-15921-0000 from executor(1)@10.0.0.6:35852
I1219 01:03:07.397197 20928 slave.cpp:1532] Sending queued task '1450486980378-www-data-devel-job10-0-eefb82a8-1c53-4d11-b5b0-6be2aca29d14' to executor 'thermos-1450486980378-www-data-devel-job10-0-eefb82a8-1c53-4d11-b5b0-6be2aca29d14' of framework 20151219-005632-50331658-5050-15921-0000
I1219 01:03:07.403050 20918 slave.cpp:2508] Handling status update TASK_STARTING (UUID: 22bbd169-e01c-4335-bd69-30909c6a43c0) for task 1450486980378-www-data-devel-job10-0-eefb82a8-1c53-4d11-b5b0-6be2aca29d14 of framework 20151219-005632-50331658-5050-15921-0000 from executor(1)@10.0.0.6:35852
I1219 01:03:07.403235 20931 status_update_manager.cpp:317] Received status update TASK_STARTING (UUID: 22bbd169-e01c-4335-bd69-30909c6a43c0) for task 1450486980378-www-data-devel-job10-0-eefb82a8-1c53-4d11-b5b0-6be2aca29d14 of framework 20151219-005632-50331658-5050-15921-0000
I1219 01:03:07.403770 20931 status_update_manager.hpp:346] Checkpointing UPDATE for status update TASK_STARTING (UUID: 22bbd169-e01c-4335-bd69-30909c6a43c0) for task 1450486980378-www-data-devel-job10-0-eefb82a8-1c53-4d11-b5b0-6be2aca29d14 of framework 20151219-005632-50331658-5050-15921-0000
I1219 01:03:07.408546 20918 slave.cpp:2753] Forwarding the update TASK_STARTING (UUID: 22bbd169-e01c-4335-bd69-30909c6a43c0) for task 1450486980378-www-data-devel-job10-0-eefb82a8-1c53-4d11-b5b0-6be2aca29d14 of framework 20151219-005632-50331658-5050-15921-0000 to master@10.0.0.3:5050
I1219 01:03:07.408655 20918 slave.cpp:2686] Sending acknowledgement for status update TASK_STARTING (UUID: 22bbd169-e01c-4335-bd69-30909c6a43c0) for task 1450486980378-www-data-devel-job10-0-eefb82a8-1c53-4d11-b5b0-6be2aca29d14 of framework 20151219-005632-50331658-5050-15921-0000 to executor(1)@10.0.0.6:35852
I1219 01:03:07.418449 20923 status_update_manager.cpp:389] Received status update acknowledgement (UUID: 22bbd169-e01c-4335-bd69-30909c6a43c0) for task 1450486980378-www-data-devel-job10-0-eefb82a8-1c53-4d11-b5b0-6be2aca29d14 of framework 20151219-005632-50331658-5050-15921-0000
I1219 01:03:07.418522 20923 status_update_manager.hpp:346] Checkpointing ACK for status update TASK_STARTING (UUID: 22bbd169-e01c-4335-bd69-30909c6a43c0) for task 1450486980378-www-data-devel-job10-0-eefb82a8-1c53-4d11-b5b0-6be2aca29d14 of framework 20151219-005632-50331658-5050-15921-0000
I1219 01:03:07.985004 20932 slave.cpp:2508] Handling status update TASK_RUNNING (UUID: ac94868e-e4a3-4f81-92ef-6211a6d73d08) for task 1450486980378-www-data-devel-job10-0-eefb82a8-1c53-4d11-b5b0-6be2aca29d14 of framework 20151219-005632-50331658-5050-15921-0000 from executor(1)@10.0.0.6:35852
I1219 01:03:07.985175 20932 status_update_manager.cpp:317] Received status update TASK_RUNNING (UUID: ac94868e-e4a3-4f81-92ef-6211a6d73d08) for task 1450486980378-www-data-devel-job10-0-eefb82a8-1c53-4d11-b5b0-6be2aca29d14 of framework 20151219-005632-50331658-5050-15921-0000
I1219 01:03:07.985210 20932 status_update_manager.hpp:346] Checkpointing UPDATE for status update TASK_RUNNING (UUID: ac94868e-e4a3-4f81-92ef-6211a6d73d08) for task 1450486980378-www-data-devel-job10-0-eefb82a8-1c53-4d11-b5b0-6be2aca29d14 of framework 20151219-005632-50331658-5050-15921-0000
I1219 01:03:07.989125 20925 slave.cpp:2753] Forwarding the update TASK_RUNNING (UUID: ac94868e-e4a3-4f81-92ef-6211a6d73d08) for task 1450486980378-www-data-devel-job10-0-eefb82a8-1c53-4d11-b5b0-6be2aca29d14 of framework 20151219-005632-50331658-5050-15921-0000 to master@10.0.0.3:5050
I1219 01:03:07.989243 20925 slave.cpp:2686] Sending acknowledgement for status update TASK_RUNNING (UUID: ac94868e-e4a3-4f81-92ef-6211a6d73d08) for task 1450486980378-www-data-devel-job10-0-eefb82a8-1c53-4d11-b5b0-6be2aca29d14 of framework 20151219-005632-50331658-5050-15921-0000 to executor(1)@10.0.0.6:35852
I1219 01:03:07.998075 20926 status_update_manager.cpp:389] Received status update acknowledgement (UUID: ac94868e-e4a3-4f81-92ef-6211a6d73d08) for task 1450486980378-www-data-devel-job10-0-eefb82a8-1c53-4d11-b5b0-6be2aca29d14 of framework 20151219-005632-50331658-5050-15921-0000
I1219 01:03:07.998131 20926 status_update_manager.hpp:346] Checkpointing ACK for status update TASK_RUNNING (UUID: ac94868e-e4a3-4f81-92ef-6211a6d73d08) for task 1450486980378-www-data-devel-job10-0-eefb82a8-1c53-4d11-b5b0-6be2aca29d14 of framework 20151219-005632-50331658-5050-15921-0000
I1219 01:03:08.629151 20932 slave.cpp:2508] Handling status update TASK_FINISHED (UUID: 01d68030-a70a-4786-9d1c-f23230525ab9) for task 1450486980017-www-data-devel-job29-0-77f74fff-9641-4d38-bbb1-bf641b4c4d34 of framework 20151219-005632-50331658-5050-15921-0000 from executor(1)@10.0.0.6:54211
I1219 01:03:08.629761 20925 status_update_manager.cpp:317] Received status update TASK_FINISHED (UUID: 01d68030-a70a-4786-9d1c-f23230525ab9) for task 1450486980017-www-data-devel-job29-0-77f74fff-9641-4d38-bbb1-bf641b4c4d34 of framework 20151219-005632-50331658-5050-15921-0000
I1219 01:03:08.629801 20925 status_update_manager.hpp:346] Checkpointing UPDATE for status update TASK_FINISHED (UUID: 01d68030-a70a-4786-9d1c-f23230525ab9) for task 1450486980017-www-data-devel-job29-0-77f74fff-9641-4d38-bbb1-bf641b4c4d34 of framework 20151219-005632-50331658-5050-15921-0000
I1219 01:03:08.892897 20926 slave.cpp:2753] Forwarding the update TASK_FINISHED (UUID: 01d68030-a70a-4786-9d1c-f23230525ab9) for task 1450486980017-www-data-devel-job29-0-77f74fff-9641-4d38-bbb1-bf641b4c4d34 of framework 20151219-005632-50331658-5050-15921-0000 to master@10.0.0.3:5050
I1219 01:03:08.893081 20926 slave.cpp:2686] Sending acknowledgement for status update TASK_FINISHED (UUID: 01d68030-a70a-4786-9d1c-f23230525ab9) for task 1450486980017-www-data-devel-job29-0-77f74fff-9641-4d38-bbb1-bf641b4c4d34 of framework 20151219-005632-50331658-5050-15921-0000 to executor(1)@10.0.0.6:54211
I1219 01:03:08.908998 20932 status_update_manager.cpp:389] Received status update acknowledgement (UUID: 01d68030-a70a-4786-9d1c-f23230525ab9) for task 1450486980017-www-data-devel-job29-0-77f74fff-9641-4d38-bbb1-bf641b4c4d34 of framework 20151219-005632-50331658-5050-15921-0000
I1219 01:03:08.909039 20932 status_update_manager.hpp:346] Checkpointing ACK for status update TASK_FINISHED (UUID: 01d68030-a70a-4786-9d1c-f23230525ab9) for task 1450486980017-www-data-devel-job29-0-77f74fff-9641-4d38-bbb1-bf641b4c4d34 of framework 20151219-005632-50331658-5050-15921-0000
I1219 01:03:09.864259 20930 slave.cpp:1121] Got assigned task 1450486980220-www-data-devel-job19-0-23393c06-557d-4cec-9301-e15b0fd049e4 for framework 20151219-005632-50331658-5050-15921-0000
I1219 01:03:09.864526 20930 slave.cpp:1231] Launching task 1450486980220-www-data-devel-job19-0-23393c06-557d-4cec-9301-e15b0fd049e4 for framework 20151219-005632-50331658-5050-15921-0000
I1219 01:03:09.867389 20930 slave.cpp:4160] Launching executor thermos-1450486980220-www-data-devel-job19-0-23393c06-557d-4cec-9301-e15b0fd049e4 of framework 20151219-005632-50331658-5050-15921-0000 in work directory '/var/lib/mesos/slave/slaves/20151219-005632-50331658-5050-15921-S0/frameworks/20151219-005632-50331658-5050-15921-0000/executors/thermos-1450486980220-www-data-devel-job19-0-23393c06-557d-4cec-9301-e15b0fd049e4/runs/7d7fa596-9221-405a-89b7-fa28e12a2ea9'
I1219 01:03:09.867558 20925 containerizer.cpp:472] Starting container '7d7fa596-9221-405a-89b7-fa28e12a2ea9' for executor 'thermos-1450486980220-www-data-devel-job19-0-23393c06-557d-4cec-9301-e15b0fd049e4' of framework '20151219-005632-50331658-5050-15921-0000'
I1219 01:03:09.868108 20930 slave.cpp:1378] Queuing task '1450486980220-www-data-devel-job19-0-23393c06-557d-4cec-9301-e15b0fd049e4' for executor thermos-1450486980220-www-data-devel-job19-0-23393c06-557d-4cec-9301-e15b0fd049e4 of framework '20151219-005632-50331658-5050-15921-0000
I1219 01:03:09.868852 20925 launcher.cpp:130] Forked child with pid '22258' for container '7d7fa596-9221-405a-89b7-fa28e12a2ea9'
I1219 01:03:09.869591 20925 containerizer.cpp:682] Checkpointing executor's forked pid 22258 to '/var/lib/mesos/slave/meta/slaves/20151219-005632-50331658-5050-15921-S0/frameworks/20151219-005632-50331658-5050-15921-0000/executors/thermos-1450486980220-www-data-devel-job19-0-23393c06-557d-4cec-9301-e15b0fd049e4/runs/7d7fa596-9221-405a-89b7-fa28e12a2ea9/pids/forked.pid'
I1219 01:03:09.872920 20922 fetcher.cpp:238] Fetching URIs using command '/usr/libexec/mesos/mesos-fetcher'
I1219 01:03:10.004556 20925 slave.cpp:3135] Monitoring executor 'thermos-1450486980220-www-data-devel-job19-0-23393c06-557d-4cec-9301-e15b0fd049e4' of framework '20151219-005632-50331658-5050-15921-0000' in container '7d7fa596-9221-405a-89b7-fa28e12a2ea9'
I1219 01:03:10.521209 20929 slave.cpp:2141] Got registration for executor 'thermos-1450486980220-www-data-devel-job19-0-23393c06-557d-4cec-9301-e15b0fd049e4' of framework 20151219-005632-50331658-5050-15921-0000 from executor(1)@10.0.0.6:36124
I1219 01:03:10.529531 20921 slave.cpp:1532] Sending queued task '1450486980220-www-data-devel-job19-0-23393c06-557d-4cec-9301-e15b0fd049e4' to executor 'thermos-1450486980220-www-data-devel-job19-0-23393c06-557d-4cec-9301-e15b0fd049e4' of framework 20151219-005632-50331658-5050-15921-0000
I1219 01:03:10.535369 20918 slave.cpp:2508] Handling status update TASK_STARTING (UUID: 2a5e6e87-31f1-4036-b89e-adb09a5c168b) for task 1450486980220-www-data-devel-job19-0-23393c06-557d-4cec-9301-e15b0fd049e4 of framework 20151219-005632-50331658-5050-15921-0000 from executor(1)@10.0.0.6:36124
I1219 01:03:10.535522 20922 status_update_manager.cpp:317] Received status update TASK_STARTING (UUID: 2a5e6e87-31f1-4036-b89e-adb09a5c168b) for task 1450486980220-www-data-devel-job19-0-23393c06-557d-4cec-9301-e15b0fd049e4 of framework 20151219-005632-50331658-5050-15921-0000
I1219 01:03:10.535878 20922 status_update_manager.hpp:346] Checkpointing UPDATE for status update TASK_STARTING (UUID: 2a5e6e87-31f1-4036-b89e-adb09a5c168b) for task 1450486980220-www-data-devel-job19-0-23393c06-557d-4cec-9301-e15b0fd049e4 of framework 20151219-005632-50331658-5050-15921-0000
I1219 01:03:10.540079 20933 slave.cpp:2753] Forwarding the update TASK_STARTING (UUID: 2a5e6e87-31f1-4036-b89e-adb09a5c168b) for task 1450486980220-www-data-devel-job19-0-23393c06-557d-4cec-9301-e15b0fd049e4 of framework 20151219-005632-50331658-5050-15921-0000 to master@10.0.0.3:5050
I1219 01:03:10.540205 20933 slave.cpp:2686] Sending acknowledgement for status update TASK_STARTING (UUID: 2a5e6e87-31f1-4036-b89e-adb09a5c168b) for task 1450486980220-www-data-devel-job19-0-23393c06-557d-4cec-9301-e15b0fd049e4 of framework 20151219-005632-50331658-5050-15921-0000 to executor(1)@10.0.0.6:36124
I1219 01:03:10.549193 20918 status_update_manager.cpp:389] Received status update acknowledgement (UUID: 2a5e6e87-31f1-4036-b89e-adb09a5c168b) for task 1450486980220-www-data-devel-job19-0-23393c06-557d-4cec-9301-e15b0fd049e4 of framework 20151219-005632-50331658-5050-15921-0000
I1219 01:03:10.549227 20918 status_update_manager.hpp:346] Checkpointing ACK for status update TASK_STARTING (UUID: 2a5e6e87-31f1-4036-b89e-adb09a5c168b) for task 1450486980220-www-data-devel-job19-0-23393c06-557d-4cec-9301-e15b0fd049e4 of framework 20151219-005632-50331658-5050-15921-0000
I1219 01:03:11.116600 20924 slave.cpp:2508] Handling status update TASK_RUNNING (UUID: 3f116aa5-d9cf-4556-9c15-0771ab3a3e18) for task 1450486980220-www-data-devel-job19-0-23393c06-557d-4cec-9301-e15b0fd049e4 of framework 20151219-005632-50331658-5050-15921-0000 from executor(1)@10.0.0.6:36124
I1219 01:03:11.116758 20924 status_update_manager.cpp:317] Received status update TASK_RUNNING (UUID: 3f116aa5-d9cf-4556-9c15-0771ab3a3e18) for task 1450486980220-www-data-devel-job19-0-23393c06-557d-4cec-9301-e15b0fd049e4 of framework 20151219-005632-50331658-5050-15921-0000
I1219 01:03:11.116785 20924 status_update_manager.hpp:346] Checkpointing UPDATE for status update TASK_RUNNING (UUID: 3f116aa5-d9cf-4556-9c15-0771ab3a3e18) for task 1450486980220-www-data-devel-job19-0-23393c06-557d-4cec-9301-e15b0fd049e4 of framework 20151219-005632-50331658-5050-15921-0000
I1219 01:03:11.120931 20932 slave.cpp:2753] Forwarding the update TASK_RUNNING (UUID: 3f116aa5-d9cf-4556-9c15-0771ab3a3e18) for task 1450486980220-www-data-devel-job19-0-23393c06-557d-4cec-9301-e15b0fd049e4 of framework 20151219-005632-50331658-5050-15921-0000 to master@10.0.0.3:5050
I1219 01:03:11.121049 20932 slave.cpp:2686] Sending acknowledgement for status update TASK_RUNNING (UUID: 3f116aa5-d9cf-4556-9c15-0771ab3a3e18) for task 1450486980220-www-data-devel-job19-0-23393c06-557d-4cec-9301-e15b0fd049e4 of framework 20151219-005632-50331658-5050-15921-0000 to executor(1)@10.0.0.6:36124
I1219 01:03:11.130033 20924 status_update_manager.cpp:389] Received status update acknowledgement (UUID: 3f116aa5-d9cf-4556-9c15-0771ab3a3e18) for task 1450486980220-www-data-devel-job19-0-23393c06-557d-4cec-9301-e15b0fd049e4 of framework 20151219-005632-50331658-5050-15921-0000
I1219 01:03:11.130074 20924 status_update_manager.hpp:346] Checkpointing ACK for status update TASK_RUNNING (UUID: 3f116aa5-d9cf-4556-9c15-0771ab3a3e18) for task 1450486980220-www-data-devel-job19-0-23393c06-557d-4cec-9301-e15b0fd049e4 of framework 20151219-005632-50331658-5050-15921-0000
I1219 01:03:12.131379 20922 slave.cpp:2508] Handling status update TASK_FINISHED (UUID: e6e9ad6e-1211-404a-9978-6c33aea579b3) for task 1450486980378-www-data-devel-job10-0-eefb82a8-1c53-4d11-b5b0-6be2aca29d14 of framework 20151219-005632-50331658-5050-15921-0000 from executor(1)@10.0.0.6:35852
I1219 01:03:12.131881 20924 status_update_manager.cpp:317] Received status update TASK_FINISHED (UUID: e6e9ad6e-1211-404a-9978-6c33aea579b3) for task 1450486980378-www-data-devel-job10-0-eefb82a8-1c53-4d11-b5b0-6be2aca29d14 of framework 20151219-005632-50331658-5050-15921-0000
I1219 01:03:12.131932 20924 status_update_manager.hpp:346] Checkpointing UPDATE for status update TASK_FINISHED (UUID: e6e9ad6e-1211-404a-9978-6c33aea579b3) for task 1450486980378-www-data-devel-job10-0-eefb82a8-1c53-4d11-b5b0-6be2aca29d14 of framework 20151219-005632-50331658-5050-15921-0000
I1219 01:03:12.136664 20929 slave.cpp:2753] Forwarding the update TASK_FINISHED (UUID: e6e9ad6e-1211-404a-9978-6c33aea579b3) for task 1450486980378-www-data-devel-job10-0-eefb82a8-1c53-4d11-b5b0-6be2aca29d14 of framework 20151219-005632-50331658-5050-15921-0000 to master@10.0.0.3:5050
I1219 01:03:12.136821 20929 slave.cpp:2686] Sending acknowledgement for status update TASK_FINISHED (UUID: e6e9ad6e-1211-404a-9978-6c33aea579b3) for task 1450486980378-www-data-devel-job10-0-eefb82a8-1c53-4d11-b5b0-6be2aca29d14 of framework 20151219-005632-50331658-5050-15921-0000 to executor(1)@10.0.0.6:35852
I1219 01:03:12.146209 20924 status_update_manager.cpp:389] Received status update acknowledgement (UUID: e6e9ad6e-1211-404a-9978-6c33aea579b3) for task 1450486980378-www-data-devel-job10-0-eefb82a8-1c53-4d11-b5b0-6be2aca29d14 of framework 20151219-005632-50331658-5050-15921-0000
I1219 01:03:12.146287 20924 status_update_manager.hpp:346] Checkpointing ACK for status update TASK_FINISHED (UUID: e6e9ad6e-1211-404a-9978-6c33aea579b3) for task 1450486980378-www-data-devel-job10-0-eefb82a8-1c53-4d11-b5b0-6be2aca29d14 of framework 20151219-005632-50331658-5050-15921-0000
I1219 01:03:12.260237 20924 slave.cpp:2508] Handling status update TASK_FINISHED (UUID: 0c6f60a3-455e-4556-9c4d-e25a945dee6a) for task 1450486980220-www-data-devel-job19-0-23393c06-557d-4cec-9301-e15b0fd049e4 of framework 20151219-005632-50331658-5050-15921-0000 from executor(1)@10.0.0.6:36124
I1219 01:03:12.260999 20920 status_update_manager.cpp:317] Received status update TASK_FINISHED (UUID: 0c6f60a3-455e-4556-9c4d-e25a945dee6a) for task 1450486980220-www-data-devel-job19-0-23393c06-557d-4cec-9301-e15b0fd049e4 of framework 20151219-005632-50331658-5050-15921-0000
I1219 01:03:12.261054 20920 status_update_manager.hpp:346] Checkpointing UPDATE for status update TASK_FINISHED (UUID: 0c6f60a3-455e-4556-9c4d-e25a945dee6a) for task 1450486980220-www-data-devel-job19-0-23393c06-557d-4cec-9301-e15b0fd049e4 of framework 20151219-005632-50331658-5050-15921-0000
I1219 01:03:12.265100 20928 slave.cpp:2753] Forwarding the update TASK_FINISHED (UUID: 0c6f60a3-455e-4556-9c4d-e25a945dee6a) for task 1450486980220-www-data-devel-job19-0-23393c06-557d-4cec-9301-e15b0fd049e4 of framework 20151219-005632-50331658-5050-15921-0000 to master@10.0.0.3:5050
I1219 01:03:12.265211 20928 slave.cpp:2686] Sending acknowledgement for status update TASK_FINISHED (UUID: 0c6f60a3-455e-4556-9c4d-e25a945dee6a) for task 1450486980220-www-data-devel-job19-0-23393c06-557d-4cec-9301-e15b0fd049e4 of framework 20151219-005632-50331658-5050-15921-0000 to executor(1)@10.0.0.6:36124
I1219 01:03:12.273943 20920 status_update_manager.cpp:389] Received status update acknowledgement (UUID: 0c6f60a3-455e-4556-9c4d-e25a945dee6a) for task 1450486980220-www-data-devel-job19-0-23393c06-557d-4cec-9301-e15b0fd049e4 of framework 20151219-005632-50331658-5050-15921-0000
I1219 01:03:12.274000 20920 status_update_manager.hpp:346] Checkpointing ACK for status update TASK_FINISHED (UUID: 0c6f60a3-455e-4556-9c4d-e25a945dee6a) for task 1450486980220-www-data-devel-job19-0-23393c06-557d-4cec-9301-e15b0fd049e4 of framework 20151219-005632-50331658-5050-15921-0000
I1219 01:03:13.722126 20921 containerizer.cpp:1111] Executor for container 'ff447fa7-9470-48aa-9f7b-d52f888edbcd' has exited
I1219 01:03:13.722214 20921 containerizer.cpp:906] Destroying container 'ff447fa7-9470-48aa-9f7b-d52f888edbcd'
I1219 01:03:13.723801 20924 slave.cpp:3193] Executor 'thermos-1450486980017-www-data-devel-job29-0-77f74fff-9641-4d38-bbb1-bf641b4c4d34' of framework 20151219-005632-50331658-5050-15921-0000 exited with status 0
I1219 01:03:13.723922 20924 slave.cpp:3302] Cleaning up executor 'thermos-1450486980017-www-data-devel-job29-0-77f74fff-9641-4d38-bbb1-bf641b4c4d34' of framework 20151219-005632-50331658-5050-15921-0000
I1219 01:03:13.724208 20932 gc.cpp:56] Scheduling '/var/lib/mesos/slave/slaves/20151219-005632-50331658-5050-15921-S0/frameworks/20151219-005632-50331658-5050-15921-0000/executors/thermos-1450486980017-www-data-devel-job29-0-77f74fff-9641-4d38-bbb1-bf641b4c4d34/runs/ff447fa7-9470-48aa-9f7b-d52f888edbcd' for gc 6.99999161850667days in the future
I1219 01:03:13.724257 20932 gc.cpp:56] Scheduling '/var/lib/mesos/slave/slaves/20151219-005632-50331658-5050-15921-S0/frameworks/20151219-005632-50331658-5050-15921-0000/executors/thermos-1450486980017-www-data-devel-job29-0-77f74fff-9641-4d38-bbb1-bf641b4c4d34' for gc 6.99999161766222days in the future
I1219 01:03:13.724357 20926 gc.cpp:56] Scheduling '/var/lib/mesos/slave/meta/slaves/20151219-005632-50331658-5050-15921-S0/frameworks/20151219-005632-50331658-5050-15921-0000/executors/thermos-1450486980017-www-data-devel-job29-0-77f74fff-9641-4d38-bbb1-bf641b4c4d34/runs/ff447fa7-9470-48aa-9f7b-d52f888edbcd' for gc 6.99999161682667days in the future
I1219 01:03:13.724424 20926 gc.cpp:56] Scheduling '/var/lib/mesos/slave/meta/slaves/20151219-005632-50331658-5050-15921-S0/frameworks/20151219-005632-50331658-5050-15921-0000/executors/thermos-1450486980017-www-data-devel-job29-0-77f74fff-9641-4d38-bbb1-bf641b4c4d34' for gc 6.99999161573926days in the future
I1219 01:03:17.239095 20927 containerizer.cpp:1111] Executor for container '9838bf03-9b54-4e4d-88d8-e1950d117902' has exited
I1219 01:03:17.239181 20927 containerizer.cpp:906] Destroying container '9838bf03-9b54-4e4d-88d8-e1950d117902'
I1219 01:03:17.240506 20927 slave.cpp:3193] Executor 'thermos-1450486980378-www-data-devel-job10-0-eefb82a8-1c53-4d11-b5b0-6be2aca29d14' of framework 20151219-005632-50331658-5050-15921-0000 exited with status 0
I1219 01:03:17.240602 20927 slave.cpp:3302] Cleaning up executor 'thermos-1450486980378-www-data-devel-job10-0-eefb82a8-1c53-4d11-b5b0-6be2aca29d14' of framework 20151219-005632-50331658-5050-15921-0000
I1219 01:03:17.240859 20932 gc.cpp:56] Scheduling '/var/lib/mesos/slave/slaves/20151219-005632-50331658-5050-15921-S0/frameworks/20151219-005632-50331658-5050-15921-0000/executors/thermos-1450486980378-www-data-devel-job10-0-eefb82a8-1c53-4d11-b5b0-6be2aca29d14/runs/9838bf03-9b54-4e4d-88d8-e1950d117902' for gc 6.99999721276444days in the future
I1219 01:03:17.240918 20932 gc.cpp:56] Scheduling '/var/lib/mesos/slave/slaves/20151219-005632-50331658-5050-15921-S0/frameworks/20151219-005632-50331658-5050-15921-0000/executors/thermos-1450486980378-www-data-devel-job10-0-eefb82a8-1c53-4d11-b5b0-6be2aca29d14' for gc 6.99999721196741days in the future
I1219 01:03:17.241006 20929 gc.cpp:56] Scheduling '/var/lib/mesos/slave/meta/slaves/20151219-005632-50331658-5050-15921-S0/frameworks/20151219-005632-50331658-5050-15921-0000/executors/thermos-1450486980378-www-data-devel-job10-0-eefb82a8-1c53-4d11-b5b0-6be2aca29d14/runs/9838bf03-9b54-4e4d-88d8-e1950d117902' for gc 6.99999721116741days in the future
I1219 01:03:17.241101 20929 gc.cpp:56] Scheduling '/var/lib/mesos/slave/meta/slaves/20151219-005632-50331658-5050-15921-S0/frameworks/20151219-005632-50331658-5050-15921-0000/executors/thermos-1450486980378-www-data-devel-job10-0-eefb82a8-1c53-4d11-b5b0-6be2aca29d14' for gc 6.99999721020741days in the future
I1219 01:03:17.339706 20924 containerizer.cpp:1111] Executor for container '7d7fa596-9221-405a-89b7-fa28e12a2ea9' has exited
I1219 01:03:17.339751 20924 containerizer.cpp:906] Destroying container '7d7fa596-9221-405a-89b7-fa28e12a2ea9'
I1219 01:03:17.341101 20933 slave.cpp:3193] Executor 'thermos-1450486980220-www-data-devel-job19-0-23393c06-557d-4cec-9301-e15b0fd049e4' of framework 20151219-005632-50331658-5050-15921-0000 exited with status 0
I1219 01:03:17.341228 20933 slave.cpp:3302] Cleaning up executor 'thermos-1450486980220-www-data-devel-job19-0-23393c06-557d-4cec-9301-e15b0fd049e4' of framework 20151219-005632-50331658-5050-15921-0000
I1219 01:03:17.341469 20927 gc.cpp:56] Scheduling '/var/lib/mesos/slave/slaves/20151219-005632-50331658-5050-15921-S0/frameworks/20151219-005632-50331658-5050-15921-0000/executors/thermos-1450486980220-www-data-devel-job19-0-23393c06-557d-4cec-9301-e15b0fd049e4/runs/7d7fa596-9221-405a-89b7-fa28e12a2ea9' for gc 6.99999604828741days in the future
I1219 01:03:17.341517 20927 gc.cpp:56] Scheduling '/var/lib/mesos/slave/slaves/20151219-005632-50331658-5050-15921-S0/frameworks/20151219-005632-50331658-5050-15921-0000/executors/thermos-1450486980220-www-data-devel-job19-0-23393c06-557d-4cec-9301-e15b0fd049e4' for gc 6.99999604755852days in the future
I1219 01:03:17.341603 20932 gc.cpp:56] Scheduling '/var/lib/mesos/slave/meta/slaves/20151219-005632-50331658-5050-15921-S0/frameworks/20151219-005632-50331658-5050-15921-0000/executors/thermos-1450486980220-www-data-devel-job19-0-23393c06-557d-4cec-9301-e15b0fd049e4/runs/7d7fa596-9221-405a-89b7-fa28e12a2ea9' for gc 6.99999604673481days in the future
I1219 01:03:17.341639 20933 slave.cpp:3381] Cleaning up framework 20151219-005632-50331658-5050-15921-0000
I1219 01:03:17.341677 20932 gc.cpp:56] Scheduling '/var/lib/mesos/slave/meta/slaves/20151219-005632-50331658-5050-15921-S0/frameworks/20151219-005632-50331658-5050-15921-0000/executors/thermos-1450486980220-www-data-devel-job19-0-23393c06-557d-4cec-9301-e15b0fd049e4' for gc 6.99999604593778days in the future
I1219 01:03:17.341773 20929 status_update_manager.cpp:279] Closing status update streams for framework 20151219-005632-50331658-5050-15921-0000
I1219 01:03:17.341876 20930 gc.cpp:56] Scheduling '/var/lib/mesos/slave/slaves/20151219-005632-50331658-5050-15921-S0/frameworks/20151219-005632-50331658-5050-15921-0000' for gc 6.99999604383111days in the future
I1219 01:03:17.341923 20930 gc.cpp:56] Scheduling '/var/lib/mesos/slave/meta/slaves/20151219-005632-50331658-5050-15921-S0/frameworks/20151219-005632-50331658-5050-15921-0000' for gc 6.99999604291556days in the future
I1219 01:03:17.816197 20928 slave.cpp:3534] Framework 20151219-005632-50331658-5050-15921-0000 seems to have exited. Ignoring registration timeout for executor 'thermos-1450486920040-www-data-devel-job15-0-8b6c4a8c-215a-4fc2-8be8-b2d3e2b2e684'
I1219 01:03:17.877425 20921 slave.cpp:1121] Got assigned task 1450486980067-www-data-devel-job15-0-d668a00c-6273-449a-9d56-325a5fae0f75 for framework 20151219-005632-50331658-5050-15921-0000
I1219 01:03:17.879494 20921 gc.cpp:84] Unscheduling '/var/lib/mesos/slave/slaves/20151219-005632-50331658-5050-15921-S0/frameworks/20151219-005632-50331658-5050-15921-0000' from gc
I1219 01:03:17.879606 20921 gc.cpp:84] Unscheduling '/var/lib/mesos/slave/meta/slaves/20151219-005632-50331658-5050-15921-S0/frameworks/20151219-005632-50331658-5050-15921-0000' from gc
I1219 01:03:17.879703 20930 slave.cpp:1231] Launching task 1450486980067-www-data-devel-job15-0-d668a00c-6273-449a-9d56-325a5fae0f75 for framework 20151219-005632-50331658-5050-15921-0000
I1219 01:03:17.882617 20930 slave.cpp:4160] Launching executor thermos-1450486980067-www-data-devel-job15-0-d668a00c-6273-449a-9d56-325a5fae0f75 of framework 20151219-005632-50331658-5050-15921-0000 in work directory '/var/lib/mesos/slave/slaves/20151219-005632-50331658-5050-15921-S0/frameworks/20151219-005632-50331658-5050-15921-0000/executors/thermos-1450486980067-www-data-devel-job15-0-d668a00c-6273-449a-9d56-325a5fae0f75/runs/8efcb5a2-5fb2-4b0c-8896-374790f8a17d'
I1219 01:03:17.882783 20923 containerizer.cpp:472] Starting container '8efcb5a2-5fb2-4b0c-8896-374790f8a17d' for executor 'thermos-1450486980067-www-data-devel-job15-0-d668a00c-6273-449a-9d56-325a5fae0f75' of framework '20151219-005632-50331658-5050-15921-0000'
I1219 01:03:17.884052 20930 slave.cpp:1378] Queuing task '1450486980067-www-data-devel-job15-0-d668a00c-6273-449a-9d56-325a5fae0f75' for executor thermos-1450486980067-www-data-devel-job15-0-d668a00c-6273-449a-9d56-325a5fae0f75 of framework '20151219-005632-50331658-5050-15921-0000
I1219 01:03:17.884186 20923 launcher.cpp:130] Forked child with pid '22319' for container '8efcb5a2-5fb2-4b0c-8896-374790f8a17d'
I1219 01:03:17.884302 20923 containerizer.cpp:682] Checkpointing executor's forked pid 22319 to '/var/lib/mesos/slave/meta/slaves/20151219-005632-50331658-5050-15921-S0/frameworks/20151219-005632-50331658-5050-15921-0000/executors/thermos-1450486980067-www-data-devel-job15-0-d668a00c-6273-449a-9d56-325a5fae0f75/runs/8efcb5a2-5fb2-4b0c-8896-374790f8a17d/pids/forked.pid'
I1219 01:03:17.887670 20918 fetcher.cpp:238] Fetching URIs using command '/usr/libexec/mesos/mesos-fetcher'
I1219 01:03:17.942299 20918 slave.cpp:3135] Monitoring executor 'thermos-1450486980067-www-data-devel-job15-0-d668a00c-6273-449a-9d56-325a5fae0f75' of framework '20151219-005632-50331658-5050-15921-0000' in container '8efcb5a2-5fb2-4b0c-8896-374790f8a17d'
I1219 01:03:18.464393 20927 slave.cpp:2141] Got registration for executor 'thermos-1450486980067-www-data-devel-job15-0-d668a00c-6273-449a-9d56-325a5fae0f75' of framework 20151219-005632-50331658-5050-15921-0000 from executor(1)@10.0.0.6:33427
I1219 01:03:18.481652 20923 slave.cpp:1532] Sending queued task '1450486980067-www-data-devel-job15-0-d668a00c-6273-449a-9d56-325a5fae0f75' to executor 'thermos-1450486980067-www-data-devel-job15-0-d668a00c-6273-449a-9d56-325a5fae0f75' of framework 20151219-005632-50331658-5050-15921-0000
I1219 01:03:18.488641 20918 slave.cpp:2508] Handling status update TASK_STARTING (UUID: 0bc2c0a7-be3e-44aa-94d5-4e4e48c22934) for task 1450486980067-www-data-devel-job15-0-d668a00c-6273-449a-9d56-325a5fae0f75 of framework 20151219-005632-50331658-5050-15921-0000 from executor(1)@10.0.0.6:33427
I1219 01:03:18.488860 20927 status_update_manager.cpp:317] Received status update TASK_STARTING (UUID: 0bc2c0a7-be3e-44aa-94d5-4e4e48c22934) for task 1450486980067-www-data-devel-job15-0-d668a00c-6273-449a-9d56-325a5fae0f75 of framework 20151219-005632-50331658-5050-15921-0000
I1219 01:03:18.489248 20927 status_update_manager.hpp:346] Checkpointing UPDATE for status update TASK_STARTING (UUID: 0bc2c0a7-be3e-44aa-94d5-4e4e48c22934) for task 1450486980067-www-data-devel-job15-0-d668a00c-6273-449a-9d56-325a5fae0f75 of framework 20151219-005632-50331658-5050-15921-0000
I1219 01:03:18.493258 20921 slave.cpp:2753] Forwarding the update TASK_STARTING (UUID: 0bc2c0a7-be3e-44aa-94d5-4e4e48c22934) for task 1450486980067-www-data-devel-job15-0-d668a00c-6273-449a-9d56-325a5fae0f75 of framework 20151219-005632-50331658-5050-15921-0000 to master@10.0.0.3:5050
I1219 01:03:18.493430 20921 slave.cpp:2686] Sending acknowledgement for status update TASK_STARTING (UUID: 0bc2c0a7-be3e-44aa-94d5-4e4e48c22934) for task 1450486980067-www-data-devel-job15-0-d668a00c-6273-449a-9d56-325a5fae0f75 of framework 20151219-005632-50331658-5050-15921-0000 to executor(1)@10.0.0.6:33427
I1219 01:03:18.501523 20922 status_update_manager.cpp:389] Received status update acknowledgement (UUID: 0bc2c0a7-be3e-44aa-94d5-4e4e48c22934) for task 1450486980067-www-data-devel-job15-0-d668a00c-6273-449a-9d56-325a5fae0f75 of framework 20151219-005632-50331658-5050-15921-0000
I1219 01:03:18.501607 20922 status_update_manager.hpp:346] Checkpointing ACK for status update TASK_STARTING (UUID: 0bc2c0a7-be3e-44aa-94d5-4e4e48c22934) for task 1450486980067-www-data-devel-job15-0-d668a00c-6273-449a-9d56-325a5fae0f75 of framework 20151219-005632-50331658-5050-15921-0000
I1219 01:03:19.073581 20932 slave.cpp:2508] Handling status update TASK_RUNNING (UUID: f52ec067-744b-4906-8adf-0848d23ccdd7) for task 1450486980067-www-data-devel-job15-0-d668a00c-6273-449a-9d56-325a5fae0f75 of framework 20151219-005632-50331658-5050-15921-0000 from executor(1)@10.0.0.6:33427
I1219 01:03:19.073748 20924 status_update_manager.cpp:317] Received status update TASK_RUNNING (UUID: f52ec067-744b-4906-8adf-0848d23ccdd7) for task 1450486980067-www-data-devel-job15-0-d668a00c-6273-449a-9d56-325a5fae0f75 of framework 20151219-005632-50331658-5050-15921-0000
I1219 01:03:19.073834 20924 status_update_manager.hpp:346] Checkpointing UPDATE for status update TASK_RUNNING (UUID: f52ec067-744b-4906-8adf-0848d23ccdd7) for task 1450486980067-www-data-devel-job15-0-d668a00c-6273-449a-9d56-325a5fae0f75 of framework 20151219-005632-50331658-5050-15921-0000
I1219 01:03:19.077785 20932 slave.cpp:2753] Forwarding the update TASK_RUNNING (UUID: f52ec067-744b-4906-8adf-0848d23ccdd7) for task 1450486980067-www-data-devel-job15-0-d668a00c-6273-449a-9d56-325a5fae0f75 of framework 20151219-005632-50331658-5050-15921-0000 to master@10.0.0.3:5050
I1219 01:03:19.077901 20932 slave.cpp:2686] Sending acknowledgement for status update TASK_RUNNING (UUID: f52ec067-744b-4906-8adf-0848d23ccdd7) for task 1450486980067-www-data-devel-job15-0-d668a00c-6273-449a-9d56-325a5fae0f75 of framework 20151219-005632-50331658-5050-15921-0000 to executor(1)@10.0.0.6:33427
I1219 01:03:19.094677 20920 status_update_manager.cpp:389] Received status update acknowledgement (UUID: f52ec067-744b-4906-8adf-0848d23ccdd7) for task 1450486980067-www-data-devel-job15-0-d668a00c-6273-449a-9d56-325a5fae0f75 of framework 20151219-005632-50331658-5050-15921-0000
I1219 01:03:19.094745 20920 status_update_manager.hpp:346] Checkpointing ACK for status update TASK_RUNNING (UUID: f52ec067-744b-4906-8adf-0848d23ccdd7) for task 1450486980067-www-data-devel-job15-0-d668a00c-6273-449a-9d56-325a5fae0f75 of framework 20151219-005632-50331658-5050-15921-0000
I1219 01:03:29.229863 20924 slave.cpp:2508] Handling status update TASK_FINISHED (UUID: 929d3882-8dad-42b8-9284-85d2a1c993b7) for task 1450486980067-www-data-devel-job15-0-d668a00c-6273-449a-9d56-325a5fae0f75 of framework 20151219-005632-50331658-5050-15921-0000 from executor(1)@10.0.0.6:33427
I1219 01:03:29.230392 20927 status_update_manager.cpp:317] Received status update TASK_FINISHED (UUID: 929d3882-8dad-42b8-9284-85d2a1c993b7) for task 1450486980067-www-data-devel-job15-0-d668a00c-6273-449a-9d56-325a5fae0f75 of framework 20151219-005632-50331658-5050-15921-0000
I1219 01:03:29.230449 20927 status_update_manager.hpp:346] Checkpointing UPDATE for status update TASK_FINISHED (UUID: 929d3882-8dad-42b8-9284-85d2a1c993b7) for task 1450486980067-www-data-devel-job15-0-d668a00c-6273-449a-9d56-325a5fae0f75 of framework 20151219-005632-50331658-5050-15921-0000
I1219 01:03:29.234863 20930 slave.cpp:2753] Forwarding the update TASK_FINISHED (UUID: 929d3882-8dad-42b8-9284-85d2a1c993b7) for task 1450486980067-www-data-devel-job15-0-d668a00c-6273-449a-9d56-325a5fae0f75 of framework 20151219-005632-50331658-5050-15921-0000 to master@10.0.0.3:5050
I1219 01:03:29.235002 20930 slave.cpp:2686] Sending acknowledgement for status update TASK_FINISHED (UUID: 929d3882-8dad-42b8-9284-85d2a1c993b7) for task 1450486980067-www-data-devel-job15-0-d668a00c-6273-449a-9d56-325a5fae0f75 of framework 20151219-005632-50331658-5050-15921-0000 to executor(1)@10.0.0.6:33427
I1219 01:03:29.246733 20920 status_update_manager.cpp:389] Received status update acknowledgement (UUID: 929d3882-8dad-42b8-9284-85d2a1c993b7) for task 1450486980067-www-data-devel-job15-0-d668a00c-6273-449a-9d56-325a5fae0f75 of framework 20151219-005632-50331658-5050-15921-0000
I1219 01:03:29.246844 20920 status_update_manager.hpp:346] Checkpointing ACK for status update TASK_FINISHED (UUID: 929d3882-8dad-42b8-9284-85d2a1c993b7) for task 1450486980067-www-data-devel-job15-0-d668a00c-6273-449a-9d56-325a5fae0f75 of framework 20151219-005632-50331658-5050-15921-0000
I1219 01:03:32.464207 20929 slave.cpp:3618] Current disk usage 72.37%. Max allowed age: 1.233848782088148days
I1219 01:03:34.311194 20923 slave.cpp:1121] Got assigned task 1450486980077-www-data-devel-job4-0-90d4b59c-e20f-4265-8306-74737a619fc2 for framework 20151219-005632-50331658-5050-15921-0000
I1219 01:03:34.311457 20923 slave.cpp:1231] Launching task 1450486980077-www-data-devel-job4-0-90d4b59c-e20f-4265-8306-74737a619fc2 for framework 20151219-005632-50331658-5050-15921-0000
I1219 01:03:34.314698 20923 slave.cpp:4160] Launching executor thermos-1450486980077-www-data-devel-job4-0-90d4b59c-e20f-4265-8306-74737a619fc2 of framework 20151219-005632-50331658-5050-15921-0000 in work directory '/var/lib/mesos/slave/slaves/20151219-005632-50331658-5050-15921-S0/frameworks/20151219-005632-50331658-5050-15921-0000/executors/thermos-1450486980077-www-data-devel-job4-0-90d4b59c-e20f-4265-8306-74737a619fc2/runs/271061bf-91e7-481d-8b62-5743352efcbf'
I1219 01:03:34.314862 20929 containerizer.cpp:472] Starting container '271061bf-91e7-481d-8b62-5743352efcbf' for executor 'thermos-1450486980077-www-data-devel-job4-0-90d4b59c-e20f-4265-8306-74737a619fc2' of framework '20151219-005632-50331658-5050-15921-0000'
I1219 01:03:34.315593 20923 slave.cpp:1378] Queuing task '1450486980077-www-data-devel-job4-0-90d4b59c-e20f-4265-8306-74737a619fc2' for executor thermos-1450486980077-www-data-devel-job4-0-90d4b59c-e20f-4265-8306-74737a619fc2 of framework '20151219-005632-50331658-5050-15921-0000
I1219 01:03:34.316514 20929 launcher.cpp:130] Forked child with pid '22376' for container '271061bf-91e7-481d-8b62-5743352efcbf'
I1219 01:03:34.317227 20929 containerizer.cpp:682] Checkpointing executor's forked pid 22376 to '/var/lib/mesos/slave/meta/slaves/20151219-005632-50331658-5050-15921-S0/frameworks/20151219-005632-50331658-5050-15921-0000/executors/thermos-1450486980077-www-data-devel-job4-0-90d4b59c-e20f-4265-8306-74737a619fc2/runs/271061bf-91e7-481d-8b62-5743352efcbf/pids/forked.pid'
I1219 01:03:34.317962 20929 containerizer.cpp:1111] Executor for container '8efcb5a2-5fb2-4b0c-8896-374790f8a17d' has exited
I1219 01:03:34.318039 20929 containerizer.cpp:906] Destroying container '8efcb5a2-5fb2-4b0c-8896-374790f8a17d'
I1219 01:03:34.320236 20927 slave.cpp:3193] Executor 'thermos-1450486980067-www-data-devel-job15-0-d668a00c-6273-449a-9d56-325a5fae0f75' of framework 20151219-005632-50331658-5050-15921-0000 exited with status 0
I1219 01:03:34.320492 20927 slave.cpp:3302] Cleaning up executor 'thermos-1450486980067-www-data-devel-job15-0-d668a00c-6273-449a-9d56-325a5fae0f75' of framework 20151219-005632-50331658-5050-15921-0000
I1219 01:03:34.320885 20932 gc.cpp:56] Scheduling '/var/lib/mesos/slave/slaves/20151219-005632-50331658-5050-15921-S0/frameworks/20151219-005632-50331658-5050-15921-0000/executors/thermos-1450486980067-www-data-devel-job15-0-d668a00c-6273-449a-9d56-325a5fae0f75/runs/8efcb5a2-5fb2-4b0c-8896-374790f8a17d' for gc 6.99999628673481days in the future
I1219 01:03:34.321029 20932 gc.cpp:56] Scheduling '/var/lib/mesos/slave/slaves/20151219-005632-50331658-5050-15921-S0/frameworks/20151219-005632-50331658-5050-15921-0000/executors/thermos-1450486980067-www-data-devel-job15-0-d668a00c-6273-449a-9d56-325a5fae0f75' for gc 6.99999628555556days in the future
I1219 01:03:34.321076 20932 gc.cpp:56] Scheduling '/var/lib/mesos/slave/meta/slaves/20151219-005632-50331658-5050-15921-S0/frameworks/20151219-005632-50331658-5050-15921-0000/executors/thermos-1450486980067-www-data-devel-job15-0-d668a00c-6273-449a-9d56-325a5fae0f75/runs/8efcb5a2-5fb2-4b0c-8896-374790f8a17d' for gc 6.99999628434074days in the future
I1219 01:03:34.321154 20932 gc.cpp:56] Scheduling '/var/lib/mesos/slave/meta/slaves/20151219-005632-50331658-5050-15921-S0/frameworks/20151219-005632-50331658-5050-15921-0000/executors/thermos-1450486980067-www-data-devel-job15-0-d668a00c-6273-449a-9d56-325a5fae0f75' for gc 6.9999962834963days in the future
I1219 01:03:34.322167 20931 fetcher.cpp:238] Fetching URIs using command '/usr/libexec/mesos/mesos-fetcher'
I1219 01:03:34.417152 20922 slave.cpp:3135] Monitoring executor 'thermos-1450486980077-www-data-devel-job4-0-90d4b59c-e20f-4265-8306-74737a619fc2' of framework '20151219-005632-50331658-5050-15921-0000' in container '271061bf-91e7-481d-8b62-5743352efcbf'
I1219 01:03:34.922121 20922 slave.cpp:2141] Got registration for executor 'thermos-1450486980077-www-data-devel-job4-0-90d4b59c-e20f-4265-8306-74737a619fc2' of framework 20151219-005632-50331658-5050-15921-0000 from executor(1)@10.0.0.6:47552
I1219 01:03:34.927573 20920 slave.cpp:1532] Sending queued task '1450486980077-www-data-devel-job4-0-90d4b59c-e20f-4265-8306-74737a619fc2' to executor 'thermos-1450486980077-www-data-devel-job4-0-90d4b59c-e20f-4265-8306-74737a619fc2' of framework 20151219-005632-50331658-5050-15921-0000
I1219 01:03:34.933243 20928 slave.cpp:2508] Handling status update TASK_STARTING (UUID: e68d7c6f-2452-418f-b597-3c641a6c6b24) for task 1450486980077-www-data-devel-job4-0-90d4b59c-e20f-4265-8306-74737a619fc2 of framework 20151219-005632-50331658-5050-15921-0000 from executor(1)@10.0.0.6:47552
I1219 01:03:34.933390 20933 status_update_manager.cpp:317] Received status update TASK_STARTING (UUID: e68d7c6f-2452-418f-b597-3c641a6c6b24) for task 1450486980077-www-data-devel-job4-0-90d4b59c-e20f-4265-8306-74737a619fc2 of framework 20151219-005632-50331658-5050-15921-0000
I1219 01:03:34.933732 20933 status_update_manager.hpp:346] Checkpointing UPDATE for status update TASK_STARTING (UUID: e68d7c6f-2452-418f-b597-3c641a6c6b24) for task 1450486980077-www-data-devel-job4-0-90d4b59c-e20f-4265-8306-74737a619fc2 of framework 20151219-005632-50331658-5050-15921-0000
I1219 01:03:34.938565 20928 slave.cpp:2753] Forwarding the update TASK_STARTING (UUID: e68d7c6f-2452-418f-b597-3c641a6c6b24) for task 1450486980077-www-data-devel-job4-0-90d4b59c-e20f-4265-8306-74737a619fc2 of framework 20151219-005632-50331658-5050-15921-0000 to master@10.0.0.3:5050
I1219 01:03:34.938683 20928 slave.cpp:2686] Sending acknowledgement for status update TASK_STARTING (UUID: e68d7c6f-2452-418f-b597-3c641a6c6b24) for task 1450486980077-www-data-devel-job4-0-90d4b59c-e20f-4265-8306-74737a619fc2 of framework 20151219-005632-50331658-5050-15921-0000 to executor(1)@10.0.0.6:47552
I1219 01:03:34.948735 20918 status_update_manager.cpp:389] Received status update acknowledgement (UUID: e68d7c6f-2452-418f-b597-3c641a6c6b24) for task 1450486980077-www-data-devel-job4-0-90d4b59c-e20f-4265-8306-74737a619fc2 of framework 20151219-005632-50331658-5050-15921-0000
I1219 01:03:34.948837 20918 status_update_manager.hpp:346] Checkpointing ACK for status update TASK_STARTING (UUID: e68d7c6f-2452-418f-b597-3c641a6c6b24) for task 1450486980077-www-data-devel-job4-0-90d4b59c-e20f-4265-8306-74737a619fc2 of framework 20151219-005632-50331658-5050-15921-0000
I1219 01:03:35.515883 20921 slave.cpp:2508] Handling status update TASK_RUNNING (UUID: e24ca69a-7418-407c-b296-a5c0bf12f297) for task 1450486980077-www-data-devel-job4-0-90d4b59c-e20f-4265-8306-74737a619fc2 of framework 20151219-005632-50331658-5050-15921-0000 from executor(1)@10.0.0.6:47552
I1219 01:03:35.516067 20933 status_update_manager.cpp:317] Received status update TASK_RUNNING (UUID: e24ca69a-7418-407c-b296-a5c0bf12f297) for task 1450486980077-www-data-devel-job4-0-90d4b59c-e20f-4265-8306-74737a619fc2 of framework 20151219-005632-50331658-5050-15921-0000
I1219 01:03:35.516144 20933 status_update_manager.hpp:346] Checkpointing UPDATE for status update TASK_RUNNING (UUID: e24ca69a-7418-407c-b296-a5c0bf12f297) for task 1450486980077-www-data-devel-job4-0-90d4b59c-e20f-4265-8306-74737a619fc2 of framework 20151219-005632-50331658-5050-15921-0000
I1219 01:03:35.520303 20918 slave.cpp:2753] Forwarding the update TASK_RUNNING (UUID: e24ca69a-7418-407c-b296-a5c0bf12f297) for task 1450486980077-www-data-devel-job4-0-90d4b59c-e20f-4265-8306-74737a619fc2 of framework 20151219-005632-50331658-5050-15921-0000 to master@10.0.0.3:5050
I1219 01:03:35.520455 20918 slave.cpp:2686] Sending acknowledgement for status update TASK_RUNNING (UUID: e24ca69a-7418-407c-b296-a5c0bf12f297) for task 1450486980077-www-data-devel-job4-0-90d4b59c-e20f-4265-8306-74737a619fc2 of framework 20151219-005632-50331658-5050-15921-0000 to executor(1)@10.0.0.6:47552
I1219 01:03:35.529572 20921 status_update_manager.cpp:389] Received status update acknowledgement (UUID: e24ca69a-7418-407c-b296-a5c0bf12f297) for task 1450486980077-www-data-devel-job4-0-90d4b59c-e20f-4265-8306-74737a619fc2 of framework 20151219-005632-50331658-5050-15921-0000
I1219 01:03:35.529608 20921 status_update_manager.hpp:346] Checkpointing ACK for status update TASK_RUNNING (UUID: e24ca69a-7418-407c-b296-a5c0bf12f297) for task 1450486980077-www-data-devel-job4-0-90d4b59c-e20f-4265-8306-74737a619fc2 of framework 20151219-005632-50331658-5050-15921-0000
I1219 01:03:40.163394 20931 slave.cpp:2508] Handling status update TASK_FINISHED (UUID: 37c8d35a-aeba-452d-8f53-a8d3eb8f245b) for task 1450486980077-www-data-devel-job4-0-90d4b59c-e20f-4265-8306-74737a619fc2 of framework 20151219-005632-50331658-5050-15921-0000 from executor(1)@10.0.0.6:47552
I1219 01:03:40.164053 20925 status_update_manager.cpp:317] Received status update TASK_FINISHED (UUID: 37c8d35a-aeba-452d-8f53-a8d3eb8f245b) for task 1450486980077-www-data-devel-job4-0-90d4b59c-e20f-4265-8306-74737a619fc2 of framework 20151219-005632-50331658-5050-15921-0000
I1219 01:03:40.164119 20925 status_update_manager.hpp:346] Checkpointing UPDATE for status update TASK_FINISHED (UUID: 37c8d35a-aeba-452d-8f53-a8d3eb8f245b) for task 1450486980077-www-data-devel-job4-0-90d4b59c-e20f-4265-8306-74737a619fc2 of framework 20151219-005632-50331658-5050-15921-0000
I1219 01:03:40.168887 20926 slave.cpp:2753] Forwarding the update TASK_FINISHED (UUID: 37c8d35a-aeba-452d-8f53-a8d3eb8f245b) for task 1450486980077-www-data-devel-job4-0-90d4b59c-e20f-4265-8306-74737a619fc2 of framework 20151219-005632-50331658-5050-15921-0000 to master@10.0.0.3:5050
I1219 01:03:40.169118 20926 slave.cpp:2686] Sending acknowledgement for status update TASK_FINISHED (UUID: 37c8d35a-aeba-452d-8f53-a8d3eb8f245b) for task 1450486980077-www-data-devel-job4-0-90d4b59c-e20f-4265-8306-74737a619fc2 of framework 20151219-005632-50331658-5050-15921-0000 to executor(1)@10.0.0.6:47552
I1219 01:03:40.181783 20925 status_update_manager.cpp:389] Received status update acknowledgement (UUID: 37c8d35a-aeba-452d-8f53-a8d3eb8f245b) for task 1450486980077-www-data-devel-job4-0-90d4b59c-e20f-4265-8306-74737a619fc2 of framework 20151219-005632-50331658-5050-15921-0000
I1219 01:03:40.181875 20925 status_update_manager.hpp:346] Checkpointing ACK for status update TASK_FINISHED (UUID: 37c8d35a-aeba-452d-8f53-a8d3eb8f245b) for task 1450486980077-www-data-devel-job4-0-90d4b59c-e20f-4265-8306-74737a619fc2 of framework 20151219-005632-50331658-5050-15921-0000
I1219 01:03:45.268537 20930 containerizer.cpp:1111] Executor for container '271061bf-91e7-481d-8b62-5743352efcbf' has exited
I1219 01:03:45.268616 20930 containerizer.cpp:906] Destroying container '271061bf-91e7-481d-8b62-5743352efcbf'
I1219 01:03:45.270282 20921 slave.cpp:3193] Executor 'thermos-1450486980077-www-data-devel-job4-0-90d4b59c-e20f-4265-8306-74737a619fc2' of framework 20151219-005632-50331658-5050-15921-0000 exited with status 0
