I1219 01:06:19.064748 20932 slave.cpp:2753] Forwarding the update TASK_FINISHED (UUID: 58dca096-f8ac-4d08-8682-2a45eebfb1f0) for task 1450487160019-www-data-devel-job5-0-1ba828b6-cdfe-4482-a7a1-d88a22978a20 of framework 20151219-005632-50331658-5050-15921-0000 to master@10.0.0.3:5050
I1219 01:06:19.064931 20932 slave.cpp:2686] Sending acknowledgement for status update TASK_FINISHED (UUID: 58dca096-f8ac-4d08-8682-2a45eebfb1f0) for task 1450487160019-www-data-devel-job5-0-1ba828b6-cdfe-4482-a7a1-d88a22978a20 of framework 20151219-005632-50331658-5050-15921-0000 to executor(1)@10.0.0.6:43715
I1219 01:06:19.074759 20933 status_update_manager.cpp:389] Received status update acknowledgement (UUID: 58dca096-f8ac-4d08-8682-2a45eebfb1f0) for task 1450487160019-www-data-devel-job5-0-1ba828b6-cdfe-4482-a7a1-d88a22978a20 of framework 20151219-005632-50331658-5050-15921-0000
I1219 01:06:19.074800 20933 status_update_manager.hpp:346] Checkpointing ACK for status update TASK_FINISHED (UUID: 58dca096-f8ac-4d08-8682-2a45eebfb1f0) for task 1450487160019-www-data-devel-job5-0-1ba828b6-cdfe-4482-a7a1-d88a22978a20 of framework 20151219-005632-50331658-5050-15921-0000
I1219 01:06:19.718847 20921 slave.cpp:2508] Handling status update TASK_FINISHED (UUID: 9d2d45a8-524a-4774-8b29-ca33ee4fd19d) for task 1450487160027-www-data-devel-job12-0-59015122-d48d-493e-8587-fcabc96ee522 of framework 20151219-005632-50331658-5050-15921-0000 from executor(1)@10.0.0.6:37176
I1219 01:06:19.719498 20926 status_update_manager.cpp:317] Received status update TASK_FINISHED (UUID: 9d2d45a8-524a-4774-8b29-ca33ee4fd19d) for task 1450487160027-www-data-devel-job12-0-59015122-d48d-493e-8587-fcabc96ee522 of framework 20151219-005632-50331658-5050-15921-0000
I1219 01:06:19.719555 20926 status_update_manager.hpp:346] Checkpointing UPDATE for status update TASK_FINISHED (UUID: 9d2d45a8-524a-4774-8b29-ca33ee4fd19d) for task 1450487160027-www-data-devel-job12-0-59015122-d48d-493e-8587-fcabc96ee522 of framework 20151219-005632-50331658-5050-15921-0000
I1219 01:06:19.724478 20931 slave.cpp:2753] Forwarding the update TASK_FINISHED (UUID: 9d2d45a8-524a-4774-8b29-ca33ee4fd19d) for task 1450487160027-www-data-devel-job12-0-59015122-d48d-493e-8587-fcabc96ee522 of framework 20151219-005632-50331658-5050-15921-0000 to master@10.0.0.3:5050
I1219 01:06:19.724652 20931 slave.cpp:2686] Sending acknowledgement for status update TASK_FINISHED (UUID: 9d2d45a8-524a-4774-8b29-ca33ee4fd19d) for task 1450487160027-www-data-devel-job12-0-59015122-d48d-493e-8587-fcabc96ee522 of framework 20151219-005632-50331658-5050-15921-0000 to executor(1)@10.0.0.6:37176
I1219 01:06:19.735029 20932 status_update_manager.cpp:389] Received status update acknowledgement (UUID: 9d2d45a8-524a-4774-8b29-ca33ee4fd19d) for task 1450487160027-www-data-devel-job12-0-59015122-d48d-493e-8587-fcabc96ee522 of framework 20151219-005632-50331658-5050-15921-0000
I1219 01:06:19.735126 20932 status_update_manager.hpp:346] Checkpointing ACK for status update TASK_FINISHED (UUID: 9d2d45a8-524a-4774-8b29-ca33ee4fd19d) for task 1450487160027-www-data-devel-job12-0-59015122-d48d-493e-8587-fcabc96ee522 of framework 20151219-005632-50331658-5050-15921-0000
I1219 01:06:20.492987 20930 containerizer.cpp:1111] Executor for container '293f1b63-1a08-4310-8465-57ffef92a525' has exited
I1219 01:06:20.493052 20930 containerizer.cpp:906] Destroying container '293f1b63-1a08-4310-8465-57ffef92a525'
I1219 01:06:20.494691 20933 slave.cpp:3193] Executor 'thermos-1450487160381-www-data-devel-job14-0-64516a45-7a1b-4fd4-9af4-bbdc69a29ccf' of framework 20151219-005632-50331658-5050-15921-0000 exited with status 0
I1219 01:06:20.495018 20933 slave.cpp:3302] Cleaning up executor 'thermos-1450487160381-www-data-devel-job14-0-64516a45-7a1b-4fd4-9af4-bbdc69a29ccf' of framework 20151219-005632-50331658-5050-15921-0000
I1219 01:06:20.495398 20919 gc.cpp:56] Scheduling '/var/lib/mesos/slave/slaves/20151219-005632-50331658-5050-15921-S0/frameworks/20151219-005632-50331658-5050-15921-0000/executors/thermos-1450487160381-www-data-devel-job14-0-64516a45-7a1b-4fd4-9af4-bbdc69a29ccf/runs/293f1b63-1a08-4310-8465-57ffef92a525' for gc 6.99999426703704days in the future
I1219 01:06:20.495458 20919 gc.cpp:56] Scheduling '/var/lib/mesos/slave/slaves/20151219-005632-50331658-5050-15921-S0/frameworks/20151219-005632-50331658-5050-15921-0000/executors/thermos-1450487160381-www-data-devel-job14-0-64516a45-7a1b-4fd4-9af4-bbdc69a29ccf' for gc 6.99999426571852days in the future
I1219 01:06:20.495666 20929 gc.cpp:56] Scheduling '/var/lib/mesos/slave/meta/slaves/20151219-005632-50331658-5050-15921-S0/frameworks/20151219-005632-50331658-5050-15921-0000/executors/thermos-1450487160381-www-data-devel-job14-0-64516a45-7a1b-4fd4-9af4-bbdc69a29ccf/runs/293f1b63-1a08-4310-8465-57ffef92a525' for gc 6.99999426437333days in the future
I1219 01:06:20.495741 20929 gc.cpp:56] Scheduling '/var/lib/mesos/slave/meta/slaves/20151219-005632-50331658-5050-15921-S0/frameworks/20151219-005632-50331658-5050-15921-0000/executors/thermos-1450487160381-www-data-devel-job14-0-64516a45-7a1b-4fd4-9af4-bbdc69a29ccf' for gc 6.99999426273185days in the future
I1219 01:06:24.110756 20923 containerizer.cpp:1111] Executor for container 'a5c4405b-3abd-48d7-97f6-02a4b142f887' has exited
I1219 01:06:24.110836 20923 containerizer.cpp:906] Destroying container 'a5c4405b-3abd-48d7-97f6-02a4b142f887'
I1219 01:06:24.112465 20928 slave.cpp:3193] Executor 'thermos-1450487160019-www-data-devel-job5-0-1ba828b6-cdfe-4482-a7a1-d88a22978a20' of framework 20151219-005632-50331658-5050-15921-0000 exited with status 0
I1219 01:06:24.112623 20928 slave.cpp:3302] Cleaning up executor 'thermos-1450487160019-www-data-devel-job5-0-1ba828b6-cdfe-4482-a7a1-d88a22978a20' of framework 20151219-005632-50331658-5050-15921-0000
I1219 01:06:24.112987 20924 gc.cpp:56] Scheduling '/var/lib/mesos/slave/slaves/20151219-005632-50331658-5050-15921-S0/frameworks/20151219-005632-50331658-5050-15921-0000/executors/thermos-1450487160019-www-data-devel-job5-0-1ba828b6-cdfe-4482-a7a1-d88a22978a20/runs/a5c4405b-3abd-48d7-97f6-02a4b142f887' for gc 6.99999869292741days in the future
I1219 01:06:24.113122 20924 gc.cpp:56] Scheduling '/var/lib/mesos/slave/slaves/20151219-005632-50331658-5050-15921-S0/frameworks/20151219-005632-50331658-5050-15921-0000/executors/thermos-1450487160019-www-data-devel-job5-0-1ba828b6-cdfe-4482-a7a1-d88a22978a20' for gc 6.99999869192days in the future
I1219 01:06:24.113157 20924 gc.cpp:56] Scheduling '/var/lib/mesos/slave/meta/slaves/20151219-005632-50331658-5050-15921-S0/frameworks/20151219-005632-50331658-5050-15921-0000/executors/thermos-1450487160019-www-data-devel-job5-0-1ba828b6-cdfe-4482-a7a1-d88a22978a20/runs/a5c4405b-3abd-48d7-97f6-02a4b142f887' for gc 6.99999869109926days in the future
I1219 01:06:24.113203 20924 gc.cpp:56] Scheduling '/var/lib/mesos/slave/meta/slaves/20151219-005632-50331658-5050-15921-S0/frameworks/20151219-005632-50331658-5050-15921-0000/executors/thermos-1450487160019-www-data-devel-job5-0-1ba828b6-cdfe-4482-a7a1-d88a22978a20' for gc 6.99999869046519days in the future
I1219 01:06:24.813868 20923 containerizer.cpp:1111] Executor for container '7c451cae-211a-442e-acc5-a6ad611b0933' has exited
I1219 01:06:24.814057 20923 containerizer.cpp:906] Destroying container '7c451cae-211a-442e-acc5-a6ad611b0933'
I1219 01:06:24.815737 20922 slave.cpp:3193] Executor 'thermos-1450487160027-www-data-devel-job12-0-59015122-d48d-493e-8587-fcabc96ee522' of framework 20151219-005632-50331658-5050-15921-0000 exited with status 0
I1219 01:06:24.815918 20922 slave.cpp:3302] Cleaning up executor 'thermos-1450487160027-www-data-devel-job12-0-59015122-d48d-493e-8587-fcabc96ee522' of framework 20151219-005632-50331658-5050-15921-0000
I1219 01:06:24.816253 20918 gc.cpp:56] Scheduling '/var/lib/mesos/slave/slaves/20151219-005632-50331658-5050-15921-S0/frameworks/20151219-005632-50331658-5050-15921-0000/executors/thermos-1450487160027-www-data-devel-job12-0-59015122-d48d-493e-8587-fcabc96ee522/runs/7c451cae-211a-442e-acc5-a6ad611b0933' for gc 6.99999055342519days in the future
I1219 01:06:24.816328 20918 gc.cpp:56] Scheduling '/var/lib/mesos/slave/slaves/20151219-005632-50331658-5050-15921-S0/frameworks/20151219-005632-50331658-5050-15921-0000/executors/thermos-1450487160027-www-data-devel-job12-0-59015122-d48d-493e-8587-fcabc96ee522' for gc 6.99999055244444days in the future
I1219 01:06:24.816370 20918 gc.cpp:56] Scheduling '/var/lib/mesos/slave/meta/slaves/20151219-005632-50331658-5050-15921-S0/frameworks/20151219-005632-50331658-5050-15921-0000/executors/thermos-1450487160027-www-data-devel-job12-0-59015122-d48d-493e-8587-fcabc96ee522/runs/7c451cae-211a-442e-acc5-a6ad611b0933' for gc 6.9999905517363days in the future
I1219 01:06:24.816401 20922 slave.cpp:3381] Cleaning up framework 20151219-005632-50331658-5050-15921-0000
I1219 01:06:24.816413 20918 gc.cpp:56] Scheduling '/var/lib/mesos/slave/meta/slaves/20151219-005632-50331658-5050-15921-S0/frameworks/20151219-005632-50331658-5050-15921-0000/executors/thermos-1450487160027-www-data-devel-job12-0-59015122-d48d-493e-8587-fcabc96ee522' for gc 6.99999055104days in the future
I1219 01:06:24.816558 20924 status_update_manager.cpp:279] Closing status update streams for framework 20151219-005632-50331658-5050-15921-0000
I1219 01:06:24.816643 20924 gc.cpp:56] Scheduling '/var/lib/mesos/slave/slaves/20151219-005632-50331658-5050-15921-S0/frameworks/20151219-005632-50331658-5050-15921-0000' for gc 6.99999054868148days in the future
I1219 01:06:24.816695 20924 gc.cpp:56] Scheduling '/var/lib/mesos/slave/meta/slaves/20151219-005632-50331658-5050-15921-S0/frameworks/20151219-005632-50331658-5050-15921-0000' for gc 6.99999054765037days in the future
I1219 01:06:32.466714 20933 slave.cpp:3618] Current disk usage 75.59%. Max allowed age: 1.008736630585764days
I1219 01:06:33.781625 20924 slave.cpp:1121] Got assigned task 1450487160043-www-data-devel-job30-0-330e69f7-8d92-45da-a812-2e71dc936e37 for framework 20151219-005632-50331658-5050-15921-0000
I1219 01:06:33.783838 20924 gc.cpp:84] Unscheduling '/var/lib/mesos/slave/slaves/20151219-005632-50331658-5050-15921-S0/frameworks/20151219-005632-50331658-5050-15921-0000' from gc
I1219 01:06:33.784028 20932 gc.cpp:84] Unscheduling '/var/lib/mesos/slave/meta/slaves/20151219-005632-50331658-5050-15921-S0/frameworks/20151219-005632-50331658-5050-15921-0000' from gc
I1219 01:06:33.784162 20932 slave.cpp:1231] Launching task 1450487160043-www-data-devel-job30-0-330e69f7-8d92-45da-a812-2e71dc936e37 for framework 20151219-005632-50331658-5050-15921-0000
I1219 01:06:33.787281 20932 slave.cpp:4160] Launching executor thermos-1450487160043-www-data-devel-job30-0-330e69f7-8d92-45da-a812-2e71dc936e37 of framework 20151219-005632-50331658-5050-15921-0000 in work directory '/var/lib/mesos/slave/slaves/20151219-005632-50331658-5050-15921-S0/frameworks/20151219-005632-50331658-5050-15921-0000/executors/thermos-1450487160043-www-data-devel-job30-0-330e69f7-8d92-45da-a812-2e71dc936e37/runs/634edc75-b420-4837-8ab5-c15d3ae2379f'
I1219 01:06:33.787420 20921 containerizer.cpp:472] Starting container '634edc75-b420-4837-8ab5-c15d3ae2379f' for executor 'thermos-1450487160043-www-data-devel-job30-0-330e69f7-8d92-45da-a812-2e71dc936e37' of framework '20151219-005632-50331658-5050-15921-0000'
I1219 01:06:33.788137 20932 slave.cpp:1378] Queuing task '1450487160043-www-data-devel-job30-0-330e69f7-8d92-45da-a812-2e71dc936e37' for executor thermos-1450487160043-www-data-devel-job30-0-330e69f7-8d92-45da-a812-2e71dc936e37 of framework '20151219-005632-50331658-5050-15921-0000
I1219 01:06:33.789132 20921 launcher.cpp:130] Forked child with pid '23234' for container '634edc75-b420-4837-8ab5-c15d3ae2379f'
I1219 01:06:33.789326 20921 containerizer.cpp:682] Checkpointing executor's forked pid 23234 to '/var/lib/mesos/slave/meta/slaves/20151219-005632-50331658-5050-15921-S0/frameworks/20151219-005632-50331658-5050-15921-0000/executors/thermos-1450487160043-www-data-devel-job30-0-330e69f7-8d92-45da-a812-2e71dc936e37/runs/634edc75-b420-4837-8ab5-c15d3ae2379f/pids/forked.pid'
I1219 01:06:33.794029 20933 fetcher.cpp:238] Fetching URIs using command '/usr/libexec/mesos/mesos-fetcher'
I1219 01:06:33.954637 20920 slave.cpp:3135] Monitoring executor 'thermos-1450487160043-www-data-devel-job30-0-330e69f7-8d92-45da-a812-2e71dc936e37' of framework '20151219-005632-50331658-5050-15921-0000' in container '634edc75-b420-4837-8ab5-c15d3ae2379f'
I1219 01:06:34.455973 20930 slave.cpp:2141] Got registration for executor 'thermos-1450487160043-www-data-devel-job30-0-330e69f7-8d92-45da-a812-2e71dc936e37' of framework 20151219-005632-50331658-5050-15921-0000 from executor(1)@10.0.0.6:43372
I1219 01:06:34.457011 20926 slave.cpp:1532] Sending queued task '1450487160043-www-data-devel-job30-0-330e69f7-8d92-45da-a812-2e71dc936e37' to executor 'thermos-1450487160043-www-data-devel-job30-0-330e69f7-8d92-45da-a812-2e71dc936e37' of framework 20151219-005632-50331658-5050-15921-0000
I1219 01:06:34.462591 20928 slave.cpp:2508] Handling status update TASK_STARTING (UUID: 0d41c6f6-a18b-482d-9850-9e91a9816884) for task 1450487160043-www-data-devel-job30-0-330e69f7-8d92-45da-a812-2e71dc936e37 of framework 20151219-005632-50331658-5050-15921-0000 from executor(1)@10.0.0.6:43372
I1219 01:06:34.462740 20932 status_update_manager.cpp:317] Received status update TASK_STARTING (UUID: 0d41c6f6-a18b-482d-9850-9e91a9816884) for task 1450487160043-www-data-devel-job30-0-330e69f7-8d92-45da-a812-2e71dc936e37 of framework 20151219-005632-50331658-5050-15921-0000
I1219 01:06:34.463158 20932 status_update_manager.hpp:346] Checkpointing UPDATE for status update TASK_STARTING (UUID: 0d41c6f6-a18b-482d-9850-9e91a9816884) for task 1450487160043-www-data-devel-job30-0-330e69f7-8d92-45da-a812-2e71dc936e37 of framework 20151219-005632-50331658-5050-15921-0000
I1219 01:06:34.554687 20920 slave.cpp:2753] Forwarding the update TASK_STARTING (UUID: 0d41c6f6-a18b-482d-9850-9e91a9816884) for task 1450487160043-www-data-devel-job30-0-330e69f7-8d92-45da-a812-2e71dc936e37 of framework 20151219-005632-50331658-5050-15921-0000 to master@10.0.0.3:5050
I1219 01:06:34.554882 20920 slave.cpp:2686] Sending acknowledgement for status update TASK_STARTING (UUID: 0d41c6f6-a18b-482d-9850-9e91a9816884) for task 1450487160043-www-data-devel-job30-0-330e69f7-8d92-45da-a812-2e71dc936e37 of framework 20151219-005632-50331658-5050-15921-0000 to executor(1)@10.0.0.6:43372
I1219 01:06:34.571159 20918 status_update_manager.cpp:389] Received status update acknowledgement (UUID: 0d41c6f6-a18b-482d-9850-9e91a9816884) for task 1450487160043-www-data-devel-job30-0-330e69f7-8d92-45da-a812-2e71dc936e37 of framework 20151219-005632-50331658-5050-15921-0000
I1219 01:06:34.571235 20918 status_update_manager.hpp:346] Checkpointing ACK for status update TASK_STARTING (UUID: 0d41c6f6-a18b-482d-9850-9e91a9816884) for task 1450487160043-www-data-devel-job30-0-330e69f7-8d92-45da-a812-2e71dc936e37 of framework 20151219-005632-50331658-5050-15921-0000
I1219 01:06:35.071990 20921 slave.cpp:2508] Handling status update TASK_RUNNING (UUID: 81eb2916-7777-4464-9158-bf1bbb27b6e6) for task 1450487160043-www-data-devel-job30-0-330e69f7-8d92-45da-a812-2e71dc936e37 of framework 20151219-005632-50331658-5050-15921-0000 from executor(1)@10.0.0.6:43372
I1219 01:06:35.072137 20931 status_update_manager.cpp:317] Received status update TASK_RUNNING (UUID: 81eb2916-7777-4464-9158-bf1bbb27b6e6) for task 1450487160043-www-data-devel-job30-0-330e69f7-8d92-45da-a812-2e71dc936e37 of framework 20151219-005632-50331658-5050-15921-0000
I1219 01:06:35.072175 20931 status_update_manager.hpp:346] Checkpointing UPDATE for status update TASK_RUNNING (UUID: 81eb2916-7777-4464-9158-bf1bbb27b6e6) for task 1450487160043-www-data-devel-job30-0-330e69f7-8d92-45da-a812-2e71dc936e37 of framework 20151219-005632-50331658-5050-15921-0000
I1219 01:06:35.076479 20932 slave.cpp:2753] Forwarding the update TASK_RUNNING (UUID: 81eb2916-7777-4464-9158-bf1bbb27b6e6) for task 1450487160043-www-data-devel-job30-0-330e69f7-8d92-45da-a812-2e71dc936e37 of framework 20151219-005632-50331658-5050-15921-0000 to master@10.0.0.3:5050
I1219 01:06:35.076591 20932 slave.cpp:2686] Sending acknowledgement for status update TASK_RUNNING (UUID: 81eb2916-7777-4464-9158-bf1bbb27b6e6) for task 1450487160043-www-data-devel-job30-0-330e69f7-8d92-45da-a812-2e71dc936e37 of framework 20151219-005632-50331658-5050-15921-0000 to executor(1)@10.0.0.6:43372
I1219 01:06:35.082960 20931 status_update_manager.cpp:389] Received status update acknowledgement (UUID: 81eb2916-7777-4464-9158-bf1bbb27b6e6) for task 1450487160043-www-data-devel-job30-0-330e69f7-8d92-45da-a812-2e71dc936e37 of framework 20151219-005632-50331658-5050-15921-0000
I1219 01:06:35.082989 20931 status_update_manager.hpp:346] Checkpointing ACK for status update TASK_RUNNING (UUID: 81eb2916-7777-4464-9158-bf1bbb27b6e6) for task 1450487160043-www-data-devel-job30-0-330e69f7-8d92-45da-a812-2e71dc936e37 of framework 20151219-005632-50331658-5050-15921-0000
I1219 01:06:41.221130 20924 slave.cpp:2508] Handling status update TASK_FINISHED (UUID: 632ae7e5-a7c8-4a46-8b06-2b6fb4ed2876) for task 1450487160043-www-data-devel-job30-0-330e69f7-8d92-45da-a812-2e71dc936e37 of framework 20151219-005632-50331658-5050-15921-0000 from executor(1)@10.0.0.6:43372
I1219 01:06:41.221740 20932 status_update_manager.cpp:317] Received status update TASK_FINISHED (UUID: 632ae7e5-a7c8-4a46-8b06-2b6fb4ed2876) for task 1450487160043-www-data-devel-job30-0-330e69f7-8d92-45da-a812-2e71dc936e37 of framework 20151219-005632-50331658-5050-15921-0000
I1219 01:06:41.221828 20932 status_update_manager.hpp:346] Checkpointing UPDATE for status update TASK_FINISHED (UUID: 632ae7e5-a7c8-4a46-8b06-2b6fb4ed2876) for task 1450487160043-www-data-devel-job30-0-330e69f7-8d92-45da-a812-2e71dc936e37 of framework 20151219-005632-50331658-5050-15921-0000
I1219 01:06:41.226199 20920 slave.cpp:2753] Forwarding the update TASK_FINISHED (UUID: 632ae7e5-a7c8-4a46-8b06-2b6fb4ed2876) for task 1450487160043-www-data-devel-job30-0-330e69f7-8d92-45da-a812-2e71dc936e37 of framework 20151219-005632-50331658-5050-15921-0000 to master@10.0.0.3:5050
I1219 01:06:41.226294 20920 slave.cpp:2686] Sending acknowledgement for status update TASK_FINISHED (UUID: 632ae7e5-a7c8-4a46-8b06-2b6fb4ed2876) for task 1450487160043-www-data-devel-job30-0-330e69f7-8d92-45da-a812-2e71dc936e37 of framework 20151219-005632-50331658-5050-15921-0000 to executor(1)@10.0.0.6:43372
I1219 01:06:41.235617 20922 status_update_manager.cpp:389] Received status update acknowledgement (UUID: 632ae7e5-a7c8-4a46-8b06-2b6fb4ed2876) for task 1450487160043-www-data-devel-job30-0-330e69f7-8d92-45da-a812-2e71dc936e37 of framework 20151219-005632-50331658-5050-15921-0000
I1219 01:06:41.235663 20922 status_update_manager.hpp:346] Checkpointing ACK for status update TASK_FINISHED (UUID: 632ae7e5-a7c8-4a46-8b06-2b6fb4ed2876) for task 1450487160043-www-data-devel-job30-0-330e69f7-8d92-45da-a812-2e71dc936e37 of framework 20151219-005632-50331658-5050-15921-0000
I1219 01:06:46.314121 20925 containerizer.cpp:1111] Executor for container '634edc75-b420-4837-8ab5-c15d3ae2379f' has exited
I1219 01:06:46.314218 20925 containerizer.cpp:906] Destroying container '634edc75-b420-4837-8ab5-c15d3ae2379f'
I1219 01:06:46.315884 20932 slave.cpp:3193] Executor 'thermos-1450487160043-www-data-devel-job30-0-330e69f7-8d92-45da-a812-2e71dc936e37' of framework 20151219-005632-50331658-5050-15921-0000 exited with status 0
I1219 01:06:46.316130 20932 slave.cpp:3302] Cleaning up executor 'thermos-1450487160043-www-data-devel-job30-0-330e69f7-8d92-45da-a812-2e71dc936e37' of framework 20151219-005632-50331658-5050-15921-0000
I1219 01:06:46.316493 20929 gc.cpp:56] Scheduling '/var/lib/mesos/slave/slaves/20151219-005632-50331658-5050-15921-S0/frameworks/20151219-005632-50331658-5050-15921-0000/executors/thermos-1450487160043-www-data-devel-job30-0-330e69f7-8d92-45da-a812-2e71dc936e37/runs/634edc75-b420-4837-8ab5-c15d3ae2379f' for gc 6.99999633768593days in the future
I1219 01:06:46.316591 20929 gc.cpp:56] Scheduling '/var/lib/mesos/slave/slaves/20151219-005632-50331658-5050-15921-S0/frameworks/20151219-005632-50331658-5050-15921-0000/executors/thermos-1450487160043-www-data-devel-job30-0-330e69f7-8d92-45da-a812-2e71dc936e37' for gc 6.99999633665481days in the future
I1219 01:06:46.316622 20932 slave.cpp:3381] Cleaning up framework 20151219-005632-50331658-5050-15921-0000
I1219 01:06:46.316668 20929 gc.cpp:56] Scheduling '/var/lib/mesos/slave/meta/slaves/20151219-005632-50331658-5050-15921-S0/frameworks/20151219-005632-50331658-5050-15921-0000/executors/thermos-1450487160043-www-data-devel-job30-0-330e69f7-8d92-45da-a812-2e71dc936e37/runs/634edc75-b420-4837-8ab5-c15d3ae2379f' for gc 6.99999633598518days in the future
I1219 01:06:46.316763 20929 gc.cpp:56] Scheduling '/var/lib/mesos/slave/meta/slaves/20151219-005632-50331658-5050-15921-S0/frameworks/20151219-005632-50331658-5050-15921-0000/executors/thermos-1450487160043-www-data-devel-job30-0-330e69f7-8d92-45da-a812-2e71dc936e37' for gc 6.99999633549926days in the future
I1219 01:06:46.316802 20931 status_update_manager.cpp:279] Closing status update streams for framework 20151219-005632-50331658-5050-15921-0000
I1219 01:06:46.316819 20929 gc.cpp:56] Scheduling '/var/lib/mesos/slave/slaves/20151219-005632-50331658-5050-15921-S0/frameworks/20151219-005632-50331658-5050-15921-0000' for gc 6.99999633332148days in the future
I1219 01:06:46.316959 20929 gc.cpp:56] Scheduling '/var/lib/mesos/slave/meta/slaves/20151219-005632-50331658-5050-15921-S0/frameworks/20151219-005632-50331658-5050-15921-0000' for gc 6.99999633283556days in the future
I1219 01:07:00.260174 20926 slave.cpp:3534] Framework 20151219-005632-50331658-5050-15921-0000 seems to have exited. Ignoring registration timeout for executor 'thermos-1450487160012-www-data-devel-job16-0-26fd88e8-df0d-4526-a34f-da650d778935'
I1219 01:07:00.265907 20922 slave.cpp:1121] Got assigned task 1450487220003-www-data-devel-job29-0-35fea4df-780f-474c-baca-8b6e8ea97ed2 for framework 20151219-005632-50331658-5050-15921-0000
I1219 01:07:00.267550 20922 gc.cpp:84] Unscheduling '/var/lib/mesos/slave/slaves/20151219-005632-50331658-5050-15921-S0/frameworks/20151219-005632-50331658-5050-15921-0000' from gc
I1219 01:07:00.267623 20922 gc.cpp:84] Unscheduling '/var/lib/mesos/slave/meta/slaves/20151219-005632-50331658-5050-15921-S0/frameworks/20151219-005632-50331658-5050-15921-0000' from gc
I1219 01:07:00.267726 20931 slave.cpp:1231] Launching task 1450487220003-www-data-devel-job29-0-35fea4df-780f-474c-baca-8b6e8ea97ed2 for framework 20151219-005632-50331658-5050-15921-0000
I1219 01:07:00.270077 20931 slave.cpp:4160] Launching executor thermos-1450487220003-www-data-devel-job29-0-35fea4df-780f-474c-baca-8b6e8ea97ed2 of framework 20151219-005632-50331658-5050-15921-0000 in work directory '/var/lib/mesos/slave/slaves/20151219-005632-50331658-5050-15921-S0/frameworks/20151219-005632-50331658-5050-15921-0000/executors/thermos-1450487220003-www-data-devel-job29-0-35fea4df-780f-474c-baca-8b6e8ea97ed2/runs/d8373dc8-6ca7-46d7-941c-49f8002297f3'
I1219 01:07:00.270197 20922 containerizer.cpp:472] Starting container 'd8373dc8-6ca7-46d7-941c-49f8002297f3' for executor 'thermos-1450487220003-www-data-devel-job29-0-35fea4df-780f-474c-baca-8b6e8ea97ed2' of framework '20151219-005632-50331658-5050-15921-0000'
I1219 01:07:00.271325 20931 slave.cpp:1378] Queuing task '1450487220003-www-data-devel-job29-0-35fea4df-780f-474c-baca-8b6e8ea97ed2' for executor thermos-1450487220003-www-data-devel-job29-0-35fea4df-780f-474c-baca-8b6e8ea97ed2 of framework '20151219-005632-50331658-5050-15921-0000
I1219 01:07:00.271425 20922 launcher.cpp:130] Forked child with pid '23292' for container 'd8373dc8-6ca7-46d7-941c-49f8002297f3'
I1219 01:07:00.271603 20922 containerizer.cpp:682] Checkpointing executor's forked pid 23292 to '/var/lib/mesos/slave/meta/slaves/20151219-005632-50331658-5050-15921-S0/frameworks/20151219-005632-50331658-5050-15921-0000/executors/thermos-1450487220003-www-data-devel-job29-0-35fea4df-780f-474c-baca-8b6e8ea97ed2/runs/d8373dc8-6ca7-46d7-941c-49f8002297f3/pids/forked.pid'
I1219 01:07:00.275702 20929 fetcher.cpp:238] Fetching URIs using command '/usr/libexec/mesos/mesos-fetcher'
I1219 01:07:00.377236 20926 slave.cpp:3135] Monitoring executor 'thermos-1450487220003-www-data-devel-job29-0-35fea4df-780f-474c-baca-8b6e8ea97ed2' of framework '20151219-005632-50331658-5050-15921-0000' in container 'd8373dc8-6ca7-46d7-941c-49f8002297f3'
I1219 01:07:00.885201 20926 slave.cpp:2141] Got registration for executor 'thermos-1450487220003-www-data-devel-job29-0-35fea4df-780f-474c-baca-8b6e8ea97ed2' of framework 20151219-005632-50331658-5050-15921-0000 from executor(1)@10.0.0.6:41918
I1219 01:07:00.893813 20922 slave.cpp:1532] Sending queued task '1450487220003-www-data-devel-job29-0-35fea4df-780f-474c-baca-8b6e8ea97ed2' to executor 'thermos-1450487220003-www-data-devel-job29-0-35fea4df-780f-474c-baca-8b6e8ea97ed2' of framework 20151219-005632-50331658-5050-15921-0000
I1219 01:07:00.900185 20930 slave.cpp:2508] Handling status update TASK_STARTING (UUID: 3f98bf4a-7d7c-4ca1-9c19-3fbd7ba6183d) for task 1450487220003-www-data-devel-job29-0-35fea4df-780f-474c-baca-8b6e8ea97ed2 of framework 20151219-005632-50331658-5050-15921-0000 from executor(1)@10.0.0.6:41918
I1219 01:07:00.900305 20930 status_update_manager.cpp:317] Received status update TASK_STARTING (UUID: 3f98bf4a-7d7c-4ca1-9c19-3fbd7ba6183d) for task 1450487220003-www-data-devel-job29-0-35fea4df-780f-474c-baca-8b6e8ea97ed2 of framework 20151219-005632-50331658-5050-15921-0000
I1219 01:07:00.900673 20930 status_update_manager.hpp:346] Checkpointing UPDATE for status update TASK_STARTING (UUID: 3f98bf4a-7d7c-4ca1-9c19-3fbd7ba6183d) for task 1450487220003-www-data-devel-job29-0-35fea4df-780f-474c-baca-8b6e8ea97ed2 of framework 20151219-005632-50331658-5050-15921-0000
I1219 01:07:00.904819 20919 slave.cpp:2753] Forwarding the update TASK_STARTING (UUID: 3f98bf4a-7d7c-4ca1-9c19-3fbd7ba6183d) for task 1450487220003-www-data-devel-job29-0-35fea4df-780f-474c-baca-8b6e8ea97ed2 of framework 20151219-005632-50331658-5050-15921-0000 to master@10.0.0.3:5050
I1219 01:07:00.904953 20919 slave.cpp:2686] Sending acknowledgement for status update TASK_STARTING (UUID: 3f98bf4a-7d7c-4ca1-9c19-3fbd7ba6183d) for task 1450487220003-www-data-devel-job29-0-35fea4df-780f-474c-baca-8b6e8ea97ed2 of framework 20151219-005632-50331658-5050-15921-0000 to executor(1)@10.0.0.6:41918
I1219 01:07:00.920466 20933 status_update_manager.cpp:389] Received status update acknowledgement (UUID: 3f98bf4a-7d7c-4ca1-9c19-3fbd7ba6183d) for task 1450487220003-www-data-devel-job29-0-35fea4df-780f-474c-baca-8b6e8ea97ed2 of framework 20151219-005632-50331658-5050-15921-0000
I1219 01:07:00.920507 20933 status_update_manager.hpp:346] Checkpointing ACK for status update TASK_STARTING (UUID: 3f98bf4a-7d7c-4ca1-9c19-3fbd7ba6183d) for task 1450487220003-www-data-devel-job29-0-35fea4df-780f-474c-baca-8b6e8ea97ed2 of framework 20151219-005632-50331658-5050-15921-0000
I1219 01:07:01.483276 20930 slave.cpp:2508] Handling status update TASK_RUNNING (UUID: fc84a78e-12b7-4183-af62-93c1dff2a2da) for task 1450487220003-www-data-devel-job29-0-35fea4df-780f-474c-baca-8b6e8ea97ed2 of framework 20151219-005632-50331658-5050-15921-0000 from executor(1)@10.0.0.6:41918
I1219 01:07:01.483424 20920 status_update_manager.cpp:317] Received status update TASK_RUNNING (UUID: fc84a78e-12b7-4183-af62-93c1dff2a2da) for task 1450487220003-www-data-devel-job29-0-35fea4df-780f-474c-baca-8b6e8ea97ed2 of framework 20151219-005632-50331658-5050-15921-0000
I1219 01:07:01.483475 20920 status_update_manager.hpp:346] Checkpointing UPDATE for status update TASK_RUNNING (UUID: fc84a78e-12b7-4183-af62-93c1dff2a2da) for task 1450487220003-www-data-devel-job29-0-35fea4df-780f-474c-baca-8b6e8ea97ed2 of framework 20151219-005632-50331658-5050-15921-0000
I1219 01:07:01.487223 20926 slave.cpp:2753] Forwarding the update TASK_RUNNING (UUID: fc84a78e-12b7-4183-af62-93c1dff2a2da) for task 1450487220003-www-data-devel-job29-0-35fea4df-780f-474c-baca-8b6e8ea97ed2 of framework 20151219-005632-50331658-5050-15921-0000 to master@10.0.0.3:5050
I1219 01:07:01.487365 20926 slave.cpp:2686] Sending acknowledgement for status update TASK_RUNNING (UUID: fc84a78e-12b7-4183-af62-93c1dff2a2da) for task 1450487220003-www-data-devel-job29-0-35fea4df-780f-474c-baca-8b6e8ea97ed2 of framework 20151219-005632-50331658-5050-15921-0000 to executor(1)@10.0.0.6:41918
I1219 01:07:01.502897 20930 status_update_manager.cpp:389] Received status update acknowledgement (UUID: fc84a78e-12b7-4183-af62-93c1dff2a2da) for task 1450487220003-www-data-devel-job29-0-35fea4df-780f-474c-baca-8b6e8ea97ed2 of framework 20151219-005632-50331658-5050-15921-0000
I1219 01:07:01.502954 20930 status_update_manager.hpp:346] Checkpointing ACK for status update TASK_RUNNING (UUID: fc84a78e-12b7-4183-af62-93c1dff2a2da) for task 1450487220003-www-data-devel-job29-0-35fea4df-780f-474c-baca-8b6e8ea97ed2 of framework 20151219-005632-50331658-5050-15921-0000
I1219 01:07:06.572057 20929 slave.cpp:1121] Got assigned task 1450487220439-www-data-devel-job7-0-b9d9a0df-410b-46e3-9a1d-ec944e9fab64 for framework 20151219-005632-50331658-5050-15921-0000
I1219 01:07:06.572420 20929 slave.cpp:1231] Launching task 1450487220439-www-data-devel-job7-0-b9d9a0df-410b-46e3-9a1d-ec944e9fab64 for framework 20151219-005632-50331658-5050-15921-0000
I1219 01:07:06.574772 20929 slave.cpp:4160] Launching executor thermos-1450487220439-www-data-devel-job7-0-b9d9a0df-410b-46e3-9a1d-ec944e9fab64 of framework 20151219-005632-50331658-5050-15921-0000 in work directory '/var/lib/mesos/slave/slaves/20151219-005632-50331658-5050-15921-S0/frameworks/20151219-005632-50331658-5050-15921-0000/executors/thermos-1450487220439-www-data-devel-job7-0-b9d9a0df-410b-46e3-9a1d-ec944e9fab64/runs/6d1b3692-6dec-46ca-bc10-e80693efb280'
I1219 01:07:06.575083 20927 containerizer.cpp:472] Starting container '6d1b3692-6dec-46ca-bc10-e80693efb280' for executor 'thermos-1450487220439-www-data-devel-job7-0-b9d9a0df-410b-46e3-9a1d-ec944e9fab64' of framework '20151219-005632-50331658-5050-15921-0000'
I1219 01:07:06.578133 20918 launcher.cpp:130] Forked child with pid '23345' for container '6d1b3692-6dec-46ca-bc10-e80693efb280'
I1219 01:07:06.578135 20929 slave.cpp:1378] Queuing task '1450487220439-www-data-devel-job7-0-b9d9a0df-410b-46e3-9a1d-ec944e9fab64' for executor thermos-1450487220439-www-data-devel-job7-0-b9d9a0df-410b-46e3-9a1d-ec944e9fab64 of framework '20151219-005632-50331658-5050-15921-0000
I1219 01:07:06.578375 20918 containerizer.cpp:682] Checkpointing executor's forked pid 23345 to '/var/lib/mesos/slave/meta/slaves/20151219-005632-50331658-5050-15921-S0/frameworks/20151219-005632-50331658-5050-15921-0000/executors/thermos-1450487220439-www-data-devel-job7-0-b9d9a0df-410b-46e3-9a1d-ec944e9fab64/runs/6d1b3692-6dec-46ca-bc10-e80693efb280/pids/forked.pid'
I1219 01:07:06.584913 20919 fetcher.cpp:238] Fetching URIs using command '/usr/libexec/mesos/mesos-fetcher'
I1219 01:07:06.705430 20918 slave.cpp:3135] Monitoring executor 'thermos-1450487220439-www-data-devel-job7-0-b9d9a0df-410b-46e3-9a1d-ec944e9fab64' of framework '20151219-005632-50331658-5050-15921-0000' in container '6d1b3692-6dec-46ca-bc10-e80693efb280'
I1219 01:07:07.212503 20931 slave.cpp:2141] Got registration for executor 'thermos-1450487220439-www-data-devel-job7-0-b9d9a0df-410b-46e3-9a1d-ec944e9fab64' of framework 20151219-005632-50331658-5050-15921-0000 from executor(1)@10.0.0.6:38091
I1219 01:07:07.213451 20921 slave.cpp:1532] Sending queued task '1450487220439-www-data-devel-job7-0-b9d9a0df-410b-46e3-9a1d-ec944e9fab64' to executor 'thermos-1450487220439-www-data-devel-job7-0-b9d9a0df-410b-46e3-9a1d-ec944e9fab64' of framework 20151219-005632-50331658-5050-15921-0000
I1219 01:07:07.219013 20924 slave.cpp:2508] Handling status update TASK_STARTING (UUID: 6013bb4f-997f-4b11-a3ad-62e870034e31) for task 1450487220439-www-data-devel-job7-0-b9d9a0df-410b-46e3-9a1d-ec944e9fab64 of framework 20151219-005632-50331658-5050-15921-0000 from executor(1)@10.0.0.6:38091
I1219 01:07:07.219193 20933 status_update_manager.cpp:317] Received status update TASK_STARTING (UUID: 6013bb4f-997f-4b11-a3ad-62e870034e31) for task 1450487220439-www-data-devel-job7-0-b9d9a0df-410b-46e3-9a1d-ec944e9fab64 of framework 20151219-005632-50331658-5050-15921-0000
I1219 01:07:07.219595 20933 status_update_manager.hpp:346] Checkpointing UPDATE for status update TASK_STARTING (UUID: 6013bb4f-997f-4b11-a3ad-62e870034e31) for task 1450487220439-www-data-devel-job7-0-b9d9a0df-410b-46e3-9a1d-ec944e9fab64 of framework 20151219-005632-50331658-5050-15921-0000
I1219 01:07:07.227275 20924 slave.cpp:2753] Forwarding the update TASK_STARTING (UUID: 6013bb4f-997f-4b11-a3ad-62e870034e31) for task 1450487220439-www-data-devel-job7-0-b9d9a0df-410b-46e3-9a1d-ec944e9fab64 of framework 20151219-005632-50331658-5050-15921-0000 to master@10.0.0.3:5050
I1219 01:07:07.227421 20924 slave.cpp:2686] Sending acknowledgement for status update TASK_STARTING (UUID: 6013bb4f-997f-4b11-a3ad-62e870034e31) for task 1450487220439-www-data-devel-job7-0-b9d9a0df-410b-46e3-9a1d-ec944e9fab64 of framework 20151219-005632-50331658-5050-15921-0000 to executor(1)@10.0.0.6:38091
I1219 01:07:07.235153 20933 status_update_manager.cpp:389] Received status update acknowledgement (UUID: 6013bb4f-997f-4b11-a3ad-62e870034e31) for task 1450487220439-www-data-devel-job7-0-b9d9a0df-410b-46e3-9a1d-ec944e9fab64 of framework 20151219-005632-50331658-5050-15921-0000
I1219 01:07:07.235234 20933 status_update_manager.hpp:346] Checkpointing ACK for status update TASK_STARTING (UUID: 6013bb4f-997f-4b11-a3ad-62e870034e31) for task 1450487220439-www-data-devel-job7-0-b9d9a0df-410b-46e3-9a1d-ec944e9fab64 of framework 20151219-005632-50331658-5050-15921-0000
I1219 01:07:07.802738 20920 slave.cpp:2508] Handling status update TASK_RUNNING (UUID: 95fa546c-fa71-45b7-b32f-4d9b7b419ebb) for task 1450487220439-www-data-devel-job7-0-b9d9a0df-410b-46e3-9a1d-ec944e9fab64 of framework 20151219-005632-50331658-5050-15921-0000 from executor(1)@10.0.0.6:38091
I1219 01:07:07.802919 20919 status_update_manager.cpp:317] Received status update TASK_RUNNING (UUID: 95fa546c-fa71-45b7-b32f-4d9b7b419ebb) for task 1450487220439-www-data-devel-job7-0-b9d9a0df-410b-46e3-9a1d-ec944e9fab64 of framework 20151219-005632-50331658-5050-15921-0000
I1219 01:07:07.802989 20919 status_update_manager.hpp:346] Checkpointing UPDATE for status update TASK_RUNNING (UUID: 95fa546c-fa71-45b7-b32f-4d9b7b419ebb) for task 1450487220439-www-data-devel-job7-0-b9d9a0df-410b-46e3-9a1d-ec944e9fab64 of framework 20151219-005632-50331658-5050-15921-0000
I1219 01:07:07.806854 20918 slave.cpp:2753] Forwarding the update TASK_RUNNING (UUID: 95fa546c-fa71-45b7-b32f-4d9b7b419ebb) for task 1450487220439-www-data-devel-job7-0-b9d9a0df-410b-46e3-9a1d-ec944e9fab64 of framework 20151219-005632-50331658-5050-15921-0000 to master@10.0.0.3:5050
I1219 01:07:07.806982 20918 slave.cpp:2686] Sending acknowledgement for status update TASK_RUNNING (UUID: 95fa546c-fa71-45b7-b32f-4d9b7b419ebb) for task 1450487220439-www-data-devel-job7-0-b9d9a0df-410b-46e3-9a1d-ec944e9fab64 of framework 20151219-005632-50331658-5050-15921-0000 to executor(1)@10.0.0.6:38091
I1219 01:07:07.815875 20920 status_update_manager.cpp:389] Received status update acknowledgement (UUID: 95fa546c-fa71-45b7-b32f-4d9b7b419ebb) for task 1450487220439-www-data-devel-job7-0-b9d9a0df-410b-46e3-9a1d-ec944e9fab64 of framework 20151219-005632-50331658-5050-15921-0000
I1219 01:07:07.815951 20920 status_update_manager.hpp:346] Checkpointing ACK for status update TASK_RUNNING (UUID: 95fa546c-fa71-45b7-b32f-4d9b7b419ebb) for task 1450487220439-www-data-devel-job7-0-b9d9a0df-410b-46e3-9a1d-ec944e9fab64 of framework 20151219-005632-50331658-5050-15921-0000
I1219 01:07:08.635145 20926 slave.cpp:2508] Handling status update TASK_FINISHED (UUID: 1a2ba3df-4259-439b-891c-5090e73dc823) for task 1450487220003-www-data-devel-job29-0-35fea4df-780f-474c-baca-8b6e8ea97ed2 of framework 20151219-005632-50331658-5050-15921-0000 from executor(1)@10.0.0.6:41918
I1219 01:07:08.635952 20931 status_update_manager.cpp:317] Received status update TASK_FINISHED (UUID: 1a2ba3df-4259-439b-891c-5090e73dc823) for task 1450487220003-www-data-devel-job29-0-35fea4df-780f-474c-baca-8b6e8ea97ed2 of framework 20151219-005632-50331658-5050-15921-0000
I1219 01:07:08.636054 20931 status_update_manager.hpp:346] Checkpointing UPDATE for status update TASK_FINISHED (UUID: 1a2ba3df-4259-439b-891c-5090e73dc823) for task 1450487220003-www-data-devel-job29-0-35fea4df-780f-474c-baca-8b6e8ea97ed2 of framework 20151219-005632-50331658-5050-15921-0000
I1219 01:07:08.640518 20933 slave.cpp:2753] Forwarding the update TASK_FINISHED (UUID: 1a2ba3df-4259-439b-891c-5090e73dc823) for task 1450487220003-www-data-devel-job29-0-35fea4df-780f-474c-baca-8b6e8ea97ed2 of framework 20151219-005632-50331658-5050-15921-0000 to master@10.0.0.3:5050
I1219 01:07:08.640645 20933 slave.cpp:2686] Sending acknowledgement for status update TASK_FINISHED (UUID: 1a2ba3df-4259-439b-891c-5090e73dc823) for task 1450487220003-www-data-devel-job29-0-35fea4df-780f-474c-baca-8b6e8ea97ed2 of framework 20151219-005632-50331658-5050-15921-0000 to executor(1)@10.0.0.6:41918
I1219 01:07:08.651638 20931 status_update_manager.cpp:389] Received status update acknowledgement (UUID: 1a2ba3df-4259-439b-891c-5090e73dc823) for task 1450487220003-www-data-devel-job29-0-35fea4df-780f-474c-baca-8b6e8ea97ed2 of framework 20151219-005632-50331658-5050-15921-0000
I1219 01:07:08.651687 20931 status_update_manager.hpp:346] Checkpointing ACK for status update TASK_FINISHED (UUID: 1a2ba3df-4259-439b-891c-5090e73dc823) for task 1450487220003-www-data-devel-job29-0-35fea4df-780f-474c-baca-8b6e8ea97ed2 of framework 20151219-005632-50331658-5050-15921-0000
I1219 01:07:13.739495 20933 containerizer.cpp:1111] Executor for container 'd8373dc8-6ca7-46d7-941c-49f8002297f3' has exited
I1219 01:07:13.739599 20933 containerizer.cpp:906] Destroying container 'd8373dc8-6ca7-46d7-941c-49f8002297f3'
I1219 01:07:13.741250 20920 slave.cpp:3193] Executor 'thermos-1450487220003-www-data-devel-job29-0-35fea4df-780f-474c-baca-8b6e8ea97ed2' of framework 20151219-005632-50331658-5050-15921-0000 exited with status 0
I1219 01:07:13.741405 20920 slave.cpp:3302] Cleaning up executor 'thermos-1450487220003-www-data-devel-job29-0-35fea4df-780f-474c-baca-8b6e8ea97ed2' of framework 20151219-005632-50331658-5050-15921-0000
I1219 01:07:13.741731 20919 gc.cpp:56] Scheduling '/var/lib/mesos/slave/slaves/20151219-005632-50331658-5050-15921-S0/frameworks/20151219-005632-50331658-5050-15921-0000/executors/thermos-1450487220003-www-data-devel-job29-0-35fea4df-780f-474c-baca-8b6e8ea97ed2/runs/d8373dc8-6ca7-46d7-941c-49f8002297f3' for gc 6.99999141593778days in the future
I1219 01:07:13.741804 20919 gc.cpp:56] Scheduling '/var/lib/mesos/slave/slaves/20151219-005632-50331658-5050-15921-S0/frameworks/20151219-005632-50331658-5050-15921-0000/executors/thermos-1450487220003-www-data-devel-job29-0-35fea4df-780f-474c-baca-8b6e8ea97ed2' for gc 6.99999141481482days in the future
I1219 01:07:13.741878 20919 gc.cpp:56] Scheduling '/var/lib/mesos/slave/meta/slaves/20151219-005632-50331658-5050-15921-S0/frameworks/20151219-005632-50331658-5050-15921-0000/executors/thermos-1450487220003-www-data-devel-job29-0-35fea4df-780f-474c-baca-8b6e8ea97ed2/runs/d8373dc8-6ca7-46d7-941c-49f8002297f3' for gc 6.99999141409778days in the future
I1219 01:07:13.741936 20919 gc.cpp:56] Scheduling '/var/lib/mesos/slave/meta/slaves/20151219-005632-50331658-5050-15921-S0/frameworks/20151219-005632-50331658-5050-15921-0000/executors/thermos-1450487220003-www-data-devel-job29-0-35fea4df-780f-474c-baca-8b6e8ea97ed2' for gc 6.99999141369185days in the future
I1219 01:07:16.887461 20926 slave.cpp:1121] Got assigned task 1450487220034-www-data-devel-job5-0-1983d6e6-9e78-41b6-a0a8-0c052a668819 for framework 20151219-005632-50331658-5050-15921-0000
I1219 01:07:16.887697 20926 slave.cpp:1231] Launching task 1450487220034-www-data-devel-job5-0-1983d6e6-9e78-41b6-a0a8-0c052a668819 for framework 20151219-005632-50331658-5050-15921-0000
I1219 01:07:16.890550 20926 slave.cpp:4160] Launching executor thermos-1450487220034-www-data-devel-job5-0-1983d6e6-9e78-41b6-a0a8-0c052a668819 of framework 20151219-005632-50331658-5050-15921-0000 in work directory '/var/lib/mesos/slave/slaves/20151219-005632-50331658-5050-15921-S0/frameworks/20151219-005632-50331658-5050-15921-0000/executors/thermos-1450487220034-www-data-devel-job5-0-1983d6e6-9e78-41b6-a0a8-0c052a668819/runs/b4f1971c-db62-4757-9360-f579ff0d7ee1'
I1219 01:07:16.890687 20921 containerizer.cpp:472] Starting container 'b4f1971c-db62-4757-9360-f579ff0d7ee1' for executor 'thermos-1450487220034-www-data-devel-job5-0-1983d6e6-9e78-41b6-a0a8-0c052a668819' of framework '20151219-005632-50331658-5050-15921-0000'
I1219 01:07:16.893172 20932 launcher.cpp:130] Forked child with pid '23403' for container 'b4f1971c-db62-4757-9360-f579ff0d7ee1'
I1219 01:07:16.893260 20926 slave.cpp:1378] Queuing task '1450487220034-www-data-devel-job5-0-1983d6e6-9e78-41b6-a0a8-0c052a668819' for executor thermos-1450487220034-www-data-devel-job5-0-1983d6e6-9e78-41b6-a0a8-0c052a668819 of framework '20151219-005632-50331658-5050-15921-0000
I1219 01:07:16.893352 20932 containerizer.cpp:682] Checkpointing executor's forked pid 23403 to '/var/lib/mesos/slave/meta/slaves/20151219-005632-50331658-5050-15921-S0/frameworks/20151219-005632-50331658-5050-15921-0000/executors/thermos-1450487220034-www-data-devel-job5-0-1983d6e6-9e78-41b6-a0a8-0c052a668819/runs/b4f1971c-db62-4757-9360-f579ff0d7ee1/pids/forked.pid'
I1219 01:07:16.898726 20926 fetcher.cpp:238] Fetching URIs using command '/usr/libexec/mesos/mesos-fetcher'
I1219 01:07:16.957267 20930 slave.cpp:2508] Handling status update TASK_FINISHED (UUID: f69349d3-e9ea-4adc-91b7-dfa359a771ca) for task 1450487220439-www-data-devel-job7-0-b9d9a0df-410b-46e3-9a1d-ec944e9fab64 of framework 20151219-005632-50331658-5050-15921-0000 from executor(1)@10.0.0.6:38091
I1219 01:07:16.957803 20921 status_update_manager.cpp:317] Received status update TASK_FINISHED (UUID: f69349d3-e9ea-4adc-91b7-dfa359a771ca) for task 1450487220439-www-data-devel-job7-0-b9d9a0df-410b-46e3-9a1d-ec944e9fab64 of framework 20151219-005632-50331658-5050-15921-0000
I1219 01:07:16.957875 20921 status_update_manager.hpp:346] Checkpointing UPDATE for status update TASK_FINISHED (UUID: f69349d3-e9ea-4adc-91b7-dfa359a771ca) for task 1450487220439-www-data-devel-job7-0-b9d9a0df-410b-46e3-9a1d-ec944e9fab64 of framework 20151219-005632-50331658-5050-15921-0000
I1219 01:07:16.963088 20926 slave.cpp:2753] Forwarding the update TASK_FINISHED (UUID: f69349d3-e9ea-4adc-91b7-dfa359a771ca) for task 1450487220439-www-data-devel-job7-0-b9d9a0df-410b-46e3-9a1d-ec944e9fab64 of framework 20151219-005632-50331658-5050-15921-0000 to master@10.0.0.3:5050
I1219 01:07:16.963223 20926 slave.cpp:2686] Sending acknowledgement for status update TASK_FINISHED (UUID: f69349d3-e9ea-4adc-91b7-dfa359a771ca) for task 1450487220439-www-data-devel-job7-0-b9d9a0df-410b-46e3-9a1d-ec944e9fab64 of framework 20151219-005632-50331658-5050-15921-0000 to executor(1)@10.0.0.6:38091
I1219 01:07:16.971776 20921 status_update_manager.cpp:389] Received status update acknowledgement (UUID: f69349d3-e9ea-4adc-91b7-dfa359a771ca) for task 1450487220439-www-data-devel-job7-0-b9d9a0df-410b-46e3-9a1d-ec944e9fab64 of framework 20151219-005632-50331658-5050-15921-0000
I1219 01:07:16.971815 20921 status_update_manager.hpp:346] Checkpointing ACK for status update TASK_FINISHED (UUID: f69349d3-e9ea-4adc-91b7-dfa359a771ca) for task 1450487220439-www-data-devel-job7-0-b9d9a0df-410b-46e3-9a1d-ec944e9fab64 of framework 20151219-005632-50331658-5050-15921-0000
I1219 01:07:17.055330 20920 slave.cpp:3135] Monitoring executor 'thermos-1450487220034-www-data-devel-job5-0-1983d6e6-9e78-41b6-a0a8-0c052a668819' of framework '20151219-005632-50331658-5050-15921-0000' in container 'b4f1971c-db62-4757-9360-f579ff0d7ee1'
I1219 01:07:17.559873 20932 slave.cpp:2141] Got registration for executor 'thermos-1450487220034-www-data-devel-job5-0-1983d6e6-9e78-41b6-a0a8-0c052a668819' of framework 20151219-005632-50331658-5050-15921-0000 from executor(1)@10.0.0.6:38114
I1219 01:07:17.560910 20918 slave.cpp:1532] Sending queued task '1450487220034-www-data-devel-job5-0-1983d6e6-9e78-41b6-a0a8-0c052a668819' to executor 'thermos-1450487220034-www-data-devel-job5-0-1983d6e6-9e78-41b6-a0a8-0c052a668819' of framework 20151219-005632-50331658-5050-15921-0000
I1219 01:07:17.566495 20930 slave.cpp:2508] Handling status update TASK_STARTING (UUID: ff220e0b-eb84-4d60-84e9-c54922fbe17a) for task 1450487220034-www-data-devel-job5-0-1983d6e6-9e78-41b6-a0a8-0c052a668819 of framework 20151219-005632-50331658-5050-15921-0000 from executor(1)@10.0.0.6:38114
I1219 01:07:17.566632 20930 status_update_manager.cpp:317] Received status update TASK_STARTING (UUID: ff220e0b-eb84-4d60-84e9-c54922fbe17a) for task 1450487220034-www-data-devel-job5-0-1983d6e6-9e78-41b6-a0a8-0c052a668819 of framework 20151219-005632-50331658-5050-15921-0000
I1219 01:07:17.567025 20930 status_update_manager.hpp:346] Checkpointing UPDATE for status update TASK_STARTING (UUID: ff220e0b-eb84-4d60-84e9-c54922fbe17a) for task 1450487220034-www-data-devel-job5-0-1983d6e6-9e78-41b6-a0a8-0c052a668819 of framework 20151219-005632-50331658-5050-15921-0000
I1219 01:07:17.571097 20931 slave.cpp:2753] Forwarding the update TASK_STARTING (UUID: ff220e0b-eb84-4d60-84e9-c54922fbe17a) for task 1450487220034-www-data-devel-job5-0-1983d6e6-9e78-41b6-a0a8-0c052a668819 of framework 20151219-005632-50331658-5050-15921-0000 to master@10.0.0.3:5050
I1219 01:07:17.571240 20931 slave.cpp:2686] Sending acknowledgement for status update TASK_STARTING (UUID: ff220e0b-eb84-4d60-84e9-c54922fbe17a) for task 1450487220034-www-data-devel-job5-0-1983d6e6-9e78-41b6-a0a8-0c052a668819 of framework 20151219-005632-50331658-5050-15921-0000 to executor(1)@10.0.0.6:38114
I1219 01:07:17.579643 20927 status_update_manager.cpp:389] Received status update acknowledgement (UUID: ff220e0b-eb84-4d60-84e9-c54922fbe17a) for task 1450487220034-www-data-devel-job5-0-1983d6e6-9e78-41b6-a0a8-0c052a668819 of framework 20151219-005632-50331658-5050-15921-0000
I1219 01:07:17.579725 20927 status_update_manager.hpp:346] Checkpointing ACK for status update TASK_STARTING (UUID: ff220e0b-eb84-4d60-84e9-c54922fbe17a) for task 1450487220034-www-data-devel-job5-0-1983d6e6-9e78-41b6-a0a8-0c052a668819 of framework 20151219-005632-50331658-5050-15921-0000
I1219 01:07:18.147308 20923 slave.cpp:2508] Handling status update TASK_RUNNING (UUID: c1f78be5-67bc-4eed-91f1-588d2ec96833) for task 1450487220034-www-data-devel-job5-0-1983d6e6-9e78-41b6-a0a8-0c052a668819 of framework 20151219-005632-50331658-5050-15921-0000 from executor(1)@10.0.0.6:38114
I1219 01:07:18.147470 20933 status_update_manager.cpp:317] Received status update TASK_RUNNING (UUID: c1f78be5-67bc-4eed-91f1-588d2ec96833) for task 1450487220034-www-data-devel-job5-0-1983d6e6-9e78-41b6-a0a8-0c052a668819 of framework 20151219-005632-50331658-5050-15921-0000
I1219 01:07:18.147512 20933 status_update_manager.hpp:346] Checkpointing UPDATE for status update TASK_RUNNING (UUID: c1f78be5-67bc-4eed-91f1-588d2ec96833) for task 1450487220034-www-data-devel-job5-0-1983d6e6-9e78-41b6-a0a8-0c052a668819 of framework 20151219-005632-50331658-5050-15921-0000
I1219 01:07:18.152693 20923 slave.cpp:2753] Forwarding the update TASK_RUNNING (UUID: c1f78be5-67bc-4eed-91f1-588d2ec96833) for task 1450487220034-www-data-devel-job5-0-1983d6e6-9e78-41b6-a0a8-0c052a668819 of framework 20151219-005632-50331658-5050-15921-0000 to master@10.0.0.3:5050
I1219 01:07:18.152794 20923 slave.cpp:2686] Sending acknowledgement for status update TASK_RUNNING (UUID: c1f78be5-67bc-4eed-91f1-588d2ec96833) for task 1450487220034-www-data-devel-job5-0-1983d6e6-9e78-41b6-a0a8-0c052a668819 of framework 20151219-005632-50331658-5050-15921-0000 to executor(1)@10.0.0.6:38114
I1219 01:07:18.161520 20928 status_update_manager.cpp:389] Received status update acknowledgement (UUID: c1f78be5-67bc-4eed-91f1-588d2ec96833) for task 1450487220034-www-data-devel-job5-0-1983d6e6-9e78-41b6-a0a8-0c052a668819 of framework 20151219-005632-50331658-5050-15921-0000
I1219 01:07:18.161561 20928 status_update_manager.hpp:346] Checkpointing ACK for status update TASK_RUNNING (UUID: c1f78be5-67bc-4eed-91f1-588d2ec96833) for task 1450487220034-www-data-devel-job5-0-1983d6e6-9e78-41b6-a0a8-0c052a668819 of framework 20151219-005632-50331658-5050-15921-0000
I1219 01:07:22.078858 20929 containerizer.cpp:1111] Executor for container '6d1b3692-6dec-46ca-bc10-e80693efb280' has exited
I1219 01:07:22.078901 20929 containerizer.cpp:906] Destroying container '6d1b3692-6dec-46ca-bc10-e80693efb280'
I1219 01:07:22.080235 20921 slave.cpp:3193] Executor 'thermos-1450487220439-www-data-devel-job7-0-b9d9a0df-410b-46e3-9a1d-ec944e9fab64' of framework 20151219-005632-50331658-5050-15921-0000 exited with status 0
I1219 01:07:22.080350 20921 slave.cpp:3302] Cleaning up executor 'thermos-1450487220439-www-data-devel-job7-0-b9d9a0df-410b-46e3-9a1d-ec944e9fab64' of framework 20151219-005632-50331658-5050-15921-0000
I1219 01:07:22.080586 20924 gc.cpp:56] Scheduling '/var/lib/mesos/slave/slaves/20151219-005632-50331658-5050-15921-S0/frameworks/20151219-005632-50331658-5050-15921-0000/executors/thermos-1450487220439-www-data-devel-job7-0-b9d9a0df-410b-46e3-9a1d-ec944e9fab64/runs/6d1b3692-6dec-46ca-bc10-e80693efb280' for gc 6.99999906779852days in the future
