I1219 01:03:45.270462 20921 slave.cpp:3302] Cleaning up executor 'thermos-1450486980077-www-data-devel-job4-0-90d4b59c-e20f-4265-8306-74737a619fc2' of framework 20151219-005632-50331658-5050-15921-0000
I1219 01:03:45.270824 20919 gc.cpp:56] Scheduling '/var/lib/mesos/slave/slaves/20151219-005632-50331658-5050-15921-S0/frameworks/20151219-005632-50331658-5050-15921-0000/executors/thermos-1450486980077-www-data-devel-job4-0-90d4b59c-e20f-4265-8306-74737a619fc2/runs/271061bf-91e7-481d-8b62-5743352efcbf' for gc 6.99999686620444days in the future
I1219 01:03:45.270928 20919 gc.cpp:56] Scheduling '/var/lib/mesos/slave/slaves/20151219-005632-50331658-5050-15921-S0/frameworks/20151219-005632-50331658-5050-15921-0000/executors/thermos-1450486980077-www-data-devel-job4-0-90d4b59c-e20f-4265-8306-74737a619fc2' for gc 6.99999686505778days in the future
I1219 01:03:45.271026 20919 gc.cpp:56] Scheduling '/var/lib/mesos/slave/meta/slaves/20151219-005632-50331658-5050-15921-S0/frameworks/20151219-005632-50331658-5050-15921-0000/executors/thermos-1450486980077-www-data-devel-job4-0-90d4b59c-e20f-4265-8306-74737a619fc2/runs/271061bf-91e7-481d-8b62-5743352efcbf' for gc 6.9999968637037days in the future
I1219 01:03:45.271059 20921 slave.cpp:3381] Cleaning up framework 20151219-005632-50331658-5050-15921-0000
I1219 01:03:45.271077 20919 gc.cpp:56] Scheduling '/var/lib/mesos/slave/meta/slaves/20151219-005632-50331658-5050-15921-S0/frameworks/20151219-005632-50331658-5050-15921-0000/executors/thermos-1450486980077-www-data-devel-job4-0-90d4b59c-e20f-4265-8306-74737a619fc2' for gc 6.99999686288days in the future
I1219 01:03:45.271173 20926 status_update_manager.cpp:279] Closing status update streams for framework 20151219-005632-50331658-5050-15921-0000
I1219 01:03:45.271229 20926 gc.cpp:56] Scheduling '/var/lib/mesos/slave/slaves/20151219-005632-50331658-5050-15921-S0/frameworks/20151219-005632-50331658-5050-15921-0000' for gc 6.99999686119111days in the future
I1219 01:03:45.271356 20927 gc.cpp:56] Scheduling '/var/lib/mesos/slave/meta/slaves/20151219-005632-50331658-5050-15921-S0/frameworks/20151219-005632-50331658-5050-15921-0000' for gc 6.99999686021037days in the future
I1219 01:04:00.281544 20918 slave.cpp:3534] Framework 20151219-005632-50331658-5050-15921-0000 seems to have exited. Ignoring registration timeout for executor 'thermos-1450486980017-www-data-devel-job29-0-77f74fff-9641-4d38-bbb1-bf641b4c4d34'
I1219 01:04:00.281987 20921 slave.cpp:1121] Got assigned task 1450487040002-www-data-devel-job29-0-32cf1a7d-9627-4336-8761-7a2a29ff32b0 for framework 20151219-005632-50331658-5050-15921-0000
I1219 01:04:00.284386 20921 gc.cpp:84] Unscheduling '/var/lib/mesos/slave/slaves/20151219-005632-50331658-5050-15921-S0/frameworks/20151219-005632-50331658-5050-15921-0000' from gc
I1219 01:04:00.284502 20919 gc.cpp:84] Unscheduling '/var/lib/mesos/slave/meta/slaves/20151219-005632-50331658-5050-15921-S0/frameworks/20151219-005632-50331658-5050-15921-0000' from gc
I1219 01:04:00.284610 20919 slave.cpp:1231] Launching task 1450487040002-www-data-devel-job29-0-32cf1a7d-9627-4336-8761-7a2a29ff32b0 for framework 20151219-005632-50331658-5050-15921-0000
I1219 01:04:00.287524 20919 slave.cpp:4160] Launching executor thermos-1450487040002-www-data-devel-job29-0-32cf1a7d-9627-4336-8761-7a2a29ff32b0 of framework 20151219-005632-50331658-5050-15921-0000 in work directory '/var/lib/mesos/slave/slaves/20151219-005632-50331658-5050-15921-S0/frameworks/20151219-005632-50331658-5050-15921-0000/executors/thermos-1450487040002-www-data-devel-job29-0-32cf1a7d-9627-4336-8761-7a2a29ff32b0/runs/ce3fbcb5-8e84-4ddb-ab09-da4919d6d18d'
I1219 01:04:00.287699 20920 containerizer.cpp:472] Starting container 'ce3fbcb5-8e84-4ddb-ab09-da4919d6d18d' for executor 'thermos-1450487040002-www-data-devel-job29-0-32cf1a7d-9627-4336-8761-7a2a29ff32b0' of framework '20151219-005632-50331658-5050-15921-0000'
I1219 01:04:00.288378 20919 slave.cpp:1378] Queuing task '1450487040002-www-data-devel-job29-0-32cf1a7d-9627-4336-8761-7a2a29ff32b0' for executor thermos-1450487040002-www-data-devel-job29-0-32cf1a7d-9627-4336-8761-7a2a29ff32b0 of framework '20151219-005632-50331658-5050-15921-0000
I1219 01:04:00.289315 20920 launcher.cpp:130] Forked child with pid '22434' for container 'ce3fbcb5-8e84-4ddb-ab09-da4919d6d18d'
I1219 01:04:00.289535 20920 containerizer.cpp:682] Checkpointing executor's forked pid 22434 to '/var/lib/mesos/slave/meta/slaves/20151219-005632-50331658-5050-15921-S0/frameworks/20151219-005632-50331658-5050-15921-0000/executors/thermos-1450487040002-www-data-devel-job29-0-32cf1a7d-9627-4336-8761-7a2a29ff32b0/runs/ce3fbcb5-8e84-4ddb-ab09-da4919d6d18d/pids/forked.pid'
I1219 01:04:00.294487 20920 fetcher.cpp:238] Fetching URIs using command '/usr/libexec/mesos/mesos-fetcher'
I1219 01:04:00.433089 20922 slave.cpp:3135] Monitoring executor 'thermos-1450487040002-www-data-devel-job29-0-32cf1a7d-9627-4336-8761-7a2a29ff32b0' of framework '20151219-005632-50331658-5050-15921-0000' in container 'ce3fbcb5-8e84-4ddb-ab09-da4919d6d18d'
I1219 01:04:00.957543 20922 slave.cpp:2141] Got registration for executor 'thermos-1450487040002-www-data-devel-job29-0-32cf1a7d-9627-4336-8761-7a2a29ff32b0' of framework 20151219-005632-50331658-5050-15921-0000 from executor(1)@10.0.0.6:56013
I1219 01:04:00.965924 20932 slave.cpp:1532] Sending queued task '1450487040002-www-data-devel-job29-0-32cf1a7d-9627-4336-8761-7a2a29ff32b0' to executor 'thermos-1450487040002-www-data-devel-job29-0-32cf1a7d-9627-4336-8761-7a2a29ff32b0' of framework 20151219-005632-50331658-5050-15921-0000
I1219 01:04:00.971851 20923 slave.cpp:2508] Handling status update TASK_STARTING (UUID: cfb244bf-ba09-4e10-8416-64a78bc13b61) for task 1450487040002-www-data-devel-job29-0-32cf1a7d-9627-4336-8761-7a2a29ff32b0 of framework 20151219-005632-50331658-5050-15921-0000 from executor(1)@10.0.0.6:56013
I1219 01:04:00.972019 20929 status_update_manager.cpp:317] Received status update TASK_STARTING (UUID: cfb244bf-ba09-4e10-8416-64a78bc13b61) for task 1450487040002-www-data-devel-job29-0-32cf1a7d-9627-4336-8761-7a2a29ff32b0 of framework 20151219-005632-50331658-5050-15921-0000
I1219 01:04:00.972396 20929 status_update_manager.hpp:346] Checkpointing UPDATE for status update TASK_STARTING (UUID: cfb244bf-ba09-4e10-8416-64a78bc13b61) for task 1450487040002-www-data-devel-job29-0-32cf1a7d-9627-4336-8761-7a2a29ff32b0 of framework 20151219-005632-50331658-5050-15921-0000
I1219 01:04:00.976847 20933 slave.cpp:2753] Forwarding the update TASK_STARTING (UUID: cfb244bf-ba09-4e10-8416-64a78bc13b61) for task 1450487040002-www-data-devel-job29-0-32cf1a7d-9627-4336-8761-7a2a29ff32b0 of framework 20151219-005632-50331658-5050-15921-0000 to master@10.0.0.3:5050
I1219 01:04:00.976989 20933 slave.cpp:2686] Sending acknowledgement for status update TASK_STARTING (UUID: cfb244bf-ba09-4e10-8416-64a78bc13b61) for task 1450487040002-www-data-devel-job29-0-32cf1a7d-9627-4336-8761-7a2a29ff32b0 of framework 20151219-005632-50331658-5050-15921-0000 to executor(1)@10.0.0.6:56013
I1219 01:04:00.984143 20929 status_update_manager.cpp:389] Received status update acknowledgement (UUID: cfb244bf-ba09-4e10-8416-64a78bc13b61) for task 1450487040002-www-data-devel-job29-0-32cf1a7d-9627-4336-8761-7a2a29ff32b0 of framework 20151219-005632-50331658-5050-15921-0000
I1219 01:04:00.984205 20929 status_update_manager.hpp:346] Checkpointing ACK for status update TASK_STARTING (UUID: cfb244bf-ba09-4e10-8416-64a78bc13b61) for task 1450487040002-www-data-devel-job29-0-32cf1a7d-9627-4336-8761-7a2a29ff32b0 of framework 20151219-005632-50331658-5050-15921-0000
I1219 01:04:01.553951 20929 slave.cpp:2508] Handling status update TASK_RUNNING (UUID: 874276a0-8053-4b4f-bf34-6108c69f682b) for task 1450487040002-www-data-devel-job29-0-32cf1a7d-9627-4336-8761-7a2a29ff32b0 of framework 20151219-005632-50331658-5050-15921-0000 from executor(1)@10.0.0.6:56013
I1219 01:04:01.554097 20929 status_update_manager.cpp:317] Received status update TASK_RUNNING (UUID: 874276a0-8053-4b4f-bf34-6108c69f682b) for task 1450487040002-www-data-devel-job29-0-32cf1a7d-9627-4336-8761-7a2a29ff32b0 of framework 20151219-005632-50331658-5050-15921-0000
I1219 01:04:01.554119 20929 status_update_manager.hpp:346] Checkpointing UPDATE for status update TASK_RUNNING (UUID: 874276a0-8053-4b4f-bf34-6108c69f682b) for task 1450487040002-www-data-devel-job29-0-32cf1a7d-9627-4336-8761-7a2a29ff32b0 of framework 20151219-005632-50331658-5050-15921-0000
I1219 01:04:01.559773 20925 slave.cpp:2753] Forwarding the update TASK_RUNNING (UUID: 874276a0-8053-4b4f-bf34-6108c69f682b) for task 1450487040002-www-data-devel-job29-0-32cf1a7d-9627-4336-8761-7a2a29ff32b0 of framework 20151219-005632-50331658-5050-15921-0000 to master@10.0.0.3:5050
I1219 01:04:01.559900 20925 slave.cpp:2686] Sending acknowledgement for status update TASK_RUNNING (UUID: 874276a0-8053-4b4f-bf34-6108c69f682b) for task 1450487040002-www-data-devel-job29-0-32cf1a7d-9627-4336-8761-7a2a29ff32b0 of framework 20151219-005632-50331658-5050-15921-0000 to executor(1)@10.0.0.6:56013
I1219 01:04:01.567917 20929 status_update_manager.cpp:389] Received status update acknowledgement (UUID: 874276a0-8053-4b4f-bf34-6108c69f682b) for task 1450487040002-www-data-devel-job29-0-32cf1a7d-9627-4336-8761-7a2a29ff32b0 of framework 20151219-005632-50331658-5050-15921-0000
I1219 01:04:01.567947 20929 status_update_manager.hpp:346] Checkpointing ACK for status update TASK_RUNNING (UUID: 874276a0-8053-4b4f-bf34-6108c69f682b) for task 1450487040002-www-data-devel-job29-0-32cf1a7d-9627-4336-8761-7a2a29ff32b0 of framework 20151219-005632-50331658-5050-15921-0000
I1219 01:04:06.002140 20919 slave.cpp:1121] Got assigned task 1450487040034-www-data-devel-job12-0-f0630bf7-f825-4abe-898d-3ae58e0a135f for framework 20151219-005632-50331658-5050-15921-0000
I1219 01:04:06.003510 20919 slave.cpp:1231] Launching task 1450487040034-www-data-devel-job12-0-f0630bf7-f825-4abe-898d-3ae58e0a135f for framework 20151219-005632-50331658-5050-15921-0000
I1219 01:04:06.005172 20919 slave.cpp:4160] Launching executor thermos-1450487040034-www-data-devel-job12-0-f0630bf7-f825-4abe-898d-3ae58e0a135f of framework 20151219-005632-50331658-5050-15921-0000 in work directory '/var/lib/mesos/slave/slaves/20151219-005632-50331658-5050-15921-S0/frameworks/20151219-005632-50331658-5050-15921-0000/executors/thermos-1450487040034-www-data-devel-job12-0-f0630bf7-f825-4abe-898d-3ae58e0a135f/runs/b51d3c44-2d8c-476a-85a5-70fd572aec6e'
I1219 01:04:06.005331 20928 containerizer.cpp:472] Starting container 'b51d3c44-2d8c-476a-85a5-70fd572aec6e' for executor 'thermos-1450487040034-www-data-devel-job12-0-f0630bf7-f825-4abe-898d-3ae58e0a135f' of framework '20151219-005632-50331658-5050-15921-0000'
I1219 01:04:06.006567 20919 slave.cpp:1378] Queuing task '1450487040034-www-data-devel-job12-0-f0630bf7-f825-4abe-898d-3ae58e0a135f' for executor thermos-1450487040034-www-data-devel-job12-0-f0630bf7-f825-4abe-898d-3ae58e0a135f of framework '20151219-005632-50331658-5050-15921-0000
I1219 01:04:06.006595 20928 launcher.cpp:130] Forked child with pid '22487' for container 'b51d3c44-2d8c-476a-85a5-70fd572aec6e'
I1219 01:04:06.006959 20928 containerizer.cpp:682] Checkpointing executor's forked pid 22487 to '/var/lib/mesos/slave/meta/slaves/20151219-005632-50331658-5050-15921-S0/frameworks/20151219-005632-50331658-5050-15921-0000/executors/thermos-1450487040034-www-data-devel-job12-0-f0630bf7-f825-4abe-898d-3ae58e0a135f/runs/b51d3c44-2d8c-476a-85a5-70fd572aec6e/pids/forked.pid'
I1219 01:04:06.012084 20927 fetcher.cpp:238] Fetching URIs using command '/usr/libexec/mesos/mesos-fetcher'
I1219 01:04:06.159147 20926 slave.cpp:3135] Monitoring executor 'thermos-1450487040034-www-data-devel-job12-0-f0630bf7-f825-4abe-898d-3ae58e0a135f' of framework '20151219-005632-50331658-5050-15921-0000' in container 'b51d3c44-2d8c-476a-85a5-70fd572aec6e'
I1219 01:04:06.668288 20933 slave.cpp:2141] Got registration for executor 'thermos-1450487040034-www-data-devel-job12-0-f0630bf7-f825-4abe-898d-3ae58e0a135f' of framework 20151219-005632-50331658-5050-15921-0000 from executor(1)@10.0.0.6:40881
I1219 01:04:06.669174 20923 slave.cpp:1532] Sending queued task '1450487040034-www-data-devel-job12-0-f0630bf7-f825-4abe-898d-3ae58e0a135f' to executor 'thermos-1450487040034-www-data-devel-job12-0-f0630bf7-f825-4abe-898d-3ae58e0a135f' of framework 20151219-005632-50331658-5050-15921-0000
I1219 01:04:06.674856 20933 slave.cpp:2508] Handling status update TASK_STARTING (UUID: c88fff88-860c-4db3-b865-e3879b4f72e1) for task 1450487040034-www-data-devel-job12-0-f0630bf7-f825-4abe-898d-3ae58e0a135f of framework 20151219-005632-50331658-5050-15921-0000 from executor(1)@10.0.0.6:40881
I1219 01:04:06.675026 20925 status_update_manager.cpp:317] Received status update TASK_STARTING (UUID: c88fff88-860c-4db3-b865-e3879b4f72e1) for task 1450487040034-www-data-devel-job12-0-f0630bf7-f825-4abe-898d-3ae58e0a135f of framework 20151219-005632-50331658-5050-15921-0000
I1219 01:04:06.675390 20925 status_update_manager.hpp:346] Checkpointing UPDATE for status update TASK_STARTING (UUID: c88fff88-860c-4db3-b865-e3879b4f72e1) for task 1450487040034-www-data-devel-job12-0-f0630bf7-f825-4abe-898d-3ae58e0a135f of framework 20151219-005632-50331658-5050-15921-0000
I1219 01:04:06.679880 20933 slave.cpp:2753] Forwarding the update TASK_STARTING (UUID: c88fff88-860c-4db3-b865-e3879b4f72e1) for task 1450487040034-www-data-devel-job12-0-f0630bf7-f825-4abe-898d-3ae58e0a135f of framework 20151219-005632-50331658-5050-15921-0000 to master@10.0.0.3:5050
I1219 01:04:06.680007 20933 slave.cpp:2686] Sending acknowledgement for status update TASK_STARTING (UUID: c88fff88-860c-4db3-b865-e3879b4f72e1) for task 1450487040034-www-data-devel-job12-0-f0630bf7-f825-4abe-898d-3ae58e0a135f of framework 20151219-005632-50331658-5050-15921-0000 to executor(1)@10.0.0.6:40881
I1219 01:04:06.687248 20930 status_update_manager.cpp:389] Received status update acknowledgement (UUID: c88fff88-860c-4db3-b865-e3879b4f72e1) for task 1450487040034-www-data-devel-job12-0-f0630bf7-f825-4abe-898d-3ae58e0a135f of framework 20151219-005632-50331658-5050-15921-0000
I1219 01:04:06.687311 20930 status_update_manager.hpp:346] Checkpointing ACK for status update TASK_STARTING (UUID: c88fff88-860c-4db3-b865-e3879b4f72e1) for task 1450487040034-www-data-devel-job12-0-f0630bf7-f825-4abe-898d-3ae58e0a135f of framework 20151219-005632-50331658-5050-15921-0000
I1219 01:04:07.260650 20924 slave.cpp:2508] Handling status update TASK_RUNNING (UUID: f0eff510-96a7-4609-8474-aa889cfd07d0) for task 1450487040034-www-data-devel-job12-0-f0630bf7-f825-4abe-898d-3ae58e0a135f of framework 20151219-005632-50331658-5050-15921-0000 from executor(1)@10.0.0.6:40881
I1219 01:04:07.260790 20920 status_update_manager.cpp:317] Received status update TASK_RUNNING (UUID: f0eff510-96a7-4609-8474-aa889cfd07d0) for task 1450487040034-www-data-devel-job12-0-f0630bf7-f825-4abe-898d-3ae58e0a135f of framework 20151219-005632-50331658-5050-15921-0000
I1219 01:04:07.260857 20920 status_update_manager.hpp:346] Checkpointing UPDATE for status update TASK_RUNNING (UUID: f0eff510-96a7-4609-8474-aa889cfd07d0) for task 1450487040034-www-data-devel-job12-0-f0630bf7-f825-4abe-898d-3ae58e0a135f of framework 20151219-005632-50331658-5050-15921-0000
I1219 01:04:07.264858 20921 slave.cpp:2753] Forwarding the update TASK_RUNNING (UUID: f0eff510-96a7-4609-8474-aa889cfd07d0) for task 1450487040034-www-data-devel-job12-0-f0630bf7-f825-4abe-898d-3ae58e0a135f of framework 20151219-005632-50331658-5050-15921-0000 to master@10.0.0.3:5050
I1219 01:04:07.264981 20921 slave.cpp:2686] Sending acknowledgement for status update TASK_RUNNING (UUID: f0eff510-96a7-4609-8474-aa889cfd07d0) for task 1450487040034-www-data-devel-job12-0-f0630bf7-f825-4abe-898d-3ae58e0a135f of framework 20151219-005632-50331658-5050-15921-0000 to executor(1)@10.0.0.6:40881
I1219 01:04:07.273092 20920 status_update_manager.cpp:389] Received status update acknowledgement (UUID: f0eff510-96a7-4609-8474-aa889cfd07d0) for task 1450487040034-www-data-devel-job12-0-f0630bf7-f825-4abe-898d-3ae58e0a135f of framework 20151219-005632-50331658-5050-15921-0000
I1219 01:04:07.273138 20920 status_update_manager.hpp:346] Checkpointing ACK for status update TASK_RUNNING (UUID: f0eff510-96a7-4609-8474-aa889cfd07d0) for task 1450487040034-www-data-devel-job12-0-f0630bf7-f825-4abe-898d-3ae58e0a135f of framework 20151219-005632-50331658-5050-15921-0000
I1219 01:04:08.406132 20930 slave.cpp:2508] Handling status update TASK_FINISHED (UUID: c2ec03f8-ee6b-4590-8d50-37f4168cf267) for task 1450487040034-www-data-devel-job12-0-f0630bf7-f825-4abe-898d-3ae58e0a135f of framework 20151219-005632-50331658-5050-15921-0000 from executor(1)@10.0.0.6:40881
I1219 01:04:08.406834 20922 status_update_manager.cpp:317] Received status update TASK_FINISHED (UUID: c2ec03f8-ee6b-4590-8d50-37f4168cf267) for task 1450487040034-www-data-devel-job12-0-f0630bf7-f825-4abe-898d-3ae58e0a135f of framework 20151219-005632-50331658-5050-15921-0000
I1219 01:04:08.406903 20922 status_update_manager.hpp:346] Checkpointing UPDATE for status update TASK_FINISHED (UUID: c2ec03f8-ee6b-4590-8d50-37f4168cf267) for task 1450487040034-www-data-devel-job12-0-f0630bf7-f825-4abe-898d-3ae58e0a135f of framework 20151219-005632-50331658-5050-15921-0000
I1219 01:04:08.411597 20921 slave.cpp:2753] Forwarding the update TASK_FINISHED (UUID: c2ec03f8-ee6b-4590-8d50-37f4168cf267) for task 1450487040034-www-data-devel-job12-0-f0630bf7-f825-4abe-898d-3ae58e0a135f of framework 20151219-005632-50331658-5050-15921-0000 to master@10.0.0.3:5050
I1219 01:04:08.411700 20921 slave.cpp:2686] Sending acknowledgement for status update TASK_FINISHED (UUID: c2ec03f8-ee6b-4590-8d50-37f4168cf267) for task 1450487040034-www-data-devel-job12-0-f0630bf7-f825-4abe-898d-3ae58e0a135f of framework 20151219-005632-50331658-5050-15921-0000 to executor(1)@10.0.0.6:40881
I1219 01:04:08.419384 20922 status_update_manager.cpp:389] Received status update acknowledgement (UUID: c2ec03f8-ee6b-4590-8d50-37f4168cf267) for task 1450487040034-www-data-devel-job12-0-f0630bf7-f825-4abe-898d-3ae58e0a135f of framework 20151219-005632-50331658-5050-15921-0000
I1219 01:04:08.419419 20922 status_update_manager.hpp:346] Checkpointing ACK for status update TASK_FINISHED (UUID: c2ec03f8-ee6b-4590-8d50-37f4168cf267) for task 1450487040034-www-data-devel-job12-0-f0630bf7-f825-4abe-898d-3ae58e0a135f of framework 20151219-005632-50331658-5050-15921-0000
I1219 01:04:08.707381 20930 slave.cpp:2508] Handling status update TASK_FINISHED (UUID: bf2fa66d-aaff-48af-930f-14c4a8264cd5) for task 1450487040002-www-data-devel-job29-0-32cf1a7d-9627-4336-8761-7a2a29ff32b0 of framework 20151219-005632-50331658-5050-15921-0000 from executor(1)@10.0.0.6:56013
I1219 01:04:08.708248 20927 status_update_manager.cpp:317] Received status update TASK_FINISHED (UUID: bf2fa66d-aaff-48af-930f-14c4a8264cd5) for task 1450487040002-www-data-devel-job29-0-32cf1a7d-9627-4336-8761-7a2a29ff32b0 of framework 20151219-005632-50331658-5050-15921-0000
I1219 01:04:08.708309 20927 status_update_manager.hpp:346] Checkpointing UPDATE for status update TASK_FINISHED (UUID: bf2fa66d-aaff-48af-930f-14c4a8264cd5) for task 1450487040002-www-data-devel-job29-0-32cf1a7d-9627-4336-8761-7a2a29ff32b0 of framework 20151219-005632-50331658-5050-15921-0000
I1219 01:04:08.715200 20933 slave.cpp:2753] Forwarding the update TASK_FINISHED (UUID: bf2fa66d-aaff-48af-930f-14c4a8264cd5) for task 1450487040002-www-data-devel-job29-0-32cf1a7d-9627-4336-8761-7a2a29ff32b0 of framework 20151219-005632-50331658-5050-15921-0000 to master@10.0.0.3:5050
I1219 01:04:08.715385 20933 slave.cpp:2686] Sending acknowledgement for status update TASK_FINISHED (UUID: bf2fa66d-aaff-48af-930f-14c4a8264cd5) for task 1450487040002-www-data-devel-job29-0-32cf1a7d-9627-4336-8761-7a2a29ff32b0 of framework 20151219-005632-50331658-5050-15921-0000 to executor(1)@10.0.0.6:56013
I1219 01:04:08.723887 20927 status_update_manager.cpp:389] Received status update acknowledgement (UUID: bf2fa66d-aaff-48af-930f-14c4a8264cd5) for task 1450487040002-www-data-devel-job29-0-32cf1a7d-9627-4336-8761-7a2a29ff32b0 of framework 20151219-005632-50331658-5050-15921-0000
I1219 01:04:08.723927 20927 status_update_manager.hpp:346] Checkpointing ACK for status update TASK_FINISHED (UUID: bf2fa66d-aaff-48af-930f-14c4a8264cd5) for task 1450487040002-www-data-devel-job29-0-32cf1a7d-9627-4336-8761-7a2a29ff32b0 of framework 20151219-005632-50331658-5050-15921-0000
I1219 01:04:10.148576 20927 slave.cpp:1121] Got assigned task 1450487040061-www-data-devel-job15-0-3e4c3687-051f-4e77-ad5a-6a8803017948 for framework 20151219-005632-50331658-5050-15921-0000
I1219 01:04:10.148802 20927 slave.cpp:1231] Launching task 1450487040061-www-data-devel-job15-0-3e4c3687-051f-4e77-ad5a-6a8803017948 for framework 20151219-005632-50331658-5050-15921-0000
I1219 01:04:10.152611 20927 slave.cpp:4160] Launching executor thermos-1450487040061-www-data-devel-job15-0-3e4c3687-051f-4e77-ad5a-6a8803017948 of framework 20151219-005632-50331658-5050-15921-0000 in work directory '/var/lib/mesos/slave/slaves/20151219-005632-50331658-5050-15921-S0/frameworks/20151219-005632-50331658-5050-15921-0000/executors/thermos-1450487040061-www-data-devel-job15-0-3e4c3687-051f-4e77-ad5a-6a8803017948/runs/3a4a0a1c-3e43-4809-852a-5fa48e4cec85'
I1219 01:04:10.152756 20925 containerizer.cpp:472] Starting container '3a4a0a1c-3e43-4809-852a-5fa48e4cec85' for executor 'thermos-1450487040061-www-data-devel-job15-0-3e4c3687-051f-4e77-ad5a-6a8803017948' of framework '20151219-005632-50331658-5050-15921-0000'
I1219 01:04:10.153324 20927 slave.cpp:1378] Queuing task '1450487040061-www-data-devel-job15-0-3e4c3687-051f-4e77-ad5a-6a8803017948' for executor thermos-1450487040061-www-data-devel-job15-0-3e4c3687-051f-4e77-ad5a-6a8803017948 of framework '20151219-005632-50331658-5050-15921-0000
I1219 01:04:10.154072 20925 launcher.cpp:130] Forked child with pid '22548' for container '3a4a0a1c-3e43-4809-852a-5fa48e4cec85'
I1219 01:04:10.154781 20925 containerizer.cpp:682] Checkpointing executor's forked pid 22548 to '/var/lib/mesos/slave/meta/slaves/20151219-005632-50331658-5050-15921-S0/frameworks/20151219-005632-50331658-5050-15921-0000/executors/thermos-1450487040061-www-data-devel-job15-0-3e4c3687-051f-4e77-ad5a-6a8803017948/runs/3a4a0a1c-3e43-4809-852a-5fa48e4cec85/pids/forked.pid'
I1219 01:04:10.161038 20923 fetcher.cpp:238] Fetching URIs using command '/usr/libexec/mesos/mesos-fetcher'
I1219 01:04:10.278965 20919 slave.cpp:3135] Monitoring executor 'thermos-1450487040061-www-data-devel-job15-0-3e4c3687-051f-4e77-ad5a-6a8803017948' of framework '20151219-005632-50331658-5050-15921-0000' in container '3a4a0a1c-3e43-4809-852a-5fa48e4cec85'
I1219 01:04:10.783126 20927 slave.cpp:2141] Got registration for executor 'thermos-1450487040061-www-data-devel-job15-0-3e4c3687-051f-4e77-ad5a-6a8803017948' of framework 20151219-005632-50331658-5050-15921-0000 from executor(1)@10.0.0.6:43493
I1219 01:04:10.784219 20930 slave.cpp:1532] Sending queued task '1450487040061-www-data-devel-job15-0-3e4c3687-051f-4e77-ad5a-6a8803017948' to executor 'thermos-1450487040061-www-data-devel-job15-0-3e4c3687-051f-4e77-ad5a-6a8803017948' of framework 20151219-005632-50331658-5050-15921-0000
I1219 01:04:10.789729 20933 slave.cpp:2508] Handling status update TASK_STARTING (UUID: 48287ca1-f4c8-42bc-9af8-9268d56ac3e9) for task 1450487040061-www-data-devel-job15-0-3e4c3687-051f-4e77-ad5a-6a8803017948 of framework 20151219-005632-50331658-5050-15921-0000 from executor(1)@10.0.0.6:43493
I1219 01:04:10.789957 20925 status_update_manager.cpp:317] Received status update TASK_STARTING (UUID: 48287ca1-f4c8-42bc-9af8-9268d56ac3e9) for task 1450487040061-www-data-devel-job15-0-3e4c3687-051f-4e77-ad5a-6a8803017948 of framework 20151219-005632-50331658-5050-15921-0000
I1219 01:04:10.790313 20925 status_update_manager.hpp:346] Checkpointing UPDATE for status update TASK_STARTING (UUID: 48287ca1-f4c8-42bc-9af8-9268d56ac3e9) for task 1450487040061-www-data-devel-job15-0-3e4c3687-051f-4e77-ad5a-6a8803017948 of framework 20151219-005632-50331658-5050-15921-0000
I1219 01:04:10.794328 20929 slave.cpp:2753] Forwarding the update TASK_STARTING (UUID: 48287ca1-f4c8-42bc-9af8-9268d56ac3e9) for task 1450487040061-www-data-devel-job15-0-3e4c3687-051f-4e77-ad5a-6a8803017948 of framework 20151219-005632-50331658-5050-15921-0000 to master@10.0.0.3:5050
I1219 01:04:10.794448 20929 slave.cpp:2686] Sending acknowledgement for status update TASK_STARTING (UUID: 48287ca1-f4c8-42bc-9af8-9268d56ac3e9) for task 1450487040061-www-data-devel-job15-0-3e4c3687-051f-4e77-ad5a-6a8803017948 of framework 20151219-005632-50331658-5050-15921-0000 to executor(1)@10.0.0.6:43493
I1219 01:04:10.802637 20925 status_update_manager.cpp:389] Received status update acknowledgement (UUID: 48287ca1-f4c8-42bc-9af8-9268d56ac3e9) for task 1450487040061-www-data-devel-job15-0-3e4c3687-051f-4e77-ad5a-6a8803017948 of framework 20151219-005632-50331658-5050-15921-0000
I1219 01:04:10.802698 20925 status_update_manager.hpp:346] Checkpointing ACK for status update TASK_STARTING (UUID: 48287ca1-f4c8-42bc-9af8-9268d56ac3e9) for task 1450487040061-www-data-devel-job15-0-3e4c3687-051f-4e77-ad5a-6a8803017948 of framework 20151219-005632-50331658-5050-15921-0000
I1219 01:04:11.371598 20930 slave.cpp:2508] Handling status update TASK_RUNNING (UUID: 7d2281fa-b5ef-463e-9c40-a6276a5c78a1) for task 1450487040061-www-data-devel-job15-0-3e4c3687-051f-4e77-ad5a-6a8803017948 of framework 20151219-005632-50331658-5050-15921-0000 from executor(1)@10.0.0.6:43493
I1219 01:04:11.371757 20921 status_update_manager.cpp:317] Received status update TASK_RUNNING (UUID: 7d2281fa-b5ef-463e-9c40-a6276a5c78a1) for task 1450487040061-www-data-devel-job15-0-3e4c3687-051f-4e77-ad5a-6a8803017948 of framework 20151219-005632-50331658-5050-15921-0000
I1219 01:04:11.371796 20921 status_update_manager.hpp:346] Checkpointing UPDATE for status update TASK_RUNNING (UUID: 7d2281fa-b5ef-463e-9c40-a6276a5c78a1) for task 1450487040061-www-data-devel-job15-0-3e4c3687-051f-4e77-ad5a-6a8803017948 of framework 20151219-005632-50331658-5050-15921-0000
I1219 01:04:11.376025 20930 slave.cpp:2753] Forwarding the update TASK_RUNNING (UUID: 7d2281fa-b5ef-463e-9c40-a6276a5c78a1) for task 1450487040061-www-data-devel-job15-0-3e4c3687-051f-4e77-ad5a-6a8803017948 of framework 20151219-005632-50331658-5050-15921-0000 to master@10.0.0.3:5050
I1219 01:04:11.376142 20930 slave.cpp:2686] Sending acknowledgement for status update TASK_RUNNING (UUID: 7d2281fa-b5ef-463e-9c40-a6276a5c78a1) for task 1450487040061-www-data-devel-job15-0-3e4c3687-051f-4e77-ad5a-6a8803017948 of framework 20151219-005632-50331658-5050-15921-0000 to executor(1)@10.0.0.6:43493
I1219 01:04:11.383992 20921 status_update_manager.cpp:389] Received status update acknowledgement (UUID: 7d2281fa-b5ef-463e-9c40-a6276a5c78a1) for task 1450487040061-www-data-devel-job15-0-3e4c3687-051f-4e77-ad5a-6a8803017948 of framework 20151219-005632-50331658-5050-15921-0000
I1219 01:04:11.384073 20921 status_update_manager.hpp:346] Checkpointing ACK for status update TASK_RUNNING (UUID: 7d2281fa-b5ef-463e-9c40-a6276a5c78a1) for task 1450487040061-www-data-devel-job15-0-3e4c3687-051f-4e77-ad5a-6a8803017948 of framework 20151219-005632-50331658-5050-15921-0000
I1219 01:04:13.495800 20922 containerizer.cpp:1111] Executor for container 'b51d3c44-2d8c-476a-85a5-70fd572aec6e' has exited
I1219 01:04:13.495867 20922 containerizer.cpp:906] Destroying container 'b51d3c44-2d8c-476a-85a5-70fd572aec6e'
I1219 01:04:13.497833 20931 slave.cpp:3193] Executor 'thermos-1450487040034-www-data-devel-job12-0-f0630bf7-f825-4abe-898d-3ae58e0a135f' of framework 20151219-005632-50331658-5050-15921-0000 exited with status 0
I1219 01:04:13.497992 20931 slave.cpp:3302] Cleaning up executor 'thermos-1450487040034-www-data-devel-job12-0-f0630bf7-f825-4abe-898d-3ae58e0a135f' of framework 20151219-005632-50331658-5050-15921-0000
I1219 01:04:13.498306 20933 gc.cpp:56] Scheduling '/var/lib/mesos/slave/slaves/20151219-005632-50331658-5050-15921-S0/frameworks/20151219-005632-50331658-5050-15921-0000/executors/thermos-1450487040034-www-data-devel-job12-0-f0630bf7-f825-4abe-898d-3ae58e0a135f/runs/b51d3c44-2d8c-476a-85a5-70fd572aec6e' for gc 6.99999423327407days in the future
I1219 01:04:13.498514 20933 gc.cpp:56] Scheduling '/var/lib/mesos/slave/slaves/20151219-005632-50331658-5050-15921-S0/frameworks/20151219-005632-50331658-5050-15921-0000/executors/thermos-1450487040034-www-data-devel-job12-0-f0630bf7-f825-4abe-898d-3ae58e0a135f' for gc 6.99999423198815days in the future
I1219 01:04:13.498553 20933 gc.cpp:56] Scheduling '/var/lib/mesos/slave/meta/slaves/20151219-005632-50331658-5050-15921-S0/frameworks/20151219-005632-50331658-5050-15921-0000/executors/thermos-1450487040034-www-data-devel-job12-0-f0630bf7-f825-4abe-898d-3ae58e0a135f/runs/b51d3c44-2d8c-476a-85a5-70fd572aec6e' for gc 6.99999423083259days in the future
I1219 01:04:13.498577 20933 gc.cpp:56] Scheduling '/var/lib/mesos/slave/meta/slaves/20151219-005632-50331658-5050-15921-S0/frameworks/20151219-005632-50331658-5050-15921-0000/executors/thermos-1450487040034-www-data-devel-job12-0-f0630bf7-f825-4abe-898d-3ae58e0a135f' for gc 6.99999422994074days in the future
I1219 01:04:13.797582 20924 containerizer.cpp:1111] Executor for container 'ce3fbcb5-8e84-4ddb-ab09-da4919d6d18d' has exited
I1219 01:04:13.797662 20924 containerizer.cpp:906] Destroying container 'ce3fbcb5-8e84-4ddb-ab09-da4919d6d18d'
I1219 01:04:13.799445 20924 slave.cpp:3193] Executor 'thermos-1450487040002-www-data-devel-job29-0-32cf1a7d-9627-4336-8761-7a2a29ff32b0' of framework 20151219-005632-50331658-5050-15921-0000 exited with status 0
I1219 01:04:13.799618 20924 slave.cpp:3302] Cleaning up executor 'thermos-1450487040002-www-data-devel-job29-0-32cf1a7d-9627-4336-8761-7a2a29ff32b0' of framework 20151219-005632-50331658-5050-15921-0000
I1219 01:04:13.799940 20922 gc.cpp:56] Scheduling '/var/lib/mesos/slave/slaves/20151219-005632-50331658-5050-15921-S0/frameworks/20151219-005632-50331658-5050-15921-0000/executors/thermos-1450487040002-www-data-devel-job29-0-32cf1a7d-9627-4336-8761-7a2a29ff32b0/runs/ce3fbcb5-8e84-4ddb-ab09-da4919d6d18d' for gc 6.99999074209481days in the future
I1219 01:04:13.800011 20922 gc.cpp:56] Scheduling '/var/lib/mesos/slave/slaves/20151219-005632-50331658-5050-15921-S0/frameworks/20151219-005632-50331658-5050-15921-0000/executors/thermos-1450487040002-www-data-devel-job29-0-32cf1a7d-9627-4336-8761-7a2a29ff32b0' for gc 6.99999074111111days in the future
I1219 01:04:13.800091 20922 gc.cpp:56] Scheduling '/var/lib/mesos/slave/meta/slaves/20151219-005632-50331658-5050-15921-S0/frameworks/20151219-005632-50331658-5050-15921-0000/executors/thermos-1450487040002-www-data-devel-job29-0-32cf1a7d-9627-4336-8761-7a2a29ff32b0/runs/ce3fbcb5-8e84-4ddb-ab09-da4919d6d18d' for gc 6.99999074025482days in the future
I1219 01:04:13.800118 20922 gc.cpp:56] Scheduling '/var/lib/mesos/slave/meta/slaves/20151219-005632-50331658-5050-15921-S0/frameworks/20151219-005632-50331658-5050-15921-0000/executors/thermos-1450487040002-www-data-devel-job29-0-32cf1a7d-9627-4336-8761-7a2a29ff32b0' for gc 6.99999073959704days in the future
I1219 01:04:18.393005 20919 slave.cpp:1121] Got assigned task 1450487040052-www-data-devel-job30-0-b6160b13-6ebc-41de-ae16-276efd99166f for framework 20151219-005632-50331658-5050-15921-0000
I1219 01:04:18.394246 20919 slave.cpp:1231] Launching task 1450487040052-www-data-devel-job30-0-b6160b13-6ebc-41de-ae16-276efd99166f for framework 20151219-005632-50331658-5050-15921-0000
I1219 01:04:18.397167 20919 slave.cpp:4160] Launching executor thermos-1450487040052-www-data-devel-job30-0-b6160b13-6ebc-41de-ae16-276efd99166f of framework 20151219-005632-50331658-5050-15921-0000 in work directory '/var/lib/mesos/slave/slaves/20151219-005632-50331658-5050-15921-S0/frameworks/20151219-005632-50331658-5050-15921-0000/executors/thermos-1450487040052-www-data-devel-job30-0-b6160b13-6ebc-41de-ae16-276efd99166f/runs/50fd5666-2ce3-432f-a4af-c518df0789fe'
I1219 01:04:18.397346 20929 containerizer.cpp:472] Starting container '50fd5666-2ce3-432f-a4af-c518df0789fe' for executor 'thermos-1450487040052-www-data-devel-job30-0-b6160b13-6ebc-41de-ae16-276efd99166f' of framework '20151219-005632-50331658-5050-15921-0000'
I1219 01:04:18.397923 20919 slave.cpp:1378] Queuing task '1450487040052-www-data-devel-job30-0-b6160b13-6ebc-41de-ae16-276efd99166f' for executor thermos-1450487040052-www-data-devel-job30-0-b6160b13-6ebc-41de-ae16-276efd99166f of framework '20151219-005632-50331658-5050-15921-0000
I1219 01:04:18.398731 20930 launcher.cpp:130] Forked child with pid '22601' for container '50fd5666-2ce3-432f-a4af-c518df0789fe'
I1219 01:04:18.398984 20930 containerizer.cpp:682] Checkpointing executor's forked pid 22601 to '/var/lib/mesos/slave/meta/slaves/20151219-005632-50331658-5050-15921-S0/frameworks/20151219-005632-50331658-5050-15921-0000/executors/thermos-1450487040052-www-data-devel-job30-0-b6160b13-6ebc-41de-ae16-276efd99166f/runs/50fd5666-2ce3-432f-a4af-c518df0789fe/pids/forked.pid'
I1219 01:04:18.402909 20930 fetcher.cpp:238] Fetching URIs using command '/usr/libexec/mesos/mesos-fetcher'
I1219 01:04:18.521232 20925 slave.cpp:3135] Monitoring executor 'thermos-1450487040052-www-data-devel-job30-0-b6160b13-6ebc-41de-ae16-276efd99166f' of framework '20151219-005632-50331658-5050-15921-0000' in container '50fd5666-2ce3-432f-a4af-c518df0789fe'
I1219 01:04:19.027552 20931 slave.cpp:2141] Got registration for executor 'thermos-1450487040052-www-data-devel-job30-0-b6160b13-6ebc-41de-ae16-276efd99166f' of framework 20151219-005632-50331658-5050-15921-0000 from executor(1)@10.0.0.6:41266
I1219 01:04:19.028592 20928 slave.cpp:1532] Sending queued task '1450487040052-www-data-devel-job30-0-b6160b13-6ebc-41de-ae16-276efd99166f' to executor 'thermos-1450487040052-www-data-devel-job30-0-b6160b13-6ebc-41de-ae16-276efd99166f' of framework 20151219-005632-50331658-5050-15921-0000
I1219 01:04:19.034123 20921 slave.cpp:2508] Handling status update TASK_STARTING (UUID: 8e655db9-532c-4fbd-937b-f57268973625) for task 1450487040052-www-data-devel-job30-0-b6160b13-6ebc-41de-ae16-276efd99166f of framework 20151219-005632-50331658-5050-15921-0000 from executor(1)@10.0.0.6:41266
I1219 01:04:19.034317 20926 status_update_manager.cpp:317] Received status update TASK_STARTING (UUID: 8e655db9-532c-4fbd-937b-f57268973625) for task 1450487040052-www-data-devel-job30-0-b6160b13-6ebc-41de-ae16-276efd99166f of framework 20151219-005632-50331658-5050-15921-0000
I1219 01:04:19.034674 20926 status_update_manager.hpp:346] Checkpointing UPDATE for status update TASK_STARTING (UUID: 8e655db9-532c-4fbd-937b-f57268973625) for task 1450487040052-www-data-devel-job30-0-b6160b13-6ebc-41de-ae16-276efd99166f of framework 20151219-005632-50331658-5050-15921-0000
I1219 01:04:19.038605 20926 slave.cpp:2753] Forwarding the update TASK_STARTING (UUID: 8e655db9-532c-4fbd-937b-f57268973625) for task 1450487040052-www-data-devel-job30-0-b6160b13-6ebc-41de-ae16-276efd99166f of framework 20151219-005632-50331658-5050-15921-0000 to master@10.0.0.3:5050
I1219 01:04:19.038704 20926 slave.cpp:2686] Sending acknowledgement for status update TASK_STARTING (UUID: 8e655db9-532c-4fbd-937b-f57268973625) for task 1450487040052-www-data-devel-job30-0-b6160b13-6ebc-41de-ae16-276efd99166f of framework 20151219-005632-50331658-5050-15921-0000 to executor(1)@10.0.0.6:41266
I1219 01:04:19.046564 20928 status_update_manager.cpp:389] Received status update acknowledgement (UUID: 8e655db9-532c-4fbd-937b-f57268973625) for task 1450487040052-www-data-devel-job30-0-b6160b13-6ebc-41de-ae16-276efd99166f of framework 20151219-005632-50331658-5050-15921-0000
I1219 01:04:19.046598 20928 status_update_manager.hpp:346] Checkpointing ACK for status update TASK_STARTING (UUID: 8e655db9-532c-4fbd-937b-f57268973625) for task 1450487040052-www-data-devel-job30-0-b6160b13-6ebc-41de-ae16-276efd99166f of framework 20151219-005632-50331658-5050-15921-0000
I1219 01:04:19.614675 20928 slave.cpp:2508] Handling status update TASK_RUNNING (UUID: 201e0f8c-b1ff-4d1f-b8c0-fb3dab0f66a2) for task 1450487040052-www-data-devel-job30-0-b6160b13-6ebc-41de-ae16-276efd99166f of framework 20151219-005632-50331658-5050-15921-0000 from executor(1)@10.0.0.6:41266
I1219 01:04:19.614820 20930 status_update_manager.cpp:317] Received status update TASK_RUNNING (UUID: 201e0f8c-b1ff-4d1f-b8c0-fb3dab0f66a2) for task 1450487040052-www-data-devel-job30-0-b6160b13-6ebc-41de-ae16-276efd99166f of framework 20151219-005632-50331658-5050-15921-0000
I1219 01:04:19.614887 20930 status_update_manager.hpp:346] Checkpointing UPDATE for status update TASK_RUNNING (UUID: 201e0f8c-b1ff-4d1f-b8c0-fb3dab0f66a2) for task 1450487040052-www-data-devel-job30-0-b6160b13-6ebc-41de-ae16-276efd99166f of framework 20151219-005632-50331658-5050-15921-0000
I1219 01:04:19.618971 20928 slave.cpp:2753] Forwarding the update TASK_RUNNING (UUID: 201e0f8c-b1ff-4d1f-b8c0-fb3dab0f66a2) for task 1450487040052-www-data-devel-job30-0-b6160b13-6ebc-41de-ae16-276efd99166f of framework 20151219-005632-50331658-5050-15921-0000 to master@10.0.0.3:5050
I1219 01:04:19.619092 20928 slave.cpp:2686] Sending acknowledgement for status update TASK_RUNNING (UUID: 201e0f8c-b1ff-4d1f-b8c0-fb3dab0f66a2) for task 1450487040052-www-data-devel-job30-0-b6160b13-6ebc-41de-ae16-276efd99166f of framework 20151219-005632-50331658-5050-15921-0000 to executor(1)@10.0.0.6:41266
I1219 01:04:19.627172 20931 status_update_manager.cpp:389] Received status update acknowledgement (UUID: 201e0f8c-b1ff-4d1f-b8c0-fb3dab0f66a2) for task 1450487040052-www-data-devel-job30-0-b6160b13-6ebc-41de-ae16-276efd99166f of framework 20151219-005632-50331658-5050-15921-0000
I1219 01:04:19.627231 20931 status_update_manager.hpp:346] Checkpointing ACK for status update TASK_RUNNING (UUID: 201e0f8c-b1ff-4d1f-b8c0-fb3dab0f66a2) for task 1450487040052-www-data-devel-job30-0-b6160b13-6ebc-41de-ae16-276efd99166f of framework 20151219-005632-50331658-5050-15921-0000
I1219 01:04:21.526010 20922 slave.cpp:2508] Handling status update TASK_FINISHED (UUID: 5ae917e1-bfdf-4fa4-8700-592667014d70) for task 1450487040061-www-data-devel-job15-0-3e4c3687-051f-4e77-ad5a-6a8803017948 of framework 20151219-005632-50331658-5050-15921-0000 from executor(1)@10.0.0.6:43493
I1219 01:04:21.526540 20921 status_update_manager.cpp:317] Received status update TASK_FINISHED (UUID: 5ae917e1-bfdf-4fa4-8700-592667014d70) for task 1450487040061-www-data-devel-job15-0-3e4c3687-051f-4e77-ad5a-6a8803017948 of framework 20151219-005632-50331658-5050-15921-0000
I1219 01:04:21.526582 20921 status_update_manager.hpp:346] Checkpointing UPDATE for status update TASK_FINISHED (UUID: 5ae917e1-bfdf-4fa4-8700-592667014d70) for task 1450487040061-www-data-devel-job15-0-3e4c3687-051f-4e77-ad5a-6a8803017948 of framework 20151219-005632-50331658-5050-15921-0000
I1219 01:04:21.530695 20927 slave.cpp:2753] Forwarding the update TASK_FINISHED (UUID: 5ae917e1-bfdf-4fa4-8700-592667014d70) for task 1450487040061-www-data-devel-job15-0-3e4c3687-051f-4e77-ad5a-6a8803017948 of framework 20151219-005632-50331658-5050-15921-0000 to master@10.0.0.3:5050
I1219 01:04:21.530797 20927 slave.cpp:2686] Sending acknowledgement for status update TASK_FINISHED (UUID: 5ae917e1-bfdf-4fa4-8700-592667014d70) for task 1450487040061-www-data-devel-job15-0-3e4c3687-051f-4e77-ad5a-6a8803017948 of framework 20151219-005632-50331658-5050-15921-0000 to executor(1)@10.0.0.6:43493
I1219 01:04:21.540037 20921 status_update_manager.cpp:389] Received status update acknowledgement (UUID: 5ae917e1-bfdf-4fa4-8700-592667014d70) for task 1450487040061-www-data-devel-job15-0-3e4c3687-051f-4e77-ad5a-6a8803017948 of framework 20151219-005632-50331658-5050-15921-0000
I1219 01:04:21.540071 20921 status_update_manager.hpp:346] Checkpointing ACK for status update TASK_FINISHED (UUID: 5ae917e1-bfdf-4fa4-8700-592667014d70) for task 1450487040061-www-data-devel-job15-0-3e4c3687-051f-4e77-ad5a-6a8803017948 of framework 20151219-005632-50331658-5050-15921-0000
I1219 01:04:25.762486 20922 slave.cpp:2508] Handling status update TASK_FINISHED (UUID: 4b8b48be-5b1e-4756-9efa-13158bc63c62) for task 1450487040052-www-data-devel-job30-0-b6160b13-6ebc-41de-ae16-276efd99166f of framework 20151219-005632-50331658-5050-15921-0000 from executor(1)@10.0.0.6:41266
I1219 01:04:25.763484 20919 status_update_manager.cpp:317] Received status update TASK_FINISHED (UUID: 4b8b48be-5b1e-4756-9efa-13158bc63c62) for task 1450487040052-www-data-devel-job30-0-b6160b13-6ebc-41de-ae16-276efd99166f of framework 20151219-005632-50331658-5050-15921-0000
I1219 01:04:25.763556 20919 status_update_manager.hpp:346] Checkpointing UPDATE for status update TASK_FINISHED (UUID: 4b8b48be-5b1e-4756-9efa-13158bc63c62) for task 1450487040052-www-data-devel-job30-0-b6160b13-6ebc-41de-ae16-276efd99166f of framework 20151219-005632-50331658-5050-15921-0000
I1219 01:04:25.770377 20932 slave.cpp:2753] Forwarding the update TASK_FINISHED (UUID: 4b8b48be-5b1e-4756-9efa-13158bc63c62) for task 1450487040052-www-data-devel-job30-0-b6160b13-6ebc-41de-ae16-276efd99166f of framework 20151219-005632-50331658-5050-15921-0000 to master@10.0.0.3:5050
I1219 01:04:25.770596 20932 slave.cpp:2686] Sending acknowledgement for status update TASK_FINISHED (UUID: 4b8b48be-5b1e-4756-9efa-13158bc63c62) for task 1450487040052-www-data-devel-job30-0-b6160b13-6ebc-41de-ae16-276efd99166f of framework 20151219-005632-50331658-5050-15921-0000 to executor(1)@10.0.0.6:41266
I1219 01:04:25.782359 20930 status_update_manager.cpp:389] Received status update acknowledgement (UUID: 4b8b48be-5b1e-4756-9efa-13158bc63c62) for task 1450487040052-www-data-devel-job30-0-b6160b13-6ebc-41de-ae16-276efd99166f of framework 20151219-005632-50331658-5050-15921-0000
I1219 01:04:25.782407 20930 status_update_manager.hpp:346] Checkpointing ACK for status update TASK_FINISHED (UUID: 4b8b48be-5b1e-4756-9efa-13158bc63c62) for task 1450487040052-www-data-devel-job30-0-b6160b13-6ebc-41de-ae16-276efd99166f of framework 20151219-005632-50331658-5050-15921-0000
I1219 01:04:26.659178 20931 containerizer.cpp:1111] Executor for container '3a4a0a1c-3e43-4809-852a-5fa48e4cec85' has exited
I1219 01:04:26.659268 20931 containerizer.cpp:906] Destroying container '3a4a0a1c-3e43-4809-852a-5fa48e4cec85'
I1219 01:04:26.660775 20927 slave.cpp:3193] Executor 'thermos-1450487040061-www-data-devel-job15-0-3e4c3687-051f-4e77-ad5a-6a8803017948' of framework 20151219-005632-50331658-5050-15921-0000 exited with status 0
I1219 01:04:26.660951 20927 slave.cpp:3302] Cleaning up executor 'thermos-1450487040061-www-data-devel-job15-0-3e4c3687-051f-4e77-ad5a-6a8803017948' of framework 20151219-005632-50331658-5050-15921-0000
I1219 01:04:26.661278 20918 gc.cpp:56] Scheduling '/var/lib/mesos/slave/slaves/20151219-005632-50331658-5050-15921-S0/frameworks/20151219-005632-50331658-5050-15921-0000/executors/thermos-1450487040061-www-data-devel-job15-0-3e4c3687-051f-4e77-ad5a-6a8803017948/runs/3a4a0a1c-3e43-4809-852a-5fa48e4cec85' for gc 6.99999234697778days in the future
I1219 01:04:26.661350 20918 gc.cpp:56] Scheduling '/var/lib/mesos/slave/slaves/20151219-005632-50331658-5050-15921-S0/frameworks/20151219-005632-50331658-5050-15921-0000/executors/thermos-1450487040061-www-data-devel-job15-0-3e4c3687-051f-4e77-ad5a-6a8803017948' for gc 6.99999234577481days in the future
I1219 01:04:26.661419 20918 gc.cpp:56] Scheduling '/var/lib/mesos/slave/meta/slaves/20151219-005632-50331658-5050-15921-S0/frameworks/20151219-005632-50331658-5050-15921-0000/executors/thermos-1450487040061-www-data-devel-job15-0-3e4c3687-051f-4e77-ad5a-6a8803017948/runs/3a4a0a1c-3e43-4809-852a-5fa48e4cec85' for gc 6.99999234508148days in the future
I1219 01:04:26.661466 20918 gc.cpp:56] Scheduling '/var/lib/mesos/slave/meta/slaves/20151219-005632-50331658-5050-15921-S0/frameworks/20151219-005632-50331658-5050-15921-0000/executors/thermos-1450487040061-www-data-devel-job15-0-3e4c3687-051f-4e77-ad5a-6a8803017948' for gc 6.9999923445037days in the future
I1219 01:04:30.879436 20929 containerizer.cpp:1111] Executor for container '50fd5666-2ce3-432f-a4af-c518df0789fe' has exited
I1219 01:04:30.879500 20929 containerizer.cpp:906] Destroying container '50fd5666-2ce3-432f-a4af-c518df0789fe'
I1219 01:04:30.880673 20919 slave.cpp:3193] Executor 'thermos-1450487040052-www-data-devel-job30-0-b6160b13-6ebc-41de-ae16-276efd99166f' of framework 20151219-005632-50331658-5050-15921-0000 exited with status 0
I1219 01:04:30.880810 20919 slave.cpp:3302] Cleaning up executor 'thermos-1450487040052-www-data-devel-job30-0-b6160b13-6ebc-41de-ae16-276efd99166f' of framework 20151219-005632-50331658-5050-15921-0000
I1219 01:04:30.881074 20933 gc.cpp:56] Scheduling '/var/lib/mesos/slave/slaves/20151219-005632-50331658-5050-15921-S0/frameworks/20151219-005632-50331658-5050-15921-0000/executors/thermos-1450487040052-www-data-devel-job30-0-b6160b13-6ebc-41de-ae16-276efd99166f/runs/50fd5666-2ce3-432f-a4af-c518df0789fe' for gc 6.99998980296296days in the future
I1219 01:04:30.881135 20933 gc.cpp:56] Scheduling '/var/lib/mesos/slave/slaves/20151219-005632-50331658-5050-15921-S0/frameworks/20151219-005632-50331658-5050-15921-0000/executors/thermos-1450487040052-www-data-devel-job30-0-b6160b13-6ebc-41de-ae16-276efd99166f' for gc 6.99998980205926days in the future
I1219 01:04:30.881198 20933 gc.cpp:56] Scheduling '/var/lib/mesos/slave/meta/slaves/20151219-005632-50331658-5050-15921-S0/frameworks/20151219-005632-50331658-5050-15921-0000/executors/thermos-1450487040052-www-data-devel-job30-0-b6160b13-6ebc-41de-ae16-276efd99166f/runs/50fd5666-2ce3-432f-a4af-c518df0789fe' for gc 6.99998980131852days in the future
I1219 01:04:30.881230 20919 slave.cpp:3381] Cleaning up framework 20151219-005632-50331658-5050-15921-0000
I1219 01:04:30.881230 20933 gc.cpp:56] Scheduling '/var/lib/mesos/slave/meta/slaves/20151219-005632-50331658-5050-15921-S0/frameworks/20151219-005632-50331658-5050-15921-0000/executors/thermos-1450487040052-www-data-devel-job30-0-b6160b13-6ebc-41de-ae16-276efd99166f' for gc 6.99998980071704days in the future
I1219 01:04:30.881310 20932 status_update_manager.cpp:279] Closing status update streams for framework 20151219-005632-50331658-5050-15921-0000
I1219 01:04:30.881381 20929 gc.cpp:56] Scheduling '/var/lib/mesos/slave/slaves/20151219-005632-50331658-5050-15921-S0/frameworks/20151219-005632-50331658-5050-15921-0000' for gc 6.99998979941037days in the future
I1219 01:04:30.881440 20929 gc.cpp:56] Scheduling '/var/lib/mesos/slave/meta/slaves/20151219-005632-50331658-5050-15921-S0/frameworks/20151219-005632-50331658-5050-15921-0000' for gc 6.99998979869333days in the future
I1219 01:04:32.465257 20918 slave.cpp:3618] Current disk usage 73.52%. Max allowed age: 1.153494994840139days
I1219 01:04:34.315099 20924 slave.cpp:3534] Framework 20151219-005632-50331658-5050-15921-0000 seems to have exited. Ignoring registration timeout for executor 'thermos-1450486980077-www-data-devel-job4-0-90d4b59c-e20f-4265-8306-74737a619fc2'
I1219 01:04:34.828524 20920 slave.cpp:1121] Got assigned task 1450487040192-www-data-devel-job31-0-5551712e-6c68-4d29-9b4a-49dd8c1c592d for framework 20151219-005632-50331658-5050-15921-0000
I1219 01:04:34.830812 20920 gc.cpp:84] Unscheduling '/var/lib/mesos/slave/slaves/20151219-005632-50331658-5050-15921-S0/frameworks/20151219-005632-50331658-5050-15921-0000' from gc
I1219 01:04:34.830960 20920 gc.cpp:84] Unscheduling '/var/lib/mesos/slave/meta/slaves/20151219-005632-50331658-5050-15921-S0/frameworks/20151219-005632-50331658-5050-15921-0000' from gc
I1219 01:04:34.831101 20920 slave.cpp:1231] Launching task 1450487040192-www-data-devel-job31-0-5551712e-6c68-4d29-9b4a-49dd8c1c592d for framework 20151219-005632-50331658-5050-15921-0000
I1219 01:04:34.834179 20920 slave.cpp:4160] Launching executor thermos-1450487040192-www-data-devel-job31-0-5551712e-6c68-4d29-9b4a-49dd8c1c592d of framework 20151219-005632-50331658-5050-15921-0000 in work directory '/var/lib/mesos/slave/slaves/20151219-005632-50331658-5050-15921-S0/frameworks/20151219-005632-50331658-5050-15921-0000/executors/thermos-1450487040192-www-data-devel-job31-0-5551712e-6c68-4d29-9b4a-49dd8c1c592d/runs/568cd460-5530-4ec4-b06a-1a0e92fb7b2e'
I1219 01:04:34.834324 20925 containerizer.cpp:472] Starting container '568cd460-5530-4ec4-b06a-1a0e92fb7b2e' for executor 'thermos-1450487040192-www-data-devel-job31-0-5551712e-6c68-4d29-9b4a-49dd8c1c592d' of framework '20151219-005632-50331658-5050-15921-0000'
I1219 01:04:34.835966 20925 launcher.cpp:130] Forked child with pid '22662' for container '568cd460-5530-4ec4-b06a-1a0e92fb7b2e'
I1219 01:04:34.835960 20920 slave.cpp:1378] Queuing task '1450487040192-www-data-devel-job31-0-5551712e-6c68-4d29-9b4a-49dd8c1c592d' for executor thermos-1450487040192-www-data-devel-job31-0-5551712e-6c68-4d29-9b4a-49dd8c1c592d of framework '20151219-005632-50331658-5050-15921-0000
I1219 01:04:34.836231 20925 containerizer.cpp:682] Checkpointing executor's forked pid 22662 to '/var/lib/mesos/slave/meta/slaves/20151219-005632-50331658-5050-15921-S0/frameworks/20151219-005632-50331658-5050-15921-0000/executors/thermos-1450487040192-www-data-devel-job31-0-5551712e-6c68-4d29-9b4a-49dd8c1c592d/runs/568cd460-5530-4ec4-b06a-1a0e92fb7b2e/pids/forked.pid'
I1219 01:04:34.840847 20918 fetcher.cpp:238] Fetching URIs using command '/usr/libexec/mesos/mesos-fetcher'
I1219 01:04:34.998570 20930 slave.cpp:3135] Monitoring executor 'thermos-1450487040192-www-data-devel-job31-0-5551712e-6c68-4d29-9b4a-49dd8c1c592d' of framework '20151219-005632-50331658-5050-15921-0000' in container '568cd460-5530-4ec4-b06a-1a0e92fb7b2e'
