I1211 06:47:54.461751  4920 hierarchical.hpp:834] No resources available to allocate!
I1211 06:47:54.467911  4920 hierarchical.hpp:741] Performed allocation for 2 slaves in 6.201141ms
I1211 06:47:55.468242  4924 hierarchical.hpp:834] No resources available to allocate!
I1211 06:47:55.469266  4924 hierarchical.hpp:741] Performed allocation for 2 slaves in 1.062226ms
I1211 06:47:56.473830  4919 hierarchical.hpp:834] No resources available to allocate!
I1211 06:47:56.473978  4919 hierarchical.hpp:741] Performed allocation for 2 slaves in 185045ns
I1211 06:47:57.474443  4922 hierarchical.hpp:834] No resources available to allocate!
I1211 06:47:57.474763  4922 hierarchical.hpp:741] Performed allocation for 2 slaves in 374257ns
I1211 06:47:58.475342  4921 hierarchical.hpp:834] No resources available to allocate!
I1211 06:47:58.475477  4921 hierarchical.hpp:741] Performed allocation for 2 slaves in 173473ns
I1211 06:47:59.477159  4926 hierarchical.hpp:834] No resources available to allocate!
I1211 06:47:59.477315  4926 hierarchical.hpp:741] Performed allocation for 2 slaves in 201853ns
I1211 06:48:00.478373  4925 hierarchical.hpp:834] No resources available to allocate!
I1211 06:48:00.479116  4925 hierarchical.hpp:741] Performed allocation for 2 slaves in 785881ns
I1211 06:48:01.479815  4923 hierarchical.hpp:834] No resources available to allocate!
I1211 06:48:01.479846  4923 hierarchical.hpp:741] Performed allocation for 2 slaves in 71099ns
I1211 06:48:02.480224  4923 hierarchical.hpp:834] No resources available to allocate!
I1211 06:48:02.480331  4923 hierarchical.hpp:741] Performed allocation for 2 slaves in 156837ns
I1211 06:48:03.430593  4920 hierarchical.hpp:648] Recovered cpus(*):1; mem(*):2927; disk(*):33172; ports(*):[31000-32000] (total allocatable: cpus(*):1; mem(*):2927; disk(*):33172; ports(*):[31000-32000]) on slave 20151211-063437-33554442-5050-4917-S1 from framework 20151211-063437-33554442-5050-4917-0000
I1211 06:48:03.482113  4920 hierarchical.hpp:741] Performed allocation for 2 slaves in 113325ns
I1211 06:48:03.482254  4920 master.cpp:3755] Sending 1 offers to framework 20151211-063437-33554442-5050-4917-0000 (TwitterScheduler) at scheduler-671209cf-a493-4036-828e-b7eb89f9d3de@10.0.0.2:8083
I1211 06:48:04.483752  4920 hierarchical.hpp:834] No resources available to allocate!
I1211 06:48:04.483831  4920 hierarchical.hpp:741] Performed allocation for 2 slaves in 150537ns
I1211 06:48:05.484074  4920 hierarchical.hpp:834] No resources available to allocate!
I1211 06:48:05.484110  4920 hierarchical.hpp:741] Performed allocation for 2 slaves in 83007ns
I1211 06:48:06.437696  4920 hierarchical.hpp:648] Recovered cpus(*):1; mem(*):2927; disk(*):33172; ports(*):[31000-32000] (total allocatable: cpus(*):1; mem(*):2927; disk(*):33172; ports(*):[31000-32000]) on slave 20151211-063437-33554442-5050-4917-S0 from framework 20151211-063437-33554442-5050-4917-0000
I1211 06:48:06.485141  4924 hierarchical.hpp:741] Performed allocation for 2 slaves in 90387ns
I1211 06:48:06.485299  4924 master.cpp:3755] Sending 1 offers to framework 20151211-063437-33554442-5050-4917-0000 (TwitterScheduler) at scheduler-671209cf-a493-4036-828e-b7eb89f9d3de@10.0.0.2:8083
I1211 06:48:07.485987  4919 hierarchical.hpp:834] No resources available to allocate!
I1211 06:48:07.486023  4919 hierarchical.hpp:741] Performed allocation for 2 slaves in 81788ns
I1211 06:48:08.487488  4919 hierarchical.hpp:834] No resources available to allocate!
I1211 06:48:08.487537  4919 hierarchical.hpp:741] Performed allocation for 2 slaves in 107906ns
I1211 06:48:09.489086  4919 hierarchical.hpp:834] No resources available to allocate!
I1211 06:48:09.489125  4919 hierarchical.hpp:741] Performed allocation for 2 slaves in 85382ns
I1211 06:48:10.489523  4919 hierarchical.hpp:834] No resources available to allocate!
I1211 06:48:10.489573  4919 hierarchical.hpp:741] Performed allocation for 2 slaves in 103505ns
I1211 06:48:11.489912  4919 hierarchical.hpp:834] No resources available to allocate!
I1211 06:48:11.490495  4919 hierarchical.hpp:741] Performed allocation for 2 slaves in 650279ns
I1211 06:48:12.490912  4922 hierarchical.hpp:834] No resources available to allocate!
I1211 06:48:12.490945  4922 hierarchical.hpp:741] Performed allocation for 2 slaves in 78876ns
I1211 06:48:13.492292  4922 hierarchical.hpp:834] No resources available to allocate!
I1211 06:48:13.492372  4922 hierarchical.hpp:741] Performed allocation for 2 slaves in 224881ns
I1211 06:48:14.493010  4922 hierarchical.hpp:834] No resources available to allocate!
I1211 06:48:14.493049  4922 hierarchical.hpp:741] Performed allocation for 2 slaves in 87478ns
I1211 06:48:15.493297  4922 hierarchical.hpp:834] No resources available to allocate!
I1211 06:48:15.493336  4922 hierarchical.hpp:741] Performed allocation for 2 slaves in 84824ns
I1211 06:48:16.493746  4922 hierarchical.hpp:834] No resources available to allocate!
I1211 06:48:16.494438  4922 hierarchical.hpp:741] Performed allocation for 2 slaves in 736414ns
I1211 06:48:17.495626  4921 hierarchical.hpp:834] No resources available to allocate!
I1211 06:48:17.495676  4921 hierarchical.hpp:741] Performed allocation for 2 slaves in 104577ns
I1211 06:48:18.496361  4926 hierarchical.hpp:834] No resources available to allocate!
I1211 06:48:18.496438  4926 hierarchical.hpp:741] Performed allocation for 2 slaves in 125765ns
I1211 06:48:19.497083  4925 hierarchical.hpp:834] No resources available to allocate!
I1211 06:48:19.497123  4925 hierarchical.hpp:741] Performed allocation for 2 slaves in 79942ns
I1211 06:48:20.497726  4925 hierarchical.hpp:834] No resources available to allocate!
I1211 06:48:20.497766  4925 hierarchical.hpp:741] Performed allocation for 2 slaves in 87578ns
I1211 06:48:21.498289  4925 hierarchical.hpp:834] No resources available to allocate!
I1211 06:48:21.500294  4925 hierarchical.hpp:741] Performed allocation for 2 slaves in 2.046673ms
I1211 06:48:22.501862  4923 hierarchical.hpp:834] No resources available to allocate!
I1211 06:48:22.501910  4923 hierarchical.hpp:741] Performed allocation for 2 slaves in 111956ns
I1211 06:48:23.502567  4923 hierarchical.hpp:834] No resources available to allocate!
I1211 06:48:23.502607  4923 hierarchical.hpp:741] Performed allocation for 2 slaves in 87974ns
I1211 06:48:24.502987  4923 hierarchical.hpp:834] No resources available to allocate!
I1211 06:48:24.503026  4923 hierarchical.hpp:741] Performed allocation for 2 slaves in 86245ns
I1211 06:48:25.503531  4923 hierarchical.hpp:834] No resources available to allocate!
I1211 06:48:25.503568  4923 hierarchical.hpp:741] Performed allocation for 2 slaves in 82646ns
I1211 06:48:26.504387  4923 hierarchical.hpp:834] No resources available to allocate!
I1211 06:48:26.505959  4923 hierarchical.hpp:741] Performed allocation for 2 slaves in 1.620412ms
I1211 06:48:27.506850  4924 hierarchical.hpp:834] No resources available to allocate!
I1211 06:48:27.506901  4924 hierarchical.hpp:741] Performed allocation for 2 slaves in 111600ns
I1211 06:48:28.507413  4924 hierarchical.hpp:834] No resources available to allocate!
I1211 06:48:28.507479  4924 hierarchical.hpp:741] Performed allocation for 2 slaves in 124313ns
I1211 06:48:29.511983  4920 hierarchical.hpp:834] No resources available to allocate!
I1211 06:48:29.512047  4920 hierarchical.hpp:741] Performed allocation for 2 slaves in 111799ns
I1211 06:48:30.512979  4919 hierarchical.hpp:834] No resources available to allocate!
I1211 06:48:30.513046  4919 hierarchical.hpp:741] Performed allocation for 2 slaves in 108471ns
I1211 06:48:30.870832  4922 master.cpp:2268] Processing ACCEPT call for offers: [ 20151211-063437-33554442-5050-4917-O16 ] on slave 20151211-063437-33554442-5050-4917-S1 at slave(1)@10.0.0.6:5051 (n5) for framework 20151211-063437-33554442-5050-4917-0000 (TwitterScheduler) at scheduler-671209cf-a493-4036-828e-b7eb89f9d3de@10.0.0.2:8083
I1211 06:48:30.887436  4923 master.hpp:822] Adding task 1449816510497-www-data-devel-job1-0-481e82c1-96c7-4c42-94be-b2aaaf490543 with resources cpus(*):0.01; disk(*):1; mem(*):1 on slave 20151211-063437-33554442-5050-4917-S1 (n5)
I1211 06:48:30.887579  4923 master.cpp:2545] Launching task 1449816510497-www-data-devel-job1-0-481e82c1-96c7-4c42-94be-b2aaaf490543 of framework 20151211-063437-33554442-5050-4917-0000 (TwitterScheduler) at scheduler-671209cf-a493-4036-828e-b7eb89f9d3de@10.0.0.2:8083 with resources cpus(*):0.01; disk(*):1; mem(*):1 on slave 20151211-063437-33554442-5050-4917-S1 at slave(1)@10.0.0.6:5051 (n5)
I1211 06:48:30.891264  4920 hierarchical.hpp:648] Recovered cpus(*):0.74; mem(*):2798; disk(*):33171; ports(*):[31000-32000] (total allocatable: cpus(*):0.74; mem(*):2798; disk(*):33171; ports(*):[31000-32000]) on slave 20151211-063437-33554442-5050-4917-S1 from framework 20151211-063437-33554442-5050-4917-0000
I1211 06:48:30.891366  4920 hierarchical.hpp:684] Framework 20151211-063437-33554442-5050-4917-0000 filtered slave 20151211-063437-33554442-5050-4917-S1 for 5secs
I1211 06:48:31.122117  4919 master.cpp:3388] Executor thermos-1449816510497-www-data-devel-job1-0-481e82c1-96c7-4c42-94be-b2aaaf490543 of framework 20151211-063437-33554442-5050-4917-0000 on slave 20151211-063437-33554442-5050-4917-S1 at slave(1)@10.0.0.6:5051 (n5) exited with status 1
I1211 06:48:31.122714  4919 master.cpp:4714] Removing executor 'thermos-1449816510497-www-data-devel-job1-0-481e82c1-96c7-4c42-94be-b2aaaf490543' with resources cpus(*):0.25; mem(*):128 of framework 20151211-063437-33554442-5050-4917-0000 on slave 20151211-063437-33554442-5050-4917-S1 at slave(1)@10.0.0.6:5051 (n5)
I1211 06:48:31.122836  4919 hierarchical.hpp:648] Recovered cpus(*):0.25; mem(*):128 (total allocatable: cpus(*):0.99; mem(*):2926; disk(*):33171; ports(*):[31000-32000]) on slave 20151211-063437-33554442-5050-4917-S1 from framework 20151211-063437-33554442-5050-4917-0000
I1211 06:48:31.124460  4919 master.cpp:3295] Status update TASK_LOST (UUID: e1634f81-fa6c-40aa-abee-845a808cfc23) for task 1449816510497-www-data-devel-job1-0-481e82c1-96c7-4c42-94be-b2aaaf490543 of framework 20151211-063437-33554442-5050-4917-0000 from slave 20151211-063437-33554442-5050-4917-S1 at slave(1)@10.0.0.6:5051 (n5)
I1211 06:48:31.128275  4919 master.cpp:3336] Forwarding status update TASK_LOST (UUID: e1634f81-fa6c-40aa-abee-845a808cfc23) for task 1449816510497-www-data-devel-job1-0-481e82c1-96c7-4c42-94be-b2aaaf490543 of framework 20151211-063437-33554442-5050-4917-0000
I1211 06:48:31.128373  4919 master.cpp:4618] Updating the latest state of task 1449816510497-www-data-devel-job1-0-481e82c1-96c7-4c42-94be-b2aaaf490543 of framework 20151211-063437-33554442-5050-4917-0000 to TASK_LOST
I1211 06:48:31.133033  4926 hierarchical.hpp:648] Recovered cpus(*):0.01; disk(*):1; mem(*):1 (total allocatable: cpus(*):1; mem(*):2927; disk(*):33172; ports(*):[31000-32000]) on slave 20151211-063437-33554442-5050-4917-S1 from framework 20151211-063437-33554442-5050-4917-0000
I1211 06:48:31.164381  4920 master.cpp:2618] Asked to kill task 1449816510497-www-data-devel-job1-0-481e82c1-96c7-4c42-94be-b2aaaf490543 of framework 20151211-063437-33554442-5050-4917-0000
I1211 06:48:31.164479  4920 master.cpp:2678] Telling slave 20151211-063437-33554442-5050-4917-S1 at slave(1)@10.0.0.6:5051 (n5) to kill task 1449816510497-www-data-devel-job1-0-481e82c1-96c7-4c42-94be-b2aaaf490543 of framework 20151211-063437-33554442-5050-4917-0000 (TwitterScheduler) at scheduler-671209cf-a493-4036-828e-b7eb89f9d3de@10.0.0.2:8083
I1211 06:48:31.200673  4926 master.cpp:4685] Removing task 1449816510497-www-data-devel-job1-0-481e82c1-96c7-4c42-94be-b2aaaf490543 with resources cpus(*):0.01; disk(*):1; mem(*):1 of framework 20151211-063437-33554442-5050-4917-0000 on slave 20151211-063437-33554442-5050-4917-S1 at slave(1)@10.0.0.6:5051 (n5)
I1211 06:48:31.200809  4926 master.cpp:2782] Forwarding status update acknowledgement e1634f81-fa6c-40aa-abee-845a808cfc23 for task 1449816510497-www-data-devel-job1-0-481e82c1-96c7-4c42-94be-b2aaaf490543 of framework 20151211-063437-33554442-5050-4917-0000 (TwitterScheduler) at scheduler-671209cf-a493-4036-828e-b7eb89f9d3de@10.0.0.2:8083 to slave 20151211-063437-33554442-5050-4917-S1 at slave(1)@10.0.0.6:5051 (n5)
I1211 06:48:31.207321  4921 master.cpp:2268] Processing ACCEPT call for offers: [ 20151211-063437-33554442-5050-4917-O17 ] on slave 20151211-063437-33554442-5050-4917-S0 at slave(1)@10.0.0.5:5051 (n4) for framework 20151211-063437-33554442-5050-4917-0000 (TwitterScheduler) at scheduler-671209cf-a493-4036-828e-b7eb89f9d3de@10.0.0.2:8083
I1211 06:48:31.207690  4921 master.hpp:822] Adding task 1449816511146-www-data-devel-job1-0-730a7c1e-550e-4b81-8600-2777d8bef720 with resources cpus(*):0.01; disk(*):1; mem(*):1 on slave 20151211-063437-33554442-5050-4917-S0 (n4)
I1211 06:48:31.207754  4921 master.cpp:2545] Launching task 1449816511146-www-data-devel-job1-0-730a7c1e-550e-4b81-8600-2777d8bef720 of framework 20151211-063437-33554442-5050-4917-0000 (TwitterScheduler) at scheduler-671209cf-a493-4036-828e-b7eb89f9d3de@10.0.0.2:8083 with resources cpus(*):0.01; disk(*):1; mem(*):1 on slave 20151211-063437-33554442-5050-4917-S0 at slave(1)@10.0.0.5:5051 (n4)
I1211 06:48:31.207870  4921 hierarchical.hpp:648] Recovered cpus(*):0.74; mem(*):2798; disk(*):33171; ports(*):[31000-32000] (total allocatable: cpus(*):0.74; mem(*):2798; disk(*):33171; ports(*):[31000-32000]) on slave 20151211-063437-33554442-5050-4917-S0 from framework 20151211-063437-33554442-5050-4917-0000
I1211 06:48:31.208231  4921 hierarchical.hpp:684] Framework 20151211-063437-33554442-5050-4917-0000 filtered slave 20151211-063437-33554442-5050-4917-S0 for 5secs
I1211 06:48:31.514343  4922 hierarchical.hpp:898] Filtered cpus(*):0.74; mem(*):2798; disk(*):33171; ports(*):[31000-32000] on slave 20151211-063437-33554442-5050-4917-S0 for framework 20151211-063437-33554442-5050-4917-0000
I1211 06:48:31.514530  4922 hierarchical.hpp:741] Performed allocation for 2 slaves in 335663ns
I1211 06:48:31.514639  4922 master.cpp:3755] Sending 1 offers to framework 20151211-063437-33554442-5050-4917-0000 (TwitterScheduler) at scheduler-671209cf-a493-4036-828e-b7eb89f9d3de@10.0.0.2:8083
I1211 06:48:31.527050  4922 master.cpp:3388] Executor thermos-1449816511146-www-data-devel-job1-0-730a7c1e-550e-4b81-8600-2777d8bef720 of framework 20151211-063437-33554442-5050-4917-0000 on slave 20151211-063437-33554442-5050-4917-S0 at slave(1)@10.0.0.5:5051 (n4) exited with status 1
I1211 06:48:31.527092  4922 master.cpp:4714] Removing executor 'thermos-1449816511146-www-data-devel-job1-0-730a7c1e-550e-4b81-8600-2777d8bef720' with resources cpus(*):0.25; mem(*):128 of framework 20151211-063437-33554442-5050-4917-0000 on slave 20151211-063437-33554442-5050-4917-S0 at slave(1)@10.0.0.5:5051 (n4)
I1211 06:48:31.527166  4922 hierarchical.hpp:648] Recovered cpus(*):0.25; mem(*):128 (total allocatable: cpus(*):0.99; mem(*):2926; disk(*):33171; ports(*):[31000-32000]) on slave 20151211-063437-33554442-5050-4917-S0 from framework 20151211-063437-33554442-5050-4917-0000
I1211 06:48:31.534068  4922 master.cpp:3295] Status update TASK_LOST (UUID: 4ac370b4-f4a3-4a02-a6b2-cf0258831f90) for task 1449816511146-www-data-devel-job1-0-730a7c1e-550e-4b81-8600-2777d8bef720 of framework 20151211-063437-33554442-5050-4917-0000 from slave 20151211-063437-33554442-5050-4917-S0 at slave(1)@10.0.0.5:5051 (n4)
I1211 06:48:31.534189  4922 master.cpp:3336] Forwarding status update TASK_LOST (UUID: 4ac370b4-f4a3-4a02-a6b2-cf0258831f90) for task 1449816511146-www-data-devel-job1-0-730a7c1e-550e-4b81-8600-2777d8bef720 of framework 20151211-063437-33554442-5050-4917-0000
I1211 06:48:31.534261  4922 master.cpp:4618] Updating the latest state of task 1449816511146-www-data-devel-job1-0-730a7c1e-550e-4b81-8600-2777d8bef720 of framework 20151211-063437-33554442-5050-4917-0000 to TASK_LOST
I1211 06:48:31.535895  4922 hierarchical.hpp:648] Recovered cpus(*):0.01; disk(*):1; mem(*):1 (total allocatable: cpus(*):1; mem(*):2927; disk(*):33172; ports(*):[31000-32000]) on slave 20151211-063437-33554442-5050-4917-S0 from framework 20151211-063437-33554442-5050-4917-0000
I1211 06:48:31.572958  4925 master.cpp:2618] Asked to kill task 1449816511146-www-data-devel-job1-0-730a7c1e-550e-4b81-8600-2777d8bef720 of framework 20151211-063437-33554442-5050-4917-0000
I1211 06:48:31.573047  4925 master.cpp:2678] Telling slave 20151211-063437-33554442-5050-4917-S0 at slave(1)@10.0.0.5:5051 (n4) to kill task 1449816511146-www-data-devel-job1-0-730a7c1e-550e-4b81-8600-2777d8bef720 of framework 20151211-063437-33554442-5050-4917-0000 (TwitterScheduler) at scheduler-671209cf-a493-4036-828e-b7eb89f9d3de@10.0.0.2:8083
I1211 06:48:31.600069  4923 master.cpp:4685] Removing task 1449816511146-www-data-devel-job1-0-730a7c1e-550e-4b81-8600-2777d8bef720 with resources cpus(*):0.01; disk(*):1; mem(*):1 of framework 20151211-063437-33554442-5050-4917-0000 on slave 20151211-063437-33554442-5050-4917-S0 at slave(1)@10.0.0.5:5051 (n4)
I1211 06:48:31.600190  4923 master.cpp:2782] Forwarding status update acknowledgement 4ac370b4-f4a3-4a02-a6b2-cf0258831f90 for task 1449816511146-www-data-devel-job1-0-730a7c1e-550e-4b81-8600-2777d8bef720 of framework 20151211-063437-33554442-5050-4917-0000 (TwitterScheduler) at scheduler-671209cf-a493-4036-828e-b7eb89f9d3de@10.0.0.2:8083 to slave 20151211-063437-33554442-5050-4917-S0 at slave(1)@10.0.0.5:5051 (n4)
I1211 06:48:32.516293  4924 hierarchical.hpp:741] Performed allocation for 2 slaves in 99658ns
I1211 06:48:32.516438  4919 master.cpp:3755] Sending 1 offers to framework 20151211-063437-33554442-5050-4917-0000 (TwitterScheduler) at scheduler-671209cf-a493-4036-828e-b7eb89f9d3de@10.0.0.2:8083
I1211 06:48:33.517001  4920 hierarchical.hpp:834] No resources available to allocate!
I1211 06:48:33.517067  4920 hierarchical.hpp:741] Performed allocation for 2 slaves in 118247ns
I1211 06:48:34.517719  4920 hierarchical.hpp:834] No resources available to allocate!
I1211 06:48:34.517786  4920 hierarchical.hpp:741] Performed allocation for 2 slaves in 116207ns
I1211 06:48:35.518550  4920 hierarchical.hpp:834] No resources available to allocate!
I1211 06:48:35.518630  4920 hierarchical.hpp:741] Performed allocation for 2 slaves in 138131ns
I1211 06:48:36.519418  4920 hierarchical.hpp:834] No resources available to allocate!
I1211 06:48:36.519495  4920 hierarchical.hpp:741] Performed allocation for 2 slaves in 137029ns
I1211 06:48:37.520203  4920 hierarchical.hpp:834] No resources available to allocate!
I1211 06:48:37.520282  4920 hierarchical.hpp:741] Performed allocation for 2 slaves in 141870ns
I1211 06:48:38.520798  4920 hierarchical.hpp:834] No resources available to allocate!
I1211 06:48:38.520838  4920 hierarchical.hpp:741] Performed allocation for 2 slaves in 87377ns
I1211 06:48:39.521406  4920 hierarchical.hpp:834] No resources available to allocate!
I1211 06:48:39.521472  4920 hierarchical.hpp:741] Performed allocation for 2 slaves in 133706ns
I1211 06:48:40.522135  4920 hierarchical.hpp:834] No resources available to allocate!
I1211 06:48:40.522229  4920 hierarchical.hpp:741] Performed allocation for 2 slaves in 154861ns
I1211 06:48:41.522840  4926 hierarchical.hpp:834] No resources available to allocate!
I1211 06:48:41.522905  4926 hierarchical.hpp:741] Performed allocation for 2 slaves in 120224ns
I1211 06:48:42.523558  4926 hierarchical.hpp:834] No resources available to allocate!
I1211 06:48:42.523624  4926 hierarchical.hpp:741] Performed allocation for 2 slaves in 116835ns
I1211 06:48:43.524617  4921 hierarchical.hpp:834] No resources available to allocate!
I1211 06:48:43.524685  4921 hierarchical.hpp:741] Performed allocation for 2 slaves in 125118ns
I1211 06:48:44.525934  4921 hierarchical.hpp:834] No resources available to allocate!
I1211 06:48:44.525998  4921 hierarchical.hpp:741] Performed allocation for 2 slaves in 102349ns
I1211 06:48:44.814718  4922 master.cpp:2268] Processing ACCEPT call for offers: [ 20151211-063437-33554442-5050-4917-O19 ] on slave 20151211-063437-33554442-5050-4917-S0 at slave(1)@10.0.0.5:5051 (n4) for framework 20151211-063437-33554442-5050-4917-0000 (TwitterScheduler) at scheduler-671209cf-a493-4036-828e-b7eb89f9d3de@10.0.0.2:8083
I1211 06:48:44.814997  4922 master.hpp:822] Adding task 1449816524682-www-data-devel-job2-0-19d42777-7a95-4996-90b9-0b3127fe1fe0 with resources cpus(*):0.01; disk(*):1; mem(*):1 on slave 20151211-063437-33554442-5050-4917-S0 (n4)
I1211 06:48:44.815057  4922 master.cpp:2545] Launching task 1449816524682-www-data-devel-job2-0-19d42777-7a95-4996-90b9-0b3127fe1fe0 of framework 20151211-063437-33554442-5050-4917-0000 (TwitterScheduler) at scheduler-671209cf-a493-4036-828e-b7eb89f9d3de@10.0.0.2:8083 with resources cpus(*):0.01; disk(*):1; mem(*):1 on slave 20151211-063437-33554442-5050-4917-S0 at slave(1)@10.0.0.5:5051 (n4)
I1211 06:48:44.815158  4922 hierarchical.hpp:648] Recovered cpus(*):0.74; mem(*):2798; disk(*):33171; ports(*):[31000-32000] (total allocatable: cpus(*):0.74; mem(*):2798; disk(*):33171; ports(*):[31000-32000]) on slave 20151211-063437-33554442-5050-4917-S0 from framework 20151211-063437-33554442-5050-4917-0000
I1211 06:48:44.815179  4922 hierarchical.hpp:684] Framework 20151211-063437-33554442-5050-4917-0000 filtered slave 20151211-063437-33554442-5050-4917-S0 for 5secs
I1211 06:48:45.039182  4922 master.cpp:3388] Executor thermos-1449816524682-www-data-devel-job2-0-19d42777-7a95-4996-90b9-0b3127fe1fe0 of framework 20151211-063437-33554442-5050-4917-0000 on slave 20151211-063437-33554442-5050-4917-S0 at slave(1)@10.0.0.5:5051 (n4) terminated with signal Killed
I1211 06:48:45.039376  4922 master.cpp:4714] Removing executor 'thermos-1449816524682-www-data-devel-job2-0-19d42777-7a95-4996-90b9-0b3127fe1fe0' with resources cpus(*):0.25; mem(*):128 of framework 20151211-063437-33554442-5050-4917-0000 on slave 20151211-063437-33554442-5050-4917-S0 at slave(1)@10.0.0.5:5051 (n4)
I1211 06:48:45.039474  4922 hierarchical.hpp:648] Recovered cpus(*):0.25; mem(*):128 (total allocatable: cpus(*):0.99; mem(*):2926; disk(*):33171; ports(*):[31000-32000]) on slave 20151211-063437-33554442-5050-4917-S0 from framework 20151211-063437-33554442-5050-4917-0000
I1211 06:48:45.045624  4925 master.cpp:3295] Status update TASK_LOST (UUID: 0f9dc5e1-b7ec-43be-bc4c-9e64e8341e0a) for task 1449816524682-www-data-devel-job2-0-19d42777-7a95-4996-90b9-0b3127fe1fe0 of framework 20151211-063437-33554442-5050-4917-0000 from slave 20151211-063437-33554442-5050-4917-S0 at slave(1)@10.0.0.5:5051 (n4)
I1211 06:48:45.045704  4925 master.cpp:3336] Forwarding status update TASK_LOST (UUID: 0f9dc5e1-b7ec-43be-bc4c-9e64e8341e0a) for task 1449816524682-www-data-devel-job2-0-19d42777-7a95-4996-90b9-0b3127fe1fe0 of framework 20151211-063437-33554442-5050-4917-0000
I1211 06:48:45.045770  4925 master.cpp:4618] Updating the latest state of task 1449816524682-www-data-devel-job2-0-19d42777-7a95-4996-90b9-0b3127fe1fe0 of framework 20151211-063437-33554442-5050-4917-0000 to TASK_LOST
I1211 06:48:45.045840  4925 hierarchical.hpp:648] Recovered cpus(*):0.01; disk(*):1; mem(*):1 (total allocatable: cpus(*):1; mem(*):2927; disk(*):33172; ports(*):[31000-32000]) on slave 20151211-063437-33554442-5050-4917-S0 from framework 20151211-063437-33554442-5050-4917-0000
I1211 06:48:45.084282  4925 master.cpp:2618] Asked to kill task 1449816524682-www-data-devel-job2-0-19d42777-7a95-4996-90b9-0b3127fe1fe0 of framework 20151211-063437-33554442-5050-4917-0000
I1211 06:48:45.084465  4925 master.cpp:2678] Telling slave 20151211-063437-33554442-5050-4917-S0 at slave(1)@10.0.0.5:5051 (n4) to kill task 1449816524682-www-data-devel-job2-0-19d42777-7a95-4996-90b9-0b3127fe1fe0 of framework 20151211-063437-33554442-5050-4917-0000 (TwitterScheduler) at scheduler-671209cf-a493-4036-828e-b7eb89f9d3de@10.0.0.2:8083
I1211 06:48:45.119145  4923 master.cpp:2268] Processing ACCEPT call for offers: [ 20151211-063437-33554442-5050-4917-O18 ] on slave 20151211-063437-33554442-5050-4917-S1 at slave(1)@10.0.0.6:5051 (n5) for framework 20151211-063437-33554442-5050-4917-0000 (TwitterScheduler) at scheduler-671209cf-a493-4036-828e-b7eb89f9d3de@10.0.0.2:8083
I1211 06:48:45.119473  4923 master.hpp:822] Adding task 1449816525070-www-data-devel-job2-0-0d7d07b6-46f6-43f7-9a3e-ffbe0a6ddc2b with resources cpus(*):0.01; disk(*):1; mem(*):1 on slave 20151211-063437-33554442-5050-4917-S1 (n5)
I1211 06:48:45.119526  4923 master.cpp:2545] Launching task 1449816525070-www-data-devel-job2-0-0d7d07b6-46f6-43f7-9a3e-ffbe0a6ddc2b of framework 20151211-063437-33554442-5050-4917-0000 (TwitterScheduler) at scheduler-671209cf-a493-4036-828e-b7eb89f9d3de@10.0.0.2:8083 with resources cpus(*):0.01; disk(*):1; mem(*):1 on slave 20151211-063437-33554442-5050-4917-S1 at slave(1)@10.0.0.6:5051 (n5)
I1211 06:48:45.119626  4923 hierarchical.hpp:648] Recovered cpus(*):0.74; mem(*):2798; disk(*):33171; ports(*):[31000-32000] (total allocatable: cpus(*):0.74; mem(*):2798; disk(*):33171; ports(*):[31000-32000]) on slave 20151211-063437-33554442-5050-4917-S1 from framework 20151211-063437-33554442-5050-4917-0000
I1211 06:48:45.119647  4923 hierarchical.hpp:684] Framework 20151211-063437-33554442-5050-4917-0000 filtered slave 20151211-063437-33554442-5050-4917-S1 for 5secs
I1211 06:48:45.123724  4923 master.cpp:4685] Removing task 1449816524682-www-data-devel-job2-0-19d42777-7a95-4996-90b9-0b3127fe1fe0 with resources cpus(*):0.01; disk(*):1; mem(*):1 of framework 20151211-063437-33554442-5050-4917-0000 on slave 20151211-063437-33554442-5050-4917-S0 at slave(1)@10.0.0.5:5051 (n4)
I1211 06:48:45.139950  4923 master.cpp:2782] Forwarding status update acknowledgement 0f9dc5e1-b7ec-43be-bc4c-9e64e8341e0a for task 1449816524682-www-data-devel-job2-0-19d42777-7a95-4996-90b9-0b3127fe1fe0 of framework 20151211-063437-33554442-5050-4917-0000 (TwitterScheduler) at scheduler-671209cf-a493-4036-828e-b7eb89f9d3de@10.0.0.2:8083 to slave 20151211-063437-33554442-5050-4917-S0 at slave(1)@10.0.0.5:5051 (n4)
I1211 06:48:45.338558  4924 master.cpp:3388] Executor thermos-1449816525070-www-data-devel-job2-0-0d7d07b6-46f6-43f7-9a3e-ffbe0a6ddc2b of framework 20151211-063437-33554442-5050-4917-0000 on slave 20151211-063437-33554442-5050-4917-S1 at slave(1)@10.0.0.6:5051 (n5) terminated with signal Killed
I1211 06:48:45.338649  4924 master.cpp:4714] Removing executor 'thermos-1449816525070-www-data-devel-job2-0-0d7d07b6-46f6-43f7-9a3e-ffbe0a6ddc2b' with resources cpus(*):0.25; mem(*):128 of framework 20151211-063437-33554442-5050-4917-0000 on slave 20151211-063437-33554442-5050-4917-S1 at slave(1)@10.0.0.6:5051 (n5)
I1211 06:48:45.338778  4924 hierarchical.hpp:648] Recovered cpus(*):0.25; mem(*):128 (total allocatable: cpus(*):0.99; mem(*):2926; disk(*):33171; ports(*):[31000-32000]) on slave 20151211-063437-33554442-5050-4917-S1 from framework 20151211-063437-33554442-5050-4917-0000
I1211 06:48:45.342192  4924 master.cpp:3295] Status update TASK_LOST (UUID: 67854c16-fefb-41f1-bff4-5821a442054a) for task 1449816525070-www-data-devel-job2-0-0d7d07b6-46f6-43f7-9a3e-ffbe0a6ddc2b of framework 20151211-063437-33554442-5050-4917-0000 from slave 20151211-063437-33554442-5050-4917-S1 at slave(1)@10.0.0.6:5051 (n5)
I1211 06:48:45.342270  4924 master.cpp:3336] Forwarding status update TASK_LOST (UUID: 67854c16-fefb-41f1-bff4-5821a442054a) for task 1449816525070-www-data-devel-job2-0-0d7d07b6-46f6-43f7-9a3e-ffbe0a6ddc2b of framework 20151211-063437-33554442-5050-4917-0000
I1211 06:48:45.342360  4924 master.cpp:4618] Updating the latest state of task 1449816525070-www-data-devel-job2-0-0d7d07b6-46f6-43f7-9a3e-ffbe0a6ddc2b of framework 20151211-063437-33554442-5050-4917-0000 to TASK_LOST
I1211 06:48:45.342458  4924 hierarchical.hpp:648] Recovered cpus(*):0.01; disk(*):1; mem(*):1 (total allocatable: cpus(*):1; mem(*):2927; disk(*):33172; ports(*):[31000-32000]) on slave 20151211-063437-33554442-5050-4917-S1 from framework 20151211-063437-33554442-5050-4917-0000
I1211 06:48:45.376734  4919 master.cpp:2618] Asked to kill task 1449816525070-www-data-devel-job2-0-0d7d07b6-46f6-43f7-9a3e-ffbe0a6ddc2b of framework 20151211-063437-33554442-5050-4917-0000
I1211 06:48:45.376816  4919 master.cpp:2678] Telling slave 20151211-063437-33554442-5050-4917-S1 at slave(1)@10.0.0.6:5051 (n5) to kill task 1449816525070-www-data-devel-job2-0-0d7d07b6-46f6-43f7-9a3e-ffbe0a6ddc2b of framework 20151211-063437-33554442-5050-4917-0000 (TwitterScheduler) at scheduler-671209cf-a493-4036-828e-b7eb89f9d3de@10.0.0.2:8083
I1211 06:48:45.392176  4920 master.cpp:4685] Removing task 1449816525070-www-data-devel-job2-0-0d7d07b6-46f6-43f7-9a3e-ffbe0a6ddc2b with resources cpus(*):0.01; disk(*):1; mem(*):1 of framework 20151211-063437-33554442-5050-4917-0000 on slave 20151211-063437-33554442-5050-4917-S1 at slave(1)@10.0.0.6:5051 (n5)
I1211 06:48:45.392308  4920 master.cpp:2782] Forwarding status update acknowledgement 67854c16-fefb-41f1-bff4-5821a442054a for task 1449816525070-www-data-devel-job2-0-0d7d07b6-46f6-43f7-9a3e-ffbe0a6ddc2b of framework 20151211-063437-33554442-5050-4917-0000 (TwitterScheduler) at scheduler-671209cf-a493-4036-828e-b7eb89f9d3de@10.0.0.2:8083 to slave 20151211-063437-33554442-5050-4917-S1 at slave(1)@10.0.0.6:5051 (n5)
I1211 06:48:45.526396  4926 hierarchical.hpp:741] Performed allocation for 2 slaves in 129992ns
I1211 06:48:45.526574  4926 master.cpp:3755] Sending 2 offers to framework 20151211-063437-33554442-5050-4917-0000 (TwitterScheduler) at scheduler-671209cf-a493-4036-828e-b7eb89f9d3de@10.0.0.2:8083
I1211 06:48:46.527001  4926 hierarchical.hpp:834] No resources available to allocate!
I1211 06:48:46.527108  4926 hierarchical.hpp:741] Performed allocation for 2 slaves in 164163ns
I1211 06:48:47.527405  4921 hierarchical.hpp:834] No resources available to allocate!
I1211 06:48:47.527545  4921 hierarchical.hpp:741] Performed allocation for 2 slaves in 200381ns
I1211 06:48:48.528658  4922 hierarchical.hpp:834] No resources available to allocate!
I1211 06:48:48.528765  4922 hierarchical.hpp:741] Performed allocation for 2 slaves in 166197ns
I1211 06:48:49.529083  4925 hierarchical.hpp:834] No resources available to allocate!
I1211 06:48:49.529165  4925 hierarchical.hpp:741] Performed allocation for 2 slaves in 145268ns
I1211 06:48:50.530064  4925 hierarchical.hpp:834] No resources available to allocate!
I1211 06:48:50.530194  4925 hierarchical.hpp:741] Performed allocation for 2 slaves in 187894ns
I1211 06:48:51.531622  4923 hierarchical.hpp:834] No resources available to allocate!
I1211 06:48:51.531688  4923 hierarchical.hpp:741] Performed allocation for 2 slaves in 127854ns
I1211 06:48:52.533104  4923 hierarchical.hpp:834] No resources available to allocate!
I1211 06:48:52.533210  4923 hierarchical.hpp:741] Performed allocation for 2 slaves in 158684ns
I1211 06:48:53.533776  4924 hierarchical.hpp:834] No resources available to allocate!
I1211 06:48:53.533841  4924 hierarchical.hpp:741] Performed allocation for 2 slaves in 120142ns
I1211 06:48:54.534485  4924 hierarchical.hpp:834] No resources available to allocate!
I1211 06:48:54.534550  4924 hierarchical.hpp:741] Performed allocation for 2 slaves in 117989ns
I1211 06:48:55.535378  4924 hierarchical.hpp:834] No resources available to allocate!
I1211 06:48:55.535457  4924 hierarchical.hpp:741] Performed allocation for 2 slaves in 140662ns
I1211 06:48:56.536357  4924 hierarchical.hpp:834] No resources available to allocate!
I1211 06:48:56.536422  4924 hierarchical.hpp:741] Performed allocation for 2 slaves in 117654ns
I1211 06:48:57.537005  4924 hierarchical.hpp:834] No resources available to allocate!
I1211 06:48:57.537097  4924 hierarchical.hpp:741] Performed allocation for 2 slaves in 152657ns
I1211 06:48:58.537614  4919 hierarchical.hpp:834] No resources available to allocate!
I1211 06:48:58.537679  4919 hierarchical.hpp:741] Performed allocation for 2 slaves in 121209ns
I1211 06:48:59.538316  4919 hierarchical.hpp:834] No resources available to allocate!
I1211 06:48:59.538393  4919 hierarchical.hpp:741] Performed allocation for 2 slaves in 138270ns
I1211 06:49:00.538986  4919 hierarchical.hpp:834] No resources available to allocate!
I1211 06:49:00.539064  4919 hierarchical.hpp:741] Performed allocation for 2 slaves in 141518ns
I1211 06:49:01.540343  4919 hierarchical.hpp:834] No resources available to allocate!
I1211 06:49:01.540474  4919 hierarchical.hpp:741] Performed allocation for 2 slaves in 205578ns
I1211 06:49:02.356813  4919 master.cpp:2268] Processing ACCEPT call for offers: [ 20151211-063437-33554442-5050-4917-O20 ] on slave 20151211-063437-33554442-5050-4917-S1 at slave(1)@10.0.0.6:5051 (n5) for framework 20151211-063437-33554442-5050-4917-0000 (TwitterScheduler) at scheduler-671209cf-a493-4036-828e-b7eb89f9d3de@10.0.0.2:8083
I1211 06:49:02.357164  4919 master.hpp:822] Adding task 1449816542273-www-data-devel-job3-0-89197f10-b937-4c07-8319-ac173bf00daa with resources cpus(*):0.01; disk(*):1; mem(*):1 on slave 20151211-063437-33554442-5050-4917-S1 (n5)
I1211 06:49:02.357228  4919 master.cpp:2545] Launching task 1449816542273-www-data-devel-job3-0-89197f10-b937-4c07-8319-ac173bf00daa of framework 20151211-063437-33554442-5050-4917-0000 (TwitterScheduler) at scheduler-671209cf-a493-4036-828e-b7eb89f9d3de@10.0.0.2:8083 with resources cpus(*):0.01; disk(*):1; mem(*):1 on slave 20151211-063437-33554442-5050-4917-S1 at slave(1)@10.0.0.6:5051 (n5)
I1211 06:49:02.357341  4919 hierarchical.hpp:648] Recovered cpus(*):0.74; mem(*):2798; disk(*):33171; ports(*):[31000-32000] (total allocatable: cpus(*):0.74; mem(*):2798; disk(*):33171; ports(*):[31000-32000]) on slave 20151211-063437-33554442-5050-4917-S1 from framework 20151211-063437-33554442-5050-4917-0000
I1211 06:49:02.357362  4919 hierarchical.hpp:684] Framework 20151211-063437-33554442-5050-4917-0000 filtered slave 20151211-063437-33554442-5050-4917-S1 for 5secs
I1211 06:49:02.541177  4920 hierarchical.hpp:898] Filtered cpus(*):0.74; mem(*):2798; disk(*):33171; ports(*):[31000-32000] on slave 20151211-063437-33554442-5050-4917-S1 for framework 20151211-063437-33554442-5050-4917-0000
I1211 06:49:02.541313  4920 hierarchical.hpp:834] No resources available to allocate!
I1211 06:49:02.541327  4920 hierarchical.hpp:741] Performed allocation for 2 slaves in 227515ns
I1211 06:49:02.588662  4921 master.cpp:3388] Executor thermos-1449816542273-www-data-devel-job3-0-89197f10-b937-4c07-8319-ac173bf00daa of framework 20151211-063437-33554442-5050-4917-0000 on slave 20151211-063437-33554442-5050-4917-S1 at slave(1)@10.0.0.6:5051 (n5) terminated with signal Killed
I1211 06:49:02.588711  4921 master.cpp:4714] Removing executor 'thermos-1449816542273-www-data-devel-job3-0-89197f10-b937-4c07-8319-ac173bf00daa' with resources cpus(*):0.25; mem(*):128 of framework 20151211-063437-33554442-5050-4917-0000 on slave 20151211-063437-33554442-5050-4917-S1 at slave(1)@10.0.0.6:5051 (n5)
I1211 06:49:02.588793  4921 hierarchical.hpp:648] Recovered cpus(*):0.25; mem(*):128 (total allocatable: cpus(*):0.99; mem(*):2926; disk(*):33171; ports(*):[31000-32000]) on slave 20151211-063437-33554442-5050-4917-S1 from framework 20151211-063437-33554442-5050-4917-0000
I1211 06:49:02.591927  4921 master.cpp:3295] Status update TASK_LOST (UUID: e71d530f-e573-4303-aab2-0072def26a37) for task 1449816542273-www-data-devel-job3-0-89197f10-b937-4c07-8319-ac173bf00daa of framework 20151211-063437-33554442-5050-4917-0000 from slave 20151211-063437-33554442-5050-4917-S1 at slave(1)@10.0.0.6:5051 (n5)
I1211 06:49:02.591958  4921 master.cpp:3336] Forwarding status update TASK_LOST (UUID: e71d530f-e573-4303-aab2-0072def26a37) for task 1449816542273-www-data-devel-job3-0-89197f10-b937-4c07-8319-ac173bf00daa of framework 20151211-063437-33554442-5050-4917-0000
I1211 06:49:02.592025  4921 master.cpp:4618] Updating the latest state of task 1449816542273-www-data-devel-job3-0-89197f10-b937-4c07-8319-ac173bf00daa of framework 20151211-063437-33554442-5050-4917-0000 to TASK_LOST
I1211 06:49:02.592108  4921 hierarchical.hpp:648] Recovered cpus(*):0.01; disk(*):1; mem(*):1 (total allocatable: cpus(*):1; mem(*):2927; disk(*):33172; ports(*):[31000-32000]) on slave 20151211-063437-33554442-5050-4917-S1 from framework 20151211-063437-33554442-5050-4917-0000
I1211 06:49:02.630316  4926 master.cpp:2618] Asked to kill task 1449816542273-www-data-devel-job3-0-89197f10-b937-4c07-8319-ac173bf00daa of framework 20151211-063437-33554442-5050-4917-0000
I1211 06:49:02.630403  4926 master.cpp:2678] Telling slave 20151211-063437-33554442-5050-4917-S1 at slave(1)@10.0.0.6:5051 (n5) to kill task 1449816542273-www-data-devel-job3-0-89197f10-b937-4c07-8319-ac173bf00daa of framework 20151211-063437-33554442-5050-4917-0000 (TwitterScheduler) at scheduler-671209cf-a493-4036-828e-b7eb89f9d3de@10.0.0.2:8083
I1211 06:49:02.658017  4922 master.cpp:4685] Removing task 1449816542273-www-data-devel-job3-0-89197f10-b937-4c07-8319-ac173bf00daa with resources cpus(*):0.01; disk(*):1; mem(*):1 of framework 20151211-063437-33554442-5050-4917-0000 on slave 20151211-063437-33554442-5050-4917-S1 at slave(1)@10.0.0.6:5051 (n5)
I1211 06:49:02.658145  4922 master.cpp:2782] Forwarding status update acknowledgement e71d530f-e573-4303-aab2-0072def26a37 for task 1449816542273-www-data-devel-job3-0-89197f10-b937-4c07-8319-ac173bf00daa of framework 20151211-063437-33554442-5050-4917-0000 (TwitterScheduler) at scheduler-671209cf-a493-4036-828e-b7eb89f9d3de@10.0.0.2:8083 to slave 20151211-063437-33554442-5050-4917-S1 at slave(1)@10.0.0.6:5051 (n5)
I1211 06:49:02.670429  4925 master.cpp:2268] Processing ACCEPT call for offers: [ 20151211-063437-33554442-5050-4917-O21 ] on slave 20151211-063437-33554442-5050-4917-S0 at slave(1)@10.0.0.5:5051 (n4) for framework 20151211-063437-33554442-5050-4917-0000 (TwitterScheduler) at scheduler-671209cf-a493-4036-828e-b7eb89f9d3de@10.0.0.2:8083
I1211 06:49:02.670802  4925 master.hpp:822] Adding task 1449816542609-www-data-devel-job3-0-860a5bcd-3502-4851-bf54-a02d96927626 with resources cpus(*):0.01; disk(*):1; mem(*):1 on slave 20151211-063437-33554442-5050-4917-S0 (n4)
I1211 06:49:02.670866  4925 master.cpp:2545] Launching task 1449816542609-www-data-devel-job3-0-860a5bcd-3502-4851-bf54-a02d96927626 of framework 20151211-063437-33554442-5050-4917-0000 (TwitterScheduler) at scheduler-671209cf-a493-4036-828e-b7eb89f9d3de@10.0.0.2:8083 with resources cpus(*):0.01; disk(*):1; mem(*):1 on slave 20151211-063437-33554442-5050-4917-S0 at slave(1)@10.0.0.5:5051 (n4)
I1211 06:49:02.670979  4925 hierarchical.hpp:648] Recovered cpus(*):0.74; mem(*):2798; disk(*):33171; ports(*):[31000-32000] (total allocatable: cpus(*):0.74; mem(*):2798; disk(*):33171; ports(*):[31000-32000]) on slave 20151211-063437-33554442-5050-4917-S0 from framework 20151211-063437-33554442-5050-4917-0000
I1211 06:49:02.670999  4925 hierarchical.hpp:684] Framework 20151211-063437-33554442-5050-4917-0000 filtered slave 20151211-063437-33554442-5050-4917-S0 for 5secs
I1211 06:49:02.892729  4925 master.cpp:3388] Executor thermos-1449816542609-www-data-devel-job3-0-860a5bcd-3502-4851-bf54-a02d96927626 of framework 20151211-063437-33554442-5050-4917-0000 on slave 20151211-063437-33554442-5050-4917-S0 at slave(1)@10.0.0.5:5051 (n4) terminated with signal Killed
I1211 06:49:02.892807  4925 master.cpp:4714] Removing executor 'thermos-1449816542609-www-data-devel-job3-0-860a5bcd-3502-4851-bf54-a02d96927626' with resources cpus(*):0.25; mem(*):128 of framework 20151211-063437-33554442-5050-4917-0000 on slave 20151211-063437-33554442-5050-4917-S0 at slave(1)@10.0.0.5:5051 (n4)
I1211 06:49:02.892882  4925 hierarchical.hpp:648] Recovered cpus(*):0.25; mem(*):128 (total allocatable: cpus(*):0.99; mem(*):2926; disk(*):33171; ports(*):[31000-32000]) on slave 20151211-063437-33554442-5050-4917-S0 from framework 20151211-063437-33554442-5050-4917-0000
I1211 06:49:02.897869  4925 master.cpp:3295] Status update TASK_LOST (UUID: c1741a16-2553-4e6f-a437-548be792e4eb) for task 1449816542609-www-data-devel-job3-0-860a5bcd-3502-4851-bf54-a02d96927626 of framework 20151211-063437-33554442-5050-4917-0000 from slave 20151211-063437-33554442-5050-4917-S0 at slave(1)@10.0.0.5:5051 (n4)
I1211 06:49:02.897915  4925 master.cpp:3336] Forwarding status update TASK_LOST (UUID: c1741a16-2553-4e6f-a437-548be792e4eb) for task 1449816542609-www-data-devel-job3-0-860a5bcd-3502-4851-bf54-a02d96927626 of framework 20151211-063437-33554442-5050-4917-0000
I1211 06:49:02.898018  4925 master.cpp:4618] Updating the latest state of task 1449816542609-www-data-devel-job3-0-860a5bcd-3502-4851-bf54-a02d96927626 of framework 20151211-063437-33554442-5050-4917-0000 to TASK_LOST
I1211 06:49:02.898135  4925 hierarchical.hpp:648] Recovered cpus(*):0.01; disk(*):1; mem(*):1 (total allocatable: cpus(*):1; mem(*):2927; disk(*):33172; ports(*):[31000-32000]) on slave 20151211-063437-33554442-5050-4917-S0 from framework 20151211-063437-33554442-5050-4917-0000
I1211 06:49:02.920585  4925 master.cpp:2618] Asked to kill task 1449816542609-www-data-devel-job3-0-860a5bcd-3502-4851-bf54-a02d96927626 of framework 20151211-063437-33554442-5050-4917-0000
I1211 06:49:02.920670  4925 master.cpp:2678] Telling slave 20151211-063437-33554442-5050-4917-S0 at slave(1)@10.0.0.5:5051 (n4) to kill task 1449816542609-www-data-devel-job3-0-860a5bcd-3502-4851-bf54-a02d96927626 of framework 20151211-063437-33554442-5050-4917-0000 (TwitterScheduler) at scheduler-671209cf-a493-4036-828e-b7eb89f9d3de@10.0.0.2:8083
I1211 06:49:02.943058  4923 master.cpp:4685] Removing task 1449816542609-www-data-devel-job3-0-860a5bcd-3502-4851-bf54-a02d96927626 with resources cpus(*):0.01; disk(*):1; mem(*):1 of framework 20151211-063437-33554442-5050-4917-0000 on slave 20151211-063437-33554442-5050-4917-S0 at slave(1)@10.0.0.5:5051 (n4)
I1211 06:49:02.943188  4923 master.cpp:2782] Forwarding status update acknowledgement c1741a16-2553-4e6f-a437-548be792e4eb for task 1449816542609-www-data-devel-job3-0-860a5bcd-3502-4851-bf54-a02d96927626 of framework 20151211-063437-33554442-5050-4917-0000 (TwitterScheduler) at scheduler-671209cf-a493-4036-828e-b7eb89f9d3de@10.0.0.2:8083 to slave 20151211-063437-33554442-5050-4917-S0 at slave(1)@10.0.0.5:5051 (n4)
I1211 06:49:03.541646  4924 hierarchical.hpp:741] Performed allocation for 2 slaves in 162139ns
I1211 06:49:03.541795  4919 master.cpp:3755] Sending 2 offers to framework 20151211-063437-33554442-5050-4917-0000 (TwitterScheduler) at scheduler-671209cf-a493-4036-828e-b7eb89f9d3de@10.0.0.2:8083
I1211 06:49:04.542417  4920 hierarchical.hpp:834] No resources available to allocate!
I1211 06:49:04.542482  4920 hierarchical.hpp:741] Performed allocation for 2 slaves in 119671ns
I1211 06:49:05.542807  4920 hierarchical.hpp:834] No resources available to allocate!
I1211 06:49:05.542872  4920 hierarchical.hpp:741] Performed allocation for 2 slaves in 114626ns
I1211 06:49:06.543474  4920 hierarchical.hpp:834] No resources available to allocate!
I1211 06:49:06.543551  4920 hierarchical.hpp:741] Performed allocation for 2 slaves in 137387ns
I1211 06:49:07.544385  4920 hierarchical.hpp:834] No resources available to allocate!
I1211 06:49:07.544452  4920 hierarchical.hpp:741] Performed allocation for 2 slaves in 118089ns
I1211 06:49:08.545486  4920 hierarchical.hpp:834] No resources available to allocate!
I1211 06:49:08.545567  4920 hierarchical.hpp:741] Performed allocation for 2 slaves in 138383ns
I1211 06:49:09.536427  4920 master.cpp:2268] Processing ACCEPT call for offers: [ 20151211-063437-33554442-5050-4917-O22 ] on slave 20151211-063437-33554442-5050-4917-S1 at slave(1)@10.0.0.6:5051 (n5) for framework 20151211-063437-33554442-5050-4917-0000 (TwitterScheduler) at scheduler-671209cf-a493-4036-828e-b7eb89f9d3de@10.0.0.2:8083
I1211 06:49:09.536708  4920 master.hpp:822] Adding task 1449816549462-www-data-devel-job4-0-b6ab6972-20fa-4829-8275-08cf4b766c29 with resources cpus(*):0.01; disk(*):1; mem(*):1 on slave 20151211-063437-33554442-5050-4917-S1 (n5)
I1211 06:49:09.536782  4920 master.cpp:2545] Launching task 1449816549462-www-data-devel-job4-0-b6ab6972-20fa-4829-8275-08cf4b766c29 of framework 20151211-063437-33554442-5050-4917-0000 (TwitterScheduler) at scheduler-671209cf-a493-4036-828e-b7eb89f9d3de@10.0.0.2:8083 with resources cpus(*):0.01; disk(*):1; mem(*):1 on slave 20151211-063437-33554442-5050-4917-S1 at slave(1)@10.0.0.6:5051 (n5)
I1211 06:49:09.536909  4920 hierarchical.hpp:648] Recovered cpus(*):0.74; mem(*):2798; disk(*):33171; ports(*):[31000-32000] (total allocatable: cpus(*):0.74; mem(*):2798; disk(*):33171; ports(*):[31000-32000]) on slave 20151211-063437-33554442-5050-4917-S1 from framework 20151211-063437-33554442-5050-4917-0000
I1211 06:49:09.545037  4920 hierarchical.hpp:684] Framework 20151211-063437-33554442-5050-4917-0000 filtered slave 20151211-063437-33554442-5050-4917-S1 for 5secs
I1211 06:49:09.554538  4920 hierarchical.hpp:898] Filtered cpus(*):0.74; mem(*):2798; disk(*):33171; ports(*):[31000-32000] on slave 20151211-063437-33554442-5050-4917-S1 for framework 20151211-063437-33554442-5050-4917-0000
I1211 06:49:09.554576  4920 hierarchical.hpp:834] No resources available to allocate!
I1211 06:49:09.554584  4920 hierarchical.hpp:741] Performed allocation for 2 slaves in 90272ns
I1211 06:49:09.768916  4921 master.cpp:3388] Executor thermos-1449816549462-www-data-devel-job4-0-b6ab6972-20fa-4829-8275-08cf4b766c29 of framework 20151211-063437-33554442-5050-4917-0000 on slave 20151211-063437-33554442-5050-4917-S1 at slave(1)@10.0.0.6:5051 (n5) terminated with signal Killed
I1211 06:49:09.768970  4921 master.cpp:4714] Removing executor 'thermos-1449816549462-www-data-devel-job4-0-b6ab6972-20fa-4829-8275-08cf4b766c29' with resources cpus(*):0.25; mem(*):128 of framework 20151211-063437-33554442-5050-4917-0000 on slave 20151211-063437-33554442-5050-4917-S1 at slave(1)@10.0.0.6:5051 (n5)
I1211 06:49:09.769050  4921 hierarchical.hpp:648] Recovered cpus(*):0.25; mem(*):128 (total allocatable: cpus(*):0.99; mem(*):2926; disk(*):33171; ports(*):[31000-32000]) on slave 20151211-063437-33554442-5050-4917-S1 from framework 20151211-063437-33554442-5050-4917-0000
I1211 06:49:09.773481  4926 master.cpp:3295] Status update TASK_LOST (UUID: dfc78dfa-81af-4eed-93a6-a3751b6c88df) for task 1449816549462-www-data-devel-job4-0-b6ab6972-20fa-4829-8275-08cf4b766c29 of framework 20151211-063437-33554442-5050-4917-0000 from slave 20151211-063437-33554442-5050-4917-S1 at slave(1)@10.0.0.6:5051 (n5)
I1211 06:49:09.773929  4926 master.cpp:3336] Forwarding status update TASK_LOST (UUID: dfc78dfa-81af-4eed-93a6-a3751b6c88df) for task 1449816549462-www-data-devel-job4-0-b6ab6972-20fa-4829-8275-08cf4b766c29 of framework 20151211-063437-33554442-5050-4917-0000
I1211 06:49:09.774000  4926 master.cpp:4618] Updating the latest state of task 1449816549462-www-data-devel-job4-0-b6ab6972-20fa-4829-8275-08cf4b766c29 of framework 20151211-063437-33554442-5050-4917-0000 to TASK_LOST
I1211 06:49:09.774070  4926 hierarchical.hpp:648] Recovered cpus(*):0.01; disk(*):1; mem(*):1 (total allocatable: cpus(*):1; mem(*):2927; disk(*):33172; ports(*):[31000-32000]) on slave 20151211-063437-33554442-5050-4917-S1 from framework 20151211-063437-33554442-5050-4917-0000
I1211 06:49:09.790974  4926 master.cpp:2618] Asked to kill task 1449816549462-www-data-devel-job4-0-b6ab6972-20fa-4829-8275-08cf4b766c29 of framework 20151211-063437-33554442-5050-4917-0000
I1211 06:49:09.791061  4926 master.cpp:2678] Telling slave 20151211-063437-33554442-5050-4917-S1 at slave(1)@10.0.0.6:5051 (n5) to kill task 1449816549462-www-data-devel-job4-0-b6ab6972-20fa-4829-8275-08cf4b766c29 of framework 20151211-063437-33554442-5050-4917-0000 (TwitterScheduler) at scheduler-671209cf-a493-4036-828e-b7eb89f9d3de@10.0.0.2:8083
I1211 06:49:09.816444  4922 master.cpp:4685] Removing task 1449816549462-www-data-devel-job4-0-b6ab6972-20fa-4829-8275-08cf4b766c29 with resources cpus(*):0.01; disk(*):1; mem(*):1 of framework 20151211-063437-33554442-5050-4917-0000 on slave 20151211-063437-33554442-5050-4917-S1 at slave(1)@10.0.0.6:5051 (n5)
I1211 06:49:09.816576  4922 master.cpp:2782] Forwarding status update acknowledgement dfc78dfa-81af-4eed-93a6-a3751b6c88df for task 1449816549462-www-data-devel-job4-0-b6ab6972-20fa-4829-8275-08cf4b766c29 of framework 20151211-063437-33554442-5050-4917-0000 (TwitterScheduler) at scheduler-671209cf-a493-4036-828e-b7eb89f9d3de@10.0.0.2:8083 to slave 20151211-063437-33554442-5050-4917-S1 at slave(1)@10.0.0.6:5051 (n5)
I1211 06:49:09.826900  4925 master.cpp:2268] Processing ACCEPT call for offers: [ 20151211-063437-33554442-5050-4917-O23 ] on slave 20151211-063437-33554442-5050-4917-S0 at slave(1)@10.0.0.5:5051 (n4) for framework 20151211-063437-33554442-5050-4917-0000 (TwitterScheduler) at scheduler-671209cf-a493-4036-828e-b7eb89f9d3de@10.0.0.2:8083
I1211 06:49:09.827203  4925 master.hpp:822] Adding task 1449816549780-www-data-devel-job4-0-c033c17a-d152-47a9-bf21-06d6f5ec5f29 with resources cpus(*):0.01; disk(*):1; mem(*):1 on slave 20151211-063437-33554442-5050-4917-S0 (n4)
I1211 06:49:09.827229  4925 master.cpp:2545] Launching task 1449816549780-www-data-devel-job4-0-c033c17a-d152-47a9-bf21-06d6f5ec5f29 of framework 20151211-063437-33554442-5050-4917-0000 (TwitterScheduler) at scheduler-671209cf-a493-4036-828e-b7eb89f9d3de@10.0.0.2:8083 with resources cpus(*):0.01; disk(*):1; mem(*):1 on slave 20151211-063437-33554442-5050-4917-S0 at slave(1)@10.0.0.5:5051 (n4)
I1211 06:49:09.827325  4925 hierarchical.hpp:648] Recovered cpus(*):0.74; mem(*):2798; disk(*):33171; ports(*):[31000-32000] (total allocatable: cpus(*):0.74; mem(*):2798; disk(*):33171; ports(*):[31000-32000]) on slave 20151211-063437-33554442-5050-4917-S0 from framework 20151211-063437-33554442-5050-4917-0000
I1211 06:49:09.827345  4925 hierarchical.hpp:684] Framework 20151211-063437-33554442-5050-4917-0000 filtered slave 20151211-063437-33554442-5050-4917-S0 for 5secs
