I1211 17:07:18.241211 14829 master.cpp:3295] Status update TASK_LOST (UUID: ea7d0696-11bd-484f-8ec8-7f8d74639872) for task 1449853620606-www-data-devel-job7-0-4d7b7361-d179-418f-a291-ff277b1f75c1 of framework 20151211-170102-67108874-5050-14575-0000 from slave 20151211-170102-67108874-5050-14575-S0 at slave(1)@10.0.0.6:5051 (n5)
I1211 17:07:18.241238 14829 master.cpp:3336] Forwarding status update TASK_LOST (UUID: ea7d0696-11bd-484f-8ec8-7f8d74639872) for task 1449853620606-www-data-devel-job7-0-4d7b7361-d179-418f-a291-ff277b1f75c1 of framework 20151211-170102-67108874-5050-14575-0000
I1211 17:07:18.241288 14829 master.cpp:4618] Updating the latest state of task 1449853620606-www-data-devel-job7-0-4d7b7361-d179-418f-a291-ff277b1f75c1 of framework 20151211-170102-67108874-5050-14575-0000 to TASK_LOST
I1211 17:07:18.241331 14829 hierarchical.hpp:648] Recovered cpus(*):0.01; disk(*):1; mem(*):1 (total allocatable: cpus(*):1; mem(*):2927; disk(*):33172; ports(*):[31000-32000]) on slave 20151211-170102-67108874-5050-14575-S0 from framework 20151211-170102-67108874-5050-14575-0000
I1211 17:07:18.281473 14829 master.cpp:2618] Asked to kill task 1449853620606-www-data-devel-job7-0-4d7b7361-d179-418f-a291-ff277b1f75c1 of framework 20151211-170102-67108874-5050-14575-0000
I1211 17:07:18.281610 14829 master.cpp:2678] Telling slave 20151211-170102-67108874-5050-14575-S0 at slave(1)@10.0.0.6:5051 (n5) to kill task 1449853620606-www-data-devel-job7-0-4d7b7361-d179-418f-a291-ff277b1f75c1 of framework 20151211-170102-67108874-5050-14575-0000 (TwitterScheduler) at scheduler-9d554861-4279-42a7-a137-861ec9af2e73@10.0.0.2:8083
I1211 17:07:18.310576 14827 master.cpp:4685] Removing task 1449853620606-www-data-devel-job7-0-4d7b7361-d179-418f-a291-ff277b1f75c1 with resources cpus(*):0.01; disk(*):1; mem(*):1 of framework 20151211-170102-67108874-5050-14575-0000 on slave 20151211-170102-67108874-5050-14575-S0 at slave(1)@10.0.0.6:5051 (n5)
I1211 17:07:18.310713 14827 master.cpp:2782] Forwarding status update acknowledgement ea7d0696-11bd-484f-8ec8-7f8d74639872 for task 1449853620606-www-data-devel-job7-0-4d7b7361-d179-418f-a291-ff277b1f75c1 of framework 20151211-170102-67108874-5050-14575-0000 (TwitterScheduler) at scheduler-9d554861-4279-42a7-a137-861ec9af2e73@10.0.0.2:8083 to slave 20151211-170102-67108874-5050-14575-S0 at slave(1)@10.0.0.6:5051 (n5)
I1211 17:07:18.453825 14826 hierarchical.hpp:741] Performed allocation for 2 slaves in 102980ns
I1211 17:07:18.453951 14833 master.cpp:3755] Sending 2 offers to framework 20151211-170102-67108874-5050-14575-0000 (TwitterScheduler) at scheduler-9d554861-4279-42a7-a137-861ec9af2e73@10.0.0.2:8083
I1211 17:07:18.587781 14828 master.cpp:3295] Status update TASK_FINISHED (UUID: 7d926dc8-8130-4430-ba44-f869835dbb80) for task 1449853620277-www-data-devel-job2-0-2130f768-9b36-4f35-ab92-12aaf0101465 of framework 20151211-170102-67108874-5050-14575-0000 from slave 20151211-170102-67108874-5050-14575-S1 at slave(1)@10.0.0.5:5051 (n4)
I1211 17:07:18.587918 14828 master.cpp:3336] Forwarding status update TASK_FINISHED (UUID: 7d926dc8-8130-4430-ba44-f869835dbb80) for task 1449853620277-www-data-devel-job2-0-2130f768-9b36-4f35-ab92-12aaf0101465 of framework 20151211-170102-67108874-5050-14575-0000
I1211 17:07:18.587983 14828 master.cpp:4618] Updating the latest state of task 1449853620277-www-data-devel-job2-0-2130f768-9b36-4f35-ab92-12aaf0101465 of framework 20151211-170102-67108874-5050-14575-0000 to TASK_FINISHED
I1211 17:07:18.588060 14828 hierarchical.hpp:648] Recovered cpus(*):0.01; disk(*):1; mem(*):1 (total allocatable: cpus(*):0.01; disk(*):1; mem(*):1) on slave 20151211-170102-67108874-5050-14575-S1 from framework 20151211-170102-67108874-5050-14575-0000
I1211 17:07:18.610167 14828 master.cpp:2268] Processing ACCEPT call for offers: [ 20151211-170541-50331658-5050-14825-O18 ] on slave 20151211-170102-67108874-5050-14575-S0 at slave(1)@10.0.0.6:5051 (n5) for framework 20151211-170102-67108874-5050-14575-0000 (TwitterScheduler) at scheduler-9d554861-4279-42a7-a137-861ec9af2e73@10.0.0.2:8083
I1211 17:07:18.610482 14828 master.hpp:822] Adding task 1449853638268-www-data-devel-job7-0-23c30e6f-dbd7-487c-a7f3-b03d28e291f0 with resources cpus(*):0.01; disk(*):1; mem(*):1 on slave 20151211-170102-67108874-5050-14575-S0 (n5)
I1211 17:07:18.610509 14828 master.cpp:2545] Launching task 1449853638268-www-data-devel-job7-0-23c30e6f-dbd7-487c-a7f3-b03d28e291f0 of framework 20151211-170102-67108874-5050-14575-0000 (TwitterScheduler) at scheduler-9d554861-4279-42a7-a137-861ec9af2e73@10.0.0.2:8083 with resources cpus(*):0.01; disk(*):1; mem(*):1 on slave 20151211-170102-67108874-5050-14575-S0 at slave(1)@10.0.0.6:5051 (n5)
I1211 17:07:18.610618 14828 hierarchical.hpp:648] Recovered cpus(*):0.74; mem(*):2798; disk(*):33171; ports(*):[31000-32000] (total allocatable: cpus(*):0.74; mem(*):2798; disk(*):33171; ports(*):[31000-32000]) on slave 20151211-170102-67108874-5050-14575-S0 from framework 20151211-170102-67108874-5050-14575-0000
I1211 17:07:18.610728 14828 hierarchical.hpp:684] Framework 20151211-170102-67108874-5050-14575-0000 filtered slave 20151211-170102-67108874-5050-14575-S0 for 5secs
I1211 17:07:18.693310 14830 master.cpp:4685] Removing task 1449853620277-www-data-devel-job2-0-2130f768-9b36-4f35-ab92-12aaf0101465 with resources cpus(*):0.01; disk(*):1; mem(*):1 of framework 20151211-170102-67108874-5050-14575-0000 on slave 20151211-170102-67108874-5050-14575-S1 at slave(1)@10.0.0.5:5051 (n4)
I1211 17:07:18.693428 14830 master.cpp:2782] Forwarding status update acknowledgement 7d926dc8-8130-4430-ba44-f869835dbb80 for task 1449853620277-www-data-devel-job2-0-2130f768-9b36-4f35-ab92-12aaf0101465 of framework 20151211-170102-67108874-5050-14575-0000 (TwitterScheduler) at scheduler-9d554861-4279-42a7-a137-861ec9af2e73@10.0.0.2:8083 to slave 20151211-170102-67108874-5050-14575-S1 at slave(1)@10.0.0.5:5051 (n4)
I1211 17:07:18.851135 14832 master.cpp:3388] Executor thermos-1449853638268-www-data-devel-job7-0-23c30e6f-dbd7-487c-a7f3-b03d28e291f0 of framework 20151211-170102-67108874-5050-14575-0000 on slave 20151211-170102-67108874-5050-14575-S0 at slave(1)@10.0.0.6:5051 (n5) terminated with signal Killed
I1211 17:07:18.851230 14832 master.cpp:4714] Removing executor 'thermos-1449853638268-www-data-devel-job7-0-23c30e6f-dbd7-487c-a7f3-b03d28e291f0' with resources cpus(*):0.25; mem(*):128 of framework 20151211-170102-67108874-5050-14575-0000 on slave 20151211-170102-67108874-5050-14575-S0 at slave(1)@10.0.0.6:5051 (n5)
I1211 17:07:18.851299 14832 hierarchical.hpp:648] Recovered cpus(*):0.25; mem(*):128 (total allocatable: cpus(*):0.99; mem(*):2926; disk(*):33171; ports(*):[31000-32000]) on slave 20151211-170102-67108874-5050-14575-S0 from framework 20151211-170102-67108874-5050-14575-0000
I1211 17:07:18.853389 14831 master.cpp:3295] Status update TASK_LOST (UUID: b95be312-58f0-406a-aa35-82d5a9be0561) for task 1449853638268-www-data-devel-job7-0-23c30e6f-dbd7-487c-a7f3-b03d28e291f0 of framework 20151211-170102-67108874-5050-14575-0000 from slave 20151211-170102-67108874-5050-14575-S0 at slave(1)@10.0.0.6:5051 (n5)
I1211 17:07:18.853435 14831 master.cpp:3336] Forwarding status update TASK_LOST (UUID: b95be312-58f0-406a-aa35-82d5a9be0561) for task 1449853638268-www-data-devel-job7-0-23c30e6f-dbd7-487c-a7f3-b03d28e291f0 of framework 20151211-170102-67108874-5050-14575-0000
I1211 17:07:18.853487 14831 master.cpp:4618] Updating the latest state of task 1449853638268-www-data-devel-job7-0-23c30e6f-dbd7-487c-a7f3-b03d28e291f0 of framework 20151211-170102-67108874-5050-14575-0000 to TASK_LOST
I1211 17:07:18.853533 14831 hierarchical.hpp:648] Recovered cpus(*):0.01; disk(*):1; mem(*):1 (total allocatable: cpus(*):1; mem(*):2927; disk(*):33172; ports(*):[31000-32000]) on slave 20151211-170102-67108874-5050-14575-S0 from framework 20151211-170102-67108874-5050-14575-0000
I1211 17:07:18.872380 14831 master.cpp:2618] Asked to kill task 1449853638268-www-data-devel-job7-0-23c30e6f-dbd7-487c-a7f3-b03d28e291f0 of framework 20151211-170102-67108874-5050-14575-0000
I1211 17:07:18.872427 14831 master.cpp:2678] Telling slave 20151211-170102-67108874-5050-14575-S0 at slave(1)@10.0.0.6:5051 (n5) to kill task 1449853638268-www-data-devel-job7-0-23c30e6f-dbd7-487c-a7f3-b03d28e291f0 of framework 20151211-170102-67108874-5050-14575-0000 (TwitterScheduler) at scheduler-9d554861-4279-42a7-a137-861ec9af2e73@10.0.0.2:8083
I1211 17:07:18.910713 14831 master.cpp:4685] Removing task 1449853638268-www-data-devel-job7-0-23c30e6f-dbd7-487c-a7f3-b03d28e291f0 with resources cpus(*):0.01; disk(*):1; mem(*):1 of framework 20151211-170102-67108874-5050-14575-0000 on slave 20151211-170102-67108874-5050-14575-S0 at slave(1)@10.0.0.6:5051 (n5)
I1211 17:07:18.910830 14831 master.cpp:2782] Forwarding status update acknowledgement b95be312-58f0-406a-aa35-82d5a9be0561 for task 1449853638268-www-data-devel-job7-0-23c30e6f-dbd7-487c-a7f3-b03d28e291f0 of framework 20151211-170102-67108874-5050-14575-0000 (TwitterScheduler) at scheduler-9d554861-4279-42a7-a137-861ec9af2e73@10.0.0.2:8083 to slave 20151211-170102-67108874-5050-14575-S0 at slave(1)@10.0.0.6:5051 (n5)
I1211 17:07:18.982283 14829 master.cpp:3295] Status update TASK_STARTING (UUID: 280c3199-66a6-4803-8f55-63e1728fd9b5) for task 1449853620528-www-data-devel-job8-0-555279b9-3c97-4a13-b1b4-e145a87496ba of framework 20151211-170102-67108874-5050-14575-0000 from slave 20151211-170102-67108874-5050-14575-S1 at slave(1)@10.0.0.5:5051 (n4)
I1211 17:07:18.982544 14829 master.cpp:3336] Forwarding status update TASK_STARTING (UUID: 280c3199-66a6-4803-8f55-63e1728fd9b5) for task 1449853620528-www-data-devel-job8-0-555279b9-3c97-4a13-b1b4-e145a87496ba of framework 20151211-170102-67108874-5050-14575-0000
I1211 17:07:18.982609 14829 master.cpp:4618] Updating the latest state of task 1449853620528-www-data-devel-job8-0-555279b9-3c97-4a13-b1b4-e145a87496ba of framework 20151211-170102-67108874-5050-14575-0000 to TASK_STARTING
I1211 17:07:19.012229 14827 master.cpp:2782] Forwarding status update acknowledgement 280c3199-66a6-4803-8f55-63e1728fd9b5 for task 1449853620528-www-data-devel-job8-0-555279b9-3c97-4a13-b1b4-e145a87496ba of framework 20151211-170102-67108874-5050-14575-0000 (TwitterScheduler) at scheduler-9d554861-4279-42a7-a137-861ec9af2e73@10.0.0.2:8083 to slave 20151211-170102-67108874-5050-14575-S1 at slave(1)@10.0.0.5:5051 (n4)
I1211 17:07:19.455292 14826 hierarchical.hpp:898] Filtered cpus(*):0.01; disk(*):1; mem(*):1 on slave 20151211-170102-67108874-5050-14575-S1 for framework 20151211-170102-67108874-5050-14575-0000
I1211 17:07:19.455441 14826 hierarchical.hpp:741] Performed allocation for 2 slaves in 207193ns
I1211 17:07:19.455520 14826 master.cpp:3755] Sending 1 offers to framework 20151211-170102-67108874-5050-14575-0000 (TwitterScheduler) at scheduler-9d554861-4279-42a7-a137-861ec9af2e73@10.0.0.2:8083
I1211 17:07:19.601207 14833 master.cpp:3295] Status update TASK_RUNNING (UUID: cdfcdc15-24a1-407a-a28b-acb18762eeec) for task 1449853620528-www-data-devel-job8-0-555279b9-3c97-4a13-b1b4-e145a87496ba of framework 20151211-170102-67108874-5050-14575-0000 from slave 20151211-170102-67108874-5050-14575-S1 at slave(1)@10.0.0.5:5051 (n4)
I1211 17:07:19.601263 14833 master.cpp:3336] Forwarding status update TASK_RUNNING (UUID: cdfcdc15-24a1-407a-a28b-acb18762eeec) for task 1449853620528-www-data-devel-job8-0-555279b9-3c97-4a13-b1b4-e145a87496ba of framework 20151211-170102-67108874-5050-14575-0000
I1211 17:07:19.601328 14833 master.cpp:4618] Updating the latest state of task 1449853620528-www-data-devel-job8-0-555279b9-3c97-4a13-b1b4-e145a87496ba of framework 20151211-170102-67108874-5050-14575-0000 to TASK_RUNNING
I1211 17:07:19.678696 14830 master.cpp:2782] Forwarding status update acknowledgement cdfcdc15-24a1-407a-a28b-acb18762eeec for task 1449853620528-www-data-devel-job8-0-555279b9-3c97-4a13-b1b4-e145a87496ba of framework 20151211-170102-67108874-5050-14575-0000 (TwitterScheduler) at scheduler-9d554861-4279-42a7-a137-861ec9af2e73@10.0.0.2:8083 to slave 20151211-170102-67108874-5050-14575-S1 at slave(1)@10.0.0.5:5051 (n4)
I1211 17:07:20.456698 14828 hierarchical.hpp:898] Filtered cpus(*):0.01; disk(*):1; mem(*):1 on slave 20151211-170102-67108874-5050-14575-S1 for framework 20151211-170102-67108874-5050-14575-0000
I1211 17:07:20.456766 14828 hierarchical.hpp:834] No resources available to allocate!
I1211 17:07:20.456779 14828 hierarchical.hpp:741] Performed allocation for 2 slaves in 150928ns
I1211 17:07:21.457185 14828 hierarchical.hpp:898] Filtered cpus(*):0.01; disk(*):1; mem(*):1 on slave 20151211-170102-67108874-5050-14575-S1 for framework 20151211-170102-67108874-5050-14575-0000
I1211 17:07:21.457283 14828 hierarchical.hpp:834] No resources available to allocate!
I1211 17:07:21.457293 14828 hierarchical.hpp:741] Performed allocation for 2 slaves in 175412ns
I1211 17:07:22.458171 14828 hierarchical.hpp:898] Filtered cpus(*):0.01; disk(*):1; mem(*):1 on slave 20151211-170102-67108874-5050-14575-S1 for framework 20151211-170102-67108874-5050-14575-0000
I1211 17:07:22.458228 14828 hierarchical.hpp:834] No resources available to allocate!
I1211 17:07:22.458237 14828 hierarchical.hpp:741] Performed allocation for 2 slaves in 123302ns
I1211 17:07:23.459942 14828 hierarchical.hpp:741] Performed allocation for 2 slaves in 62868ns
I1211 17:07:23.460037 14828 master.cpp:3755] Sending 1 offers to framework 20151211-170102-67108874-5050-14575-0000 (TwitterScheduler) at scheduler-9d554861-4279-42a7-a137-861ec9af2e73@10.0.0.2:8083
I1211 17:07:23.469254 14832 master.cpp:2268] Processing ACCEPT call for offers: [ 20151211-170541-50331658-5050-14825-O21 ] on slave 20151211-170102-67108874-5050-14575-S1 at slave(1)@10.0.0.5:5051 (n4) for framework 20151211-170102-67108874-5050-14575-0000 (TwitterScheduler) at scheduler-9d554861-4279-42a7-a137-861ec9af2e73@10.0.0.2:8083
I1211 17:07:23.469388 14832 hierarchical.hpp:648] Recovered cpus(*):0.01; disk(*):1; mem(*):1 (total allocatable: cpus(*):0.01; disk(*):1; mem(*):1) on slave 20151211-170102-67108874-5050-14575-S1 from framework 20151211-170102-67108874-5050-14575-0000
I1211 17:07:23.469416 14832 hierarchical.hpp:684] Framework 20151211-170102-67108874-5050-14575-0000 filtered slave 20151211-170102-67108874-5050-14575-S1 for 5secs
I1211 17:07:23.469712 14832 master.cpp:2268] Processing ACCEPT call for offers: [ 20151211-170541-50331658-5050-14825-O19 ] on slave 20151211-170102-67108874-5050-14575-S1 at slave(1)@10.0.0.5:5051 (n4) for framework 20151211-170102-67108874-5050-14575-0000 (TwitterScheduler) at scheduler-9d554861-4279-42a7-a137-861ec9af2e73@10.0.0.2:8083
I1211 17:07:23.469815 14832 hierarchical.hpp:648] Recovered cpus(*):0.48; mem(*):2669; disk(*):33170; ports(*):[31000-32000] (total allocatable: cpus(*):0.49; disk(*):33171; mem(*):2670; ports(*):[31000-32000]) on slave 20151211-170102-67108874-5050-14575-S1 from framework 20151211-170102-67108874-5050-14575-0000
I1211 17:07:23.469879 14832 hierarchical.hpp:684] Framework 20151211-170102-67108874-5050-14575-0000 filtered slave 20151211-170102-67108874-5050-14575-S1 for 5secs
I1211 17:07:23.739466 14831 master.cpp:3388] Executor thermos-1449853620277-www-data-devel-job2-0-2130f768-9b36-4f35-ab92-12aaf0101465 of framework 20151211-170102-67108874-5050-14575-0000 on slave 20151211-170102-67108874-5050-14575-S1 at slave(1)@10.0.0.5:5051 (n4) exited with status 0
I1211 17:07:23.739568 14831 master.cpp:4714] Removing executor 'thermos-1449853620277-www-data-devel-job2-0-2130f768-9b36-4f35-ab92-12aaf0101465' with resources cpus(*):0.25; mem(*):128 of framework 20151211-170102-67108874-5050-14575-0000 on slave 20151211-170102-67108874-5050-14575-S1 at slave(1)@10.0.0.5:5051 (n4)
I1211 17:07:23.739641 14831 hierarchical.hpp:648] Recovered cpus(*):0.25; mem(*):128 (total allocatable: cpus(*):0.74; disk(*):33171; mem(*):2798; ports(*):[31000-32000]) on slave 20151211-170102-67108874-5050-14575-S1 from framework 20151211-170102-67108874-5050-14575-0000
I1211 17:07:24.460250 14831 hierarchical.hpp:741] Performed allocation for 2 slaves in 100950ns
I1211 17:07:24.460355 14829 master.cpp:3755] Sending 1 offers to framework 20151211-170102-67108874-5050-14575-0000 (TwitterScheduler) at scheduler-9d554861-4279-42a7-a137-861ec9af2e73@10.0.0.2:8083
I1211 17:07:25.461452 14827 hierarchical.hpp:834] No resources available to allocate!
I1211 17:07:25.461537 14827 hierarchical.hpp:741] Performed allocation for 2 slaves in 125479ns
I1211 17:07:25.895001 14827 master.cpp:3295] Status update TASK_FINISHED (UUID: 9a1af496-4674-4089-a953-aa5b4d7fe448) for task 1449853620528-www-data-devel-job8-0-555279b9-3c97-4a13-b1b4-e145a87496ba of framework 20151211-170102-67108874-5050-14575-0000 from slave 20151211-170102-67108874-5050-14575-S1 at slave(1)@10.0.0.5:5051 (n4)
I1211 17:07:25.895118 14827 master.cpp:3336] Forwarding status update TASK_FINISHED (UUID: 9a1af496-4674-4089-a953-aa5b4d7fe448) for task 1449853620528-www-data-devel-job8-0-555279b9-3c97-4a13-b1b4-e145a87496ba of framework 20151211-170102-67108874-5050-14575-0000
I1211 17:07:25.895185 14827 master.cpp:4618] Updating the latest state of task 1449853620528-www-data-devel-job8-0-555279b9-3c97-4a13-b1b4-e145a87496ba of framework 20151211-170102-67108874-5050-14575-0000 to TASK_FINISHED
I1211 17:07:25.895256 14827 hierarchical.hpp:648] Recovered cpus(*):0.01; disk(*):1; mem(*):1 (total allocatable: cpus(*):0.01; disk(*):1; mem(*):1) on slave 20151211-170102-67108874-5050-14575-S1 from framework 20151211-170102-67108874-5050-14575-0000
I1211 17:07:25.934489 14826 master.cpp:4685] Removing task 1449853620528-www-data-devel-job8-0-555279b9-3c97-4a13-b1b4-e145a87496ba with resources cpus(*):0.01; disk(*):1; mem(*):1 of framework 20151211-170102-67108874-5050-14575-0000 on slave 20151211-170102-67108874-5050-14575-S1 at slave(1)@10.0.0.5:5051 (n4)
I1211 17:07:25.934615 14826 master.cpp:2782] Forwarding status update acknowledgement 9a1af496-4674-4089-a953-aa5b4d7fe448 for task 1449853620528-www-data-devel-job8-0-555279b9-3c97-4a13-b1b4-e145a87496ba of framework 20151211-170102-67108874-5050-14575-0000 (TwitterScheduler) at scheduler-9d554861-4279-42a7-a137-861ec9af2e73@10.0.0.2:8083 to slave 20151211-170102-67108874-5050-14575-S1 at slave(1)@10.0.0.5:5051 (n4)
I1211 17:07:26.462581 14833 hierarchical.hpp:898] Filtered cpus(*):0.01; disk(*):1; mem(*):1 on slave 20151211-170102-67108874-5050-14575-S1 for framework 20151211-170102-67108874-5050-14575-0000
I1211 17:07:26.462666 14833 hierarchical.hpp:834] No resources available to allocate!
I1211 17:07:26.462679 14833 hierarchical.hpp:741] Performed allocation for 2 slaves in 159165ns
I1211 17:07:27.463711 14833 hierarchical.hpp:898] Filtered cpus(*):0.01; disk(*):1; mem(*):1 on slave 20151211-170102-67108874-5050-14575-S1 for framework 20151211-170102-67108874-5050-14575-0000
I1211 17:07:27.463815 14833 hierarchical.hpp:834] No resources available to allocate!
I1211 17:07:27.463829 14833 hierarchical.hpp:741] Performed allocation for 2 slaves in 201742ns
I1211 17:07:28.464910 14830 hierarchical.hpp:898] Filtered cpus(*):0.01; disk(*):1; mem(*):1 on slave 20151211-170102-67108874-5050-14575-S1 for framework 20151211-170102-67108874-5050-14575-0000
I1211 17:07:28.465034 14830 hierarchical.hpp:834] No resources available to allocate!
I1211 17:07:28.465049 14830 hierarchical.hpp:741] Performed allocation for 2 slaves in 204509ns
I1211 17:07:29.465432 14828 hierarchical.hpp:741] Performed allocation for 2 slaves in 93241ns
I1211 17:07:29.465582 14828 master.cpp:3755] Sending 1 offers to framework 20151211-170102-67108874-5050-14575-0000 (TwitterScheduler) at scheduler-9d554861-4279-42a7-a137-861ec9af2e73@10.0.0.2:8083
I1211 17:07:29.469427 14828 master.cpp:2268] Processing ACCEPT call for offers: [ 20151211-170541-50331658-5050-14825-O23 ] on slave 20151211-170102-67108874-5050-14575-S1 at slave(1)@10.0.0.5:5051 (n4) for framework 20151211-170102-67108874-5050-14575-0000 (TwitterScheduler) at scheduler-9d554861-4279-42a7-a137-861ec9af2e73@10.0.0.2:8083
I1211 17:07:29.469751 14828 hierarchical.hpp:648] Recovered cpus(*):0.01; disk(*):1; mem(*):1 (total allocatable: cpus(*):0.01; disk(*):1; mem(*):1) on slave 20151211-170102-67108874-5050-14575-S1 from framework 20151211-170102-67108874-5050-14575-0000
I1211 17:07:29.469779 14828 hierarchical.hpp:684] Framework 20151211-170102-67108874-5050-14575-0000 filtered slave 20151211-170102-67108874-5050-14575-S1 for 5secs
I1211 17:07:29.469977 14828 master.cpp:2268] Processing ACCEPT call for offers: [ 20151211-170541-50331658-5050-14825-O22 ] on slave 20151211-170102-67108874-5050-14575-S1 at slave(1)@10.0.0.5:5051 (n4) for framework 20151211-170102-67108874-5050-14575-0000 (TwitterScheduler) at scheduler-9d554861-4279-42a7-a137-861ec9af2e73@10.0.0.2:8083
I1211 17:07:29.470064 14828 hierarchical.hpp:648] Recovered cpus(*):0.74; disk(*):33171; mem(*):2798; ports(*):[31000-32000] (total allocatable: cpus(*):0.75; disk(*):33172; mem(*):2799; ports(*):[31000-32000]) on slave 20151211-170102-67108874-5050-14575-S1 from framework 20151211-170102-67108874-5050-14575-0000
I1211 17:07:29.470088 14828 hierarchical.hpp:684] Framework 20151211-170102-67108874-5050-14575-0000 filtered slave 20151211-170102-67108874-5050-14575-S1 for 5secs
I1211 17:07:30.469635 14828 hierarchical.hpp:741] Performed allocation for 2 slaves in 76961ns
I1211 17:07:30.469744 14832 master.cpp:3755] Sending 1 offers to framework 20151211-170102-67108874-5050-14575-0000 (TwitterScheduler) at scheduler-9d554861-4279-42a7-a137-861ec9af2e73@10.0.0.2:8083
I1211 17:07:30.984838 14831 master.cpp:3388] Executor thermos-1449853620528-www-data-devel-job8-0-555279b9-3c97-4a13-b1b4-e145a87496ba of framework 20151211-170102-67108874-5050-14575-0000 on slave 20151211-170102-67108874-5050-14575-S1 at slave(1)@10.0.0.5:5051 (n4) exited with status 0
I1211 17:07:30.984928 14831 master.cpp:4714] Removing executor 'thermos-1449853620528-www-data-devel-job8-0-555279b9-3c97-4a13-b1b4-e145a87496ba' with resources cpus(*):0.25; mem(*):128 of framework 20151211-170102-67108874-5050-14575-0000 on slave 20151211-170102-67108874-5050-14575-S1 at slave(1)@10.0.0.5:5051 (n4)
I1211 17:07:30.984997 14831 hierarchical.hpp:648] Recovered cpus(*):0.25; mem(*):128 (total allocatable: cpus(*):0.25; mem(*):128) on slave 20151211-170102-67108874-5050-14575-S1 from framework 20151211-170102-67108874-5050-14575-0000
I1211 17:07:31.470476 14831 hierarchical.hpp:898] Filtered cpus(*):0.25; mem(*):128 on slave 20151211-170102-67108874-5050-14575-S1 for framework 20151211-170102-67108874-5050-14575-0000
I1211 17:07:31.470530 14831 hierarchical.hpp:834] No resources available to allocate!
I1211 17:07:31.470540 14831 hierarchical.hpp:741] Performed allocation for 2 slaves in 121764ns
I1211 17:07:32.470955 14831 hierarchical.hpp:898] Filtered cpus(*):0.25; mem(*):128 on slave 20151211-170102-67108874-5050-14575-S1 for framework 20151211-170102-67108874-5050-14575-0000
I1211 17:07:32.471034 14831 hierarchical.hpp:834] No resources available to allocate!
I1211 17:07:32.471045 14831 hierarchical.hpp:741] Performed allocation for 2 slaves in 160389ns
I1211 17:07:33.471941 14829 hierarchical.hpp:898] Filtered cpus(*):0.25; mem(*):128 on slave 20151211-170102-67108874-5050-14575-S1 for framework 20151211-170102-67108874-5050-14575-0000
I1211 17:07:33.472061 14829 hierarchical.hpp:834] No resources available to allocate!
I1211 17:07:33.472074 14829 hierarchical.hpp:741] Performed allocation for 2 slaves in 204729ns
I1211 17:07:34.473263 14826 hierarchical.hpp:741] Performed allocation for 2 slaves in 74190ns
I1211 17:07:34.473395 14826 master.cpp:3755] Sending 1 offers to framework 20151211-170102-67108874-5050-14575-0000 (TwitterScheduler) at scheduler-9d554861-4279-42a7-a137-861ec9af2e73@10.0.0.2:8083
I1211 17:07:34.475852 14826 master.cpp:2268] Processing ACCEPT call for offers: [ 20151211-170541-50331658-5050-14825-O25 ] on slave 20151211-170102-67108874-5050-14575-S1 at slave(1)@10.0.0.5:5051 (n4) for framework 20151211-170102-67108874-5050-14575-0000 (TwitterScheduler) at scheduler-9d554861-4279-42a7-a137-861ec9af2e73@10.0.0.2:8083
I1211 17:07:34.475960 14826 master.cpp:2268] Processing ACCEPT call for offers: [ 20151211-170541-50331658-5050-14825-O24 ] on slave 20151211-170102-67108874-5050-14575-S1 at slave(1)@10.0.0.5:5051 (n4) for framework 20151211-170102-67108874-5050-14575-0000 (TwitterScheduler) at scheduler-9d554861-4279-42a7-a137-861ec9af2e73@10.0.0.2:8083
I1211 17:07:34.476215 14827 hierarchical.hpp:648] Recovered cpus(*):0.25; mem(*):128 (total allocatable: cpus(*):0.25; mem(*):128) on slave 20151211-170102-67108874-5050-14575-S1 from framework 20151211-170102-67108874-5050-14575-0000
I1211 17:07:34.476251 14827 hierarchical.hpp:684] Framework 20151211-170102-67108874-5050-14575-0000 filtered slave 20151211-170102-67108874-5050-14575-S1 for 5secs
I1211 17:07:34.476327 14826 hierarchical.hpp:648] Recovered cpus(*):0.75; disk(*):33172; mem(*):2799; ports(*):[31000-32000] (total allocatable: cpus(*):1; mem(*):2927; disk(*):33172; ports(*):[31000-32000]) on slave 20151211-170102-67108874-5050-14575-S1 from framework 20151211-170102-67108874-5050-14575-0000
I1211 17:07:34.476349 14826 hierarchical.hpp:684] Framework 20151211-170102-67108874-5050-14575-0000 filtered slave 20151211-170102-67108874-5050-14575-S1 for 5secs
I1211 17:07:35.476172 14826 hierarchical.hpp:741] Performed allocation for 2 slaves in 114583ns
I1211 17:07:35.476325 14827 master.cpp:3755] Sending 1 offers to framework 20151211-170102-67108874-5050-14575-0000 (TwitterScheduler) at scheduler-9d554861-4279-42a7-a137-861ec9af2e73@10.0.0.2:8083
I1211 17:07:36.477392 14833 hierarchical.hpp:834] No resources available to allocate!
I1211 17:07:36.477458 14833 hierarchical.hpp:741] Performed allocation for 2 slaves in 115659ns
I1211 17:07:37.477913 14833 hierarchical.hpp:834] No resources available to allocate!
I1211 17:07:37.478024 14833 hierarchical.hpp:741] Performed allocation for 2 slaves in 163009ns
I1211 17:07:38.478376 14830 hierarchical.hpp:834] No resources available to allocate!
I1211 17:07:38.478514 14830 hierarchical.hpp:741] Performed allocation for 2 slaves in 189712ns
I1211 17:07:39.479573 14828 hierarchical.hpp:834] No resources available to allocate!
I1211 17:07:39.479639 14828 hierarchical.hpp:741] Performed allocation for 2 slaves in 121108ns
I1211 17:07:40.480072 14828 hierarchical.hpp:834] No resources available to allocate!
I1211 17:07:40.480137 14828 hierarchical.hpp:741] Performed allocation for 2 slaves in 115966ns
I1211 17:07:41.480659 14828 hierarchical.hpp:834] No resources available to allocate!
I1211 17:07:41.480725 14828 hierarchical.hpp:741] Performed allocation for 2 slaves in 116094ns
I1211 17:07:42.481875 14828 hierarchical.hpp:834] No resources available to allocate!
I1211 17:07:42.481950 14828 hierarchical.hpp:741] Performed allocation for 2 slaves in 113792ns
I1211 17:07:43.483444 14832 hierarchical.hpp:834] No resources available to allocate!
I1211 17:07:43.483489 14832 hierarchical.hpp:741] Performed allocation for 2 slaves in 92590ns
I1211 17:07:44.486495 14832 hierarchical.hpp:834] No resources available to allocate!
I1211 17:07:44.486604 14832 hierarchical.hpp:741] Performed allocation for 2 slaves in 150393ns
I1211 17:07:45.487505 14831 hierarchical.hpp:834] No resources available to allocate!
I1211 17:07:45.487612 14831 hierarchical.hpp:741] Performed allocation for 2 slaves in 159421ns
I1211 17:07:46.488142 14829 hierarchical.hpp:834] No resources available to allocate!
I1211 17:07:46.488209 14829 hierarchical.hpp:741] Performed allocation for 2 slaves in 117502ns
I1211 17:07:47.488849 14829 hierarchical.hpp:834] No resources available to allocate!
I1211 17:07:47.488979 14829 hierarchical.hpp:741] Performed allocation for 2 slaves in 189486ns
I1211 17:07:48.324575 14826 group.cpp:418] Lost connection to ZooKeeper, attempting to reconnect ...
I1211 17:07:48.327965 14827 group.cpp:313] Group process (group(3)@10.0.0.3:5050) reconnected to ZooKeeper
I1211 17:07:48.327996 14827 group.cpp:790] Syncing group operations: queue size (joins, cancels, datas) = (0, 0, 0)
I1211 17:07:48.491066 14833 hierarchical.hpp:834] No resources available to allocate!
I1211 17:07:48.491119 14833 hierarchical.hpp:741] Performed allocation for 2 slaves in 95377ns
I1211 17:07:49.456809 14833 hierarchical.hpp:648] Recovered cpus(*):1; mem(*):2927; disk(*):33172; ports(*):[31000-32000] (total allocatable: cpus(*):1; mem(*):2927; disk(*):33172; ports(*):[31000-32000]) on slave 20151211-170102-67108874-5050-14575-S0 from framework 20151211-170102-67108874-5050-14575-0000
I1211 17:07:49.491559 14830 hierarchical.hpp:741] Performed allocation for 2 slaves in 111476ns
I1211 17:07:49.491729 14830 master.cpp:3755] Sending 1 offers to framework 20151211-170102-67108874-5050-14575-0000 (TwitterScheduler) at scheduler-9d554861-4279-42a7-a137-861ec9af2e73@10.0.0.2:8083
I1211 17:07:50.492375 14830 hierarchical.hpp:834] No resources available to allocate!
I1211 17:07:50.492444 14830 hierarchical.hpp:741] Performed allocation for 2 slaves in 119990ns
I1211 17:07:51.492724 14828 hierarchical.hpp:834] No resources available to allocate!
I1211 17:07:51.492791 14828 hierarchical.hpp:741] Performed allocation for 2 slaves in 125137ns
I1211 17:07:51.526970 14828 group.cpp:418] Lost connection to ZooKeeper, attempting to reconnect ...
I1211 17:07:52.493336 14832 hierarchical.hpp:834] No resources available to allocate!
I1211 17:07:52.493413 14832 hierarchical.hpp:741] Performed allocation for 2 slaves in 135571ns
I1211 17:07:53.493885 14832 hierarchical.hpp:834] No resources available to allocate!
I1211 17:07:53.493950 14832 hierarchical.hpp:741] Performed allocation for 2 slaves in 113560ns
I1211 17:07:54.494499 14832 hierarchical.hpp:834] No resources available to allocate!
I1211 17:07:54.494578 14832 hierarchical.hpp:741] Performed allocation for 2 slaves in 138015ns
I1211 17:07:54.959462 14832 group.cpp:418] Lost connection to ZooKeeper, attempting to reconnect ...
I1211 17:07:54.980530 14831 group.cpp:418] Lost connection to ZooKeeper, attempting to reconnect ...
I1211 17:07:54.997629 14829 group.cpp:418] Lost connection to ZooKeeper, attempting to reconnect ...
I1211 17:07:55.495515 14826 hierarchical.hpp:834] No resources available to allocate!
I1211 17:07:55.495604 14826 hierarchical.hpp:741] Performed allocation for 2 slaves in 139678ns
I1211 17:07:56.496588 14827 hierarchical.hpp:834] No resources available to allocate!
I1211 17:07:56.496721 14827 hierarchical.hpp:741] Performed allocation for 2 slaves in 192861ns
I1211 17:07:57.497870 14833 hierarchical.hpp:834] No resources available to allocate!
I1211 17:07:57.497941 14833 hierarchical.hpp:741] Performed allocation for 2 slaves in 123858ns
I1211 17:07:58.498656 14833 hierarchical.hpp:834] No resources available to allocate!
I1211 17:07:58.498764 14833 hierarchical.hpp:741] Performed allocation for 2 slaves in 155411ns
I1211 17:07:59.500128 14830 hierarchical.hpp:834] No resources available to allocate!
I1211 17:07:59.500208 14830 hierarchical.hpp:741] Performed allocation for 2 slaves in 138613ns
I1211 17:08:00.501256 14830 hierarchical.hpp:834] No resources available to allocate!
I1211 17:08:00.501380 14830 hierarchical.hpp:741] Performed allocation for 2 slaves in 172315ns
I1211 17:08:01.502630 14828 hierarchical.hpp:834] No resources available to allocate!
I1211 17:08:01.503036 14828 hierarchical.hpp:741] Performed allocation for 2 slaves in 444802ns
W1211 17:08:01.528587 14832 group.cpp:456] Timed out waiting to reconnect to ZooKeeper. Forcing ZooKeeper session (sessionId=55191e1b2540011) expiration
I1211 17:08:01.530964 14832 group.cpp:472] ZooKeeper session expired
I1211 17:08:01.531303 14831 log.cpp:381] Renewing replica group membership
I1211 17:08:02.504050 14831 hierarchical.hpp:834] No resources available to allocate!
I1211 17:08:02.504129 14831 hierarchical.hpp:741] Performed allocation for 2 slaves in 139413ns
I1211 17:08:03.504814 14831 hierarchical.hpp:834] No resources available to allocate!
I1211 17:08:03.504894 14831 hierarchical.hpp:741] Performed allocation for 2 slaves in 137508ns
I1211 17:08:04.505913 14831 hierarchical.hpp:834] No resources available to allocate!
I1211 17:08:04.505990 14831 hierarchical.hpp:741] Performed allocation for 2 slaves in 139760ns
W1211 17:08:04.959830 14831 group.cpp:456] Timed out waiting to reconnect to ZooKeeper. Forcing ZooKeeper session (sessionId=45191e1b1ee0062) expiration
I1211 17:08:04.960021 14831 group.cpp:472] ZooKeeper session expired
I1211 17:08:04.960129 14829 network.hpp:424] ZooKeeper group memberships changed
I1211 17:08:04.960193 14829 network.hpp:466] ZooKeeper group PIDs: {  }
W1211 17:08:04.983476 14829 group.cpp:456] Timed out waiting to reconnect to ZooKeeper. Forcing ZooKeeper session (sessionId=45191e1b1ee0061) expiration
I1211 17:08:04.983639 14829 group.cpp:472] ZooKeeper session expired
I1211 17:08:04.983741 14826 detector.cpp:126] The current leader (id=7) is lost
I1211 17:08:04.983758 14826 detector.cpp:138] Detected a new leader: None
I1211 17:08:04.983814 14826 master.cpp:1356] The newly elected leader is None
